I1102 18:15:16.649427 Main     thread.cpp:100] Register main thread: tid=1372652
E1102 18:15:16.649897 Main     docker.cpp:59] Cannot find docker's cgroup in /proc/self/cgroup
I1102 18:15:16.649951 Main     func_config.cpp:135] Load configuration for function Noop[1]
I1102 18:15:16.649962 Main     engine.cpp:109] Engine: Start 1 IO workers
I1102 18:15:16.653188 IO-0/EL  thread.cpp:40] Start thread: IO-0/EL
I1102 18:15:16.653235 IO-0/EL  io_worker.cpp:192] IO-0: Event loop starts
Checking for file descriptor...
Got a file descriptor!
I1102 18:15:18.354957 Main     engine.cpp:180] Engine: Created 1 Machnet connections to Gateway at 10.10.1.2:10007
I1102 18:15:18.355070 Main     engine.cpp:208] Engine: Listen on /dev/shm/faas_ipc/engine.sock for IPC connections
I1102 18:15:18.355245 Server/E thread.cpp:40] Start thread: Server/EL
I1102 18:15:18.355307 Server/E server_base.cpp:50] Server: Event loop starts
I1102 18:15:18.651337 Server/E engine.cpp:674] Engine: New message connection
I1102 18:15:18.654615 IO-0/EL  buffer_pool.h:25] BufferPool[IO-0_Read]: Allocate new buffer, current buffer count is 1
I1102 18:15:18.654648 IO-0/EL  engine.cpp:277] Engine: Receive new handshake message from message connection
I1102 18:15:18.654653 IO-0/EL  worker_manager.cpp:23] WorkerManager: Launcher of func_id 1 connected
I1102 18:15:18.654658 IO-0/EL  worker_manager.cpp:131] WorkerManager: Request new FuncWorker for func_id 1 with client_id 1
I1102 18:15:18.654677 IO-0/EL  worker_manager.cpp:131] WorkerManager: Request new FuncWorker for func_id 1 with client_id 2
I1102 18:15:18.654689 IO-0/EL  worker_manager.cpp:131] WorkerManager: Request new FuncWorker for func_id 1 with client_id 3
I1102 18:15:18.654699 IO-0/EL  worker_manager.cpp:131] WorkerManager: Request new FuncWorker for func_id 1 with client_id 4
I1102 18:15:18.654712 IO-0/EL  worker_manager.cpp:131] WorkerManager: Request new FuncWorker for func_id 1 with client_id 5
I1102 18:15:18.654722 IO-0/EL  worker_manager.cpp:131] WorkerManager: Request new FuncWorker for func_id 1 with client_id 6
I1102 18:15:18.654733 IO-0/EL  worker_manager.cpp:131] WorkerManager: Request new FuncWorker for func_id 1 with client_id 7
I1102 18:15:18.654742 IO-0/EL  worker_manager.cpp:131] WorkerManager: Request new FuncWorker for func_id 1 with client_id 8
I1102 18:15:18.654754 IO-0/EL  worker_manager.cpp:131] WorkerManager: Request new FuncWorker for func_id 1 with client_id 9
I1102 18:15:18.654763 IO-0/EL  worker_manager.cpp:131] WorkerManager: Request new FuncWorker for func_id 1 with client_id 10
I1102 18:15:18.654775 IO-0/EL  worker_manager.cpp:131] WorkerManager: Request new FuncWorker for func_id 1 with client_id 11
I1102 18:15:18.654785 IO-0/EL  worker_manager.cpp:131] WorkerManager: Request new FuncWorker for func_id 1 with client_id 12
I1102 18:15:18.654797 IO-0/EL  worker_manager.cpp:131] WorkerManager: Request new FuncWorker for func_id 1 with client_id 13
I1102 18:15:18.654806 IO-0/EL  worker_manager.cpp:131] WorkerManager: Request new FuncWorker for func_id 1 with client_id 14
I1102 18:15:18.654816 IO-0/EL  worker_manager.cpp:131] WorkerManager: Request new FuncWorker for func_id 1 with client_id 15
I1102 18:15:18.654826 IO-0/EL  worker_manager.cpp:131] WorkerManager: Request new FuncWorker for func_id 1 with client_id 16
I1102 18:15:18.654836 IO-0/EL  worker_manager.cpp:131] WorkerManager: Request new FuncWorker for func_id 1 with client_id 17
I1102 18:15:18.654856 IO-0/EL  worker_manager.cpp:131] WorkerManager: Request new FuncWorker for func_id 1 with client_id 18
I1102 18:15:18.654865 IO-0/EL  worker_manager.cpp:131] WorkerManager: Request new FuncWorker for func_id 1 with client_id 19
I1102 18:15:18.654876 IO-0/EL  worker_manager.cpp:131] WorkerManager: Request new FuncWorker for func_id 1 with client_id 20
I1102 18:15:18.654887 IO-0/EL  worker_manager.cpp:131] WorkerManager: Request new FuncWorker for func_id 1 with client_id 21
I1102 18:15:18.654897 IO-0/EL  worker_manager.cpp:131] WorkerManager: Request new FuncWorker for func_id 1 with client_id 22
I1102 18:15:18.654907 IO-0/EL  worker_manager.cpp:131] WorkerManager: Request new FuncWorker for func_id 1 with client_id 23
I1102 18:15:18.654934 IO-0/EL  worker_manager.cpp:131] WorkerManager: Request new FuncWorker for func_id 1 with client_id 24
I1102 18:15:18.654945 IO-0/EL  worker_manager.cpp:131] WorkerManager: Request new FuncWorker for func_id 1 with client_id 25
I1102 18:15:18.654955 IO-0/EL  worker_manager.cpp:131] WorkerManager: Request new FuncWorker for func_id 1 with client_id 26
I1102 18:15:18.654964 IO-0/EL  worker_manager.cpp:131] WorkerManager: Request new FuncWorker for func_id 1 with client_id 27
I1102 18:15:18.654977 IO-0/EL  worker_manager.cpp:131] WorkerManager: Request new FuncWorker for func_id 1 with client_id 28
I1102 18:15:18.654987 IO-0/EL  worker_manager.cpp:131] WorkerManager: Request new FuncWorker for func_id 1 with client_id 29
I1102 18:15:18.654997 IO-0/EL  worker_manager.cpp:131] WorkerManager: Request new FuncWorker for func_id 1 with client_id 30
I1102 18:15:18.655008 IO-0/EL  worker_manager.cpp:131] WorkerManager: Request new FuncWorker for func_id 1 with client_id 31
I1102 18:15:18.655018 IO-0/EL  worker_manager.cpp:131] WorkerManager: Request new FuncWorker for func_id 1 with client_id 32
I1102 18:15:18.655060 IO-0/EL  buffer_pool.h:25] BufferPool[IO-0_Write]: Allocate new buffer, current buffer count is 1
I1102 18:15:18.655090 IO-0/EL  message_connection.cpp:269] LauncherConnection[1]: Handshake done
I1102 18:15:18.658974 Server/E engine.cpp:674] Engine: New message connection
I1102 18:15:18.659004 IO-0/EL  engine.cpp:277] Engine: Receive new handshake message from message connection
I1102 18:15:18.659010 IO-0/EL  worker_manager.cpp:60] WorkerManager: FuncWorker of func_id 1, client_id 1 connected
I1102 18:15:18.659021 IO-0/EL  dispatcher.cpp:47] Dispatcher[1]: min_workers=32
I1102 18:15:18.659025 IO-0/EL  dispatcher.cpp:51] Dispatcher[1]: max_workers=32
I1102 18:15:18.659046 IO-0/EL  message_connection.cpp:269] FuncWorkerConnection[1-1]: Handshake done
I1102 18:15:18.660753 Server/E engine.cpp:674] Engine: New message connection
I1102 18:15:18.660775 IO-0/EL  engine.cpp:277] Engine: Receive new handshake message from message connection
I1102 18:15:18.660780 IO-0/EL  worker_manager.cpp:60] WorkerManager: FuncWorker of func_id 1, client_id 2 connected
I1102 18:15:18.660795 IO-0/EL  message_connection.cpp:269] FuncWorkerConnection[1-2]: Handshake done
I1102 18:15:18.661151 Server/E engine.cpp:674] Engine: New message connection
I1102 18:15:18.661172 IO-0/EL  engine.cpp:277] Engine: Receive new handshake message from message connection
I1102 18:15:18.661177 IO-0/EL  worker_manager.cpp:60] WorkerManager: FuncWorker of func_id 1, client_id 3 connected
I1102 18:15:18.661190 IO-0/EL  message_connection.cpp:269] FuncWorkerConnection[1-3]: Handshake done
I1102 18:15:18.661511 Server/E engine.cpp:674] Engine: New message connection
I1102 18:15:18.661531 IO-0/EL  engine.cpp:277] Engine: Receive new handshake message from message connection
I1102 18:15:18.661535 IO-0/EL  worker_manager.cpp:60] WorkerManager: FuncWorker of func_id 1, client_id 4 connected
I1102 18:15:18.661548 IO-0/EL  message_connection.cpp:269] FuncWorkerConnection[1-4]: Handshake done
I1102 18:15:18.663775 Server/E engine.cpp:674] Engine: New message connection
I1102 18:15:18.663796 IO-0/EL  engine.cpp:277] Engine: Receive new handshake message from message connection
I1102 18:15:18.663801 IO-0/EL  worker_manager.cpp:60] WorkerManager: FuncWorker of func_id 1, client_id 5 connected
I1102 18:15:18.663815 IO-0/EL  message_connection.cpp:269] FuncWorkerConnection[1-5]: Handshake done
I1102 18:15:18.663853 Server/E engine.cpp:674] Engine: New message connection
I1102 18:15:18.663879 IO-0/EL  engine.cpp:277] Engine: Receive new handshake message from message connection
I1102 18:15:18.663883 IO-0/EL  worker_manager.cpp:60] WorkerManager: FuncWorker of func_id 1, client_id 7 connected
I1102 18:15:18.663896 IO-0/EL  message_connection.cpp:269] FuncWorkerConnection[1-7]: Handshake done
I1102 18:15:18.664172 Server/E engine.cpp:674] Engine: New message connection
I1102 18:15:18.664206 IO-0/EL  engine.cpp:277] Engine: Receive new handshake message from message connection
I1102 18:15:18.664211 IO-0/EL  worker_manager.cpp:60] WorkerManager: FuncWorker of func_id 1, client_id 6 connected
I1102 18:15:18.664223 IO-0/EL  message_connection.cpp:269] FuncWorkerConnection[1-6]: Handshake done
I1102 18:15:18.665287 Server/E engine.cpp:674] Engine: New message connection
I1102 18:15:18.665325 IO-0/EL  engine.cpp:277] Engine: Receive new handshake message from message connection
I1102 18:15:18.665330 IO-0/EL  worker_manager.cpp:60] WorkerManager: FuncWorker of func_id 1, client_id 8 connected
I1102 18:15:18.665344 IO-0/EL  message_connection.cpp:269] FuncWorkerConnection[1-8]: Handshake done
I1102 18:15:18.666261 Server/E engine.cpp:674] Engine: New message connection
I1102 18:15:18.666295 IO-0/EL  engine.cpp:277] Engine: Receive new handshake message from message connection
I1102 18:15:18.666300 IO-0/EL  worker_manager.cpp:60] WorkerManager: FuncWorker of func_id 1, client_id 9 connected
I1102 18:15:18.666313 IO-0/EL  message_connection.cpp:269] FuncWorkerConnection[1-9]: Handshake done
I1102 18:15:18.667347 Server/E engine.cpp:674] Engine: New message connection
I1102 18:15:18.667379 IO-0/EL  engine.cpp:277] Engine: Receive new handshake message from message connection
I1102 18:15:18.667384 IO-0/EL  worker_manager.cpp:60] WorkerManager: FuncWorker of func_id 1, client_id 11 connected
I1102 18:15:18.667397 IO-0/EL  message_connection.cpp:269] FuncWorkerConnection[1-11]: Handshake done
I1102 18:15:18.667722 Server/E engine.cpp:674] Engine: New message connection
I1102 18:15:18.667757 IO-0/EL  engine.cpp:277] Engine: Receive new handshake message from message connection
I1102 18:15:18.667762 IO-0/EL  worker_manager.cpp:60] WorkerManager: FuncWorker of func_id 1, client_id 12 connected
I1102 18:15:18.667775 IO-0/EL  message_connection.cpp:269] FuncWorkerConnection[1-12]: Handshake done
I1102 18:15:18.668111 Server/E engine.cpp:674] Engine: New message connection
I1102 18:15:18.668134 IO-0/EL  engine.cpp:277] Engine: Receive new handshake message from message connection
I1102 18:15:18.668138 IO-0/EL  worker_manager.cpp:60] WorkerManager: FuncWorker of func_id 1, client_id 13 connected
I1102 18:15:18.668150 IO-0/EL  message_connection.cpp:269] FuncWorkerConnection[1-13]: Handshake done
I1102 18:15:18.668321 Server/E engine.cpp:674] Engine: New message connection
I1102 18:15:18.668342 IO-0/EL  engine.cpp:277] Engine: Receive new handshake message from message connection
I1102 18:15:18.668347 IO-0/EL  worker_manager.cpp:60] WorkerManager: FuncWorker of func_id 1, client_id 14 connected
I1102 18:15:18.668359 IO-0/EL  message_connection.cpp:269] FuncWorkerConnection[1-14]: Handshake done
I1102 18:15:18.668389 Server/E engine.cpp:674] Engine: New message connection
I1102 18:15:18.668413 IO-0/EL  engine.cpp:277] Engine: Receive new handshake message from message connection
I1102 18:15:18.668418 IO-0/EL  worker_manager.cpp:60] WorkerManager: FuncWorker of func_id 1, client_id 10 connected
I1102 18:15:18.668436 IO-0/EL  message_connection.cpp:269] FuncWorkerConnection[1-10]: Handshake done
I1102 18:15:18.669028 Server/E engine.cpp:674] Engine: New message connection
I1102 18:15:18.669052 IO-0/EL  engine.cpp:277] Engine: Receive new handshake message from message connection
I1102 18:15:18.669057 IO-0/EL  worker_manager.cpp:60] WorkerManager: FuncWorker of func_id 1, client_id 15 connected
I1102 18:15:18.669070 IO-0/EL  message_connection.cpp:269] FuncWorkerConnection[1-15]: Handshake done
I1102 18:15:18.669432 Server/E engine.cpp:674] Engine: New message connection
I1102 18:15:18.669457 IO-0/EL  engine.cpp:277] Engine: Receive new handshake message from message connection
I1102 18:15:18.669462 IO-0/EL  worker_manager.cpp:60] WorkerManager: FuncWorker of func_id 1, client_id 16 connected
I1102 18:15:18.669475 IO-0/EL  message_connection.cpp:269] FuncWorkerConnection[1-16]: Handshake done
I1102 18:15:18.670157 Server/E engine.cpp:674] Engine: New message connection
I1102 18:15:18.670181 IO-0/EL  engine.cpp:277] Engine: Receive new handshake message from message connection
I1102 18:15:18.670194 IO-0/EL  worker_manager.cpp:60] WorkerManager: FuncWorker of func_id 1, client_id 17 connected
I1102 18:15:18.670213 IO-0/EL  message_connection.cpp:269] FuncWorkerConnection[1-17]: Handshake done
I1102 18:15:18.670470 Server/E engine.cpp:674] Engine: New message connection
I1102 18:15:18.670505 IO-0/EL  engine.cpp:277] Engine: Receive new handshake message from message connection
I1102 18:15:18.670509 IO-0/EL  worker_manager.cpp:60] WorkerManager: FuncWorker of func_id 1, client_id 18 connected
I1102 18:15:18.670522 IO-0/EL  message_connection.cpp:269] FuncWorkerConnection[1-18]: Handshake done
I1102 18:15:18.670897 Server/E engine.cpp:674] Engine: New message connection
I1102 18:15:18.670924 IO-0/EL  engine.cpp:277] Engine: Receive new handshake message from message connection
I1102 18:15:18.670929 IO-0/EL  worker_manager.cpp:60] WorkerManager: FuncWorker of func_id 1, client_id 19 connected
I1102 18:15:18.670942 IO-0/EL  message_connection.cpp:269] FuncWorkerConnection[1-19]: Handshake done
I1102 18:15:18.672372 Server/E engine.cpp:674] Engine: New message connection
I1102 18:15:18.672414 IO-0/EL  engine.cpp:277] Engine: Receive new handshake message from message connection
I1102 18:15:18.672418 IO-0/EL  worker_manager.cpp:60] WorkerManager: FuncWorker of func_id 1, client_id 21 connected
I1102 18:15:18.672431 IO-0/EL  message_connection.cpp:269] FuncWorkerConnection[1-21]: Handshake done
I1102 18:15:18.672789 Server/E engine.cpp:674] Engine: New message connection
I1102 18:15:18.672820 IO-0/EL  engine.cpp:277] Engine: Receive new handshake message from message connection
I1102 18:15:18.672825 IO-0/EL  worker_manager.cpp:60] WorkerManager: FuncWorker of func_id 1, client_id 22 connected
I1102 18:15:18.672839 IO-0/EL  message_connection.cpp:269] FuncWorkerConnection[1-22]: Handshake done
I1102 18:15:18.672929 Server/E engine.cpp:674] Engine: New message connection
I1102 18:15:18.672951 IO-0/EL  engine.cpp:277] Engine: Receive new handshake message from message connection
I1102 18:15:18.672956 IO-0/EL  worker_manager.cpp:60] WorkerManager: FuncWorker of func_id 1, client_id 20 connected
I1102 18:15:18.672968 IO-0/EL  message_connection.cpp:269] FuncWorkerConnection[1-20]: Handshake done
I1102 18:15:18.673788 Server/E engine.cpp:674] Engine: New message connection
I1102 18:15:18.673815 IO-0/EL  engine.cpp:277] Engine: Receive new handshake message from message connection
I1102 18:15:18.673820 IO-0/EL  worker_manager.cpp:60] WorkerManager: FuncWorker of func_id 1, client_id 24 connected
I1102 18:15:18.673833 IO-0/EL  message_connection.cpp:269] FuncWorkerConnection[1-24]: Handshake done
I1102 18:15:18.674091 Server/E engine.cpp:674] Engine: New message connection
I1102 18:15:18.674111 IO-0/EL  engine.cpp:277] Engine: Receive new handshake message from message connection
I1102 18:15:18.674115 IO-0/EL  worker_manager.cpp:60] WorkerManager: FuncWorker of func_id 1, client_id 25 connected
I1102 18:15:18.674128 IO-0/EL  message_connection.cpp:269] FuncWorkerConnection[1-25]: Handshake done
I1102 18:15:18.674532 Server/E engine.cpp:674] Engine: New message connection
I1102 18:15:18.674557 IO-0/EL  engine.cpp:277] Engine: Receive new handshake message from message connection
I1102 18:15:18.674562 IO-0/EL  worker_manager.cpp:60] WorkerManager: FuncWorker of func_id 1, client_id 26 connected
I1102 18:15:18.674575 IO-0/EL  message_connection.cpp:269] FuncWorkerConnection[1-26]: Handshake done
I1102 18:15:18.674613 Server/E engine.cpp:674] Engine: New message connection
I1102 18:15:18.674633 IO-0/EL  engine.cpp:277] Engine: Receive new handshake message from message connection
I1102 18:15:18.674637 IO-0/EL  worker_manager.cpp:60] WorkerManager: FuncWorker of func_id 1, client_id 27 connected
I1102 18:15:18.674649 IO-0/EL  message_connection.cpp:269] FuncWorkerConnection[1-27]: Handshake done
I1102 18:15:18.674655 Server/E engine.cpp:674] Engine: New message connection
I1102 18:15:18.674679 IO-0/EL  engine.cpp:277] Engine: Receive new handshake message from message connection
I1102 18:15:18.674689 IO-0/EL  worker_manager.cpp:60] WorkerManager: FuncWorker of func_id 1, client_id 23 connected
I1102 18:15:18.674703 IO-0/EL  message_connection.cpp:269] FuncWorkerConnection[1-23]: Handshake done
I1102 18:15:18.675399 Server/E engine.cpp:674] Engine: New message connection
I1102 18:15:18.675455 IO-0/EL  engine.cpp:277] Engine: Receive new handshake message from message connection
I1102 18:15:18.675461 IO-0/EL  worker_manager.cpp:60] WorkerManager: FuncWorker of func_id 1, client_id 28 connected
I1102 18:15:18.675476 IO-0/EL  message_connection.cpp:269] FuncWorkerConnection[1-28]: Handshake done
I1102 18:15:18.675820 Server/E engine.cpp:674] Engine: New message connection
I1102 18:15:18.675878 IO-0/EL  engine.cpp:277] Engine: Receive new handshake message from message connection
I1102 18:15:18.675883 IO-0/EL  worker_manager.cpp:60] WorkerManager: FuncWorker of func_id 1, client_id 29 connected
I1102 18:15:18.675900 IO-0/EL  message_connection.cpp:269] FuncWorkerConnection[1-29]: Handshake done
I1102 18:15:18.676224 Server/E engine.cpp:674] Engine: New message connection
I1102 18:15:18.676269 IO-0/EL  engine.cpp:277] Engine: Receive new handshake message from message connection
I1102 18:15:18.676274 IO-0/EL  worker_manager.cpp:60] WorkerManager: FuncWorker of func_id 1, client_id 30 connected
I1102 18:15:18.676287 IO-0/EL  message_connection.cpp:269] FuncWorkerConnection[1-30]: Handshake done
I1102 18:15:18.676629 Server/E engine.cpp:674] Engine: New message connection
I1102 18:15:18.676673 IO-0/EL  engine.cpp:277] Engine: Receive new handshake message from message connection
I1102 18:15:18.676678 IO-0/EL  worker_manager.cpp:60] WorkerManager: FuncWorker of func_id 1, client_id 31 connected
I1102 18:15:18.676692 IO-0/EL  message_connection.cpp:269] FuncWorkerConnection[1-31]: Handshake done
I1102 18:15:18.677086 Server/E engine.cpp:674] Engine: New message connection
I1102 18:15:18.677137 IO-0/EL  engine.cpp:277] Engine: Receive new handshake message from message connection
I1102 18:15:18.677142 IO-0/EL  worker_manager.cpp:60] WorkerManager: FuncWorker of func_id 1, client_id 32 connected
I1102 18:15:18.677157 IO-0/EL  message_connection.cpp:269] FuncWorkerConnection[1-32]: Handshake done
I1102 18:15:21.366402 IO-0/EL  buffer_pool.h:25] BufferPool[IO-0_Write]: Allocate new buffer, current buffer count is 2
I1102 18:15:21.366425 IO-0/EL  buffer_pool.h:25] BufferPool[IO-0_Write]: Allocate new buffer, current buffer count is 3
I1102 18:15:21.366438 IO-0/EL  buffer_pool.h:25] BufferPool[IO-0_Write]: Allocate new buffer, current buffer count is 4
I1102 18:15:21.366446 IO-0/EL  buffer_pool.h:25] BufferPool[IO-0_Write]: Allocate new buffer, current buffer count is 5
I1102 18:15:21.366457 IO-0/EL  buffer_pool.h:25] BufferPool[IO-0_Write]: Allocate new buffer, current buffer count is 6
I1102 18:15:21.366466 IO-0/EL  buffer_pool.h:25] BufferPool[IO-0_Write]: Allocate new buffer, current buffer count is 7
I1102 18:15:21.366475 IO-0/EL  buffer_pool.h:25] BufferPool[IO-0_Write]: Allocate new buffer, current buffer count is 8
I1102 18:15:21.366486 IO-0/EL  buffer_pool.h:25] BufferPool[IO-0_Write]: Allocate new buffer, current buffer count is 9
I1102 18:15:21.366497 IO-0/EL  buffer_pool.h:25] BufferPool[IO-0_Write]: Allocate new buffer, current buffer count is 10
I1102 18:15:21.366505 IO-0/EL  buffer_pool.h:25] BufferPool[IO-0_Write]: Allocate new buffer, current buffer count is 11
I1102 18:15:21.366518 IO-0/EL  buffer_pool.h:25] BufferPool[IO-0_Write]: Allocate new buffer, current buffer count is 12
I1102 18:15:21.366526 IO-0/EL  buffer_pool.h:25] BufferPool[IO-0_Write]: Allocate new buffer, current buffer count is 13
I1102 18:15:21.366540 IO-0/EL  buffer_pool.h:25] BufferPool[IO-0_Write]: Allocate new buffer, current buffer count is 14
I1102 18:15:21.366550 IO-0/EL  buffer_pool.h:25] BufferPool[IO-0_Write]: Allocate new buffer, current buffer count is 15
I1102 18:15:21.366563 IO-0/EL  buffer_pool.h:25] BufferPool[IO-0_Write]: Allocate new buffer, current buffer count is 16
I1102 18:15:21.366574 IO-0/EL  buffer_pool.h:25] BufferPool[IO-0_Write]: Allocate new buffer, current buffer count is 17
I1102 18:15:21.366595 IO-0/EL  buffer_pool.h:25] BufferPool[IO-0_Write]: Allocate new buffer, current buffer count is 18
I1102 18:15:21.366608 IO-0/EL  buffer_pool.h:25] BufferPool[IO-0_Write]: Allocate new buffer, current buffer count is 19
I1102 18:15:21.366621 IO-0/EL  buffer_pool.h:25] BufferPool[IO-0_Write]: Allocate new buffer, current buffer count is 20
I1102 18:15:21.366631 IO-0/EL  buffer_pool.h:25] BufferPool[IO-0_Write]: Allocate new buffer, current buffer count is 21
I1102 18:15:21.366643 IO-0/EL  buffer_pool.h:25] BufferPool[IO-0_Write]: Allocate new buffer, current buffer count is 22
I1102 18:15:21.366656 IO-0/EL  buffer_pool.h:25] BufferPool[IO-0_Write]: Allocate new buffer, current buffer count is 23
I1102 18:15:21.366666 IO-0/EL  buffer_pool.h:25] BufferPool[IO-0_Write]: Allocate new buffer, current buffer count is 24
I1102 18:15:21.366678 IO-0/EL  buffer_pool.h:25] BufferPool[IO-0_Write]: Allocate new buffer, current buffer count is 25
I1102 18:15:21.366689 IO-0/EL  buffer_pool.h:25] BufferPool[IO-0_Write]: Allocate new buffer, current buffer count is 26
I1102 18:15:21.366703 IO-0/EL  buffer_pool.h:25] BufferPool[IO-0_Write]: Allocate new buffer, current buffer count is 27
I1102 18:15:21.366717 IO-0/EL  buffer_pool.h:25] BufferPool[IO-0_Write]: Allocate new buffer, current buffer count is 28
I1102 18:15:21.366736 IO-0/EL  buffer_pool.h:25] BufferPool[IO-0_Write]: Allocate new buffer, current buffer count is 29
I1102 18:15:21.366746 IO-0/EL  buffer_pool.h:25] BufferPool[IO-0_Write]: Allocate new buffer, current buffer count is 30
I1102 18:15:21.366757 IO-0/EL  buffer_pool.h:25] BufferPool[IO-0_Write]: Allocate new buffer, current buffer count is 31
I1102 18:15:21.366769 IO-0/EL  buffer_pool.h:25] BufferPool[IO-0_Write]: Allocate new buffer, current buffer count is 32
I1102 18:15:21.366858 IO-0/EL  buffer_pool.h:25] BufferPool[IO-0_Write]: Allocate new buffer, current buffer count is 33
I1102 18:15:21.366876 IO-0/EL  buffer_pool.h:25] BufferPool[IO-0_Write]: Allocate new buffer, current buffer count is 34
I1102 18:15:21.366885 IO-0/EL  buffer_pool.h:25] BufferPool[IO-0_Write]: Allocate new buffer, current buffer count is 35
I1102 18:15:21.366895 IO-0/EL  buffer_pool.h:25] BufferPool[IO-0_Write]: Allocate new buffer, current buffer count is 36
I1102 18:15:21.366904 IO-0/EL  buffer_pool.h:25] BufferPool[IO-0_Write]: Allocate new buffer, current buffer count is 37
I1102 18:15:21.366913 IO-0/EL  buffer_pool.h:25] BufferPool[IO-0_Write]: Allocate new buffer, current buffer count is 38
I1102 18:15:21.366923 IO-0/EL  buffer_pool.h:25] BufferPool[IO-0_Write]: Allocate new buffer, current buffer count is 39
I1102 18:15:21.366932 IO-0/EL  buffer_pool.h:25] BufferPool[IO-0_Write]: Allocate new buffer, current buffer count is 40
I1102 18:15:21.366941 IO-0/EL  buffer_pool.h:25] BufferPool[IO-0_Write]: Allocate new buffer, current buffer count is 41
I1102 18:15:21.366951 IO-0/EL  buffer_pool.h:25] BufferPool[IO-0_Write]: Allocate new buffer, current buffer count is 42
I1102 18:15:21.366960 IO-0/EL  buffer_pool.h:25] BufferPool[IO-0_Write]: Allocate new buffer, current buffer count is 43
I1102 18:15:21.366969 IO-0/EL  buffer_pool.h:25] BufferPool[IO-0_Write]: Allocate new buffer, current buffer count is 44
I1102 18:15:21.366978 IO-0/EL  buffer_pool.h:25] BufferPool[IO-0_Write]: Allocate new buffer, current buffer count is 45
I1102 18:15:21.366987 IO-0/EL  buffer_pool.h:25] BufferPool[IO-0_Write]: Allocate new buffer, current buffer count is 46
I1102 18:15:21.366998 IO-0/EL  buffer_pool.h:25] BufferPool[IO-0_Write]: Allocate new buffer, current buffer count is 47
I1102 18:15:21.367009 IO-0/EL  buffer_pool.h:25] BufferPool[IO-0_Write]: Allocate new buffer, current buffer count is 48
I1102 18:15:21.367019 IO-0/EL  buffer_pool.h:25] BufferPool[IO-0_Write]: Allocate new buffer, current buffer count is 49
I1102 18:15:21.367030 IO-0/EL  buffer_pool.h:25] BufferPool[IO-0_Write]: Allocate new buffer, current buffer count is 50
I1102 18:15:21.367049 IO-0/EL  buffer_pool.h:25] BufferPool[IO-0_Write]: Allocate new buffer, current buffer count is 51
I1102 18:15:21.367059 IO-0/EL  buffer_pool.h:25] BufferPool[IO-0_Write]: Allocate new buffer, current buffer count is 52
I1102 18:15:21.367068 IO-0/EL  buffer_pool.h:25] BufferPool[IO-0_Write]: Allocate new buffer, current buffer count is 53
I1102 18:15:21.367077 IO-0/EL  buffer_pool.h:25] BufferPool[IO-0_Write]: Allocate new buffer, current buffer count is 54
I1102 18:15:21.367087 IO-0/EL  buffer_pool.h:25] BufferPool[IO-0_Write]: Allocate new buffer, current buffer count is 55
I1102 18:15:21.367097 IO-0/EL  buffer_pool.h:25] BufferPool[IO-0_Write]: Allocate new buffer, current buffer count is 56
I1102 18:15:22.942576 IO-0/EL  buffer_pool.h:25] BufferPool[IO-0_Write]: Allocate new buffer, current buffer count is 57
I1102 18:15:22.942600 IO-0/EL  buffer_pool.h:25] BufferPool[IO-0_Write]: Allocate new buffer, current buffer count is 58
I1102 18:15:22.942610 IO-0/EL  buffer_pool.h:25] BufferPool[IO-0_Write]: Allocate new buffer, current buffer count is 59
I1102 18:15:22.942620 IO-0/EL  buffer_pool.h:25] BufferPool[IO-0_Write]: Allocate new buffer, current buffer count is 60
I1102 18:15:22.942630 IO-0/EL  buffer_pool.h:25] BufferPool[IO-0_Write]: Allocate new buffer, current buffer count is 61
I1102 18:15:24.522746 IO-0/EL  buffer_pool.h:25] BufferPool[IO-0_Write]: Allocate new buffer, current buffer count is 62
I1102 18:15:26.447940 Main     server_base.cpp:35] Server: Scheduled to stop
I1102 18:15:26.448053 Server/E server_base.cpp:109] Server: Start stopping process
I1102 18:15:26.448106 IO-0/EL  message_connection.cpp:284] LauncherConnection[1]: Connection closed remotely
