I1102 18:53:16.468099 Main     thread.cpp:100] Register main thread: tid=1390076
E1102 18:53:16.468232 Main     docker.cpp:59] Cannot find docker's cgroup in /proc/self/cgroup
I1102 18:53:16.471451 Launcher thread.cpp:40] Start thread: Launcher/EL
I1102 18:53:16.471499 Launcher thread.cpp:64] Does not find cpuset setting for IO threads (can be set by FAAS_IO_THREAD_CPUSET)
I1102 18:53:16.471505 Launcher thread.cpp:82] Does not find nice setting for IO threads (can be set by FAAS_IO_THREAD_NICE)
I1102 18:53:16.471509 Launcher launcher.cpp:96] Launcher: Event loop starts
I1102 18:53:16.471528 Launcher engine_connection.cpp:93] EngineConnection: Connected to engine, start writing handshake message
I1102 18:53:16.471724 Launcher buffer_pool.h:25] BufferPool[Launcher]: Allocate new buffer, current buffer count is 1
I1102 18:53:16.471757 Launcher func_config.cpp:135] Load configuration for function Echo[1]
I1102 18:53:16.471768 Launcher engine_connection.cpp:65] EngineConnection: Handshake done
W1102 18:53:16.483457 Launcher engine_connection.cpp:166] EngineConnection: nread=0, will do nothing
I1102 18:53:24.391897 Main     launcher.cpp:44] Launcher: Scheduled to stop
E1102 18:53:24.392189 Launcher launcher.cpp:72] Launcher: Connection to engine disconnected
I1102 18:53:24.392223 Launcher launcher.cpp:44] Launcher: Scheduled to stop
W1102 18:53:24.414937 Launcher launcher.cpp:87] Launcher: Function process 8 terminated
W1102 18:53:24.430349 Launcher launcher.cpp:87] Launcher: Function process 15 terminated
W1102 18:53:24.430377 Launcher launcher.cpp:87] Launcher: Function process 14 terminated
W1102 18:53:24.430387 Launcher launcher.cpp:87] Launcher: Function process 12 terminated
W1102 18:53:24.430395 Launcher launcher.cpp:87] Launcher: Function process 10 terminated
W1102 18:53:24.430403 Launcher launcher.cpp:87] Launcher: Function process 4 terminated
W1102 18:53:24.430420 Launcher launcher.cpp:87] Launcher: Function process 0 terminated
W1102 18:53:24.430843 Launcher launcher.cpp:87] Launcher: Function process 13 terminated
W1102 18:53:24.430858 Launcher launcher.cpp:87] Launcher: Function process 11 terminated
W1102 18:53:24.430866 Launcher launcher.cpp:87] Launcher: Function process 9 terminated
W1102 18:53:24.430873 Launcher launcher.cpp:87] Launcher: Function process 7 terminated
W1102 18:53:24.430881 Launcher launcher.cpp:87] Launcher: Function process 6 terminated
W1102 18:53:24.430889 Launcher launcher.cpp:87] Launcher: Function process 5 terminated
W1102 18:53:24.430896 Launcher launcher.cpp:87] Launcher: Function process 3 terminated
W1102 18:53:24.430904 Launcher launcher.cpp:87] Launcher: Function process 2 terminated
W1102 18:53:24.430911 Launcher launcher.cpp:87] Launcher: Function process 1 terminated
I1102 18:53:24.430919 Launcher launcher.cpp:101] Launcher: Event loop finishes
I1102 18:53:24.431003 Main     launcher.cpp:68] Launcher: Stopped
