I1102 18:56:38.601448 Main     thread.cpp:100] Register main thread: tid=1391184
E1102 18:56:38.601800 Main     docker.cpp:59] Cannot find docker's cgroup in /proc/self/cgroup
I1102 18:56:38.601849 Main     func_config.cpp:135] Load configuration for function Echo[1]
I1102 18:56:38.601861 Main     engine.cpp:109] Engine: Start 1 IO workers
I1102 18:56:38.605110 IO-0/EL  thread.cpp:40] Start thread: IO-0/EL
I1102 18:56:38.605159 IO-0/EL  io_worker.cpp:192] IO-0: Event loop starts
Checking for file descriptor...
Got a file descriptor!
I1102 18:56:40.364497 Main     engine.cpp:180] Engine: Created 1 Machnet connections to Gateway at 10.10.1.2:10007
I1102 18:56:40.364616 Main     engine.cpp:208] Engine: Listen on /dev/shm/faas_ipc/engine.sock for IPC connections
I1102 18:56:40.364840 Server/E thread.cpp:40] Start thread: Server/EL
I1102 18:56:40.364968 Server/E server_base.cpp:50] Server: Event loop starts
I1102 18:56:40.604042 Server/E engine.cpp:674] Engine: New message connection
I1102 18:56:40.607350 IO-0/EL  buffer_pool.h:25] BufferPool[IO-0_Read]: Allocate new buffer, current buffer count is 1
I1102 18:56:40.607382 IO-0/EL  engine.cpp:277] Engine: Receive new handshake message from message connection
I1102 18:56:40.607387 IO-0/EL  worker_manager.cpp:23] WorkerManager: Launcher of func_id 1 connected
I1102 18:56:40.607391 IO-0/EL  worker_manager.cpp:131] WorkerManager: Request new FuncWorker for func_id 1 with client_id 1
I1102 18:56:40.607411 IO-0/EL  worker_manager.cpp:131] WorkerManager: Request new FuncWorker for func_id 1 with client_id 2
I1102 18:56:40.607427 IO-0/EL  worker_manager.cpp:131] WorkerManager: Request new FuncWorker for func_id 1 with client_id 3
I1102 18:56:40.607436 IO-0/EL  worker_manager.cpp:131] WorkerManager: Request new FuncWorker for func_id 1 with client_id 4
I1102 18:56:40.607445 IO-0/EL  worker_manager.cpp:131] WorkerManager: Request new FuncWorker for func_id 1 with client_id 5
I1102 18:56:40.607454 IO-0/EL  worker_manager.cpp:131] WorkerManager: Request new FuncWorker for func_id 1 with client_id 6
I1102 18:56:40.607464 IO-0/EL  worker_manager.cpp:131] WorkerManager: Request new FuncWorker for func_id 1 with client_id 7
I1102 18:56:40.607474 IO-0/EL  worker_manager.cpp:131] WorkerManager: Request new FuncWorker for func_id 1 with client_id 8
I1102 18:56:40.607487 IO-0/EL  worker_manager.cpp:131] WorkerManager: Request new FuncWorker for func_id 1 with client_id 9
I1102 18:56:40.607496 IO-0/EL  worker_manager.cpp:131] WorkerManager: Request new FuncWorker for func_id 1 with client_id 10
I1102 18:56:40.607507 IO-0/EL  worker_manager.cpp:131] WorkerManager: Request new FuncWorker for func_id 1 with client_id 11
I1102 18:56:40.607516 IO-0/EL  worker_manager.cpp:131] WorkerManager: Request new FuncWorker for func_id 1 with client_id 12
I1102 18:56:40.607528 IO-0/EL  worker_manager.cpp:131] WorkerManager: Request new FuncWorker for func_id 1 with client_id 13
I1102 18:56:40.607537 IO-0/EL  worker_manager.cpp:131] WorkerManager: Request new FuncWorker for func_id 1 with client_id 14
I1102 18:56:40.607546 IO-0/EL  worker_manager.cpp:131] WorkerManager: Request new FuncWorker for func_id 1 with client_id 15
I1102 18:56:40.607556 IO-0/EL  worker_manager.cpp:131] WorkerManager: Request new FuncWorker for func_id 1 with client_id 16
I1102 18:56:40.607591 IO-0/EL  buffer_pool.h:25] BufferPool[IO-0_Write]: Allocate new buffer, current buffer count is 1
I1102 18:56:40.607612 IO-0/EL  message_connection.cpp:269] LauncherConnection[1]: Handshake done
I1102 18:56:40.611345 Server/E engine.cpp:674] Engine: New message connection
I1102 18:56:40.611379 IO-0/EL  engine.cpp:277] Engine: Receive new handshake message from message connection
I1102 18:56:40.611385 IO-0/EL  worker_manager.cpp:60] WorkerManager: FuncWorker of func_id 1, client_id 1 connected
I1102 18:56:40.611396 IO-0/EL  dispatcher.cpp:47] Dispatcher[1]: min_workers=16
I1102 18:56:40.611400 IO-0/EL  dispatcher.cpp:51] Dispatcher[1]: max_workers=16
I1102 18:56:40.611421 IO-0/EL  message_connection.cpp:269] FuncWorkerConnection[1-1]: Handshake done
I1102 18:56:40.613257 Server/E engine.cpp:674] Engine: New message connection
I1102 18:56:40.613305 IO-0/EL  engine.cpp:277] Engine: Receive new handshake message from message connection
I1102 18:56:40.613312 IO-0/EL  worker_manager.cpp:60] WorkerManager: FuncWorker of func_id 1, client_id 3 connected
I1102 18:56:40.613327 IO-0/EL  message_connection.cpp:269] FuncWorkerConnection[1-3]: Handshake done
I1102 18:56:40.614220 Server/E engine.cpp:674] Engine: New message connection
I1102 18:56:40.614244 IO-0/EL  engine.cpp:277] Engine: Receive new handshake message from message connection
I1102 18:56:40.614249 IO-0/EL  worker_manager.cpp:60] WorkerManager: FuncWorker of func_id 1, client_id 2 connected
I1102 18:56:40.614263 IO-0/EL  message_connection.cpp:269] FuncWorkerConnection[1-2]: Handshake done
I1102 18:56:40.614996 Server/E engine.cpp:674] Engine: New message connection
I1102 18:56:40.615024 IO-0/EL  engine.cpp:277] Engine: Receive new handshake message from message connection
I1102 18:56:40.615029 IO-0/EL  worker_manager.cpp:60] WorkerManager: FuncWorker of func_id 1, client_id 4 connected
I1102 18:56:40.615043 IO-0/EL  message_connection.cpp:269] FuncWorkerConnection[1-4]: Handshake done
I1102 18:56:40.615495 Server/E engine.cpp:674] Engine: New message connection
I1102 18:56:40.615529 IO-0/EL  engine.cpp:277] Engine: Receive new handshake message from message connection
I1102 18:56:40.615534 IO-0/EL  worker_manager.cpp:60] WorkerManager: FuncWorker of func_id 1, client_id 5 connected
I1102 18:56:40.615547 IO-0/EL  message_connection.cpp:269] FuncWorkerConnection[1-5]: Handshake done
I1102 18:56:40.617168 Server/E engine.cpp:674] Engine: New message connection
I1102 18:56:40.617218 IO-0/EL  engine.cpp:277] Engine: Receive new handshake message from message connection
I1102 18:56:40.617223 IO-0/EL  worker_manager.cpp:60] WorkerManager: FuncWorker of func_id 1, client_id 6 connected
I1102 18:56:40.617237 IO-0/EL  message_connection.cpp:269] FuncWorkerConnection[1-6]: Handshake done
I1102 18:56:40.617435 Server/E engine.cpp:674] Engine: New message connection
I1102 18:56:40.617458 IO-0/EL  engine.cpp:277] Engine: Receive new handshake message from message connection
I1102 18:56:40.617463 IO-0/EL  worker_manager.cpp:60] WorkerManager: FuncWorker of func_id 1, client_id 7 connected
I1102 18:56:40.617475 IO-0/EL  message_connection.cpp:269] FuncWorkerConnection[1-7]: Handshake done
I1102 18:56:40.618015 Server/E engine.cpp:674] Engine: New message connection
I1102 18:56:40.618046 IO-0/EL  engine.cpp:277] Engine: Receive new handshake message from message connection
I1102 18:56:40.618051 IO-0/EL  worker_manager.cpp:60] WorkerManager: FuncWorker of func_id 1, client_id 8 connected
I1102 18:56:40.618065 IO-0/EL  message_connection.cpp:269] FuncWorkerConnection[1-8]: Handshake done
I1102 18:56:40.618421 Server/E engine.cpp:674] Engine: New message connection
I1102 18:56:40.618469 IO-0/EL  engine.cpp:277] Engine: Receive new handshake message from message connection
I1102 18:56:40.618473 IO-0/EL  worker_manager.cpp:60] WorkerManager: FuncWorker of func_id 1, client_id 9 connected
I1102 18:56:40.618486 IO-0/EL  message_connection.cpp:269] FuncWorkerConnection[1-9]: Handshake done
I1102 18:56:40.618921 Server/E engine.cpp:674] Engine: New message connection
I1102 18:56:40.618952 IO-0/EL  engine.cpp:277] Engine: Receive new handshake message from message connection
I1102 18:56:40.618956 IO-0/EL  worker_manager.cpp:60] WorkerManager: FuncWorker of func_id 1, client_id 10 connected
I1102 18:56:40.618969 IO-0/EL  message_connection.cpp:269] FuncWorkerConnection[1-10]: Handshake done
I1102 18:56:40.619408 Server/E engine.cpp:674] Engine: New message connection
I1102 18:56:40.619448 IO-0/EL  engine.cpp:277] Engine: Receive new handshake message from message connection
I1102 18:56:40.619453 IO-0/EL  worker_manager.cpp:60] WorkerManager: FuncWorker of func_id 1, client_id 11 connected
I1102 18:56:40.619466 IO-0/EL  message_connection.cpp:269] FuncWorkerConnection[1-11]: Handshake done
I1102 18:56:40.619745 Server/E engine.cpp:674] Engine: New message connection
I1102 18:56:40.619785 IO-0/EL  engine.cpp:277] Engine: Receive new handshake message from message connection
I1102 18:56:40.619790 IO-0/EL  worker_manager.cpp:60] WorkerManager: FuncWorker of func_id 1, client_id 12 connected
I1102 18:56:40.619802 IO-0/EL  message_connection.cpp:269] FuncWorkerConnection[1-12]: Handshake done
I1102 18:56:40.620225 Server/E engine.cpp:674] Engine: New message connection
I1102 18:56:40.620258 IO-0/EL  engine.cpp:277] Engine: Receive new handshake message from message connection
I1102 18:56:40.620263 IO-0/EL  worker_manager.cpp:60] WorkerManager: FuncWorker of func_id 1, client_id 13 connected
I1102 18:56:40.620276 IO-0/EL  message_connection.cpp:269] FuncWorkerConnection[1-13]: Handshake done
I1102 18:56:40.620753 Server/E engine.cpp:674] Engine: New message connection
I1102 18:56:40.620797 IO-0/EL  engine.cpp:277] Engine: Receive new handshake message from message connection
I1102 18:56:40.620802 IO-0/EL  worker_manager.cpp:60] WorkerManager: FuncWorker of func_id 1, client_id 14 connected
I1102 18:56:40.620815 IO-0/EL  message_connection.cpp:269] FuncWorkerConnection[1-14]: Handshake done
I1102 18:56:40.621116 Server/E engine.cpp:674] Engine: New message connection
I1102 18:56:40.621150 IO-0/EL  engine.cpp:277] Engine: Receive new handshake message from message connection
I1102 18:56:40.621155 IO-0/EL  worker_manager.cpp:60] WorkerManager: FuncWorker of func_id 1, client_id 15 connected
I1102 18:56:40.621168 IO-0/EL  message_connection.cpp:269] FuncWorkerConnection[1-15]: Handshake done
I1102 18:56:40.621592 Server/E engine.cpp:674] Engine: New message connection
I1102 18:56:40.621625 IO-0/EL  engine.cpp:277] Engine: Receive new handshake message from message connection
I1102 18:56:40.621630 IO-0/EL  worker_manager.cpp:60] WorkerManager: FuncWorker of func_id 1, client_id 16 connected
I1102 18:56:40.621643 IO-0/EL  message_connection.cpp:269] FuncWorkerConnection[1-16]: Handshake done
I1102 18:56:43.428826 IO-0/EL  buffer_pool.h:25] BufferPool[IO-0_Write]: Allocate new buffer, current buffer count is 2
I1102 18:56:43.428849 IO-0/EL  buffer_pool.h:25] BufferPool[IO-0_Write]: Allocate new buffer, current buffer count is 3
I1102 18:56:43.428864 IO-0/EL  buffer_pool.h:25] BufferPool[IO-0_Write]: Allocate new buffer, current buffer count is 4
I1102 18:56:43.428876 IO-0/EL  buffer_pool.h:25] BufferPool[IO-0_Write]: Allocate new buffer, current buffer count is 5
I1102 18:56:43.428886 IO-0/EL  buffer_pool.h:25] BufferPool[IO-0_Write]: Allocate new buffer, current buffer count is 6
I1102 18:56:43.428896 IO-0/EL  buffer_pool.h:25] BufferPool[IO-0_Write]: Allocate new buffer, current buffer count is 7
I1102 18:56:43.428911 IO-0/EL  buffer_pool.h:25] BufferPool[IO-0_Write]: Allocate new buffer, current buffer count is 8
I1102 18:56:43.428924 IO-0/EL  buffer_pool.h:25] BufferPool[IO-0_Write]: Allocate new buffer, current buffer count is 9
I1102 18:56:43.428934 IO-0/EL  buffer_pool.h:25] BufferPool[IO-0_Write]: Allocate new buffer, current buffer count is 10
I1102 18:56:43.428943 IO-0/EL  buffer_pool.h:25] BufferPool[IO-0_Write]: Allocate new buffer, current buffer count is 11
I1102 18:56:43.428958 IO-0/EL  buffer_pool.h:25] BufferPool[IO-0_Write]: Allocate new buffer, current buffer count is 12
I1102 18:56:43.428968 IO-0/EL  buffer_pool.h:25] BufferPool[IO-0_Write]: Allocate new buffer, current buffer count is 13
I1102 18:56:43.428982 IO-0/EL  buffer_pool.h:25] BufferPool[IO-0_Write]: Allocate new buffer, current buffer count is 14
I1102 18:56:43.428998 IO-0/EL  buffer_pool.h:25] BufferPool[IO-0_Write]: Allocate new buffer, current buffer count is 15
I1102 18:56:43.429010 IO-0/EL  buffer_pool.h:25] BufferPool[IO-0_Write]: Allocate new buffer, current buffer count is 16
I1102 18:56:43.510952 IO-0/EL  buffer_pool.h:25] BufferPool[IO-0_Write]: Allocate new buffer, current buffer count is 17
I1102 18:56:43.510976 IO-0/EL  buffer_pool.h:25] BufferPool[IO-0_Write]: Allocate new buffer, current buffer count is 18
I1102 18:56:43.510986 IO-0/EL  buffer_pool.h:25] BufferPool[IO-0_Write]: Allocate new buffer, current buffer count is 19
I1102 18:56:44.085069 IO-0/EL  buffer_pool.h:25] BufferPool[IO-0_Write]: Allocate new buffer, current buffer count is 20
I1102 18:56:44.743423 IO-0/EL  buffer_pool.h:25] BufferPool[IO-0_Write]: Allocate new buffer, current buffer count is 21
I1102 18:56:48.538914 Main     server_base.cpp:35] Server: Scheduled to stop
I1102 18:56:48.539029 IO-0/EL  message_connection.cpp:284] LauncherConnection[1]: Connection closed remotely
I1102 18:56:48.539013 Server/E server_base.cpp:109] Server: Start stopping process
I1102 18:56:48.539098 IO-0/EL  io_worker.cpp:206] IO-0: Start stopping process
I1102 18:56:48.539168 Server/E server_base.cpp:55] Server: Event loop finishes
