I1102 19:02:37.898842 Main     thread.cpp:100] Register main thread: tid=1393693
E1102 19:02:37.898975 Main     docker.cpp:59] Cannot find docker's cgroup in /proc/self/cgroup
I1102 19:02:37.902188 Launcher thread.cpp:40] Start thread: Launcher/EL
I1102 19:02:37.902240 Launcher thread.cpp:64] Does not find cpuset setting for IO threads (can be set by FAAS_IO_THREAD_CPUSET)
I1102 19:02:37.902246 Launcher thread.cpp:82] Does not find nice setting for IO threads (can be set by FAAS_IO_THREAD_NICE)
I1102 19:02:37.902250 Launcher launcher.cpp:96] Launcher: Event loop starts
I1102 19:02:37.902269 Launcher engine_connection.cpp:93] EngineConnection: Connected to engine, start writing handshake message
I1102 19:02:37.902705 Launcher buffer_pool.h:25] BufferPool[Launcher]: Allocate new buffer, current buffer count is 1
I1102 19:02:37.902743 Launcher func_config.cpp:135] Load configuration for function Echo[1]
I1102 19:02:37.902753 Launcher engine_connection.cpp:65] EngineConnection: Handshake done
W1102 19:02:37.922143 Launcher engine_connection.cpp:166] EngineConnection: nread=0, will do nothing
I1102 19:02:45.477820 Main     launcher.cpp:44] Launcher: Scheduled to stop
E1102 19:02:45.478212 Launcher launcher.cpp:72] Launcher: Connection to engine disconnected
I1102 19:02:45.478231 Launcher launcher.cpp:44] Launcher: Scheduled to stop
W1102 19:02:45.518986 Launcher launcher.cpp:87] Launcher: Function process 0 terminated
W1102 19:02:45.526472 Launcher launcher.cpp:87] Launcher: Function process 31 terminated
W1102 19:02:45.526488 Launcher launcher.cpp:87] Launcher: Function process 23 terminated
W1102 19:02:45.526496 Launcher launcher.cpp:87] Launcher: Function process 16 terminated
W1102 19:02:45.526500 Launcher launcher.cpp:87] Launcher: Function process 10 terminated
W1102 19:02:45.526504 Launcher launcher.cpp:87] Launcher: Function process 6 terminated
W1102 19:02:45.526515 Launcher launcher.cpp:87] Launcher: Function process 3 terminated
W1102 19:02:45.526519 Launcher launcher.cpp:87] Launcher: Function process 1 terminated
W1102 19:02:45.526523 Launcher launcher.cpp:87] Launcher: Function process 22 terminated
W1102 19:02:45.526527 Launcher launcher.cpp:87] Launcher: Function process 18 terminated
W1102 19:02:45.526531 Launcher launcher.cpp:87] Launcher: Function process 12 terminated
W1102 19:02:45.526720 Launcher launcher.cpp:87] Launcher: Function process 30 terminated
W1102 19:02:45.526727 Launcher launcher.cpp:87] Launcher: Function process 17 terminated
W1102 19:02:45.526731 Launcher launcher.cpp:87] Launcher: Function process 7 terminated
W1102 19:02:45.526735 Launcher launcher.cpp:87] Launcher: Function process 4 terminated
W1102 19:02:45.526810 Launcher launcher.cpp:87] Launcher: Function process 21 terminated
W1102 19:02:45.527076 Launcher launcher.cpp:87] Launcher: Function process 29 terminated
W1102 19:02:45.527082 Launcher launcher.cpp:87] Launcher: Function process 28 terminated
W1102 19:02:45.527086 Launcher launcher.cpp:87] Launcher: Function process 26 terminated
W1102 19:02:45.527089 Launcher launcher.cpp:87] Launcher: Function process 25 terminated
W1102 19:02:45.527093 Launcher launcher.cpp:87] Launcher: Function process 24 terminated
W1102 19:02:45.527096 Launcher launcher.cpp:87] Launcher: Function process 20 terminated
W1102 19:02:45.527099 Launcher launcher.cpp:87] Launcher: Function process 19 terminated
W1102 19:02:45.527103 Launcher launcher.cpp:87] Launcher: Function process 5 terminated
W1102 19:02:45.527321 Launcher launcher.cpp:87] Launcher: Function process 27 terminated
W1102 19:02:45.527326 Launcher launcher.cpp:87] Launcher: Function process 15 terminated
W1102 19:02:45.527329 Launcher launcher.cpp:87] Launcher: Function process 14 terminated
W1102 19:02:45.527333 Launcher launcher.cpp:87] Launcher: Function process 13 terminated
W1102 19:02:45.527336 Launcher launcher.cpp:87] Launcher: Function process 11 terminated
W1102 19:02:45.527340 Launcher launcher.cpp:87] Launcher: Function process 9 terminated
W1102 19:02:45.527343 Launcher launcher.cpp:87] Launcher: Function process 8 terminated
W1102 19:02:45.527367 Launcher launcher.cpp:87] Launcher: Function process 2 terminated
I1102 19:02:45.527371 Launcher launcher.cpp:101] Launcher: Event loop finishes
I1102 19:02:45.527426 Main     launcher.cpp:68] Launcher: Stopped
