$ /users/vj2267/nightcore/benchmarks/run_bench.sh --duration 5 --workers 32 --remote vj2267@sm110p-10s10615.wisc.cloudlab.us --remote_addr 10.10.1.2 --machnet --local_machnet_ip 10.10.1.1 --mode noop --target_rps 90000

=== Nightcore Stress Test (noop mode) ===
Mode: noop
Function: Noop
Workers: 32
Duration: 5 seconds
Target RPS (global): 90000
Input size: 64 bytes
Inflight limit per connection: 1
Engine IO workers: 1
Gateway conns per worker: 1
Warmup: 0 seconds
Stress Client: Remote (vj2267@sm110p-10s10615.wisc.cloudlab.us)
Engine Connection Address: 10.10.1.2 (explicit)
Transport: Machnet
  Remote Machnet IP: 10.10.1.2
  Local Machnet IP: 10.10.1.1

Cleaning up any existing stress_client on remote...
Starting stress_client on remote host vj2267@sm110p-10s10615.wisc.cloudlab.us...
  Remote SSH process PID: 1372384
  Output will be saved to: /users/vj2267/nightcore/benchmarks/outputs/stress_client_remote.txt
Waiting for remote stress_client to start...
I1102 18:14:22.872290 Main     thread.cpp:100] Register main thread: tid=1130504
I1102 18:14:22.872365 Main     stress_client.cpp:179] Using Machnet transport on 10.10.1.2:10007
I1102 18:14:22.872370 Main     stress_client_machnet.cpp:37] Starting Machnet event-loop thread...
[Loop Thread 138842369685184] Machnet event-loop thread started
I1102 18:14:22.875594 Server/E thread.cpp:40] Start thread: Server/EL
I1102 18:14:22.875637 Server/E server_base.cpp:50] Server: Event loop starts
I1102 18:14:23.375710 Main     stress_client.cpp:43] === Nightcore Stress Test ===
I1102 18:14:23.375749 Main     stress_client.cpp:44] Function ID: 1
I1102 18:14:23.375758 Main     stress_client.cpp:45] Method ID: 0
I1102 18:14:23.375762 Main     stress_client.cpp:46] Input size: 64 bytes
I1102 18:14:23.375767 Main     stress_client.cpp:47] Global target RPS: 90000
I1102 18:14:23.375773 Main     stress_client.cpp:50] Inflight limit per connection: 1
I1102 18:14:23.375778 Main     stress_client.cpp:51] Warmup: 0s, Duration: 5s
I1102 18:14:23.375783 Main     stress_client.cpp:53] 
I1102 18:14:23.375788 Main     stress_client.cpp:54] ========================================
I1102 18:14:23.375792 Main     stress_client.cpp:57] Waiting for Engine to connect...
Checking for file descriptor...
Got a file descriptor!
Listening on Machnet 10.10.1.2:10007 for Engine connections[Loop Thread 138842369685184] Machnet listener created
Starting Engine (connecting to 10.10.1.2:10007)...
  Engine PID: 1372392
New Machnet connection created: 168427777:1024 -> 168427778:10007
[Receive Thread 138842369685184] Handshake: pinned send flow 168427778:10007 -> 168427777:1024
[Loop Thread 138842369685184] Now sending on flow 168427778:10007 -> 168427777:1024
I1102 18:14:27.379666 Main     stress_client.cpp:71] Engine connected with 1 connection(s)
I1102 18:14:27.379703 Main     stress_client.cpp:73] Global target RPS: 90000
I1102 18:14:27.379709 Main     stress_client.cpp:76] 
I1102 18:14:27.379714 Main     stress_client.cpp:79] Waiting 3 seconds for workers to initialize...
Starting Launcher with 32 workers...
All components started. Stress test will begin after warmup...

I1102 18:14:31.385021 Main     stress_common.cpp:30] [T+1s] Sent: 90917 | Completed: 90915 | Failed: 0 | Latencies: 90915
I1102 18:14:32.387223 Main     stress_common.cpp:30] [T+2s] Sent: 181856 | Completed: 181853 | Failed: 0 | Latencies: 181853
I1102 18:14:33.388635 Main     stress_common.cpp:30] [T+3s] Sent: 272769 | Completed: 272767 | Failed: 0 | Latencies: 272767
I1102 18:14:34.390254 Main     stress_common.cpp:30] [T+4s] Sent: 363687 | Completed: 363684 | Failed: 0 | Latencies: 363684
I1102 18:14:35.391931 Main     stress_common.cpp:30] [T+5s] Sent: 453643 | Completed: 453643 | Failed: 0 | Latencies: 450000
I1102 18:14:35.391966 Main     stress_client.cpp:116] 
I1102 18:14:35.392649 Main     stress_common.cpp:42] ========================================
I1102 18:14:35.392659 Main     stress_common.cpp:43] === Stress Test Results ===
I1102 18:14:35.392664 Main     stress_common.cpp:44] ========================================
I1102 18:14:35.392668 Main     stress_common.cpp:45] Transport:         Machnet
I1102 18:14:35.392675 Main     stress_common.cpp:46] Connections:       1
I1102 18:14:35.392680 Main     stress_common.cpp:47] Duration:          5.01 seconds
I1102 18:14:35.392695 Main     stress_common.cpp:48] Total Sent:        453643
I1102 18:14:35.392700 Main     stress_common.cpp:49] Total Completed:   453643 (100.00%)
I1102 18:14:35.392706 Main     stress_common.cpp:52] Total Failed:      0 (0.00%)
I1102 18:14:35.392713 Main     stress_common.cpp:55] 
I1102 18:14:35.392718 Main     stress_common.cpp:56] Throughput:        90583.9 rps
I1102 18:14:35.392724 Main     stress_common.cpp:57] 
I1102 18:14:35.435708 Main     stress_common.cpp:71] Latency (us):
I1102 18:14:35.435721 Main     stress_common.cpp:72]   Min:    16
I1102 18:14:35.435727 Main     stress_common.cpp:73]   p50:    28
I1102 18:14:35.435732 Main     stress_common.cpp:74]   p90:    31
I1102 18:14:35.435736 Main     stress_common.cpp:75]   p99:    40
I1102 18:14:35.435739 Main     stress_common.cpp:76]   p99.9:  121
I1102 18:14:35.435743 Main     stress_common.cpp:77]   Max:    1981
I1102 18:14:35.435747 Main     stress_common.cpp:82] ========================================
I1102 18:14:35.435752 Main     server_base.cpp:35] Server: Scheduled to stop
I1102 18:14:35.435878 Server/E server_base.cpp:109] Server: Start stopping process
[Loop Thread 138842369685184] Machnet event-loop thread finished
I1102 18:14:35.435994 Server/E server_base.cpp:55] Server: Event loop finishes
I1102 18:14:35.436140 Main     server_base.cpp:46] Server: Stopped

Stress test completed. Shutting down...

Copying results from remote host...
Remote stress_client output:
I1102 18:14:22.872290 Main     thread.cpp:100] Register main thread: tid=1130504
I1102 18:14:22.872365 Main     stress_client.cpp:179] Using Machnet transport on 10.10.1.2:10007
I1102 18:14:22.872370 Main     stress_client_machnet.cpp:37] Starting Machnet event-loop thread...
[Loop Thread 138842369685184] Machnet event-loop thread started
I1102 18:14:22.875594 Server/E thread.cpp:40] Start thread: Server/EL
I1102 18:14:22.875637 Server/E server_base.cpp:50] Server: Event loop starts
I1102 18:14:23.375710 Main     stress_client.cpp:43] === Nightcore Stress Test ===
I1102 18:14:23.375749 Main     stress_client.cpp:44] Function ID: 1
I1102 18:14:23.375758 Main     stress_client.cpp:45] Method ID: 0
I1102 18:14:23.375762 Main     stress_client.cpp:46] Input size: 64 bytes
I1102 18:14:23.375767 Main     stress_client.cpp:47] Global target RPS: 90000
I1102 18:14:23.375773 Main     stress_client.cpp:50] Inflight limit per connection: 1
I1102 18:14:23.375778 Main     stress_client.cpp:51] Warmup: 0s, Duration: 5s
I1102 18:14:23.375783 Main     stress_client.cpp:53] 
I1102 18:14:23.375788 Main     stress_client.cpp:54] ========================================
I1102 18:14:23.375792 Main     stress_client.cpp:57] Waiting for Engine to connect...
Checking for file descriptor...
Got a file descriptor!
Listening on Machnet 10.10.1.2:10007 for Engine connections[Loop Thread 138842369685184] Machnet listener created
New Machnet connection created: 168427777:1024 -> 168427778:10007
[Receive Thread 138842369685184] Handshake: pinned send flow 168427778:10007 -> 168427777:1024
[Loop Thread 138842369685184] Now sending on flow 168427778:10007 -> 168427777:1024
I1102 18:14:27.379666 Main     stress_client.cpp:71] Engine connected with 1 connection(s)
I1102 18:14:27.379703 Main     stress_client.cpp:73] Global target RPS: 90000
I1102 18:14:27.379709 Main     stress_client.cpp:76] 
I1102 18:14:27.379714 Main     stress_client.cpp:79] Waiting 3 seconds for workers to initialize...
I1102 18:14:31.385021 Main     stress_common.cpp:30] [T+1s] Sent: 90917 | Completed: 90915 | Failed: 0 | Latencies: 90915
I1102 18:14:32.387223 Main     stress_common.cpp:30] [T+2s] Sent: 181856 | Completed: 181853 | Failed: 0 | Latencies: 181853
I1102 18:14:33.388635 Main     stress_common.cpp:30] [T+3s] Sent: 272769 | Completed: 272767 | Failed: 0 | Latencies: 272767
I1102 18:14:34.390254 Main     stress_common.cpp:30] [T+4s] Sent: 363687 | Completed: 363684 | Failed: 0 | Latencies: 363684
I1102 18:14:35.391931 Main     stress_common.cpp:30] [T+5s] Sent: 453643 | Completed: 453643 | Failed: 0 | Latencies: 450000
I1102 18:14:35.391966 Main     stress_client.cpp:116] 
I1102 18:14:35.392649 Main     stress_common.cpp:42] ========================================
I1102 18:14:35.392659 Main     stress_common.cpp:43] === Stress Test Results ===
I1102 18:14:35.392664 Main     stress_common.cpp:44] ========================================
I1102 18:14:35.392668 Main     stress_common.cpp:45] Transport:         Machnet
I1102 18:14:35.392675 Main     stress_common.cpp:46] Connections:       1
I1102 18:14:35.392680 Main     stress_common.cpp:47] Duration:          5.01 seconds
I1102 18:14:35.392695 Main     stress_common.cpp:48] Total Sent:        453643
I1102 18:14:35.392700 Main     stress_common.cpp:49] Total Completed:   453643 (100.00%)
I1102 18:14:35.392706 Main     stress_common.cpp:52] Total Failed:      0 (0.00%)
I1102 18:14:35.392713 Main     stress_common.cpp:55] 
I1102 18:14:35.392718 Main     stress_common.cpp:56] Throughput:        90583.9 rps
I1102 18:14:35.392724 Main     stress_common.cpp:57] 
I1102 18:14:35.435708 Main     stress_common.cpp:71] Latency (us):
I1102 18:14:35.435721 Main     stress_common.cpp:72]   Min:    16
I1102 18:14:35.435727 Main     stress_common.cpp:73]   p50:    28
I1102 18:14:35.435732 Main     stress_common.cpp:74]   p90:    31
I1102 18:14:35.435736 Main     stress_common.cpp:75]   p99:    40
I1102 18:14:35.435739 Main     stress_common.cpp:76]   p99.9:  121
I1102 18:14:35.435743 Main     stress_common.cpp:77]   Max:    1981
I1102 18:14:35.435747 Main     stress_common.cpp:82] ========================================
I1102 18:14:35.435752 Main     server_base.cpp:35] Server: Scheduled to stop
I1102 18:14:35.435878 Server/E server_base.cpp:109] Server: Start stopping process
[Loop Thread 138842369685184] Machnet event-loop thread finished
I1102 18:14:35.435994 Server/E server_base.cpp:55] Server: Event loop finishes
I1102 18:14:35.436140 Main     server_base.cpp:46] Server: Stopped

Cleaning up any remaining remote stress_client processes...

Logs saved to:
  Engine:   /users/vj2267/nightcore/benchmarks/outputs/engine.log
  Launcher: /users/vj2267/nightcore/benchmarks/outputs/launcher.log
  Workers:  /users/vj2267/nightcore/benchmarks/outputs/Noop_worker_*.stdout
