I1102 17:57:42.531305 Main     thread.cpp:100] Register main thread: tid=1367958
E1102 17:57:42.531567 Main     docker.cpp:59] Cannot find docker's cgroup in /proc/self/cgroup
I1102 17:57:42.531613 Main     func_config.cpp:135] Load configuration for function Noop[1]
I1102 17:57:42.531624 Main     engine.cpp:109] Engine: Start 1 IO workers
I1102 17:57:42.534854 IO-0/EL  thread.cpp:40] Start thread: IO-0/EL
I1102 17:57:42.534903 IO-0/EL  io_worker.cpp:192] IO-0: Event loop starts
Checking for file descriptor...
Got a file descriptor!
I1102 17:57:44.351188 Main     engine.cpp:180] Engine: Created 1 Machnet connections to Gateway at 10.10.1.2:10007
I1102 17:57:44.351299 Main     engine.cpp:208] Engine: Listen on /dev/shm/faas_ipc/engine.sock for IPC connections
I1102 17:57:44.351504 Server/E thread.cpp:40] Start thread: Server/EL
I1102 17:57:44.351634 Server/E server_base.cpp:50] Server: Event loop starts
I1102 17:57:44.535213 Server/E engine.cpp:674] Engine: New message connection
I1102 17:57:44.538416 IO-0/EL  buffer_pool.h:25] BufferPool[IO-0_Read]: Allocate new buffer, current buffer count is 1
I1102 17:57:44.538443 IO-0/EL  engine.cpp:277] Engine: Receive new handshake message from message connection
I1102 17:57:44.538447 IO-0/EL  worker_manager.cpp:23] WorkerManager: Launcher of func_id 1 connected
I1102 17:57:44.538450 IO-0/EL  worker_manager.cpp:131] WorkerManager: Request new FuncWorker for func_id 1 with client_id 1
I1102 17:57:44.538466 IO-0/EL  worker_manager.cpp:131] WorkerManager: Request new FuncWorker for func_id 1 with client_id 2
I1102 17:57:44.538475 IO-0/EL  worker_manager.cpp:131] WorkerManager: Request new FuncWorker for func_id 1 with client_id 3
I1102 17:57:44.538482 IO-0/EL  worker_manager.cpp:131] WorkerManager: Request new FuncWorker for func_id 1 with client_id 4
I1102 17:57:44.538506 IO-0/EL  buffer_pool.h:25] BufferPool[IO-0_Write]: Allocate new buffer, current buffer count is 1
I1102 17:57:44.538516 IO-0/EL  message_connection.cpp:269] LauncherConnection[1]: Handshake done
I1102 17:57:44.542184 Server/E engine.cpp:674] Engine: New message connection
I1102 17:57:44.542211 IO-0/EL  engine.cpp:277] Engine: Receive new handshake message from message connection
I1102 17:57:44.542216 IO-0/EL  worker_manager.cpp:60] WorkerManager: FuncWorker of func_id 1, client_id 1 connected
I1102 17:57:44.542225 IO-0/EL  dispatcher.cpp:47] Dispatcher[1]: min_workers=4
I1102 17:57:44.542234 IO-0/EL  dispatcher.cpp:51] Dispatcher[1]: max_workers=4
I1102 17:57:44.542255 IO-0/EL  message_connection.cpp:269] FuncWorkerConnection[1-1]: Handshake done
I1102 17:57:44.544501 Server/E engine.cpp:674] Engine: New message connection
I1102 17:57:44.544522 IO-0/EL  engine.cpp:277] Engine: Receive new handshake message from message connection
I1102 17:57:44.544526 IO-0/EL  worker_manager.cpp:60] WorkerManager: FuncWorker of func_id 1, client_id 2 connected
I1102 17:57:44.544538 IO-0/EL  message_connection.cpp:269] FuncWorkerConnection[1-2]: Handshake done
I1102 17:57:44.545472 Server/E engine.cpp:674] Engine: New message connection
I1102 17:57:44.545500 IO-0/EL  engine.cpp:277] Engine: Receive new handshake message from message connection
I1102 17:57:44.545504 IO-0/EL  worker_manager.cpp:60] WorkerManager: FuncWorker of func_id 1, client_id 3 connected
I1102 17:57:44.545516 IO-0/EL  message_connection.cpp:269] FuncWorkerConnection[1-3]: Handshake done
I1102 17:57:44.545893 Server/E engine.cpp:674] Engine: New message connection
I1102 17:57:44.545913 IO-0/EL  engine.cpp:277] Engine: Receive new handshake message from message connection
I1102 17:57:44.545917 IO-0/EL  worker_manager.cpp:60] WorkerManager: FuncWorker of func_id 1, client_id 4 connected
I1102 17:57:44.545928 IO-0/EL  message_connection.cpp:269] FuncWorkerConnection[1-4]: Handshake done
I1102 17:57:47.360140 IO-0/EL  buffer_pool.h:25] BufferPool[IO-0_Write]: Allocate new buffer, current buffer count is 2
I1102 17:57:47.360174 IO-0/EL  buffer_pool.h:25] BufferPool[IO-0_Write]: Allocate new buffer, current buffer count is 3
I1102 17:57:47.360188 IO-0/EL  buffer_pool.h:25] BufferPool[IO-0_Write]: Allocate new buffer, current buffer count is 4
I1102 17:57:48.999131 IO-0/EL  buffer_pool.h:25] BufferPool[IO-0_Write]: Allocate new buffer, current buffer count is 5
I1102 17:57:50.639249 IO-0/EL  buffer_pool.h:25] BufferPool[IO-0_Write]: Allocate new buffer, current buffer count is 6
I1102 17:57:52.385758 Main     server_base.cpp:35] Server: Scheduled to stop
I1102 17:57:52.385935 Server/E server_base.cpp:109] Server: Start stopping process
I1102 17:57:52.385998 IO-0/EL  message_connection.cpp:284] LauncherConnection[1]: Connection closed remotely
