I1102 17:57:44.534939 Main     thread.cpp:100] Register main thread: tid=1367962
E1102 17:57:44.535072 Main     docker.cpp:59] Cannot find docker's cgroup in /proc/self/cgroup
I1102 17:57:44.538324 Launcher thread.cpp:40] Start thread: Launcher/EL
I1102 17:57:44.538370 Launcher thread.cpp:64] Does not find cpuset setting for IO threads (can be set by FAAS_IO_THREAD_CPUSET)
I1102 17:57:44.538376 Launcher thread.cpp:82] Does not find nice setting for IO threads (can be set by FAAS_IO_THREAD_NICE)
I1102 17:57:44.538380 Launcher launcher.cpp:96] Launcher: Event loop starts
I1102 17:57:44.538399 Launcher engine_connection.cpp:93] EngineConnection: Connected to engine, start writing handshake message
I1102 17:57:44.538501 Launcher buffer_pool.h:25] BufferPool[Launcher]: Allocate new buffer, current buffer count is 1
I1102 17:57:44.538533 Launcher func_config.cpp:135] Load configuration for function Noop[1]
I1102 17:57:44.538543 Launcher engine_connection.cpp:65] EngineConnection: Handshake done
W1102 17:57:44.542743 Launcher engine_connection.cpp:166] EngineConnection: nread=0, will do nothing
I1102 17:57:52.385785 Main     launcher.cpp:44] Launcher: Scheduled to stop
E1102 17:57:52.386034 Launcher launcher.cpp:72] Launcher: Connection to engine disconnected
I1102 17:57:52.386083 Launcher launcher.cpp:44] Launcher: Scheduled to stop
W1102 17:57:52.386604 Launcher launcher.cpp:87] Launcher: Function process 3 terminated
W1102 17:57:52.386615 Launcher launcher.cpp:87] Launcher: Function process 0 terminated
W1102 17:57:52.386927 Launcher launcher.cpp:87] Launcher: Function process 2 terminated
W1102 17:57:52.386936 Launcher launcher.cpp:87] Launcher: Function process 1 terminated
I1102 17:57:52.386941 Launcher launcher.cpp:101] Launcher: Event loop finishes
I1102 17:57:52.386996 Main     launcher.cpp:68] Launcher: Stopped
