I1102 17:46:40.316218 Main     thread.cpp:100] Register main thread: tid=1365053
E1102 17:46:40.316459 Main     docker.cpp:59] Cannot find docker's cgroup in /proc/self/cgroup
I1102 17:46:40.316506 Main     func_config.cpp:135] Load configuration for function Noop[1]
I1102 17:46:40.316517 Main     engine.cpp:109] Engine: Start 1 IO workers
I1102 17:46:40.319720 IO-0/EL  thread.cpp:40] Start thread: IO-0/EL
I1102 17:46:40.319768 IO-0/EL  io_worker.cpp:192] IO-0: Event loop starts
Checking for file descriptor...
Got a file descriptor!
I1102 17:46:41.348893 Main     engine.cpp:180] Engine: Created 1 Machnet connections to Gateway at 10.10.1.2:10007
I1102 17:46:41.349007 Main     engine.cpp:208] Engine: Listen on /dev/shm/faas_ipc/engine.sock for IPC connections
I1102 17:46:41.349156 Server/E thread.cpp:40] Start thread: Server/EL
I1102 17:46:41.349271 Server/E server_base.cpp:50] Server: Event loop starts
I1102 17:46:42.320019 Server/E engine.cpp:674] Engine: New message connection
I1102 17:46:42.323284 IO-0/EL  buffer_pool.h:25] BufferPool[IO-0_Read]: Allocate new buffer, current buffer count is 1
I1102 17:46:42.323318 IO-0/EL  engine.cpp:277] Engine: Receive new handshake message from message connection
I1102 17:46:42.323323 IO-0/EL  worker_manager.cpp:23] WorkerManager: Launcher of func_id 1 connected
I1102 17:46:42.323328 IO-0/EL  worker_manager.cpp:131] WorkerManager: Request new FuncWorker for func_id 1 with client_id 1
I1102 17:46:42.323363 IO-0/EL  buffer_pool.h:25] BufferPool[IO-0_Write]: Allocate new buffer, current buffer count is 1
I1102 17:46:42.323373 IO-0/EL  message_connection.cpp:269] LauncherConnection[1]: Handshake done
I1102 17:46:42.326551 Server/E engine.cpp:674] Engine: New message connection
I1102 17:46:42.326582 IO-0/EL  engine.cpp:277] Engine: Receive new handshake message from message connection
I1102 17:46:42.326587 IO-0/EL  worker_manager.cpp:60] WorkerManager: FuncWorker of func_id 1, client_id 1 connected
I1102 17:46:42.326598 IO-0/EL  dispatcher.cpp:47] Dispatcher[1]: min_workers=1
I1102 17:46:42.326602 IO-0/EL  dispatcher.cpp:51] Dispatcher[1]: max_workers=1
I1102 17:46:42.326623 IO-0/EL  message_connection.cpp:269] FuncWorkerConnection[1-1]: Handshake done
I1102 17:46:49.446156 Main     server_base.cpp:35] Server: Scheduled to stop
I1102 17:46:49.446352 IO-0/EL  message_connection.cpp:284] LauncherConnection[1]: Connection closed remotely
I1102 17:46:49.446337 Server/E server_base.cpp:109] Server: Start stopping process
I1102 17:46:49.446403 IO-0/EL  io_worker.cpp:206] IO-0: Start stopping process
