I1102 18:44:44.539399 Main     thread.cpp:100] Register main thread: tid=1387750
E1102 18:44:44.539653 Main     docker.cpp:59] Cannot find docker's cgroup in /proc/self/cgroup
I1102 18:44:44.539717 Main     func_config.cpp:135] Load configuration for function Echo[1]
I1102 18:44:44.539730 Main     engine.cpp:109] Engine: Start 1 IO workers
I1102 18:44:44.542972 IO-0/EL  thread.cpp:40] Start thread: IO-0/EL
I1102 18:44:44.543020 IO-0/EL  io_worker.cpp:192] IO-0: Event loop starts
Checking for file descriptor...
Got a file descriptor!
I1102 18:44:46.361610 Main     engine.cpp:180] Engine: Created 1 Machnet connections to Gateway at 10.10.1.2:10007
I1102 18:44:46.361656 Main     engine.cpp:208] Engine: Listen on /dev/shm/faas_ipc/engine.sock for IPC connections
I1102 18:44:46.361840 Server/E thread.cpp:40] Start thread: Server/EL
I1102 18:44:46.361961 Server/E server_base.cpp:50] Server: Event loop starts
I1102 18:44:46.540392 Server/E engine.cpp:674] Engine: New message connection
I1102 18:44:46.543681 IO-0/EL  buffer_pool.h:25] BufferPool[IO-0_Read]: Allocate new buffer, current buffer count is 1
I1102 18:44:46.543716 IO-0/EL  engine.cpp:277] Engine: Receive new handshake message from message connection
I1102 18:44:46.543722 IO-0/EL  worker_manager.cpp:23] WorkerManager: Launcher of func_id 1 connected
I1102 18:44:46.543727 IO-0/EL  worker_manager.cpp:131] WorkerManager: Request new FuncWorker for func_id 1 with client_id 1
I1102 18:44:46.543747 IO-0/EL  worker_manager.cpp:131] WorkerManager: Request new FuncWorker for func_id 1 with client_id 2
I1102 18:44:46.543759 IO-0/EL  worker_manager.cpp:131] WorkerManager: Request new FuncWorker for func_id 1 with client_id 3
I1102 18:44:46.543769 IO-0/EL  worker_manager.cpp:131] WorkerManager: Request new FuncWorker for func_id 1 with client_id 4
I1102 18:44:46.543794 IO-0/EL  buffer_pool.h:25] BufferPool[IO-0_Write]: Allocate new buffer, current buffer count is 1
I1102 18:44:46.543805 IO-0/EL  message_connection.cpp:269] LauncherConnection[1]: Handshake done
I1102 18:44:46.548196 Server/E engine.cpp:674] Engine: New message connection
I1102 18:44:46.548225 IO-0/EL  engine.cpp:277] Engine: Receive new handshake message from message connection
I1102 18:44:46.548230 IO-0/EL  worker_manager.cpp:60] WorkerManager: FuncWorker of func_id 1, client_id 1 connected
I1102 18:44:46.548240 IO-0/EL  dispatcher.cpp:47] Dispatcher[1]: min_workers=4
I1102 18:44:46.548249 IO-0/EL  dispatcher.cpp:51] Dispatcher[1]: max_workers=4
I1102 18:44:46.548272 IO-0/EL  message_connection.cpp:269] FuncWorkerConnection[1-1]: Handshake done
I1102 18:44:46.548960 Server/E engine.cpp:674] Engine: New message connection
I1102 18:44:46.548989 IO-0/EL  engine.cpp:277] Engine: Receive new handshake message from message connection
I1102 18:44:46.548994 IO-0/EL  worker_manager.cpp:60] WorkerManager: FuncWorker of func_id 1, client_id 3 connected
I1102 18:44:46.549009 IO-0/EL  message_connection.cpp:269] FuncWorkerConnection[1-3]: Handshake done
I1102 18:44:46.549169 Server/E engine.cpp:674] Engine: New message connection
I1102 18:44:46.549200 IO-0/EL  engine.cpp:277] Engine: Receive new handshake message from message connection
I1102 18:44:46.549205 IO-0/EL  worker_manager.cpp:60] WorkerManager: FuncWorker of func_id 1, client_id 2 connected
I1102 18:44:46.549219 IO-0/EL  message_connection.cpp:269] FuncWorkerConnection[1-2]: Handshake done
I1102 18:44:46.550623 Server/E engine.cpp:674] Engine: New message connection
I1102 18:44:46.550650 IO-0/EL  engine.cpp:277] Engine: Receive new handshake message from message connection
I1102 18:44:46.550656 IO-0/EL  worker_manager.cpp:60] WorkerManager: FuncWorker of func_id 1, client_id 4 connected
I1102 18:44:46.550669 IO-0/EL  message_connection.cpp:269] FuncWorkerConnection[1-4]: Handshake done
I1102 18:44:49.449825 IO-0/EL  buffer_pool.h:25] BufferPool[IO-0_Write]: Allocate new buffer, current buffer count is 2
I1102 18:44:49.449854 IO-0/EL  buffer_pool.h:25] BufferPool[IO-0_Write]: Allocate new buffer, current buffer count is 3
I1102 18:44:49.449864 IO-0/EL  buffer_pool.h:25] BufferPool[IO-0_Write]: Allocate new buffer, current buffer count is 4
I1102 18:44:50.236508 IO-0/EL  buffer_pool.h:25] BufferPool[IO-0_Write]: Allocate new buffer, current buffer count is 5
I1102 18:44:54.492690 Main     server_base.cpp:35] Server: Scheduled to stop
I1102 18:44:54.492801 IO-0/EL  message_connection.cpp:284] LauncherConnection[1]: Connection closed remotely
I1102 18:44:54.492820 Server/E server_base.cpp:109] Server: Start stopping process
I1102 18:44:54.492883 IO-0/EL  io_worker.cpp:206] IO-0: Start stopping process
