I1102 18:07:05.912919 Main     thread.cpp:100] Register main thread: tid=1370179
E1102 18:07:05.913057 Main     docker.cpp:59] Cannot find docker's cgroup in /proc/self/cgroup
I1102 18:07:05.916319 Launcher thread.cpp:40] Start thread: Launcher/EL
I1102 18:07:05.916373 Launcher thread.cpp:64] Does not find cpuset setting for IO threads (can be set by FAAS_IO_THREAD_CPUSET)
I1102 18:07:05.916379 Launcher thread.cpp:82] Does not find nice setting for IO threads (can be set by FAAS_IO_THREAD_NICE)
I1102 18:07:05.916383 Launcher launcher.cpp:96] Launcher: Event loop starts
I1102 18:07:05.916401 Launcher engine_connection.cpp:93] EngineConnection: Connected to engine, start writing handshake message
I1102 18:07:05.916655 Launcher buffer_pool.h:25] BufferPool[Launcher]: Allocate new buffer, current buffer count is 1
I1102 18:07:05.916682 Launcher func_config.cpp:135] Load configuration for function Noop[1]
I1102 18:07:05.916693 Launcher engine_connection.cpp:65] EngineConnection: Handshake done
W1102 18:07:05.929680 Launcher engine_connection.cpp:166] EngineConnection: nread=0, will do nothing
I1102 18:07:13.449918 Main     launcher.cpp:44] Launcher: Scheduled to stop
E1102 18:07:13.450145 Launcher launcher.cpp:72] Launcher: Connection to engine disconnected
I1102 18:07:13.450190 Launcher launcher.cpp:44] Launcher: Scheduled to stop
W1102 18:07:13.450605 Launcher launcher.cpp:87] Launcher: Function process 14 terminated
W1102 18:07:13.451532 Launcher launcher.cpp:87] Launcher: Function process 2 terminated
W1102 18:07:13.451556 Launcher launcher.cpp:87] Launcher: Function process 1 terminated
W1102 18:07:13.451567 Launcher launcher.cpp:87] Launcher: Function process 0 terminated
W1102 18:07:13.451578 Launcher launcher.cpp:87] Launcher: Function process 15 terminated
W1102 18:07:13.451589 Launcher launcher.cpp:87] Launcher: Function process 13 terminated
W1102 18:07:13.451599 Launcher launcher.cpp:87] Launcher: Function process 12 terminated
W1102 18:07:13.451609 Launcher launcher.cpp:87] Launcher: Function process 11 terminated
W1102 18:07:13.451619 Launcher launcher.cpp:87] Launcher: Function process 10 terminated
W1102 18:07:13.451629 Launcher launcher.cpp:87] Launcher: Function process 9 terminated
W1102 18:07:13.451639 Launcher launcher.cpp:87] Launcher: Function process 8 terminated
W1102 18:07:13.451649 Launcher launcher.cpp:87] Launcher: Function process 7 terminated
W1102 18:07:13.451659 Launcher launcher.cpp:87] Launcher: Function process 6 terminated
W1102 18:07:13.451668 Launcher launcher.cpp:87] Launcher: Function process 5 terminated
W1102 18:07:13.451678 Launcher launcher.cpp:87] Launcher: Function process 4 terminated
W1102 18:07:13.451688 Launcher launcher.cpp:87] Launcher: Function process 3 terminated
I1102 18:07:13.451698 Launcher launcher.cpp:101] Launcher: Event loop finishes
I1102 18:07:13.451802 Main     launcher.cpp:68] Launcher: Stopped
