I1102 18:24:54.610503 Main     thread.cpp:100] Register main thread: tid=1377373
E1102 18:24:54.611679 Main     docker.cpp:59] Cannot find docker's cgroup in /proc/self/cgroup
I1102 18:24:54.611750 Main     func_config.cpp:135] Load configuration for function Noop[1]
I1102 18:24:54.611761 Main     engine.cpp:109] Engine: Start 1 IO workers
I1102 18:24:54.614989 IO-0/EL  thread.cpp:40] Start thread: IO-0/EL
I1102 18:24:54.615037 IO-0/EL  io_worker.cpp:192] IO-0: Event loop starts
Checking for file descriptor...
Got a file descriptor!
I1102 18:24:56.356979 Main     engine.cpp:180] Engine: Created 1 Machnet connections to Gateway at 10.10.1.2:10007
I1102 18:24:56.357045 Main     engine.cpp:208] Engine: Listen on /dev/shm/faas_ipc/engine.sock for IPC connections
I1102 18:24:56.357274 Server/E thread.cpp:40] Start thread: Server/EL
I1102 18:24:56.357395 Server/E server_base.cpp:50] Server: Event loop starts
I1102 18:24:56.611701 Server/E engine.cpp:674] Engine: New message connection
I1102 18:24:56.615013 IO-0/EL  buffer_pool.h:25] BufferPool[IO-0_Read]: Allocate new buffer, current buffer count is 1
I1102 18:24:56.615045 IO-0/EL  engine.cpp:277] Engine: Receive new handshake message from message connection
I1102 18:24:56.615050 IO-0/EL  worker_manager.cpp:23] WorkerManager: Launcher of func_id 1 connected
I1102 18:24:56.615055 IO-0/EL  worker_manager.cpp:131] WorkerManager: Request new FuncWorker for func_id 1 with client_id 1
I1102 18:24:56.615073 IO-0/EL  worker_manager.cpp:131] WorkerManager: Request new FuncWorker for func_id 1 with client_id 2
I1102 18:24:56.615086 IO-0/EL  worker_manager.cpp:131] WorkerManager: Request new FuncWorker for func_id 1 with client_id 3
I1102 18:24:56.615095 IO-0/EL  worker_manager.cpp:131] WorkerManager: Request new FuncWorker for func_id 1 with client_id 4
I1102 18:24:56.615104 IO-0/EL  worker_manager.cpp:131] WorkerManager: Request new FuncWorker for func_id 1 with client_id 5
I1102 18:24:56.615114 IO-0/EL  worker_manager.cpp:131] WorkerManager: Request new FuncWorker for func_id 1 with client_id 6
I1102 18:24:56.615124 IO-0/EL  worker_manager.cpp:131] WorkerManager: Request new FuncWorker for func_id 1 with client_id 7
I1102 18:24:56.615134 IO-0/EL  worker_manager.cpp:131] WorkerManager: Request new FuncWorker for func_id 1 with client_id 8
I1102 18:24:56.615147 IO-0/EL  worker_manager.cpp:131] WorkerManager: Request new FuncWorker for func_id 1 with client_id 9
I1102 18:24:56.615156 IO-0/EL  worker_manager.cpp:131] WorkerManager: Request new FuncWorker for func_id 1 with client_id 10
I1102 18:24:56.615167 IO-0/EL  worker_manager.cpp:131] WorkerManager: Request new FuncWorker for func_id 1 with client_id 11
I1102 18:24:56.615177 IO-0/EL  worker_manager.cpp:131] WorkerManager: Request new FuncWorker for func_id 1 with client_id 12
I1102 18:24:56.615188 IO-0/EL  worker_manager.cpp:131] WorkerManager: Request new FuncWorker for func_id 1 with client_id 13
I1102 18:24:56.615197 IO-0/EL  worker_manager.cpp:131] WorkerManager: Request new FuncWorker for func_id 1 with client_id 14
I1102 18:24:56.615206 IO-0/EL  worker_manager.cpp:131] WorkerManager: Request new FuncWorker for func_id 1 with client_id 15
I1102 18:24:56.615217 IO-0/EL  worker_manager.cpp:131] WorkerManager: Request new FuncWorker for func_id 1 with client_id 16
I1102 18:24:56.615226 IO-0/EL  worker_manager.cpp:131] WorkerManager: Request new FuncWorker for func_id 1 with client_id 17
I1102 18:24:56.615246 IO-0/EL  worker_manager.cpp:131] WorkerManager: Request new FuncWorker for func_id 1 with client_id 18
I1102 18:24:56.615255 IO-0/EL  worker_manager.cpp:131] WorkerManager: Request new FuncWorker for func_id 1 with client_id 19
I1102 18:24:56.615266 IO-0/EL  worker_manager.cpp:131] WorkerManager: Request new FuncWorker for func_id 1 with client_id 20
I1102 18:24:56.615278 IO-0/EL  worker_manager.cpp:131] WorkerManager: Request new FuncWorker for func_id 1 with client_id 21
I1102 18:24:56.615288 IO-0/EL  worker_manager.cpp:131] WorkerManager: Request new FuncWorker for func_id 1 with client_id 22
I1102 18:24:56.615297 IO-0/EL  worker_manager.cpp:131] WorkerManager: Request new FuncWorker for func_id 1 with client_id 23
I1102 18:24:56.615324 IO-0/EL  worker_manager.cpp:131] WorkerManager: Request new FuncWorker for func_id 1 with client_id 24
I1102 18:24:56.615334 IO-0/EL  worker_manager.cpp:131] WorkerManager: Request new FuncWorker for func_id 1 with client_id 25
I1102 18:24:56.615343 IO-0/EL  worker_manager.cpp:131] WorkerManager: Request new FuncWorker for func_id 1 with client_id 26
I1102 18:24:56.615352 IO-0/EL  worker_manager.cpp:131] WorkerManager: Request new FuncWorker for func_id 1 with client_id 27
I1102 18:24:56.615364 IO-0/EL  worker_manager.cpp:131] WorkerManager: Request new FuncWorker for func_id 1 with client_id 28
I1102 18:24:56.615374 IO-0/EL  worker_manager.cpp:131] WorkerManager: Request new FuncWorker for func_id 1 with client_id 29
I1102 18:24:56.615384 IO-0/EL  worker_manager.cpp:131] WorkerManager: Request new FuncWorker for func_id 1 with client_id 30
I1102 18:24:56.615394 IO-0/EL  worker_manager.cpp:131] WorkerManager: Request new FuncWorker for func_id 1 with client_id 31
I1102 18:24:56.615404 IO-0/EL  worker_manager.cpp:131] WorkerManager: Request new FuncWorker for func_id 1 with client_id 32
I1102 18:24:56.615413 IO-0/EL  worker_manager.cpp:131] WorkerManager: Request new FuncWorker for func_id 1 with client_id 33
I1102 18:24:56.615450 IO-0/EL  worker_manager.cpp:131] WorkerManager: Request new FuncWorker for func_id 1 with client_id 34
I1102 18:24:56.615462 IO-0/EL  worker_manager.cpp:131] WorkerManager: Request new FuncWorker for func_id 1 with client_id 35
I1102 18:24:56.615475 IO-0/EL  worker_manager.cpp:131] WorkerManager: Request new FuncWorker for func_id 1 with client_id 36
I1102 18:24:56.615484 IO-0/EL  worker_manager.cpp:131] WorkerManager: Request new FuncWorker for func_id 1 with client_id 37
I1102 18:24:56.615494 IO-0/EL  worker_manager.cpp:131] WorkerManager: Request new FuncWorker for func_id 1 with client_id 38
I1102 18:24:56.615504 IO-0/EL  worker_manager.cpp:131] WorkerManager: Request new FuncWorker for func_id 1 with client_id 39
I1102 18:24:56.615515 IO-0/EL  worker_manager.cpp:131] WorkerManager: Request new FuncWorker for func_id 1 with client_id 40
I1102 18:24:56.615525 IO-0/EL  worker_manager.cpp:131] WorkerManager: Request new FuncWorker for func_id 1 with client_id 41
I1102 18:24:56.615533 IO-0/EL  worker_manager.cpp:131] WorkerManager: Request new FuncWorker for func_id 1 with client_id 42
I1102 18:24:56.615544 IO-0/EL  worker_manager.cpp:131] WorkerManager: Request new FuncWorker for func_id 1 with client_id 43
I1102 18:24:56.615555 IO-0/EL  worker_manager.cpp:131] WorkerManager: Request new FuncWorker for func_id 1 with client_id 44
I1102 18:24:56.615566 IO-0/EL  worker_manager.cpp:131] WorkerManager: Request new FuncWorker for func_id 1 with client_id 45
I1102 18:24:56.615577 IO-0/EL  worker_manager.cpp:131] WorkerManager: Request new FuncWorker for func_id 1 with client_id 46
I1102 18:24:56.615586 IO-0/EL  worker_manager.cpp:131] WorkerManager: Request new FuncWorker for func_id 1 with client_id 47
I1102 18:24:56.615597 IO-0/EL  worker_manager.cpp:131] WorkerManager: Request new FuncWorker for func_id 1 with client_id 48
I1102 18:24:56.615607 IO-0/EL  worker_manager.cpp:131] WorkerManager: Request new FuncWorker for func_id 1 with client_id 49
I1102 18:24:56.615616 IO-0/EL  worker_manager.cpp:131] WorkerManager: Request new FuncWorker for func_id 1 with client_id 50
I1102 18:24:56.615626 IO-0/EL  worker_manager.cpp:131] WorkerManager: Request new FuncWorker for func_id 1 with client_id 51
I1102 18:24:56.615637 IO-0/EL  worker_manager.cpp:131] WorkerManager: Request new FuncWorker for func_id 1 with client_id 52
I1102 18:24:56.615647 IO-0/EL  worker_manager.cpp:131] WorkerManager: Request new FuncWorker for func_id 1 with client_id 53
I1102 18:24:56.615658 IO-0/EL  worker_manager.cpp:131] WorkerManager: Request new FuncWorker for func_id 1 with client_id 54
I1102 18:24:56.615667 IO-0/EL  worker_manager.cpp:131] WorkerManager: Request new FuncWorker for func_id 1 with client_id 55
I1102 18:24:56.615678 IO-0/EL  worker_manager.cpp:131] WorkerManager: Request new FuncWorker for func_id 1 with client_id 56
I1102 18:24:56.615695 IO-0/EL  worker_manager.cpp:131] WorkerManager: Request new FuncWorker for func_id 1 with client_id 57
I1102 18:24:56.615705 IO-0/EL  worker_manager.cpp:131] WorkerManager: Request new FuncWorker for func_id 1 with client_id 58
I1102 18:24:56.615719 IO-0/EL  worker_manager.cpp:131] WorkerManager: Request new FuncWorker for func_id 1 with client_id 59
I1102 18:24:56.615731 IO-0/EL  worker_manager.cpp:131] WorkerManager: Request new FuncWorker for func_id 1 with client_id 60
I1102 18:24:56.615742 IO-0/EL  worker_manager.cpp:131] WorkerManager: Request new FuncWorker for func_id 1 with client_id 61
I1102 18:24:56.615752 IO-0/EL  worker_manager.cpp:131] WorkerManager: Request new FuncWorker for func_id 1 with client_id 62
I1102 18:24:56.615760 IO-0/EL  worker_manager.cpp:131] WorkerManager: Request new FuncWorker for func_id 1 with client_id 63
I1102 18:24:56.615771 IO-0/EL  worker_manager.cpp:131] WorkerManager: Request new FuncWorker for func_id 1 with client_id 64
I1102 18:24:56.615781 IO-0/EL  worker_manager.cpp:131] WorkerManager: Request new FuncWorker for func_id 1 with client_id 65
I1102 18:24:56.615831 IO-0/EL  worker_manager.cpp:131] WorkerManager: Request new FuncWorker for func_id 1 with client_id 66
I1102 18:24:56.615842 IO-0/EL  worker_manager.cpp:131] WorkerManager: Request new FuncWorker for func_id 1 with client_id 67
I1102 18:24:56.615851 IO-0/EL  worker_manager.cpp:131] WorkerManager: Request new FuncWorker for func_id 1 with client_id 68
I1102 18:24:56.615865 IO-0/EL  worker_manager.cpp:131] WorkerManager: Request new FuncWorker for func_id 1 with client_id 69
I1102 18:24:56.615874 IO-0/EL  worker_manager.cpp:131] WorkerManager: Request new FuncWorker for func_id 1 with client_id 70
I1102 18:24:56.615883 IO-0/EL  worker_manager.cpp:131] WorkerManager: Request new FuncWorker for func_id 1 with client_id 71
I1102 18:24:56.615892 IO-0/EL  worker_manager.cpp:131] WorkerManager: Request new FuncWorker for func_id 1 with client_id 72
I1102 18:24:56.615905 IO-0/EL  worker_manager.cpp:131] WorkerManager: Request new FuncWorker for func_id 1 with client_id 73
I1102 18:24:56.615914 IO-0/EL  worker_manager.cpp:131] WorkerManager: Request new FuncWorker for func_id 1 with client_id 74
I1102 18:24:56.615924 IO-0/EL  worker_manager.cpp:131] WorkerManager: Request new FuncWorker for func_id 1 with client_id 75
I1102 18:24:56.615934 IO-0/EL  worker_manager.cpp:131] WorkerManager: Request new FuncWorker for func_id 1 with client_id 76
I1102 18:24:56.615946 IO-0/EL  worker_manager.cpp:131] WorkerManager: Request new FuncWorker for func_id 1 with client_id 77
I1102 18:24:56.615955 IO-0/EL  worker_manager.cpp:131] WorkerManager: Request new FuncWorker for func_id 1 with client_id 78
I1102 18:24:56.615964 IO-0/EL  worker_manager.cpp:131] WorkerManager: Request new FuncWorker for func_id 1 with client_id 79
I1102 18:24:56.615974 IO-0/EL  worker_manager.cpp:131] WorkerManager: Request new FuncWorker for func_id 1 with client_id 80
I1102 18:24:56.615988 IO-0/EL  worker_manager.cpp:131] WorkerManager: Request new FuncWorker for func_id 1 with client_id 81
I1102 18:24:56.615997 IO-0/EL  worker_manager.cpp:131] WorkerManager: Request new FuncWorker for func_id 1 with client_id 82
I1102 18:24:56.616007 IO-0/EL  worker_manager.cpp:131] WorkerManager: Request new FuncWorker for func_id 1 with client_id 83
I1102 18:24:56.616018 IO-0/EL  worker_manager.cpp:131] WorkerManager: Request new FuncWorker for func_id 1 with client_id 84
I1102 18:24:56.616031 IO-0/EL  worker_manager.cpp:131] WorkerManager: Request new FuncWorker for func_id 1 with client_id 85
I1102 18:24:56.616041 IO-0/EL  worker_manager.cpp:131] WorkerManager: Request new FuncWorker for func_id 1 with client_id 86
I1102 18:24:56.616049 IO-0/EL  worker_manager.cpp:131] WorkerManager: Request new FuncWorker for func_id 1 with client_id 87
I1102 18:24:56.616060 IO-0/EL  worker_manager.cpp:131] WorkerManager: Request new FuncWorker for func_id 1 with client_id 88
I1102 18:24:56.616077 IO-0/EL  worker_manager.cpp:131] WorkerManager: Request new FuncWorker for func_id 1 with client_id 89
I1102 18:24:56.616087 IO-0/EL  worker_manager.cpp:131] WorkerManager: Request new FuncWorker for func_id 1 with client_id 90
I1102 18:24:56.616097 IO-0/EL  worker_manager.cpp:131] WorkerManager: Request new FuncWorker for func_id 1 with client_id 91
I1102 18:24:56.616107 IO-0/EL  worker_manager.cpp:131] WorkerManager: Request new FuncWorker for func_id 1 with client_id 92
I1102 18:24:56.616118 IO-0/EL  worker_manager.cpp:131] WorkerManager: Request new FuncWorker for func_id 1 with client_id 93
I1102 18:24:56.616128 IO-0/EL  worker_manager.cpp:131] WorkerManager: Request new FuncWorker for func_id 1 with client_id 94
I1102 18:24:56.616137 IO-0/EL  worker_manager.cpp:131] WorkerManager: Request new FuncWorker for func_id 1 with client_id 95
I1102 18:24:56.616148 IO-0/EL  worker_manager.cpp:131] WorkerManager: Request new FuncWorker for func_id 1 with client_id 96
I1102 18:24:56.616159 IO-0/EL  worker_manager.cpp:131] WorkerManager: Request new FuncWorker for func_id 1 with client_id 97
I1102 18:24:56.616175 IO-0/EL  worker_manager.cpp:131] WorkerManager: Request new FuncWorker for func_id 1 with client_id 98
I1102 18:24:56.616185 IO-0/EL  worker_manager.cpp:131] WorkerManager: Request new FuncWorker for func_id 1 with client_id 99
I1102 18:24:56.616194 IO-0/EL  worker_manager.cpp:131] WorkerManager: Request new FuncWorker for func_id 1 with client_id 100
I1102 18:24:56.616205 IO-0/EL  worker_manager.cpp:131] WorkerManager: Request new FuncWorker for func_id 1 with client_id 101
I1102 18:24:56.616215 IO-0/EL  worker_manager.cpp:131] WorkerManager: Request new FuncWorker for func_id 1 with client_id 102
I1102 18:24:56.616225 IO-0/EL  worker_manager.cpp:131] WorkerManager: Request new FuncWorker for func_id 1 with client_id 103
I1102 18:24:56.616235 IO-0/EL  worker_manager.cpp:131] WorkerManager: Request new FuncWorker for func_id 1 with client_id 104
I1102 18:24:56.616246 IO-0/EL  worker_manager.cpp:131] WorkerManager: Request new FuncWorker for func_id 1 with client_id 105
I1102 18:24:56.616257 IO-0/EL  worker_manager.cpp:131] WorkerManager: Request new FuncWorker for func_id 1 with client_id 106
I1102 18:24:56.616267 IO-0/EL  worker_manager.cpp:131] WorkerManager: Request new FuncWorker for func_id 1 with client_id 107
I1102 18:24:56.616276 IO-0/EL  worker_manager.cpp:131] WorkerManager: Request new FuncWorker for func_id 1 with client_id 108
I1102 18:24:56.616287 IO-0/EL  worker_manager.cpp:131] WorkerManager: Request new FuncWorker for func_id 1 with client_id 109
I1102 18:24:56.616297 IO-0/EL  worker_manager.cpp:131] WorkerManager: Request new FuncWorker for func_id 1 with client_id 110
I1102 18:24:56.616308 IO-0/EL  worker_manager.cpp:131] WorkerManager: Request new FuncWorker for func_id 1 with client_id 111
I1102 18:24:56.616317 IO-0/EL  worker_manager.cpp:131] WorkerManager: Request new FuncWorker for func_id 1 with client_id 112
I1102 18:24:56.616328 IO-0/EL  worker_manager.cpp:131] WorkerManager: Request new FuncWorker for func_id 1 with client_id 113
I1102 18:24:56.616339 IO-0/EL  worker_manager.cpp:131] WorkerManager: Request new FuncWorker for func_id 1 with client_id 114
I1102 18:24:56.616348 IO-0/EL  worker_manager.cpp:131] WorkerManager: Request new FuncWorker for func_id 1 with client_id 115
I1102 18:24:56.616358 IO-0/EL  worker_manager.cpp:131] WorkerManager: Request new FuncWorker for func_id 1 with client_id 116
I1102 18:24:56.616369 IO-0/EL  worker_manager.cpp:131] WorkerManager: Request new FuncWorker for func_id 1 with client_id 117
I1102 18:24:56.616385 IO-0/EL  worker_manager.cpp:131] WorkerManager: Request new FuncWorker for func_id 1 with client_id 118
I1102 18:24:56.616395 IO-0/EL  worker_manager.cpp:131] WorkerManager: Request new FuncWorker for func_id 1 with client_id 119
I1102 18:24:56.616404 IO-0/EL  worker_manager.cpp:131] WorkerManager: Request new FuncWorker for func_id 1 with client_id 120
I1102 18:24:56.616417 IO-0/EL  worker_manager.cpp:131] WorkerManager: Request new FuncWorker for func_id 1 with client_id 121
I1102 18:24:56.616432 IO-0/EL  worker_manager.cpp:131] WorkerManager: Request new FuncWorker for func_id 1 with client_id 122
I1102 18:24:56.616441 IO-0/EL  worker_manager.cpp:131] WorkerManager: Request new FuncWorker for func_id 1 with client_id 123
I1102 18:24:56.616450 IO-0/EL  worker_manager.cpp:131] WorkerManager: Request new FuncWorker for func_id 1 with client_id 124
I1102 18:24:56.616461 IO-0/EL  worker_manager.cpp:131] WorkerManager: Request new FuncWorker for func_id 1 with client_id 125
I1102 18:24:56.616472 IO-0/EL  worker_manager.cpp:131] WorkerManager: Request new FuncWorker for func_id 1 with client_id 126
I1102 18:24:56.616481 IO-0/EL  worker_manager.cpp:131] WorkerManager: Request new FuncWorker for func_id 1 with client_id 127
I1102 18:24:56.616491 IO-0/EL  worker_manager.cpp:131] WorkerManager: Request new FuncWorker for func_id 1 with client_id 128
I1102 18:24:56.616598 IO-0/EL  buffer_pool.h:25] BufferPool[IO-0_Write]: Allocate new buffer, current buffer count is 1
I1102 18:24:56.616631 IO-0/EL  buffer_pool.h:25] BufferPool[IO-0_Write]: Allocate new buffer, current buffer count is 2
I1102 18:24:56.616661 IO-0/EL  message_connection.cpp:269] LauncherConnection[1]: Handshake done
I1102 18:24:56.620399 Server/E engine.cpp:674] Engine: New message connection
I1102 18:24:56.620435 IO-0/EL  engine.cpp:277] Engine: Receive new handshake message from message connection
I1102 18:24:56.620441 IO-0/EL  worker_manager.cpp:60] WorkerManager: FuncWorker of func_id 1, client_id 1 connected
I1102 18:24:56.620451 IO-0/EL  dispatcher.cpp:47] Dispatcher[1]: min_workers=128
I1102 18:24:56.620455 IO-0/EL  dispatcher.cpp:51] Dispatcher[1]: max_workers=128
I1102 18:24:56.620476 IO-0/EL  message_connection.cpp:269] FuncWorkerConnection[1-1]: Handshake done
I1102 18:24:56.621690 Server/E engine.cpp:674] Engine: New message connection
I1102 18:24:56.621718 IO-0/EL  engine.cpp:277] Engine: Receive new handshake message from message connection
I1102 18:24:56.621724 IO-0/EL  worker_manager.cpp:60] WorkerManager: FuncWorker of func_id 1, client_id 2 connected
I1102 18:24:56.621739 IO-0/EL  message_connection.cpp:269] FuncWorkerConnection[1-2]: Handshake done
I1102 18:24:56.622133 Server/E engine.cpp:674] Engine: New message connection
I1102 18:24:56.622157 IO-0/EL  engine.cpp:277] Engine: Receive new handshake message from message connection
I1102 18:24:56.622161 IO-0/EL  worker_manager.cpp:60] WorkerManager: FuncWorker of func_id 1, client_id 3 connected
I1102 18:24:56.622174 IO-0/EL  message_connection.cpp:269] FuncWorkerConnection[1-3]: Handshake done
I1102 18:24:56.623805 Server/E engine.cpp:674] Engine: New message connection
I1102 18:24:56.623832 IO-0/EL  engine.cpp:277] Engine: Receive new handshake message from message connection
I1102 18:24:56.623837 IO-0/EL  worker_manager.cpp:60] WorkerManager: FuncWorker of func_id 1, client_id 4 connected
I1102 18:24:56.623850 IO-0/EL  message_connection.cpp:269] FuncWorkerConnection[1-4]: Handshake done
I1102 18:24:56.624280 Server/E engine.cpp:674] Engine: New message connection
I1102 18:24:56.624299 IO-0/EL  engine.cpp:277] Engine: Receive new handshake message from message connection
I1102 18:24:56.624304 IO-0/EL  worker_manager.cpp:60] WorkerManager: FuncWorker of func_id 1, client_id 5 connected
I1102 18:24:56.624317 IO-0/EL  message_connection.cpp:269] FuncWorkerConnection[1-5]: Handshake done
I1102 18:24:56.625645 Server/E engine.cpp:674] Engine: New message connection
I1102 18:24:56.625679 IO-0/EL  engine.cpp:277] Engine: Receive new handshake message from message connection
I1102 18:24:56.625684 IO-0/EL  worker_manager.cpp:60] WorkerManager: FuncWorker of func_id 1, client_id 6 connected
I1102 18:24:56.625698 IO-0/EL  message_connection.cpp:269] FuncWorkerConnection[1-6]: Handshake done
I1102 18:24:56.626960 Server/E engine.cpp:674] Engine: New message connection
I1102 18:24:56.626984 IO-0/EL  engine.cpp:277] Engine: Receive new handshake message from message connection
I1102 18:24:56.626988 IO-0/EL  worker_manager.cpp:60] WorkerManager: FuncWorker of func_id 1, client_id 7 connected
I1102 18:24:56.627010 IO-0/EL  message_connection.cpp:269] FuncWorkerConnection[1-7]: Handshake done
I1102 18:24:56.627378 Server/E engine.cpp:674] Engine: New message connection
I1102 18:24:56.627419 IO-0/EL  engine.cpp:277] Engine: Receive new handshake message from message connection
I1102 18:24:56.627424 IO-0/EL  worker_manager.cpp:60] WorkerManager: FuncWorker of func_id 1, client_id 8 connected
I1102 18:24:56.627437 IO-0/EL  message_connection.cpp:269] FuncWorkerConnection[1-8]: Handshake done
I1102 18:24:56.628405 Server/E engine.cpp:674] Engine: New message connection
I1102 18:24:56.628450 IO-0/EL  engine.cpp:277] Engine: Receive new handshake message from message connection
I1102 18:24:56.628455 IO-0/EL  worker_manager.cpp:60] WorkerManager: FuncWorker of func_id 1, client_id 9 connected
I1102 18:24:56.628469 IO-0/EL  message_connection.cpp:269] FuncWorkerConnection[1-9]: Handshake done
I1102 18:24:56.629657 Server/E engine.cpp:674] Engine: New message connection
I1102 18:24:56.629704 IO-0/EL  engine.cpp:277] Engine: Receive new handshake message from message connection
I1102 18:24:56.629712 IO-0/EL  worker_manager.cpp:60] WorkerManager: FuncWorker of func_id 1, client_id 11 connected
I1102 18:24:56.629727 IO-0/EL  message_connection.cpp:269] FuncWorkerConnection[1-11]: Handshake done
I1102 18:24:56.629852 Server/E engine.cpp:674] Engine: New message connection
I1102 18:24:56.629890 IO-0/EL  engine.cpp:277] Engine: Receive new handshake message from message connection
I1102 18:24:56.629895 IO-0/EL  worker_manager.cpp:60] WorkerManager: FuncWorker of func_id 1, client_id 12 connected
I1102 18:24:56.629908 IO-0/EL  message_connection.cpp:269] FuncWorkerConnection[1-12]: Handshake done
I1102 18:24:56.629950 Server/E engine.cpp:674] Engine: New message connection
I1102 18:24:56.629973 IO-0/EL  engine.cpp:277] Engine: Receive new handshake message from message connection
I1102 18:24:56.629978 IO-0/EL  worker_manager.cpp:60] WorkerManager: FuncWorker of func_id 1, client_id 10 connected
I1102 18:24:56.629990 IO-0/EL  message_connection.cpp:269] FuncWorkerConnection[1-10]: Handshake done
I1102 18:24:56.630483 Server/E engine.cpp:674] Engine: New message connection
I1102 18:24:56.630513 IO-0/EL  engine.cpp:277] Engine: Receive new handshake message from message connection
I1102 18:24:56.630518 IO-0/EL  worker_manager.cpp:60] WorkerManager: FuncWorker of func_id 1, client_id 13 connected
I1102 18:24:56.630530 IO-0/EL  message_connection.cpp:269] FuncWorkerConnection[1-13]: Handshake done
I1102 18:24:56.630846 Server/E engine.cpp:674] Engine: New message connection
I1102 18:24:56.630877 IO-0/EL  engine.cpp:277] Engine: Receive new handshake message from message connection
I1102 18:24:56.630882 IO-0/EL  worker_manager.cpp:60] WorkerManager: FuncWorker of func_id 1, client_id 14 connected
I1102 18:24:56.630895 IO-0/EL  message_connection.cpp:269] FuncWorkerConnection[1-14]: Handshake done
I1102 18:24:56.631900 Server/E engine.cpp:674] Engine: New message connection
I1102 18:24:56.631935 IO-0/EL  engine.cpp:277] Engine: Receive new handshake message from message connection
I1102 18:24:56.631940 IO-0/EL  worker_manager.cpp:60] WorkerManager: FuncWorker of func_id 1, client_id 16 connected
I1102 18:24:56.631954 IO-0/EL  message_connection.cpp:269] FuncWorkerConnection[1-16]: Handshake done
I1102 18:24:56.632008 Server/E engine.cpp:674] Engine: New message connection
I1102 18:24:56.632034 IO-0/EL  engine.cpp:277] Engine: Receive new handshake message from message connection
I1102 18:24:56.632038 IO-0/EL  worker_manager.cpp:60] WorkerManager: FuncWorker of func_id 1, client_id 15 connected
I1102 18:24:56.632051 IO-0/EL  message_connection.cpp:269] FuncWorkerConnection[1-15]: Handshake done
I1102 18:24:56.632730 Server/E engine.cpp:674] Engine: New message connection
I1102 18:24:56.632761 IO-0/EL  engine.cpp:277] Engine: Receive new handshake message from message connection
I1102 18:24:56.632765 IO-0/EL  worker_manager.cpp:60] WorkerManager: FuncWorker of func_id 1, client_id 18 connected
I1102 18:24:56.632790 IO-0/EL  message_connection.cpp:269] FuncWorkerConnection[1-18]: Handshake done
I1102 18:24:56.633006 Server/E engine.cpp:674] Engine: New message connection
I1102 18:24:56.633041 IO-0/EL  engine.cpp:277] Engine: Receive new handshake message from message connection
I1102 18:24:56.633045 IO-0/EL  worker_manager.cpp:60] WorkerManager: FuncWorker of func_id 1, client_id 17 connected
I1102 18:24:56.633059 IO-0/EL  message_connection.cpp:269] FuncWorkerConnection[1-17]: Handshake done
I1102 18:24:56.633252 Server/E engine.cpp:674] Engine: New message connection
I1102 18:24:56.633281 IO-0/EL  engine.cpp:277] Engine: Receive new handshake message from message connection
I1102 18:24:56.633285 IO-0/EL  worker_manager.cpp:60] WorkerManager: FuncWorker of func_id 1, client_id 19 connected
I1102 18:24:56.633298 IO-0/EL  message_connection.cpp:269] FuncWorkerConnection[1-19]: Handshake done
I1102 18:24:56.633771 Server/E engine.cpp:674] Engine: New message connection
I1102 18:24:56.633800 IO-0/EL  engine.cpp:277] Engine: Receive new handshake message from message connection
I1102 18:24:56.633805 IO-0/EL  worker_manager.cpp:60] WorkerManager: FuncWorker of func_id 1, client_id 20 connected
I1102 18:24:56.633818 IO-0/EL  message_connection.cpp:269] FuncWorkerConnection[1-20]: Handshake done
I1102 18:24:56.634276 Server/E engine.cpp:674] Engine: New message connection
I1102 18:24:56.634310 IO-0/EL  engine.cpp:277] Engine: Receive new handshake message from message connection
I1102 18:24:56.634315 IO-0/EL  worker_manager.cpp:60] WorkerManager: FuncWorker of func_id 1, client_id 21 connected
I1102 18:24:56.634328 IO-0/EL  message_connection.cpp:269] FuncWorkerConnection[1-21]: Handshake done
I1102 18:24:56.634437 Server/E engine.cpp:674] Engine: New message connection
I1102 18:24:56.634470 IO-0/EL  engine.cpp:277] Engine: Receive new handshake message from message connection
I1102 18:24:56.634475 IO-0/EL  worker_manager.cpp:60] WorkerManager: FuncWorker of func_id 1, client_id 22 connected
I1102 18:24:56.634487 IO-0/EL  message_connection.cpp:269] FuncWorkerConnection[1-22]: Handshake done
I1102 18:24:56.635038 Server/E engine.cpp:674] Engine: New message connection
I1102 18:24:56.635066 IO-0/EL  engine.cpp:277] Engine: Receive new handshake message from message connection
I1102 18:24:56.635071 IO-0/EL  worker_manager.cpp:60] WorkerManager: FuncWorker of func_id 1, client_id 23 connected
I1102 18:24:56.635083 IO-0/EL  message_connection.cpp:269] FuncWorkerConnection[1-23]: Handshake done
I1102 18:24:56.635151 Server/E engine.cpp:674] Engine: New message connection
I1102 18:24:56.635171 IO-0/EL  engine.cpp:277] Engine: Receive new handshake message from message connection
I1102 18:24:56.635176 IO-0/EL  worker_manager.cpp:60] WorkerManager: FuncWorker of func_id 1, client_id 24 connected
I1102 18:24:56.635188 IO-0/EL  message_connection.cpp:269] FuncWorkerConnection[1-24]: Handshake done
I1102 18:24:56.635910 Server/E engine.cpp:674] Engine: New message connection
I1102 18:24:56.635947 IO-0/EL  engine.cpp:277] Engine: Receive new handshake message from message connection
I1102 18:24:56.635952 IO-0/EL  worker_manager.cpp:60] WorkerManager: FuncWorker of func_id 1, client_id 25 connected
I1102 18:24:56.635965 IO-0/EL  message_connection.cpp:269] FuncWorkerConnection[1-25]: Handshake done
I1102 18:24:56.636347 Server/E engine.cpp:674] Engine: New message connection
I1102 18:24:56.636375 IO-0/EL  engine.cpp:277] Engine: Receive new handshake message from message connection
I1102 18:24:56.636379 IO-0/EL  worker_manager.cpp:60] WorkerManager: FuncWorker of func_id 1, client_id 26 connected
I1102 18:24:56.636392 IO-0/EL  message_connection.cpp:269] FuncWorkerConnection[1-26]: Handshake done
I1102 18:24:56.638195 Server/E engine.cpp:674] Engine: New message connection
I1102 18:24:56.638233 IO-0/EL  engine.cpp:277] Engine: Receive new handshake message from message connection
I1102 18:24:56.638235 Server/E engine.cpp:674] Engine: New message connection
I1102 18:24:56.638238 IO-0/EL  worker_manager.cpp:60] WorkerManager: FuncWorker of func_id 1, client_id 28 connected
I1102 18:24:56.638263 IO-0/EL  message_connection.cpp:269] FuncWorkerConnection[1-28]: Handshake done
I1102 18:24:56.638282 IO-0/EL  engine.cpp:277] Engine: Receive new handshake message from message connection
I1102 18:24:56.638287 IO-0/EL  worker_manager.cpp:60] WorkerManager: FuncWorker of func_id 1, client_id 29 connected
I1102 18:24:56.638300 IO-0/EL  message_connection.cpp:269] FuncWorkerConnection[1-29]: Handshake done
I1102 18:24:56.638458 Server/E engine.cpp:674] Engine: New message connection
I1102 18:24:56.638481 IO-0/EL  engine.cpp:277] Engine: Receive new handshake message from message connection
I1102 18:24:56.638486 IO-0/EL  worker_manager.cpp:60] WorkerManager: FuncWorker of func_id 1, client_id 27 connected
I1102 18:24:56.638503 IO-0/EL  message_connection.cpp:269] FuncWorkerConnection[1-27]: Handshake done
I1102 18:24:56.639870 Server/E engine.cpp:674] Engine: New message connection
I1102 18:24:56.639914 IO-0/EL  engine.cpp:277] Engine: Receive new handshake message from message connection
I1102 18:24:56.639919 IO-0/EL  worker_manager.cpp:60] WorkerManager: FuncWorker of func_id 1, client_id 31 connected
I1102 18:24:56.639932 IO-0/EL  message_connection.cpp:269] FuncWorkerConnection[1-31]: Handshake done
I1102 18:24:56.640048 Server/E engine.cpp:674] Engine: New message connection
I1102 18:24:56.640072 IO-0/EL  engine.cpp:277] Engine: Receive new handshake message from message connection
I1102 18:24:56.640076 IO-0/EL  worker_manager.cpp:60] WorkerManager: FuncWorker of func_id 1, client_id 32 connected
I1102 18:24:56.640089 IO-0/EL  message_connection.cpp:269] FuncWorkerConnection[1-32]: Handshake done
I1102 18:24:56.640147 Server/E engine.cpp:674] Engine: New message connection
I1102 18:24:56.640181 IO-0/EL  engine.cpp:277] Engine: Receive new handshake message from message connection
I1102 18:24:56.640186 IO-0/EL  worker_manager.cpp:60] WorkerManager: FuncWorker of func_id 1, client_id 30 connected
I1102 18:24:56.640199 IO-0/EL  message_connection.cpp:269] FuncWorkerConnection[1-30]: Handshake done
I1102 18:24:56.640826 Server/E engine.cpp:674] Engine: New message connection
I1102 18:24:56.640856 IO-0/EL  engine.cpp:277] Engine: Receive new handshake message from message connection
I1102 18:24:56.640861 IO-0/EL  worker_manager.cpp:60] WorkerManager: FuncWorker of func_id 1, client_id 33 connected
I1102 18:24:56.640874 IO-0/EL  message_connection.cpp:269] FuncWorkerConnection[1-33]: Handshake done
I1102 18:24:56.641262 Server/E engine.cpp:674] Engine: New message connection
I1102 18:24:56.641295 IO-0/EL  engine.cpp:277] Engine: Receive new handshake message from message connection
I1102 18:24:56.641299 IO-0/EL  worker_manager.cpp:60] WorkerManager: FuncWorker of func_id 1, client_id 34 connected
I1102 18:24:56.641313 IO-0/EL  message_connection.cpp:269] FuncWorkerConnection[1-34]: Handshake done
I1102 18:24:56.641380 Server/E engine.cpp:674] Engine: New message connection
I1102 18:24:56.641401 IO-0/EL  engine.cpp:277] Engine: Receive new handshake message from message connection
I1102 18:24:56.641405 IO-0/EL  worker_manager.cpp:60] WorkerManager: FuncWorker of func_id 1, client_id 35 connected
I1102 18:24:56.641417 IO-0/EL  message_connection.cpp:269] FuncWorkerConnection[1-35]: Handshake done
I1102 18:24:56.642214 Server/E engine.cpp:674] Engine: New message connection
I1102 18:24:56.642249 IO-0/EL  engine.cpp:277] Engine: Receive new handshake message from message connection
I1102 18:24:56.642254 IO-0/EL  worker_manager.cpp:60] WorkerManager: FuncWorker of func_id 1, client_id 36 connected
I1102 18:24:56.642267 IO-0/EL  message_connection.cpp:269] FuncWorkerConnection[1-36]: Handshake done
I1102 18:24:56.642633 Server/E engine.cpp:674] Engine: New message connection
I1102 18:24:56.642664 IO-0/EL  engine.cpp:277] Engine: Receive new handshake message from message connection
I1102 18:24:56.642669 IO-0/EL  worker_manager.cpp:60] WorkerManager: FuncWorker of func_id 1, client_id 37 connected
I1102 18:24:56.642681 IO-0/EL  message_connection.cpp:269] FuncWorkerConnection[1-37]: Handshake done
I1102 18:24:56.642718 Server/E engine.cpp:674] Engine: New message connection
I1102 18:24:56.642746 IO-0/EL  engine.cpp:277] Engine: Receive new handshake message from message connection
I1102 18:24:56.642751 IO-0/EL  worker_manager.cpp:60] WorkerManager: FuncWorker of func_id 1, client_id 38 connected
I1102 18:24:56.642764 IO-0/EL  message_connection.cpp:269] FuncWorkerConnection[1-38]: Handshake done
I1102 18:24:56.643459 Server/E engine.cpp:674] Engine: New message connection
I1102 18:24:56.643494 IO-0/EL  engine.cpp:277] Engine: Receive new handshake message from message connection
I1102 18:24:56.643499 IO-0/EL  worker_manager.cpp:60] WorkerManager: FuncWorker of func_id 1, client_id 39 connected
I1102 18:24:56.643512 IO-0/EL  message_connection.cpp:269] FuncWorkerConnection[1-39]: Handshake done
I1102 18:24:56.643943 Server/E engine.cpp:674] Engine: New message connection
I1102 18:24:56.643983 IO-0/EL  engine.cpp:277] Engine: Receive new handshake message from message connection
I1102 18:24:56.643988 IO-0/EL  worker_manager.cpp:60] WorkerManager: FuncWorker of func_id 1, client_id 40 connected
I1102 18:24:56.644001 IO-0/EL  message_connection.cpp:269] FuncWorkerConnection[1-40]: Handshake done
I1102 18:24:56.644607 Server/E engine.cpp:674] Engine: New message connection
I1102 18:24:56.644634 IO-0/EL  engine.cpp:277] Engine: Receive new handshake message from message connection
I1102 18:24:56.644639 IO-0/EL  worker_manager.cpp:60] WorkerManager: FuncWorker of func_id 1, client_id 41 connected
I1102 18:24:56.644652 IO-0/EL  message_connection.cpp:269] FuncWorkerConnection[1-41]: Handshake done
I1102 18:24:56.644897 Server/E engine.cpp:674] Engine: New message connection
I1102 18:24:56.644927 IO-0/EL  engine.cpp:277] Engine: Receive new handshake message from message connection
I1102 18:24:56.644932 IO-0/EL  worker_manager.cpp:60] WorkerManager: FuncWorker of func_id 1, client_id 42 connected
I1102 18:24:56.644945 IO-0/EL  message_connection.cpp:269] FuncWorkerConnection[1-42]: Handshake done
I1102 18:24:56.645330 Server/E engine.cpp:674] Engine: New message connection
I1102 18:24:56.645356 IO-0/EL  engine.cpp:277] Engine: Receive new handshake message from message connection
I1102 18:24:56.645361 IO-0/EL  worker_manager.cpp:60] WorkerManager: FuncWorker of func_id 1, client_id 43 connected
I1102 18:24:56.645377 IO-0/EL  message_connection.cpp:269] FuncWorkerConnection[1-43]: Handshake done
I1102 18:24:56.645975 Server/E engine.cpp:674] Engine: New message connection
I1102 18:24:56.646003 Server/E engine.cpp:674] Engine: New message connection
I1102 18:24:56.646006 IO-0/EL  engine.cpp:277] Engine: Receive new handshake message from message connection
I1102 18:24:56.646025 IO-0/EL  worker_manager.cpp:60] WorkerManager: FuncWorker of func_id 1, client_id 45 connected
I1102 18:24:56.646039 IO-0/EL  message_connection.cpp:269] FuncWorkerConnection[1-45]: Handshake done
I1102 18:24:56.646056 IO-0/EL  engine.cpp:277] Engine: Receive new handshake message from message connection
I1102 18:24:56.646060 IO-0/EL  worker_manager.cpp:60] WorkerManager: FuncWorker of func_id 1, client_id 44 connected
I1102 18:24:56.646073 IO-0/EL  message_connection.cpp:269] FuncWorkerConnection[1-44]: Handshake done
I1102 18:24:56.646702 Server/E engine.cpp:674] Engine: New message connection
I1102 18:24:56.646739 IO-0/EL  engine.cpp:277] Engine: Receive new handshake message from message connection
I1102 18:24:56.646745 IO-0/EL  worker_manager.cpp:60] WorkerManager: FuncWorker of func_id 1, client_id 46 connected
I1102 18:24:56.646758 IO-0/EL  message_connection.cpp:269] FuncWorkerConnection[1-46]: Handshake done
I1102 18:24:56.647174 Server/E engine.cpp:674] Engine: New message connection
I1102 18:24:56.647211 IO-0/EL  engine.cpp:277] Engine: Receive new handshake message from message connection
I1102 18:24:56.647215 IO-0/EL  worker_manager.cpp:60] WorkerManager: FuncWorker of func_id 1, client_id 47 connected
I1102 18:24:56.647229 IO-0/EL  message_connection.cpp:269] FuncWorkerConnection[1-47]: Handshake done
I1102 18:24:56.647654 Server/E engine.cpp:674] Engine: New message connection
I1102 18:24:56.647683 IO-0/EL  engine.cpp:277] Engine: Receive new handshake message from message connection
I1102 18:24:56.647688 IO-0/EL  worker_manager.cpp:60] WorkerManager: FuncWorker of func_id 1, client_id 48 connected
I1102 18:24:56.647700 IO-0/EL  message_connection.cpp:269] FuncWorkerConnection[1-48]: Handshake done
I1102 18:24:56.647759 Server/E engine.cpp:674] Engine: New message connection
I1102 18:24:56.647785 IO-0/EL  engine.cpp:277] Engine: Receive new handshake message from message connection
I1102 18:24:56.647790 IO-0/EL  worker_manager.cpp:60] WorkerManager: FuncWorker of func_id 1, client_id 49 connected
I1102 18:24:56.647803 IO-0/EL  message_connection.cpp:269] FuncWorkerConnection[1-49]: Handshake done
I1102 18:24:56.648523 Server/E engine.cpp:674] Engine: New message connection
I1102 18:24:56.648553 IO-0/EL  engine.cpp:277] Engine: Receive new handshake message from message connection
I1102 18:24:56.648558 IO-0/EL  worker_manager.cpp:60] WorkerManager: FuncWorker of func_id 1, client_id 50 connected
I1102 18:24:56.648570 IO-0/EL  message_connection.cpp:269] FuncWorkerConnection[1-50]: Handshake done
I1102 18:24:56.648669 Server/E engine.cpp:674] Engine: New message connection
I1102 18:24:56.648693 IO-0/EL  engine.cpp:277] Engine: Receive new handshake message from message connection
I1102 18:24:56.648698 IO-0/EL  worker_manager.cpp:60] WorkerManager: FuncWorker of func_id 1, client_id 51 connected
I1102 18:24:56.648715 IO-0/EL  message_connection.cpp:269] FuncWorkerConnection[1-51]: Handshake done
I1102 18:24:56.649394 Server/E engine.cpp:674] Engine: New message connection
I1102 18:24:56.649424 IO-0/EL  engine.cpp:277] Engine: Receive new handshake message from message connection
I1102 18:24:56.649429 IO-0/EL  worker_manager.cpp:60] WorkerManager: FuncWorker of func_id 1, client_id 52 connected
I1102 18:24:56.649442 IO-0/EL  message_connection.cpp:269] FuncWorkerConnection[1-52]: Handshake done
I1102 18:24:56.649873 Server/E engine.cpp:674] Engine: New message connection
I1102 18:24:56.649907 IO-0/EL  engine.cpp:277] Engine: Receive new handshake message from message connection
I1102 18:24:56.649911 IO-0/EL  worker_manager.cpp:60] WorkerManager: FuncWorker of func_id 1, client_id 53 connected
I1102 18:24:56.649924 IO-0/EL  message_connection.cpp:269] FuncWorkerConnection[1-53]: Handshake done
I1102 18:24:56.650357 Server/E engine.cpp:674] Engine: New message connection
I1102 18:24:56.650385 IO-0/EL  engine.cpp:277] Engine: Receive new handshake message from message connection
I1102 18:24:56.650389 IO-0/EL  worker_manager.cpp:60] WorkerManager: FuncWorker of func_id 1, client_id 54 connected
I1102 18:24:56.650401 IO-0/EL  message_connection.cpp:269] FuncWorkerConnection[1-54]: Handshake done
I1102 18:24:56.650826 Server/E engine.cpp:674] Engine: New message connection
I1102 18:24:56.650862 IO-0/EL  engine.cpp:277] Engine: Receive new handshake message from message connection
I1102 18:24:56.650867 IO-0/EL  worker_manager.cpp:60] WorkerManager: FuncWorker of func_id 1, client_id 55 connected
I1102 18:24:56.650880 IO-0/EL  message_connection.cpp:269] FuncWorkerConnection[1-55]: Handshake done
I1102 18:24:56.650990 Server/E engine.cpp:674] Engine: New message connection
I1102 18:24:56.651018 IO-0/EL  engine.cpp:277] Engine: Receive new handshake message from message connection
I1102 18:24:56.651022 IO-0/EL  worker_manager.cpp:60] WorkerManager: FuncWorker of func_id 1, client_id 56 connected
I1102 18:24:56.651035 IO-0/EL  message_connection.cpp:269] FuncWorkerConnection[1-56]: Handshake done
I1102 18:24:56.651772 Server/E engine.cpp:674] Engine: New message connection
I1102 18:24:56.651803 IO-0/EL  engine.cpp:277] Engine: Receive new handshake message from message connection
I1102 18:24:56.651808 IO-0/EL  worker_manager.cpp:60] WorkerManager: FuncWorker of func_id 1, client_id 57 connected
I1102 18:24:56.651830 IO-0/EL  message_connection.cpp:269] FuncWorkerConnection[1-57]: Handshake done
I1102 18:24:56.652244 Server/E engine.cpp:674] Engine: New message connection
I1102 18:24:56.652273 IO-0/EL  engine.cpp:277] Engine: Receive new handshake message from message connection
I1102 18:24:56.652279 IO-0/EL  worker_manager.cpp:60] WorkerManager: FuncWorker of func_id 1, client_id 58 connected
I1102 18:24:56.652292 IO-0/EL  message_connection.cpp:269] FuncWorkerConnection[1-58]: Handshake done
I1102 18:24:56.652661 Server/E engine.cpp:674] Engine: New message connection
I1102 18:24:56.652693 IO-0/EL  engine.cpp:277] Engine: Receive new handshake message from message connection
I1102 18:24:56.652698 IO-0/EL  worker_manager.cpp:60] WorkerManager: FuncWorker of func_id 1, client_id 59 connected
I1102 18:24:56.652714 IO-0/EL  message_connection.cpp:269] FuncWorkerConnection[1-59]: Handshake done
I1102 18:24:56.653142 Server/E engine.cpp:674] Engine: New message connection
I1102 18:24:56.653182 IO-0/EL  engine.cpp:277] Engine: Receive new handshake message from message connection
I1102 18:24:56.653187 IO-0/EL  worker_manager.cpp:60] WorkerManager: FuncWorker of func_id 1, client_id 60 connected
I1102 18:24:56.653200 IO-0/EL  message_connection.cpp:269] FuncWorkerConnection[1-60]: Handshake done
I1102 18:24:56.653599 Server/E engine.cpp:674] Engine: New message connection
I1102 18:24:56.653630 IO-0/EL  engine.cpp:277] Engine: Receive new handshake message from message connection
I1102 18:24:56.653634 IO-0/EL  worker_manager.cpp:60] WorkerManager: FuncWorker of func_id 1, client_id 61 connected
I1102 18:24:56.653647 IO-0/EL  message_connection.cpp:269] FuncWorkerConnection[1-61]: Handshake done
I1102 18:24:56.654195 Server/E engine.cpp:674] Engine: New message connection
I1102 18:24:56.654228 IO-0/EL  engine.cpp:277] Engine: Receive new handshake message from message connection
I1102 18:24:56.654233 IO-0/EL  worker_manager.cpp:60] WorkerManager: FuncWorker of func_id 1, client_id 62 connected
I1102 18:24:56.654246 IO-0/EL  message_connection.cpp:269] FuncWorkerConnection[1-62]: Handshake done
I1102 18:24:56.654531 Server/E engine.cpp:674] Engine: New message connection
I1102 18:24:56.654565 IO-0/EL  engine.cpp:277] Engine: Receive new handshake message from message connection
I1102 18:24:56.654569 IO-0/EL  worker_manager.cpp:60] WorkerManager: FuncWorker of func_id 1, client_id 63 connected
I1102 18:24:56.654582 IO-0/EL  message_connection.cpp:269] FuncWorkerConnection[1-63]: Handshake done
I1102 18:24:56.655077 Server/E engine.cpp:674] Engine: New message connection
I1102 18:24:56.655114 IO-0/EL  engine.cpp:277] Engine: Receive new handshake message from message connection
I1102 18:24:56.655119 IO-0/EL  worker_manager.cpp:60] WorkerManager: FuncWorker of func_id 1, client_id 64 connected
I1102 18:24:56.655132 IO-0/EL  message_connection.cpp:269] FuncWorkerConnection[1-64]: Handshake done
I1102 18:24:56.655252 Server/E engine.cpp:674] Engine: New message connection
I1102 18:24:56.655281 IO-0/EL  engine.cpp:277] Engine: Receive new handshake message from message connection
I1102 18:24:56.655286 IO-0/EL  worker_manager.cpp:60] WorkerManager: FuncWorker of func_id 1, client_id 65 connected
I1102 18:24:56.655299 IO-0/EL  message_connection.cpp:269] FuncWorkerConnection[1-65]: Handshake done
I1102 18:24:56.655760 Server/E engine.cpp:674] Engine: New message connection
I1102 18:24:56.655799 IO-0/EL  engine.cpp:277] Engine: Receive new handshake message from message connection
I1102 18:24:56.655803 IO-0/EL  worker_manager.cpp:60] WorkerManager: FuncWorker of func_id 1, client_id 66 connected
I1102 18:24:56.655816 IO-0/EL  message_connection.cpp:269] FuncWorkerConnection[1-66]: Handshake done
I1102 18:24:56.656491 Server/E engine.cpp:674] Engine: New message connection
I1102 18:24:56.656535 IO-0/EL  engine.cpp:277] Engine: Receive new handshake message from message connection
I1102 18:24:56.656540 IO-0/EL  worker_manager.cpp:60] WorkerManager: FuncWorker of func_id 1, client_id 67 connected
I1102 18:24:56.656553 IO-0/EL  message_connection.cpp:269] FuncWorkerConnection[1-67]: Handshake done
I1102 18:24:56.657194 Server/E engine.cpp:674] Engine: New message connection
I1102 18:24:56.657240 IO-0/EL  engine.cpp:277] Engine: Receive new handshake message from message connection
I1102 18:24:56.657245 IO-0/EL  worker_manager.cpp:60] WorkerManager: FuncWorker of func_id 1, client_id 68 connected
I1102 18:24:56.657259 IO-0/EL  message_connection.cpp:269] FuncWorkerConnection[1-68]: Handshake done
I1102 18:24:56.657510 Server/E engine.cpp:674] Engine: New message connection
I1102 18:24:56.657543 IO-0/EL  engine.cpp:277] Engine: Receive new handshake message from message connection
I1102 18:24:56.657548 IO-0/EL  worker_manager.cpp:60] WorkerManager: FuncWorker of func_id 1, client_id 69 connected
I1102 18:24:56.657561 IO-0/EL  message_connection.cpp:269] FuncWorkerConnection[1-69]: Handshake done
I1102 18:24:56.657962 Server/E engine.cpp:674] Engine: New message connection
I1102 18:24:56.658004 IO-0/EL  engine.cpp:277] Engine: Receive new handshake message from message connection
I1102 18:24:56.658009 IO-0/EL  worker_manager.cpp:60] WorkerManager: FuncWorker of func_id 1, client_id 70 connected
I1102 18:24:56.658021 IO-0/EL  message_connection.cpp:269] FuncWorkerConnection[1-70]: Handshake done
I1102 18:24:56.658511 Server/E engine.cpp:674] Engine: New message connection
I1102 18:24:56.658553 IO-0/EL  engine.cpp:277] Engine: Receive new handshake message from message connection
I1102 18:24:56.658557 IO-0/EL  worker_manager.cpp:60] WorkerManager: FuncWorker of func_id 1, client_id 71 connected
I1102 18:24:56.658570 IO-0/EL  message_connection.cpp:269] FuncWorkerConnection[1-71]: Handshake done
I1102 18:24:56.658881 Server/E engine.cpp:674] Engine: New message connection
I1102 18:24:56.658917 IO-0/EL  engine.cpp:277] Engine: Receive new handshake message from message connection
I1102 18:24:56.658921 IO-0/EL  worker_manager.cpp:60] WorkerManager: FuncWorker of func_id 1, client_id 72 connected
I1102 18:24:56.658938 IO-0/EL  message_connection.cpp:269] FuncWorkerConnection[1-72]: Handshake done
I1102 18:24:56.659014 Server/E engine.cpp:674] Engine: New message connection
I1102 18:24:56.659050 IO-0/EL  engine.cpp:277] Engine: Receive new handshake message from message connection
I1102 18:24:56.659054 IO-0/EL  worker_manager.cpp:60] WorkerManager: FuncWorker of func_id 1, client_id 73 connected
I1102 18:24:56.659067 IO-0/EL  message_connection.cpp:269] FuncWorkerConnection[1-73]: Handshake done
I1102 18:24:56.659906 Server/E engine.cpp:674] Engine: New message connection
I1102 18:24:56.659953 IO-0/EL  engine.cpp:277] Engine: Receive new handshake message from message connection
I1102 18:24:56.659959 IO-0/EL  worker_manager.cpp:60] WorkerManager: FuncWorker of func_id 1, client_id 74 connected
I1102 18:24:56.659973 IO-0/EL  message_connection.cpp:269] FuncWorkerConnection[1-74]: Handshake done
I1102 18:24:56.660242 Server/E engine.cpp:674] Engine: New message connection
I1102 18:24:56.660278 IO-0/EL  engine.cpp:277] Engine: Receive new handshake message from message connection
I1102 18:24:56.660282 IO-0/EL  worker_manager.cpp:60] WorkerManager: FuncWorker of func_id 1, client_id 75 connected
I1102 18:24:56.660294 IO-0/EL  message_connection.cpp:269] FuncWorkerConnection[1-75]: Handshake done
I1102 18:24:56.660633 Server/E engine.cpp:674] Engine: New message connection
I1102 18:24:56.660669 IO-0/EL  engine.cpp:277] Engine: Receive new handshake message from message connection
I1102 18:24:56.660674 IO-0/EL  worker_manager.cpp:60] WorkerManager: FuncWorker of func_id 1, client_id 76 connected
I1102 18:24:56.660686 IO-0/EL  message_connection.cpp:269] FuncWorkerConnection[1-76]: Handshake done
I1102 18:24:56.661203 Server/E engine.cpp:674] Engine: New message connection
I1102 18:24:56.661238 IO-0/EL  engine.cpp:277] Engine: Receive new handshake message from message connection
I1102 18:24:56.661243 IO-0/EL  worker_manager.cpp:60] WorkerManager: FuncWorker of func_id 1, client_id 77 connected
I1102 18:24:56.661256 IO-0/EL  message_connection.cpp:269] FuncWorkerConnection[1-77]: Handshake done
I1102 18:24:56.661571 Server/E engine.cpp:674] Engine: New message connection
I1102 18:24:56.661642 IO-0/EL  engine.cpp:277] Engine: Receive new handshake message from message connection
I1102 18:24:56.661647 IO-0/EL  worker_manager.cpp:60] WorkerManager: FuncWorker of func_id 1, client_id 78 connected
I1102 18:24:56.661659 IO-0/EL  message_connection.cpp:269] FuncWorkerConnection[1-78]: Handshake done
I1102 18:24:56.675746 Server/E engine.cpp:674] Engine: New message connection
I1102 18:24:56.675780 Server/E engine.cpp:674] Engine: New message connection
I1102 18:24:56.675788 IO-0/EL  engine.cpp:277] Engine: Receive new handshake message from message connection
I1102 18:24:56.675794 IO-0/EL  worker_manager.cpp:60] WorkerManager: FuncWorker of func_id 1, client_id 79 connected
I1102 18:24:56.675796 Server/E engine.cpp:674] Engine: New message connection
I1102 18:24:56.675808 IO-0/EL  message_connection.cpp:269] FuncWorkerConnection[1-79]: Handshake done
I1102 18:24:56.675810 Server/E engine.cpp:674] Engine: New message connection
I1102 18:24:56.675825 Server/E engine.cpp:674] Engine: New message connection
I1102 18:24:56.675831 IO-0/EL  engine.cpp:277] Engine: Receive new handshake message from message connection
I1102 18:24:56.675836 IO-0/EL  worker_manager.cpp:60] WorkerManager: FuncWorker of func_id 1, client_id 80 connected
I1102 18:24:56.675842 Server/E engine.cpp:674] Engine: New message connection
I1102 18:24:56.675850 IO-0/EL  message_connection.cpp:269] FuncWorkerConnection[1-80]: Handshake done
I1102 18:24:56.675854 Server/E engine.cpp:674] Engine: New message connection
I1102 18:24:56.675866 IO-0/EL  engine.cpp:277] Engine: Receive new handshake message from message connection
I1102 18:24:56.675870 IO-0/EL  worker_manager.cpp:60] WorkerManager: FuncWorker of func_id 1, client_id 81 connected
I1102 18:24:56.675871 Server/E engine.cpp:674] Engine: New message connection
I1102 18:24:56.675883 IO-0/EL  message_connection.cpp:269] FuncWorkerConnection[1-81]: Handshake done
I1102 18:24:56.675886 Server/E engine.cpp:674] Engine: New message connection
I1102 18:24:56.675899 IO-0/EL  engine.cpp:277] Engine: Receive new handshake message from message connection
I1102 18:24:56.675904 IO-0/EL  worker_manager.cpp:60] WorkerManager: FuncWorker of func_id 1, client_id 82 connected
I1102 18:24:56.675899 Server/E engine.cpp:674] Engine: New message connection
I1102 18:24:56.675922 IO-0/EL  message_connection.cpp:269] FuncWorkerConnection[1-82]: Handshake done
I1102 18:24:56.675930 Server/E engine.cpp:674] Engine: New message connection
I1102 18:24:56.675936 IO-0/EL  engine.cpp:277] Engine: Receive new handshake message from message connection
I1102 18:24:56.675940 IO-0/EL  worker_manager.cpp:60] WorkerManager: FuncWorker of func_id 1, client_id 83 connected
I1102 18:24:56.675951 Server/E engine.cpp:674] Engine: New message connection
I1102 18:24:56.675953 IO-0/EL  message_connection.cpp:269] FuncWorkerConnection[1-83]: Handshake done
I1102 18:24:56.675980 Server/E engine.cpp:674] Engine: New message connection
I1102 18:24:56.675983 IO-0/EL  engine.cpp:277] Engine: Receive new handshake message from message connection
I1102 18:24:56.675996 IO-0/EL  worker_manager.cpp:60] WorkerManager: FuncWorker of func_id 1, client_id 84 connected
I1102 18:24:56.676002 Server/E engine.cpp:674] Engine: New message connection
I1102 18:24:56.676013 IO-0/EL  message_connection.cpp:269] FuncWorkerConnection[1-84]: Handshake done
I1102 18:24:56.676019 Server/E engine.cpp:674] Engine: New message connection
I1102 18:24:56.676026 IO-0/EL  engine.cpp:277] Engine: Receive new handshake message from message connection
I1102 18:24:56.676031 IO-0/EL  worker_manager.cpp:60] WorkerManager: FuncWorker of func_id 1, client_id 85 connected
I1102 18:24:56.676039 Server/E engine.cpp:674] Engine: New message connection
I1102 18:24:56.676046 IO-0/EL  message_connection.cpp:269] FuncWorkerConnection[1-85]: Handshake done
I1102 18:24:56.676058 Server/E engine.cpp:674] Engine: New message connection
I1102 18:24:56.676061 IO-0/EL  engine.cpp:277] Engine: Receive new handshake message from message connection
I1102 18:24:56.676075 IO-0/EL  worker_manager.cpp:60] WorkerManager: FuncWorker of func_id 1, client_id 86 connected
I1102 18:24:56.676083 Server/E engine.cpp:674] Engine: New message connection
I1102 18:24:56.676100 IO-0/EL  message_connection.cpp:269] FuncWorkerConnection[1-86]: Handshake done
I1102 18:24:56.676109 Server/E engine.cpp:674] Engine: New message connection
I1102 18:24:56.676116 IO-0/EL  engine.cpp:277] Engine: Receive new handshake message from message connection
I1102 18:24:56.676124 IO-0/EL  worker_manager.cpp:60] WorkerManager: FuncWorker of func_id 1, client_id 87 connected
I1102 18:24:56.676129 Server/E engine.cpp:674] Engine: New message connection
I1102 18:24:56.676140 IO-0/EL  message_connection.cpp:269] FuncWorkerConnection[1-87]: Handshake done
I1102 18:24:56.676150 Server/E engine.cpp:674] Engine: New message connection
I1102 18:24:56.676154 IO-0/EL  engine.cpp:277] Engine: Receive new handshake message from message connection
I1102 18:24:56.676173 Server/E engine.cpp:674] Engine: New message connection
I1102 18:24:56.676177 IO-0/EL  worker_manager.cpp:60] WorkerManager: FuncWorker of func_id 1, client_id 88 connected
I1102 18:24:56.676195 Server/E engine.cpp:674] Engine: New message connection
I1102 18:24:56.676199 IO-0/EL  message_connection.cpp:269] FuncWorkerConnection[1-88]: Handshake done
I1102 18:24:56.676220 Server/E engine.cpp:674] Engine: New message connection
I1102 18:24:56.676229 IO-0/EL  engine.cpp:277] Engine: Receive new handshake message from message connection
I1102 18:24:56.676233 IO-0/EL  worker_manager.cpp:60] WorkerManager: FuncWorker of func_id 1, client_id 89 connected
I1102 18:24:56.676241 Server/E engine.cpp:674] Engine: New message connection
I1102 18:24:56.676247 IO-0/EL  message_connection.cpp:269] FuncWorkerConnection[1-89]: Handshake done
I1102 18:24:56.676260 Server/E engine.cpp:674] Engine: New message connection
I1102 18:24:56.676262 IO-0/EL  engine.cpp:277] Engine: Receive new handshake message from message connection
I1102 18:24:56.676276 IO-0/EL  worker_manager.cpp:60] WorkerManager: FuncWorker of func_id 1, client_id 90 connected
I1102 18:24:56.676282 Server/E engine.cpp:674] Engine: New message connection
I1102 18:24:56.676289 IO-0/EL  message_connection.cpp:269] FuncWorkerConnection[1-90]: Handshake done
I1102 18:24:56.676303 Server/E engine.cpp:674] Engine: New message connection
I1102 18:24:56.676307 IO-0/EL  engine.cpp:277] Engine: Receive new handshake message from message connection
I1102 18:24:56.676318 IO-0/EL  worker_manager.cpp:60] WorkerManager: FuncWorker of func_id 1, client_id 91 connected
I1102 18:24:56.676324 Server/E engine.cpp:674] Engine: New message connection
I1102 18:24:56.676331 IO-0/EL  message_connection.cpp:269] FuncWorkerConnection[1-91]: Handshake done
I1102 18:24:56.676342 Server/E engine.cpp:674] Engine: New message connection
I1102 18:24:56.676344 IO-0/EL  engine.cpp:277] Engine: Receive new handshake message from message connection
I1102 18:24:56.676356 IO-0/EL  worker_manager.cpp:60] WorkerManager: FuncWorker of func_id 1, client_id 92 connected
I1102 18:24:56.676360 Server/E engine.cpp:674] Engine: New message connection
I1102 18:24:56.676368 IO-0/EL  message_connection.cpp:269] FuncWorkerConnection[1-92]: Handshake done
I1102 18:24:56.676376 Server/E engine.cpp:674] Engine: New message connection
I1102 18:24:56.676386 IO-0/EL  engine.cpp:277] Engine: Receive new handshake message from message connection
I1102 18:24:56.676390 Server/E engine.cpp:674] Engine: New message connection
I1102 18:24:56.676390 IO-0/EL  worker_manager.cpp:60] WorkerManager: FuncWorker of func_id 1, client_id 93 connected
I1102 18:24:56.676405 Server/E engine.cpp:674] Engine: New message connection
I1102 18:24:56.676411 IO-0/EL  message_connection.cpp:269] FuncWorkerConnection[1-93]: Handshake done
I1102 18:24:56.676425 IO-0/EL  engine.cpp:277] Engine: Receive new handshake message from message connection
I1102 18:24:56.676429 IO-0/EL  worker_manager.cpp:60] WorkerManager: FuncWorker of func_id 1, client_id 94 connected
I1102 18:24:56.676442 IO-0/EL  message_connection.cpp:269] FuncWorkerConnection[1-94]: Handshake done
I1102 18:24:56.676466 IO-0/EL  engine.cpp:277] Engine: Receive new handshake message from message connection
I1102 18:24:56.676470 IO-0/EL  worker_manager.cpp:60] WorkerManager: FuncWorker of func_id 1, client_id 95 connected
I1102 18:24:56.676484 IO-0/EL  message_connection.cpp:269] FuncWorkerConnection[1-95]: Handshake done
I1102 18:24:56.676498 IO-0/EL  engine.cpp:277] Engine: Receive new handshake message from message connection
I1102 18:24:56.676502 IO-0/EL  worker_manager.cpp:60] WorkerManager: FuncWorker of func_id 1, client_id 96 connected
I1102 18:24:56.676514 IO-0/EL  message_connection.cpp:269] FuncWorkerConnection[1-96]: Handshake done
I1102 18:24:56.676529 IO-0/EL  engine.cpp:277] Engine: Receive new handshake message from message connection
I1102 18:24:56.676534 IO-0/EL  worker_manager.cpp:60] WorkerManager: FuncWorker of func_id 1, client_id 97 connected
I1102 18:24:56.676546 IO-0/EL  message_connection.cpp:269] FuncWorkerConnection[1-97]: Handshake done
I1102 18:24:56.676558 IO-0/EL  engine.cpp:277] Engine: Receive new handshake message from message connection
I1102 18:24:56.676562 IO-0/EL  worker_manager.cpp:60] WorkerManager: FuncWorker of func_id 1, client_id 98 connected
I1102 18:24:56.676575 IO-0/EL  message_connection.cpp:269] FuncWorkerConnection[1-98]: Handshake done
I1102 18:24:56.676582 Server/E engine.cpp:674] Engine: New message connection
I1102 18:24:56.676591 IO-0/EL  engine.cpp:277] Engine: Receive new handshake message from message connection
I1102 18:24:56.676595 IO-0/EL  worker_manager.cpp:60] WorkerManager: FuncWorker of func_id 1, client_id 99 connected
I1102 18:24:56.676608 IO-0/EL  message_connection.cpp:269] FuncWorkerConnection[1-99]: Handshake done
I1102 18:24:56.676620 IO-0/EL  engine.cpp:277] Engine: Receive new handshake message from message connection
I1102 18:24:56.676624 IO-0/EL  worker_manager.cpp:60] WorkerManager: FuncWorker of func_id 1, client_id 100 connected
I1102 18:24:56.676638 IO-0/EL  message_connection.cpp:269] FuncWorkerConnection[1-100]: Handshake done
I1102 18:24:56.676656 IO-0/EL  engine.cpp:277] Engine: Receive new handshake message from message connection
I1102 18:24:56.676660 IO-0/EL  worker_manager.cpp:60] WorkerManager: FuncWorker of func_id 1, client_id 101 connected
I1102 18:24:56.676673 IO-0/EL  message_connection.cpp:269] FuncWorkerConnection[1-101]: Handshake done
I1102 18:24:56.676685 IO-0/EL  engine.cpp:277] Engine: Receive new handshake message from message connection
I1102 18:24:56.676689 IO-0/EL  worker_manager.cpp:60] WorkerManager: FuncWorker of func_id 1, client_id 102 connected
I1102 18:24:56.676705 IO-0/EL  message_connection.cpp:269] FuncWorkerConnection[1-102]: Handshake done
I1102 18:24:56.676723 IO-0/EL  engine.cpp:277] Engine: Receive new handshake message from message connection
I1102 18:24:56.676728 IO-0/EL  worker_manager.cpp:60] WorkerManager: FuncWorker of func_id 1, client_id 103 connected
I1102 18:24:56.676740 IO-0/EL  message_connection.cpp:269] FuncWorkerConnection[1-103]: Handshake done
I1102 18:24:56.676756 IO-0/EL  engine.cpp:277] Engine: Receive new handshake message from message connection
I1102 18:24:56.676760 IO-0/EL  worker_manager.cpp:60] WorkerManager: FuncWorker of func_id 1, client_id 104 connected
I1102 18:24:56.676773 IO-0/EL  message_connection.cpp:269] FuncWorkerConnection[1-104]: Handshake done
I1102 18:24:56.676784 IO-0/EL  engine.cpp:277] Engine: Receive new handshake message from message connection
I1102 18:24:56.676788 IO-0/EL  worker_manager.cpp:60] WorkerManager: FuncWorker of func_id 1, client_id 105 connected
I1102 18:24:56.676801 IO-0/EL  message_connection.cpp:269] FuncWorkerConnection[1-105]: Handshake done
I1102 18:24:56.676815 IO-0/EL  engine.cpp:277] Engine: Receive new handshake message from message connection
I1102 18:24:56.676819 IO-0/EL  worker_manager.cpp:60] WorkerManager: FuncWorker of func_id 1, client_id 106 connected
I1102 18:24:56.676832 IO-0/EL  message_connection.cpp:269] FuncWorkerConnection[1-106]: Handshake done
I1102 18:24:56.676844 IO-0/EL  engine.cpp:277] Engine: Receive new handshake message from message connection
I1102 18:24:56.676853 IO-0/EL  worker_manager.cpp:60] WorkerManager: FuncWorker of func_id 1, client_id 107 connected
I1102 18:24:56.676866 IO-0/EL  message_connection.cpp:269] FuncWorkerConnection[1-107]: Handshake done
I1102 18:24:56.676881 IO-0/EL  engine.cpp:277] Engine: Receive new handshake message from message connection
I1102 18:24:56.676885 IO-0/EL  worker_manager.cpp:60] WorkerManager: FuncWorker of func_id 1, client_id 108 connected
I1102 18:24:56.676898 IO-0/EL  message_connection.cpp:269] FuncWorkerConnection[1-108]: Handshake done
I1102 18:24:56.676910 IO-0/EL  engine.cpp:277] Engine: Receive new handshake message from message connection
I1102 18:24:56.676914 IO-0/EL  worker_manager.cpp:60] WorkerManager: FuncWorker of func_id 1, client_id 109 connected
I1102 18:24:56.676926 IO-0/EL  message_connection.cpp:269] FuncWorkerConnection[1-109]: Handshake done
I1102 18:24:56.676941 IO-0/EL  engine.cpp:277] Engine: Receive new handshake message from message connection
I1102 18:24:56.676945 IO-0/EL  worker_manager.cpp:60] WorkerManager: FuncWorker of func_id 1, client_id 111 connected
I1102 18:24:56.676958 IO-0/EL  message_connection.cpp:269] FuncWorkerConnection[1-111]: Handshake done
I1102 18:24:56.676975 IO-0/EL  engine.cpp:277] Engine: Receive new handshake message from message connection
I1102 18:24:56.676979 IO-0/EL  worker_manager.cpp:60] WorkerManager: FuncWorker of func_id 1, client_id 110 connected
I1102 18:24:56.676992 IO-0/EL  message_connection.cpp:269] FuncWorkerConnection[1-110]: Handshake done
I1102 18:24:56.677007 IO-0/EL  engine.cpp:277] Engine: Receive new handshake message from message connection
I1102 18:24:56.677011 IO-0/EL  worker_manager.cpp:60] WorkerManager: FuncWorker of func_id 1, client_id 112 connected
I1102 18:24:56.677023 IO-0/EL  message_connection.cpp:269] FuncWorkerConnection[1-112]: Handshake done
I1102 18:24:56.677033 IO-0/EL  engine.cpp:277] Engine: Receive new handshake message from message connection
I1102 18:24:56.677036 IO-0/EL  worker_manager.cpp:60] WorkerManager: FuncWorker of func_id 1, client_id 113 connected
I1102 18:24:56.677058 IO-0/EL  message_connection.cpp:269] FuncWorkerConnection[1-113]: Handshake done
I1102 18:24:56.677214 Server/E engine.cpp:674] Engine: New message connection
I1102 18:24:56.677248 IO-0/EL  engine.cpp:277] Engine: Receive new handshake message from message connection
I1102 18:24:56.677253 IO-0/EL  worker_manager.cpp:60] WorkerManager: FuncWorker of func_id 1, client_id 114 connected
I1102 18:24:56.677265 IO-0/EL  message_connection.cpp:269] FuncWorkerConnection[1-114]: Handshake done
I1102 18:24:56.677554 Server/E engine.cpp:674] Engine: New message connection
I1102 18:24:56.677580 IO-0/EL  engine.cpp:277] Engine: Receive new handshake message from message connection
I1102 18:24:56.677584 IO-0/EL  worker_manager.cpp:60] WorkerManager: FuncWorker of func_id 1, client_id 115 connected
I1102 18:24:56.677597 IO-0/EL  message_connection.cpp:269] FuncWorkerConnection[1-115]: Handshake done
I1102 18:24:56.678086 Server/E engine.cpp:674] Engine: New message connection
I1102 18:24:56.678112 IO-0/EL  engine.cpp:277] Engine: Receive new handshake message from message connection
I1102 18:24:56.678116 IO-0/EL  worker_manager.cpp:60] WorkerManager: FuncWorker of func_id 1, client_id 116 connected
I1102 18:24:56.678131 IO-0/EL  message_connection.cpp:269] FuncWorkerConnection[1-116]: Handshake done
I1102 18:24:56.678649 Server/E engine.cpp:674] Engine: New message connection
I1102 18:24:56.678672 IO-0/EL  engine.cpp:277] Engine: Receive new handshake message from message connection
I1102 18:24:56.678677 IO-0/EL  worker_manager.cpp:60] WorkerManager: FuncWorker of func_id 1, client_id 117 connected
I1102 18:24:56.678689 IO-0/EL  message_connection.cpp:269] FuncWorkerConnection[1-117]: Handshake done
I1102 18:24:56.678860 Server/E engine.cpp:674] Engine: New message connection
I1102 18:24:56.678885 IO-0/EL  engine.cpp:277] Engine: Receive new handshake message from message connection
I1102 18:24:56.678905 IO-0/EL  worker_manager.cpp:60] WorkerManager: FuncWorker of func_id 1, client_id 118 connected
I1102 18:24:56.678918 IO-0/EL  message_connection.cpp:269] FuncWorkerConnection[1-118]: Handshake done
I1102 18:24:56.679628 Server/E engine.cpp:674] Engine: New message connection
I1102 18:24:56.679652 IO-0/EL  engine.cpp:277] Engine: Receive new handshake message from message connection
I1102 18:24:56.679657 IO-0/EL  worker_manager.cpp:60] WorkerManager: FuncWorker of func_id 1, client_id 119 connected
I1102 18:24:56.679670 IO-0/EL  message_connection.cpp:269] FuncWorkerConnection[1-119]: Handshake done
I1102 18:24:56.698571 Server/E engine.cpp:674] Engine: New message connection
I1102 18:24:56.698605 IO-0/EL  engine.cpp:277] Engine: Receive new handshake message from message connection
I1102 18:24:56.698609 IO-0/EL  worker_manager.cpp:60] WorkerManager: FuncWorker of func_id 1, client_id 120 connected
I1102 18:24:56.698623 IO-0/EL  message_connection.cpp:269] FuncWorkerConnection[1-120]: Handshake done
I1102 18:24:56.699929 Server/E engine.cpp:674] Engine: New message connection
I1102 18:24:56.699968 IO-0/EL  engine.cpp:277] Engine: Receive new handshake message from message connection
I1102 18:24:56.699974 IO-0/EL  worker_manager.cpp:60] WorkerManager: FuncWorker of func_id 1, client_id 123 connected
I1102 18:24:56.699987 IO-0/EL  message_connection.cpp:269] FuncWorkerConnection[1-123]: Handshake done
I1102 18:24:56.700028 Server/E engine.cpp:674] Engine: New message connection
I1102 18:24:56.700048 IO-0/EL  engine.cpp:277] Engine: Receive new handshake message from message connection
I1102 18:24:56.700052 IO-0/EL  worker_manager.cpp:60] WorkerManager: FuncWorker of func_id 1, client_id 122 connected
I1102 18:24:56.700069 IO-0/EL  message_connection.cpp:269] FuncWorkerConnection[1-122]: Handshake done
I1102 18:24:56.700085 Server/E engine.cpp:674] Engine: New message connection
I1102 18:24:56.700112 IO-0/EL  engine.cpp:277] Engine: Receive new handshake message from message connection
I1102 18:24:56.700116 IO-0/EL  worker_manager.cpp:60] WorkerManager: FuncWorker of func_id 1, client_id 121 connected
I1102 18:24:56.700129 IO-0/EL  message_connection.cpp:269] FuncWorkerConnection[1-121]: Handshake done
I1102 18:24:56.700267 Server/E engine.cpp:674] Engine: New message connection
I1102 18:24:56.700291 IO-0/EL  engine.cpp:277] Engine: Receive new handshake message from message connection
I1102 18:24:56.700295 IO-0/EL  worker_manager.cpp:60] WorkerManager: FuncWorker of func_id 1, client_id 124 connected
I1102 18:24:56.700311 IO-0/EL  message_connection.cpp:269] FuncWorkerConnection[1-124]: Handshake done
I1102 18:24:56.700739 Server/E engine.cpp:674] Engine: New message connection
I1102 18:24:56.700762 IO-0/EL  engine.cpp:277] Engine: Receive new handshake message from message connection
I1102 18:24:56.700766 IO-0/EL  worker_manager.cpp:60] WorkerManager: FuncWorker of func_id 1, client_id 125 connected
I1102 18:24:56.700779 IO-0/EL  message_connection.cpp:269] FuncWorkerConnection[1-125]: Handshake done
I1102 18:24:56.701236 Server/E engine.cpp:674] Engine: New message connection
I1102 18:24:56.701264 IO-0/EL  engine.cpp:277] Engine: Receive new handshake message from message connection
I1102 18:24:56.701269 IO-0/EL  worker_manager.cpp:60] WorkerManager: FuncWorker of func_id 1, client_id 126 connected
I1102 18:24:56.701282 IO-0/EL  message_connection.cpp:269] FuncWorkerConnection[1-126]: Handshake done
I1102 18:24:56.703967 Server/E engine.cpp:674] Engine: New message connection
I1102 18:24:56.703989 IO-0/EL  engine.cpp:277] Engine: Receive new handshake message from message connection
I1102 18:24:56.703993 IO-0/EL  worker_manager.cpp:60] WorkerManager: FuncWorker of func_id 1, client_id 127 connected
I1102 18:24:56.704006 IO-0/EL  message_connection.cpp:269] FuncWorkerConnection[1-127]: Handshake done
I1102 18:24:56.704048 Server/E engine.cpp:674] Engine: New message connection
I1102 18:24:56.704074 IO-0/EL  engine.cpp:277] Engine: Receive new handshake message from message connection
I1102 18:24:56.704078 IO-0/EL  worker_manager.cpp:60] WorkerManager: FuncWorker of func_id 1, client_id 128 connected
I1102 18:24:56.704098 IO-0/EL  message_connection.cpp:269] FuncWorkerConnection[1-128]: Handshake done
I1102 18:24:59.423160 IO-0/EL  buffer_pool.h:25] BufferPool[IO-0_Write]: Allocate new buffer, current buffer count is 3
I1102 18:24:59.423184 IO-0/EL  buffer_pool.h:25] BufferPool[IO-0_Write]: Allocate new buffer, current buffer count is 4
I1102 18:24:59.423196 IO-0/EL  buffer_pool.h:25] BufferPool[IO-0_Write]: Allocate new buffer, current buffer count is 5
I1102 18:24:59.423205 IO-0/EL  buffer_pool.h:25] BufferPool[IO-0_Write]: Allocate new buffer, current buffer count is 6
I1102 18:24:59.423215 IO-0/EL  buffer_pool.h:25] BufferPool[IO-0_Write]: Allocate new buffer, current buffer count is 7
I1102 18:24:59.423223 IO-0/EL  buffer_pool.h:25] BufferPool[IO-0_Write]: Allocate new buffer, current buffer count is 8
I1102 18:24:59.423233 IO-0/EL  buffer_pool.h:25] BufferPool[IO-0_Write]: Allocate new buffer, current buffer count is 9
I1102 18:24:59.423244 IO-0/EL  buffer_pool.h:25] BufferPool[IO-0_Write]: Allocate new buffer, current buffer count is 10
I1102 18:24:59.423254 IO-0/EL  buffer_pool.h:25] BufferPool[IO-0_Write]: Allocate new buffer, current buffer count is 11
I1102 18:24:59.423262 IO-0/EL  buffer_pool.h:25] BufferPool[IO-0_Write]: Allocate new buffer, current buffer count is 12
I1102 18:24:59.423273 IO-0/EL  buffer_pool.h:25] BufferPool[IO-0_Write]: Allocate new buffer, current buffer count is 13
I1102 18:24:59.423283 IO-0/EL  buffer_pool.h:25] BufferPool[IO-0_Write]: Allocate new buffer, current buffer count is 14
I1102 18:24:59.423299 IO-0/EL  buffer_pool.h:25] BufferPool[IO-0_Write]: Allocate new buffer, current buffer count is 15
I1102 18:24:59.423308 IO-0/EL  buffer_pool.h:25] BufferPool[IO-0_Write]: Allocate new buffer, current buffer count is 16
I1102 18:24:59.423321 IO-0/EL  buffer_pool.h:25] BufferPool[IO-0_Write]: Allocate new buffer, current buffer count is 17
I1102 18:24:59.423331 IO-0/EL  buffer_pool.h:25] BufferPool[IO-0_Write]: Allocate new buffer, current buffer count is 18
I1102 18:24:59.423342 IO-0/EL  buffer_pool.h:25] BufferPool[IO-0_Write]: Allocate new buffer, current buffer count is 19
I1102 18:24:59.423353 IO-0/EL  buffer_pool.h:25] BufferPool[IO-0_Write]: Allocate new buffer, current buffer count is 20
I1102 18:24:59.423366 IO-0/EL  buffer_pool.h:25] BufferPool[IO-0_Write]: Allocate new buffer, current buffer count is 21
I1102 18:24:59.423377 IO-0/EL  buffer_pool.h:25] BufferPool[IO-0_Write]: Allocate new buffer, current buffer count is 22
I1102 18:24:59.423389 IO-0/EL  buffer_pool.h:25] BufferPool[IO-0_Write]: Allocate new buffer, current buffer count is 23
I1102 18:24:59.423402 IO-0/EL  buffer_pool.h:25] BufferPool[IO-0_Write]: Allocate new buffer, current buffer count is 24
I1102 18:24:59.423412 IO-0/EL  buffer_pool.h:25] BufferPool[IO-0_Write]: Allocate new buffer, current buffer count is 25
I1102 18:24:59.423429 IO-0/EL  buffer_pool.h:25] BufferPool[IO-0_Write]: Allocate new buffer, current buffer count is 26
I1102 18:24:59.423440 IO-0/EL  buffer_pool.h:25] BufferPool[IO-0_Write]: Allocate new buffer, current buffer count is 27
I1102 18:24:59.423453 IO-0/EL  buffer_pool.h:25] BufferPool[IO-0_Write]: Allocate new buffer, current buffer count is 28
I1102 18:24:59.423468 IO-0/EL  buffer_pool.h:25] BufferPool[IO-0_Write]: Allocate new buffer, current buffer count is 29
I1102 18:24:59.423477 IO-0/EL  buffer_pool.h:25] BufferPool[IO-0_Write]: Allocate new buffer, current buffer count is 30
I1102 18:24:59.423489 IO-0/EL  buffer_pool.h:25] BufferPool[IO-0_Write]: Allocate new buffer, current buffer count is 31
I1102 18:24:59.423498 IO-0/EL  buffer_pool.h:25] BufferPool[IO-0_Write]: Allocate new buffer, current buffer count is 32
I1102 18:24:59.423512 IO-0/EL  buffer_pool.h:25] BufferPool[IO-0_Write]: Allocate new buffer, current buffer count is 33
I1102 18:24:59.423523 IO-0/EL  buffer_pool.h:25] BufferPool[IO-0_Write]: Allocate new buffer, current buffer count is 34
I1102 18:24:59.423536 IO-0/EL  buffer_pool.h:25] BufferPool[IO-0_Write]: Allocate new buffer, current buffer count is 35
I1102 18:24:59.423558 IO-0/EL  buffer_pool.h:25] BufferPool[IO-0_Write]: Allocate new buffer, current buffer count is 36
I1102 18:24:59.423570 IO-0/EL  buffer_pool.h:25] BufferPool[IO-0_Write]: Allocate new buffer, current buffer count is 37
I1102 18:24:59.423579 IO-0/EL  buffer_pool.h:25] BufferPool[IO-0_Write]: Allocate new buffer, current buffer count is 38
I1102 18:24:59.423594 IO-0/EL  buffer_pool.h:25] BufferPool[IO-0_Write]: Allocate new buffer, current buffer count is 39
I1102 18:24:59.423603 IO-0/EL  buffer_pool.h:25] BufferPool[IO-0_Write]: Allocate new buffer, current buffer count is 40
I1102 18:24:59.423614 IO-0/EL  buffer_pool.h:25] BufferPool[IO-0_Write]: Allocate new buffer, current buffer count is 41
I1102 18:24:59.423624 IO-0/EL  buffer_pool.h:25] BufferPool[IO-0_Write]: Allocate new buffer, current buffer count is 42
I1102 18:24:59.423637 IO-0/EL  buffer_pool.h:25] BufferPool[IO-0_Write]: Allocate new buffer, current buffer count is 43
I1102 18:24:59.423647 IO-0/EL  buffer_pool.h:25] BufferPool[IO-0_Write]: Allocate new buffer, current buffer count is 44
I1102 18:24:59.423657 IO-0/EL  buffer_pool.h:25] BufferPool[IO-0_Write]: Allocate new buffer, current buffer count is 45
I1102 18:24:59.423669 IO-0/EL  buffer_pool.h:25] BufferPool[IO-0_Write]: Allocate new buffer, current buffer count is 46
I1102 18:24:59.423679 IO-0/EL  buffer_pool.h:25] BufferPool[IO-0_Write]: Allocate new buffer, current buffer count is 47
I1102 18:24:59.423693 IO-0/EL  buffer_pool.h:25] BufferPool[IO-0_Write]: Allocate new buffer, current buffer count is 48
I1102 18:24:59.423703 IO-0/EL  buffer_pool.h:25] BufferPool[IO-0_Write]: Allocate new buffer, current buffer count is 49
I1102 18:24:59.423721 IO-0/EL  buffer_pool.h:25] BufferPool[IO-0_Write]: Allocate new buffer, current buffer count is 50
I1102 18:24:59.423731 IO-0/EL  buffer_pool.h:25] BufferPool[IO-0_Write]: Allocate new buffer, current buffer count is 51
I1102 18:24:59.423742 IO-0/EL  buffer_pool.h:25] BufferPool[IO-0_Write]: Allocate new buffer, current buffer count is 52
I1102 18:24:59.423752 IO-0/EL  buffer_pool.h:25] BufferPool[IO-0_Write]: Allocate new buffer, current buffer count is 53
I1102 18:24:59.423765 IO-0/EL  buffer_pool.h:25] BufferPool[IO-0_Write]: Allocate new buffer, current buffer count is 54
I1102 18:24:59.423774 IO-0/EL  buffer_pool.h:25] BufferPool[IO-0_Write]: Allocate new buffer, current buffer count is 55
I1102 18:24:59.423785 IO-0/EL  buffer_pool.h:25] BufferPool[IO-0_Write]: Allocate new buffer, current buffer count is 56
I1102 18:24:59.423799 IO-0/EL  buffer_pool.h:25] BufferPool[IO-0_Write]: Allocate new buffer, current buffer count is 57
I1102 18:24:59.423811 IO-0/EL  buffer_pool.h:25] BufferPool[IO-0_Write]: Allocate new buffer, current buffer count is 58
I1102 18:24:59.423824 IO-0/EL  buffer_pool.h:25] BufferPool[IO-0_Write]: Allocate new buffer, current buffer count is 59
I1102 18:24:59.423834 IO-0/EL  buffer_pool.h:25] BufferPool[IO-0_Write]: Allocate new buffer, current buffer count is 60
I1102 18:24:59.423845 IO-0/EL  buffer_pool.h:25] BufferPool[IO-0_Write]: Allocate new buffer, current buffer count is 61
I1102 18:24:59.423855 IO-0/EL  buffer_pool.h:25] BufferPool[IO-0_Write]: Allocate new buffer, current buffer count is 62
I1102 18:24:59.423868 IO-0/EL  buffer_pool.h:25] BufferPool[IO-0_Write]: Allocate new buffer, current buffer count is 63
I1102 18:24:59.423877 IO-0/EL  buffer_pool.h:25] BufferPool[IO-0_Write]: Allocate new buffer, current buffer count is 64
I1102 18:24:59.423889 IO-0/EL  buffer_pool.h:25] BufferPool[IO-0_Write]: Allocate new buffer, current buffer count is 65
I1102 18:24:59.423901 IO-0/EL  buffer_pool.h:25] BufferPool[IO-0_Write]: Allocate new buffer, current buffer count is 66
I1102 18:24:59.423912 IO-0/EL  buffer_pool.h:25] BufferPool[IO-0_Write]: Allocate new buffer, current buffer count is 67
I1102 18:24:59.423923 IO-0/EL  buffer_pool.h:25] BufferPool[IO-0_Write]: Allocate new buffer, current buffer count is 68
I1102 18:24:59.423940 IO-0/EL  buffer_pool.h:25] BufferPool[IO-0_Write]: Allocate new buffer, current buffer count is 69
I1102 18:24:59.423950 IO-0/EL  buffer_pool.h:25] BufferPool[IO-0_Write]: Allocate new buffer, current buffer count is 70
I1102 18:24:59.423961 IO-0/EL  buffer_pool.h:25] BufferPool[IO-0_Write]: Allocate new buffer, current buffer count is 71
I1102 18:24:59.423974 IO-0/EL  buffer_pool.h:25] BufferPool[IO-0_Write]: Allocate new buffer, current buffer count is 72
I1102 18:24:59.423987 IO-0/EL  buffer_pool.h:25] BufferPool[IO-0_Write]: Allocate new buffer, current buffer count is 73
I1102 18:24:59.423999 IO-0/EL  buffer_pool.h:25] BufferPool[IO-0_Write]: Allocate new buffer, current buffer count is 74
I1102 18:24:59.424008 IO-0/EL  buffer_pool.h:25] BufferPool[IO-0_Write]: Allocate new buffer, current buffer count is 75
I1102 18:24:59.424018 IO-0/EL  buffer_pool.h:25] BufferPool[IO-0_Write]: Allocate new buffer, current buffer count is 76
I1102 18:24:59.424027 IO-0/EL  buffer_pool.h:25] BufferPool[IO-0_Write]: Allocate new buffer, current buffer count is 77
I1102 18:24:59.424041 IO-0/EL  buffer_pool.h:25] BufferPool[IO-0_Write]: Allocate new buffer, current buffer count is 78
I1102 18:24:59.424050 IO-0/EL  buffer_pool.h:25] BufferPool[IO-0_Write]: Allocate new buffer, current buffer count is 79
I1102 18:24:59.424061 IO-0/EL  buffer_pool.h:25] BufferPool[IO-0_Write]: Allocate new buffer, current buffer count is 80
I1102 18:24:59.424070 IO-0/EL  buffer_pool.h:25] BufferPool[IO-0_Write]: Allocate new buffer, current buffer count is 81
I1102 18:24:59.424080 IO-0/EL  buffer_pool.h:25] BufferPool[IO-0_Write]: Allocate new buffer, current buffer count is 82
I1102 18:24:59.424095 IO-0/EL  buffer_pool.h:25] BufferPool[IO-0_Write]: Allocate new buffer, current buffer count is 83
I1102 18:24:59.424104 IO-0/EL  buffer_pool.h:25] BufferPool[IO-0_Write]: Allocate new buffer, current buffer count is 84
I1102 18:24:59.424116 IO-0/EL  buffer_pool.h:25] BufferPool[IO-0_Write]: Allocate new buffer, current buffer count is 85
I1102 18:24:59.424127 IO-0/EL  buffer_pool.h:25] BufferPool[IO-0_Write]: Allocate new buffer, current buffer count is 86
I1102 18:24:59.424140 IO-0/EL  buffer_pool.h:25] BufferPool[IO-0_Write]: Allocate new buffer, current buffer count is 87
I1102 18:24:59.424151 IO-0/EL  buffer_pool.h:25] BufferPool[IO-0_Write]: Allocate new buffer, current buffer count is 88
I1102 18:24:59.424163 IO-0/EL  buffer_pool.h:25] BufferPool[IO-0_Write]: Allocate new buffer, current buffer count is 89
I1102 18:24:59.424173 IO-0/EL  buffer_pool.h:25] BufferPool[IO-0_Write]: Allocate new buffer, current buffer count is 90
I1102 18:24:59.424186 IO-0/EL  buffer_pool.h:25] BufferPool[IO-0_Write]: Allocate new buffer, current buffer count is 91
I1102 18:24:59.424195 IO-0/EL  buffer_pool.h:25] BufferPool[IO-0_Write]: Allocate new buffer, current buffer count is 92
I1102 18:24:59.424205 IO-0/EL  buffer_pool.h:25] BufferPool[IO-0_Write]: Allocate new buffer, current buffer count is 93
I1102 18:24:59.424219 IO-0/EL  buffer_pool.h:25] BufferPool[IO-0_Write]: Allocate new buffer, current buffer count is 94
I1102 18:24:59.424228 IO-0/EL  buffer_pool.h:25] BufferPool[IO-0_Write]: Allocate new buffer, current buffer count is 95
I1102 18:24:59.424242 IO-0/EL  buffer_pool.h:25] BufferPool[IO-0_Write]: Allocate new buffer, current buffer count is 96
I1102 18:24:59.424251 IO-0/EL  buffer_pool.h:25] BufferPool[IO-0_Write]: Allocate new buffer, current buffer count is 97
I1102 18:24:59.424264 IO-0/EL  buffer_pool.h:25] BufferPool[IO-0_Write]: Allocate new buffer, current buffer count is 98
I1102 18:24:59.424275 IO-0/EL  buffer_pool.h:25] BufferPool[IO-0_Write]: Allocate new buffer, current buffer count is 99
I1102 18:24:59.424286 IO-0/EL  buffer_pool.h:25] BufferPool[IO-0_Write]: Allocate new buffer, current buffer count is 100
I1102 18:24:59.424295 IO-0/EL  buffer_pool.h:25] BufferPool[IO-0_Write]: Allocate new buffer, current buffer count is 101
I1102 18:24:59.424307 IO-0/EL  buffer_pool.h:25] BufferPool[IO-0_Write]: Allocate new buffer, current buffer count is 102
I1102 18:24:59.424324 IO-0/EL  buffer_pool.h:25] BufferPool[IO-0_Write]: Allocate new buffer, current buffer count is 103
I1102 18:24:59.424335 IO-0/EL  buffer_pool.h:25] BufferPool[IO-0_Write]: Allocate new buffer, current buffer count is 104
I1102 18:24:59.424351 IO-0/EL  buffer_pool.h:25] BufferPool[IO-0_Write]: Allocate new buffer, current buffer count is 105
I1102 18:24:59.424360 IO-0/EL  buffer_pool.h:25] BufferPool[IO-0_Write]: Allocate new buffer, current buffer count is 106
I1102 18:24:59.424373 IO-0/EL  buffer_pool.h:25] BufferPool[IO-0_Write]: Allocate new buffer, current buffer count is 107
I1102 18:24:59.424384 IO-0/EL  buffer_pool.h:25] BufferPool[IO-0_Write]: Allocate new buffer, current buffer count is 108
I1102 18:24:59.424397 IO-0/EL  buffer_pool.h:25] BufferPool[IO-0_Write]: Allocate new buffer, current buffer count is 109
I1102 18:24:59.424406 IO-0/EL  buffer_pool.h:25] BufferPool[IO-0_Write]: Allocate new buffer, current buffer count is 110
I1102 18:24:59.424419 IO-0/EL  buffer_pool.h:25] BufferPool[IO-0_Write]: Allocate new buffer, current buffer count is 111
I1102 18:24:59.424428 IO-0/EL  buffer_pool.h:25] BufferPool[IO-0_Write]: Allocate new buffer, current buffer count is 112
I1102 18:24:59.424445 IO-0/EL  buffer_pool.h:25] BufferPool[IO-0_Write]: Allocate new buffer, current buffer count is 113
I1102 18:24:59.424457 IO-0/EL  buffer_pool.h:25] BufferPool[IO-0_Write]: Allocate new buffer, current buffer count is 114
I1102 18:24:59.424467 IO-0/EL  buffer_pool.h:25] BufferPool[IO-0_Write]: Allocate new buffer, current buffer count is 115
I1102 18:24:59.424480 IO-0/EL  buffer_pool.h:25] BufferPool[IO-0_Write]: Allocate new buffer, current buffer count is 116
I1102 18:24:59.424488 IO-0/EL  buffer_pool.h:25] BufferPool[IO-0_Write]: Allocate new buffer, current buffer count is 117
I1102 18:24:59.424500 IO-0/EL  buffer_pool.h:25] BufferPool[IO-0_Write]: Allocate new buffer, current buffer count is 118
I1102 18:24:59.424513 IO-0/EL  buffer_pool.h:25] BufferPool[IO-0_Write]: Allocate new buffer, current buffer count is 119
I1102 18:24:59.424522 IO-0/EL  buffer_pool.h:25] BufferPool[IO-0_Write]: Allocate new buffer, current buffer count is 120
I1102 18:24:59.424534 IO-0/EL  buffer_pool.h:25] BufferPool[IO-0_Write]: Allocate new buffer, current buffer count is 121
I1102 18:24:59.424544 IO-0/EL  buffer_pool.h:25] BufferPool[IO-0_Write]: Allocate new buffer, current buffer count is 122
I1102 18:24:59.424557 IO-0/EL  buffer_pool.h:25] BufferPool[IO-0_Write]: Allocate new buffer, current buffer count is 123
I1102 18:24:59.424565 IO-0/EL  buffer_pool.h:25] BufferPool[IO-0_Write]: Allocate new buffer, current buffer count is 124
I1102 18:24:59.424577 IO-0/EL  buffer_pool.h:25] BufferPool[IO-0_Write]: Allocate new buffer, current buffer count is 125
I1102 18:24:59.424586 IO-0/EL  buffer_pool.h:25] BufferPool[IO-0_Write]: Allocate new buffer, current buffer count is 126
I1102 18:24:59.424599 IO-0/EL  buffer_pool.h:25] BufferPool[IO-0_Write]: Allocate new buffer, current buffer count is 127
I1102 18:24:59.424608 IO-0/EL  buffer_pool.h:25] BufferPool[IO-0_Write]: Allocate new buffer, current buffer count is 128
I1102 18:24:59.424689 IO-0/EL  buffer_pool.h:25] BufferPool[IO-0_Write]: Allocate new buffer, current buffer count is 129
I1102 18:24:59.424702 IO-0/EL  buffer_pool.h:25] BufferPool[IO-0_Write]: Allocate new buffer, current buffer count is 130
I1102 18:24:59.424716 IO-0/EL  buffer_pool.h:25] BufferPool[IO-0_Write]: Allocate new buffer, current buffer count is 131
I1102 18:24:59.424730 IO-0/EL  buffer_pool.h:25] BufferPool[IO-0_Write]: Allocate new buffer, current buffer count is 132
I1102 18:24:59.424739 IO-0/EL  buffer_pool.h:25] BufferPool[IO-0_Write]: Allocate new buffer, current buffer count is 133
I1102 18:24:59.424748 IO-0/EL  buffer_pool.h:25] BufferPool[IO-0_Write]: Allocate new buffer, current buffer count is 134
I1102 18:24:59.424756 IO-0/EL  buffer_pool.h:25] BufferPool[IO-0_Write]: Allocate new buffer, current buffer count is 135
I1102 18:24:59.424765 IO-0/EL  buffer_pool.h:25] BufferPool[IO-0_Write]: Allocate new buffer, current buffer count is 136
I1102 18:24:59.424799 IO-0/EL  buffer_pool.h:25] BufferPool[IO-0_Write]: Allocate new buffer, current buffer count is 137
I1102 18:24:59.424809 IO-0/EL  buffer_pool.h:25] BufferPool[IO-0_Write]: Allocate new buffer, current buffer count is 138
I1102 18:24:59.424818 IO-0/EL  buffer_pool.h:25] BufferPool[IO-0_Write]: Allocate new buffer, current buffer count is 139
I1102 18:24:59.424828 IO-0/EL  buffer_pool.h:25] BufferPool[IO-0_Write]: Allocate new buffer, current buffer count is 140
I1102 18:24:59.424837 IO-0/EL  buffer_pool.h:25] BufferPool[IO-0_Write]: Allocate new buffer, current buffer count is 141
I1102 18:24:59.424847 IO-0/EL  buffer_pool.h:25] BufferPool[IO-0_Write]: Allocate new buffer, current buffer count is 142
I1102 18:24:59.424857 IO-0/EL  buffer_pool.h:25] BufferPool[IO-0_Write]: Allocate new buffer, current buffer count is 143
I1102 18:24:59.424867 IO-0/EL  buffer_pool.h:25] BufferPool[IO-0_Write]: Allocate new buffer, current buffer count is 144
I1102 18:24:59.424877 IO-0/EL  buffer_pool.h:25] BufferPool[IO-0_Write]: Allocate new buffer, current buffer count is 145
I1102 18:24:59.424890 IO-0/EL  buffer_pool.h:25] BufferPool[IO-0_Write]: Allocate new buffer, current buffer count is 146
I1102 18:24:59.424899 IO-0/EL  buffer_pool.h:25] BufferPool[IO-0_Write]: Allocate new buffer, current buffer count is 147
I1102 18:24:59.424908 IO-0/EL  buffer_pool.h:25] BufferPool[IO-0_Write]: Allocate new buffer, current buffer count is 148
I1102 18:24:59.424916 IO-0/EL  buffer_pool.h:25] BufferPool[IO-0_Write]: Allocate new buffer, current buffer count is 149
I1102 18:24:59.424926 IO-0/EL  buffer_pool.h:25] BufferPool[IO-0_Write]: Allocate new buffer, current buffer count is 150
I1102 18:24:59.424936 IO-0/EL  buffer_pool.h:25] BufferPool[IO-0_Write]: Allocate new buffer, current buffer count is 151
I1102 18:24:59.424946 IO-0/EL  buffer_pool.h:25] BufferPool[IO-0_Write]: Allocate new buffer, current buffer count is 152
I1102 18:24:59.424955 IO-0/EL  buffer_pool.h:25] BufferPool[IO-0_Write]: Allocate new buffer, current buffer count is 153
I1102 18:24:59.424964 IO-0/EL  buffer_pool.h:25] BufferPool[IO-0_Write]: Allocate new buffer, current buffer count is 154
I1102 18:24:59.424974 IO-0/EL  buffer_pool.h:25] BufferPool[IO-0_Write]: Allocate new buffer, current buffer count is 155
I1102 18:24:59.424982 IO-0/EL  buffer_pool.h:25] BufferPool[IO-0_Write]: Allocate new buffer, current buffer count is 156
I1102 18:25:04.483724 Main     server_base.cpp:35] Server: Scheduled to stop
I1102 18:25:04.483963 IO-0/EL  message_connection.cpp:284] LauncherConnection[1]: Connection closed remotely
I1102 18:25:04.483935 Server/E server_base.cpp:109] Server: Start stopping process
I1102 18:25:04.484014 IO-0/EL  io_worker.cpp:206] IO-0: Start stopping process
I1102 18:25:04.484083 Server/E server_base.cpp:55] Server: Event loop finishes
