I1102 18:24:56.611516 Main     thread.cpp:100] Register main thread: tid=1377377
E1102 18:24:56.611654 Main     docker.cpp:59] Cannot find docker's cgroup in /proc/self/cgroup
I1102 18:24:56.614919 Launcher thread.cpp:40] Start thread: Launcher/EL
I1102 18:24:56.614966 Launcher thread.cpp:64] Does not find cpuset setting for IO threads (can be set by FAAS_IO_THREAD_CPUSET)
I1102 18:24:56.614972 Launcher thread.cpp:82] Does not find nice setting for IO threads (can be set by FAAS_IO_THREAD_NICE)
I1102 18:24:56.614976 Launcher launcher.cpp:96] Launcher: Event loop starts
I1102 18:24:56.614995 Launcher engine_connection.cpp:93] EngineConnection: Connected to engine, start writing handshake message
I1102 18:24:56.616516 Launcher buffer_pool.h:25] BufferPool[Launcher]: Allocate new buffer, current buffer count is 1
I1102 18:24:56.616550 Launcher func_config.cpp:135] Load configuration for function Noop[1]
I1102 18:24:56.616561 Launcher engine_connection.cpp:65] EngineConnection: Handshake done
I1102 18:25:04.483767 Main     launcher.cpp:44] Launcher: Scheduled to stop
E1102 18:25:04.485039 Launcher launcher.cpp:72] Launcher: Connection to engine disconnected
I1102 18:25:04.485085 Launcher launcher.cpp:44] Launcher: Scheduled to stop
W1102 18:25:04.488938 Launcher launcher.cpp:87] Launcher: Function process 47 terminated
W1102 18:25:04.488955 Launcher launcher.cpp:87] Launcher: Function process 30 terminated
W1102 18:25:04.488960 Launcher launcher.cpp:87] Launcher: Function process 23 terminated
W1102 18:25:04.488964 Launcher launcher.cpp:87] Launcher: Function process 16 terminated
W1102 18:25:04.488968 Launcher launcher.cpp:87] Launcher: Function process 5 terminated
W1102 18:25:04.488972 Launcher launcher.cpp:87] Launcher: Function process 127 terminated
W1102 18:25:04.488976 Launcher launcher.cpp:87] Launcher: Function process 126 terminated
W1102 18:25:04.488980 Launcher launcher.cpp:87] Launcher: Function process 125 terminated
W1102 18:25:04.488984 Launcher launcher.cpp:87] Launcher: Function process 124 terminated
W1102 18:25:04.488988 Launcher launcher.cpp:87] Launcher: Function process 123 terminated
W1102 18:25:04.488992 Launcher launcher.cpp:87] Launcher: Function process 122 terminated
W1102 18:25:04.488995 Launcher launcher.cpp:87] Launcher: Function process 121 terminated
W1102 18:25:04.488999 Launcher launcher.cpp:87] Launcher: Function process 120 terminated
W1102 18:25:04.489003 Launcher launcher.cpp:87] Launcher: Function process 119 terminated
W1102 18:25:04.489007 Launcher launcher.cpp:87] Launcher: Function process 118 terminated
W1102 18:25:04.489011 Launcher launcher.cpp:87] Launcher: Function process 117 terminated
W1102 18:25:04.489014 Launcher launcher.cpp:87] Launcher: Function process 116 terminated
W1102 18:25:04.489018 Launcher launcher.cpp:87] Launcher: Function process 115 terminated
W1102 18:25:04.489022 Launcher launcher.cpp:87] Launcher: Function process 114 terminated
W1102 18:25:04.489026 Launcher launcher.cpp:87] Launcher: Function process 113 terminated
W1102 18:25:04.489030 Launcher launcher.cpp:87] Launcher: Function process 112 terminated
W1102 18:25:04.489033 Launcher launcher.cpp:87] Launcher: Function process 111 terminated
W1102 18:25:04.489037 Launcher launcher.cpp:87] Launcher: Function process 110 terminated
W1102 18:25:04.489041 Launcher launcher.cpp:87] Launcher: Function process 109 terminated
W1102 18:25:04.489045 Launcher launcher.cpp:87] Launcher: Function process 108 terminated
W1102 18:25:04.489049 Launcher launcher.cpp:87] Launcher: Function process 107 terminated
W1102 18:25:04.489053 Launcher launcher.cpp:87] Launcher: Function process 106 terminated
W1102 18:25:04.489057 Launcher launcher.cpp:87] Launcher: Function process 105 terminated
W1102 18:25:04.489060 Launcher launcher.cpp:87] Launcher: Function process 104 terminated
W1102 18:25:04.489064 Launcher launcher.cpp:87] Launcher: Function process 103 terminated
W1102 18:25:04.489068 Launcher launcher.cpp:87] Launcher: Function process 102 terminated
W1102 18:25:04.489072 Launcher launcher.cpp:87] Launcher: Function process 101 terminated
W1102 18:25:04.489094 Launcher launcher.cpp:87] Launcher: Function process 100 terminated
W1102 18:25:04.489098 Launcher launcher.cpp:87] Launcher: Function process 99 terminated
W1102 18:25:04.489102 Launcher launcher.cpp:87] Launcher: Function process 98 terminated
W1102 18:25:04.489105 Launcher launcher.cpp:87] Launcher: Function process 97 terminated
W1102 18:25:04.489109 Launcher launcher.cpp:87] Launcher: Function process 96 terminated
W1102 18:25:04.489113 Launcher launcher.cpp:87] Launcher: Function process 95 terminated
W1102 18:25:04.489116 Launcher launcher.cpp:87] Launcher: Function process 94 terminated
W1102 18:25:04.489120 Launcher launcher.cpp:87] Launcher: Function process 93 terminated
W1102 18:25:04.489123 Launcher launcher.cpp:87] Launcher: Function process 92 terminated
W1102 18:25:04.489128 Launcher launcher.cpp:87] Launcher: Function process 91 terminated
W1102 18:25:04.489131 Launcher launcher.cpp:87] Launcher: Function process 90 terminated
W1102 18:25:04.489135 Launcher launcher.cpp:87] Launcher: Function process 89 terminated
W1102 18:25:04.489138 Launcher launcher.cpp:87] Launcher: Function process 88 terminated
W1102 18:25:04.489142 Launcher launcher.cpp:87] Launcher: Function process 87 terminated
W1102 18:25:04.489145 Launcher launcher.cpp:87] Launcher: Function process 86 terminated
W1102 18:25:04.489148 Launcher launcher.cpp:87] Launcher: Function process 85 terminated
W1102 18:25:04.489152 Launcher launcher.cpp:87] Launcher: Function process 84 terminated
W1102 18:25:04.489156 Launcher launcher.cpp:87] Launcher: Function process 83 terminated
W1102 18:25:04.489159 Launcher launcher.cpp:87] Launcher: Function process 82 terminated
W1102 18:25:04.489163 Launcher launcher.cpp:87] Launcher: Function process 81 terminated
W1102 18:25:04.489166 Launcher launcher.cpp:87] Launcher: Function process 80 terminated
W1102 18:25:04.489170 Launcher launcher.cpp:87] Launcher: Function process 79 terminated
W1102 18:25:04.489173 Launcher launcher.cpp:87] Launcher: Function process 78 terminated
W1102 18:25:04.489177 Launcher launcher.cpp:87] Launcher: Function process 77 terminated
W1102 18:25:04.489180 Launcher launcher.cpp:87] Launcher: Function process 76 terminated
W1102 18:25:04.489184 Launcher launcher.cpp:87] Launcher: Function process 75 terminated
W1102 18:25:04.489187 Launcher launcher.cpp:87] Launcher: Function process 74 terminated
W1102 18:25:04.489191 Launcher launcher.cpp:87] Launcher: Function process 73 terminated
W1102 18:25:04.489194 Launcher launcher.cpp:87] Launcher: Function process 72 terminated
W1102 18:25:04.489198 Launcher launcher.cpp:87] Launcher: Function process 71 terminated
W1102 18:25:04.489201 Launcher launcher.cpp:87] Launcher: Function process 70 terminated
W1102 18:25:04.489205 Launcher launcher.cpp:87] Launcher: Function process 69 terminated
W1102 18:25:04.489208 Launcher launcher.cpp:87] Launcher: Function process 68 terminated
W1102 18:25:04.489212 Launcher launcher.cpp:87] Launcher: Function process 67 terminated
W1102 18:25:04.489215 Launcher launcher.cpp:87] Launcher: Function process 66 terminated
W1102 18:25:04.489219 Launcher launcher.cpp:87] Launcher: Function process 65 terminated
W1102 18:25:04.489222 Launcher launcher.cpp:87] Launcher: Function process 64 terminated
W1102 18:25:04.489226 Launcher launcher.cpp:87] Launcher: Function process 63 terminated
W1102 18:25:04.489229 Launcher launcher.cpp:87] Launcher: Function process 62 terminated
W1102 18:25:04.489233 Launcher launcher.cpp:87] Launcher: Function process 61 terminated
W1102 18:25:04.489236 Launcher launcher.cpp:87] Launcher: Function process 60 terminated
W1102 18:25:04.489240 Launcher launcher.cpp:87] Launcher: Function process 59 terminated
W1102 18:25:04.489243 Launcher launcher.cpp:87] Launcher: Function process 58 terminated
W1102 18:25:04.489247 Launcher launcher.cpp:87] Launcher: Function process 57 terminated
W1102 18:25:04.489251 Launcher launcher.cpp:87] Launcher: Function process 56 terminated
W1102 18:25:04.489254 Launcher launcher.cpp:87] Launcher: Function process 55 terminated
W1102 18:25:04.489263 Launcher launcher.cpp:87] Launcher: Function process 54 terminated
W1102 18:25:04.489268 Launcher launcher.cpp:87] Launcher: Function process 53 terminated
W1102 18:25:04.489271 Launcher launcher.cpp:87] Launcher: Function process 52 terminated
W1102 18:25:04.489275 Launcher launcher.cpp:87] Launcher: Function process 51 terminated
W1102 18:25:04.489278 Launcher launcher.cpp:87] Launcher: Function process 50 terminated
W1102 18:25:04.489283 Launcher launcher.cpp:87] Launcher: Function process 49 terminated
W1102 18:25:04.489286 Launcher launcher.cpp:87] Launcher: Function process 48 terminated
W1102 18:25:04.489290 Launcher launcher.cpp:87] Launcher: Function process 46 terminated
W1102 18:25:04.489294 Launcher launcher.cpp:87] Launcher: Function process 45 terminated
W1102 18:25:04.489297 Launcher launcher.cpp:87] Launcher: Function process 44 terminated
W1102 18:25:04.489301 Launcher launcher.cpp:87] Launcher: Function process 43 terminated
W1102 18:25:04.489304 Launcher launcher.cpp:87] Launcher: Function process 42 terminated
W1102 18:25:04.489308 Launcher launcher.cpp:87] Launcher: Function process 41 terminated
W1102 18:25:04.489311 Launcher launcher.cpp:87] Launcher: Function process 40 terminated
W1102 18:25:04.489315 Launcher launcher.cpp:87] Launcher: Function process 39 terminated
W1102 18:25:04.489318 Launcher launcher.cpp:87] Launcher: Function process 38 terminated
W1102 18:25:04.489322 Launcher launcher.cpp:87] Launcher: Function process 37 terminated
W1102 18:25:04.489325 Launcher launcher.cpp:87] Launcher: Function process 36 terminated
W1102 18:25:04.489328 Launcher launcher.cpp:87] Launcher: Function process 35 terminated
W1102 18:25:04.489332 Launcher launcher.cpp:87] Launcher: Function process 34 terminated
W1102 18:25:04.489335 Launcher launcher.cpp:87] Launcher: Function process 33 terminated
W1102 18:25:04.489339 Launcher launcher.cpp:87] Launcher: Function process 32 terminated
W1102 18:25:04.489343 Launcher launcher.cpp:87] Launcher: Function process 31 terminated
W1102 18:25:04.489346 Launcher launcher.cpp:87] Launcher: Function process 29 terminated
W1102 18:25:04.489350 Launcher launcher.cpp:87] Launcher: Function process 28 terminated
W1102 18:25:04.489354 Launcher launcher.cpp:87] Launcher: Function process 27 terminated
W1102 18:25:04.489358 Launcher launcher.cpp:87] Launcher: Function process 26 terminated
W1102 18:25:04.489361 Launcher launcher.cpp:87] Launcher: Function process 25 terminated
W1102 18:25:04.489365 Launcher launcher.cpp:87] Launcher: Function process 24 terminated
W1102 18:25:04.489369 Launcher launcher.cpp:87] Launcher: Function process 22 terminated
W1102 18:25:04.489372 Launcher launcher.cpp:87] Launcher: Function process 21 terminated
W1102 18:25:04.489375 Launcher launcher.cpp:87] Launcher: Function process 20 terminated
W1102 18:25:04.489379 Launcher launcher.cpp:87] Launcher: Function process 19 terminated
W1102 18:25:04.489382 Launcher launcher.cpp:87] Launcher: Function process 18 terminated
W1102 18:25:04.489386 Launcher launcher.cpp:87] Launcher: Function process 17 terminated
W1102 18:25:04.489389 Launcher launcher.cpp:87] Launcher: Function process 15 terminated
W1102 18:25:04.489393 Launcher launcher.cpp:87] Launcher: Function process 14 terminated
W1102 18:25:04.489397 Launcher launcher.cpp:87] Launcher: Function process 13 terminated
W1102 18:25:04.489400 Launcher launcher.cpp:87] Launcher: Function process 12 terminated
W1102 18:25:04.489403 Launcher launcher.cpp:87] Launcher: Function process 11 terminated
W1102 18:25:04.489407 Launcher launcher.cpp:87] Launcher: Function process 10 terminated
W1102 18:25:04.489410 Launcher launcher.cpp:87] Launcher: Function process 9 terminated
W1102 18:25:04.489414 Launcher launcher.cpp:87] Launcher: Function process 8 terminated
W1102 18:25:04.489417 Launcher launcher.cpp:87] Launcher: Function process 7 terminated
W1102 18:25:04.489421 Launcher launcher.cpp:87] Launcher: Function process 6 terminated
W1102 18:25:04.489424 Launcher launcher.cpp:87] Launcher: Function process 4 terminated
W1102 18:25:04.489433 Launcher launcher.cpp:87] Launcher: Function process 3 terminated
W1102 18:25:04.489436 Launcher launcher.cpp:87] Launcher: Function process 2 terminated
W1102 18:25:04.489440 Launcher launcher.cpp:87] Launcher: Function process 1 terminated
W1102 18:25:04.489443 Launcher launcher.cpp:87] Launcher: Function process 0 terminated
I1102 18:25:04.489447 Launcher launcher.cpp:101] Launcher: Event loop finishes
I1102 18:25:04.489487 Main     launcher.cpp:68] Launcher: Stopped
