$ /users/vj2267/nightcore/benchmarks/run_bench.sh --duration 5 --workers 128 --remote vj2267@sm110p-10s10615.wisc.cloudlab.us --remote_addr 10.10.1.2 --machnet --local_machnet_ip 10.10.1.1 --mode noop --target_rps 150000

=== Nightcore Stress Test (noop mode) ===
Mode: noop
Function: Noop
Workers: 128
Duration: 5 seconds
Target RPS (global): 150000
Input size: 64 bytes
Inflight limit per connection: 1
Engine IO workers: 1
Gateway conns per worker: 1
Warmup: 0 seconds
Stress Client: Remote (vj2267@sm110p-10s10615.wisc.cloudlab.us)
Engine Connection Address: 10.10.1.2 (explicit)
Transport: Machnet
  Remote Machnet IP: 10.10.1.2
  Local Machnet IP: 10.10.1.1

Cleaning up any existing stress_client on remote...
Starting stress_client on remote host vj2267@sm110p-10s10615.wisc.cloudlab.us...
  Remote SSH process PID: 1377734
  Output will be saved to: /users/vj2267/nightcore/benchmarks/outputs/stress_client_remote.txt
Waiting for remote stress_client to start...
I1102 18:25:25.914474 Main     thread.cpp:100] Register main thread: tid=1138668
I1102 18:25:25.914546 Main     stress_client.cpp:179] Using Machnet transport on 10.10.1.2:10007
I1102 18:25:25.914551 Main     stress_client_machnet.cpp:37] Starting Machnet event-loop thread...
[Loop Thread 133189897025216] Machnet event-loop thread started
I1102 18:25:25.917776 Server/E thread.cpp:40] Start thread: Server/EL
I1102 18:25:25.917808 Server/E server_base.cpp:50] Server: Event loop starts
I1102 18:25:26.417894 Main     stress_client.cpp:43] === Nightcore Stress Test ===
I1102 18:25:26.417932 Main     stress_client.cpp:44] Function ID: 1
I1102 18:25:26.417941 Main     stress_client.cpp:45] Method ID: 0
I1102 18:25:26.417946 Main     stress_client.cpp:46] Input size: 64 bytes
I1102 18:25:26.417950 Main     stress_client.cpp:47] Global target RPS: 150000
I1102 18:25:26.417956 Main     stress_client.cpp:50] Inflight limit per connection: 1
I1102 18:25:26.417961 Main     stress_client.cpp:51] Warmup: 0s, Duration: 5s
I1102 18:25:26.417966 Main     stress_client.cpp:53] 
I1102 18:25:26.417970 Main     stress_client.cpp:54] ========================================
I1102 18:25:26.417975 Main     stress_client.cpp:57] Waiting for Engine to connect...
Checking for file descriptor...
Got a file descriptor!
Listening on Machnet 10.10.1.2:10007 for Engine connections[Loop Thread 133189897025216] Machnet listener created
Starting Engine (connecting to 10.10.1.2:10007)...
  Engine PID: 1377743
New Machnet connection created: 168427777:1024 -> 168427778:10007
[Receive Thread 133189897025216] Handshake: pinned send flow 168427778:10007 -> 168427777:1024
[Loop Thread 133189897025216] Now sending on flow 168427778:10007 -> 168427777:1024
I1102 18:25:30.421740 Main     stress_client.cpp:71] Engine connected with 1 connection(s)
I1102 18:25:30.421775 Main     stress_client.cpp:73] Global target RPS: 150000
I1102 18:25:30.421782 Main     stress_client.cpp:76] 
I1102 18:25:30.421786 Main     stress_client.cpp:79] Waiting 3 seconds for workers to initialize...
Starting Launcher with 128 workers...
All components started. Stress test will begin after warmup...

I1102 18:25:34.430529 Main     stress_common.cpp:30] [T+1s] Sent: 166680 | Completed: 166674 | Failed: 0 | Latencies: 166674
I1102 18:25:35.434377 Main     stress_common.cpp:30] [T+2s] Sent: 333410 | Completed: 333404 | Failed: 0 | Latencies: 333404
I1102 18:25:36.436840 Main     stress_common.cpp:30] [T+3s] Sent: 500076 | Completed: 500071 | Failed: 0 | Latencies: 500071
I1102 18:25:37.439651 Main     stress_common.cpp:30] [T+4s] Sent: 666738 | Completed: 666732 | Failed: 0 | Latencies: 666733
I1102 18:25:38.441839 Main     stress_common.cpp:30] [T+5s] Sent: 830430 | Completed: 830430 | Failed: 0 | Latencies: 750000
I1102 18:25:38.441878 Main     stress_client.cpp:116] 
I1102 18:25:38.443046 Main     stress_common.cpp:42] ========================================
I1102 18:25:38.443057 Main     stress_common.cpp:43] === Stress Test Results ===
I1102 18:25:38.443063 Main     stress_common.cpp:44] ========================================
I1102 18:25:38.443069 Main     stress_common.cpp:45] Transport:         Machnet
I1102 18:25:38.443076 Main     stress_common.cpp:46] Connections:       1
I1102 18:25:38.443083 Main     stress_common.cpp:47] Duration:          5.01 seconds
I1102 18:25:38.443112 Main     stress_common.cpp:48] Total Sent:        830430
I1102 18:25:38.443127 Main     stress_common.cpp:49] Total Completed:   830430 (100.00%)
I1102 18:25:38.443134 Main     stress_common.cpp:52] Total Failed:      0 (0.00%)
I1102 18:25:38.443140 Main     stress_common.cpp:55] 
I1102 18:25:38.443145 Main     stress_common.cpp:56] Throughput:        165648.2 rps
I1102 18:25:38.443151 Main     stress_common.cpp:57] 
I1102 18:25:38.505518 Main     stress_common.cpp:71] Latency (us):
I1102 18:25:38.505527 Main     stress_common.cpp:72]   Min:    17
I1102 18:25:38.505531 Main     stress_common.cpp:73]   p50:    31
I1102 18:25:38.505534 Main     stress_common.cpp:74]   p90:    33
I1102 18:25:38.505537 Main     stress_common.cpp:75]   p99:    51
I1102 18:25:38.505541 Main     stress_common.cpp:76]   p99.9:  2784
I1102 18:25:38.505544 Main     stress_common.cpp:77]   Max:    3738
I1102 18:25:38.505547 Main     stress_common.cpp:82] ========================================
I1102 18:25:38.505550 Main     server_base.cpp:35] Server: Scheduled to stop
I1102 18:25:38.505694 Server/E server_base.cpp:109] Server: Start stopping process
[Loop Thread 133189897025216] Machnet event-loop thread finished
I1102 18:25:38.505791 Server/E server_base.cpp:55] Server: Event loop finishes
I1102 18:25:38.505913 Main     server_base.cpp:46] Server: Stopped

Stress test completed. Shutting down...

Copying results from remote host...
Remote stress_client output:
I1102 18:25:25.914474 Main     thread.cpp:100] Register main thread: tid=1138668
I1102 18:25:25.914546 Main     stress_client.cpp:179] Using Machnet transport on 10.10.1.2:10007
I1102 18:25:25.914551 Main     stress_client_machnet.cpp:37] Starting Machnet event-loop thread...
[Loop Thread 133189897025216] Machnet event-loop thread started
I1102 18:25:25.917776 Server/E thread.cpp:40] Start thread: Server/EL
I1102 18:25:25.917808 Server/E server_base.cpp:50] Server: Event loop starts
I1102 18:25:26.417894 Main     stress_client.cpp:43] === Nightcore Stress Test ===
I1102 18:25:26.417932 Main     stress_client.cpp:44] Function ID: 1
I1102 18:25:26.417941 Main     stress_client.cpp:45] Method ID: 0
I1102 18:25:26.417946 Main     stress_client.cpp:46] Input size: 64 bytes
I1102 18:25:26.417950 Main     stress_client.cpp:47] Global target RPS: 150000
I1102 18:25:26.417956 Main     stress_client.cpp:50] Inflight limit per connection: 1
I1102 18:25:26.417961 Main     stress_client.cpp:51] Warmup: 0s, Duration: 5s
I1102 18:25:26.417966 Main     stress_client.cpp:53] 
I1102 18:25:26.417970 Main     stress_client.cpp:54] ========================================
I1102 18:25:26.417975 Main     stress_client.cpp:57] Waiting for Engine to connect...
Checking for file descriptor...
Got a file descriptor!
Listening on Machnet 10.10.1.2:10007 for Engine connections[Loop Thread 133189897025216] Machnet listener created
New Machnet connection created: 168427777:1024 -> 168427778:10007
[Receive Thread 133189897025216] Handshake: pinned send flow 168427778:10007 -> 168427777:1024
[Loop Thread 133189897025216] Now sending on flow 168427778:10007 -> 168427777:1024
I1102 18:25:30.421740 Main     stress_client.cpp:71] Engine connected with 1 connection(s)
I1102 18:25:30.421775 Main     stress_client.cpp:73] Global target RPS: 150000
I1102 18:25:30.421782 Main     stress_client.cpp:76] 
I1102 18:25:30.421786 Main     stress_client.cpp:79] Waiting 3 seconds for workers to initialize...
I1102 18:25:34.430529 Main     stress_common.cpp:30] [T+1s] Sent: 166680 | Completed: 166674 | Failed: 0 | Latencies: 166674
I1102 18:25:35.434377 Main     stress_common.cpp:30] [T+2s] Sent: 333410 | Completed: 333404 | Failed: 0 | Latencies: 333404
I1102 18:25:36.436840 Main     stress_common.cpp:30] [T+3s] Sent: 500076 | Completed: 500071 | Failed: 0 | Latencies: 500071
I1102 18:25:37.439651 Main     stress_common.cpp:30] [T+4s] Sent: 666738 | Completed: 666732 | Failed: 0 | Latencies: 666733
I1102 18:25:38.441839 Main     stress_common.cpp:30] [T+5s] Sent: 830430 | Completed: 830430 | Failed: 0 | Latencies: 750000
I1102 18:25:38.441878 Main     stress_client.cpp:116] 
I1102 18:25:38.443046 Main     stress_common.cpp:42] ========================================
I1102 18:25:38.443057 Main     stress_common.cpp:43] === Stress Test Results ===
I1102 18:25:38.443063 Main     stress_common.cpp:44] ========================================
I1102 18:25:38.443069 Main     stress_common.cpp:45] Transport:         Machnet
I1102 18:25:38.443076 Main     stress_common.cpp:46] Connections:       1
I1102 18:25:38.443083 Main     stress_common.cpp:47] Duration:          5.01 seconds
I1102 18:25:38.443112 Main     stress_common.cpp:48] Total Sent:        830430
I1102 18:25:38.443127 Main     stress_common.cpp:49] Total Completed:   830430 (100.00%)
I1102 18:25:38.443134 Main     stress_common.cpp:52] Total Failed:      0 (0.00%)
I1102 18:25:38.443140 Main     stress_common.cpp:55] 
I1102 18:25:38.443145 Main     stress_common.cpp:56] Throughput:        165648.2 rps
I1102 18:25:38.443151 Main     stress_common.cpp:57] 
I1102 18:25:38.505518 Main     stress_common.cpp:71] Latency (us):
I1102 18:25:38.505527 Main     stress_common.cpp:72]   Min:    17
I1102 18:25:38.505531 Main     stress_common.cpp:73]   p50:    31
I1102 18:25:38.505534 Main     stress_common.cpp:74]   p90:    33
I1102 18:25:38.505537 Main     stress_common.cpp:75]   p99:    51
I1102 18:25:38.505541 Main     stress_common.cpp:76]   p99.9:  2784
I1102 18:25:38.505544 Main     stress_common.cpp:77]   Max:    3738
I1102 18:25:38.505547 Main     stress_common.cpp:82] ========================================
I1102 18:25:38.505550 Main     server_base.cpp:35] Server: Scheduled to stop
I1102 18:25:38.505694 Server/E server_base.cpp:109] Server: Start stopping process
[Loop Thread 133189897025216] Machnet event-loop thread finished
I1102 18:25:38.505791 Server/E server_base.cpp:55] Server: Event loop finishes
I1102 18:25:38.505913 Main     server_base.cpp:46] Server: Stopped

Cleaning up any remaining remote stress_client processes...

Logs saved to:
  Engine:   /users/vj2267/nightcore/benchmarks/outputs/engine.log
  Launcher: /users/vj2267/nightcore/benchmarks/outputs/launcher.log
  Workers:  /users/vj2267/nightcore/benchmarks/outputs/Noop_worker_*.stdout
