$ /users/vj2267/nightcore/benchmarks/run_bench.sh --duration 5 --workers 256 --remote vj2267@sm110p-10s10615.wisc.cloudlab.us --remote_addr 10.10.1.2 --machnet --local_machnet_ip 10.10.1.1 --mode hyperlight --target_rps 225000

=== Nightcore Stress Test (hyperlight mode) ===
Mode: hyperlight
Function: Echo
Workers: 256
Duration: 5 seconds
Target RPS (global): 225000
Input size: 64 bytes
Inflight limit per connection: 1
Engine IO workers: 1
Gateway conns per worker: 1
Warmup: 0 seconds
Stress Client: Remote (vj2267@sm110p-10s10615.wisc.cloudlab.us)
Engine Connection Address: 10.10.1.2 (explicit)
Transport: Machnet
  Remote Machnet IP: 10.10.1.2
  Local Machnet IP: 10.10.1.1

Cleaning up any existing stress_client on remote...
Starting stress_client on remote host vj2267@sm110p-10s10615.wisc.cloudlab.us...
  Remote SSH process PID: 1411410
  Output will be saved to: /users/vj2267/nightcore/benchmarks/outputs/stress_client_remote.txt
Waiting for remote stress_client to start...
I1102 19:17:17.225567 Main     thread.cpp:100] Register main thread: tid=1176889
I1102 19:17:17.225654 Main     stress_client.cpp:179] Using Machnet transport on 10.10.1.2:10007
I1102 19:17:17.225659 Main     stress_client_machnet.cpp:37] Starting Machnet event-loop thread...
[Loop Thread 136727347852992] Machnet event-loop thread started
I1102 19:17:17.228925 Server/E thread.cpp:40] Start thread: Server/EL
I1102 19:17:17.228964 Server/E server_base.cpp:50] Server: Event loop starts
Checking for file descriptor...
Got a file descriptor!
I1102 19:17:17.729026 Main     stress_client.cpp:43] === Nightcore Stress Test ===
I1102 19:17:17.729062 Main     stress_client.cpp:44] Function ID: 1
I1102 19:17:17.729070 Main     stress_client.cpp:45] Method ID: 0
I1102 19:17:17.729075 Main     stress_client.cpp:46] Input size: 64 bytes
I1102 19:17:17.729080 Main     stress_client.cpp:47] Global target RPS: 225000
I1102 19:17:17.729085 Main     stress_client.cpp:50] Inflight limit per connection: 1
I1102 19:17:17.729089 Main     stress_client.cpp:51] Warmup: 0s, Duration: 5s
I1102 19:17:17.729095 Main     stress_client.cpp:53] 
I1102 19:17:17.729099 Main     stress_client.cpp:54] ========================================
I1102 19:17:17.729103 Main     stress_client.cpp:57] Waiting for Engine to connect...
Listening on Machnet 10.10.1.2:10007 for Engine connections[Loop Thread 136727347852992] Machnet listener created
Starting Engine (connecting to 10.10.1.2:10007)...
  Engine PID: 1411413
New Machnet connection created: 168427777:1024 -> 168427778:10007
[Receive Thread 136727347852992] Handshake: pinned send flow 168427778:10007 -> 168427777:1024
[Loop Thread 136727347852992] Now sending on flow 168427778:10007 -> 168427777:1024
I1102 19:17:21.432509 Main     stress_client.cpp:71] Engine connected with 1 connection(s)
I1102 19:17:21.432545 Main     stress_client.cpp:73] Global target RPS: 225000
I1102 19:17:21.432552 Main     stress_client.cpp:76] 
I1102 19:17:21.432557 Main     stress_client.cpp:79] Waiting 3 seconds for workers to initialize...
Starting Launcher with 256 workers...
All components started. Stress test will begin after warmup...

I1102 19:17:25.442856 Main     stress_common.cpp:30] [T+1s] Sent: 249985 | Completed: 131837 | Failed: 0 | Latencies: 131837
I1102 19:17:26.445975 Main     stress_common.cpp:30] [T+2s] Sent: 500411 | Completed: 260091 | Failed: 0 | Latencies: 260091
I1102 19:17:27.447390 Main     stress_common.cpp:30] [T+3s] Sent: 750470 | Completed: 390310 | Failed: 0 | Latencies: 390310
I1102 19:17:28.449634 Main     stress_common.cpp:30] [T+4s] Sent: 1000454 | Completed: 517121 | Failed: 0 | Latencies: 517121
I1102 19:17:29.452153 Main     stress_common.cpp:30] [T+5s] Sent: 1246145 | Completed: 645957 | Failed: 0 | Latencies: 645957
I1102 19:17:29.452196 Main     stress_client.cpp:116] 
I1102 19:17:29.453310 Main     stress_common.cpp:42] ========================================
I1102 19:17:29.453318 Main     stress_common.cpp:43] === Stress Test Results ===
I1102 19:17:29.453323 Main     stress_common.cpp:44] ========================================
I1102 19:17:29.453327 Main     stress_common.cpp:45] Transport:         Machnet
I1102 19:17:29.453333 Main     stress_common.cpp:46] Connections:       1
I1102 19:17:29.453338 Main     stress_common.cpp:47] Duration:          5.01 seconds
I1102 19:17:29.453362 Main     stress_common.cpp:48] Total Sent:        1246145
I1102 19:17:29.453367 Main     stress_common.cpp:49] Total Completed:   646222 (51.86%)
I1102 19:17:29.453374 Main     stress_common.cpp:52] Total Failed:      0 (0.00%)
I1102 19:17:29.453381 Main     stress_common.cpp:55] 
I1102 19:17:29.453385 Main     stress_common.cpp:56] Throughput:        128964.2 rps
I1102 19:17:29.453391 Main     stress_common.cpp:57] 
I1102 19:17:29.500938 Main     stress_common.cpp:71] Latency (us):
I1102 19:17:29.500950 Main     stress_common.cpp:72]   Min:    5504
I1102 19:17:29.500956 Main     stress_common.cpp:73]   p50:    1192238
I1102 19:17:29.500961 Main     stress_common.cpp:74]   p90:    2186089
I1102 19:17:29.500965 Main     stress_common.cpp:75]   p99:    2406569
I1102 19:17:29.500970 Main     stress_common.cpp:76]   p99.9:  2421325
I1102 19:17:29.500974 Main     stress_common.cpp:77]   Max:    2424996
I1102 19:17:29.500978 Main     stress_common.cpp:82] ========================================
I1102 19:17:29.500982 Main     server_base.cpp:35] Server: Scheduled to stop
I1102 19:17:29.501004 Server/E server_base.cpp:109] Server: Start stopping process
[Loop Thread 136727347852992] Machnet event-loop thread finished
I1102 19:17:29.501204 Server/E server_base.cpp:55] Server: Event loop finishes
I1102 19:17:29.501363 Main     server_base.cpp:46] Server: Stopped

Stress test completed. Shutting down...

Copying results from remote host...
Remote stress_client output:
I1102 19:17:17.225567 Main     thread.cpp:100] Register main thread: tid=1176889
I1102 19:17:17.225654 Main     stress_client.cpp:179] Using Machnet transport on 10.10.1.2:10007
I1102 19:17:17.225659 Main     stress_client_machnet.cpp:37] Starting Machnet event-loop thread...
[Loop Thread 136727347852992] Machnet event-loop thread started
I1102 19:17:17.228925 Server/E thread.cpp:40] Start thread: Server/EL
I1102 19:17:17.228964 Server/E server_base.cpp:50] Server: Event loop starts
Checking for file descriptor...
Got a file descriptor!
I1102 19:17:17.729026 Main     stress_client.cpp:43] === Nightcore Stress Test ===
I1102 19:17:17.729062 Main     stress_client.cpp:44] Function ID: 1
I1102 19:17:17.729070 Main     stress_client.cpp:45] Method ID: 0
I1102 19:17:17.729075 Main     stress_client.cpp:46] Input size: 64 bytes
I1102 19:17:17.729080 Main     stress_client.cpp:47] Global target RPS: 225000
I1102 19:17:17.729085 Main     stress_client.cpp:50] Inflight limit per connection: 1
I1102 19:17:17.729089 Main     stress_client.cpp:51] Warmup: 0s, Duration: 5s
I1102 19:17:17.729095 Main     stress_client.cpp:53] 
I1102 19:17:17.729099 Main     stress_client.cpp:54] ========================================
I1102 19:17:17.729103 Main     stress_client.cpp:57] Waiting for Engine to connect...
Listening on Machnet 10.10.1.2:10007 for Engine connections[Loop Thread 136727347852992] Machnet listener created
New Machnet connection created: 168427777:1024 -> 168427778:10007
[Receive Thread 136727347852992] Handshake: pinned send flow 168427778:10007 -> 168427777:1024
[Loop Thread 136727347852992] Now sending on flow 168427778:10007 -> 168427777:1024
I1102 19:17:21.432509 Main     stress_client.cpp:71] Engine connected with 1 connection(s)
I1102 19:17:21.432545 Main     stress_client.cpp:73] Global target RPS: 225000
I1102 19:17:21.432552 Main     stress_client.cpp:76] 
I1102 19:17:21.432557 Main     stress_client.cpp:79] Waiting 3 seconds for workers to initialize...
I1102 19:17:25.442856 Main     stress_common.cpp:30] [T+1s] Sent: 249985 | Completed: 131837 | Failed: 0 | Latencies: 131837
I1102 19:17:26.445975 Main     stress_common.cpp:30] [T+2s] Sent: 500411 | Completed: 260091 | Failed: 0 | Latencies: 260091
I1102 19:17:27.447390 Main     stress_common.cpp:30] [T+3s] Sent: 750470 | Completed: 390310 | Failed: 0 | Latencies: 390310
I1102 19:17:28.449634 Main     stress_common.cpp:30] [T+4s] Sent: 1000454 | Completed: 517121 | Failed: 0 | Latencies: 517121
I1102 19:17:29.452153 Main     stress_common.cpp:30] [T+5s] Sent: 1246145 | Completed: 645957 | Failed: 0 | Latencies: 645957
I1102 19:17:29.452196 Main     stress_client.cpp:116] 
I1102 19:17:29.453310 Main     stress_common.cpp:42] ========================================
I1102 19:17:29.453318 Main     stress_common.cpp:43] === Stress Test Results ===
I1102 19:17:29.453323 Main     stress_common.cpp:44] ========================================
I1102 19:17:29.453327 Main     stress_common.cpp:45] Transport:         Machnet
I1102 19:17:29.453333 Main     stress_common.cpp:46] Connections:       1
I1102 19:17:29.453338 Main     stress_common.cpp:47] Duration:          5.01 seconds
I1102 19:17:29.453362 Main     stress_common.cpp:48] Total Sent:        1246145
I1102 19:17:29.453367 Main     stress_common.cpp:49] Total Completed:   646222 (51.86%)
I1102 19:17:29.453374 Main     stress_common.cpp:52] Total Failed:      0 (0.00%)
I1102 19:17:29.453381 Main     stress_common.cpp:55] 
I1102 19:17:29.453385 Main     stress_common.cpp:56] Throughput:        128964.2 rps
I1102 19:17:29.453391 Main     stress_common.cpp:57] 
I1102 19:17:29.500938 Main     stress_common.cpp:71] Latency (us):
I1102 19:17:29.500950 Main     stress_common.cpp:72]   Min:    5504
I1102 19:17:29.500956 Main     stress_common.cpp:73]   p50:    1192238
I1102 19:17:29.500961 Main     stress_common.cpp:74]   p90:    2186089
I1102 19:17:29.500965 Main     stress_common.cpp:75]   p99:    2406569
I1102 19:17:29.500970 Main     stress_common.cpp:76]   p99.9:  2421325
I1102 19:17:29.500974 Main     stress_common.cpp:77]   Max:    2424996
I1102 19:17:29.500978 Main     stress_common.cpp:82] ========================================
I1102 19:17:29.500982 Main     server_base.cpp:35] Server: Scheduled to stop
I1102 19:17:29.501004 Server/E server_base.cpp:109] Server: Start stopping process
[Loop Thread 136727347852992] Machnet event-loop thread finished
I1102 19:17:29.501204 Server/E server_base.cpp:55] Server: Event loop finishes
I1102 19:17:29.501363 Main     server_base.cpp:46] Server: Stopped

Cleaning up any remaining remote stress_client processes...

Logs saved to:
  Engine:   /users/vj2267/nightcore/benchmarks/outputs/engine.log
  Launcher: /users/vj2267/nightcore/benchmarks/outputs/launcher.log
  Workers:  /users/vj2267/nightcore/benchmarks/outputs/Echo_worker_*.stdout
