I1102 18:39:38.468237 Main     thread.cpp:100] Register main thread: tid=1386482
E1102 18:39:38.468479 Main     docker.cpp:59] Cannot find docker's cgroup in /proc/self/cgroup
I1102 18:39:38.468535 Main     func_config.cpp:135] Load configuration for function Echo[1]
I1102 18:39:38.468546 Main     engine.cpp:109] Engine: Start 1 IO workers
I1102 18:39:38.471722 IO-0/EL  thread.cpp:40] Start thread: IO-0/EL
I1102 18:39:38.471769 IO-0/EL  io_worker.cpp:192] IO-0: Event loop starts
Checking for file descriptor...
Got a file descriptor!
I1102 18:39:40.360594 Main     engine.cpp:180] Engine: Created 1 Machnet connections to Gateway at 10.10.1.2:10007
I1102 18:39:40.360708 Main     engine.cpp:208] Engine: Listen on /dev/shm/faas_ipc/engine.sock for IPC connections
I1102 18:39:40.361019 Server/E thread.cpp:40] Start thread: Server/EL
I1102 18:39:40.361133 Server/E server_base.cpp:50] Server: Event loop starts
I1102 18:39:40.468763 Server/E engine.cpp:674] Engine: New message connection
I1102 18:39:40.472023 IO-0/EL  buffer_pool.h:25] BufferPool[IO-0_Read]: Allocate new buffer, current buffer count is 1
I1102 18:39:40.472056 IO-0/EL  engine.cpp:277] Engine: Receive new handshake message from message connection
I1102 18:39:40.472061 IO-0/EL  worker_manager.cpp:23] WorkerManager: Launcher of func_id 1 connected
I1102 18:39:40.472066 IO-0/EL  worker_manager.cpp:131] WorkerManager: Request new FuncWorker for func_id 1 with client_id 1
I1102 18:39:40.472085 IO-0/EL  worker_manager.cpp:131] WorkerManager: Request new FuncWorker for func_id 1 with client_id 2
I1102 18:39:40.472112 IO-0/EL  buffer_pool.h:25] BufferPool[IO-0_Write]: Allocate new buffer, current buffer count is 1
I1102 18:39:40.472121 IO-0/EL  message_connection.cpp:269] LauncherConnection[1]: Handshake done
I1102 18:39:40.475610 Server/E engine.cpp:674] Engine: New message connection
I1102 18:39:40.475638 IO-0/EL  engine.cpp:277] Engine: Receive new handshake message from message connection
I1102 18:39:40.475644 IO-0/EL  worker_manager.cpp:60] WorkerManager: FuncWorker of func_id 1, client_id 1 connected
I1102 18:39:40.475658 IO-0/EL  dispatcher.cpp:47] Dispatcher[1]: min_workers=2
I1102 18:39:40.475662 IO-0/EL  dispatcher.cpp:51] Dispatcher[1]: max_workers=2
I1102 18:39:40.475684 IO-0/EL  message_connection.cpp:269] FuncWorkerConnection[1-1]: Handshake done
I1102 18:39:40.477163 Server/E engine.cpp:674] Engine: New message connection
I1102 18:39:40.477187 IO-0/EL  engine.cpp:277] Engine: Receive new handshake message from message connection
I1102 18:39:40.477192 IO-0/EL  worker_manager.cpp:60] WorkerManager: FuncWorker of func_id 1, client_id 2 connected
I1102 18:39:40.477207 IO-0/EL  message_connection.cpp:269] FuncWorkerConnection[1-2]: Handshake done
I1102 18:39:43.369600 IO-0/EL  buffer_pool.h:25] BufferPool[IO-0_Write]: Allocate new buffer, current buffer count is 2
I1102 18:39:44.943884 IO-0/EL  buffer_pool.h:25] BufferPool[IO-0_Write]: Allocate new buffer, current buffer count is 3
I1102 18:39:48.416867 Main     server_base.cpp:35] Server: Scheduled to stop
I1102 18:39:48.417049 Server/E server_base.cpp:109] Server: Start stopping process
I1102 18:39:48.417116 IO-0/EL  io_worker.cpp:206] IO-0: Start stopping process
