I1102 18:08:28.505693 Main     thread.cpp:100] Register main thread: tid=1370537
E1102 18:08:28.506064 Main     docker.cpp:59] Cannot find docker's cgroup in /proc/self/cgroup
I1102 18:08:28.506112 Main     func_config.cpp:135] Load configuration for function Noop[1]
I1102 18:08:28.506123 Main     engine.cpp:109] Engine: Start 1 IO workers
I1102 18:08:28.509387 IO-0/EL  thread.cpp:40] Start thread: IO-0/EL
I1102 18:08:28.509435 IO-0/EL  io_worker.cpp:192] IO-0: Event loop starts
Checking for file descriptor...
Got a file descriptor!
I1102 18:08:30.353384 Main     engine.cpp:180] Engine: Created 1 Machnet connections to Gateway at 10.10.1.2:10007
I1102 18:08:30.353492 Main     engine.cpp:208] Engine: Listen on /dev/shm/faas_ipc/engine.sock for IPC connections
I1102 18:08:30.353769 Server/E thread.cpp:40] Start thread: Server/EL
I1102 18:08:30.353895 Server/E server_base.cpp:50] Server: Event loop starts
I1102 18:08:30.508569 Server/E engine.cpp:674] Engine: New message connection
I1102 18:08:30.511878 IO-0/EL  buffer_pool.h:25] BufferPool[IO-0_Read]: Allocate new buffer, current buffer count is 1
I1102 18:08:30.511913 IO-0/EL  engine.cpp:277] Engine: Receive new handshake message from message connection
I1102 18:08:30.511918 IO-0/EL  worker_manager.cpp:23] WorkerManager: Launcher of func_id 1 connected
I1102 18:08:30.511923 IO-0/EL  worker_manager.cpp:131] WorkerManager: Request new FuncWorker for func_id 1 with client_id 1
I1102 18:08:30.511943 IO-0/EL  worker_manager.cpp:131] WorkerManager: Request new FuncWorker for func_id 1 with client_id 2
I1102 18:08:30.511956 IO-0/EL  worker_manager.cpp:131] WorkerManager: Request new FuncWorker for func_id 1 with client_id 3
I1102 18:08:30.511966 IO-0/EL  worker_manager.cpp:131] WorkerManager: Request new FuncWorker for func_id 1 with client_id 4
I1102 18:08:30.511975 IO-0/EL  worker_manager.cpp:131] WorkerManager: Request new FuncWorker for func_id 1 with client_id 5
I1102 18:08:30.511984 IO-0/EL  worker_manager.cpp:131] WorkerManager: Request new FuncWorker for func_id 1 with client_id 6
I1102 18:08:30.511996 IO-0/EL  worker_manager.cpp:131] WorkerManager: Request new FuncWorker for func_id 1 with client_id 7
I1102 18:08:30.512005 IO-0/EL  worker_manager.cpp:131] WorkerManager: Request new FuncWorker for func_id 1 with client_id 8
I1102 18:08:30.512018 IO-0/EL  worker_manager.cpp:131] WorkerManager: Request new FuncWorker for func_id 1 with client_id 9
I1102 18:08:30.512027 IO-0/EL  worker_manager.cpp:131] WorkerManager: Request new FuncWorker for func_id 1 with client_id 10
I1102 18:08:30.512039 IO-0/EL  worker_manager.cpp:131] WorkerManager: Request new FuncWorker for func_id 1 with client_id 11
I1102 18:08:30.512049 IO-0/EL  worker_manager.cpp:131] WorkerManager: Request new FuncWorker for func_id 1 with client_id 12
I1102 18:08:30.512062 IO-0/EL  worker_manager.cpp:131] WorkerManager: Request new FuncWorker for func_id 1 with client_id 13
I1102 18:08:30.512071 IO-0/EL  worker_manager.cpp:131] WorkerManager: Request new FuncWorker for func_id 1 with client_id 14
I1102 18:08:30.512081 IO-0/EL  worker_manager.cpp:131] WorkerManager: Request new FuncWorker for func_id 1 with client_id 15
I1102 18:08:30.512092 IO-0/EL  worker_manager.cpp:131] WorkerManager: Request new FuncWorker for func_id 1 with client_id 16
I1102 18:08:30.512127 IO-0/EL  buffer_pool.h:25] BufferPool[IO-0_Write]: Allocate new buffer, current buffer count is 1
I1102 18:08:30.512146 IO-0/EL  message_connection.cpp:269] LauncherConnection[1]: Handshake done
I1102 18:08:30.516834 Server/E engine.cpp:674] Engine: New message connection
I1102 18:08:30.516868 IO-0/EL  engine.cpp:277] Engine: Receive new handshake message from message connection
I1102 18:08:30.516873 IO-0/EL  worker_manager.cpp:60] WorkerManager: FuncWorker of func_id 1, client_id 1 connected
I1102 18:08:30.516884 IO-0/EL  dispatcher.cpp:47] Dispatcher[1]: min_workers=16
I1102 18:08:30.516888 IO-0/EL  dispatcher.cpp:51] Dispatcher[1]: max_workers=16
I1102 18:08:30.516911 IO-0/EL  message_connection.cpp:269] FuncWorkerConnection[1-1]: Handshake done
I1102 18:08:30.517163 Server/E engine.cpp:674] Engine: New message connection
I1102 18:08:30.517202 IO-0/EL  engine.cpp:277] Engine: Receive new handshake message from message connection
I1102 18:08:30.517207 IO-0/EL  worker_manager.cpp:60] WorkerManager: FuncWorker of func_id 1, client_id 2 connected
I1102 18:08:30.517221 IO-0/EL  message_connection.cpp:269] FuncWorkerConnection[1-2]: Handshake done
I1102 18:08:30.517881 Server/E engine.cpp:674] Engine: New message connection
I1102 18:08:30.517906 IO-0/EL  engine.cpp:277] Engine: Receive new handshake message from message connection
I1102 18:08:30.517911 IO-0/EL  worker_manager.cpp:60] WorkerManager: FuncWorker of func_id 1, client_id 4 connected
I1102 18:08:30.517924 IO-0/EL  message_connection.cpp:269] FuncWorkerConnection[1-4]: Handshake done
I1102 18:08:30.519082 Server/E engine.cpp:674] Engine: New message connection
I1102 18:08:30.519108 IO-0/EL  engine.cpp:277] Engine: Receive new handshake message from message connection
I1102 18:08:30.519113 IO-0/EL  worker_manager.cpp:60] WorkerManager: FuncWorker of func_id 1, client_id 5 connected
I1102 18:08:30.519127 IO-0/EL  message_connection.cpp:269] FuncWorkerConnection[1-5]: Handshake done
I1102 18:08:30.519364 Server/E engine.cpp:674] Engine: New message connection
I1102 18:08:30.519383 IO-0/EL  engine.cpp:277] Engine: Receive new handshake message from message connection
I1102 18:08:30.519388 IO-0/EL  worker_manager.cpp:60] WorkerManager: FuncWorker of func_id 1, client_id 3 connected
I1102 18:08:30.519400 IO-0/EL  message_connection.cpp:269] FuncWorkerConnection[1-3]: Handshake done
I1102 18:08:30.520708 Server/E engine.cpp:674] Engine: New message connection
I1102 18:08:30.520743 IO-0/EL  engine.cpp:277] Engine: Receive new handshake message from message connection
I1102 18:08:30.520748 IO-0/EL  worker_manager.cpp:60] WorkerManager: FuncWorker of func_id 1, client_id 6 connected
I1102 18:08:30.520761 IO-0/EL  message_connection.cpp:269] FuncWorkerConnection[1-6]: Handshake done
I1102 18:08:30.521087 Server/E engine.cpp:674] Engine: New message connection
I1102 18:08:30.521124 IO-0/EL  engine.cpp:277] Engine: Receive new handshake message from message connection
I1102 18:08:30.521129 IO-0/EL  worker_manager.cpp:60] WorkerManager: FuncWorker of func_id 1, client_id 7 connected
I1102 18:08:30.521141 IO-0/EL  message_connection.cpp:269] FuncWorkerConnection[1-7]: Handshake done
I1102 18:08:30.523118 Server/E engine.cpp:674] Engine: New message connection
I1102 18:08:30.523167 IO-0/EL  engine.cpp:277] Engine: Receive new handshake message from message connection
I1102 18:08:30.523172 IO-0/EL  worker_manager.cpp:60] WorkerManager: FuncWorker of func_id 1, client_id 8 connected
I1102 18:08:30.523186 IO-0/EL  message_connection.cpp:269] FuncWorkerConnection[1-8]: Handshake done
I1102 18:08:30.523515 Server/E engine.cpp:674] Engine: New message connection
I1102 18:08:30.523543 IO-0/EL  engine.cpp:277] Engine: Receive new handshake message from message connection
I1102 18:08:30.523547 IO-0/EL  worker_manager.cpp:60] WorkerManager: FuncWorker of func_id 1, client_id 10 connected
I1102 18:08:30.523561 IO-0/EL  message_connection.cpp:269] FuncWorkerConnection[1-10]: Handshake done
I1102 18:08:30.524330 Server/E engine.cpp:674] Engine: New message connection
I1102 18:08:30.524353 IO-0/EL  engine.cpp:277] Engine: Receive new handshake message from message connection
I1102 18:08:30.524358 IO-0/EL  worker_manager.cpp:60] WorkerManager: FuncWorker of func_id 1, client_id 9 connected
I1102 18:08:30.524371 IO-0/EL  message_connection.cpp:269] FuncWorkerConnection[1-9]: Handshake done
I1102 18:08:30.524715 Server/E engine.cpp:674] Engine: New message connection
I1102 18:08:30.524742 IO-0/EL  engine.cpp:277] Engine: Receive new handshake message from message connection
I1102 18:08:30.524747 IO-0/EL  worker_manager.cpp:60] WorkerManager: FuncWorker of func_id 1, client_id 12 connected
I1102 18:08:30.524761 IO-0/EL  message_connection.cpp:269] FuncWorkerConnection[1-12]: Handshake done
I1102 18:08:30.525093 Server/E engine.cpp:674] Engine: New message connection
I1102 18:08:30.525125 IO-0/EL  engine.cpp:277] Engine: Receive new handshake message from message connection
I1102 18:08:30.525130 IO-0/EL  worker_manager.cpp:60] WorkerManager: FuncWorker of func_id 1, client_id 13 connected
I1102 18:08:30.525142 IO-0/EL  message_connection.cpp:269] FuncWorkerConnection[1-13]: Handshake done
I1102 18:08:30.525315 Server/E engine.cpp:674] Engine: New message connection
I1102 18:08:30.525342 IO-0/EL  engine.cpp:277] Engine: Receive new handshake message from message connection
I1102 18:08:30.525347 IO-0/EL  worker_manager.cpp:60] WorkerManager: FuncWorker of func_id 1, client_id 11 connected
I1102 18:08:30.525360 IO-0/EL  message_connection.cpp:269] FuncWorkerConnection[1-11]: Handshake done
I1102 18:08:30.525475 Server/E engine.cpp:674] Engine: New message connection
I1102 18:08:30.525498 IO-0/EL  engine.cpp:277] Engine: Receive new handshake message from message connection
I1102 18:08:30.525502 IO-0/EL  worker_manager.cpp:60] WorkerManager: FuncWorker of func_id 1, client_id 14 connected
I1102 18:08:30.525515 IO-0/EL  message_connection.cpp:269] FuncWorkerConnection[1-14]: Handshake done
I1102 18:08:30.526997 Server/E engine.cpp:674] Engine: New message connection
I1102 18:08:30.527028 IO-0/EL  engine.cpp:277] Engine: Receive new handshake message from message connection
I1102 18:08:30.527033 IO-0/EL  worker_manager.cpp:60] WorkerManager: FuncWorker of func_id 1, client_id 16 connected
I1102 18:08:30.527047 IO-0/EL  message_connection.cpp:269] FuncWorkerConnection[1-16]: Handshake done
I1102 18:08:30.528352 Server/E engine.cpp:674] Engine: New message connection
I1102 18:08:30.528378 IO-0/EL  engine.cpp:277] Engine: Receive new handshake message from message connection
I1102 18:08:30.528383 IO-0/EL  worker_manager.cpp:60] WorkerManager: FuncWorker of func_id 1, client_id 15 connected
I1102 18:08:30.528397 IO-0/EL  message_connection.cpp:269] FuncWorkerConnection[1-15]: Handshake done
I1102 18:08:33.440351 IO-0/EL  buffer_pool.h:25] BufferPool[IO-0_Write]: Allocate new buffer, current buffer count is 2
I1102 18:08:33.440377 IO-0/EL  buffer_pool.h:25] BufferPool[IO-0_Write]: Allocate new buffer, current buffer count is 3
I1102 18:08:33.440387 IO-0/EL  buffer_pool.h:25] BufferPool[IO-0_Write]: Allocate new buffer, current buffer count is 4
I1102 18:08:33.440396 IO-0/EL  buffer_pool.h:25] BufferPool[IO-0_Write]: Allocate new buffer, current buffer count is 5
I1102 18:08:33.440405 IO-0/EL  buffer_pool.h:25] BufferPool[IO-0_Write]: Allocate new buffer, current buffer count is 6
I1102 18:08:33.440414 IO-0/EL  buffer_pool.h:25] BufferPool[IO-0_Write]: Allocate new buffer, current buffer count is 7
I1102 18:08:33.440427 IO-0/EL  buffer_pool.h:25] BufferPool[IO-0_Write]: Allocate new buffer, current buffer count is 8
I1102 18:08:33.440437 IO-0/EL  buffer_pool.h:25] BufferPool[IO-0_Write]: Allocate new buffer, current buffer count is 9
I1102 18:08:33.964787 IO-0/EL  buffer_pool.h:25] BufferPool[IO-0_Write]: Allocate new buffer, current buffer count is 10
I1102 18:08:33.964810 IO-0/EL  buffer_pool.h:25] BufferPool[IO-0_Write]: Allocate new buffer, current buffer count is 11
I1102 18:08:33.964818 IO-0/EL  buffer_pool.h:25] BufferPool[IO-0_Write]: Allocate new buffer, current buffer count is 12
I1102 18:08:33.964826 IO-0/EL  buffer_pool.h:25] BufferPool[IO-0_Write]: Allocate new buffer, current buffer count is 13
I1102 18:08:33.964836 IO-0/EL  buffer_pool.h:25] BufferPool[IO-0_Write]: Allocate new buffer, current buffer count is 14
I1102 18:08:33.964845 IO-0/EL  buffer_pool.h:25] BufferPool[IO-0_Write]: Allocate new buffer, current buffer count is 15
I1102 18:08:33.964856 IO-0/EL  buffer_pool.h:25] BufferPool[IO-0_Write]: Allocate new buffer, current buffer count is 16
I1102 18:08:33.964868 IO-0/EL  buffer_pool.h:25] BufferPool[IO-0_Write]: Allocate new buffer, current buffer count is 17
I1102 18:08:34.489918 IO-0/EL  buffer_pool.h:25] BufferPool[IO-0_Write]: Allocate new buffer, current buffer count is 18
I1102 18:08:35.540196 IO-0/EL  buffer_pool.h:25] BufferPool[IO-0_Write]: Allocate new buffer, current buffer count is 19
I1102 18:08:35.540227 IO-0/EL  buffer_pool.h:25] BufferPool[IO-0_Write]: Allocate new buffer, current buffer count is 20
I1102 18:08:37.639921 IO-0/EL  buffer_pool.h:25] BufferPool[IO-0_Write]: Allocate new buffer, current buffer count is 21
I1102 18:08:38.472801 Main     server_base.cpp:35] Server: Scheduled to stop
I1102 18:08:38.472970 IO-0/EL  message_connection.cpp:284] LauncherConnection[1]: Connection closed remotely
I1102 18:08:38.472980 Server/E server_base.cpp:109] Server: Start stopping process
I1102 18:08:38.473046 IO-0/EL  io_worker.cpp:206] IO-0: Start stopping process
I1102 18:08:38.473106 Server/E server_base.cpp:55] Server: Event loop finishes
