$ /users/vj2267/nightcore/benchmarks/run_bench.sh --duration 5 --workers 128 --remote vj2267@sm110p-10s10615.wisc.cloudlab.us --remote_addr 10.10.1.2 --machnet --local_machnet_ip 10.10.1.1 --mode hyperlight --target_rps 150000

=== Nightcore Stress Test (hyperlight mode) ===
Mode: hyperlight
Function: Echo
Workers: 128
Duration: 5 seconds
Target RPS (global): 150000
Input size: 64 bytes
Inflight limit per connection: 1
Engine IO workers: 1
Gateway conns per worker: 1
Warmup: 0 seconds
Stress Client: Remote (vj2267@sm110p-10s10615.wisc.cloudlab.us)
Engine Connection Address: 10.10.1.2 (explicit)
Transport: Machnet
  Remote Machnet IP: 10.10.1.2
  Local Machnet IP: 10.10.1.1

Cleaning up any existing stress_client on remote...
Starting stress_client on remote host vj2267@sm110p-10s10615.wisc.cloudlab.us...
  Remote SSH process PID: 1400995
  Output will be saved to: /users/vj2267/nightcore/benchmarks/outputs/stress_client_remote.txt
Waiting for remote stress_client to start...
I1102 19:11:19.921235 Main     thread.cpp:100] Register main thread: tid=1172495
I1102 19:11:19.921308 Main     stress_client.cpp:179] Using Machnet transport on 10.10.1.2:10007
I1102 19:11:19.921312 Main     stress_client_machnet.cpp:37] Starting Machnet event-loop thread...
[Loop Thread 127575462508224] Machnet event-loop thread started
I1102 19:11:19.924531 Server/E thread.cpp:40] Start thread: Server/EL
I1102 19:11:19.924579 Server/E server_base.cpp:50] Server: Event loop starts
I1102 19:11:20.424643 Main     stress_client.cpp:43] === Nightcore Stress Test ===
I1102 19:11:20.424684 Main     stress_client.cpp:44] Function ID: 1
I1102 19:11:20.424692 Main     stress_client.cpp:45] Method ID: 0
I1102 19:11:20.424697 Main     stress_client.cpp:46] Input size: 64 bytes
I1102 19:11:20.424702 Main     stress_client.cpp:47] Global target RPS: 150000
I1102 19:11:20.424707 Main     stress_client.cpp:50] Inflight limit per connection: 1
I1102 19:11:20.424711 Main     stress_client.cpp:51] Warmup: 0s, Duration: 5s
I1102 19:11:20.424716 Main     stress_client.cpp:53] 
I1102 19:11:20.424721 Main     stress_client.cpp:54] ========================================
I1102 19:11:20.424725 Main     stress_client.cpp:57] Waiting for Engine to connect...
Checking for file descriptor...
Got a file descriptor!
Listening on Machnet 10.10.1.2:10007 for Engine connections[Loop Thread 127575462508224] Machnet listener created
Starting Engine (connecting to 10.10.1.2:10007)...
  Engine PID: 1400997
New Machnet connection created: 168427777:1024 -> 168427778:10007
[Receive Thread 127575462508224] Handshake: pinned send flow 168427778:10007 -> 168427777:1024
[Loop Thread 127575462508224] Now sending on flow 168427778:10007 -> 168427777:1024
I1102 19:11:24.428607 Main     stress_client.cpp:71] Engine connected with 1 connection(s)
I1102 19:11:24.428641 Main     stress_client.cpp:73] Global target RPS: 150000
I1102 19:11:24.428648 Main     stress_client.cpp:76] 
I1102 19:11:24.428653 Main     stress_client.cpp:79] Waiting 3 seconds for workers to initialize...
Starting Launcher with 128 workers...
All components started. Stress test will begin after warmup...

I1102 19:11:28.437063 Main     stress_common.cpp:30] [T+1s] Sent: 166685 | Completed: 166672 | Failed: 0 | Latencies: 166672
I1102 19:11:29.440859 Main     stress_common.cpp:30] [T+2s] Sent: 333413 | Completed: 333400 | Failed: 0 | Latencies: 333400
I1102 19:11:30.443387 Main     stress_common.cpp:30] [T+3s] Sent: 500088 | Completed: 500078 | Failed: 0 | Latencies: 500078
I1102 19:11:31.446222 Main     stress_common.cpp:30] [T+4s] Sent: 666760 | Completed: 666751 | Failed: 0 | Latencies: 666751
I1102 19:11:32.448343 Main     stress_common.cpp:30] [T+5s] Sent: 830507 | Completed: 830507 | Failed: 0 | Latencies: 750000
I1102 19:11:32.448380 Main     stress_client.cpp:116] 
I1102 19:11:32.449533 Main     stress_common.cpp:42] ========================================
I1102 19:11:32.449544 Main     stress_common.cpp:43] === Stress Test Results ===
I1102 19:11:32.449550 Main     stress_common.cpp:44] ========================================
I1102 19:11:32.449556 Main     stress_common.cpp:45] Transport:         Machnet
I1102 19:11:32.449562 Main     stress_common.cpp:46] Connections:       1
I1102 19:11:32.449567 Main     stress_common.cpp:47] Duration:          5.01 seconds
I1102 19:11:32.449595 Main     stress_common.cpp:48] Total Sent:        830507
I1102 19:11:32.449600 Main     stress_common.cpp:49] Total Completed:   830507 (100.00%)
I1102 19:11:32.449606 Main     stress_common.cpp:52] Total Failed:      0 (0.00%)
I1102 19:11:32.449613 Main     stress_common.cpp:55] 
I1102 19:11:32.449617 Main     stress_common.cpp:56] Throughput:        165666.9 rps
I1102 19:11:32.449623 Main     stress_common.cpp:57] 
I1102 19:11:32.521765 Main     stress_common.cpp:71] Latency (us):
I1102 19:11:32.521774 Main     stress_common.cpp:72]   Min:    27
I1102 19:11:32.521777 Main     stress_common.cpp:73]   p50:    61
I1102 19:11:32.521780 Main     stress_common.cpp:74]   p90:    103
I1102 19:11:32.521783 Main     stress_common.cpp:75]   p99:    1965
I1102 19:11:32.521786 Main     stress_common.cpp:76]   p99.9:  3375
I1102 19:11:32.521789 Main     stress_common.cpp:77]   Max:    4141
I1102 19:11:32.521791 Main     stress_common.cpp:82] ========================================
I1102 19:11:32.521794 Main     server_base.cpp:35] Server: Scheduled to stop
I1102 19:11:32.521927 Server/E server_base.cpp:109] Server: Start stopping process
[Loop Thread 127575462508224] Machnet event-loop thread finished
I1102 19:11:32.522105 Server/E server_base.cpp:55] Server: Event loop finishes
I1102 19:11:32.522232 Main     server_base.cpp:46] Server: Stopped

Stress test completed. Shutting down...

Copying results from remote host...
Remote stress_client output:
I1102 19:11:19.921235 Main     thread.cpp:100] Register main thread: tid=1172495
I1102 19:11:19.921308 Main     stress_client.cpp:179] Using Machnet transport on 10.10.1.2:10007
I1102 19:11:19.921312 Main     stress_client_machnet.cpp:37] Starting Machnet event-loop thread...
[Loop Thread 127575462508224] Machnet event-loop thread started
I1102 19:11:19.924531 Server/E thread.cpp:40] Start thread: Server/EL
I1102 19:11:19.924579 Server/E server_base.cpp:50] Server: Event loop starts
I1102 19:11:20.424643 Main     stress_client.cpp:43] === Nightcore Stress Test ===
I1102 19:11:20.424684 Main     stress_client.cpp:44] Function ID: 1
I1102 19:11:20.424692 Main     stress_client.cpp:45] Method ID: 0
I1102 19:11:20.424697 Main     stress_client.cpp:46] Input size: 64 bytes
I1102 19:11:20.424702 Main     stress_client.cpp:47] Global target RPS: 150000
I1102 19:11:20.424707 Main     stress_client.cpp:50] Inflight limit per connection: 1
I1102 19:11:20.424711 Main     stress_client.cpp:51] Warmup: 0s, Duration: 5s
I1102 19:11:20.424716 Main     stress_client.cpp:53] 
I1102 19:11:20.424721 Main     stress_client.cpp:54] ========================================
I1102 19:11:20.424725 Main     stress_client.cpp:57] Waiting for Engine to connect...
Checking for file descriptor...
Got a file descriptor!
Listening on Machnet 10.10.1.2:10007 for Engine connections[Loop Thread 127575462508224] Machnet listener created
New Machnet connection created: 168427777:1024 -> 168427778:10007
[Receive Thread 127575462508224] Handshake: pinned send flow 168427778:10007 -> 168427777:1024
[Loop Thread 127575462508224] Now sending on flow 168427778:10007 -> 168427777:1024
I1102 19:11:24.428607 Main     stress_client.cpp:71] Engine connected with 1 connection(s)
I1102 19:11:24.428641 Main     stress_client.cpp:73] Global target RPS: 150000
I1102 19:11:24.428648 Main     stress_client.cpp:76] 
I1102 19:11:24.428653 Main     stress_client.cpp:79] Waiting 3 seconds for workers to initialize...
I1102 19:11:28.437063 Main     stress_common.cpp:30] [T+1s] Sent: 166685 | Completed: 166672 | Failed: 0 | Latencies: 166672
I1102 19:11:29.440859 Main     stress_common.cpp:30] [T+2s] Sent: 333413 | Completed: 333400 | Failed: 0 | Latencies: 333400
I1102 19:11:30.443387 Main     stress_common.cpp:30] [T+3s] Sent: 500088 | Completed: 500078 | Failed: 0 | Latencies: 500078
I1102 19:11:31.446222 Main     stress_common.cpp:30] [T+4s] Sent: 666760 | Completed: 666751 | Failed: 0 | Latencies: 666751
I1102 19:11:32.448343 Main     stress_common.cpp:30] [T+5s] Sent: 830507 | Completed: 830507 | Failed: 0 | Latencies: 750000
I1102 19:11:32.448380 Main     stress_client.cpp:116] 
I1102 19:11:32.449533 Main     stress_common.cpp:42] ========================================
I1102 19:11:32.449544 Main     stress_common.cpp:43] === Stress Test Results ===
I1102 19:11:32.449550 Main     stress_common.cpp:44] ========================================
I1102 19:11:32.449556 Main     stress_common.cpp:45] Transport:         Machnet
I1102 19:11:32.449562 Main     stress_common.cpp:46] Connections:       1
I1102 19:11:32.449567 Main     stress_common.cpp:47] Duration:          5.01 seconds
I1102 19:11:32.449595 Main     stress_common.cpp:48] Total Sent:        830507
I1102 19:11:32.449600 Main     stress_common.cpp:49] Total Completed:   830507 (100.00%)
I1102 19:11:32.449606 Main     stress_common.cpp:52] Total Failed:      0 (0.00%)
I1102 19:11:32.449613 Main     stress_common.cpp:55] 
I1102 19:11:32.449617 Main     stress_common.cpp:56] Throughput:        165666.9 rps
I1102 19:11:32.449623 Main     stress_common.cpp:57] 
I1102 19:11:32.521765 Main     stress_common.cpp:71] Latency (us):
I1102 19:11:32.521774 Main     stress_common.cpp:72]   Min:    27
I1102 19:11:32.521777 Main     stress_common.cpp:73]   p50:    61
I1102 19:11:32.521780 Main     stress_common.cpp:74]   p90:    103
I1102 19:11:32.521783 Main     stress_common.cpp:75]   p99:    1965
I1102 19:11:32.521786 Main     stress_common.cpp:76]   p99.9:  3375
I1102 19:11:32.521789 Main     stress_common.cpp:77]   Max:    4141
I1102 19:11:32.521791 Main     stress_common.cpp:82] ========================================
I1102 19:11:32.521794 Main     server_base.cpp:35] Server: Scheduled to stop
I1102 19:11:32.521927 Server/E server_base.cpp:109] Server: Start stopping process
[Loop Thread 127575462508224] Machnet event-loop thread finished
I1102 19:11:32.522105 Server/E server_base.cpp:55] Server: Event loop finishes
I1102 19:11:32.522232 Main     server_base.cpp:46] Server: Stopped

Cleaning up any remaining remote stress_client processes...

Logs saved to:
  Engine:   /users/vj2267/nightcore/benchmarks/outputs/engine.log
  Launcher: /users/vj2267/nightcore/benchmarks/outputs/launcher.log
  Workers:  /users/vj2267/nightcore/benchmarks/outputs/Echo_worker_*.stdout
