I1102 18:50:41.523111 Main     thread.cpp:100] Register main thread: tid=1389325
E1102 18:50:41.523390 Main     docker.cpp:59] Cannot find docker's cgroup in /proc/self/cgroup
I1102 18:50:41.523445 Main     func_config.cpp:135] Load configuration for function Echo[1]
I1102 18:50:41.523456 Main     engine.cpp:109] Engine: Start 1 IO workers
I1102 18:50:41.526719 IO-0/EL  thread.cpp:40] Start thread: IO-0/EL
I1102 18:50:41.526764 IO-0/EL  io_worker.cpp:192] IO-0: Event loop starts
Checking for file descriptor...
Got a file descriptor!
I1102 18:50:43.363117 Main     engine.cpp:180] Engine: Created 1 Machnet connections to Gateway at 10.10.1.2:10007
I1102 18:50:43.363231 Main     engine.cpp:208] Engine: Listen on /dev/shm/faas_ipc/engine.sock for IPC connections
I1102 18:50:43.363429 Server/E thread.cpp:40] Start thread: Server/EL
I1102 18:50:43.363469 Server/E server_base.cpp:50] Server: Event loop starts
I1102 18:50:43.525399 Server/E engine.cpp:674] Engine: New message connection
I1102 18:50:43.528683 IO-0/EL  buffer_pool.h:25] BufferPool[IO-0_Read]: Allocate new buffer, current buffer count is 1
I1102 18:50:43.528719 IO-0/EL  engine.cpp:277] Engine: Receive new handshake message from message connection
I1102 18:50:43.528725 IO-0/EL  worker_manager.cpp:23] WorkerManager: Launcher of func_id 1 connected
I1102 18:50:43.528729 IO-0/EL  worker_manager.cpp:131] WorkerManager: Request new FuncWorker for func_id 1 with client_id 1
I1102 18:50:43.528748 IO-0/EL  worker_manager.cpp:131] WorkerManager: Request new FuncWorker for func_id 1 with client_id 2
I1102 18:50:43.528760 IO-0/EL  worker_manager.cpp:131] WorkerManager: Request new FuncWorker for func_id 1 with client_id 3
I1102 18:50:43.528770 IO-0/EL  worker_manager.cpp:131] WorkerManager: Request new FuncWorker for func_id 1 with client_id 4
I1102 18:50:43.528779 IO-0/EL  worker_manager.cpp:131] WorkerManager: Request new FuncWorker for func_id 1 with client_id 5
I1102 18:50:43.528787 IO-0/EL  worker_manager.cpp:131] WorkerManager: Request new FuncWorker for func_id 1 with client_id 6
I1102 18:50:43.528799 IO-0/EL  worker_manager.cpp:131] WorkerManager: Request new FuncWorker for func_id 1 with client_id 7
I1102 18:50:43.528809 IO-0/EL  worker_manager.cpp:131] WorkerManager: Request new FuncWorker for func_id 1 with client_id 8
I1102 18:50:43.528839 IO-0/EL  buffer_pool.h:25] BufferPool[IO-0_Write]: Allocate new buffer, current buffer count is 1
I1102 18:50:43.528857 IO-0/EL  message_connection.cpp:269] LauncherConnection[1]: Handshake done
I1102 18:50:43.533863 Server/E engine.cpp:674] Engine: New message connection
I1102 18:50:43.533895 IO-0/EL  engine.cpp:277] Engine: Receive new handshake message from message connection
I1102 18:50:43.533901 IO-0/EL  worker_manager.cpp:60] WorkerManager: FuncWorker of func_id 1, client_id 1 connected
I1102 18:50:43.533912 IO-0/EL  dispatcher.cpp:47] Dispatcher[1]: min_workers=8
I1102 18:50:43.533915 IO-0/EL  dispatcher.cpp:51] Dispatcher[1]: max_workers=8
I1102 18:50:43.533936 IO-0/EL  message_connection.cpp:269] FuncWorkerConnection[1-1]: Handshake done
I1102 18:50:43.534190 Server/E engine.cpp:674] Engine: New message connection
I1102 18:50:43.534214 IO-0/EL  engine.cpp:277] Engine: Receive new handshake message from message connection
I1102 18:50:43.534219 IO-0/EL  worker_manager.cpp:60] WorkerManager: FuncWorker of func_id 1, client_id 2 connected
I1102 18:50:43.534233 IO-0/EL  message_connection.cpp:269] FuncWorkerConnection[1-2]: Handshake done
I1102 18:50:43.534589 Server/E engine.cpp:674] Engine: New message connection
I1102 18:50:43.534613 IO-0/EL  engine.cpp:277] Engine: Receive new handshake message from message connection
I1102 18:50:43.534618 IO-0/EL  worker_manager.cpp:60] WorkerManager: FuncWorker of func_id 1, client_id 3 connected
I1102 18:50:43.534632 IO-0/EL  message_connection.cpp:269] FuncWorkerConnection[1-3]: Handshake done
I1102 18:50:43.535975 Server/E engine.cpp:674] Engine: New message connection
I1102 18:50:43.536018 IO-0/EL  engine.cpp:277] Engine: Receive new handshake message from message connection
I1102 18:50:43.536024 IO-0/EL  worker_manager.cpp:60] WorkerManager: FuncWorker of func_id 1, client_id 4 connected
I1102 18:50:43.536052 IO-0/EL  message_connection.cpp:269] FuncWorkerConnection[1-4]: Handshake done
I1102 18:50:43.537598 Server/E engine.cpp:674] Engine: New message connection
I1102 18:50:43.537641 IO-0/EL  engine.cpp:277] Engine: Receive new handshake message from message connection
I1102 18:50:43.537646 IO-0/EL  worker_manager.cpp:60] WorkerManager: FuncWorker of func_id 1, client_id 5 connected
I1102 18:50:43.537660 IO-0/EL  message_connection.cpp:269] FuncWorkerConnection[1-5]: Handshake done
I1102 18:50:43.538082 Server/E engine.cpp:674] Engine: New message connection
I1102 18:50:43.538125 IO-0/EL  engine.cpp:277] Engine: Receive new handshake message from message connection
I1102 18:50:43.538129 IO-0/EL  worker_manager.cpp:60] WorkerManager: FuncWorker of func_id 1, client_id 6 connected
I1102 18:50:43.538143 IO-0/EL  message_connection.cpp:269] FuncWorkerConnection[1-6]: Handshake done
I1102 18:50:43.538851 Server/E engine.cpp:674] Engine: New message connection
I1102 18:50:43.538895 IO-0/EL  engine.cpp:277] Engine: Receive new handshake message from message connection
I1102 18:50:43.538900 IO-0/EL  worker_manager.cpp:60] WorkerManager: FuncWorker of func_id 1, client_id 7 connected
I1102 18:50:43.538913 IO-0/EL  message_connection.cpp:269] FuncWorkerConnection[1-7]: Handshake done
I1102 18:50:43.539467 Server/E engine.cpp:674] Engine: New message connection
I1102 18:50:43.539512 IO-0/EL  engine.cpp:277] Engine: Receive new handshake message from message connection
I1102 18:50:43.539517 IO-0/EL  worker_manager.cpp:60] WorkerManager: FuncWorker of func_id 1, client_id 8 connected
I1102 18:50:43.539529 IO-0/EL  message_connection.cpp:269] FuncWorkerConnection[1-8]: Handshake done
I1102 18:50:46.458726 IO-0/EL  buffer_pool.h:25] BufferPool[IO-0_Write]: Allocate new buffer, current buffer count is 2
I1102 18:50:46.458755 IO-0/EL  buffer_pool.h:25] BufferPool[IO-0_Write]: Allocate new buffer, current buffer count is 3
I1102 18:50:46.458766 IO-0/EL  buffer_pool.h:25] BufferPool[IO-0_Write]: Allocate new buffer, current buffer count is 4
I1102 18:50:46.458777 IO-0/EL  buffer_pool.h:25] BufferPool[IO-0_Write]: Allocate new buffer, current buffer count is 5
I1102 18:50:46.458785 IO-0/EL  buffer_pool.h:25] BufferPool[IO-0_Write]: Allocate new buffer, current buffer count is 6
I1102 18:50:46.458797 IO-0/EL  buffer_pool.h:25] BufferPool[IO-0_Write]: Allocate new buffer, current buffer count is 7
I1102 18:50:46.458806 IO-0/EL  buffer_pool.h:25] BufferPool[IO-0_Write]: Allocate new buffer, current buffer count is 8
I1102 18:50:47.509332 IO-0/EL  buffer_pool.h:25] BufferPool[IO-0_Write]: Allocate new buffer, current buffer count is 9
I1102 18:50:47.509355 IO-0/EL  buffer_pool.h:25] BufferPool[IO-0_Write]: Allocate new buffer, current buffer count is 10
I1102 18:50:48.561356 IO-0/EL  buffer_pool.h:25] BufferPool[IO-0_Write]: Allocate new buffer, current buffer count is 11
I1102 18:50:48.561381 IO-0/EL  buffer_pool.h:25] BufferPool[IO-0_Write]: Allocate new buffer, current buffer count is 12
I1102 18:50:51.540339 Main     server_base.cpp:35] Server: Scheduled to stop
I1102 18:50:51.540428 IO-0/EL  message_connection.cpp:284] LauncherConnection[1]: Connection closed remotely
I1102 18:50:51.540481 Server/E server_base.cpp:109] Server: Start stopping process
I1102 18:50:51.540513 IO-0/EL  io_worker.cpp:206] IO-0: Start stopping process
I1102 18:50:51.540543 Server/E server_base.cpp:55] Server: Event loop finishes
