I1102 19:08:32.549103 Main     thread.cpp:100] Register main thread: tid=1397728
E1102 19:08:32.550262 Main     docker.cpp:59] Cannot find docker's cgroup in /proc/self/cgroup
I1102 19:08:32.550316 Main     func_config.cpp:135] Load configuration for function Echo[1]
I1102 19:08:32.550328 Main     engine.cpp:109] Engine: Start 1 IO workers
I1102 19:08:32.553587 IO-0/EL  thread.cpp:40] Start thread: IO-0/EL
I1102 19:08:32.553640 IO-0/EL  io_worker.cpp:192] IO-0: Event loop starts
Checking for file descriptor...
Got a file descriptor!
I1102 19:08:34.367279 Main     engine.cpp:180] Engine: Created 1 Machnet connections to Gateway at 10.10.1.2:10007
I1102 19:08:34.367331 Main     engine.cpp:208] Engine: Listen on /dev/shm/faas_ipc/engine.sock for IPC connections
I1102 19:08:34.367500 Server/E thread.cpp:40] Start thread: Server/EL
I1102 19:08:34.367623 Server/E server_base.cpp:50] Server: Event loop starts
I1102 19:08:34.553261 Server/E engine.cpp:674] Engine: New message connection
I1102 19:08:34.556553 IO-0/EL  buffer_pool.h:25] BufferPool[IO-0_Read]: Allocate new buffer, current buffer count is 1
I1102 19:08:34.556577 IO-0/EL  engine.cpp:277] Engine: Receive new handshake message from message connection
I1102 19:08:34.556582 IO-0/EL  worker_manager.cpp:23] WorkerManager: Launcher of func_id 1 connected
I1102 19:08:34.556585 IO-0/EL  worker_manager.cpp:131] WorkerManager: Request new FuncWorker for func_id 1 with client_id 1
I1102 19:08:34.556601 IO-0/EL  worker_manager.cpp:131] WorkerManager: Request new FuncWorker for func_id 1 with client_id 2
I1102 19:08:34.556610 IO-0/EL  worker_manager.cpp:131] WorkerManager: Request new FuncWorker for func_id 1 with client_id 3
I1102 19:08:34.556616 IO-0/EL  worker_manager.cpp:131] WorkerManager: Request new FuncWorker for func_id 1 with client_id 4
I1102 19:08:34.556624 IO-0/EL  worker_manager.cpp:131] WorkerManager: Request new FuncWorker for func_id 1 with client_id 5
I1102 19:08:34.556630 IO-0/EL  worker_manager.cpp:131] WorkerManager: Request new FuncWorker for func_id 1 with client_id 6
I1102 19:08:34.556641 IO-0/EL  worker_manager.cpp:131] WorkerManager: Request new FuncWorker for func_id 1 with client_id 7
I1102 19:08:34.556648 IO-0/EL  worker_manager.cpp:131] WorkerManager: Request new FuncWorker for func_id 1 with client_id 8
I1102 19:08:34.556656 IO-0/EL  worker_manager.cpp:131] WorkerManager: Request new FuncWorker for func_id 1 with client_id 9
I1102 19:08:34.556663 IO-0/EL  worker_manager.cpp:131] WorkerManager: Request new FuncWorker for func_id 1 with client_id 10
I1102 19:08:34.556671 IO-0/EL  worker_manager.cpp:131] WorkerManager: Request new FuncWorker for func_id 1 with client_id 11
I1102 19:08:34.556679 IO-0/EL  worker_manager.cpp:131] WorkerManager: Request new FuncWorker for func_id 1 with client_id 12
I1102 19:08:34.556687 IO-0/EL  worker_manager.cpp:131] WorkerManager: Request new FuncWorker for func_id 1 with client_id 13
I1102 19:08:34.556694 IO-0/EL  worker_manager.cpp:131] WorkerManager: Request new FuncWorker for func_id 1 with client_id 14
I1102 19:08:34.556701 IO-0/EL  worker_manager.cpp:131] WorkerManager: Request new FuncWorker for func_id 1 with client_id 15
I1102 19:08:34.556713 IO-0/EL  worker_manager.cpp:131] WorkerManager: Request new FuncWorker for func_id 1 with client_id 16
I1102 19:08:34.556721 IO-0/EL  worker_manager.cpp:131] WorkerManager: Request new FuncWorker for func_id 1 with client_id 17
I1102 19:08:34.556735 IO-0/EL  worker_manager.cpp:131] WorkerManager: Request new FuncWorker for func_id 1 with client_id 18
I1102 19:08:34.556742 IO-0/EL  worker_manager.cpp:131] WorkerManager: Request new FuncWorker for func_id 1 with client_id 19
I1102 19:08:34.556750 IO-0/EL  worker_manager.cpp:131] WorkerManager: Request new FuncWorker for func_id 1 with client_id 20
I1102 19:08:34.556758 IO-0/EL  worker_manager.cpp:131] WorkerManager: Request new FuncWorker for func_id 1 with client_id 21
I1102 19:08:34.556765 IO-0/EL  worker_manager.cpp:131] WorkerManager: Request new FuncWorker for func_id 1 with client_id 22
I1102 19:08:34.556772 IO-0/EL  worker_manager.cpp:131] WorkerManager: Request new FuncWorker for func_id 1 with client_id 23
I1102 19:08:34.556792 IO-0/EL  worker_manager.cpp:131] WorkerManager: Request new FuncWorker for func_id 1 with client_id 24
I1102 19:08:34.556800 IO-0/EL  worker_manager.cpp:131] WorkerManager: Request new FuncWorker for func_id 1 with client_id 25
I1102 19:08:34.556807 IO-0/EL  worker_manager.cpp:131] WorkerManager: Request new FuncWorker for func_id 1 with client_id 26
I1102 19:08:34.556814 IO-0/EL  worker_manager.cpp:131] WorkerManager: Request new FuncWorker for func_id 1 with client_id 27
I1102 19:08:34.556823 IO-0/EL  worker_manager.cpp:131] WorkerManager: Request new FuncWorker for func_id 1 with client_id 28
I1102 19:08:34.556831 IO-0/EL  worker_manager.cpp:131] WorkerManager: Request new FuncWorker for func_id 1 with client_id 29
I1102 19:08:34.556838 IO-0/EL  worker_manager.cpp:131] WorkerManager: Request new FuncWorker for func_id 1 with client_id 30
I1102 19:08:34.556845 IO-0/EL  worker_manager.cpp:131] WorkerManager: Request new FuncWorker for func_id 1 with client_id 31
I1102 19:08:34.556852 IO-0/EL  worker_manager.cpp:131] WorkerManager: Request new FuncWorker for func_id 1 with client_id 32
I1102 19:08:34.556859 IO-0/EL  worker_manager.cpp:131] WorkerManager: Request new FuncWorker for func_id 1 with client_id 33
I1102 19:08:34.556884 IO-0/EL  worker_manager.cpp:131] WorkerManager: Request new FuncWorker for func_id 1 with client_id 34
I1102 19:08:34.556891 IO-0/EL  worker_manager.cpp:131] WorkerManager: Request new FuncWorker for func_id 1 with client_id 35
I1102 19:08:34.556901 IO-0/EL  worker_manager.cpp:131] WorkerManager: Request new FuncWorker for func_id 1 with client_id 36
I1102 19:08:34.556908 IO-0/EL  worker_manager.cpp:131] WorkerManager: Request new FuncWorker for func_id 1 with client_id 37
I1102 19:08:34.556915 IO-0/EL  worker_manager.cpp:131] WorkerManager: Request new FuncWorker for func_id 1 with client_id 38
I1102 19:08:34.556922 IO-0/EL  worker_manager.cpp:131] WorkerManager: Request new FuncWorker for func_id 1 with client_id 39
I1102 19:08:34.556930 IO-0/EL  worker_manager.cpp:131] WorkerManager: Request new FuncWorker for func_id 1 with client_id 40
I1102 19:08:34.556937 IO-0/EL  worker_manager.cpp:131] WorkerManager: Request new FuncWorker for func_id 1 with client_id 41
I1102 19:08:34.556945 IO-0/EL  worker_manager.cpp:131] WorkerManager: Request new FuncWorker for func_id 1 with client_id 42
I1102 19:08:34.556952 IO-0/EL  worker_manager.cpp:131] WorkerManager: Request new FuncWorker for func_id 1 with client_id 43
I1102 19:08:34.556961 IO-0/EL  worker_manager.cpp:131] WorkerManager: Request new FuncWorker for func_id 1 with client_id 44
I1102 19:08:34.556969 IO-0/EL  worker_manager.cpp:131] WorkerManager: Request new FuncWorker for func_id 1 with client_id 45
I1102 19:08:34.556977 IO-0/EL  worker_manager.cpp:131] WorkerManager: Request new FuncWorker for func_id 1 with client_id 46
I1102 19:08:34.556983 IO-0/EL  worker_manager.cpp:131] WorkerManager: Request new FuncWorker for func_id 1 with client_id 47
I1102 19:08:34.556991 IO-0/EL  worker_manager.cpp:131] WorkerManager: Request new FuncWorker for func_id 1 with client_id 48
I1102 19:08:34.556998 IO-0/EL  worker_manager.cpp:131] WorkerManager: Request new FuncWorker for func_id 1 with client_id 49
I1102 19:08:34.557005 IO-0/EL  worker_manager.cpp:131] WorkerManager: Request new FuncWorker for func_id 1 with client_id 50
I1102 19:08:34.557012 IO-0/EL  worker_manager.cpp:131] WorkerManager: Request new FuncWorker for func_id 1 with client_id 51
I1102 19:08:34.557020 IO-0/EL  worker_manager.cpp:131] WorkerManager: Request new FuncWorker for func_id 1 with client_id 52
I1102 19:08:34.557027 IO-0/EL  worker_manager.cpp:131] WorkerManager: Request new FuncWorker for func_id 1 with client_id 53
I1102 19:08:34.557035 IO-0/EL  worker_manager.cpp:131] WorkerManager: Request new FuncWorker for func_id 1 with client_id 54
I1102 19:08:34.557042 IO-0/EL  worker_manager.cpp:131] WorkerManager: Request new FuncWorker for func_id 1 with client_id 55
I1102 19:08:34.557049 IO-0/EL  worker_manager.cpp:131] WorkerManager: Request new FuncWorker for func_id 1 with client_id 56
I1102 19:08:34.557061 IO-0/EL  worker_manager.cpp:131] WorkerManager: Request new FuncWorker for func_id 1 with client_id 57
I1102 19:08:34.557069 IO-0/EL  worker_manager.cpp:131] WorkerManager: Request new FuncWorker for func_id 1 with client_id 58
I1102 19:08:34.557076 IO-0/EL  worker_manager.cpp:131] WorkerManager: Request new FuncWorker for func_id 1 with client_id 59
I1102 19:08:34.557084 IO-0/EL  worker_manager.cpp:131] WorkerManager: Request new FuncWorker for func_id 1 with client_id 60
I1102 19:08:34.557092 IO-0/EL  worker_manager.cpp:131] WorkerManager: Request new FuncWorker for func_id 1 with client_id 61
I1102 19:08:34.557099 IO-0/EL  worker_manager.cpp:131] WorkerManager: Request new FuncWorker for func_id 1 with client_id 62
I1102 19:08:34.557106 IO-0/EL  worker_manager.cpp:131] WorkerManager: Request new FuncWorker for func_id 1 with client_id 63
I1102 19:08:34.557112 IO-0/EL  worker_manager.cpp:131] WorkerManager: Request new FuncWorker for func_id 1 with client_id 64
I1102 19:08:34.557119 IO-0/EL  worker_manager.cpp:131] WorkerManager: Request new FuncWorker for func_id 1 with client_id 65
I1102 19:08:34.557158 IO-0/EL  worker_manager.cpp:131] WorkerManager: Request new FuncWorker for func_id 1 with client_id 66
I1102 19:08:34.557166 IO-0/EL  worker_manager.cpp:131] WorkerManager: Request new FuncWorker for func_id 1 with client_id 67
I1102 19:08:34.557173 IO-0/EL  worker_manager.cpp:131] WorkerManager: Request new FuncWorker for func_id 1 with client_id 68
I1102 19:08:34.557182 IO-0/EL  worker_manager.cpp:131] WorkerManager: Request new FuncWorker for func_id 1 with client_id 69
I1102 19:08:34.557189 IO-0/EL  worker_manager.cpp:131] WorkerManager: Request new FuncWorker for func_id 1 with client_id 70
I1102 19:08:34.557196 IO-0/EL  worker_manager.cpp:131] WorkerManager: Request new FuncWorker for func_id 1 with client_id 71
I1102 19:08:34.557203 IO-0/EL  worker_manager.cpp:131] WorkerManager: Request new FuncWorker for func_id 1 with client_id 72
I1102 19:08:34.557212 IO-0/EL  worker_manager.cpp:131] WorkerManager: Request new FuncWorker for func_id 1 with client_id 73
I1102 19:08:34.557219 IO-0/EL  worker_manager.cpp:131] WorkerManager: Request new FuncWorker for func_id 1 with client_id 74
I1102 19:08:34.557225 IO-0/EL  worker_manager.cpp:131] WorkerManager: Request new FuncWorker for func_id 1 with client_id 75
I1102 19:08:34.557233 IO-0/EL  worker_manager.cpp:131] WorkerManager: Request new FuncWorker for func_id 1 with client_id 76
I1102 19:08:34.557243 IO-0/EL  worker_manager.cpp:131] WorkerManager: Request new FuncWorker for func_id 1 with client_id 77
I1102 19:08:34.557250 IO-0/EL  worker_manager.cpp:131] WorkerManager: Request new FuncWorker for func_id 1 with client_id 78
I1102 19:08:34.557256 IO-0/EL  worker_manager.cpp:131] WorkerManager: Request new FuncWorker for func_id 1 with client_id 79
I1102 19:08:34.557263 IO-0/EL  worker_manager.cpp:131] WorkerManager: Request new FuncWorker for func_id 1 with client_id 80
I1102 19:08:34.557272 IO-0/EL  worker_manager.cpp:131] WorkerManager: Request new FuncWorker for func_id 1 with client_id 81
I1102 19:08:34.557280 IO-0/EL  worker_manager.cpp:131] WorkerManager: Request new FuncWorker for func_id 1 with client_id 82
I1102 19:08:34.557286 IO-0/EL  worker_manager.cpp:131] WorkerManager: Request new FuncWorker for func_id 1 with client_id 83
I1102 19:08:34.557295 IO-0/EL  worker_manager.cpp:131] WorkerManager: Request new FuncWorker for func_id 1 with client_id 84
I1102 19:08:34.557303 IO-0/EL  worker_manager.cpp:131] WorkerManager: Request new FuncWorker for func_id 1 with client_id 85
I1102 19:08:34.557310 IO-0/EL  worker_manager.cpp:131] WorkerManager: Request new FuncWorker for func_id 1 with client_id 86
I1102 19:08:34.557317 IO-0/EL  worker_manager.cpp:131] WorkerManager: Request new FuncWorker for func_id 1 with client_id 87
I1102 19:08:34.557325 IO-0/EL  worker_manager.cpp:131] WorkerManager: Request new FuncWorker for func_id 1 with client_id 88
I1102 19:08:34.557339 IO-0/EL  worker_manager.cpp:131] WorkerManager: Request new FuncWorker for func_id 1 with client_id 89
I1102 19:08:34.557346 IO-0/EL  worker_manager.cpp:131] WorkerManager: Request new FuncWorker for func_id 1 with client_id 90
I1102 19:08:34.557354 IO-0/EL  worker_manager.cpp:131] WorkerManager: Request new FuncWorker for func_id 1 with client_id 91
I1102 19:08:34.557361 IO-0/EL  worker_manager.cpp:131] WorkerManager: Request new FuncWorker for func_id 1 with client_id 92
I1102 19:08:34.557369 IO-0/EL  worker_manager.cpp:131] WorkerManager: Request new FuncWorker for func_id 1 with client_id 93
I1102 19:08:34.557376 IO-0/EL  worker_manager.cpp:131] WorkerManager: Request new FuncWorker for func_id 1 with client_id 94
I1102 19:08:34.557383 IO-0/EL  worker_manager.cpp:131] WorkerManager: Request new FuncWorker for func_id 1 with client_id 95
I1102 19:08:34.557391 IO-0/EL  worker_manager.cpp:131] WorkerManager: Request new FuncWorker for func_id 1 with client_id 96
I1102 19:08:34.557399 IO-0/EL  worker_manager.cpp:131] WorkerManager: Request new FuncWorker for func_id 1 with client_id 97
I1102 19:08:34.557405 IO-0/EL  worker_manager.cpp:131] WorkerManager: Request new FuncWorker for func_id 1 with client_id 98
I1102 19:08:34.557413 IO-0/EL  worker_manager.cpp:131] WorkerManager: Request new FuncWorker for func_id 1 with client_id 99
I1102 19:08:34.557420 IO-0/EL  worker_manager.cpp:131] WorkerManager: Request new FuncWorker for func_id 1 with client_id 100
I1102 19:08:34.557429 IO-0/EL  worker_manager.cpp:131] WorkerManager: Request new FuncWorker for func_id 1 with client_id 101
I1102 19:08:34.557436 IO-0/EL  worker_manager.cpp:131] WorkerManager: Request new FuncWorker for func_id 1 with client_id 102
I1102 19:08:34.557444 IO-0/EL  worker_manager.cpp:131] WorkerManager: Request new FuncWorker for func_id 1 with client_id 103
I1102 19:08:34.557451 IO-0/EL  worker_manager.cpp:131] WorkerManager: Request new FuncWorker for func_id 1 with client_id 104
I1102 19:08:34.557459 IO-0/EL  worker_manager.cpp:131] WorkerManager: Request new FuncWorker for func_id 1 with client_id 105
I1102 19:08:34.557468 IO-0/EL  worker_manager.cpp:131] WorkerManager: Request new FuncWorker for func_id 1 with client_id 106
I1102 19:08:34.557475 IO-0/EL  worker_manager.cpp:131] WorkerManager: Request new FuncWorker for func_id 1 with client_id 107
I1102 19:08:34.557482 IO-0/EL  worker_manager.cpp:131] WorkerManager: Request new FuncWorker for func_id 1 with client_id 108
I1102 19:08:34.557490 IO-0/EL  worker_manager.cpp:131] WorkerManager: Request new FuncWorker for func_id 1 with client_id 109
I1102 19:08:34.557497 IO-0/EL  worker_manager.cpp:131] WorkerManager: Request new FuncWorker for func_id 1 with client_id 110
I1102 19:08:34.557506 IO-0/EL  worker_manager.cpp:131] WorkerManager: Request new FuncWorker for func_id 1 with client_id 111
I1102 19:08:34.557513 IO-0/EL  worker_manager.cpp:131] WorkerManager: Request new FuncWorker for func_id 1 with client_id 112
I1102 19:08:34.557522 IO-0/EL  worker_manager.cpp:131] WorkerManager: Request new FuncWorker for func_id 1 with client_id 113
I1102 19:08:34.557531 IO-0/EL  worker_manager.cpp:131] WorkerManager: Request new FuncWorker for func_id 1 with client_id 114
I1102 19:08:34.557538 IO-0/EL  worker_manager.cpp:131] WorkerManager: Request new FuncWorker for func_id 1 with client_id 115
I1102 19:08:34.557545 IO-0/EL  worker_manager.cpp:131] WorkerManager: Request new FuncWorker for func_id 1 with client_id 116
I1102 19:08:34.557554 IO-0/EL  worker_manager.cpp:131] WorkerManager: Request new FuncWorker for func_id 1 with client_id 117
I1102 19:08:34.557562 IO-0/EL  worker_manager.cpp:131] WorkerManager: Request new FuncWorker for func_id 1 with client_id 118
I1102 19:08:34.557569 IO-0/EL  worker_manager.cpp:131] WorkerManager: Request new FuncWorker for func_id 1 with client_id 119
I1102 19:08:34.557576 IO-0/EL  worker_manager.cpp:131] WorkerManager: Request new FuncWorker for func_id 1 with client_id 120
I1102 19:08:34.557588 IO-0/EL  worker_manager.cpp:131] WorkerManager: Request new FuncWorker for func_id 1 with client_id 121
I1102 19:08:34.557598 IO-0/EL  worker_manager.cpp:131] WorkerManager: Request new FuncWorker for func_id 1 with client_id 122
I1102 19:08:34.557605 IO-0/EL  worker_manager.cpp:131] WorkerManager: Request new FuncWorker for func_id 1 with client_id 123
I1102 19:08:34.557612 IO-0/EL  worker_manager.cpp:131] WorkerManager: Request new FuncWorker for func_id 1 with client_id 124
I1102 19:08:34.557621 IO-0/EL  worker_manager.cpp:131] WorkerManager: Request new FuncWorker for func_id 1 with client_id 125
I1102 19:08:34.557629 IO-0/EL  worker_manager.cpp:131] WorkerManager: Request new FuncWorker for func_id 1 with client_id 126
I1102 19:08:34.557636 IO-0/EL  worker_manager.cpp:131] WorkerManager: Request new FuncWorker for func_id 1 with client_id 127
I1102 19:08:34.557643 IO-0/EL  worker_manager.cpp:131] WorkerManager: Request new FuncWorker for func_id 1 with client_id 128
I1102 19:08:34.557731 IO-0/EL  buffer_pool.h:25] BufferPool[IO-0_Write]: Allocate new buffer, current buffer count is 1
I1102 19:08:34.557756 IO-0/EL  buffer_pool.h:25] BufferPool[IO-0_Write]: Allocate new buffer, current buffer count is 2
I1102 19:08:34.557780 IO-0/EL  message_connection.cpp:269] LauncherConnection[1]: Handshake done
I1102 19:08:34.561928 Server/E engine.cpp:674] Engine: New message connection
I1102 19:08:34.561959 IO-0/EL  engine.cpp:277] Engine: Receive new handshake message from message connection
I1102 19:08:34.561964 IO-0/EL  worker_manager.cpp:60] WorkerManager: FuncWorker of func_id 1, client_id 1 connected
I1102 19:08:34.561974 IO-0/EL  dispatcher.cpp:47] Dispatcher[1]: min_workers=128
I1102 19:08:34.561977 IO-0/EL  dispatcher.cpp:51] Dispatcher[1]: max_workers=128
I1102 19:08:34.561994 IO-0/EL  message_connection.cpp:269] FuncWorkerConnection[1-1]: Handshake done
I1102 19:08:34.562318 Server/E engine.cpp:674] Engine: New message connection
I1102 19:08:34.562340 IO-0/EL  engine.cpp:277] Engine: Receive new handshake message from message connection
I1102 19:08:34.562344 IO-0/EL  worker_manager.cpp:60] WorkerManager: FuncWorker of func_id 1, client_id 2 connected
I1102 19:08:34.562355 IO-0/EL  message_connection.cpp:269] FuncWorkerConnection[1-2]: Handshake done
I1102 19:08:34.564535 Server/E engine.cpp:674] Engine: New message connection
I1102 19:08:34.564575 IO-0/EL  engine.cpp:277] Engine: Receive new handshake message from message connection
I1102 19:08:34.564581 IO-0/EL  worker_manager.cpp:60] WorkerManager: FuncWorker of func_id 1, client_id 4 connected
I1102 19:08:34.564595 IO-0/EL  message_connection.cpp:269] FuncWorkerConnection[1-4]: Handshake done
I1102 19:08:34.564689 Server/E engine.cpp:674] Engine: New message connection
I1102 19:08:34.564718 IO-0/EL  engine.cpp:277] Engine: Receive new handshake message from message connection
I1102 19:08:34.564723 IO-0/EL  worker_manager.cpp:60] WorkerManager: FuncWorker of func_id 1, client_id 3 connected
I1102 19:08:34.564737 IO-0/EL  message_connection.cpp:269] FuncWorkerConnection[1-3]: Handshake done
I1102 19:08:34.566689 Server/E engine.cpp:674] Engine: New message connection
I1102 19:08:34.566723 IO-0/EL  engine.cpp:277] Engine: Receive new handshake message from message connection
I1102 19:08:34.566729 IO-0/EL  worker_manager.cpp:60] WorkerManager: FuncWorker of func_id 1, client_id 5 connected
I1102 19:08:34.566742 IO-0/EL  message_connection.cpp:269] FuncWorkerConnection[1-5]: Handshake done
I1102 19:08:34.567484 Server/E engine.cpp:674] Engine: New message connection
I1102 19:08:34.567535 IO-0/EL  engine.cpp:277] Engine: Receive new handshake message from message connection
I1102 19:08:34.567540 IO-0/EL  worker_manager.cpp:60] WorkerManager: FuncWorker of func_id 1, client_id 7 connected
I1102 19:08:34.567554 IO-0/EL  message_connection.cpp:269] FuncWorkerConnection[1-7]: Handshake done
I1102 19:08:34.567586 Server/E engine.cpp:674] Engine: New message connection
I1102 19:08:34.567610 IO-0/EL  engine.cpp:277] Engine: Receive new handshake message from message connection
I1102 19:08:34.567615 IO-0/EL  worker_manager.cpp:60] WorkerManager: FuncWorker of func_id 1, client_id 6 connected
I1102 19:08:34.567637 IO-0/EL  message_connection.cpp:269] FuncWorkerConnection[1-6]: Handshake done
I1102 19:08:34.567888 Server/E engine.cpp:674] Engine: New message connection
I1102 19:08:34.567916 IO-0/EL  engine.cpp:277] Engine: Receive new handshake message from message connection
I1102 19:08:34.567922 IO-0/EL  worker_manager.cpp:60] WorkerManager: FuncWorker of func_id 1, client_id 8 connected
I1102 19:08:34.567935 IO-0/EL  message_connection.cpp:269] FuncWorkerConnection[1-8]: Handshake done
I1102 19:08:34.568350 Server/E engine.cpp:674] Engine: New message connection
I1102 19:08:34.568378 IO-0/EL  engine.cpp:277] Engine: Receive new handshake message from message connection
I1102 19:08:34.568383 IO-0/EL  worker_manager.cpp:60] WorkerManager: FuncWorker of func_id 1, client_id 9 connected
I1102 19:08:34.568396 IO-0/EL  message_connection.cpp:269] FuncWorkerConnection[1-9]: Handshake done
I1102 19:08:34.568738 Server/E engine.cpp:674] Engine: New message connection
I1102 19:08:34.568778 IO-0/EL  engine.cpp:277] Engine: Receive new handshake message from message connection
I1102 19:08:34.568783 IO-0/EL  worker_manager.cpp:60] WorkerManager: FuncWorker of func_id 1, client_id 10 connected
I1102 19:08:34.568796 IO-0/EL  message_connection.cpp:269] FuncWorkerConnection[1-10]: Handshake done
I1102 19:08:34.569171 Server/E engine.cpp:674] Engine: New message connection
I1102 19:08:34.569206 IO-0/EL  engine.cpp:277] Engine: Receive new handshake message from message connection
I1102 19:08:34.569211 IO-0/EL  worker_manager.cpp:60] WorkerManager: FuncWorker of func_id 1, client_id 11 connected
I1102 19:08:34.569224 IO-0/EL  message_connection.cpp:269] FuncWorkerConnection[1-11]: Handshake done
I1102 19:08:34.569586 Server/E engine.cpp:674] Engine: New message connection
I1102 19:08:34.569626 IO-0/EL  engine.cpp:277] Engine: Receive new handshake message from message connection
I1102 19:08:34.569631 IO-0/EL  worker_manager.cpp:60] WorkerManager: FuncWorker of func_id 1, client_id 12 connected
I1102 19:08:34.569643 IO-0/EL  message_connection.cpp:269] FuncWorkerConnection[1-12]: Handshake done
I1102 19:08:34.570177 Server/E engine.cpp:674] Engine: New message connection
I1102 19:08:34.570222 IO-0/EL  engine.cpp:277] Engine: Receive new handshake message from message connection
I1102 19:08:34.570227 IO-0/EL  worker_manager.cpp:60] WorkerManager: FuncWorker of func_id 1, client_id 13 connected
I1102 19:08:34.570240 IO-0/EL  message_connection.cpp:269] FuncWorkerConnection[1-13]: Handshake done
I1102 19:08:34.570852 Server/E engine.cpp:674] Engine: New message connection
I1102 19:08:34.570897 IO-0/EL  engine.cpp:277] Engine: Receive new handshake message from message connection
I1102 19:08:34.570901 IO-0/EL  worker_manager.cpp:60] WorkerManager: FuncWorker of func_id 1, client_id 14 connected
I1102 19:08:34.570914 IO-0/EL  message_connection.cpp:269] FuncWorkerConnection[1-14]: Handshake done
I1102 19:08:34.571027 Server/E engine.cpp:674] Engine: New message connection
I1102 19:08:34.571064 IO-0/EL  engine.cpp:277] Engine: Receive new handshake message from message connection
I1102 19:08:34.571068 IO-0/EL  worker_manager.cpp:60] WorkerManager: FuncWorker of func_id 1, client_id 15 connected
I1102 19:08:34.571081 IO-0/EL  message_connection.cpp:269] FuncWorkerConnection[1-15]: Handshake done
I1102 19:08:34.571480 Server/E engine.cpp:674] Engine: New message connection
I1102 19:08:34.571506 IO-0/EL  engine.cpp:277] Engine: Receive new handshake message from message connection
I1102 19:08:34.571510 IO-0/EL  worker_manager.cpp:60] WorkerManager: FuncWorker of func_id 1, client_id 16 connected
I1102 19:08:34.571523 IO-0/EL  message_connection.cpp:269] FuncWorkerConnection[1-16]: Handshake done
I1102 19:08:34.571873 Server/E engine.cpp:674] Engine: New message connection
I1102 19:08:34.571897 IO-0/EL  engine.cpp:277] Engine: Receive new handshake message from message connection
I1102 19:08:34.571902 IO-0/EL  worker_manager.cpp:60] WorkerManager: FuncWorker of func_id 1, client_id 17 connected
I1102 19:08:34.571925 IO-0/EL  message_connection.cpp:269] FuncWorkerConnection[1-17]: Handshake done
I1102 19:08:34.572350 Server/E engine.cpp:674] Engine: New message connection
I1102 19:08:34.572387 IO-0/EL  engine.cpp:277] Engine: Receive new handshake message from message connection
I1102 19:08:34.572392 IO-0/EL  worker_manager.cpp:60] WorkerManager: FuncWorker of func_id 1, client_id 18 connected
I1102 19:08:34.572406 IO-0/EL  message_connection.cpp:269] FuncWorkerConnection[1-18]: Handshake done
I1102 19:08:34.572881 Server/E engine.cpp:674] Engine: New message connection
I1102 19:08:34.572913 IO-0/EL  engine.cpp:277] Engine: Receive new handshake message from message connection
I1102 19:08:34.572918 IO-0/EL  worker_manager.cpp:60] WorkerManager: FuncWorker of func_id 1, client_id 19 connected
I1102 19:08:34.572931 IO-0/EL  message_connection.cpp:269] FuncWorkerConnection[1-19]: Handshake done
I1102 19:08:34.573294 Server/E engine.cpp:674] Engine: New message connection
I1102 19:08:34.573332 IO-0/EL  engine.cpp:277] Engine: Receive new handshake message from message connection
I1102 19:08:34.573336 IO-0/EL  worker_manager.cpp:60] WorkerManager: FuncWorker of func_id 1, client_id 20 connected
I1102 19:08:34.573349 IO-0/EL  message_connection.cpp:269] FuncWorkerConnection[1-20]: Handshake done
I1102 19:08:34.573867 Server/E engine.cpp:674] Engine: New message connection
I1102 19:08:34.573899 IO-0/EL  engine.cpp:277] Engine: Receive new handshake message from message connection
I1102 19:08:34.573904 IO-0/EL  worker_manager.cpp:60] WorkerManager: FuncWorker of func_id 1, client_id 21 connected
I1102 19:08:34.573917 IO-0/EL  message_connection.cpp:269] FuncWorkerConnection[1-21]: Handshake done
I1102 19:08:34.574344 Server/E engine.cpp:674] Engine: New message connection
I1102 19:08:34.574393 IO-0/EL  engine.cpp:277] Engine: Receive new handshake message from message connection
I1102 19:08:34.574398 IO-0/EL  worker_manager.cpp:60] WorkerManager: FuncWorker of func_id 1, client_id 22 connected
I1102 19:08:34.574411 IO-0/EL  message_connection.cpp:269] FuncWorkerConnection[1-22]: Handshake done
I1102 19:08:34.574722 Server/E engine.cpp:674] Engine: New message connection
I1102 19:08:34.574758 IO-0/EL  engine.cpp:277] Engine: Receive new handshake message from message connection
I1102 19:08:34.574763 IO-0/EL  worker_manager.cpp:60] WorkerManager: FuncWorker of func_id 1, client_id 23 connected
I1102 19:08:34.574776 IO-0/EL  message_connection.cpp:269] FuncWorkerConnection[1-23]: Handshake done
I1102 19:08:34.575163 Server/E engine.cpp:674] Engine: New message connection
I1102 19:08:34.575199 IO-0/EL  engine.cpp:277] Engine: Receive new handshake message from message connection
I1102 19:08:34.575204 IO-0/EL  worker_manager.cpp:60] WorkerManager: FuncWorker of func_id 1, client_id 24 connected
I1102 19:08:34.575217 IO-0/EL  message_connection.cpp:269] FuncWorkerConnection[1-24]: Handshake done
I1102 19:08:34.575718 Server/E engine.cpp:674] Engine: New message connection
I1102 19:08:34.575747 IO-0/EL  engine.cpp:277] Engine: Receive new handshake message from message connection
I1102 19:08:34.575752 IO-0/EL  worker_manager.cpp:60] WorkerManager: FuncWorker of func_id 1, client_id 25 connected
I1102 19:08:34.575765 IO-0/EL  message_connection.cpp:269] FuncWorkerConnection[1-25]: Handshake done
I1102 19:08:34.576058 Server/E engine.cpp:674] Engine: New message connection
I1102 19:08:34.576078 IO-0/EL  engine.cpp:277] Engine: Receive new handshake message from message connection
I1102 19:08:34.576082 IO-0/EL  worker_manager.cpp:60] WorkerManager: FuncWorker of func_id 1, client_id 26 connected
I1102 19:08:34.576094 IO-0/EL  message_connection.cpp:269] FuncWorkerConnection[1-26]: Handshake done
I1102 19:08:34.576543 Server/E engine.cpp:674] Engine: New message connection
I1102 19:08:34.576567 IO-0/EL  engine.cpp:277] Engine: Receive new handshake message from message connection
I1102 19:08:34.576572 IO-0/EL  worker_manager.cpp:60] WorkerManager: FuncWorker of func_id 1, client_id 27 connected
I1102 19:08:34.576591 IO-0/EL  message_connection.cpp:269] FuncWorkerConnection[1-27]: Handshake done
I1102 19:08:34.576979 Server/E engine.cpp:674] Engine: New message connection
I1102 19:08:34.577009 IO-0/EL  engine.cpp:277] Engine: Receive new handshake message from message connection
I1102 19:08:34.577013 IO-0/EL  worker_manager.cpp:60] WorkerManager: FuncWorker of func_id 1, client_id 28 connected
I1102 19:08:34.577027 IO-0/EL  message_connection.cpp:269] FuncWorkerConnection[1-28]: Handshake done
I1102 19:08:34.577650 Server/E engine.cpp:674] Engine: New message connection
I1102 19:08:34.577673 IO-0/EL  engine.cpp:277] Engine: Receive new handshake message from message connection
I1102 19:08:34.577678 IO-0/EL  worker_manager.cpp:60] WorkerManager: FuncWorker of func_id 1, client_id 29 connected
I1102 19:08:34.577694 IO-0/EL  message_connection.cpp:269] FuncWorkerConnection[1-29]: Handshake done
I1102 19:08:34.578041 Server/E engine.cpp:674] Engine: New message connection
I1102 19:08:34.578078 IO-0/EL  engine.cpp:277] Engine: Receive new handshake message from message connection
I1102 19:08:34.578083 IO-0/EL  worker_manager.cpp:60] WorkerManager: FuncWorker of func_id 1, client_id 30 connected
I1102 19:08:34.578096 IO-0/EL  message_connection.cpp:269] FuncWorkerConnection[1-30]: Handshake done
I1102 19:08:34.578523 Server/E engine.cpp:674] Engine: New message connection
I1102 19:08:34.578551 IO-0/EL  engine.cpp:277] Engine: Receive new handshake message from message connection
I1102 19:08:34.578555 IO-0/EL  worker_manager.cpp:60] WorkerManager: FuncWorker of func_id 1, client_id 31 connected
I1102 19:08:34.578568 IO-0/EL  message_connection.cpp:269] FuncWorkerConnection[1-31]: Handshake done
I1102 19:08:34.579167 Server/E engine.cpp:674] Engine: New message connection
I1102 19:08:34.579199 IO-0/EL  engine.cpp:277] Engine: Receive new handshake message from message connection
I1102 19:08:34.579203 IO-0/EL  worker_manager.cpp:60] WorkerManager: FuncWorker of func_id 1, client_id 32 connected
I1102 19:08:34.579216 IO-0/EL  message_connection.cpp:269] FuncWorkerConnection[1-32]: Handshake done
I1102 19:08:34.579621 Server/E engine.cpp:674] Engine: New message connection
I1102 19:08:34.579648 IO-0/EL  engine.cpp:277] Engine: Receive new handshake message from message connection
I1102 19:08:34.579652 IO-0/EL  worker_manager.cpp:60] WorkerManager: FuncWorker of func_id 1, client_id 33 connected
I1102 19:08:34.579665 IO-0/EL  message_connection.cpp:269] FuncWorkerConnection[1-33]: Handshake done
I1102 19:08:34.580125 Server/E engine.cpp:674] Engine: New message connection
I1102 19:08:34.580157 IO-0/EL  engine.cpp:277] Engine: Receive new handshake message from message connection
I1102 19:08:34.580162 IO-0/EL  worker_manager.cpp:60] WorkerManager: FuncWorker of func_id 1, client_id 34 connected
I1102 19:08:34.580175 IO-0/EL  message_connection.cpp:269] FuncWorkerConnection[1-34]: Handshake done
I1102 19:08:34.580718 Server/E engine.cpp:674] Engine: New message connection
I1102 19:08:34.580759 IO-0/EL  engine.cpp:277] Engine: Receive new handshake message from message connection
I1102 19:08:34.580763 IO-0/EL  worker_manager.cpp:60] WorkerManager: FuncWorker of func_id 1, client_id 35 connected
I1102 19:08:34.580776 IO-0/EL  message_connection.cpp:269] FuncWorkerConnection[1-35]: Handshake done
I1102 19:08:34.581240 Server/E engine.cpp:674] Engine: New message connection
I1102 19:08:34.581285 IO-0/EL  engine.cpp:277] Engine: Receive new handshake message from message connection
I1102 19:08:34.581290 IO-0/EL  worker_manager.cpp:60] WorkerManager: FuncWorker of func_id 1, client_id 36 connected
I1102 19:08:34.581302 IO-0/EL  message_connection.cpp:269] FuncWorkerConnection[1-36]: Handshake done
I1102 19:08:34.581581 Server/E engine.cpp:674] Engine: New message connection
I1102 19:08:34.581612 IO-0/EL  engine.cpp:277] Engine: Receive new handshake message from message connection
I1102 19:08:34.581616 IO-0/EL  worker_manager.cpp:60] WorkerManager: FuncWorker of func_id 1, client_id 37 connected
I1102 19:08:34.581629 IO-0/EL  message_connection.cpp:269] FuncWorkerConnection[1-37]: Handshake done
I1102 19:08:34.582097 Server/E engine.cpp:674] Engine: New message connection
I1102 19:08:34.582136 IO-0/EL  engine.cpp:277] Engine: Receive new handshake message from message connection
I1102 19:08:34.582141 IO-0/EL  worker_manager.cpp:60] WorkerManager: FuncWorker of func_id 1, client_id 38 connected
I1102 19:08:34.582155 IO-0/EL  message_connection.cpp:269] FuncWorkerConnection[1-38]: Handshake done
I1102 19:08:34.582497 Server/E engine.cpp:674] Engine: New message connection
I1102 19:08:34.582544 IO-0/EL  engine.cpp:277] Engine: Receive new handshake message from message connection
I1102 19:08:34.582549 IO-0/EL  worker_manager.cpp:60] WorkerManager: FuncWorker of func_id 1, client_id 39 connected
I1102 19:08:34.582561 IO-0/EL  message_connection.cpp:269] FuncWorkerConnection[1-39]: Handshake done
I1102 19:08:34.582982 Server/E engine.cpp:674] Engine: New message connection
I1102 19:08:34.583016 IO-0/EL  engine.cpp:277] Engine: Receive new handshake message from message connection
I1102 19:08:34.583021 IO-0/EL  worker_manager.cpp:60] WorkerManager: FuncWorker of func_id 1, client_id 40 connected
I1102 19:08:34.583033 IO-0/EL  message_connection.cpp:269] FuncWorkerConnection[1-40]: Handshake done
I1102 19:08:34.583624 Server/E engine.cpp:674] Engine: New message connection
I1102 19:08:34.583645 IO-0/EL  engine.cpp:277] Engine: Receive new handshake message from message connection
I1102 19:08:34.583649 IO-0/EL  worker_manager.cpp:60] WorkerManager: FuncWorker of func_id 1, client_id 41 connected
I1102 19:08:34.583663 IO-0/EL  message_connection.cpp:269] FuncWorkerConnection[1-41]: Handshake done
I1102 19:08:34.584009 Server/E engine.cpp:674] Engine: New message connection
I1102 19:08:34.584060 IO-0/EL  engine.cpp:277] Engine: Receive new handshake message from message connection
I1102 19:08:34.584064 IO-0/EL  worker_manager.cpp:60] WorkerManager: FuncWorker of func_id 1, client_id 42 connected
I1102 19:08:34.584077 IO-0/EL  message_connection.cpp:269] FuncWorkerConnection[1-42]: Handshake done
I1102 19:08:34.584615 Server/E engine.cpp:674] Engine: New message connection
I1102 19:08:34.584648 IO-0/EL  engine.cpp:277] Engine: Receive new handshake message from message connection
I1102 19:08:34.584654 IO-0/EL  worker_manager.cpp:60] WorkerManager: FuncWorker of func_id 1, client_id 43 connected
I1102 19:08:34.584669 IO-0/EL  message_connection.cpp:269] FuncWorkerConnection[1-43]: Handshake done
I1102 19:08:34.585161 Server/E engine.cpp:674] Engine: New message connection
I1102 19:08:34.585186 IO-0/EL  engine.cpp:277] Engine: Receive new handshake message from message connection
I1102 19:08:34.585191 IO-0/EL  worker_manager.cpp:60] WorkerManager: FuncWorker of func_id 1, client_id 44 connected
I1102 19:08:34.585203 IO-0/EL  message_connection.cpp:269] FuncWorkerConnection[1-44]: Handshake done
I1102 19:08:34.585631 Server/E engine.cpp:674] Engine: New message connection
I1102 19:08:34.585656 IO-0/EL  engine.cpp:277] Engine: Receive new handshake message from message connection
I1102 19:08:34.585661 IO-0/EL  worker_manager.cpp:60] WorkerManager: FuncWorker of func_id 1, client_id 45 connected
I1102 19:08:34.585673 IO-0/EL  message_connection.cpp:269] FuncWorkerConnection[1-45]: Handshake done
I1102 19:08:34.586044 Server/E engine.cpp:674] Engine: New message connection
I1102 19:08:34.586065 IO-0/EL  engine.cpp:277] Engine: Receive new handshake message from message connection
I1102 19:08:34.586069 IO-0/EL  worker_manager.cpp:60] WorkerManager: FuncWorker of func_id 1, client_id 46 connected
I1102 19:08:34.586082 IO-0/EL  message_connection.cpp:269] FuncWorkerConnection[1-46]: Handshake done
I1102 19:08:34.586585 Server/E engine.cpp:674] Engine: New message connection
I1102 19:08:34.586612 IO-0/EL  engine.cpp:277] Engine: Receive new handshake message from message connection
I1102 19:08:34.586617 IO-0/EL  worker_manager.cpp:60] WorkerManager: FuncWorker of func_id 1, client_id 47 connected
I1102 19:08:34.586631 IO-0/EL  message_connection.cpp:269] FuncWorkerConnection[1-47]: Handshake done
I1102 19:08:34.587158 Server/E engine.cpp:674] Engine: New message connection
I1102 19:08:34.587180 IO-0/EL  engine.cpp:277] Engine: Receive new handshake message from message connection
I1102 19:08:34.587184 IO-0/EL  worker_manager.cpp:60] WorkerManager: FuncWorker of func_id 1, client_id 48 connected
I1102 19:08:34.587197 IO-0/EL  message_connection.cpp:269] FuncWorkerConnection[1-48]: Handshake done
I1102 19:08:34.587639 Server/E engine.cpp:674] Engine: New message connection
I1102 19:08:34.587664 IO-0/EL  engine.cpp:277] Engine: Receive new handshake message from message connection
I1102 19:08:34.587668 IO-0/EL  worker_manager.cpp:60] WorkerManager: FuncWorker of func_id 1, client_id 49 connected
I1102 19:08:34.587681 IO-0/EL  message_connection.cpp:269] FuncWorkerConnection[1-49]: Handshake done
I1102 19:08:34.588169 Server/E engine.cpp:674] Engine: New message connection
I1102 19:08:34.588192 IO-0/EL  engine.cpp:277] Engine: Receive new handshake message from message connection
I1102 19:08:34.588197 IO-0/EL  worker_manager.cpp:60] WorkerManager: FuncWorker of func_id 1, client_id 50 connected
I1102 19:08:34.588209 IO-0/EL  message_connection.cpp:269] FuncWorkerConnection[1-50]: Handshake done
I1102 19:08:34.588678 Server/E engine.cpp:674] Engine: New message connection
I1102 19:08:34.588702 IO-0/EL  engine.cpp:277] Engine: Receive new handshake message from message connection
I1102 19:08:34.588706 IO-0/EL  worker_manager.cpp:60] WorkerManager: FuncWorker of func_id 1, client_id 51 connected
I1102 19:08:34.588723 IO-0/EL  message_connection.cpp:269] FuncWorkerConnection[1-51]: Handshake done
I1102 19:08:34.589256 Server/E engine.cpp:674] Engine: New message connection
I1102 19:08:34.589280 IO-0/EL  engine.cpp:277] Engine: Receive new handshake message from message connection
I1102 19:08:34.589284 IO-0/EL  worker_manager.cpp:60] WorkerManager: FuncWorker of func_id 1, client_id 52 connected
I1102 19:08:34.589297 IO-0/EL  message_connection.cpp:269] FuncWorkerConnection[1-52]: Handshake done
I1102 19:08:34.589877 Server/E engine.cpp:674] Engine: New message connection
I1102 19:08:34.589904 IO-0/EL  engine.cpp:277] Engine: Receive new handshake message from message connection
I1102 19:08:34.589909 IO-0/EL  worker_manager.cpp:60] WorkerManager: FuncWorker of func_id 1, client_id 53 connected
I1102 19:08:34.589922 IO-0/EL  message_connection.cpp:269] FuncWorkerConnection[1-53]: Handshake done
I1102 19:08:34.590338 Server/E engine.cpp:674] Engine: New message connection
I1102 19:08:34.590361 IO-0/EL  engine.cpp:277] Engine: Receive new handshake message from message connection
I1102 19:08:34.590365 IO-0/EL  worker_manager.cpp:60] WorkerManager: FuncWorker of func_id 1, client_id 54 connected
I1102 19:08:34.590379 IO-0/EL  message_connection.cpp:269] FuncWorkerConnection[1-54]: Handshake done
I1102 19:08:34.590907 Server/E engine.cpp:674] Engine: New message connection
I1102 19:08:34.590937 IO-0/EL  engine.cpp:277] Engine: Receive new handshake message from message connection
I1102 19:08:34.590942 IO-0/EL  worker_manager.cpp:60] WorkerManager: FuncWorker of func_id 1, client_id 55 connected
I1102 19:08:34.590955 IO-0/EL  message_connection.cpp:269] FuncWorkerConnection[1-55]: Handshake done
I1102 19:08:34.591476 Server/E engine.cpp:674] Engine: New message connection
I1102 19:08:34.591501 IO-0/EL  engine.cpp:277] Engine: Receive new handshake message from message connection
I1102 19:08:34.591506 IO-0/EL  worker_manager.cpp:60] WorkerManager: FuncWorker of func_id 1, client_id 56 connected
I1102 19:08:34.591519 IO-0/EL  message_connection.cpp:269] FuncWorkerConnection[1-56]: Handshake done
I1102 19:08:34.591937 Server/E engine.cpp:674] Engine: New message connection
I1102 19:08:34.591961 IO-0/EL  engine.cpp:277] Engine: Receive new handshake message from message connection
I1102 19:08:34.591966 IO-0/EL  worker_manager.cpp:60] WorkerManager: FuncWorker of func_id 1, client_id 57 connected
I1102 19:08:34.591987 IO-0/EL  message_connection.cpp:269] FuncWorkerConnection[1-57]: Handshake done
I1102 19:08:34.592398 Server/E engine.cpp:674] Engine: New message connection
I1102 19:08:34.592423 IO-0/EL  engine.cpp:277] Engine: Receive new handshake message from message connection
I1102 19:08:34.592428 IO-0/EL  worker_manager.cpp:60] WorkerManager: FuncWorker of func_id 1, client_id 58 connected
I1102 19:08:34.592441 IO-0/EL  message_connection.cpp:269] FuncWorkerConnection[1-58]: Handshake done
I1102 19:08:34.592853 Server/E engine.cpp:674] Engine: New message connection
I1102 19:08:34.592897 IO-0/EL  engine.cpp:277] Engine: Receive new handshake message from message connection
I1102 19:08:34.592902 IO-0/EL  worker_manager.cpp:60] WorkerManager: FuncWorker of func_id 1, client_id 59 connected
I1102 19:08:34.592915 IO-0/EL  message_connection.cpp:269] FuncWorkerConnection[1-59]: Handshake done
I1102 19:08:34.593403 Server/E engine.cpp:674] Engine: New message connection
I1102 19:08:34.593431 IO-0/EL  engine.cpp:277] Engine: Receive new handshake message from message connection
I1102 19:08:34.593436 IO-0/EL  worker_manager.cpp:60] WorkerManager: FuncWorker of func_id 1, client_id 60 connected
I1102 19:08:34.593448 IO-0/EL  message_connection.cpp:269] FuncWorkerConnection[1-60]: Handshake done
I1102 19:08:34.593824 Server/E engine.cpp:674] Engine: New message connection
I1102 19:08:34.593847 IO-0/EL  engine.cpp:277] Engine: Receive new handshake message from message connection
I1102 19:08:34.593851 IO-0/EL  worker_manager.cpp:60] WorkerManager: FuncWorker of func_id 1, client_id 61 connected
I1102 19:08:34.593865 IO-0/EL  message_connection.cpp:269] FuncWorkerConnection[1-61]: Handshake done
I1102 19:08:34.594329 Server/E engine.cpp:674] Engine: New message connection
I1102 19:08:34.594380 IO-0/EL  engine.cpp:277] Engine: Receive new handshake message from message connection
I1102 19:08:34.594384 IO-0/EL  worker_manager.cpp:60] WorkerManager: FuncWorker of func_id 1, client_id 62 connected
I1102 19:08:34.594397 IO-0/EL  message_connection.cpp:269] FuncWorkerConnection[1-62]: Handshake done
I1102 19:08:34.594971 Server/E engine.cpp:674] Engine: New message connection
I1102 19:08:34.594999 IO-0/EL  engine.cpp:277] Engine: Receive new handshake message from message connection
I1102 19:08:34.595004 IO-0/EL  worker_manager.cpp:60] WorkerManager: FuncWorker of func_id 1, client_id 63 connected
I1102 19:08:34.595016 IO-0/EL  message_connection.cpp:269] FuncWorkerConnection[1-63]: Handshake done
I1102 19:08:34.595355 Server/E engine.cpp:674] Engine: New message connection
I1102 19:08:34.595398 IO-0/EL  engine.cpp:277] Engine: Receive new handshake message from message connection
I1102 19:08:34.595402 IO-0/EL  worker_manager.cpp:60] WorkerManager: FuncWorker of func_id 1, client_id 64 connected
I1102 19:08:34.595415 IO-0/EL  message_connection.cpp:269] FuncWorkerConnection[1-64]: Handshake done
I1102 19:08:34.595893 Server/E engine.cpp:674] Engine: New message connection
I1102 19:08:34.595938 IO-0/EL  engine.cpp:277] Engine: Receive new handshake message from message connection
I1102 19:08:34.595943 IO-0/EL  worker_manager.cpp:60] WorkerManager: FuncWorker of func_id 1, client_id 65 connected
I1102 19:08:34.595956 IO-0/EL  message_connection.cpp:269] FuncWorkerConnection[1-65]: Handshake done
I1102 19:08:34.596346 Server/E engine.cpp:674] Engine: New message connection
I1102 19:08:34.596383 IO-0/EL  engine.cpp:277] Engine: Receive new handshake message from message connection
I1102 19:08:34.596387 IO-0/EL  worker_manager.cpp:60] WorkerManager: FuncWorker of func_id 1, client_id 66 connected
I1102 19:08:34.596400 IO-0/EL  message_connection.cpp:269] FuncWorkerConnection[1-66]: Handshake done
I1102 19:08:34.596930 Server/E engine.cpp:674] Engine: New message connection
I1102 19:08:34.596976 IO-0/EL  engine.cpp:277] Engine: Receive new handshake message from message connection
I1102 19:08:34.596981 IO-0/EL  worker_manager.cpp:60] WorkerManager: FuncWorker of func_id 1, client_id 67 connected
I1102 19:08:34.596994 IO-0/EL  message_connection.cpp:269] FuncWorkerConnection[1-67]: Handshake done
I1102 19:08:34.597689 Server/E engine.cpp:674] Engine: New message connection
I1102 19:08:34.597743 IO-0/EL  engine.cpp:277] Engine: Receive new handshake message from message connection
I1102 19:08:34.597748 IO-0/EL  worker_manager.cpp:60] WorkerManager: FuncWorker of func_id 1, client_id 68 connected
I1102 19:08:34.597762 IO-0/EL  message_connection.cpp:269] FuncWorkerConnection[1-68]: Handshake done
I1102 19:08:34.598002 Server/E engine.cpp:674] Engine: New message connection
I1102 19:08:34.598040 IO-0/EL  engine.cpp:277] Engine: Receive new handshake message from message connection
I1102 19:08:34.598045 IO-0/EL  worker_manager.cpp:60] WorkerManager: FuncWorker of func_id 1, client_id 69 connected
I1102 19:08:34.598058 IO-0/EL  message_connection.cpp:269] FuncWorkerConnection[1-69]: Handshake done
I1102 19:08:34.598511 Server/E engine.cpp:674] Engine: New message connection
I1102 19:08:34.598533 IO-0/EL  engine.cpp:277] Engine: Receive new handshake message from message connection
I1102 19:08:34.598537 IO-0/EL  worker_manager.cpp:60] WorkerManager: FuncWorker of func_id 1, client_id 70 connected
I1102 19:08:34.598550 IO-0/EL  message_connection.cpp:269] FuncWorkerConnection[1-70]: Handshake done
I1102 19:08:34.599211 Server/E engine.cpp:674] Engine: New message connection
I1102 19:08:34.599237 IO-0/EL  engine.cpp:277] Engine: Receive new handshake message from message connection
I1102 19:08:34.599242 IO-0/EL  worker_manager.cpp:60] WorkerManager: FuncWorker of func_id 1, client_id 71 connected
I1102 19:08:34.599254 IO-0/EL  message_connection.cpp:269] FuncWorkerConnection[1-71]: Handshake done
I1102 19:08:34.599648 Server/E engine.cpp:674] Engine: New message connection
I1102 19:08:34.599693 IO-0/EL  engine.cpp:277] Engine: Receive new handshake message from message connection
I1102 19:08:34.599697 IO-0/EL  worker_manager.cpp:60] WorkerManager: FuncWorker of func_id 1, client_id 72 connected
I1102 19:08:34.599716 IO-0/EL  message_connection.cpp:269] FuncWorkerConnection[1-72]: Handshake done
I1102 19:08:34.600056 Server/E engine.cpp:674] Engine: New message connection
I1102 19:08:34.600096 IO-0/EL  engine.cpp:277] Engine: Receive new handshake message from message connection
I1102 19:08:34.600100 IO-0/EL  worker_manager.cpp:60] WorkerManager: FuncWorker of func_id 1, client_id 73 connected
I1102 19:08:34.600113 IO-0/EL  message_connection.cpp:269] FuncWorkerConnection[1-73]: Handshake done
I1102 19:08:34.600596 Server/E engine.cpp:674] Engine: New message connection
I1102 19:08:34.600640 IO-0/EL  engine.cpp:277] Engine: Receive new handshake message from message connection
I1102 19:08:34.600645 IO-0/EL  worker_manager.cpp:60] WorkerManager: FuncWorker of func_id 1, client_id 74 connected
I1102 19:08:34.600657 IO-0/EL  message_connection.cpp:269] FuncWorkerConnection[1-74]: Handshake done
I1102 19:08:34.601301 Server/E engine.cpp:674] Engine: New message connection
I1102 19:08:34.601342 IO-0/EL  engine.cpp:277] Engine: Receive new handshake message from message connection
I1102 19:08:34.601347 IO-0/EL  worker_manager.cpp:60] WorkerManager: FuncWorker of func_id 1, client_id 75 connected
I1102 19:08:34.601360 IO-0/EL  message_connection.cpp:269] FuncWorkerConnection[1-75]: Handshake done
I1102 19:08:34.601782 Server/E engine.cpp:674] Engine: New message connection
I1102 19:08:34.601819 IO-0/EL  engine.cpp:277] Engine: Receive new handshake message from message connection
I1102 19:08:34.601824 IO-0/EL  worker_manager.cpp:60] WorkerManager: FuncWorker of func_id 1, client_id 76 connected
I1102 19:08:34.601837 IO-0/EL  message_connection.cpp:269] FuncWorkerConnection[1-76]: Handshake done
I1102 19:08:34.602175 Server/E engine.cpp:674] Engine: New message connection
I1102 19:08:34.602211 IO-0/EL  engine.cpp:277] Engine: Receive new handshake message from message connection
I1102 19:08:34.602215 IO-0/EL  worker_manager.cpp:60] WorkerManager: FuncWorker of func_id 1, client_id 77 connected
I1102 19:08:34.602228 IO-0/EL  message_connection.cpp:269] FuncWorkerConnection[1-77]: Handshake done
I1102 19:08:34.602622 Server/E engine.cpp:674] Engine: New message connection
I1102 19:08:34.602688 IO-0/EL  engine.cpp:277] Engine: Receive new handshake message from message connection
I1102 19:08:34.602692 IO-0/EL  worker_manager.cpp:60] WorkerManager: FuncWorker of func_id 1, client_id 78 connected
I1102 19:08:34.602705 IO-0/EL  message_connection.cpp:269] FuncWorkerConnection[1-78]: Handshake done
I1102 19:08:34.620735 Server/E engine.cpp:674] Engine: New message connection
I1102 19:08:34.620769 Server/E engine.cpp:674] Engine: New message connection
I1102 19:08:34.620776 IO-0/EL  engine.cpp:277] Engine: Receive new handshake message from message connection
I1102 19:08:34.620782 IO-0/EL  worker_manager.cpp:60] WorkerManager: FuncWorker of func_id 1, client_id 79 connected
I1102 19:08:34.620785 Server/E engine.cpp:674] Engine: New message connection
I1102 19:08:34.620796 IO-0/EL  message_connection.cpp:269] FuncWorkerConnection[1-79]: Handshake done
I1102 19:08:34.620799 Server/E engine.cpp:674] Engine: New message connection
I1102 19:08:34.620814 Server/E engine.cpp:674] Engine: New message connection
I1102 19:08:34.620817 IO-0/EL  engine.cpp:277] Engine: Receive new handshake message from message connection
I1102 19:08:34.620822 IO-0/EL  worker_manager.cpp:60] WorkerManager: FuncWorker of func_id 1, client_id 80 connected
I1102 19:08:34.620827 Server/E engine.cpp:674] Engine: New message connection
I1102 19:08:34.620836 IO-0/EL  message_connection.cpp:269] FuncWorkerConnection[1-80]: Handshake done
I1102 19:08:34.620843 Server/E engine.cpp:674] Engine: New message connection
I1102 19:08:34.620849 IO-0/EL  engine.cpp:277] Engine: Receive new handshake message from message connection
I1102 19:08:34.620854 IO-0/EL  worker_manager.cpp:60] WorkerManager: FuncWorker of func_id 1, client_id 81 connected
I1102 19:08:34.620857 Server/E engine.cpp:674] Engine: New message connection
I1102 19:08:34.620866 IO-0/EL  message_connection.cpp:269] FuncWorkerConnection[1-81]: Handshake done
I1102 19:08:34.620871 Server/E engine.cpp:674] Engine: New message connection
I1102 19:08:34.620882 IO-0/EL  engine.cpp:277] Engine: Receive new handshake message from message connection
I1102 19:08:34.620887 IO-0/EL  worker_manager.cpp:60] WorkerManager: FuncWorker of func_id 1, client_id 82 connected
I1102 19:08:34.620883 Server/E engine.cpp:674] Engine: New message connection
I1102 19:08:34.620904 IO-0/EL  message_connection.cpp:269] FuncWorkerConnection[1-82]: Handshake done
I1102 19:08:34.620915 Server/E engine.cpp:674] Engine: New message connection
I1102 19:08:34.620917 IO-0/EL  engine.cpp:277] Engine: Receive new handshake message from message connection
I1102 19:08:34.620923 IO-0/EL  worker_manager.cpp:60] WorkerManager: FuncWorker of func_id 1, client_id 83 connected
I1102 19:08:34.620930 Server/E engine.cpp:674] Engine: New message connection
I1102 19:08:34.620936 IO-0/EL  message_connection.cpp:269] FuncWorkerConnection[1-83]: Handshake done
I1102 19:08:34.620944 Server/E engine.cpp:674] Engine: New message connection
I1102 19:08:34.620953 IO-0/EL  engine.cpp:277] Engine: Receive new handshake message from message connection
I1102 19:08:34.620957 Server/E engine.cpp:674] Engine: New message connection
I1102 19:08:34.620957 IO-0/EL  worker_manager.cpp:60] WorkerManager: FuncWorker of func_id 1, client_id 84 connected
I1102 19:08:34.620970 Server/E engine.cpp:674] Engine: New message connection
I1102 19:08:34.620975 IO-0/EL  message_connection.cpp:269] FuncWorkerConnection[1-84]: Handshake done
I1102 19:08:34.620984 Server/E engine.cpp:674] Engine: New message connection
I1102 19:08:34.620988 IO-0/EL  engine.cpp:277] Engine: Receive new handshake message from message connection
I1102 19:08:34.620993 IO-0/EL  worker_manager.cpp:60] WorkerManager: FuncWorker of func_id 1, client_id 85 connected
I1102 19:08:34.620997 Server/E engine.cpp:674] Engine: New message connection
I1102 19:08:34.621007 IO-0/EL  message_connection.cpp:269] FuncWorkerConnection[1-85]: Handshake done
I1102 19:08:34.621010 Server/E engine.cpp:674] Engine: New message connection
I1102 19:08:34.621024 IO-0/EL  engine.cpp:277] Engine: Receive new handshake message from message connection
I1102 19:08:34.621037 IO-0/EL  worker_manager.cpp:60] WorkerManager: FuncWorker of func_id 1, client_id 86 connected
I1102 19:08:34.621025 Server/E engine.cpp:674] Engine: New message connection
I1102 19:08:34.621050 IO-0/EL  message_connection.cpp:269] FuncWorkerConnection[1-86]: Handshake done
I1102 19:08:34.621053 Server/E engine.cpp:674] Engine: New message connection
I1102 19:08:34.621064 IO-0/EL  engine.cpp:277] Engine: Receive new handshake message from message connection
I1102 19:08:34.621073 IO-0/EL  worker_manager.cpp:60] WorkerManager: FuncWorker of func_id 1, client_id 87 connected
I1102 19:08:34.621067 Server/E engine.cpp:674] Engine: New message connection
I1102 19:08:34.621090 IO-0/EL  message_connection.cpp:269] FuncWorkerConnection[1-87]: Handshake done
I1102 19:08:34.621096 Server/E engine.cpp:674] Engine: New message connection
I1102 19:08:34.621104 IO-0/EL  engine.cpp:277] Engine: Receive new handshake message from message connection
I1102 19:08:34.621108 IO-0/EL  worker_manager.cpp:60] WorkerManager: FuncWorker of func_id 1, client_id 88 connected
I1102 19:08:34.621109 Server/E engine.cpp:674] Engine: New message connection
I1102 19:08:34.621122 IO-0/EL  message_connection.cpp:269] FuncWorkerConnection[1-88]: Handshake done
I1102 19:08:34.621126 Server/E engine.cpp:674] Engine: New message connection
I1102 19:08:34.621141 IO-0/EL  engine.cpp:277] Engine: Receive new handshake message from message connection
I1102 19:08:34.621148 IO-0/EL  worker_manager.cpp:60] WorkerManager: FuncWorker of func_id 1, client_id 89 connected
I1102 19:08:34.621143 Server/E engine.cpp:674] Engine: New message connection
I1102 19:08:34.621163 IO-0/EL  message_connection.cpp:269] FuncWorkerConnection[1-89]: Handshake done
I1102 19:08:34.621168 Server/E engine.cpp:674] Engine: New message connection
I1102 19:08:34.621178 IO-0/EL  engine.cpp:277] Engine: Receive new handshake message from message connection
I1102 19:08:34.621182 IO-0/EL  worker_manager.cpp:60] WorkerManager: FuncWorker of func_id 1, client_id 90 connected
I1102 19:08:34.621183 Server/E engine.cpp:674] Engine: New message connection
I1102 19:08:34.621195 IO-0/EL  message_connection.cpp:269] FuncWorkerConnection[1-90]: Handshake done
I1102 19:08:34.621198 Server/E engine.cpp:674] Engine: New message connection
I1102 19:08:34.621211 Server/E engine.cpp:674] Engine: New message connection
I1102 19:08:34.621212 IO-0/EL  engine.cpp:277] Engine: Receive new handshake message from message connection
I1102 19:08:34.621218 IO-0/EL  worker_manager.cpp:60] WorkerManager: FuncWorker of func_id 1, client_id 91 connected
I1102 19:08:34.621225 Server/E engine.cpp:674] Engine: New message connection
I1102 19:08:34.621231 IO-0/EL  message_connection.cpp:269] FuncWorkerConnection[1-91]: Handshake done
I1102 19:08:34.621239 Server/E engine.cpp:674] Engine: New message connection
I1102 19:08:34.621245 IO-0/EL  engine.cpp:277] Engine: Receive new handshake message from message connection
I1102 19:08:34.621249 IO-0/EL  worker_manager.cpp:60] WorkerManager: FuncWorker of func_id 1, client_id 92 connected
I1102 19:08:34.621256 Server/E engine.cpp:674] Engine: New message connection
I1102 19:08:34.621262 IO-0/EL  message_connection.cpp:269] FuncWorkerConnection[1-92]: Handshake done
I1102 19:08:34.621269 Server/E engine.cpp:674] Engine: New message connection
I1102 19:08:34.621281 IO-0/EL  engine.cpp:277] Engine: Receive new handshake message from message connection
I1102 19:08:34.621285 Server/E engine.cpp:674] Engine: New message connection
I1102 19:08:34.621286 IO-0/EL  worker_manager.cpp:60] WorkerManager: FuncWorker of func_id 1, client_id 93 connected
I1102 19:08:34.621311 Server/E engine.cpp:674] Engine: New message connection
I1102 19:08:34.621322 IO-0/EL  message_connection.cpp:269] FuncWorkerConnection[1-93]: Handshake done
I1102 19:08:34.621328 Server/E engine.cpp:674] Engine: New message connection
I1102 19:08:34.621338 IO-0/EL  engine.cpp:277] Engine: Receive new handshake message from message connection
I1102 19:08:34.621343 IO-0/EL  worker_manager.cpp:60] WorkerManager: FuncWorker of func_id 1, client_id 94 connected
I1102 19:08:34.621342 Server/E engine.cpp:674] Engine: New message connection
I1102 19:08:34.621364 IO-0/EL  message_connection.cpp:269] FuncWorkerConnection[1-94]: Handshake done
I1102 19:08:34.621376 Server/E engine.cpp:674] Engine: New message connection
I1102 19:08:34.621385 IO-0/EL  engine.cpp:277] Engine: Receive new handshake message from message connection
I1102 19:08:34.621390 IO-0/EL  worker_manager.cpp:60] WorkerManager: FuncWorker of func_id 1, client_id 95 connected
I1102 19:08:34.621398 Server/E engine.cpp:674] Engine: New message connection
I1102 19:08:34.621404 IO-0/EL  message_connection.cpp:269] FuncWorkerConnection[1-95]: Handshake done
I1102 19:08:34.621419 IO-0/EL  engine.cpp:277] Engine: Receive new handshake message from message connection
I1102 19:08:34.621419 Server/E engine.cpp:674] Engine: New message connection
I1102 19:08:34.621423 IO-0/EL  worker_manager.cpp:60] WorkerManager: FuncWorker of func_id 1, client_id 96 connected
I1102 19:08:34.621446 IO-0/EL  message_connection.cpp:269] FuncWorkerConnection[1-96]: Handshake done
I1102 19:08:34.621466 IO-0/EL  engine.cpp:277] Engine: Receive new handshake message from message connection
I1102 19:08:34.621470 IO-0/EL  worker_manager.cpp:60] WorkerManager: FuncWorker of func_id 1, client_id 97 connected
I1102 19:08:34.621484 IO-0/EL  message_connection.cpp:269] FuncWorkerConnection[1-97]: Handshake done
I1102 19:08:34.621497 IO-0/EL  engine.cpp:277] Engine: Receive new handshake message from message connection
I1102 19:08:34.621501 IO-0/EL  worker_manager.cpp:60] WorkerManager: FuncWorker of func_id 1, client_id 98 connected
I1102 19:08:34.621513 IO-0/EL  message_connection.cpp:269] FuncWorkerConnection[1-98]: Handshake done
I1102 19:08:34.621530 IO-0/EL  engine.cpp:277] Engine: Receive new handshake message from message connection
I1102 19:08:34.621532 Server/E engine.cpp:674] Engine: New message connection
I1102 19:08:34.621534 IO-0/EL  worker_manager.cpp:60] WorkerManager: FuncWorker of func_id 1, client_id 99 connected
I1102 19:08:34.621561 IO-0/EL  message_connection.cpp:269] FuncWorkerConnection[1-99]: Handshake done
I1102 19:08:34.621576 IO-0/EL  engine.cpp:277] Engine: Receive new handshake message from message connection
I1102 19:08:34.621580 IO-0/EL  worker_manager.cpp:60] WorkerManager: FuncWorker of func_id 1, client_id 100 connected
I1102 19:08:34.621595 IO-0/EL  message_connection.cpp:269] FuncWorkerConnection[1-100]: Handshake done
I1102 19:08:34.621617 IO-0/EL  engine.cpp:277] Engine: Receive new handshake message from message connection
I1102 19:08:34.621621 IO-0/EL  worker_manager.cpp:60] WorkerManager: FuncWorker of func_id 1, client_id 101 connected
I1102 19:08:34.621634 IO-0/EL  message_connection.cpp:269] FuncWorkerConnection[1-101]: Handshake done
I1102 19:08:34.621647 IO-0/EL  engine.cpp:277] Engine: Receive new handshake message from message connection
I1102 19:08:34.621651 IO-0/EL  worker_manager.cpp:60] WorkerManager: FuncWorker of func_id 1, client_id 102 connected
I1102 19:08:34.621667 IO-0/EL  message_connection.cpp:269] FuncWorkerConnection[1-102]: Handshake done
I1102 19:08:34.621680 IO-0/EL  engine.cpp:277] Engine: Receive new handshake message from message connection
I1102 19:08:34.621684 IO-0/EL  worker_manager.cpp:60] WorkerManager: FuncWorker of func_id 1, client_id 103 connected
I1102 19:08:34.621696 IO-0/EL  message_connection.cpp:269] FuncWorkerConnection[1-103]: Handshake done
I1102 19:08:34.621720 IO-0/EL  engine.cpp:277] Engine: Receive new handshake message from message connection
I1102 19:08:34.621728 IO-0/EL  worker_manager.cpp:60] WorkerManager: FuncWorker of func_id 1, client_id 104 connected
I1102 19:08:34.621744 IO-0/EL  message_connection.cpp:269] FuncWorkerConnection[1-104]: Handshake done
I1102 19:08:34.621759 IO-0/EL  engine.cpp:277] Engine: Receive new handshake message from message connection
I1102 19:08:34.621763 IO-0/EL  worker_manager.cpp:60] WorkerManager: FuncWorker of func_id 1, client_id 105 connected
I1102 19:08:34.621783 IO-0/EL  message_connection.cpp:269] FuncWorkerConnection[1-105]: Handshake done
I1102 19:08:34.621801 IO-0/EL  engine.cpp:277] Engine: Receive new handshake message from message connection
I1102 19:08:34.621805 IO-0/EL  worker_manager.cpp:60] WorkerManager: FuncWorker of func_id 1, client_id 106 connected
I1102 19:08:34.621818 IO-0/EL  message_connection.cpp:269] FuncWorkerConnection[1-106]: Handshake done
I1102 19:08:34.621831 IO-0/EL  engine.cpp:277] Engine: Receive new handshake message from message connection
I1102 19:08:34.621834 IO-0/EL  worker_manager.cpp:60] WorkerManager: FuncWorker of func_id 1, client_id 107 connected
I1102 19:08:34.621847 IO-0/EL  message_connection.cpp:269] FuncWorkerConnection[1-107]: Handshake done
I1102 19:08:34.621865 IO-0/EL  engine.cpp:277] Engine: Receive new handshake message from message connection
I1102 19:08:34.621869 IO-0/EL  worker_manager.cpp:60] WorkerManager: FuncWorker of func_id 1, client_id 108 connected
I1102 19:08:34.621884 IO-0/EL  message_connection.cpp:269] FuncWorkerConnection[1-108]: Handshake done
I1102 19:08:34.621897 IO-0/EL  engine.cpp:277] Engine: Receive new handshake message from message connection
I1102 19:08:34.621903 IO-0/EL  worker_manager.cpp:60] WorkerManager: FuncWorker of func_id 1, client_id 109 connected
I1102 19:08:34.621926 IO-0/EL  message_connection.cpp:269] FuncWorkerConnection[1-109]: Handshake done
I1102 19:08:34.621952 IO-0/EL  engine.cpp:277] Engine: Receive new handshake message from message connection
I1102 19:08:34.621960 IO-0/EL  worker_manager.cpp:60] WorkerManager: FuncWorker of func_id 1, client_id 110 connected
I1102 19:08:34.621980 IO-0/EL  message_connection.cpp:269] FuncWorkerConnection[1-110]: Handshake done
I1102 19:08:34.622016 IO-0/EL  engine.cpp:277] Engine: Receive new handshake message from message connection
I1102 19:08:34.622025 IO-0/EL  worker_manager.cpp:60] WorkerManager: FuncWorker of func_id 1, client_id 111 connected
I1102 19:08:34.622047 IO-0/EL  message_connection.cpp:269] FuncWorkerConnection[1-111]: Handshake done
I1102 19:08:34.622077 IO-0/EL  engine.cpp:277] Engine: Receive new handshake message from message connection
I1102 19:08:34.622084 IO-0/EL  worker_manager.cpp:60] WorkerManager: FuncWorker of func_id 1, client_id 112 connected
I1102 19:08:34.622104 IO-0/EL  message_connection.cpp:269] FuncWorkerConnection[1-112]: Handshake done
I1102 19:08:34.622131 IO-0/EL  engine.cpp:277] Engine: Receive new handshake message from message connection
I1102 19:08:34.622137 IO-0/EL  worker_manager.cpp:60] WorkerManager: FuncWorker of func_id 1, client_id 113 connected
I1102 19:08:34.622170 IO-0/EL  message_connection.cpp:269] FuncWorkerConnection[1-113]: Handshake done
I1102 19:08:34.622190 IO-0/EL  engine.cpp:277] Engine: Receive new handshake message from message connection
I1102 19:08:34.622197 IO-0/EL  worker_manager.cpp:60] WorkerManager: FuncWorker of func_id 1, client_id 114 connected
I1102 19:08:34.622221 IO-0/EL  message_connection.cpp:269] FuncWorkerConnection[1-114]: Handshake done
I1102 19:08:34.622243 IO-0/EL  engine.cpp:277] Engine: Receive new handshake message from message connection
I1102 19:08:34.622250 IO-0/EL  worker_manager.cpp:60] WorkerManager: FuncWorker of func_id 1, client_id 115 connected
I1102 19:08:34.622268 IO-0/EL  message_connection.cpp:269] FuncWorkerConnection[1-115]: Handshake done
I1102 19:08:34.622292 IO-0/EL  engine.cpp:277] Engine: Receive new handshake message from message connection
I1102 19:08:34.622299 IO-0/EL  worker_manager.cpp:60] WorkerManager: FuncWorker of func_id 1, client_id 116 connected
I1102 19:08:34.622323 IO-0/EL  message_connection.cpp:269] FuncWorkerConnection[1-116]: Handshake done
I1102 19:08:34.622352 IO-0/EL  engine.cpp:277] Engine: Receive new handshake message from message connection
I1102 19:08:34.622359 IO-0/EL  worker_manager.cpp:60] WorkerManager: FuncWorker of func_id 1, client_id 117 connected
I1102 19:08:34.622377 IO-0/EL  message_connection.cpp:269] FuncWorkerConnection[1-117]: Handshake done
I1102 19:08:34.622401 IO-0/EL  engine.cpp:277] Engine: Receive new handshake message from message connection
I1102 19:08:34.622434 IO-0/EL  worker_manager.cpp:60] WorkerManager: FuncWorker of func_id 1, client_id 118 connected
I1102 19:08:34.622454 IO-0/EL  message_connection.cpp:269] FuncWorkerConnection[1-118]: Handshake done
I1102 19:08:34.622481 IO-0/EL  engine.cpp:277] Engine: Receive new handshake message from message connection
I1102 19:08:34.622488 IO-0/EL  worker_manager.cpp:60] WorkerManager: FuncWorker of func_id 1, client_id 119 connected
I1102 19:08:34.622508 IO-0/EL  message_connection.cpp:269] FuncWorkerConnection[1-119]: Handshake done
I1102 19:08:34.640774 Server/E engine.cpp:674] Engine: New message connection
I1102 19:08:34.640850 IO-0/EL  engine.cpp:277] Engine: Receive new handshake message from message connection
I1102 19:08:34.640869 IO-0/EL  worker_manager.cpp:60] WorkerManager: FuncWorker of func_id 1, client_id 120 connected
I1102 19:08:34.640897 IO-0/EL  message_connection.cpp:269] FuncWorkerConnection[1-120]: Handshake done
I1102 19:08:34.641164 Server/E engine.cpp:674] Engine: New message connection
I1102 19:08:34.641220 IO-0/EL  engine.cpp:277] Engine: Receive new handshake message from message connection
I1102 19:08:34.641225 IO-0/EL  worker_manager.cpp:60] WorkerManager: FuncWorker of func_id 1, client_id 121 connected
I1102 19:08:34.641240 IO-0/EL  message_connection.cpp:269] FuncWorkerConnection[1-121]: Handshake done
I1102 19:08:34.641557 Server/E engine.cpp:674] Engine: New message connection
I1102 19:08:34.641602 IO-0/EL  engine.cpp:277] Engine: Receive new handshake message from message connection
I1102 19:08:34.641607 IO-0/EL  worker_manager.cpp:60] WorkerManager: FuncWorker of func_id 1, client_id 122 connected
I1102 19:08:34.641634 IO-0/EL  message_connection.cpp:269] FuncWorkerConnection[1-122]: Handshake done
I1102 19:08:34.641986 Server/E engine.cpp:674] Engine: New message connection
I1102 19:08:34.642027 IO-0/EL  engine.cpp:277] Engine: Receive new handshake message from message connection
I1102 19:08:34.642037 IO-0/EL  worker_manager.cpp:60] WorkerManager: FuncWorker of func_id 1, client_id 123 connected
I1102 19:08:34.642056 IO-0/EL  message_connection.cpp:269] FuncWorkerConnection[1-123]: Handshake done
I1102 19:08:34.642428 Server/E engine.cpp:674] Engine: New message connection
I1102 19:08:34.642468 IO-0/EL  engine.cpp:277] Engine: Receive new handshake message from message connection
I1102 19:08:34.642473 IO-0/EL  worker_manager.cpp:60] WorkerManager: FuncWorker of func_id 1, client_id 124 connected
I1102 19:08:34.642493 IO-0/EL  message_connection.cpp:269] FuncWorkerConnection[1-124]: Handshake done
I1102 19:08:34.643061 Server/E engine.cpp:674] Engine: New message connection
I1102 19:08:34.643096 IO-0/EL  engine.cpp:277] Engine: Receive new handshake message from message connection
I1102 19:08:34.643101 IO-0/EL  worker_manager.cpp:60] WorkerManager: FuncWorker of func_id 1, client_id 125 connected
I1102 19:08:34.643114 IO-0/EL  message_connection.cpp:269] FuncWorkerConnection[1-125]: Handshake done
I1102 19:08:34.643385 Server/E engine.cpp:674] Engine: New message connection
I1102 19:08:34.643424 IO-0/EL  engine.cpp:277] Engine: Receive new handshake message from message connection
I1102 19:08:34.643428 IO-0/EL  worker_manager.cpp:60] WorkerManager: FuncWorker of func_id 1, client_id 126 connected
I1102 19:08:34.643442 IO-0/EL  message_connection.cpp:269] FuncWorkerConnection[1-126]: Handshake done
I1102 19:08:34.643885 Server/E engine.cpp:674] Engine: New message connection
I1102 19:08:34.643924 IO-0/EL  engine.cpp:277] Engine: Receive new handshake message from message connection
I1102 19:08:34.643934 IO-0/EL  worker_manager.cpp:60] WorkerManager: FuncWorker of func_id 1, client_id 127 connected
I1102 19:08:34.643955 IO-0/EL  message_connection.cpp:269] FuncWorkerConnection[1-127]: Handshake done
I1102 19:08:34.644374 Server/E engine.cpp:674] Engine: New message connection
I1102 19:08:34.644404 IO-0/EL  engine.cpp:277] Engine: Receive new handshake message from message connection
I1102 19:08:34.644408 IO-0/EL  worker_manager.cpp:60] WorkerManager: FuncWorker of func_id 1, client_id 128 connected
I1102 19:08:34.644438 IO-0/EL  message_connection.cpp:269] FuncWorkerConnection[1-128]: Handshake done
I1102 19:08:37.482061 IO-0/EL  buffer_pool.h:25] BufferPool[IO-0_Write]: Allocate new buffer, current buffer count is 3
I1102 19:08:38.481567 IO-0/EL  buffer_pool.h:25] BufferPool[IO-0_Write]: Allocate new buffer, current buffer count is 4
I1102 19:08:40.733324 IO-0/EL  buffer_pool.h:25] BufferPool[IO-0_Write]: Allocate new buffer, current buffer count is 5
I1102 19:08:40.733348 IO-0/EL  buffer_pool.h:25] BufferPool[IO-0_Write]: Allocate new buffer, current buffer count is 6
I1102 19:08:40.733356 IO-0/EL  buffer_pool.h:25] BufferPool[IO-0_Write]: Allocate new buffer, current buffer count is 7
I1102 19:08:42.470701 Main     server_base.cpp:35] Server: Scheduled to stop
I1102 19:08:42.470833 Server/E server_base.cpp:109] Server: Start stopping process
I1102 19:08:42.470904 IO-0/EL  io_worker.cpp:206] IO-0: Start stopping process
I1102 19:08:42.470969 Server/E server_base.cpp:55] Server: Event loop finishes
