I1102 18:54:41.878489 Main     thread.cpp:100] Register main thread: tid=1390528
E1102 18:54:41.878622 Main     docker.cpp:59] Cannot find docker's cgroup in /proc/self/cgroup
I1102 18:54:41.881853 Launcher thread.cpp:40] Start thread: Launcher/EL
I1102 18:54:41.881906 Launcher thread.cpp:64] Does not find cpuset setting for IO threads (can be set by FAAS_IO_THREAD_CPUSET)
I1102 18:54:41.881912 Launcher thread.cpp:82] Does not find nice setting for IO threads (can be set by FAAS_IO_THREAD_NICE)
I1102 18:54:41.881916 Launcher launcher.cpp:96] Launcher: Event loop starts
I1102 18:54:41.881936 Launcher engine_connection.cpp:93] EngineConnection: Connected to engine, start writing handshake message
I1102 18:54:41.882184 Launcher buffer_pool.h:25] BufferPool[Launcher]: Allocate new buffer, current buffer count is 1
I1102 18:54:41.882211 Launcher func_config.cpp:135] Load configuration for function Echo[1]
I1102 18:54:41.882221 Launcher engine_connection.cpp:65] EngineConnection: Handshake done
W1102 18:54:41.894836 Launcher engine_connection.cpp:166] EngineConnection: nread=0, will do nothing
I1102 18:54:49.464245 Main     launcher.cpp:44] Launcher: Scheduled to stop
E1102 18:54:49.464510 Launcher launcher.cpp:72] Launcher: Connection to engine disconnected
I1102 18:54:49.464529 Launcher launcher.cpp:44] Launcher: Scheduled to stop
W1102 18:54:49.492150 Launcher launcher.cpp:87] Launcher: Function process 10 terminated
W1102 18:54:49.508309 Launcher launcher.cpp:87] Launcher: Function process 15 terminated
W1102 18:54:49.508354 Launcher launcher.cpp:87] Launcher: Function process 7 terminated
W1102 18:54:49.508367 Launcher launcher.cpp:87] Launcher: Function process 4 terminated
W1102 18:54:49.508917 Launcher launcher.cpp:87] Launcher: Function process 8 terminated
W1102 18:54:49.508929 Launcher launcher.cpp:87] Launcher: Function process 2 terminated
W1102 18:54:49.508935 Launcher launcher.cpp:87] Launcher: Function process 14 terminated
W1102 18:54:49.508941 Launcher launcher.cpp:87] Launcher: Function process 13 terminated
W1102 18:54:49.508947 Launcher launcher.cpp:87] Launcher: Function process 12 terminated
W1102 18:54:49.508953 Launcher launcher.cpp:87] Launcher: Function process 11 terminated
W1102 18:54:49.508959 Launcher launcher.cpp:87] Launcher: Function process 9 terminated
W1102 18:54:49.508965 Launcher launcher.cpp:87] Launcher: Function process 6 terminated
W1102 18:54:49.508971 Launcher launcher.cpp:87] Launcher: Function process 5 terminated
W1102 18:54:49.508977 Launcher launcher.cpp:87] Launcher: Function process 3 terminated
W1102 18:54:49.508983 Launcher launcher.cpp:87] Launcher: Function process 1 terminated
W1102 18:54:49.508988 Launcher launcher.cpp:87] Launcher: Function process 0 terminated
I1102 18:54:49.508994 Launcher launcher.cpp:101] Launcher: Event loop finishes
I1102 18:54:49.509053 Main     launcher.cpp:68] Launcher: Stopped
