$ /users/vj2267/nightcore/benchmarks/run_bench.sh --duration 5 --workers 64 --remote vj2267@sm110p-10s10615.wisc.cloudlab.us --remote_addr 10.10.1.2 --machnet --local_machnet_ip 10.10.1.1 --mode noop --target_rps 70000

=== Nightcore Stress Test (noop mode) ===
Mode: noop
Function: Noop
Workers: 64
Duration: 5 seconds
Target RPS (global): 70000
Input size: 64 bytes
Inflight limit per connection: 1
Engine IO workers: 1
Gateway conns per worker: 1
Warmup: 0 seconds
Stress Client: Remote (vj2267@sm110p-10s10615.wisc.cloudlab.us)
Engine Connection Address: 10.10.1.2 (explicit)
Transport: Machnet
  Remote Machnet IP: 10.10.1.2
  Local Machnet IP: 10.10.1.1

Cleaning up any existing stress_client on remote...
Starting stress_client on remote host vj2267@sm110p-10s10615.wisc.cloudlab.us...
  Remote SSH process PID: 1374090
  Output will be saved to: /users/vj2267/nightcore/benchmarks/outputs/stress_client_remote.txt
Waiting for remote stress_client to start...
I1102 18:18:54.870360 Main     thread.cpp:100] Register main thread: tid=1133852
I1102 18:18:54.870433 Main     stress_client.cpp:179] Using Machnet transport on 10.10.1.2:10007
I1102 18:18:54.870438 Main     stress_client_machnet.cpp:37] Starting Machnet event-loop thread...
[Loop Thread 139108835915456] Machnet event-loop thread started
I1102 18:18:54.873659 Server/E thread.cpp:40] Start thread: Server/EL
I1102 18:18:54.873693 Server/E server_base.cpp:50] Server: Event loop starts
I1102 18:18:55.373771 Main     stress_client.cpp:43] === Nightcore Stress Test ===
I1102 18:18:55.373808 Main     stress_client.cpp:44] Function ID: 1
I1102 18:18:55.373816 Main     stress_client.cpp:45] Method ID: 0
I1102 18:18:55.373821 Main     stress_client.cpp:46] Input size: 64 bytes
I1102 18:18:55.373826 Main     stress_client.cpp:47] Global target RPS: 70000
I1102 18:18:55.373831 Main     stress_client.cpp:50] Inflight limit per connection: 1
I1102 18:18:55.373835 Main     stress_client.cpp:51] Warmup: 0s, Duration: 5s
I1102 18:18:55.373840 Main     stress_client.cpp:53] 
I1102 18:18:55.373845 Main     stress_client.cpp:54] ========================================
I1102 18:18:55.373849 Main     stress_client.cpp:57] Waiting for Engine to connect...
Checking for file descriptor...
Got a file descriptor!
Listening on Machnet 10.10.1.2:10007 for Engine connections[Loop Thread 139108835915456] Machnet listener created
Starting Engine (connecting to 10.10.1.2:10007)...
  Engine PID: 1374099
New Machnet connection created: 168427777:1024 -> 168427778:10007
[Receive Thread 139108835915456] Handshake: pinned send flow 168427778:10007 -> 168427777:1024
[Loop Thread 139108835915456] Now sending on flow 168427778:10007 -> 168427777:1024
I1102 18:18:59.377449 Main     stress_client.cpp:71] Engine connected with 1 connection(s)
I1102 18:18:59.377483 Main     stress_client.cpp:73] Global target RPS: 70000
I1102 18:18:59.377489 Main     stress_client.cpp:76] 
I1102 18:18:59.377494 Main     stress_client.cpp:79] Waiting 3 seconds for workers to initialize...
Starting Launcher with 64 workers...
All components started. Stress test will begin after warmup...

I1102 18:19:03.380602 Main     stress_common.cpp:30] [T+1s] Sent: 71434 | Completed: 71432 | Failed: 0 | Latencies: 71432
I1102 18:19:04.381680 Main     stress_common.cpp:30] [T+2s] Sent: 142881 | Completed: 142879 | Failed: 0 | Latencies: 142879
I1102 18:19:05.382678 Main     stress_common.cpp:30] [T+3s] Sent: 214313 | Completed: 214311 | Failed: 0 | Latencies: 214311
I1102 18:19:06.383223 Main     stress_common.cpp:30] [T+4s] Sent: 285745 | Completed: 285743 | Failed: 0 | Latencies: 285743
I1102 18:19:07.384006 Main     stress_common.cpp:30] [T+5s] Sent: 356764 | Completed: 356764 | Failed: 0 | Latencies: 350000
I1102 18:19:07.384040 Main     stress_client.cpp:116] 
I1102 18:19:07.384579 Main     stress_common.cpp:42] ========================================
I1102 18:19:07.384588 Main     stress_common.cpp:43] === Stress Test Results ===
I1102 18:19:07.384593 Main     stress_common.cpp:44] ========================================
I1102 18:19:07.384597 Main     stress_common.cpp:45] Transport:         Machnet
I1102 18:19:07.384603 Main     stress_common.cpp:46] Connections:       1
I1102 18:19:07.384608 Main     stress_common.cpp:47] Duration:          5.00 seconds
I1102 18:19:07.384623 Main     stress_common.cpp:48] Total Sent:        356764
I1102 18:19:07.384627 Main     stress_common.cpp:49] Total Completed:   356764 (100.00%)
I1102 18:19:07.384633 Main     stress_common.cpp:52] Total Failed:      0 (0.00%)
I1102 18:19:07.384640 Main     stress_common.cpp:55] 
I1102 18:19:07.384645 Main     stress_common.cpp:56] Throughput:        71291.2 rps
I1102 18:19:07.384651 Main     stress_common.cpp:57] 
I1102 18:19:07.413278 Main     stress_common.cpp:71] Latency (us):
I1102 18:19:07.413294 Main     stress_common.cpp:72]   Min:    16
I1102 18:19:07.413302 Main     stress_common.cpp:73]   p50:    28
I1102 18:19:07.413306 Main     stress_common.cpp:74]   p90:    30
I1102 18:19:07.413311 Main     stress_common.cpp:75]   p99:    36
I1102 18:19:07.413315 Main     stress_common.cpp:76]   p99.9:  116
I1102 18:19:07.413320 Main     stress_common.cpp:77]   Max:    1570
I1102 18:19:07.413325 Main     stress_common.cpp:82] ========================================
I1102 18:19:07.413330 Main     server_base.cpp:35] Server: Scheduled to stop
I1102 18:19:07.413453 Server/E server_base.cpp:109] Server: Start stopping process
[Loop Thread 139108835915456] Machnet event-loop thread finished
I1102 18:19:07.413582 Server/E server_base.cpp:55] Server: Event loop finishes
I1102 18:19:07.413704 Main     server_base.cpp:46] Server: Stopped

Stress test completed. Shutting down...

Copying results from remote host...
Remote stress_client output:
I1102 18:18:54.870360 Main     thread.cpp:100] Register main thread: tid=1133852
I1102 18:18:54.870433 Main     stress_client.cpp:179] Using Machnet transport on 10.10.1.2:10007
I1102 18:18:54.870438 Main     stress_client_machnet.cpp:37] Starting Machnet event-loop thread...
[Loop Thread 139108835915456] Machnet event-loop thread started
I1102 18:18:54.873659 Server/E thread.cpp:40] Start thread: Server/EL
I1102 18:18:54.873693 Server/E server_base.cpp:50] Server: Event loop starts
I1102 18:18:55.373771 Main     stress_client.cpp:43] === Nightcore Stress Test ===
I1102 18:18:55.373808 Main     stress_client.cpp:44] Function ID: 1
I1102 18:18:55.373816 Main     stress_client.cpp:45] Method ID: 0
I1102 18:18:55.373821 Main     stress_client.cpp:46] Input size: 64 bytes
I1102 18:18:55.373826 Main     stress_client.cpp:47] Global target RPS: 70000
I1102 18:18:55.373831 Main     stress_client.cpp:50] Inflight limit per connection: 1
I1102 18:18:55.373835 Main     stress_client.cpp:51] Warmup: 0s, Duration: 5s
I1102 18:18:55.373840 Main     stress_client.cpp:53] 
I1102 18:18:55.373845 Main     stress_client.cpp:54] ========================================
I1102 18:18:55.373849 Main     stress_client.cpp:57] Waiting for Engine to connect...
Checking for file descriptor...
Got a file descriptor!
Listening on Machnet 10.10.1.2:10007 for Engine connections[Loop Thread 139108835915456] Machnet listener created
New Machnet connection created: 168427777:1024 -> 168427778:10007
[Receive Thread 139108835915456] Handshake: pinned send flow 168427778:10007 -> 168427777:1024
[Loop Thread 139108835915456] Now sending on flow 168427778:10007 -> 168427777:1024
I1102 18:18:59.377449 Main     stress_client.cpp:71] Engine connected with 1 connection(s)
I1102 18:18:59.377483 Main     stress_client.cpp:73] Global target RPS: 70000
I1102 18:18:59.377489 Main     stress_client.cpp:76] 
I1102 18:18:59.377494 Main     stress_client.cpp:79] Waiting 3 seconds for workers to initialize...
I1102 18:19:03.380602 Main     stress_common.cpp:30] [T+1s] Sent: 71434 | Completed: 71432 | Failed: 0 | Latencies: 71432
I1102 18:19:04.381680 Main     stress_common.cpp:30] [T+2s] Sent: 142881 | Completed: 142879 | Failed: 0 | Latencies: 142879
I1102 18:19:05.382678 Main     stress_common.cpp:30] [T+3s] Sent: 214313 | Completed: 214311 | Failed: 0 | Latencies: 214311
I1102 18:19:06.383223 Main     stress_common.cpp:30] [T+4s] Sent: 285745 | Completed: 285743 | Failed: 0 | Latencies: 285743
I1102 18:19:07.384006 Main     stress_common.cpp:30] [T+5s] Sent: 356764 | Completed: 356764 | Failed: 0 | Latencies: 350000
I1102 18:19:07.384040 Main     stress_client.cpp:116] 
I1102 18:19:07.384579 Main     stress_common.cpp:42] ========================================
I1102 18:19:07.384588 Main     stress_common.cpp:43] === Stress Test Results ===
I1102 18:19:07.384593 Main     stress_common.cpp:44] ========================================
I1102 18:19:07.384597 Main     stress_common.cpp:45] Transport:         Machnet
I1102 18:19:07.384603 Main     stress_common.cpp:46] Connections:       1
I1102 18:19:07.384608 Main     stress_common.cpp:47] Duration:          5.00 seconds
I1102 18:19:07.384623 Main     stress_common.cpp:48] Total Sent:        356764
I1102 18:19:07.384627 Main     stress_common.cpp:49] Total Completed:   356764 (100.00%)
I1102 18:19:07.384633 Main     stress_common.cpp:52] Total Failed:      0 (0.00%)
I1102 18:19:07.384640 Main     stress_common.cpp:55] 
I1102 18:19:07.384645 Main     stress_common.cpp:56] Throughput:        71291.2 rps
I1102 18:19:07.384651 Main     stress_common.cpp:57] 
I1102 18:19:07.413278 Main     stress_common.cpp:71] Latency (us):
I1102 18:19:07.413294 Main     stress_common.cpp:72]   Min:    16
I1102 18:19:07.413302 Main     stress_common.cpp:73]   p50:    28
I1102 18:19:07.413306 Main     stress_common.cpp:74]   p90:    30
I1102 18:19:07.413311 Main     stress_common.cpp:75]   p99:    36
I1102 18:19:07.413315 Main     stress_common.cpp:76]   p99.9:  116
I1102 18:19:07.413320 Main     stress_common.cpp:77]   Max:    1570
I1102 18:19:07.413325 Main     stress_common.cpp:82] ========================================
I1102 18:19:07.413330 Main     server_base.cpp:35] Server: Scheduled to stop
I1102 18:19:07.413453 Server/E server_base.cpp:109] Server: Start stopping process
[Loop Thread 139108835915456] Machnet event-loop thread finished
I1102 18:19:07.413582 Server/E server_base.cpp:55] Server: Event loop finishes
I1102 18:19:07.413704 Main     server_base.cpp:46] Server: Stopped

Cleaning up any remaining remote stress_client processes...

Logs saved to:
  Engine:   /users/vj2267/nightcore/benchmarks/outputs/engine.log
  Launcher: /users/vj2267/nightcore/benchmarks/outputs/launcher.log
  Workers:  /users/vj2267/nightcore/benchmarks/outputs/Noop_worker_*.stdout
