I1102 18:18:59.552751 Main     thread.cpp:100] Register main thread: tid=1374109
E1102 18:18:59.552892 Main     docker.cpp:59] Cannot find docker's cgroup in /proc/self/cgroup
I1102 18:18:59.556120 Launcher thread.cpp:40] Start thread: Launcher/EL
I1102 18:18:59.556168 Launcher thread.cpp:64] Does not find cpuset setting for IO threads (can be set by FAAS_IO_THREAD_CPUSET)
I1102 18:18:59.556174 Launcher thread.cpp:82] Does not find nice setting for IO threads (can be set by FAAS_IO_THREAD_NICE)
I1102 18:18:59.556178 Launcher launcher.cpp:96] Launcher: Event loop starts
I1102 18:18:59.556197 Launcher engine_connection.cpp:93] EngineConnection: Connected to engine, start writing handshake message
I1102 18:18:59.557013 Launcher buffer_pool.h:25] BufferPool[Launcher]: Allocate new buffer, current buffer count is 1
I1102 18:18:59.557047 Launcher func_config.cpp:135] Load configuration for function Noop[1]
I1102 18:18:59.557058 Launcher engine_connection.cpp:65] EngineConnection: Handshake done
W1102 18:18:59.593577 Launcher engine_connection.cpp:166] EngineConnection: nread=0, will do nothing
I1102 18:19:07.419502 Main     launcher.cpp:44] Launcher: Scheduled to stop
E1102 18:19:07.420019 Launcher launcher.cpp:72] Launcher: Connection to engine disconnected
I1102 18:19:07.420073 Launcher launcher.cpp:44] Launcher: Scheduled to stop
W1102 18:19:07.420785 Launcher launcher.cpp:87] Launcher: Function process 63 terminated
W1102 18:19:07.420835 Launcher launcher.cpp:87] Launcher: Function process 4 terminated
W1102 18:19:07.420844 Launcher launcher.cpp:87] Launcher: Function process 8 terminated
W1102 18:19:07.420860 Launcher launcher.cpp:87] Launcher: Function process 20 terminated
W1102 18:19:07.420868 Launcher launcher.cpp:87] Launcher: Function process 19 terminated
W1102 18:19:07.420876 Launcher launcher.cpp:87] Launcher: Function process 15 terminated
W1102 18:19:07.420886 Launcher launcher.cpp:87] Launcher: Function process 11 terminated
W1102 18:19:07.420895 Launcher launcher.cpp:87] Launcher: Function process 6 terminated
W1102 18:19:07.420904 Launcher launcher.cpp:87] Launcher: Function process 2 terminated
W1102 18:19:07.423255 Launcher launcher.cpp:87] Launcher: Function process 35 terminated
W1102 18:19:07.423276 Launcher launcher.cpp:87] Launcher: Function process 27 terminated
W1102 18:19:07.423282 Launcher launcher.cpp:87] Launcher: Function process 21 terminated
W1102 18:19:07.423288 Launcher launcher.cpp:87] Launcher: Function process 16 terminated
W1102 18:19:07.423294 Launcher launcher.cpp:87] Launcher: Function process 0 terminated
W1102 18:19:07.423300 Launcher launcher.cpp:87] Launcher: Function process 62 terminated
W1102 18:19:07.423305 Launcher launcher.cpp:87] Launcher: Function process 61 terminated
W1102 18:19:07.423310 Launcher launcher.cpp:87] Launcher: Function process 60 terminated
W1102 18:19:07.423316 Launcher launcher.cpp:87] Launcher: Function process 59 terminated
W1102 18:19:07.423321 Launcher launcher.cpp:87] Launcher: Function process 58 terminated
W1102 18:19:07.423326 Launcher launcher.cpp:87] Launcher: Function process 57 terminated
W1102 18:19:07.423332 Launcher launcher.cpp:87] Launcher: Function process 56 terminated
W1102 18:19:07.423338 Launcher launcher.cpp:87] Launcher: Function process 55 terminated
W1102 18:19:07.423343 Launcher launcher.cpp:87] Launcher: Function process 54 terminated
W1102 18:19:07.423348 Launcher launcher.cpp:87] Launcher: Function process 53 terminated
W1102 18:19:07.423354 Launcher launcher.cpp:87] Launcher: Function process 52 terminated
W1102 18:19:07.423359 Launcher launcher.cpp:87] Launcher: Function process 51 terminated
W1102 18:19:07.423364 Launcher launcher.cpp:87] Launcher: Function process 50 terminated
W1102 18:19:07.423370 Launcher launcher.cpp:87] Launcher: Function process 49 terminated
W1102 18:19:07.423375 Launcher launcher.cpp:87] Launcher: Function process 48 terminated
W1102 18:19:07.423380 Launcher launcher.cpp:87] Launcher: Function process 47 terminated
W1102 18:19:07.423386 Launcher launcher.cpp:87] Launcher: Function process 46 terminated
W1102 18:19:07.423411 Launcher launcher.cpp:87] Launcher: Function process 45 terminated
W1102 18:19:07.423418 Launcher launcher.cpp:87] Launcher: Function process 44 terminated
W1102 18:19:07.423423 Launcher launcher.cpp:87] Launcher: Function process 43 terminated
W1102 18:19:07.423429 Launcher launcher.cpp:87] Launcher: Function process 42 terminated
W1102 18:19:07.423434 Launcher launcher.cpp:87] Launcher: Function process 41 terminated
W1102 18:19:07.423439 Launcher launcher.cpp:87] Launcher: Function process 40 terminated
W1102 18:19:07.423445 Launcher launcher.cpp:87] Launcher: Function process 39 terminated
W1102 18:19:07.423450 Launcher launcher.cpp:87] Launcher: Function process 38 terminated
W1102 18:19:07.423456 Launcher launcher.cpp:87] Launcher: Function process 37 terminated
W1102 18:19:07.423461 Launcher launcher.cpp:87] Launcher: Function process 36 terminated
W1102 18:19:07.423467 Launcher launcher.cpp:87] Launcher: Function process 34 terminated
W1102 18:19:07.423472 Launcher launcher.cpp:87] Launcher: Function process 33 terminated
W1102 18:19:07.423478 Launcher launcher.cpp:87] Launcher: Function process 32 terminated
W1102 18:19:07.423484 Launcher launcher.cpp:87] Launcher: Function process 31 terminated
W1102 18:19:07.423489 Launcher launcher.cpp:87] Launcher: Function process 30 terminated
W1102 18:19:07.423494 Launcher launcher.cpp:87] Launcher: Function process 29 terminated
W1102 18:19:07.423500 Launcher launcher.cpp:87] Launcher: Function process 28 terminated
W1102 18:19:07.423505 Launcher launcher.cpp:87] Launcher: Function process 26 terminated
W1102 18:19:07.423511 Launcher launcher.cpp:87] Launcher: Function process 25 terminated
W1102 18:19:07.423516 Launcher launcher.cpp:87] Launcher: Function process 24 terminated
W1102 18:19:07.423521 Launcher launcher.cpp:87] Launcher: Function process 23 terminated
W1102 18:19:07.423527 Launcher launcher.cpp:87] Launcher: Function process 22 terminated
W1102 18:19:07.423533 Launcher launcher.cpp:87] Launcher: Function process 18 terminated
W1102 18:19:07.423538 Launcher launcher.cpp:87] Launcher: Function process 17 terminated
W1102 18:19:07.423544 Launcher launcher.cpp:87] Launcher: Function process 14 terminated
W1102 18:19:07.423549 Launcher launcher.cpp:87] Launcher: Function process 13 terminated
W1102 18:19:07.423555 Launcher launcher.cpp:87] Launcher: Function process 12 terminated
W1102 18:19:07.423560 Launcher launcher.cpp:87] Launcher: Function process 10 terminated
W1102 18:19:07.423566 Launcher launcher.cpp:87] Launcher: Function process 9 terminated
W1102 18:19:07.423571 Launcher launcher.cpp:87] Launcher: Function process 7 terminated
W1102 18:19:07.423577 Launcher launcher.cpp:87] Launcher: Function process 5 terminated
W1102 18:19:07.423583 Launcher launcher.cpp:87] Launcher: Function process 3 terminated
W1102 18:19:07.423588 Launcher launcher.cpp:87] Launcher: Function process 1 terminated
I1102 18:19:07.423594 Launcher launcher.cpp:101] Launcher: Event loop finishes
I1102 18:19:07.423646 Main     launcher.cpp:68] Launcher: Stopped
