I1102 18:46:11.538594 Main     thread.cpp:100] Register main thread: tid=1388126
E1102 18:46:11.538735 Main     docker.cpp:59] Cannot find docker's cgroup in /proc/self/cgroup
I1102 18:46:11.541986 Launcher thread.cpp:40] Start thread: Launcher/EL
I1102 18:46:11.542033 Launcher thread.cpp:64] Does not find cpuset setting for IO threads (can be set by FAAS_IO_THREAD_CPUSET)
I1102 18:46:11.542039 Launcher thread.cpp:82] Does not find nice setting for IO threads (can be set by FAAS_IO_THREAD_NICE)
I1102 18:46:11.542042 Launcher launcher.cpp:96] Launcher: Event loop starts
I1102 18:46:11.542060 Launcher engine_connection.cpp:93] EngineConnection: Connected to engine, start writing handshake message
I1102 18:46:11.542185 Launcher buffer_pool.h:25] BufferPool[Launcher]: Allocate new buffer, current buffer count is 1
I1102 18:46:11.542217 Launcher func_config.cpp:135] Load configuration for function Echo[1]
I1102 18:46:11.542227 Launcher engine_connection.cpp:65] EngineConnection: Handshake done
W1102 18:46:11.546434 Launcher engine_connection.cpp:166] EngineConnection: nread=0, will do nothing
I1102 18:46:19.500240 Main     launcher.cpp:44] Launcher: Scheduled to stop
E1102 18:46:19.500470 Launcher launcher.cpp:72] Launcher: Connection to engine disconnected
I1102 18:46:19.500519 Launcher launcher.cpp:44] Launcher: Scheduled to stop
W1102 18:46:19.519922 Launcher launcher.cpp:87] Launcher: Function process 3 terminated
W1102 18:46:19.529945 Launcher launcher.cpp:87] Launcher: Function process 0 terminated
W1102 18:46:19.530020 Launcher launcher.cpp:87] Launcher: Function process 2 terminated
W1102 18:46:19.530292 Launcher launcher.cpp:87] Launcher: Function process 1 terminated
I1102 18:46:19.530302 Launcher launcher.cpp:101] Launcher: Event loop finishes
I1102 18:46:19.530360 Main     launcher.cpp:68] Launcher: Stopped
