$ /users/vj2267/nightcore/benchmarks/run_bench.sh --duration 5 --workers 8 --remote vj2267@sm110p-10s10615.wisc.cloudlab.us --remote_addr 10.10.1.2 --machnet --local_machnet_ip 10.10.1.1 --mode hyperlight --target_rps 200000

=== Nightcore Stress Test (hyperlight mode) ===
Mode: hyperlight
Function: Echo
Workers: 8
Duration: 5 seconds
Target RPS (global): 200000
Input size: 64 bytes
Inflight limit per connection: 1
Engine IO workers: 1
Gateway conns per worker: 1
Warmup: 0 seconds
Stress Client: Remote (vj2267@sm110p-10s10615.wisc.cloudlab.us)
Engine Connection Address: 10.10.1.2 (explicit)
Transport: Machnet
  Remote Machnet IP: 10.10.1.2
  Local Machnet IP: 10.10.1.1

Cleaning up any existing stress_client on remote...
Starting stress_client on remote host vj2267@sm110p-10s10615.wisc.cloudlab.us...
  Remote SSH process PID: 1389553
  Output will be saved to: /users/vj2267/nightcore/benchmarks/outputs/stress_client_remote.txt
Waiting for remote stress_client to start...
I1102 18:51:29.864549 Main     thread.cpp:100] Register main thread: tid=1157885
I1102 18:51:29.864618 Main     stress_client.cpp:179] Using Machnet transport on 10.10.1.2:10007
I1102 18:51:29.864623 Main     stress_client_machnet.cpp:37] Starting Machnet event-loop thread...
[Loop Thread 127618433152704] Machnet event-loop thread started
I1102 18:51:29.867856 Server/E thread.cpp:40] Start thread: Server/EL
I1102 18:51:29.867900 Server/E server_base.cpp:50] Server: Event loop starts
I1102 18:51:30.367967 Main     stress_client.cpp:43] === Nightcore Stress Test ===
I1102 18:51:30.368005 Main     stress_client.cpp:44] Function ID: 1
I1102 18:51:30.368013 Main     stress_client.cpp:45] Method ID: 0
I1102 18:51:30.368018 Main     stress_client.cpp:46] Input size: 64 bytes
I1102 18:51:30.368022 Main     stress_client.cpp:47] Global target RPS: 200000
I1102 18:51:30.368028 Main     stress_client.cpp:50] Inflight limit per connection: 1
I1102 18:51:30.368033 Main     stress_client.cpp:51] Warmup: 0s, Duration: 5s
I1102 18:51:30.368038 Main     stress_client.cpp:53] 
I1102 18:51:30.368042 Main     stress_client.cpp:54] ========================================
I1102 18:51:30.368046 Main     stress_client.cpp:57] Waiting for Engine to connect...
Checking for file descriptor...
Got a file descriptor!
Listening on Machnet 10.10.1.2:10007 for Engine connections[Loop Thread 127618433152704] Machnet listener created
Starting Engine (connecting to 10.10.1.2:10007)...
  Engine PID: 1389561
New Machnet connection created: 168427777:1024 -> 168427778:10007
[Receive Thread 127618433152704] Handshake: pinned send flow 168427778:10007 -> 168427777:1024
[Loop Thread 127618433152704] Now sending on flow 168427778:10007 -> 168427777:1024
I1102 18:51:34.371907 Main     stress_client.cpp:71] Engine connected with 1 connection(s)
I1102 18:51:34.371942 Main     stress_client.cpp:73] Global target RPS: 200000
I1102 18:51:34.371949 Main     stress_client.cpp:76] 
I1102 18:51:34.371954 Main     stress_client.cpp:79] Waiting 3 seconds for workers to initialize...
Starting Launcher with 8 workers...
All components started. Stress test will begin after warmup...

I1102 18:51:38.383001 Main     stress_common.cpp:30] [T+1s] Sent: 199995 | Completed: 199988 | Failed: 0 | Latencies: 199988
I1102 18:51:39.387649 Main     stress_common.cpp:30] [T+2s] Sent: 399955 | Completed: 399946 | Failed: 0 | Latencies: 399946
I1102 18:51:40.390614 Main     stress_common.cpp:30] [T+3s] Sent: 599936 | Completed: 599928 | Failed: 0 | Latencies: 599929
I1102 18:51:41.393862 Main     stress_common.cpp:30] [T+4s] Sent: 799942 | Completed: 799933 | Failed: 0 | Latencies: 799933
I1102 18:51:42.397337 Main     stress_common.cpp:30] [T+5s] Sent: 995569 | Completed: 995569 | Failed: 0 | Latencies: 995569
I1102 18:51:42.397375 Main     stress_client.cpp:116] 
I1102 18:51:42.398944 Main     stress_common.cpp:42] ========================================
I1102 18:51:42.398955 Main     stress_common.cpp:43] === Stress Test Results ===
I1102 18:51:42.398961 Main     stress_common.cpp:44] ========================================
I1102 18:51:42.398967 Main     stress_common.cpp:45] Transport:         Machnet
I1102 18:51:42.398974 Main     stress_common.cpp:46] Connections:       1
I1102 18:51:42.398980 Main     stress_common.cpp:47] Duration:          5.02 seconds
I1102 18:51:42.399008 Main     stress_common.cpp:48] Total Sent:        995569
I1102 18:51:42.399015 Main     stress_common.cpp:49] Total Completed:   995569 (100.00%)
I1102 18:51:42.399022 Main     stress_common.cpp:52] Total Failed:      0 (0.00%)
I1102 18:51:42.399030 Main     stress_common.cpp:55] 
I1102 18:51:42.399035 Main     stress_common.cpp:56] Throughput:        198450.0 rps
I1102 18:51:42.399043 Main     stress_common.cpp:57] 
I1102 18:51:42.482122 Main     stress_common.cpp:71] Latency (us):
I1102 18:51:42.482131 Main     stress_common.cpp:72]   Min:    27
I1102 18:51:42.482134 Main     stress_common.cpp:73]   p50:    39
I1102 18:51:42.482136 Main     stress_common.cpp:74]   p90:    55
I1102 18:51:42.482138 Main     stress_common.cpp:75]   p99:    75
I1102 18:51:42.482140 Main     stress_common.cpp:76]   p99.9:  2277
I1102 18:51:42.482142 Main     stress_common.cpp:77]   Max:    4366
I1102 18:51:42.482144 Main     stress_common.cpp:82] ========================================
I1102 18:51:42.483070 Main     server_base.cpp:35] Server: Scheduled to stop
I1102 18:51:42.483198 Server/E server_base.cpp:109] Server: Start stopping process
[Loop Thread 127618433152704] Machnet event-loop thread finished
I1102 18:51:42.483378 Server/E server_base.cpp:55] Server: Event loop finishes
I1102 18:51:42.483488 Main     server_base.cpp:46] Server: Stopped

Stress test completed. Shutting down...

Copying results from remote host...
Remote stress_client output:
I1102 18:51:29.864549 Main     thread.cpp:100] Register main thread: tid=1157885
I1102 18:51:29.864618 Main     stress_client.cpp:179] Using Machnet transport on 10.10.1.2:10007
I1102 18:51:29.864623 Main     stress_client_machnet.cpp:37] Starting Machnet event-loop thread...
[Loop Thread 127618433152704] Machnet event-loop thread started
I1102 18:51:29.867856 Server/E thread.cpp:40] Start thread: Server/EL
I1102 18:51:29.867900 Server/E server_base.cpp:50] Server: Event loop starts
I1102 18:51:30.367967 Main     stress_client.cpp:43] === Nightcore Stress Test ===
I1102 18:51:30.368005 Main     stress_client.cpp:44] Function ID: 1
I1102 18:51:30.368013 Main     stress_client.cpp:45] Method ID: 0
I1102 18:51:30.368018 Main     stress_client.cpp:46] Input size: 64 bytes
I1102 18:51:30.368022 Main     stress_client.cpp:47] Global target RPS: 200000
I1102 18:51:30.368028 Main     stress_client.cpp:50] Inflight limit per connection: 1
I1102 18:51:30.368033 Main     stress_client.cpp:51] Warmup: 0s, Duration: 5s
I1102 18:51:30.368038 Main     stress_client.cpp:53] 
I1102 18:51:30.368042 Main     stress_client.cpp:54] ========================================
I1102 18:51:30.368046 Main     stress_client.cpp:57] Waiting for Engine to connect...
Checking for file descriptor...
Got a file descriptor!
Listening on Machnet 10.10.1.2:10007 for Engine connections[Loop Thread 127618433152704] Machnet listener created
New Machnet connection created: 168427777:1024 -> 168427778:10007
[Receive Thread 127618433152704] Handshake: pinned send flow 168427778:10007 -> 168427777:1024
[Loop Thread 127618433152704] Now sending on flow 168427778:10007 -> 168427777:1024
I1102 18:51:34.371907 Main     stress_client.cpp:71] Engine connected with 1 connection(s)
I1102 18:51:34.371942 Main     stress_client.cpp:73] Global target RPS: 200000
I1102 18:51:34.371949 Main     stress_client.cpp:76] 
I1102 18:51:34.371954 Main     stress_client.cpp:79] Waiting 3 seconds for workers to initialize...
I1102 18:51:38.383001 Main     stress_common.cpp:30] [T+1s] Sent: 199995 | Completed: 199988 | Failed: 0 | Latencies: 199988
I1102 18:51:39.387649 Main     stress_common.cpp:30] [T+2s] Sent: 399955 | Completed: 399946 | Failed: 0 | Latencies: 399946
I1102 18:51:40.390614 Main     stress_common.cpp:30] [T+3s] Sent: 599936 | Completed: 599928 | Failed: 0 | Latencies: 599929
I1102 18:51:41.393862 Main     stress_common.cpp:30] [T+4s] Sent: 799942 | Completed: 799933 | Failed: 0 | Latencies: 799933
I1102 18:51:42.397337 Main     stress_common.cpp:30] [T+5s] Sent: 995569 | Completed: 995569 | Failed: 0 | Latencies: 995569
I1102 18:51:42.397375 Main     stress_client.cpp:116] 
I1102 18:51:42.398944 Main     stress_common.cpp:42] ========================================
I1102 18:51:42.398955 Main     stress_common.cpp:43] === Stress Test Results ===
I1102 18:51:42.398961 Main     stress_common.cpp:44] ========================================
I1102 18:51:42.398967 Main     stress_common.cpp:45] Transport:         Machnet
I1102 18:51:42.398974 Main     stress_common.cpp:46] Connections:       1
I1102 18:51:42.398980 Main     stress_common.cpp:47] Duration:          5.02 seconds
I1102 18:51:42.399008 Main     stress_common.cpp:48] Total Sent:        995569
I1102 18:51:42.399015 Main     stress_common.cpp:49] Total Completed:   995569 (100.00%)
I1102 18:51:42.399022 Main     stress_common.cpp:52] Total Failed:      0 (0.00%)
I1102 18:51:42.399030 Main     stress_common.cpp:55] 
I1102 18:51:42.399035 Main     stress_common.cpp:56] Throughput:        198450.0 rps
I1102 18:51:42.399043 Main     stress_common.cpp:57] 
I1102 18:51:42.482122 Main     stress_common.cpp:71] Latency (us):
I1102 18:51:42.482131 Main     stress_common.cpp:72]   Min:    27
I1102 18:51:42.482134 Main     stress_common.cpp:73]   p50:    39
I1102 18:51:42.482136 Main     stress_common.cpp:74]   p90:    55
I1102 18:51:42.482138 Main     stress_common.cpp:75]   p99:    75
I1102 18:51:42.482140 Main     stress_common.cpp:76]   p99.9:  2277
I1102 18:51:42.482142 Main     stress_common.cpp:77]   Max:    4366
I1102 18:51:42.482144 Main     stress_common.cpp:82] ========================================
I1102 18:51:42.483070 Main     server_base.cpp:35] Server: Scheduled to stop
I1102 18:51:42.483198 Server/E server_base.cpp:109] Server: Start stopping process
[Loop Thread 127618433152704] Machnet event-loop thread finished
I1102 18:51:42.483378 Server/E server_base.cpp:55] Server: Event loop finishes
I1102 18:51:42.483488 Main     server_base.cpp:46] Server: Stopped

Cleaning up any remaining remote stress_client processes...

Logs saved to:
  Engine:   /users/vj2267/nightcore/benchmarks/outputs/engine.log
  Launcher: /users/vj2267/nightcore/benchmarks/outputs/launcher.log
  Workers:  /users/vj2267/nightcore/benchmarks/outputs/Echo_worker_*.stdout
