I1102 18:44:27.802415 Main     thread.cpp:100] Register main thread: tid=1387691
E1102 18:44:27.802650 Main     docker.cpp:59] Cannot find docker's cgroup in /proc/self/cgroup
I1102 18:44:27.802698 Main     func_config.cpp:135] Load configuration for function Echo[1]
I1102 18:44:27.802714 Main     engine.cpp:109] Engine: Start 1 IO workers
I1102 18:44:27.805988 IO-0/EL  thread.cpp:40] Start thread: IO-0/EL
I1102 18:44:27.806030 IO-0/EL  io_worker.cpp:192] IO-0: Event loop starts
Checking for file descriptor...
Got a file descriptor!
I1102 18:44:29.361795 Main     engine.cpp:180] Engine: Created 1 Machnet connections to Gateway at 10.10.1.2:10007
I1102 18:44:29.361931 Main     engine.cpp:208] Engine: Listen on /dev/shm/faas_ipc/engine.sock for IPC connections
I1102 18:44:29.362159 Server/E thread.cpp:40] Start thread: Server/EL
I1102 18:44:29.362274 Server/E server_base.cpp:50] Server: Event loop starts
I1102 18:44:29.806458 Server/E engine.cpp:674] Engine: New message connection
I1102 18:44:29.809754 IO-0/EL  buffer_pool.h:25] BufferPool[IO-0_Read]: Allocate new buffer, current buffer count is 1
I1102 18:44:29.809782 IO-0/EL  engine.cpp:277] Engine: Receive new handshake message from message connection
I1102 18:44:29.809787 IO-0/EL  worker_manager.cpp:23] WorkerManager: Launcher of func_id 1 connected
I1102 18:44:29.809790 IO-0/EL  worker_manager.cpp:131] WorkerManager: Request new FuncWorker for func_id 1 with client_id 1
I1102 18:44:29.809807 IO-0/EL  worker_manager.cpp:131] WorkerManager: Request new FuncWorker for func_id 1 with client_id 2
I1102 18:44:29.809817 IO-0/EL  worker_manager.cpp:131] WorkerManager: Request new FuncWorker for func_id 1 with client_id 3
I1102 18:44:29.809823 IO-0/EL  worker_manager.cpp:131] WorkerManager: Request new FuncWorker for func_id 1 with client_id 4
I1102 18:44:29.809844 IO-0/EL  buffer_pool.h:25] BufferPool[IO-0_Write]: Allocate new buffer, current buffer count is 1
I1102 18:44:29.809852 IO-0/EL  message_connection.cpp:269] LauncherConnection[1]: Handshake done
I1102 18:44:29.814033 Server/E engine.cpp:674] Engine: New message connection
I1102 18:44:29.814061 IO-0/EL  engine.cpp:277] Engine: Receive new handshake message from message connection
I1102 18:44:29.814065 IO-0/EL  worker_manager.cpp:60] WorkerManager: FuncWorker of func_id 1, client_id 1 connected
I1102 18:44:29.814074 IO-0/EL  dispatcher.cpp:47] Dispatcher[1]: min_workers=4
I1102 18:44:29.814082 IO-0/EL  dispatcher.cpp:51] Dispatcher[1]: max_workers=4
I1102 18:44:29.814101 IO-0/EL  message_connection.cpp:269] FuncWorkerConnection[1-1]: Handshake done
I1102 18:44:29.815667 Server/E engine.cpp:674] Engine: New message connection
I1102 18:44:29.815690 IO-0/EL  engine.cpp:277] Engine: Receive new handshake message from message connection
I1102 18:44:29.815694 IO-0/EL  worker_manager.cpp:60] WorkerManager: FuncWorker of func_id 1, client_id 3 connected
I1102 18:44:29.815707 IO-0/EL  message_connection.cpp:269] FuncWorkerConnection[1-3]: Handshake done
I1102 18:44:29.815851 Server/E engine.cpp:674] Engine: New message connection
I1102 18:44:29.815876 IO-0/EL  engine.cpp:277] Engine: Receive new handshake message from message connection
I1102 18:44:29.815880 IO-0/EL  worker_manager.cpp:60] WorkerManager: FuncWorker of func_id 1, client_id 2 connected
I1102 18:44:29.815891 IO-0/EL  message_connection.cpp:269] FuncWorkerConnection[1-2]: Handshake done
I1102 18:44:29.816602 Server/E engine.cpp:674] Engine: New message connection
I1102 18:44:29.816622 IO-0/EL  engine.cpp:277] Engine: Receive new handshake message from message connection
I1102 18:44:29.816626 IO-0/EL  worker_manager.cpp:60] WorkerManager: FuncWorker of func_id 1, client_id 4 connected
I1102 18:44:29.816638 IO-0/EL  message_connection.cpp:269] FuncWorkerConnection[1-4]: Handshake done
I1102 18:44:32.435270 IO-0/EL  buffer_pool.h:25] BufferPool[IO-0_Write]: Allocate new buffer, current buffer count is 2
I1102 18:44:32.435298 IO-0/EL  buffer_pool.h:25] BufferPool[IO-0_Write]: Allocate new buffer, current buffer count is 3
I1102 18:44:32.435308 IO-0/EL  buffer_pool.h:25] BufferPool[IO-0_Write]: Allocate new buffer, current buffer count is 4
I1102 18:44:34.271523 IO-0/EL  buffer_pool.h:25] BufferPool[IO-0_Write]: Allocate new buffer, current buffer count is 5
I1102 18:44:37.479345 Main     server_base.cpp:35] Server: Scheduled to stop
I1102 18:44:37.479465 IO-0/EL  message_connection.cpp:284] LauncherConnection[1]: Connection closed remotely
I1102 18:44:37.479542 Server/E server_base.cpp:109] Server: Start stopping process
I1102 18:44:37.479609 IO-0/EL  io_worker.cpp:206] IO-0: Start stopping process
