I1102 18:41:20.499326 Main     thread.cpp:100] Register main thread: tid=1386878
E1102 18:41:20.499563 Main     docker.cpp:59] Cannot find docker's cgroup in /proc/self/cgroup
I1102 18:41:20.499619 Main     func_config.cpp:135] Load configuration for function Echo[1]
I1102 18:41:20.499630 Main     engine.cpp:109] Engine: Start 1 IO workers
I1102 18:41:20.502856 IO-0/EL  thread.cpp:40] Start thread: IO-0/EL
I1102 18:41:20.502902 IO-0/EL  io_worker.cpp:192] IO-0: Event loop starts
Checking for file descriptor...
Got a file descriptor!
I1102 18:41:22.361024 Main     engine.cpp:180] Engine: Created 1 Machnet connections to Gateway at 10.10.1.2:10007
I1102 18:41:22.361136 Main     engine.cpp:208] Engine: Listen on /dev/shm/faas_ipc/engine.sock for IPC connections
I1102 18:41:22.361349 Server/E thread.cpp:40] Start thread: Server/EL
I1102 18:41:22.361472 Server/E server_base.cpp:50] Server: Event loop starts
I1102 18:41:22.501449 Server/E engine.cpp:674] Engine: New message connection
I1102 18:41:22.504755 IO-0/EL  buffer_pool.h:25] BufferPool[IO-0_Read]: Allocate new buffer, current buffer count is 1
I1102 18:41:22.504787 IO-0/EL  engine.cpp:277] Engine: Receive new handshake message from message connection
I1102 18:41:22.504793 IO-0/EL  worker_manager.cpp:23] WorkerManager: Launcher of func_id 1 connected
I1102 18:41:22.504797 IO-0/EL  worker_manager.cpp:131] WorkerManager: Request new FuncWorker for func_id 1 with client_id 1
I1102 18:41:22.504817 IO-0/EL  worker_manager.cpp:131] WorkerManager: Request new FuncWorker for func_id 1 with client_id 2
I1102 18:41:22.504848 IO-0/EL  buffer_pool.h:25] BufferPool[IO-0_Write]: Allocate new buffer, current buffer count is 1
I1102 18:41:22.504857 IO-0/EL  message_connection.cpp:269] LauncherConnection[1]: Handshake done
I1102 18:41:22.510244 Server/E engine.cpp:674] Engine: New message connection
I1102 18:41:22.510271 IO-0/EL  engine.cpp:277] Engine: Receive new handshake message from message connection
I1102 18:41:22.510276 IO-0/EL  worker_manager.cpp:60] WorkerManager: FuncWorker of func_id 1, client_id 1 connected
I1102 18:41:22.510293 IO-0/EL  dispatcher.cpp:47] Dispatcher[1]: min_workers=2
I1102 18:41:22.510297 IO-0/EL  dispatcher.cpp:51] Dispatcher[1]: max_workers=2
I1102 18:41:22.510318 IO-0/EL  message_connection.cpp:269] FuncWorkerConnection[1-1]: Handshake done
I1102 18:41:22.510584 Server/E engine.cpp:674] Engine: New message connection
I1102 18:41:22.510604 IO-0/EL  engine.cpp:277] Engine: Receive new handshake message from message connection
I1102 18:41:22.510608 IO-0/EL  worker_manager.cpp:60] WorkerManager: FuncWorker of func_id 1, client_id 2 connected
I1102 18:41:22.510622 IO-0/EL  message_connection.cpp:269] FuncWorkerConnection[1-2]: Handshake done
I1102 18:41:25.434391 IO-0/EL  buffer_pool.h:25] BufferPool[IO-0_Write]: Allocate new buffer, current buffer count is 2
I1102 18:41:30.486225 Main     server_base.cpp:35] Server: Scheduled to stop
I1102 18:41:30.486324 IO-0/EL  message_connection.cpp:284] LauncherConnection[1]: Connection closed remotely
I1102 18:41:30.486412 IO-0/EL  message_connection.cpp:284] FuncWorkerConnection[1-1]: Connection closed remotely
I1102 18:41:30.486433 IO-0/EL  message_connection.cpp:284] FuncWorkerConnection[1-2]: Connection closed remotely
I1102 18:41:30.486409 Server/E server_base.cpp:109] Server: Start stopping process
I1102 18:41:30.486504 IO-0/EL  io_worker.cpp:206] IO-0: Start stopping process
I1102 18:41:30.486525 IO-0/EL  io_worker.cpp:209] IO-0: Close pipe to Server
W1102 18:41:30.486569 Server/E io_worker.cpp:123] IO-0: Cannot schedule function in non-running state, will ignore it
I1102 18:41:30.486588 Server/E server_base.cpp:55] Server: Event loop finishes
