I1102 18:22:23.552482 Main     thread.cpp:100] Register main thread: tid=1375612
E1102 18:22:23.552625 Main     docker.cpp:59] Cannot find docker's cgroup in /proc/self/cgroup
I1102 18:22:23.555853 Launcher thread.cpp:40] Start thread: Launcher/EL
I1102 18:22:23.555903 Launcher thread.cpp:64] Does not find cpuset setting for IO threads (can be set by FAAS_IO_THREAD_CPUSET)
I1102 18:22:23.555909 Launcher thread.cpp:82] Does not find nice setting for IO threads (can be set by FAAS_IO_THREAD_NICE)
I1102 18:22:23.555913 Launcher launcher.cpp:96] Launcher: Event loop starts
I1102 18:22:23.555932 Launcher engine_connection.cpp:93] EngineConnection: Connected to engine, start writing handshake message
I1102 18:22:23.557469 Launcher buffer_pool.h:25] BufferPool[Launcher]: Allocate new buffer, current buffer count is 1
I1102 18:22:23.557497 Launcher func_config.cpp:135] Load configuration for function Noop[1]
I1102 18:22:23.557507 Launcher engine_connection.cpp:65] EngineConnection: Handshake done
I1102 18:22:31.382612 Main     launcher.cpp:44] Launcher: Scheduled to stop
E1102 18:22:31.383424 Launcher launcher.cpp:72] Launcher: Connection to engine disconnected
I1102 18:22:31.383449 Launcher launcher.cpp:44] Launcher: Scheduled to stop
W1102 18:22:31.387789 Launcher launcher.cpp:87] Launcher: Function process 27 terminated
W1102 18:22:31.387812 Launcher launcher.cpp:87] Launcher: Function process 15 terminated
W1102 18:22:31.387817 Launcher launcher.cpp:87] Launcher: Function process 13 terminated
W1102 18:22:31.387821 Launcher launcher.cpp:87] Launcher: Function process 12 terminated
W1102 18:22:31.387825 Launcher launcher.cpp:87] Launcher: Function process 8 terminated
W1102 18:22:31.387829 Launcher launcher.cpp:87] Launcher: Function process 7 terminated
W1102 18:22:31.387832 Launcher launcher.cpp:87] Launcher: Function process 6 terminated
W1102 18:22:31.387836 Launcher launcher.cpp:87] Launcher: Function process 5 terminated
W1102 18:22:31.387840 Launcher launcher.cpp:87] Launcher: Function process 4 terminated
W1102 18:22:31.387843 Launcher launcher.cpp:87] Launcher: Function process 3 terminated
W1102 18:22:31.387847 Launcher launcher.cpp:87] Launcher: Function process 2 terminated
W1102 18:22:31.387850 Launcher launcher.cpp:87] Launcher: Function process 0 terminated
W1102 18:22:31.387854 Launcher launcher.cpp:87] Launcher: Function process 127 terminated
W1102 18:22:31.387857 Launcher launcher.cpp:87] Launcher: Function process 126 terminated
W1102 18:22:31.387861 Launcher launcher.cpp:87] Launcher: Function process 125 terminated
W1102 18:22:31.387864 Launcher launcher.cpp:87] Launcher: Function process 124 terminated
W1102 18:22:31.387868 Launcher launcher.cpp:87] Launcher: Function process 123 terminated
W1102 18:22:31.387871 Launcher launcher.cpp:87] Launcher: Function process 122 terminated
W1102 18:22:31.387875 Launcher launcher.cpp:87] Launcher: Function process 121 terminated
W1102 18:22:31.387878 Launcher launcher.cpp:87] Launcher: Function process 120 terminated
W1102 18:22:31.387882 Launcher launcher.cpp:87] Launcher: Function process 119 terminated
W1102 18:22:31.387885 Launcher launcher.cpp:87] Launcher: Function process 118 terminated
W1102 18:22:31.387889 Launcher launcher.cpp:87] Launcher: Function process 117 terminated
W1102 18:22:31.387892 Launcher launcher.cpp:87] Launcher: Function process 116 terminated
W1102 18:22:31.387895 Launcher launcher.cpp:87] Launcher: Function process 115 terminated
W1102 18:22:31.387899 Launcher launcher.cpp:87] Launcher: Function process 114 terminated
W1102 18:22:31.387902 Launcher launcher.cpp:87] Launcher: Function process 113 terminated
W1102 18:22:31.387905 Launcher launcher.cpp:87] Launcher: Function process 112 terminated
W1102 18:22:31.387909 Launcher launcher.cpp:87] Launcher: Function process 111 terminated
W1102 18:22:31.387912 Launcher launcher.cpp:87] Launcher: Function process 110 terminated
W1102 18:22:31.387916 Launcher launcher.cpp:87] Launcher: Function process 109 terminated
W1102 18:22:31.387919 Launcher launcher.cpp:87] Launcher: Function process 108 terminated
W1102 18:22:31.387944 Launcher launcher.cpp:87] Launcher: Function process 107 terminated
W1102 18:22:31.387948 Launcher launcher.cpp:87] Launcher: Function process 106 terminated
W1102 18:22:31.387951 Launcher launcher.cpp:87] Launcher: Function process 105 terminated
W1102 18:22:31.387954 Launcher launcher.cpp:87] Launcher: Function process 104 terminated
W1102 18:22:31.387958 Launcher launcher.cpp:87] Launcher: Function process 103 terminated
W1102 18:22:31.387961 Launcher launcher.cpp:87] Launcher: Function process 102 terminated
W1102 18:22:31.387965 Launcher launcher.cpp:87] Launcher: Function process 101 terminated
W1102 18:22:31.387968 Launcher launcher.cpp:87] Launcher: Function process 100 terminated
W1102 18:22:31.387971 Launcher launcher.cpp:87] Launcher: Function process 99 terminated
W1102 18:22:31.387975 Launcher launcher.cpp:87] Launcher: Function process 98 terminated
W1102 18:22:31.387979 Launcher launcher.cpp:87] Launcher: Function process 97 terminated
W1102 18:22:31.387982 Launcher launcher.cpp:87] Launcher: Function process 96 terminated
W1102 18:22:31.387985 Launcher launcher.cpp:87] Launcher: Function process 95 terminated
W1102 18:22:31.387989 Launcher launcher.cpp:87] Launcher: Function process 94 terminated
W1102 18:22:31.387993 Launcher launcher.cpp:87] Launcher: Function process 93 terminated
W1102 18:22:31.387996 Launcher launcher.cpp:87] Launcher: Function process 92 terminated
W1102 18:22:31.387999 Launcher launcher.cpp:87] Launcher: Function process 91 terminated
W1102 18:22:31.388003 Launcher launcher.cpp:87] Launcher: Function process 90 terminated
W1102 18:22:31.388006 Launcher launcher.cpp:87] Launcher: Function process 89 terminated
W1102 18:22:31.388010 Launcher launcher.cpp:87] Launcher: Function process 88 terminated
W1102 18:22:31.388013 Launcher launcher.cpp:87] Launcher: Function process 87 terminated
W1102 18:22:31.388016 Launcher launcher.cpp:87] Launcher: Function process 86 terminated
W1102 18:22:31.388020 Launcher launcher.cpp:87] Launcher: Function process 85 terminated
W1102 18:22:31.388023 Launcher launcher.cpp:87] Launcher: Function process 84 terminated
W1102 18:22:31.388027 Launcher launcher.cpp:87] Launcher: Function process 83 terminated
W1102 18:22:31.388030 Launcher launcher.cpp:87] Launcher: Function process 82 terminated
W1102 18:22:31.388034 Launcher launcher.cpp:87] Launcher: Function process 81 terminated
W1102 18:22:31.388037 Launcher launcher.cpp:87] Launcher: Function process 80 terminated
W1102 18:22:31.388041 Launcher launcher.cpp:87] Launcher: Function process 79 terminated
W1102 18:22:31.388044 Launcher launcher.cpp:87] Launcher: Function process 78 terminated
W1102 18:22:31.388048 Launcher launcher.cpp:87] Launcher: Function process 77 terminated
W1102 18:22:31.388051 Launcher launcher.cpp:87] Launcher: Function process 76 terminated
W1102 18:22:31.388054 Launcher launcher.cpp:87] Launcher: Function process 75 terminated
W1102 18:22:31.388058 Launcher launcher.cpp:87] Launcher: Function process 74 terminated
W1102 18:22:31.388061 Launcher launcher.cpp:87] Launcher: Function process 73 terminated
W1102 18:22:31.388065 Launcher launcher.cpp:87] Launcher: Function process 72 terminated
W1102 18:22:31.388068 Launcher launcher.cpp:87] Launcher: Function process 71 terminated
W1102 18:22:31.388071 Launcher launcher.cpp:87] Launcher: Function process 70 terminated
W1102 18:22:31.388075 Launcher launcher.cpp:87] Launcher: Function process 69 terminated
W1102 18:22:31.388079 Launcher launcher.cpp:87] Launcher: Function process 68 terminated
W1102 18:22:31.388082 Launcher launcher.cpp:87] Launcher: Function process 67 terminated
W1102 18:22:31.388086 Launcher launcher.cpp:87] Launcher: Function process 66 terminated
W1102 18:22:31.388089 Launcher launcher.cpp:87] Launcher: Function process 65 terminated
W1102 18:22:31.388092 Launcher launcher.cpp:87] Launcher: Function process 64 terminated
W1102 18:22:31.388096 Launcher launcher.cpp:87] Launcher: Function process 63 terminated
W1102 18:22:31.388099 Launcher launcher.cpp:87] Launcher: Function process 62 terminated
W1102 18:22:31.388109 Launcher launcher.cpp:87] Launcher: Function process 61 terminated
W1102 18:22:31.388113 Launcher launcher.cpp:87] Launcher: Function process 60 terminated
W1102 18:22:31.388117 Launcher launcher.cpp:87] Launcher: Function process 59 terminated
W1102 18:22:31.388120 Launcher launcher.cpp:87] Launcher: Function process 58 terminated
W1102 18:22:31.388124 Launcher launcher.cpp:87] Launcher: Function process 57 terminated
W1102 18:22:31.388127 Launcher launcher.cpp:87] Launcher: Function process 56 terminated
W1102 18:22:31.388131 Launcher launcher.cpp:87] Launcher: Function process 55 terminated
W1102 18:22:31.388134 Launcher launcher.cpp:87] Launcher: Function process 54 terminated
W1102 18:22:31.388138 Launcher launcher.cpp:87] Launcher: Function process 53 terminated
W1102 18:22:31.388141 Launcher launcher.cpp:87] Launcher: Function process 52 terminated
W1102 18:22:31.388145 Launcher launcher.cpp:87] Launcher: Function process 51 terminated
W1102 18:22:31.388149 Launcher launcher.cpp:87] Launcher: Function process 50 terminated
W1102 18:22:31.388152 Launcher launcher.cpp:87] Launcher: Function process 49 terminated
W1102 18:22:31.388156 Launcher launcher.cpp:87] Launcher: Function process 48 terminated
W1102 18:22:31.388159 Launcher launcher.cpp:87] Launcher: Function process 47 terminated
W1102 18:22:31.388163 Launcher launcher.cpp:87] Launcher: Function process 46 terminated
W1102 18:22:31.388166 Launcher launcher.cpp:87] Launcher: Function process 45 terminated
W1102 18:22:31.388169 Launcher launcher.cpp:87] Launcher: Function process 44 terminated
W1102 18:22:31.388173 Launcher launcher.cpp:87] Launcher: Function process 43 terminated
W1102 18:22:31.388176 Launcher launcher.cpp:87] Launcher: Function process 42 terminated
W1102 18:22:31.388180 Launcher launcher.cpp:87] Launcher: Function process 41 terminated
W1102 18:22:31.388183 Launcher launcher.cpp:87] Launcher: Function process 40 terminated
W1102 18:22:31.388186 Launcher launcher.cpp:87] Launcher: Function process 39 terminated
W1102 18:22:31.388189 Launcher launcher.cpp:87] Launcher: Function process 38 terminated
W1102 18:22:31.388193 Launcher launcher.cpp:87] Launcher: Function process 37 terminated
W1102 18:22:31.388196 Launcher launcher.cpp:87] Launcher: Function process 36 terminated
W1102 18:22:31.388199 Launcher launcher.cpp:87] Launcher: Function process 35 terminated
W1102 18:22:31.388203 Launcher launcher.cpp:87] Launcher: Function process 34 terminated
W1102 18:22:31.388207 Launcher launcher.cpp:87] Launcher: Function process 33 terminated
W1102 18:22:31.388210 Launcher launcher.cpp:87] Launcher: Function process 32 terminated
W1102 18:22:31.388214 Launcher launcher.cpp:87] Launcher: Function process 31 terminated
W1102 18:22:31.388217 Launcher launcher.cpp:87] Launcher: Function process 30 terminated
W1102 18:22:31.388221 Launcher launcher.cpp:87] Launcher: Function process 29 terminated
W1102 18:22:31.388225 Launcher launcher.cpp:87] Launcher: Function process 28 terminated
W1102 18:22:31.388228 Launcher launcher.cpp:87] Launcher: Function process 26 terminated
W1102 18:22:31.388232 Launcher launcher.cpp:87] Launcher: Function process 25 terminated
W1102 18:22:31.388235 Launcher launcher.cpp:87] Launcher: Function process 24 terminated
W1102 18:22:31.388239 Launcher launcher.cpp:87] Launcher: Function process 23 terminated
W1102 18:22:31.388243 Launcher launcher.cpp:87] Launcher: Function process 22 terminated
W1102 18:22:31.388246 Launcher launcher.cpp:87] Launcher: Function process 21 terminated
W1102 18:22:31.388250 Launcher launcher.cpp:87] Launcher: Function process 20 terminated
W1102 18:22:31.388253 Launcher launcher.cpp:87] Launcher: Function process 19 terminated
W1102 18:22:31.388257 Launcher launcher.cpp:87] Launcher: Function process 18 terminated
W1102 18:22:31.388260 Launcher launcher.cpp:87] Launcher: Function process 17 terminated
W1102 18:22:31.388264 Launcher launcher.cpp:87] Launcher: Function process 16 terminated
W1102 18:22:31.388268 Launcher launcher.cpp:87] Launcher: Function process 14 terminated
W1102 18:22:31.388281 Launcher launcher.cpp:87] Launcher: Function process 11 terminated
W1102 18:22:31.388285 Launcher launcher.cpp:87] Launcher: Function process 10 terminated
W1102 18:22:31.388289 Launcher launcher.cpp:87] Launcher: Function process 9 terminated
W1102 18:22:31.388292 Launcher launcher.cpp:87] Launcher: Function process 1 terminated
I1102 18:22:31.388296 Launcher launcher.cpp:101] Launcher: Event loop finishes
I1102 18:22:31.388336 Main     launcher.cpp:68] Launcher: Stopped
