I1102 19:00:55.481173 Main     thread.cpp:100] Register main thread: tid=1392940
E1102 19:00:55.481311 Main     docker.cpp:59] Cannot find docker's cgroup in /proc/self/cgroup
I1102 19:00:55.484573 Launcher thread.cpp:40] Start thread: Launcher/EL
I1102 19:00:55.484621 Launcher thread.cpp:64] Does not find cpuset setting for IO threads (can be set by FAAS_IO_THREAD_CPUSET)
I1102 19:00:55.484626 Launcher thread.cpp:82] Does not find nice setting for IO threads (can be set by FAAS_IO_THREAD_NICE)
I1102 19:00:55.484630 Launcher launcher.cpp:96] Launcher: Event loop starts
I1102 19:00:55.484649 Launcher engine_connection.cpp:93] EngineConnection: Connected to engine, start writing handshake message
I1102 19:00:55.485088 Launcher buffer_pool.h:25] BufferPool[Launcher]: Allocate new buffer, current buffer count is 1
I1102 19:00:55.485116 Launcher func_config.cpp:135] Load configuration for function Echo[1]
I1102 19:00:55.485126 Launcher engine_connection.cpp:65] EngineConnection: Handshake done
W1102 19:00:55.504163 Launcher engine_connection.cpp:166] EngineConnection: nread=0, will do nothing
I1102 19:01:03.487871 Main     launcher.cpp:44] Launcher: Scheduled to stop
E1102 19:01:03.488378 Launcher launcher.cpp:72] Launcher: Connection to engine disconnected
I1102 19:01:03.488397 Launcher launcher.cpp:44] Launcher: Scheduled to stop
W1102 19:01:03.521251 Launcher launcher.cpp:87] Launcher: Function process 19 terminated
W1102 19:01:03.527077 Launcher launcher.cpp:87] Launcher: Function process 11 terminated
W1102 19:01:03.527116 Launcher launcher.cpp:87] Launcher: Function process 8 terminated
W1102 19:01:03.527311 Launcher launcher.cpp:87] Launcher: Function process 29 terminated
W1102 19:01:03.527324 Launcher launcher.cpp:87] Launcher: Function process 13 terminated
W1102 19:01:03.527671 Launcher launcher.cpp:87] Launcher: Function process 22 terminated
W1102 19:01:03.527686 Launcher launcher.cpp:87] Launcher: Function process 20 terminated
W1102 19:01:03.527691 Launcher launcher.cpp:87] Launcher: Function process 15 terminated
W1102 19:01:03.527696 Launcher launcher.cpp:87] Launcher: Function process 12 terminated
W1102 19:01:03.527701 Launcher launcher.cpp:87] Launcher: Function process 24 terminated
W1102 19:01:03.527706 Launcher launcher.cpp:87] Launcher: Function process 16 terminated
W1102 19:01:03.527745 Launcher launcher.cpp:87] Launcher: Function process 14 terminated
W1102 19:01:03.527750 Launcher launcher.cpp:87] Launcher: Function process 2 terminated
W1102 19:01:03.528435 Launcher launcher.cpp:87] Launcher: Function process 7 terminated
W1102 19:01:03.528444 Launcher launcher.cpp:87] Launcher: Function process 5 terminated
W1102 19:01:03.528449 Launcher launcher.cpp:87] Launcher: Function process 23 terminated
W1102 19:01:03.528454 Launcher launcher.cpp:87] Launcher: Function process 18 terminated
W1102 19:01:03.528458 Launcher launcher.cpp:87] Launcher: Function process 6 terminated
W1102 19:01:03.528463 Launcher launcher.cpp:87] Launcher: Function process 30 terminated
W1102 19:01:03.528468 Launcher launcher.cpp:87] Launcher: Function process 26 terminated
W1102 19:01:03.528473 Launcher launcher.cpp:87] Launcher: Function process 21 terminated
W1102 19:01:03.528477 Launcher launcher.cpp:87] Launcher: Function process 10 terminated
W1102 19:01:03.528482 Launcher launcher.cpp:87] Launcher: Function process 9 terminated
W1102 19:01:03.528487 Launcher launcher.cpp:87] Launcher: Function process 0 terminated
W1102 19:01:03.528491 Launcher launcher.cpp:87] Launcher: Function process 31 terminated
W1102 19:01:03.528496 Launcher launcher.cpp:87] Launcher: Function process 28 terminated
W1102 19:01:03.528500 Launcher launcher.cpp:87] Launcher: Function process 27 terminated
W1102 19:01:03.528505 Launcher launcher.cpp:87] Launcher: Function process 25 terminated
W1102 19:01:03.528509 Launcher launcher.cpp:87] Launcher: Function process 17 terminated
W1102 19:01:03.528513 Launcher launcher.cpp:87] Launcher: Function process 4 terminated
W1102 19:01:03.528518 Launcher launcher.cpp:87] Launcher: Function process 3 terminated
W1102 19:01:03.528545 Launcher launcher.cpp:87] Launcher: Function process 1 terminated
I1102 19:01:03.528550 Launcher launcher.cpp:101] Launcher: Event loop finishes
I1102 19:01:03.528601 Main     launcher.cpp:68] Launcher: Stopped
