I1102 18:49:52.546257 Main     thread.cpp:100] Register main thread: tid=1389120
E1102 18:49:52.546395 Main     docker.cpp:59] Cannot find docker's cgroup in /proc/self/cgroup
I1102 18:49:52.549652 Launcher thread.cpp:40] Start thread: Launcher/EL
I1102 18:49:52.549701 Launcher thread.cpp:64] Does not find cpuset setting for IO threads (can be set by FAAS_IO_THREAD_CPUSET)
I1102 18:49:52.549707 Launcher thread.cpp:82] Does not find nice setting for IO threads (can be set by FAAS_IO_THREAD_NICE)
I1102 18:49:52.549715 Launcher launcher.cpp:96] Launcher: Event loop starts
I1102 18:49:52.549734 Launcher engine_connection.cpp:93] EngineConnection: Connected to engine, start writing handshake message
I1102 18:49:52.549899 Launcher buffer_pool.h:25] BufferPool[Launcher]: Allocate new buffer, current buffer count is 1
I1102 18:49:52.549931 Launcher func_config.cpp:135] Load configuration for function Echo[1]
I1102 18:49:52.549941 Launcher engine_connection.cpp:65] EngineConnection: Handshake done
W1102 18:49:52.556610 Launcher engine_connection.cpp:166] EngineConnection: nread=0, will do nothing
I1102 18:50:00.423165 Main     launcher.cpp:44] Launcher: Scheduled to stop
E1102 18:50:00.423417 Launcher launcher.cpp:72] Launcher: Connection to engine disconnected
I1102 18:50:00.423462 Launcher launcher.cpp:44] Launcher: Scheduled to stop
W1102 18:50:00.448177 Launcher launcher.cpp:87] Launcher: Function process 2 terminated
W1102 18:50:00.456919 Launcher launcher.cpp:87] Launcher: Function process 5 terminated
W1102 18:50:00.457255 Launcher launcher.cpp:87] Launcher: Function process 7 terminated
W1102 18:50:00.457461 Launcher launcher.cpp:87] Launcher: Function process 1 terminated
W1102 18:50:00.457470 Launcher launcher.cpp:87] Launcher: Function process 6 terminated
W1102 18:50:00.457476 Launcher launcher.cpp:87] Launcher: Function process 4 terminated
W1102 18:50:00.457481 Launcher launcher.cpp:87] Launcher: Function process 3 terminated
W1102 18:50:00.457487 Launcher launcher.cpp:87] Launcher: Function process 0 terminated
I1102 18:50:00.457493 Launcher launcher.cpp:101] Launcher: Event loop finishes
I1102 18:50:00.457546 Main     launcher.cpp:68] Launcher: Stopped
