I1102 19:02:52.558271 Main     thread.cpp:100] Register main thread: tid=1393835
E1102 19:02:52.558703 Main     docker.cpp:59] Cannot find docker's cgroup in /proc/self/cgroup
I1102 19:02:52.558767 Main     func_config.cpp:135] Load configuration for function Echo[1]
I1102 19:02:52.558778 Main     engine.cpp:109] Engine: Start 1 IO workers
I1102 19:02:52.562056 IO-0/EL  thread.cpp:40] Start thread: IO-0/EL
I1102 19:02:52.562107 IO-0/EL  io_worker.cpp:192] IO-0: Event loop starts
Checking for file descriptor...
Got a file descriptor!
I1102 19:02:54.366050 Main     engine.cpp:180] Engine: Created 1 Machnet connections to Gateway at 10.10.1.2:10007
I1102 19:02:54.366165 Main     engine.cpp:208] Engine: Listen on /dev/shm/faas_ipc/engine.sock for IPC connections
I1102 19:02:54.366417 Server/E thread.cpp:40] Start thread: Server/EL
I1102 19:02:54.366533 Server/E server_base.cpp:50] Server: Event loop starts
I1102 19:02:54.560660 Server/E engine.cpp:674] Engine: New message connection
I1102 19:02:54.563882 IO-0/EL  buffer_pool.h:25] BufferPool[IO-0_Read]: Allocate new buffer, current buffer count is 1
I1102 19:02:54.563914 IO-0/EL  engine.cpp:277] Engine: Receive new handshake message from message connection
I1102 19:02:54.563920 IO-0/EL  worker_manager.cpp:23] WorkerManager: Launcher of func_id 1 connected
I1102 19:02:54.563924 IO-0/EL  worker_manager.cpp:131] WorkerManager: Request new FuncWorker for func_id 1 with client_id 1
I1102 19:02:54.563943 IO-0/EL  worker_manager.cpp:131] WorkerManager: Request new FuncWorker for func_id 1 with client_id 2
I1102 19:02:54.563955 IO-0/EL  worker_manager.cpp:131] WorkerManager: Request new FuncWorker for func_id 1 with client_id 3
I1102 19:02:54.563965 IO-0/EL  worker_manager.cpp:131] WorkerManager: Request new FuncWorker for func_id 1 with client_id 4
I1102 19:02:54.563974 IO-0/EL  worker_manager.cpp:131] WorkerManager: Request new FuncWorker for func_id 1 with client_id 5
I1102 19:02:54.563983 IO-0/EL  worker_manager.cpp:131] WorkerManager: Request new FuncWorker for func_id 1 with client_id 6
I1102 19:02:54.563994 IO-0/EL  worker_manager.cpp:131] WorkerManager: Request new FuncWorker for func_id 1 with client_id 7
I1102 19:02:54.564003 IO-0/EL  worker_manager.cpp:131] WorkerManager: Request new FuncWorker for func_id 1 with client_id 8
I1102 19:02:54.564015 IO-0/EL  worker_manager.cpp:131] WorkerManager: Request new FuncWorker for func_id 1 with client_id 9
I1102 19:02:54.564024 IO-0/EL  worker_manager.cpp:131] WorkerManager: Request new FuncWorker for func_id 1 with client_id 10
I1102 19:02:54.564035 IO-0/EL  worker_manager.cpp:131] WorkerManager: Request new FuncWorker for func_id 1 with client_id 11
I1102 19:02:54.564044 IO-0/EL  worker_manager.cpp:131] WorkerManager: Request new FuncWorker for func_id 1 with client_id 12
I1102 19:02:54.564056 IO-0/EL  worker_manager.cpp:131] WorkerManager: Request new FuncWorker for func_id 1 with client_id 13
I1102 19:02:54.564065 IO-0/EL  worker_manager.cpp:131] WorkerManager: Request new FuncWorker for func_id 1 with client_id 14
I1102 19:02:54.564074 IO-0/EL  worker_manager.cpp:131] WorkerManager: Request new FuncWorker for func_id 1 with client_id 15
I1102 19:02:54.564085 IO-0/EL  worker_manager.cpp:131] WorkerManager: Request new FuncWorker for func_id 1 with client_id 16
I1102 19:02:54.564094 IO-0/EL  worker_manager.cpp:131] WorkerManager: Request new FuncWorker for func_id 1 with client_id 17
I1102 19:02:54.564114 IO-0/EL  worker_manager.cpp:131] WorkerManager: Request new FuncWorker for func_id 1 with client_id 18
I1102 19:02:54.564124 IO-0/EL  worker_manager.cpp:131] WorkerManager: Request new FuncWorker for func_id 1 with client_id 19
I1102 19:02:54.564135 IO-0/EL  worker_manager.cpp:131] WorkerManager: Request new FuncWorker for func_id 1 with client_id 20
I1102 19:02:54.564145 IO-0/EL  worker_manager.cpp:131] WorkerManager: Request new FuncWorker for func_id 1 with client_id 21
I1102 19:02:54.564154 IO-0/EL  worker_manager.cpp:131] WorkerManager: Request new FuncWorker for func_id 1 with client_id 22
I1102 19:02:54.564164 IO-0/EL  worker_manager.cpp:131] WorkerManager: Request new FuncWorker for func_id 1 with client_id 23
I1102 19:02:54.564189 IO-0/EL  worker_manager.cpp:131] WorkerManager: Request new FuncWorker for func_id 1 with client_id 24
I1102 19:02:54.564199 IO-0/EL  worker_manager.cpp:131] WorkerManager: Request new FuncWorker for func_id 1 with client_id 25
I1102 19:02:54.564208 IO-0/EL  worker_manager.cpp:131] WorkerManager: Request new FuncWorker for func_id 1 with client_id 26
I1102 19:02:54.564217 IO-0/EL  worker_manager.cpp:131] WorkerManager: Request new FuncWorker for func_id 1 with client_id 27
I1102 19:02:54.564229 IO-0/EL  worker_manager.cpp:131] WorkerManager: Request new FuncWorker for func_id 1 with client_id 28
I1102 19:02:54.564239 IO-0/EL  worker_manager.cpp:131] WorkerManager: Request new FuncWorker for func_id 1 with client_id 29
I1102 19:02:54.564248 IO-0/EL  worker_manager.cpp:131] WorkerManager: Request new FuncWorker for func_id 1 with client_id 30
I1102 19:02:54.564258 IO-0/EL  worker_manager.cpp:131] WorkerManager: Request new FuncWorker for func_id 1 with client_id 31
I1102 19:02:54.564267 IO-0/EL  worker_manager.cpp:131] WorkerManager: Request new FuncWorker for func_id 1 with client_id 32
I1102 19:02:54.564310 IO-0/EL  buffer_pool.h:25] BufferPool[IO-0_Write]: Allocate new buffer, current buffer count is 1
I1102 19:02:54.564341 IO-0/EL  message_connection.cpp:269] LauncherConnection[1]: Handshake done
I1102 19:02:54.568958 Server/E engine.cpp:674] Engine: New message connection
I1102 19:02:54.568987 IO-0/EL  engine.cpp:277] Engine: Receive new handshake message from message connection
I1102 19:02:54.568992 IO-0/EL  worker_manager.cpp:60] WorkerManager: FuncWorker of func_id 1, client_id 1 connected
I1102 19:02:54.569002 IO-0/EL  dispatcher.cpp:47] Dispatcher[1]: min_workers=32
I1102 19:02:54.569006 IO-0/EL  dispatcher.cpp:51] Dispatcher[1]: max_workers=32
I1102 19:02:54.569028 IO-0/EL  message_connection.cpp:269] FuncWorkerConnection[1-1]: Handshake done
I1102 19:02:54.569346 Server/E engine.cpp:674] Engine: New message connection
I1102 19:02:54.569365 IO-0/EL  engine.cpp:277] Engine: Receive new handshake message from message connection
I1102 19:02:54.569370 IO-0/EL  worker_manager.cpp:60] WorkerManager: FuncWorker of func_id 1, client_id 2 connected
I1102 19:02:54.569384 IO-0/EL  message_connection.cpp:269] FuncWorkerConnection[1-2]: Handshake done
I1102 19:02:54.569759 Server/E engine.cpp:674] Engine: New message connection
I1102 19:02:54.569784 IO-0/EL  engine.cpp:277] Engine: Receive new handshake message from message connection
I1102 19:02:54.569790 IO-0/EL  worker_manager.cpp:60] WorkerManager: FuncWorker of func_id 1, client_id 3 connected
I1102 19:02:54.569803 IO-0/EL  message_connection.cpp:269] FuncWorkerConnection[1-3]: Handshake done
I1102 19:02:54.571725 Server/E engine.cpp:674] Engine: New message connection
I1102 19:02:54.571772 IO-0/EL  engine.cpp:277] Engine: Receive new handshake message from message connection
I1102 19:02:54.571777 IO-0/EL  worker_manager.cpp:60] WorkerManager: FuncWorker of func_id 1, client_id 4 connected
I1102 19:02:54.571791 IO-0/EL  message_connection.cpp:269] FuncWorkerConnection[1-4]: Handshake done
I1102 19:02:54.572838 Server/E engine.cpp:674] Engine: New message connection
I1102 19:02:54.572921 IO-0/EL  engine.cpp:277] Engine: Receive new handshake message from message connection
I1102 19:02:54.572921 Server/E engine.cpp:674] Engine: New message connection
I1102 19:02:54.572926 IO-0/EL  worker_manager.cpp:60] WorkerManager: FuncWorker of func_id 1, client_id 5 connected
I1102 19:02:54.572986 IO-0/EL  message_connection.cpp:269] FuncWorkerConnection[1-5]: Handshake done
I1102 19:02:54.573005 IO-0/EL  engine.cpp:277] Engine: Receive new handshake message from message connection
I1102 19:02:54.573009 IO-0/EL  worker_manager.cpp:60] WorkerManager: FuncWorker of func_id 1, client_id 6 connected
I1102 19:02:54.573022 IO-0/EL  message_connection.cpp:269] FuncWorkerConnection[1-6]: Handshake done
I1102 19:02:54.573379 Server/E engine.cpp:674] Engine: New message connection
I1102 19:02:54.573414 IO-0/EL  engine.cpp:277] Engine: Receive new handshake message from message connection
I1102 19:02:54.573419 IO-0/EL  worker_manager.cpp:60] WorkerManager: FuncWorker of func_id 1, client_id 7 connected
I1102 19:02:54.573431 IO-0/EL  message_connection.cpp:269] FuncWorkerConnection[1-7]: Handshake done
I1102 19:02:54.573876 Server/E engine.cpp:674] Engine: New message connection
I1102 19:02:54.573898 IO-0/EL  engine.cpp:277] Engine: Receive new handshake message from message connection
I1102 19:02:54.573903 IO-0/EL  worker_manager.cpp:60] WorkerManager: FuncWorker of func_id 1, client_id 8 connected
I1102 19:02:54.573917 IO-0/EL  message_connection.cpp:269] FuncWorkerConnection[1-8]: Handshake done
I1102 19:02:54.574237 Server/E engine.cpp:674] Engine: New message connection
I1102 19:02:54.574258 IO-0/EL  engine.cpp:277] Engine: Receive new handshake message from message connection
I1102 19:02:54.574263 IO-0/EL  worker_manager.cpp:60] WorkerManager: FuncWorker of func_id 1, client_id 9 connected
I1102 19:02:54.574277 IO-0/EL  message_connection.cpp:269] FuncWorkerConnection[1-9]: Handshake done
I1102 19:02:54.574839 Server/E engine.cpp:674] Engine: New message connection
I1102 19:02:54.574860 IO-0/EL  engine.cpp:277] Engine: Receive new handshake message from message connection
I1102 19:02:54.574865 IO-0/EL  worker_manager.cpp:60] WorkerManager: FuncWorker of func_id 1, client_id 10 connected
I1102 19:02:54.574879 IO-0/EL  message_connection.cpp:269] FuncWorkerConnection[1-10]: Handshake done
I1102 19:02:54.575334 Server/E engine.cpp:674] Engine: New message connection
I1102 19:02:54.575354 IO-0/EL  engine.cpp:277] Engine: Receive new handshake message from message connection
I1102 19:02:54.575359 IO-0/EL  worker_manager.cpp:60] WorkerManager: FuncWorker of func_id 1, client_id 11 connected
I1102 19:02:54.575371 IO-0/EL  message_connection.cpp:269] FuncWorkerConnection[1-11]: Handshake done
I1102 19:02:54.575715 Server/E engine.cpp:674] Engine: New message connection
I1102 19:02:54.575738 IO-0/EL  engine.cpp:277] Engine: Receive new handshake message from message connection
I1102 19:02:54.575742 IO-0/EL  worker_manager.cpp:60] WorkerManager: FuncWorker of func_id 1, client_id 12 connected
I1102 19:02:54.575756 IO-0/EL  message_connection.cpp:269] FuncWorkerConnection[1-12]: Handshake done
I1102 19:02:54.576120 Server/E engine.cpp:674] Engine: New message connection
I1102 19:02:54.576140 IO-0/EL  engine.cpp:277] Engine: Receive new handshake message from message connection
I1102 19:02:54.576145 IO-0/EL  worker_manager.cpp:60] WorkerManager: FuncWorker of func_id 1, client_id 13 connected
I1102 19:02:54.576157 IO-0/EL  message_connection.cpp:269] FuncWorkerConnection[1-13]: Handshake done
I1102 19:02:54.576880 Server/E engine.cpp:674] Engine: New message connection
I1102 19:02:54.576908 IO-0/EL  engine.cpp:277] Engine: Receive new handshake message from message connection
I1102 19:02:54.576913 IO-0/EL  worker_manager.cpp:60] WorkerManager: FuncWorker of func_id 1, client_id 14 connected
I1102 19:02:54.576934 IO-0/EL  message_connection.cpp:269] FuncWorkerConnection[1-14]: Handshake done
I1102 19:02:54.577087 Server/E engine.cpp:674] Engine: New message connection
I1102 19:02:54.577110 IO-0/EL  engine.cpp:277] Engine: Receive new handshake message from message connection
I1102 19:02:54.577115 IO-0/EL  worker_manager.cpp:60] WorkerManager: FuncWorker of func_id 1, client_id 15 connected
I1102 19:02:54.577129 IO-0/EL  message_connection.cpp:269] FuncWorkerConnection[1-15]: Handshake done
I1102 19:02:54.577587 Server/E engine.cpp:674] Engine: New message connection
I1102 19:02:54.577611 IO-0/EL  engine.cpp:277] Engine: Receive new handshake message from message connection
I1102 19:02:54.577616 IO-0/EL  worker_manager.cpp:60] WorkerManager: FuncWorker of func_id 1, client_id 16 connected
I1102 19:02:54.577629 IO-0/EL  message_connection.cpp:269] FuncWorkerConnection[1-16]: Handshake done
I1102 19:02:54.578080 Server/E engine.cpp:674] Engine: New message connection
I1102 19:02:54.578103 IO-0/EL  engine.cpp:277] Engine: Receive new handshake message from message connection
I1102 19:02:54.578117 IO-0/EL  worker_manager.cpp:60] WorkerManager: FuncWorker of func_id 1, client_id 17 connected
I1102 19:02:54.578135 IO-0/EL  message_connection.cpp:269] FuncWorkerConnection[1-17]: Handshake done
I1102 19:02:54.578457 Server/E engine.cpp:674] Engine: New message connection
I1102 19:02:54.578479 IO-0/EL  engine.cpp:277] Engine: Receive new handshake message from message connection
I1102 19:02:54.578484 IO-0/EL  worker_manager.cpp:60] WorkerManager: FuncWorker of func_id 1, client_id 18 connected
I1102 19:02:54.578497 IO-0/EL  message_connection.cpp:269] FuncWorkerConnection[1-18]: Handshake done
I1102 19:02:54.578947 Server/E engine.cpp:674] Engine: New message connection
I1102 19:02:54.578973 IO-0/EL  engine.cpp:277] Engine: Receive new handshake message from message connection
I1102 19:02:54.578978 IO-0/EL  worker_manager.cpp:60] WorkerManager: FuncWorker of func_id 1, client_id 19 connected
I1102 19:02:54.578991 IO-0/EL  message_connection.cpp:269] FuncWorkerConnection[1-19]: Handshake done
I1102 19:02:54.579366 Server/E engine.cpp:674] Engine: New message connection
I1102 19:02:54.579388 IO-0/EL  engine.cpp:277] Engine: Receive new handshake message from message connection
I1102 19:02:54.579393 IO-0/EL  worker_manager.cpp:60] WorkerManager: FuncWorker of func_id 1, client_id 20 connected
I1102 19:02:54.579405 IO-0/EL  message_connection.cpp:269] FuncWorkerConnection[1-20]: Handshake done
I1102 19:02:54.579853 Server/E engine.cpp:674] Engine: New message connection
I1102 19:02:54.579901 IO-0/EL  engine.cpp:277] Engine: Receive new handshake message from message connection
I1102 19:02:54.579906 IO-0/EL  worker_manager.cpp:60] WorkerManager: FuncWorker of func_id 1, client_id 21 connected
I1102 19:02:54.579919 IO-0/EL  message_connection.cpp:269] FuncWorkerConnection[1-21]: Handshake done
I1102 19:02:54.580311 Server/E engine.cpp:674] Engine: New message connection
I1102 19:02:54.580335 IO-0/EL  engine.cpp:277] Engine: Receive new handshake message from message connection
I1102 19:02:54.580340 IO-0/EL  worker_manager.cpp:60] WorkerManager: FuncWorker of func_id 1, client_id 22 connected
I1102 19:02:54.580352 IO-0/EL  message_connection.cpp:269] FuncWorkerConnection[1-22]: Handshake done
I1102 19:02:54.580743 Server/E engine.cpp:674] Engine: New message connection
I1102 19:02:54.580772 IO-0/EL  engine.cpp:277] Engine: Receive new handshake message from message connection
I1102 19:02:54.580777 IO-0/EL  worker_manager.cpp:60] WorkerManager: FuncWorker of func_id 1, client_id 23 connected
I1102 19:02:54.580790 IO-0/EL  message_connection.cpp:269] FuncWorkerConnection[1-23]: Handshake done
I1102 19:02:54.581164 Server/E engine.cpp:674] Engine: New message connection
I1102 19:02:54.581184 IO-0/EL  engine.cpp:277] Engine: Receive new handshake message from message connection
I1102 19:02:54.581189 IO-0/EL  worker_manager.cpp:60] WorkerManager: FuncWorker of func_id 1, client_id 24 connected
I1102 19:02:54.581201 IO-0/EL  message_connection.cpp:269] FuncWorkerConnection[1-24]: Handshake done
I1102 19:02:54.581610 Server/E engine.cpp:674] Engine: New message connection
I1102 19:02:54.581647 IO-0/EL  engine.cpp:277] Engine: Receive new handshake message from message connection
I1102 19:02:54.581652 IO-0/EL  worker_manager.cpp:60] WorkerManager: FuncWorker of func_id 1, client_id 25 connected
I1102 19:02:54.581665 IO-0/EL  message_connection.cpp:269] FuncWorkerConnection[1-25]: Handshake done
I1102 19:02:54.582141 Server/E engine.cpp:674] Engine: New message connection
I1102 19:02:54.582196 IO-0/EL  engine.cpp:277] Engine: Receive new handshake message from message connection
I1102 19:02:54.582202 IO-0/EL  worker_manager.cpp:60] WorkerManager: FuncWorker of func_id 1, client_id 26 connected
I1102 19:02:54.582217 IO-0/EL  message_connection.cpp:269] FuncWorkerConnection[1-26]: Handshake done
I1102 19:02:54.582541 Server/E engine.cpp:674] Engine: New message connection
I1102 19:02:54.582592 IO-0/EL  engine.cpp:277] Engine: Receive new handshake message from message connection
I1102 19:02:54.582607 IO-0/EL  worker_manager.cpp:60] WorkerManager: FuncWorker of func_id 1, client_id 27 connected
I1102 19:02:54.582624 IO-0/EL  message_connection.cpp:269] FuncWorkerConnection[1-27]: Handshake done
I1102 19:02:54.583055 Server/E engine.cpp:674] Engine: New message connection
I1102 19:02:54.583099 IO-0/EL  engine.cpp:277] Engine: Receive new handshake message from message connection
I1102 19:02:54.583105 IO-0/EL  worker_manager.cpp:60] WorkerManager: FuncWorker of func_id 1, client_id 28 connected
I1102 19:02:54.583121 IO-0/EL  message_connection.cpp:269] FuncWorkerConnection[1-28]: Handshake done
I1102 19:02:54.583699 Server/E engine.cpp:674] Engine: New message connection
I1102 19:02:54.583736 IO-0/EL  engine.cpp:277] Engine: Receive new handshake message from message connection
I1102 19:02:54.583745 IO-0/EL  worker_manager.cpp:60] WorkerManager: FuncWorker of func_id 1, client_id 29 connected
I1102 19:02:54.583764 IO-0/EL  message_connection.cpp:269] FuncWorkerConnection[1-29]: Handshake done
I1102 19:02:54.584235 Server/E engine.cpp:674] Engine: New message connection
I1102 19:02:54.584270 IO-0/EL  engine.cpp:277] Engine: Receive new handshake message from message connection
I1102 19:02:54.584276 IO-0/EL  worker_manager.cpp:60] WorkerManager: FuncWorker of func_id 1, client_id 30 connected
I1102 19:02:54.584290 IO-0/EL  message_connection.cpp:269] FuncWorkerConnection[1-30]: Handshake done
I1102 19:02:54.585096 Server/E engine.cpp:674] Engine: New message connection
I1102 19:02:54.585130 IO-0/EL  engine.cpp:277] Engine: Receive new handshake message from message connection
I1102 19:02:54.585137 IO-0/EL  worker_manager.cpp:60] WorkerManager: FuncWorker of func_id 1, client_id 32 connected
I1102 19:02:54.585151 IO-0/EL  message_connection.cpp:269] FuncWorkerConnection[1-32]: Handshake done
I1102 19:02:54.585300 Server/E engine.cpp:674] Engine: New message connection
I1102 19:02:54.585337 IO-0/EL  engine.cpp:277] Engine: Receive new handshake message from message connection
I1102 19:02:54.585342 IO-0/EL  worker_manager.cpp:60] WorkerManager: FuncWorker of func_id 1, client_id 31 connected
I1102 19:02:54.585356 IO-0/EL  message_connection.cpp:269] FuncWorkerConnection[1-31]: Handshake done
I1102 19:02:57.393282 IO-0/EL  buffer_pool.h:25] BufferPool[IO-0_Write]: Allocate new buffer, current buffer count is 2
I1102 19:02:57.393307 IO-0/EL  buffer_pool.h:25] BufferPool[IO-0_Write]: Allocate new buffer, current buffer count is 3
I1102 19:02:57.393321 IO-0/EL  buffer_pool.h:25] BufferPool[IO-0_Write]: Allocate new buffer, current buffer count is 4
I1102 19:02:57.393329 IO-0/EL  buffer_pool.h:25] BufferPool[IO-0_Write]: Allocate new buffer, current buffer count is 5
I1102 19:02:57.393340 IO-0/EL  buffer_pool.h:25] BufferPool[IO-0_Write]: Allocate new buffer, current buffer count is 6
I1102 19:02:57.393348 IO-0/EL  buffer_pool.h:25] BufferPool[IO-0_Write]: Allocate new buffer, current buffer count is 7
I1102 19:02:57.393358 IO-0/EL  buffer_pool.h:25] BufferPool[IO-0_Write]: Allocate new buffer, current buffer count is 8
I1102 19:02:57.393367 IO-0/EL  buffer_pool.h:25] BufferPool[IO-0_Write]: Allocate new buffer, current buffer count is 9
I1102 19:02:57.393378 IO-0/EL  buffer_pool.h:25] BufferPool[IO-0_Write]: Allocate new buffer, current buffer count is 10
I1102 19:02:57.393386 IO-0/EL  buffer_pool.h:25] BufferPool[IO-0_Write]: Allocate new buffer, current buffer count is 11
I1102 19:02:57.393398 IO-0/EL  buffer_pool.h:25] BufferPool[IO-0_Write]: Allocate new buffer, current buffer count is 12
I1102 19:02:57.393406 IO-0/EL  buffer_pool.h:25] BufferPool[IO-0_Write]: Allocate new buffer, current buffer count is 13
I1102 19:02:57.393416 IO-0/EL  buffer_pool.h:25] BufferPool[IO-0_Write]: Allocate new buffer, current buffer count is 14
I1102 19:02:57.393426 IO-0/EL  buffer_pool.h:25] BufferPool[IO-0_Write]: Allocate new buffer, current buffer count is 15
I1102 19:02:57.393438 IO-0/EL  buffer_pool.h:25] BufferPool[IO-0_Write]: Allocate new buffer, current buffer count is 16
I1102 19:02:57.393449 IO-0/EL  buffer_pool.h:25] BufferPool[IO-0_Write]: Allocate new buffer, current buffer count is 17
I1102 19:02:57.393474 IO-0/EL  buffer_pool.h:25] BufferPool[IO-0_Write]: Allocate new buffer, current buffer count is 18
I1102 19:02:57.393484 IO-0/EL  buffer_pool.h:25] BufferPool[IO-0_Write]: Allocate new buffer, current buffer count is 19
I1102 19:02:57.393498 IO-0/EL  buffer_pool.h:25] BufferPool[IO-0_Write]: Allocate new buffer, current buffer count is 20
I1102 19:02:57.393510 IO-0/EL  buffer_pool.h:25] BufferPool[IO-0_Write]: Allocate new buffer, current buffer count is 21
I1102 19:02:57.393521 IO-0/EL  buffer_pool.h:25] BufferPool[IO-0_Write]: Allocate new buffer, current buffer count is 22
I1102 19:02:57.393532 IO-0/EL  buffer_pool.h:25] BufferPool[IO-0_Write]: Allocate new buffer, current buffer count is 23
I1102 19:02:57.393543 IO-0/EL  buffer_pool.h:25] BufferPool[IO-0_Write]: Allocate new buffer, current buffer count is 24
I1102 19:02:57.393558 IO-0/EL  buffer_pool.h:25] BufferPool[IO-0_Write]: Allocate new buffer, current buffer count is 25
I1102 19:02:57.393568 IO-0/EL  buffer_pool.h:25] BufferPool[IO-0_Write]: Allocate new buffer, current buffer count is 26
I1102 19:02:57.393582 IO-0/EL  buffer_pool.h:25] BufferPool[IO-0_Write]: Allocate new buffer, current buffer count is 27
I1102 19:02:57.393592 IO-0/EL  buffer_pool.h:25] BufferPool[IO-0_Write]: Allocate new buffer, current buffer count is 28
I1102 19:02:57.393609 IO-0/EL  buffer_pool.h:25] BufferPool[IO-0_Write]: Allocate new buffer, current buffer count is 29
I1102 19:02:57.393619 IO-0/EL  buffer_pool.h:25] BufferPool[IO-0_Write]: Allocate new buffer, current buffer count is 30
I1102 19:02:57.393634 IO-0/EL  buffer_pool.h:25] BufferPool[IO-0_Write]: Allocate new buffer, current buffer count is 31
I1102 19:02:57.393652 IO-0/EL  buffer_pool.h:25] BufferPool[IO-0_Write]: Allocate new buffer, current buffer count is 32
I1102 19:02:57.394041 IO-0/EL  buffer_pool.h:25] BufferPool[IO-0_Write]: Allocate new buffer, current buffer count is 33
I1102 19:02:57.394062 IO-0/EL  buffer_pool.h:25] BufferPool[IO-0_Write]: Allocate new buffer, current buffer count is 34
I1102 19:02:57.394073 IO-0/EL  buffer_pool.h:25] BufferPool[IO-0_Write]: Allocate new buffer, current buffer count is 35
I1102 19:02:57.394087 IO-0/EL  buffer_pool.h:25] BufferPool[IO-0_Write]: Allocate new buffer, current buffer count is 36
I1102 19:02:57.394097 IO-0/EL  buffer_pool.h:25] BufferPool[IO-0_Write]: Allocate new buffer, current buffer count is 37
I1102 19:02:57.394106 IO-0/EL  buffer_pool.h:25] BufferPool[IO-0_Write]: Allocate new buffer, current buffer count is 38
I1102 19:02:57.394115 IO-0/EL  buffer_pool.h:25] BufferPool[IO-0_Write]: Allocate new buffer, current buffer count is 39
I1102 19:02:57.394124 IO-0/EL  buffer_pool.h:25] BufferPool[IO-0_Write]: Allocate new buffer, current buffer count is 40
I1102 19:02:57.394137 IO-0/EL  buffer_pool.h:25] BufferPool[IO-0_Write]: Allocate new buffer, current buffer count is 41
I1102 19:02:57.394150 IO-0/EL  buffer_pool.h:25] BufferPool[IO-0_Write]: Allocate new buffer, current buffer count is 42
I1102 19:02:57.394164 IO-0/EL  buffer_pool.h:25] BufferPool[IO-0_Write]: Allocate new buffer, current buffer count is 43
I1102 19:02:57.394179 IO-0/EL  buffer_pool.h:25] BufferPool[IO-0_Write]: Allocate new buffer, current buffer count is 44
I1102 19:02:57.394195 IO-0/EL  buffer_pool.h:25] BufferPool[IO-0_Write]: Allocate new buffer, current buffer count is 45
I1102 19:02:57.394205 IO-0/EL  buffer_pool.h:25] BufferPool[IO-0_Write]: Allocate new buffer, current buffer count is 46
I1102 19:02:57.394215 IO-0/EL  buffer_pool.h:25] BufferPool[IO-0_Write]: Allocate new buffer, current buffer count is 47
I1102 19:02:57.394224 IO-0/EL  buffer_pool.h:25] BufferPool[IO-0_Write]: Allocate new buffer, current buffer count is 48
I1102 19:02:57.394233 IO-0/EL  buffer_pool.h:25] BufferPool[IO-0_Write]: Allocate new buffer, current buffer count is 49
I1102 19:02:57.394245 IO-0/EL  buffer_pool.h:25] BufferPool[IO-0_Write]: Allocate new buffer, current buffer count is 50
I1102 19:02:57.394264 IO-0/EL  buffer_pool.h:25] BufferPool[IO-0_Write]: Allocate new buffer, current buffer count is 51
I1102 19:02:57.394275 IO-0/EL  buffer_pool.h:25] BufferPool[IO-0_Write]: Allocate new buffer, current buffer count is 52
I1102 19:02:57.394285 IO-0/EL  buffer_pool.h:25] BufferPool[IO-0_Write]: Allocate new buffer, current buffer count is 53
I1102 19:02:57.394296 IO-0/EL  buffer_pool.h:25] BufferPool[IO-0_Write]: Allocate new buffer, current buffer count is 54
I1102 19:02:57.394309 IO-0/EL  buffer_pool.h:25] BufferPool[IO-0_Write]: Allocate new buffer, current buffer count is 55
I1102 19:02:57.394320 IO-0/EL  buffer_pool.h:25] BufferPool[IO-0_Write]: Allocate new buffer, current buffer count is 56
I1102 19:02:57.394329 IO-0/EL  buffer_pool.h:25] BufferPool[IO-0_Write]: Allocate new buffer, current buffer count is 57
I1102 19:02:57.394339 IO-0/EL  buffer_pool.h:25] BufferPool[IO-0_Write]: Allocate new buffer, current buffer count is 58
I1102 19:02:57.394349 IO-0/EL  buffer_pool.h:25] BufferPool[IO-0_Write]: Allocate new buffer, current buffer count is 59
I1102 19:02:57.394358 IO-0/EL  buffer_pool.h:25] BufferPool[IO-0_Write]: Allocate new buffer, current buffer count is 60
I1102 19:02:57.394367 IO-0/EL  buffer_pool.h:25] BufferPool[IO-0_Write]: Allocate new buffer, current buffer count is 61
I1102 19:02:57.394376 IO-0/EL  buffer_pool.h:25] BufferPool[IO-0_Write]: Allocate new buffer, current buffer count is 62
I1102 19:02:57.394385 IO-0/EL  buffer_pool.h:25] BufferPool[IO-0_Write]: Allocate new buffer, current buffer count is 63
I1102 19:02:57.394394 IO-0/EL  buffer_pool.h:25] BufferPool[IO-0_Write]: Allocate new buffer, current buffer count is 64
I1102 19:03:02.449562 Main     server_base.cpp:35] Server: Scheduled to stop
I1102 19:03:02.449657 Server/E server_base.cpp:109] Server: Start stopping process
I1102 19:03:02.449757 IO-0/EL  message_connection.cpp:284] LauncherConnection[1]: Connection closed remotely
