I1102 19:02:54.560429 Main     thread.cpp:100] Register main thread: tid=1393839
E1102 19:02:54.560559 Main     docker.cpp:59] Cannot find docker's cgroup in /proc/self/cgroup
I1102 19:02:54.563788 Launcher thread.cpp:40] Start thread: Launcher/EL
I1102 19:02:54.563834 Launcher thread.cpp:64] Does not find cpuset setting for IO threads (can be set by FAAS_IO_THREAD_CPUSET)
I1102 19:02:54.563840 Launcher thread.cpp:82] Does not find nice setting for IO threads (can be set by FAAS_IO_THREAD_NICE)
I1102 19:02:54.563845 Launcher launcher.cpp:96] Launcher: Event loop starts
I1102 19:02:54.563864 Launcher engine_connection.cpp:93] EngineConnection: Connected to engine, start writing handshake message
I1102 19:02:54.564290 Launcher buffer_pool.h:25] BufferPool[Launcher]: Allocate new buffer, current buffer count is 1
I1102 19:02:54.564321 Launcher func_config.cpp:135] Load configuration for function Echo[1]
I1102 19:02:54.564331 Launcher engine_connection.cpp:65] EngineConnection: Handshake done
W1102 19:02:54.582939 Launcher engine_connection.cpp:166] EngineConnection: nread=0, will do nothing
I1102 19:03:02.449521 Main     launcher.cpp:44] Launcher: Scheduled to stop
E1102 19:03:02.449965 Launcher launcher.cpp:72] Launcher: Connection to engine disconnected
I1102 19:03:02.449999 Launcher launcher.cpp:44] Launcher: Scheduled to stop
W1102 19:03:02.501078 Launcher launcher.cpp:87] Launcher: Function process 5 terminated
W1102 19:03:02.527049 Launcher launcher.cpp:87] Launcher: Function process 31 terminated
W1102 19:03:02.527886 Launcher launcher.cpp:87] Launcher: Function process 30 terminated
W1102 19:03:02.527905 Launcher launcher.cpp:87] Launcher: Function process 29 terminated
W1102 19:03:02.527912 Launcher launcher.cpp:87] Launcher: Function process 28 terminated
W1102 19:03:02.527917 Launcher launcher.cpp:87] Launcher: Function process 27 terminated
W1102 19:03:02.527924 Launcher launcher.cpp:87] Launcher: Function process 22 terminated
W1102 19:03:02.527930 Launcher launcher.cpp:87] Launcher: Function process 19 terminated
W1102 19:03:02.527944 Launcher launcher.cpp:87] Launcher: Function process 18 terminated
W1102 19:03:02.527950 Launcher launcher.cpp:87] Launcher: Function process 16 terminated
W1102 19:03:02.527956 Launcher launcher.cpp:87] Launcher: Function process 13 terminated
W1102 19:03:02.527962 Launcher launcher.cpp:87] Launcher: Function process 8 terminated
W1102 19:03:02.527968 Launcher launcher.cpp:87] Launcher: Function process 26 terminated
W1102 19:03:02.527980 Launcher launcher.cpp:87] Launcher: Function process 23 terminated
W1102 19:03:02.527986 Launcher launcher.cpp:87] Launcher: Function process 17 terminated
W1102 19:03:02.527992 Launcher launcher.cpp:87] Launcher: Function process 14 terminated
W1102 19:03:02.527997 Launcher launcher.cpp:87] Launcher: Function process 12 terminated
W1102 19:03:02.528004 Launcher launcher.cpp:87] Launcher: Function process 9 terminated
W1102 19:03:02.528622 Launcher launcher.cpp:87] Launcher: Function process 0 terminated
W1102 19:03:02.528634 Launcher launcher.cpp:87] Launcher: Function process 25 terminated
W1102 19:03:02.528640 Launcher launcher.cpp:87] Launcher: Function process 24 terminated
W1102 19:03:02.528646 Launcher launcher.cpp:87] Launcher: Function process 21 terminated
W1102 19:03:02.528652 Launcher launcher.cpp:87] Launcher: Function process 20 terminated
W1102 19:03:02.528657 Launcher launcher.cpp:87] Launcher: Function process 15 terminated
W1102 19:03:02.528663 Launcher launcher.cpp:87] Launcher: Function process 11 terminated
W1102 19:03:02.528669 Launcher launcher.cpp:87] Launcher: Function process 10 terminated
W1102 19:03:02.528674 Launcher launcher.cpp:87] Launcher: Function process 7 terminated
W1102 19:03:02.528680 Launcher launcher.cpp:87] Launcher: Function process 6 terminated
W1102 19:03:02.528686 Launcher launcher.cpp:87] Launcher: Function process 4 terminated
W1102 19:03:02.528691 Launcher launcher.cpp:87] Launcher: Function process 3 terminated
W1102 19:03:02.528697 Launcher launcher.cpp:87] Launcher: Function process 2 terminated
W1102 19:03:02.528734 Launcher launcher.cpp:87] Launcher: Function process 1 terminated
I1102 19:03:02.528741 Launcher launcher.cpp:101] Launcher: Event loop finishes
I1102 19:03:02.528814 Main     launcher.cpp:68] Launcher: Stopped
