I1102 18:09:55.545470 Main     thread.cpp:100] Register main thread: tid=1370932
E1102 18:09:55.545612 Main     docker.cpp:59] Cannot find docker's cgroup in /proc/self/cgroup
I1102 18:09:55.548788 Launcher thread.cpp:40] Start thread: Launcher/EL
I1102 18:09:55.548837 Launcher thread.cpp:64] Does not find cpuset setting for IO threads (can be set by FAAS_IO_THREAD_CPUSET)
I1102 18:09:55.548843 Launcher thread.cpp:82] Does not find nice setting for IO threads (can be set by FAAS_IO_THREAD_NICE)
I1102 18:09:55.548847 Launcher launcher.cpp:96] Launcher: Event loop starts
I1102 18:09:55.548865 Launcher engine_connection.cpp:93] EngineConnection: Connected to engine, start writing handshake message
I1102 18:09:55.549112 Launcher buffer_pool.h:25] BufferPool[Launcher]: Allocate new buffer, current buffer count is 1
I1102 18:09:55.549138 Launcher func_config.cpp:135] Load configuration for function Noop[1]
I1102 18:09:55.549148 Launcher engine_connection.cpp:65] EngineConnection: Handshake done
W1102 18:09:55.561313 Launcher engine_connection.cpp:166] EngineConnection: nread=0, will do nothing
I1102 18:10:03.445656 Main     launcher.cpp:44] Launcher: Scheduled to stop
E1102 18:10:03.445909 Launcher launcher.cpp:72] Launcher: Connection to engine disconnected
I1102 18:10:03.445960 Launcher launcher.cpp:44] Launcher: Scheduled to stop
W1102 18:10:03.446196 Launcher launcher.cpp:87] Launcher: Function process 0 terminated
W1102 18:10:03.446486 Launcher launcher.cpp:87] Launcher: Function process 6 terminated
W1102 18:10:03.446621 Launcher launcher.cpp:87] Launcher: Function process 5 terminated
W1102 18:10:03.446626 Launcher launcher.cpp:87] Launcher: Function process 4 terminated
W1102 18:10:03.446729 Launcher launcher.cpp:87] Launcher: Function process 11 terminated
W1102 18:10:03.446736 Launcher launcher.cpp:87] Launcher: Function process 10 terminated
W1102 18:10:03.446739 Launcher launcher.cpp:87] Launcher: Function process 12 terminated
W1102 18:10:03.446775 Launcher launcher.cpp:87] Launcher: Function process 7 terminated
W1102 18:10:03.447209 Launcher launcher.cpp:87] Launcher: Function process 15 terminated
W1102 18:10:03.447239 Launcher launcher.cpp:87] Launcher: Function process 14 terminated
W1102 18:10:03.447246 Launcher launcher.cpp:87] Launcher: Function process 13 terminated
W1102 18:10:03.447252 Launcher launcher.cpp:87] Launcher: Function process 9 terminated
W1102 18:10:03.447258 Launcher launcher.cpp:87] Launcher: Function process 8 terminated
W1102 18:10:03.447264 Launcher launcher.cpp:87] Launcher: Function process 3 terminated
W1102 18:10:03.447270 Launcher launcher.cpp:87] Launcher: Function process 2 terminated
W1102 18:10:03.447276 Launcher launcher.cpp:87] Launcher: Function process 1 terminated
I1102 18:10:03.447282 Launcher launcher.cpp:101] Launcher: Event loop finishes
I1102 18:10:03.447373 Main     launcher.cpp:68] Launcher: Stopped
