I1102 19:04:51.893257 Main     thread.cpp:100] Register main thread: tid=1395108
E1102 19:04:51.893949 Main     docker.cpp:59] Cannot find docker's cgroup in /proc/self/cgroup
I1102 19:04:51.894008 Main     func_config.cpp:135] Load configuration for function Echo[1]
I1102 19:04:51.894021 Main     engine.cpp:109] Engine: Start 1 IO workers
I1102 19:04:51.897253 IO-0/EL  thread.cpp:40] Start thread: IO-0/EL
I1102 19:04:51.897300 IO-0/EL  io_worker.cpp:192] IO-0: Event loop starts
Checking for file descriptor...
Got a file descriptor!
I1102 19:04:53.366355 Main     engine.cpp:180] Engine: Created 1 Machnet connections to Gateway at 10.10.1.2:10007
I1102 19:04:53.366493 Main     engine.cpp:208] Engine: Listen on /dev/shm/faas_ipc/engine.sock for IPC connections
I1102 19:04:53.366756 Server/E thread.cpp:40] Start thread: Server/EL
I1102 19:04:53.366834 Server/E server_base.cpp:50] Server: Event loop starts
I1102 19:04:53.894790 Server/E engine.cpp:674] Engine: New message connection
I1102 19:04:53.898082 IO-0/EL  buffer_pool.h:25] BufferPool[IO-0_Read]: Allocate new buffer, current buffer count is 1
I1102 19:04:53.898116 IO-0/EL  engine.cpp:277] Engine: Receive new handshake message from message connection
I1102 19:04:53.898123 IO-0/EL  worker_manager.cpp:23] WorkerManager: Launcher of func_id 1 connected
I1102 19:04:53.898128 IO-0/EL  worker_manager.cpp:131] WorkerManager: Request new FuncWorker for func_id 1 with client_id 1
I1102 19:04:53.898148 IO-0/EL  worker_manager.cpp:131] WorkerManager: Request new FuncWorker for func_id 1 with client_id 2
I1102 19:04:53.898161 IO-0/EL  worker_manager.cpp:131] WorkerManager: Request new FuncWorker for func_id 1 with client_id 3
I1102 19:04:53.898171 IO-0/EL  worker_manager.cpp:131] WorkerManager: Request new FuncWorker for func_id 1 with client_id 4
I1102 19:04:53.898180 IO-0/EL  worker_manager.cpp:131] WorkerManager: Request new FuncWorker for func_id 1 with client_id 5
I1102 19:04:53.898189 IO-0/EL  worker_manager.cpp:131] WorkerManager: Request new FuncWorker for func_id 1 with client_id 6
I1102 19:04:53.898200 IO-0/EL  worker_manager.cpp:131] WorkerManager: Request new FuncWorker for func_id 1 with client_id 7
I1102 19:04:53.898210 IO-0/EL  worker_manager.cpp:131] WorkerManager: Request new FuncWorker for func_id 1 with client_id 8
I1102 19:04:53.898222 IO-0/EL  worker_manager.cpp:131] WorkerManager: Request new FuncWorker for func_id 1 with client_id 9
I1102 19:04:53.898232 IO-0/EL  worker_manager.cpp:131] WorkerManager: Request new FuncWorker for func_id 1 with client_id 10
I1102 19:04:53.898243 IO-0/EL  worker_manager.cpp:131] WorkerManager: Request new FuncWorker for func_id 1 with client_id 11
I1102 19:04:53.898252 IO-0/EL  worker_manager.cpp:131] WorkerManager: Request new FuncWorker for func_id 1 with client_id 12
I1102 19:04:53.898264 IO-0/EL  worker_manager.cpp:131] WorkerManager: Request new FuncWorker for func_id 1 with client_id 13
I1102 19:04:53.898273 IO-0/EL  worker_manager.cpp:131] WorkerManager: Request new FuncWorker for func_id 1 with client_id 14
I1102 19:04:53.898283 IO-0/EL  worker_manager.cpp:131] WorkerManager: Request new FuncWorker for func_id 1 with client_id 15
I1102 19:04:53.898294 IO-0/EL  worker_manager.cpp:131] WorkerManager: Request new FuncWorker for func_id 1 with client_id 16
I1102 19:04:53.898303 IO-0/EL  worker_manager.cpp:131] WorkerManager: Request new FuncWorker for func_id 1 with client_id 17
I1102 19:04:53.898324 IO-0/EL  worker_manager.cpp:131] WorkerManager: Request new FuncWorker for func_id 1 with client_id 18
I1102 19:04:53.898333 IO-0/EL  worker_manager.cpp:131] WorkerManager: Request new FuncWorker for func_id 1 with client_id 19
I1102 19:04:53.898346 IO-0/EL  worker_manager.cpp:131] WorkerManager: Request new FuncWorker for func_id 1 with client_id 20
I1102 19:04:53.898357 IO-0/EL  worker_manager.cpp:131] WorkerManager: Request new FuncWorker for func_id 1 with client_id 21
I1102 19:04:53.898367 IO-0/EL  worker_manager.cpp:131] WorkerManager: Request new FuncWorker for func_id 1 with client_id 22
I1102 19:04:53.898376 IO-0/EL  worker_manager.cpp:131] WorkerManager: Request new FuncWorker for func_id 1 with client_id 23
I1102 19:04:53.898401 IO-0/EL  worker_manager.cpp:131] WorkerManager: Request new FuncWorker for func_id 1 with client_id 24
I1102 19:04:53.898412 IO-0/EL  worker_manager.cpp:131] WorkerManager: Request new FuncWorker for func_id 1 with client_id 25
I1102 19:04:53.898421 IO-0/EL  worker_manager.cpp:131] WorkerManager: Request new FuncWorker for func_id 1 with client_id 26
I1102 19:04:53.898431 IO-0/EL  worker_manager.cpp:131] WorkerManager: Request new FuncWorker for func_id 1 with client_id 27
I1102 19:04:53.898443 IO-0/EL  worker_manager.cpp:131] WorkerManager: Request new FuncWorker for func_id 1 with client_id 28
I1102 19:04:53.898453 IO-0/EL  worker_manager.cpp:131] WorkerManager: Request new FuncWorker for func_id 1 with client_id 29
I1102 19:04:53.898462 IO-0/EL  worker_manager.cpp:131] WorkerManager: Request new FuncWorker for func_id 1 with client_id 30
I1102 19:04:53.898472 IO-0/EL  worker_manager.cpp:131] WorkerManager: Request new FuncWorker for func_id 1 with client_id 31
I1102 19:04:53.898482 IO-0/EL  worker_manager.cpp:131] WorkerManager: Request new FuncWorker for func_id 1 with client_id 32
I1102 19:04:53.898491 IO-0/EL  worker_manager.cpp:131] WorkerManager: Request new FuncWorker for func_id 1 with client_id 33
I1102 19:04:53.898529 IO-0/EL  worker_manager.cpp:131] WorkerManager: Request new FuncWorker for func_id 1 with client_id 34
I1102 19:04:53.898540 IO-0/EL  worker_manager.cpp:131] WorkerManager: Request new FuncWorker for func_id 1 with client_id 35
I1102 19:04:53.898552 IO-0/EL  worker_manager.cpp:131] WorkerManager: Request new FuncWorker for func_id 1 with client_id 36
I1102 19:04:53.898562 IO-0/EL  worker_manager.cpp:131] WorkerManager: Request new FuncWorker for func_id 1 with client_id 37
I1102 19:04:53.898571 IO-0/EL  worker_manager.cpp:131] WorkerManager: Request new FuncWorker for func_id 1 with client_id 38
I1102 19:04:53.898582 IO-0/EL  worker_manager.cpp:131] WorkerManager: Request new FuncWorker for func_id 1 with client_id 39
I1102 19:04:53.898593 IO-0/EL  worker_manager.cpp:131] WorkerManager: Request new FuncWorker for func_id 1 with client_id 40
I1102 19:04:53.898602 IO-0/EL  worker_manager.cpp:131] WorkerManager: Request new FuncWorker for func_id 1 with client_id 41
I1102 19:04:53.898612 IO-0/EL  worker_manager.cpp:131] WorkerManager: Request new FuncWorker for func_id 1 with client_id 42
I1102 19:04:53.898623 IO-0/EL  worker_manager.cpp:131] WorkerManager: Request new FuncWorker for func_id 1 with client_id 43
I1102 19:04:53.898634 IO-0/EL  worker_manager.cpp:131] WorkerManager: Request new FuncWorker for func_id 1 with client_id 44
I1102 19:04:53.898643 IO-0/EL  worker_manager.cpp:131] WorkerManager: Request new FuncWorker for func_id 1 with client_id 45
I1102 19:04:53.898654 IO-0/EL  worker_manager.cpp:131] WorkerManager: Request new FuncWorker for func_id 1 with client_id 46
I1102 19:04:53.898664 IO-0/EL  worker_manager.cpp:131] WorkerManager: Request new FuncWorker for func_id 1 with client_id 47
I1102 19:04:53.898675 IO-0/EL  worker_manager.cpp:131] WorkerManager: Request new FuncWorker for func_id 1 with client_id 48
I1102 19:04:53.898684 IO-0/EL  worker_manager.cpp:131] WorkerManager: Request new FuncWorker for func_id 1 with client_id 49
I1102 19:04:53.898693 IO-0/EL  worker_manager.cpp:131] WorkerManager: Request new FuncWorker for func_id 1 with client_id 50
I1102 19:04:53.898705 IO-0/EL  worker_manager.cpp:131] WorkerManager: Request new FuncWorker for func_id 1 with client_id 51
I1102 19:04:53.898720 IO-0/EL  worker_manager.cpp:131] WorkerManager: Request new FuncWorker for func_id 1 with client_id 52
I1102 19:04:53.898730 IO-0/EL  worker_manager.cpp:131] WorkerManager: Request new FuncWorker for func_id 1 with client_id 53
I1102 19:04:53.898741 IO-0/EL  worker_manager.cpp:131] WorkerManager: Request new FuncWorker for func_id 1 with client_id 54
I1102 19:04:53.898750 IO-0/EL  worker_manager.cpp:131] WorkerManager: Request new FuncWorker for func_id 1 with client_id 55
I1102 19:04:53.898761 IO-0/EL  worker_manager.cpp:131] WorkerManager: Request new FuncWorker for func_id 1 with client_id 56
I1102 19:04:53.898777 IO-0/EL  worker_manager.cpp:131] WorkerManager: Request new FuncWorker for func_id 1 with client_id 57
I1102 19:04:53.898788 IO-0/EL  worker_manager.cpp:131] WorkerManager: Request new FuncWorker for func_id 1 with client_id 58
I1102 19:04:53.898797 IO-0/EL  worker_manager.cpp:131] WorkerManager: Request new FuncWorker for func_id 1 with client_id 59
I1102 19:04:53.898808 IO-0/EL  worker_manager.cpp:131] WorkerManager: Request new FuncWorker for func_id 1 with client_id 60
I1102 19:04:53.898819 IO-0/EL  worker_manager.cpp:131] WorkerManager: Request new FuncWorker for func_id 1 with client_id 61
I1102 19:04:53.898829 IO-0/EL  worker_manager.cpp:131] WorkerManager: Request new FuncWorker for func_id 1 with client_id 62
I1102 19:04:53.898839 IO-0/EL  worker_manager.cpp:131] WorkerManager: Request new FuncWorker for func_id 1 with client_id 63
I1102 19:04:53.898849 IO-0/EL  worker_manager.cpp:131] WorkerManager: Request new FuncWorker for func_id 1 with client_id 64
I1102 19:04:53.898903 IO-0/EL  buffer_pool.h:25] BufferPool[IO-0_Write]: Allocate new buffer, current buffer count is 1
I1102 19:04:53.898926 IO-0/EL  message_connection.cpp:269] LauncherConnection[1]: Handshake done
I1102 19:04:53.902418 Server/E engine.cpp:674] Engine: New message connection
I1102 19:04:53.902448 IO-0/EL  engine.cpp:277] Engine: Receive new handshake message from message connection
I1102 19:04:53.902453 IO-0/EL  worker_manager.cpp:60] WorkerManager: FuncWorker of func_id 1, client_id 1 connected
I1102 19:04:53.902464 IO-0/EL  dispatcher.cpp:47] Dispatcher[1]: min_workers=64
I1102 19:04:53.902468 IO-0/EL  dispatcher.cpp:51] Dispatcher[1]: max_workers=64
I1102 19:04:53.902488 IO-0/EL  message_connection.cpp:269] FuncWorkerConnection[1-1]: Handshake done
I1102 19:04:53.903517 Server/E engine.cpp:674] Engine: New message connection
I1102 19:04:53.903543 IO-0/EL  engine.cpp:277] Engine: Receive new handshake message from message connection
I1102 19:04:53.903549 IO-0/EL  worker_manager.cpp:60] WorkerManager: FuncWorker of func_id 1, client_id 2 connected
I1102 19:04:53.903565 IO-0/EL  message_connection.cpp:269] FuncWorkerConnection[1-2]: Handshake done
I1102 19:04:53.905215 Server/E engine.cpp:674] Engine: New message connection
I1102 19:04:53.905241 IO-0/EL  engine.cpp:277] Engine: Receive new handshake message from message connection
I1102 19:04:53.905246 IO-0/EL  worker_manager.cpp:60] WorkerManager: FuncWorker of func_id 1, client_id 3 connected
I1102 19:04:53.905260 IO-0/EL  message_connection.cpp:269] FuncWorkerConnection[1-3]: Handshake done
I1102 19:04:53.906018 Server/E engine.cpp:674] Engine: New message connection
I1102 19:04:53.906041 IO-0/EL  engine.cpp:277] Engine: Receive new handshake message from message connection
I1102 19:04:53.906046 IO-0/EL  worker_manager.cpp:60] WorkerManager: FuncWorker of func_id 1, client_id 4 connected
I1102 19:04:53.906060 IO-0/EL  message_connection.cpp:269] FuncWorkerConnection[1-4]: Handshake done
I1102 19:04:53.908178 Server/E engine.cpp:674] Engine: New message connection
I1102 19:04:53.908200 IO-0/EL  engine.cpp:277] Engine: Receive new handshake message from message connection
I1102 19:04:53.908205 IO-0/EL  worker_manager.cpp:60] WorkerManager: FuncWorker of func_id 1, client_id 5 connected
I1102 19:04:53.908219 IO-0/EL  message_connection.cpp:269] FuncWorkerConnection[1-5]: Handshake done
I1102 19:04:53.908280 Server/E engine.cpp:674] Engine: New message connection
I1102 19:04:53.908309 IO-0/EL  engine.cpp:277] Engine: Receive new handshake message from message connection
I1102 19:04:53.908313 IO-0/EL  worker_manager.cpp:60] WorkerManager: FuncWorker of func_id 1, client_id 6 connected
I1102 19:04:53.908326 IO-0/EL  message_connection.cpp:269] FuncWorkerConnection[1-6]: Handshake done
I1102 19:04:53.908965 Server/E engine.cpp:674] Engine: New message connection
I1102 19:04:53.909006 IO-0/EL  engine.cpp:277] Engine: Receive new handshake message from message connection
I1102 19:04:53.909019 IO-0/EL  worker_manager.cpp:60] WorkerManager: FuncWorker of func_id 1, client_id 7 connected
I1102 19:04:53.909032 IO-0/EL  message_connection.cpp:269] FuncWorkerConnection[1-7]: Handshake done
I1102 19:04:53.909990 Server/E engine.cpp:674] Engine: New message connection
I1102 19:04:53.910022 IO-0/EL  engine.cpp:277] Engine: Receive new handshake message from message connection
I1102 19:04:53.910027 IO-0/EL  worker_manager.cpp:60] WorkerManager: FuncWorker of func_id 1, client_id 9 connected
I1102 19:04:53.910041 IO-0/EL  message_connection.cpp:269] FuncWorkerConnection[1-9]: Handshake done
I1102 19:04:53.911408 Server/E engine.cpp:674] Engine: New message connection
I1102 19:04:53.911449 Server/E engine.cpp:674] Engine: New message connection
I1102 19:04:53.911452 IO-0/EL  engine.cpp:277] Engine: Receive new handshake message from message connection
I1102 19:04:53.911462 IO-0/EL  worker_manager.cpp:60] WorkerManager: FuncWorker of func_id 1, client_id 8 connected
I1102 19:04:53.911476 IO-0/EL  message_connection.cpp:269] FuncWorkerConnection[1-8]: Handshake done
I1102 19:04:53.911489 IO-0/EL  engine.cpp:277] Engine: Receive new handshake message from message connection
I1102 19:04:53.911494 IO-0/EL  worker_manager.cpp:60] WorkerManager: FuncWorker of func_id 1, client_id 11 connected
I1102 19:04:53.911508 IO-0/EL  message_connection.cpp:269] FuncWorkerConnection[1-11]: Handshake done
I1102 19:04:53.911860 Server/E engine.cpp:674] Engine: New message connection
I1102 19:04:53.911884 IO-0/EL  engine.cpp:277] Engine: Receive new handshake message from message connection
I1102 19:04:53.911888 IO-0/EL  worker_manager.cpp:60] WorkerManager: FuncWorker of func_id 1, client_id 12 connected
I1102 19:04:53.911901 IO-0/EL  message_connection.cpp:269] FuncWorkerConnection[1-12]: Handshake done
I1102 19:04:53.912351 Server/E engine.cpp:674] Engine: New message connection
I1102 19:04:53.912373 IO-0/EL  engine.cpp:277] Engine: Receive new handshake message from message connection
I1102 19:04:53.912378 IO-0/EL  worker_manager.cpp:60] WorkerManager: FuncWorker of func_id 1, client_id 13 connected
I1102 19:04:53.912383 Server/E engine.cpp:674] Engine: New message connection
I1102 19:04:53.912390 IO-0/EL  message_connection.cpp:269] FuncWorkerConnection[1-13]: Handshake done
I1102 19:04:53.912405 IO-0/EL  engine.cpp:277] Engine: Receive new handshake message from message connection
I1102 19:04:53.912409 IO-0/EL  worker_manager.cpp:60] WorkerManager: FuncWorker of func_id 1, client_id 10 connected
I1102 19:04:53.912423 IO-0/EL  message_connection.cpp:269] FuncWorkerConnection[1-10]: Handshake done
I1102 19:04:53.912703 Server/E engine.cpp:674] Engine: New message connection
I1102 19:04:53.912734 IO-0/EL  engine.cpp:277] Engine: Receive new handshake message from message connection
I1102 19:04:53.912739 IO-0/EL  worker_manager.cpp:60] WorkerManager: FuncWorker of func_id 1, client_id 14 connected
I1102 19:04:53.912753 IO-0/EL  message_connection.cpp:269] FuncWorkerConnection[1-14]: Handshake done
I1102 19:04:53.913168 Server/E engine.cpp:674] Engine: New message connection
I1102 19:04:53.913238 IO-0/EL  engine.cpp:277] Engine: Receive new handshake message from message connection
I1102 19:04:53.913243 IO-0/EL  worker_manager.cpp:60] WorkerManager: FuncWorker of func_id 1, client_id 15 connected
I1102 19:04:53.913258 IO-0/EL  message_connection.cpp:269] FuncWorkerConnection[1-15]: Handshake done
I1102 19:04:53.913697 Server/E engine.cpp:674] Engine: New message connection
I1102 19:04:53.913752 IO-0/EL  engine.cpp:277] Engine: Receive new handshake message from message connection
I1102 19:04:53.913757 IO-0/EL  worker_manager.cpp:60] WorkerManager: FuncWorker of func_id 1, client_id 16 connected
I1102 19:04:53.913771 IO-0/EL  message_connection.cpp:269] FuncWorkerConnection[1-16]: Handshake done
I1102 19:04:53.914110 Server/E engine.cpp:674] Engine: New message connection
I1102 19:04:53.914145 IO-0/EL  engine.cpp:277] Engine: Receive new handshake message from message connection
I1102 19:04:53.914149 IO-0/EL  worker_manager.cpp:60] WorkerManager: FuncWorker of func_id 1, client_id 17 connected
I1102 19:04:53.914179 IO-0/EL  message_connection.cpp:269] FuncWorkerConnection[1-17]: Handshake done
I1102 19:04:53.914558 Server/E engine.cpp:674] Engine: New message connection
I1102 19:04:53.914584 IO-0/EL  engine.cpp:277] Engine: Receive new handshake message from message connection
I1102 19:04:53.914589 IO-0/EL  worker_manager.cpp:60] WorkerManager: FuncWorker of func_id 1, client_id 18 connected
I1102 19:04:53.914602 IO-0/EL  message_connection.cpp:269] FuncWorkerConnection[1-18]: Handshake done
I1102 19:04:53.915078 Server/E engine.cpp:674] Engine: New message connection
I1102 19:04:53.915126 IO-0/EL  engine.cpp:277] Engine: Receive new handshake message from message connection
I1102 19:04:53.915132 IO-0/EL  worker_manager.cpp:60] WorkerManager: FuncWorker of func_id 1, client_id 19 connected
I1102 19:04:53.915145 IO-0/EL  message_connection.cpp:269] FuncWorkerConnection[1-19]: Handshake done
I1102 19:04:53.915413 Server/E engine.cpp:674] Engine: New message connection
I1102 19:04:53.915452 IO-0/EL  engine.cpp:277] Engine: Receive new handshake message from message connection
I1102 19:04:53.915456 IO-0/EL  worker_manager.cpp:60] WorkerManager: FuncWorker of func_id 1, client_id 20 connected
I1102 19:04:53.915469 IO-0/EL  message_connection.cpp:269] FuncWorkerConnection[1-20]: Handshake done
I1102 19:04:53.915981 Server/E engine.cpp:674] Engine: New message connection
I1102 19:04:53.916027 IO-0/EL  engine.cpp:277] Engine: Receive new handshake message from message connection
I1102 19:04:53.916032 IO-0/EL  worker_manager.cpp:60] WorkerManager: FuncWorker of func_id 1, client_id 21 connected
I1102 19:04:53.916045 IO-0/EL  message_connection.cpp:269] FuncWorkerConnection[1-21]: Handshake done
I1102 19:04:53.916546 Server/E engine.cpp:674] Engine: New message connection
I1102 19:04:53.916586 IO-0/EL  engine.cpp:277] Engine: Receive new handshake message from message connection
I1102 19:04:53.916591 IO-0/EL  worker_manager.cpp:60] WorkerManager: FuncWorker of func_id 1, client_id 22 connected
I1102 19:04:53.916603 IO-0/EL  message_connection.cpp:269] FuncWorkerConnection[1-22]: Handshake done
I1102 19:04:53.916981 Server/E engine.cpp:674] Engine: New message connection
I1102 19:04:53.917028 IO-0/EL  engine.cpp:277] Engine: Receive new handshake message from message connection
I1102 19:04:53.917032 IO-0/EL  worker_manager.cpp:60] WorkerManager: FuncWorker of func_id 1, client_id 23 connected
I1102 19:04:53.917046 IO-0/EL  message_connection.cpp:269] FuncWorkerConnection[1-23]: Handshake done
I1102 19:04:53.917398 Server/E engine.cpp:674] Engine: New message connection
I1102 19:04:53.917440 IO-0/EL  engine.cpp:277] Engine: Receive new handshake message from message connection
I1102 19:04:53.917445 IO-0/EL  worker_manager.cpp:60] WorkerManager: FuncWorker of func_id 1, client_id 24 connected
I1102 19:04:53.917457 IO-0/EL  message_connection.cpp:269] FuncWorkerConnection[1-24]: Handshake done
I1102 19:04:53.917934 Server/E engine.cpp:674] Engine: New message connection
I1102 19:04:53.917980 IO-0/EL  engine.cpp:277] Engine: Receive new handshake message from message connection
I1102 19:04:53.917986 IO-0/EL  worker_manager.cpp:60] WorkerManager: FuncWorker of func_id 1, client_id 25 connected
I1102 19:04:53.917999 IO-0/EL  message_connection.cpp:269] FuncWorkerConnection[1-25]: Handshake done
I1102 19:04:53.918582 Server/E engine.cpp:674] Engine: New message connection
I1102 19:04:53.918621 IO-0/EL  engine.cpp:277] Engine: Receive new handshake message from message connection
I1102 19:04:53.918625 IO-0/EL  worker_manager.cpp:60] WorkerManager: FuncWorker of func_id 1, client_id 26 connected
I1102 19:04:53.918638 IO-0/EL  message_connection.cpp:269] FuncWorkerConnection[1-26]: Handshake done
I1102 19:04:53.918921 Server/E engine.cpp:674] Engine: New message connection
I1102 19:04:53.918965 IO-0/EL  engine.cpp:277] Engine: Receive new handshake message from message connection
I1102 19:04:53.918970 IO-0/EL  worker_manager.cpp:60] WorkerManager: FuncWorker of func_id 1, client_id 27 connected
I1102 19:04:53.918989 IO-0/EL  message_connection.cpp:269] FuncWorkerConnection[1-27]: Handshake done
I1102 19:04:53.919445 Server/E engine.cpp:674] Engine: New message connection
I1102 19:04:53.919492 IO-0/EL  engine.cpp:277] Engine: Receive new handshake message from message connection
I1102 19:04:53.919497 IO-0/EL  worker_manager.cpp:60] WorkerManager: FuncWorker of func_id 1, client_id 28 connected
I1102 19:04:53.919511 IO-0/EL  message_connection.cpp:269] FuncWorkerConnection[1-28]: Handshake done
I1102 19:04:53.919932 Server/E engine.cpp:674] Engine: New message connection
I1102 19:04:53.919973 IO-0/EL  engine.cpp:277] Engine: Receive new handshake message from message connection
I1102 19:04:53.919978 IO-0/EL  worker_manager.cpp:60] WorkerManager: FuncWorker of func_id 1, client_id 29 connected
I1102 19:04:53.919998 IO-0/EL  message_connection.cpp:269] FuncWorkerConnection[1-29]: Handshake done
I1102 19:04:53.920386 Server/E engine.cpp:674] Engine: New message connection
I1102 19:04:53.920427 IO-0/EL  engine.cpp:277] Engine: Receive new handshake message from message connection
I1102 19:04:53.920433 IO-0/EL  worker_manager.cpp:60] WorkerManager: FuncWorker of func_id 1, client_id 30 connected
I1102 19:04:53.920445 IO-0/EL  message_connection.cpp:269] FuncWorkerConnection[1-30]: Handshake done
I1102 19:04:53.920827 Server/E engine.cpp:674] Engine: New message connection
I1102 19:04:53.920864 IO-0/EL  engine.cpp:277] Engine: Receive new handshake message from message connection
I1102 19:04:53.920869 IO-0/EL  worker_manager.cpp:60] WorkerManager: FuncWorker of func_id 1, client_id 31 connected
I1102 19:04:53.920882 IO-0/EL  message_connection.cpp:269] FuncWorkerConnection[1-31]: Handshake done
I1102 19:04:53.921346 Server/E engine.cpp:674] Engine: New message connection
I1102 19:04:53.921377 IO-0/EL  engine.cpp:277] Engine: Receive new handshake message from message connection
I1102 19:04:53.921382 IO-0/EL  worker_manager.cpp:60] WorkerManager: FuncWorker of func_id 1, client_id 32 connected
I1102 19:04:53.921396 IO-0/EL  message_connection.cpp:269] FuncWorkerConnection[1-32]: Handshake done
I1102 19:04:53.921821 Server/E engine.cpp:674] Engine: New message connection
I1102 19:04:53.921861 IO-0/EL  engine.cpp:277] Engine: Receive new handshake message from message connection
I1102 19:04:53.921866 IO-0/EL  worker_manager.cpp:60] WorkerManager: FuncWorker of func_id 1, client_id 33 connected
I1102 19:04:53.921880 IO-0/EL  message_connection.cpp:269] FuncWorkerConnection[1-33]: Handshake done
I1102 19:04:53.922204 Server/E engine.cpp:674] Engine: New message connection
I1102 19:04:53.922245 IO-0/EL  engine.cpp:277] Engine: Receive new handshake message from message connection
I1102 19:04:53.922249 IO-0/EL  worker_manager.cpp:60] WorkerManager: FuncWorker of func_id 1, client_id 34 connected
I1102 19:04:53.922263 IO-0/EL  message_connection.cpp:269] FuncWorkerConnection[1-34]: Handshake done
I1102 19:04:53.922651 Server/E engine.cpp:674] Engine: New message connection
I1102 19:04:53.922676 IO-0/EL  engine.cpp:277] Engine: Receive new handshake message from message connection
I1102 19:04:53.922680 IO-0/EL  worker_manager.cpp:60] WorkerManager: FuncWorker of func_id 1, client_id 35 connected
I1102 19:04:53.922693 IO-0/EL  message_connection.cpp:269] FuncWorkerConnection[1-35]: Handshake done
I1102 19:04:53.923114 Server/E engine.cpp:674] Engine: New message connection
I1102 19:04:53.923141 IO-0/EL  engine.cpp:277] Engine: Receive new handshake message from message connection
I1102 19:04:53.923146 IO-0/EL  worker_manager.cpp:60] WorkerManager: FuncWorker of func_id 1, client_id 36 connected
I1102 19:04:53.923159 IO-0/EL  message_connection.cpp:269] FuncWorkerConnection[1-36]: Handshake done
I1102 19:04:53.923606 Server/E engine.cpp:674] Engine: New message connection
I1102 19:04:53.923639 IO-0/EL  engine.cpp:277] Engine: Receive new handshake message from message connection
I1102 19:04:53.923643 IO-0/EL  worker_manager.cpp:60] WorkerManager: FuncWorker of func_id 1, client_id 37 connected
I1102 19:04:53.923663 IO-0/EL  message_connection.cpp:269] FuncWorkerConnection[1-37]: Handshake done
I1102 19:04:53.924422 Server/E engine.cpp:674] Engine: New message connection
I1102 19:04:53.924461 IO-0/EL  engine.cpp:277] Engine: Receive new handshake message from message connection
I1102 19:04:53.924466 IO-0/EL  worker_manager.cpp:60] WorkerManager: FuncWorker of func_id 1, client_id 38 connected
I1102 19:04:53.924480 IO-0/EL  message_connection.cpp:269] FuncWorkerConnection[1-38]: Handshake done
I1102 19:04:53.924888 Server/E engine.cpp:674] Engine: New message connection
I1102 19:04:53.924922 IO-0/EL  engine.cpp:277] Engine: Receive new handshake message from message connection
I1102 19:04:53.924927 IO-0/EL  worker_manager.cpp:60] WorkerManager: FuncWorker of func_id 1, client_id 39 connected
I1102 19:04:53.924941 IO-0/EL  message_connection.cpp:269] FuncWorkerConnection[1-39]: Handshake done
I1102 19:04:53.925309 Server/E engine.cpp:674] Engine: New message connection
I1102 19:04:53.925356 IO-0/EL  engine.cpp:277] Engine: Receive new handshake message from message connection
I1102 19:04:53.925361 IO-0/EL  worker_manager.cpp:60] WorkerManager: FuncWorker of func_id 1, client_id 40 connected
I1102 19:04:53.925375 IO-0/EL  message_connection.cpp:269] FuncWorkerConnection[1-40]: Handshake done
I1102 19:04:53.925722 Server/E engine.cpp:674] Engine: New message connection
I1102 19:04:53.925781 IO-0/EL  engine.cpp:277] Engine: Receive new handshake message from message connection
I1102 19:04:53.925785 IO-0/EL  worker_manager.cpp:60] WorkerManager: FuncWorker of func_id 1, client_id 41 connected
I1102 19:04:53.925802 IO-0/EL  message_connection.cpp:269] FuncWorkerConnection[1-41]: Handshake done
I1102 19:04:53.926196 Server/E engine.cpp:674] Engine: New message connection
I1102 19:04:53.926225 IO-0/EL  engine.cpp:277] Engine: Receive new handshake message from message connection
I1102 19:04:53.926230 IO-0/EL  worker_manager.cpp:60] WorkerManager: FuncWorker of func_id 1, client_id 42 connected
I1102 19:04:53.926242 IO-0/EL  message_connection.cpp:269] FuncWorkerConnection[1-42]: Handshake done
I1102 19:04:53.926627 Server/E engine.cpp:674] Engine: New message connection
I1102 19:04:53.926647 IO-0/EL  engine.cpp:277] Engine: Receive new handshake message from message connection
I1102 19:04:53.926655 IO-0/EL  worker_manager.cpp:60] WorkerManager: FuncWorker of func_id 1, client_id 43 connected
I1102 19:04:53.926671 IO-0/EL  message_connection.cpp:269] FuncWorkerConnection[1-43]: Handshake done
I1102 19:04:53.927063 Server/E engine.cpp:674] Engine: New message connection
I1102 19:04:53.927087 IO-0/EL  engine.cpp:277] Engine: Receive new handshake message from message connection
I1102 19:04:53.927092 IO-0/EL  worker_manager.cpp:60] WorkerManager: FuncWorker of func_id 1, client_id 44 connected
I1102 19:04:53.927104 IO-0/EL  message_connection.cpp:269] FuncWorkerConnection[1-44]: Handshake done
I1102 19:04:53.927602 Server/E engine.cpp:674] Engine: New message connection
I1102 19:04:53.927630 IO-0/EL  engine.cpp:277] Engine: Receive new handshake message from message connection
I1102 19:04:53.927635 IO-0/EL  worker_manager.cpp:60] WorkerManager: FuncWorker of func_id 1, client_id 45 connected
I1102 19:04:53.927648 IO-0/EL  message_connection.cpp:269] FuncWorkerConnection[1-45]: Handshake done
I1102 19:04:53.928039 Server/E engine.cpp:674] Engine: New message connection
I1102 19:04:53.928063 IO-0/EL  engine.cpp:277] Engine: Receive new handshake message from message connection
I1102 19:04:53.928068 IO-0/EL  worker_manager.cpp:60] WorkerManager: FuncWorker of func_id 1, client_id 46 connected
I1102 19:04:53.928081 IO-0/EL  message_connection.cpp:269] FuncWorkerConnection[1-46]: Handshake done
I1102 19:04:53.928537 Server/E engine.cpp:674] Engine: New message connection
I1102 19:04:53.928564 IO-0/EL  engine.cpp:277] Engine: Receive new handshake message from message connection
I1102 19:04:53.928569 IO-0/EL  worker_manager.cpp:60] WorkerManager: FuncWorker of func_id 1, client_id 47 connected
I1102 19:04:53.928582 IO-0/EL  message_connection.cpp:269] FuncWorkerConnection[1-47]: Handshake done
I1102 19:04:53.929143 Server/E engine.cpp:674] Engine: New message connection
I1102 19:04:53.929168 IO-0/EL  engine.cpp:277] Engine: Receive new handshake message from message connection
I1102 19:04:53.929173 IO-0/EL  worker_manager.cpp:60] WorkerManager: FuncWorker of func_id 1, client_id 48 connected
I1102 19:04:53.929186 IO-0/EL  message_connection.cpp:269] FuncWorkerConnection[1-48]: Handshake done
I1102 19:04:53.929551 Server/E engine.cpp:674] Engine: New message connection
I1102 19:04:53.929594 IO-0/EL  engine.cpp:277] Engine: Receive new handshake message from message connection
I1102 19:04:53.929599 IO-0/EL  worker_manager.cpp:60] WorkerManager: FuncWorker of func_id 1, client_id 49 connected
I1102 19:04:53.929613 IO-0/EL  message_connection.cpp:269] FuncWorkerConnection[1-49]: Handshake done
I1102 19:04:53.929990 Server/E engine.cpp:674] Engine: New message connection
I1102 19:04:53.930020 IO-0/EL  engine.cpp:277] Engine: Receive new handshake message from message connection
I1102 19:04:53.930024 IO-0/EL  worker_manager.cpp:60] WorkerManager: FuncWorker of func_id 1, client_id 50 connected
I1102 19:04:53.930037 IO-0/EL  message_connection.cpp:269] FuncWorkerConnection[1-50]: Handshake done
I1102 19:04:53.930638 Server/E engine.cpp:674] Engine: New message connection
I1102 19:04:53.930665 IO-0/EL  engine.cpp:277] Engine: Receive new handshake message from message connection
I1102 19:04:53.930670 IO-0/EL  worker_manager.cpp:60] WorkerManager: FuncWorker of func_id 1, client_id 51 connected
I1102 19:04:53.930683 IO-0/EL  message_connection.cpp:269] FuncWorkerConnection[1-51]: Handshake done
I1102 19:04:53.931125 Server/E engine.cpp:674] Engine: New message connection
I1102 19:04:53.931170 IO-0/EL  engine.cpp:277] Engine: Receive new handshake message from message connection
I1102 19:04:53.931175 IO-0/EL  worker_manager.cpp:60] WorkerManager: FuncWorker of func_id 1, client_id 52 connected
I1102 19:04:53.931188 IO-0/EL  message_connection.cpp:269] FuncWorkerConnection[1-52]: Handshake done
I1102 19:04:53.931531 Server/E engine.cpp:674] Engine: New message connection
I1102 19:04:53.931563 IO-0/EL  engine.cpp:277] Engine: Receive new handshake message from message connection
I1102 19:04:53.931568 IO-0/EL  worker_manager.cpp:60] WorkerManager: FuncWorker of func_id 1, client_id 53 connected
I1102 19:04:53.931583 IO-0/EL  message_connection.cpp:269] FuncWorkerConnection[1-53]: Handshake done
I1102 19:04:53.932178 Server/E engine.cpp:674] Engine: New message connection
I1102 19:04:53.932201 IO-0/EL  engine.cpp:277] Engine: Receive new handshake message from message connection
I1102 19:04:53.932205 IO-0/EL  worker_manager.cpp:60] WorkerManager: FuncWorker of func_id 1, client_id 54 connected
I1102 19:04:53.932218 IO-0/EL  message_connection.cpp:269] FuncWorkerConnection[1-54]: Handshake done
I1102 19:04:53.932619 Server/E engine.cpp:674] Engine: New message connection
I1102 19:04:53.932646 IO-0/EL  engine.cpp:277] Engine: Receive new handshake message from message connection
I1102 19:04:53.932651 IO-0/EL  worker_manager.cpp:60] WorkerManager: FuncWorker of func_id 1, client_id 55 connected
I1102 19:04:53.932664 IO-0/EL  message_connection.cpp:269] FuncWorkerConnection[1-55]: Handshake done
I1102 19:04:53.933209 Server/E engine.cpp:674] Engine: New message connection
I1102 19:04:53.933240 IO-0/EL  engine.cpp:277] Engine: Receive new handshake message from message connection
I1102 19:04:53.933245 IO-0/EL  worker_manager.cpp:60] WorkerManager: FuncWorker of func_id 1, client_id 56 connected
I1102 19:04:53.933258 IO-0/EL  message_connection.cpp:269] FuncWorkerConnection[1-56]: Handshake done
I1102 19:04:53.933628 Server/E engine.cpp:674] Engine: New message connection
I1102 19:04:53.933670 IO-0/EL  engine.cpp:277] Engine: Receive new handshake message from message connection
I1102 19:04:53.933674 IO-0/EL  worker_manager.cpp:60] WorkerManager: FuncWorker of func_id 1, client_id 57 connected
I1102 19:04:53.933699 IO-0/EL  message_connection.cpp:269] FuncWorkerConnection[1-57]: Handshake done
I1102 19:04:53.934173 Server/E engine.cpp:674] Engine: New message connection
I1102 19:04:53.934204 IO-0/EL  engine.cpp:277] Engine: Receive new handshake message from message connection
I1102 19:04:53.934209 IO-0/EL  worker_manager.cpp:60] WorkerManager: FuncWorker of func_id 1, client_id 58 connected
I1102 19:04:53.934222 IO-0/EL  message_connection.cpp:269] FuncWorkerConnection[1-58]: Handshake done
I1102 19:04:53.934581 Server/E engine.cpp:674] Engine: New message connection
I1102 19:04:53.934601 IO-0/EL  engine.cpp:277] Engine: Receive new handshake message from message connection
I1102 19:04:53.934606 IO-0/EL  worker_manager.cpp:60] WorkerManager: FuncWorker of func_id 1, client_id 59 connected
I1102 19:04:53.934619 IO-0/EL  message_connection.cpp:269] FuncWorkerConnection[1-59]: Handshake done
I1102 19:04:53.934938 Server/E engine.cpp:674] Engine: New message connection
I1102 19:04:53.934968 IO-0/EL  engine.cpp:277] Engine: Receive new handshake message from message connection
I1102 19:04:53.934973 IO-0/EL  worker_manager.cpp:60] WorkerManager: FuncWorker of func_id 1, client_id 60 connected
I1102 19:04:53.934986 IO-0/EL  message_connection.cpp:269] FuncWorkerConnection[1-60]: Handshake done
I1102 19:04:53.935431 Server/E engine.cpp:674] Engine: New message connection
I1102 19:04:53.935451 IO-0/EL  engine.cpp:277] Engine: Receive new handshake message from message connection
I1102 19:04:53.935456 IO-0/EL  worker_manager.cpp:60] WorkerManager: FuncWorker of func_id 1, client_id 61 connected
I1102 19:04:53.935468 IO-0/EL  message_connection.cpp:269] FuncWorkerConnection[1-61]: Handshake done
I1102 19:04:53.936033 Server/E engine.cpp:674] Engine: New message connection
I1102 19:04:53.936065 IO-0/EL  engine.cpp:277] Engine: Receive new handshake message from message connection
I1102 19:04:53.936071 IO-0/EL  worker_manager.cpp:60] WorkerManager: FuncWorker of func_id 1, client_id 62 connected
I1102 19:04:53.936085 IO-0/EL  message_connection.cpp:269] FuncWorkerConnection[1-62]: Handshake done
I1102 19:04:53.936447 Server/E engine.cpp:674] Engine: New message connection
I1102 19:04:53.936470 IO-0/EL  engine.cpp:277] Engine: Receive new handshake message from message connection
I1102 19:04:53.936475 IO-0/EL  worker_manager.cpp:60] WorkerManager: FuncWorker of func_id 1, client_id 63 connected
I1102 19:04:53.936487 IO-0/EL  message_connection.cpp:269] FuncWorkerConnection[1-63]: Handshake done
I1102 19:04:53.936996 Server/E engine.cpp:674] Engine: New message connection
I1102 19:04:53.937024 IO-0/EL  engine.cpp:277] Engine: Receive new handshake message from message connection
I1102 19:04:53.937030 IO-0/EL  worker_manager.cpp:60] WorkerManager: FuncWorker of func_id 1, client_id 64 connected
I1102 19:04:53.937043 IO-0/EL  message_connection.cpp:269] FuncWorkerConnection[1-64]: Handshake done
I1102 19:04:56.423179 IO-0/EL  buffer_pool.h:25] BufferPool[IO-0_Write]: Allocate new buffer, current buffer count is 2
I1102 19:04:56.423208 IO-0/EL  buffer_pool.h:25] BufferPool[IO-0_Write]: Allocate new buffer, current buffer count is 3
I1102 19:04:56.423221 IO-0/EL  buffer_pool.h:25] BufferPool[IO-0_Write]: Allocate new buffer, current buffer count is 4
I1102 19:04:56.423235 IO-0/EL  buffer_pool.h:25] BufferPool[IO-0_Write]: Allocate new buffer, current buffer count is 5
I1102 19:04:56.423244 IO-0/EL  buffer_pool.h:25] BufferPool[IO-0_Write]: Allocate new buffer, current buffer count is 6
I1102 19:04:56.423259 IO-0/EL  buffer_pool.h:25] BufferPool[IO-0_Write]: Allocate new buffer, current buffer count is 7
I1102 19:04:56.423269 IO-0/EL  buffer_pool.h:25] BufferPool[IO-0_Write]: Allocate new buffer, current buffer count is 8
I1102 19:04:56.423282 IO-0/EL  buffer_pool.h:25] BufferPool[IO-0_Write]: Allocate new buffer, current buffer count is 9
I1102 19:04:56.423292 IO-0/EL  buffer_pool.h:25] BufferPool[IO-0_Write]: Allocate new buffer, current buffer count is 10
I1102 19:04:56.423306 IO-0/EL  buffer_pool.h:25] BufferPool[IO-0_Write]: Allocate new buffer, current buffer count is 11
I1102 19:04:56.423317 IO-0/EL  buffer_pool.h:25] BufferPool[IO-0_Write]: Allocate new buffer, current buffer count is 12
I1102 19:04:56.423345 IO-0/EL  buffer_pool.h:25] BufferPool[IO-0_Write]: Allocate new buffer, current buffer count is 13
I1102 19:04:56.423358 IO-0/EL  buffer_pool.h:25] BufferPool[IO-0_Write]: Allocate new buffer, current buffer count is 14
I1102 19:04:56.423374 IO-0/EL  buffer_pool.h:25] BufferPool[IO-0_Write]: Allocate new buffer, current buffer count is 15
I1102 19:04:56.423386 IO-0/EL  buffer_pool.h:25] BufferPool[IO-0_Write]: Allocate new buffer, current buffer count is 16
I1102 19:04:56.423402 IO-0/EL  buffer_pool.h:25] BufferPool[IO-0_Write]: Allocate new buffer, current buffer count is 17
I1102 19:04:56.423413 IO-0/EL  buffer_pool.h:25] BufferPool[IO-0_Write]: Allocate new buffer, current buffer count is 18
I1102 19:04:56.423432 IO-0/EL  buffer_pool.h:25] BufferPool[IO-0_Write]: Allocate new buffer, current buffer count is 19
I1102 19:04:56.423444 IO-0/EL  buffer_pool.h:25] BufferPool[IO-0_Write]: Allocate new buffer, current buffer count is 20
I1102 19:04:56.423460 IO-0/EL  buffer_pool.h:25] BufferPool[IO-0_Write]: Allocate new buffer, current buffer count is 21
I1102 19:04:56.423472 IO-0/EL  buffer_pool.h:25] BufferPool[IO-0_Write]: Allocate new buffer, current buffer count is 22
I1102 19:04:56.423488 IO-0/EL  buffer_pool.h:25] BufferPool[IO-0_Write]: Allocate new buffer, current buffer count is 23
I1102 19:04:56.423503 IO-0/EL  buffer_pool.h:25] BufferPool[IO-0_Write]: Allocate new buffer, current buffer count is 24
I1102 19:04:56.423519 IO-0/EL  buffer_pool.h:25] BufferPool[IO-0_Write]: Allocate new buffer, current buffer count is 25
I1102 19:04:56.423542 IO-0/EL  buffer_pool.h:25] BufferPool[IO-0_Write]: Allocate new buffer, current buffer count is 26
I1102 19:04:56.423567 IO-0/EL  buffer_pool.h:25] BufferPool[IO-0_Write]: Allocate new buffer, current buffer count is 27
I1102 19:04:56.423594 IO-0/EL  buffer_pool.h:25] BufferPool[IO-0_Write]: Allocate new buffer, current buffer count is 28
I1102 19:04:56.423616 IO-0/EL  buffer_pool.h:25] BufferPool[IO-0_Write]: Allocate new buffer, current buffer count is 29
I1102 19:04:56.423640 IO-0/EL  buffer_pool.h:25] BufferPool[IO-0_Write]: Allocate new buffer, current buffer count is 30
I1102 19:04:56.423661 IO-0/EL  buffer_pool.h:25] BufferPool[IO-0_Write]: Allocate new buffer, current buffer count is 31
I1102 19:04:56.423682 IO-0/EL  buffer_pool.h:25] BufferPool[IO-0_Write]: Allocate new buffer, current buffer count is 32
I1102 19:04:56.423701 IO-0/EL  buffer_pool.h:25] BufferPool[IO-0_Write]: Allocate new buffer, current buffer count is 33
I1102 19:04:56.423725 IO-0/EL  buffer_pool.h:25] BufferPool[IO-0_Write]: Allocate new buffer, current buffer count is 34
I1102 19:04:56.423739 IO-0/EL  buffer_pool.h:25] BufferPool[IO-0_Write]: Allocate new buffer, current buffer count is 35
I1102 19:04:56.423750 IO-0/EL  buffer_pool.h:25] BufferPool[IO-0_Write]: Allocate new buffer, current buffer count is 36
I1102 19:04:56.423765 IO-0/EL  buffer_pool.h:25] BufferPool[IO-0_Write]: Allocate new buffer, current buffer count is 37
I1102 19:04:56.423780 IO-0/EL  buffer_pool.h:25] BufferPool[IO-0_Write]: Allocate new buffer, current buffer count is 38
I1102 19:04:56.423804 IO-0/EL  buffer_pool.h:25] BufferPool[IO-0_Write]: Allocate new buffer, current buffer count is 39
I1102 19:04:56.423823 IO-0/EL  buffer_pool.h:25] BufferPool[IO-0_Write]: Allocate new buffer, current buffer count is 40
I1102 19:04:56.423851 IO-0/EL  buffer_pool.h:25] BufferPool[IO-0_Write]: Allocate new buffer, current buffer count is 41
I1102 19:04:56.423866 IO-0/EL  buffer_pool.h:25] BufferPool[IO-0_Write]: Allocate new buffer, current buffer count is 42
I1102 19:04:56.423887 IO-0/EL  buffer_pool.h:25] BufferPool[IO-0_Write]: Allocate new buffer, current buffer count is 43
I1102 19:04:56.423905 IO-0/EL  buffer_pool.h:25] BufferPool[IO-0_Write]: Allocate new buffer, current buffer count is 44
I1102 19:04:56.423927 IO-0/EL  buffer_pool.h:25] BufferPool[IO-0_Write]: Allocate new buffer, current buffer count is 45
I1102 19:04:56.423956 IO-0/EL  buffer_pool.h:25] BufferPool[IO-0_Write]: Allocate new buffer, current buffer count is 46
I1102 19:04:56.423969 IO-0/EL  buffer_pool.h:25] BufferPool[IO-0_Write]: Allocate new buffer, current buffer count is 47
I1102 19:04:56.423985 IO-0/EL  buffer_pool.h:25] BufferPool[IO-0_Write]: Allocate new buffer, current buffer count is 48
I1102 19:04:56.423998 IO-0/EL  buffer_pool.h:25] BufferPool[IO-0_Write]: Allocate new buffer, current buffer count is 49
I1102 19:04:56.424013 IO-0/EL  buffer_pool.h:25] BufferPool[IO-0_Write]: Allocate new buffer, current buffer count is 50
I1102 19:04:56.424024 IO-0/EL  buffer_pool.h:25] BufferPool[IO-0_Write]: Allocate new buffer, current buffer count is 51
I1102 19:04:56.424042 IO-0/EL  buffer_pool.h:25] BufferPool[IO-0_Write]: Allocate new buffer, current buffer count is 52
I1102 19:04:56.424053 IO-0/EL  buffer_pool.h:25] BufferPool[IO-0_Write]: Allocate new buffer, current buffer count is 53
I1102 19:04:56.424068 IO-0/EL  buffer_pool.h:25] BufferPool[IO-0_Write]: Allocate new buffer, current buffer count is 54
I1102 19:04:56.424080 IO-0/EL  buffer_pool.h:25] BufferPool[IO-0_Write]: Allocate new buffer, current buffer count is 55
I1102 19:04:56.424095 IO-0/EL  buffer_pool.h:25] BufferPool[IO-0_Write]: Allocate new buffer, current buffer count is 56
I1102 19:04:56.424111 IO-0/EL  buffer_pool.h:25] BufferPool[IO-0_Write]: Allocate new buffer, current buffer count is 57
I1102 19:04:56.424125 IO-0/EL  buffer_pool.h:25] BufferPool[IO-0_Write]: Allocate new buffer, current buffer count is 58
I1102 19:04:56.424141 IO-0/EL  buffer_pool.h:25] BufferPool[IO-0_Write]: Allocate new buffer, current buffer count is 59
I1102 19:04:56.424152 IO-0/EL  buffer_pool.h:25] BufferPool[IO-0_Write]: Allocate new buffer, current buffer count is 60
I1102 19:04:56.424167 IO-0/EL  buffer_pool.h:25] BufferPool[IO-0_Write]: Allocate new buffer, current buffer count is 61
I1102 19:04:56.424179 IO-0/EL  buffer_pool.h:25] BufferPool[IO-0_Write]: Allocate new buffer, current buffer count is 62
I1102 19:04:56.424196 IO-0/EL  buffer_pool.h:25] BufferPool[IO-0_Write]: Allocate new buffer, current buffer count is 63
I1102 19:04:56.424209 IO-0/EL  buffer_pool.h:25] BufferPool[IO-0_Write]: Allocate new buffer, current buffer count is 64
I1102 19:04:56.424267 IO-0/EL  buffer_pool.h:25] BufferPool[IO-0_Write]: Allocate new buffer, current buffer count is 65
I1102 19:04:56.424282 IO-0/EL  buffer_pool.h:25] BufferPool[IO-0_Write]: Allocate new buffer, current buffer count is 66
I1102 19:04:56.424296 IO-0/EL  buffer_pool.h:25] BufferPool[IO-0_Write]: Allocate new buffer, current buffer count is 67
I1102 19:04:56.424309 IO-0/EL  buffer_pool.h:25] BufferPool[IO-0_Write]: Allocate new buffer, current buffer count is 68
I1102 19:04:56.424328 IO-0/EL  buffer_pool.h:25] BufferPool[IO-0_Write]: Allocate new buffer, current buffer count is 69
I1102 19:04:56.424344 IO-0/EL  buffer_pool.h:25] BufferPool[IO-0_Write]: Allocate new buffer, current buffer count is 70
I1102 19:04:56.424365 IO-0/EL  buffer_pool.h:25] BufferPool[IO-0_Write]: Allocate new buffer, current buffer count is 71
I1102 19:04:56.424382 IO-0/EL  buffer_pool.h:25] BufferPool[IO-0_Write]: Allocate new buffer, current buffer count is 72
I1102 19:04:56.424400 IO-0/EL  buffer_pool.h:25] BufferPool[IO-0_Write]: Allocate new buffer, current buffer count is 73
I1102 19:04:56.424411 IO-0/EL  buffer_pool.h:25] BufferPool[IO-0_Write]: Allocate new buffer, current buffer count is 74
I1102 19:04:56.424423 IO-0/EL  buffer_pool.h:25] BufferPool[IO-0_Write]: Allocate new buffer, current buffer count is 75
I1102 19:04:56.424433 IO-0/EL  buffer_pool.h:25] BufferPool[IO-0_Write]: Allocate new buffer, current buffer count is 76
I1102 19:04:56.424445 IO-0/EL  buffer_pool.h:25] BufferPool[IO-0_Write]: Allocate new buffer, current buffer count is 77
I1102 19:04:56.424455 IO-0/EL  buffer_pool.h:25] BufferPool[IO-0_Write]: Allocate new buffer, current buffer count is 78
I1102 19:04:56.424467 IO-0/EL  buffer_pool.h:25] BufferPool[IO-0_Write]: Allocate new buffer, current buffer count is 79
I1102 19:04:56.424486 IO-0/EL  buffer_pool.h:25] BufferPool[IO-0_Write]: Allocate new buffer, current buffer count is 80
I1102 19:05:00.096494 IO-0/EL  buffer_pool.h:25] BufferPool[IO-0_Write]: Allocate new buffer, current buffer count is 81
I1102 19:05:00.096562 IO-0/EL  buffer_pool.h:25] BufferPool[IO-0_Write]: Allocate new buffer, current buffer count is 82
I1102 19:05:00.096576 IO-0/EL  buffer_pool.h:25] BufferPool[IO-0_Write]: Allocate new buffer, current buffer count is 83
I1102 19:05:00.096587 IO-0/EL  buffer_pool.h:25] BufferPool[IO-0_Write]: Allocate new buffer, current buffer count is 84
I1102 19:05:00.096596 IO-0/EL  buffer_pool.h:25] BufferPool[IO-0_Write]: Allocate new buffer, current buffer count is 85
I1102 19:05:00.096607 IO-0/EL  buffer_pool.h:25] BufferPool[IO-0_Write]: Allocate new buffer, current buffer count is 86
I1102 19:05:00.096616 IO-0/EL  buffer_pool.h:25] BufferPool[IO-0_Write]: Allocate new buffer, current buffer count is 87
I1102 19:05:00.096626 IO-0/EL  buffer_pool.h:25] BufferPool[IO-0_Write]: Allocate new buffer, current buffer count is 88
I1102 19:05:00.096636 IO-0/EL  buffer_pool.h:25] BufferPool[IO-0_Write]: Allocate new buffer, current buffer count is 89
I1102 19:05:00.096645 IO-0/EL  buffer_pool.h:25] BufferPool[IO-0_Write]: Allocate new buffer, current buffer count is 90
I1102 19:05:00.096654 IO-0/EL  buffer_pool.h:25] BufferPool[IO-0_Write]: Allocate new buffer, current buffer count is 91
I1102 19:05:00.096664 IO-0/EL  buffer_pool.h:25] BufferPool[IO-0_Write]: Allocate new buffer, current buffer count is 92
I1102 19:05:00.096673 IO-0/EL  buffer_pool.h:25] BufferPool[IO-0_Write]: Allocate new buffer, current buffer count is 93
I1102 19:05:00.096683 IO-0/EL  buffer_pool.h:25] BufferPool[IO-0_Write]: Allocate new buffer, current buffer count is 94
I1102 19:05:00.096695 IO-0/EL  buffer_pool.h:25] BufferPool[IO-0_Write]: Allocate new buffer, current buffer count is 95
I1102 19:05:00.096707 IO-0/EL  buffer_pool.h:25] BufferPool[IO-0_Write]: Allocate new buffer, current buffer count is 96
I1102 19:05:00.096725 IO-0/EL  buffer_pool.h:25] BufferPool[IO-0_Write]: Allocate new buffer, current buffer count is 97
I1102 19:05:00.096736 IO-0/EL  buffer_pool.h:25] BufferPool[IO-0_Write]: Allocate new buffer, current buffer count is 98
I1102 19:05:00.096750 IO-0/EL  buffer_pool.h:25] BufferPool[IO-0_Write]: Allocate new buffer, current buffer count is 99
I1102 19:05:00.096767 IO-0/EL  buffer_pool.h:25] BufferPool[IO-0_Write]: Allocate new buffer, current buffer count is 100
I1102 19:05:00.096782 IO-0/EL  buffer_pool.h:25] BufferPool[IO-0_Write]: Allocate new buffer, current buffer count is 101
I1102 19:05:00.096798 IO-0/EL  buffer_pool.h:25] BufferPool[IO-0_Write]: Allocate new buffer, current buffer count is 102
I1102 19:05:00.096808 IO-0/EL  buffer_pool.h:25] BufferPool[IO-0_Write]: Allocate new buffer, current buffer count is 103
I1102 19:05:00.096819 IO-0/EL  buffer_pool.h:25] BufferPool[IO-0_Write]: Allocate new buffer, current buffer count is 104
I1102 19:05:00.096828 IO-0/EL  buffer_pool.h:25] BufferPool[IO-0_Write]: Allocate new buffer, current buffer count is 105
I1102 19:05:00.096837 IO-0/EL  buffer_pool.h:25] BufferPool[IO-0_Write]: Allocate new buffer, current buffer count is 106
I1102 19:05:00.096846 IO-0/EL  buffer_pool.h:25] BufferPool[IO-0_Write]: Allocate new buffer, current buffer count is 107
I1102 19:05:00.096857 IO-0/EL  buffer_pool.h:25] BufferPool[IO-0_Write]: Allocate new buffer, current buffer count is 108
I1102 19:05:00.096866 IO-0/EL  buffer_pool.h:25] BufferPool[IO-0_Write]: Allocate new buffer, current buffer count is 109
I1102 19:05:00.096876 IO-0/EL  buffer_pool.h:25] BufferPool[IO-0_Write]: Allocate new buffer, current buffer count is 110
I1102 19:05:00.096886 IO-0/EL  buffer_pool.h:25] BufferPool[IO-0_Write]: Allocate new buffer, current buffer count is 111
I1102 19:05:00.096896 IO-0/EL  buffer_pool.h:25] BufferPool[IO-0_Write]: Allocate new buffer, current buffer count is 112
I1102 19:05:01.471430 IO-0/EL  message_connection.cpp:284] LauncherConnection[1]: Connection closed remotely
I1102 19:05:01.471443 Main     server_base.cpp:35] Server: Scheduled to stop
I1102 19:05:01.471541 IO-0/EL  message_connection.cpp:284] FuncWorkerConnection[1-3]: Connection closed remotely
I1102 19:05:01.471578 IO-0/EL  message_connection.cpp:284] FuncWorkerConnection[1-4]: Connection closed remotely
I1102 19:05:01.471609 Server/E worker_manager.cpp:47] WorkerManager: Launcher of func_id 1 disconnected
I1102 19:05:01.471630 Server/E engine.cpp:257] Engine: A MessageConnection is returned
I1102 19:05:01.471635 Server/E worker_manager.cpp:84] WorkerManager: FuncWorker of func_id 1, client_id 3 disconnected
I1102 19:05:01.471656 IO-0/EL  message_connection.cpp:284] FuncWorkerConnection[1-14]: Connection closed remotely
I1102 19:05:01.471660 Server/E engine.cpp:257] Engine: A MessageConnection is returned
I1102 19:05:01.471667 Server/E worker_manager.cpp:84] WorkerManager: FuncWorker of func_id 1, client_id 4 disconnected
I1102 19:05:01.471679 Server/E engine.cpp:257] Engine: A MessageConnection is returned
I1102 19:05:01.471686 Server/E server_base.cpp:109] Server: Start stopping process
I1102 19:05:01.471690 IO-0/EL  message_connection.cpp:284] FuncWorkerConnection[1-22]: Connection closed remotely
