I1102 18:03:22.504488 Main     thread.cpp:100] Register main thread: tid=1369276
E1102 18:03:22.504783 Main     docker.cpp:59] Cannot find docker's cgroup in /proc/self/cgroup
I1102 18:03:22.504840 Main     func_config.cpp:135] Load configuration for function Noop[1]
I1102 18:03:22.504851 Main     engine.cpp:109] Engine: Start 1 IO workers
I1102 18:03:22.508119 IO-0/EL  thread.cpp:40] Start thread: IO-0/EL
I1102 18:03:22.508166 IO-0/EL  io_worker.cpp:192] IO-0: Event loop starts
Checking for file descriptor...
Got a file descriptor!
I1102 18:03:24.352407 Main     engine.cpp:180] Engine: Created 1 Machnet connections to Gateway at 10.10.1.2:10007
I1102 18:03:24.352469 Main     engine.cpp:208] Engine: Listen on /dev/shm/faas_ipc/engine.sock for IPC connections
I1102 18:03:24.352682 Server/E thread.cpp:40] Start thread: Server/EL
I1102 18:03:24.352904 Server/E server_base.cpp:50] Server: Event loop starts
I1102 18:03:24.506129 Server/E engine.cpp:674] Engine: New message connection
I1102 18:03:24.509417 IO-0/EL  buffer_pool.h:25] BufferPool[IO-0_Read]: Allocate new buffer, current buffer count is 1
I1102 18:03:24.509450 IO-0/EL  engine.cpp:277] Engine: Receive new handshake message from message connection
I1102 18:03:24.509455 IO-0/EL  worker_manager.cpp:23] WorkerManager: Launcher of func_id 1 connected
I1102 18:03:24.509460 IO-0/EL  worker_manager.cpp:131] WorkerManager: Request new FuncWorker for func_id 1 with client_id 1
I1102 18:03:24.509478 IO-0/EL  worker_manager.cpp:131] WorkerManager: Request new FuncWorker for func_id 1 with client_id 2
I1102 18:03:24.509490 IO-0/EL  worker_manager.cpp:131] WorkerManager: Request new FuncWorker for func_id 1 with client_id 3
I1102 18:03:24.509500 IO-0/EL  worker_manager.cpp:131] WorkerManager: Request new FuncWorker for func_id 1 with client_id 4
I1102 18:03:24.509509 IO-0/EL  worker_manager.cpp:131] WorkerManager: Request new FuncWorker for func_id 1 with client_id 5
I1102 18:03:24.509518 IO-0/EL  worker_manager.cpp:131] WorkerManager: Request new FuncWorker for func_id 1 with client_id 6
I1102 18:03:24.509529 IO-0/EL  worker_manager.cpp:131] WorkerManager: Request new FuncWorker for func_id 1 with client_id 7
I1102 18:03:24.509538 IO-0/EL  worker_manager.cpp:131] WorkerManager: Request new FuncWorker for func_id 1 with client_id 8
I1102 18:03:24.509570 IO-0/EL  buffer_pool.h:25] BufferPool[IO-0_Write]: Allocate new buffer, current buffer count is 1
I1102 18:03:24.509587 IO-0/EL  message_connection.cpp:269] LauncherConnection[1]: Handshake done
I1102 18:03:24.514341 Server/E engine.cpp:674] Engine: New message connection
I1102 18:03:24.514362 Server/E engine.cpp:674] Engine: New message connection
I1102 18:03:24.514373 IO-0/EL  engine.cpp:277] Engine: Receive new handshake message from message connection
I1102 18:03:24.514379 IO-0/EL  worker_manager.cpp:60] WorkerManager: FuncWorker of func_id 1, client_id 2 connected
I1102 18:03:24.514390 IO-0/EL  dispatcher.cpp:47] Dispatcher[1]: min_workers=8
I1102 18:03:24.514393 IO-0/EL  dispatcher.cpp:51] Dispatcher[1]: max_workers=8
I1102 18:03:24.514414 IO-0/EL  message_connection.cpp:269] FuncWorkerConnection[1-2]: Handshake done
I1102 18:03:24.514434 IO-0/EL  engine.cpp:277] Engine: Receive new handshake message from message connection
I1102 18:03:24.514438 IO-0/EL  worker_manager.cpp:60] WorkerManager: FuncWorker of func_id 1, client_id 1 connected
I1102 18:03:24.514452 IO-0/EL  message_connection.cpp:269] FuncWorkerConnection[1-1]: Handshake done
I1102 18:03:24.515040 Server/E engine.cpp:674] Engine: New message connection
I1102 18:03:24.515063 IO-0/EL  engine.cpp:277] Engine: Receive new handshake message from message connection
I1102 18:03:24.515068 IO-0/EL  worker_manager.cpp:60] WorkerManager: FuncWorker of func_id 1, client_id 3 connected
I1102 18:03:24.515081 IO-0/EL  message_connection.cpp:269] FuncWorkerConnection[1-3]: Handshake done
I1102 18:03:24.517558 Server/E engine.cpp:674] Engine: New message connection
I1102 18:03:24.517583 IO-0/EL  engine.cpp:277] Engine: Receive new handshake message from message connection
I1102 18:03:24.517588 IO-0/EL  worker_manager.cpp:60] WorkerManager: FuncWorker of func_id 1, client_id 4 connected
I1102 18:03:24.517615 IO-0/EL  message_connection.cpp:269] FuncWorkerConnection[1-4]: Handshake done
I1102 18:03:24.518631 Server/E engine.cpp:674] Engine: New message connection
I1102 18:03:24.518652 IO-0/EL  engine.cpp:277] Engine: Receive new handshake message from message connection
I1102 18:03:24.518657 IO-0/EL  worker_manager.cpp:60] WorkerManager: FuncWorker of func_id 1, client_id 5 connected
I1102 18:03:24.518671 IO-0/EL  message_connection.cpp:269] FuncWorkerConnection[1-5]: Handshake done
I1102 18:03:24.519417 Server/E engine.cpp:674] Engine: New message connection
I1102 18:03:24.519451 IO-0/EL  engine.cpp:277] Engine: Receive new handshake message from message connection
I1102 18:03:24.519456 IO-0/EL  worker_manager.cpp:60] WorkerManager: FuncWorker of func_id 1, client_id 7 connected
I1102 18:03:24.519470 IO-0/EL  message_connection.cpp:269] FuncWorkerConnection[1-7]: Handshake done
I1102 18:03:24.519597 Server/E engine.cpp:674] Engine: New message connection
I1102 18:03:24.519620 IO-0/EL  engine.cpp:277] Engine: Receive new handshake message from message connection
I1102 18:03:24.519625 IO-0/EL  worker_manager.cpp:60] WorkerManager: FuncWorker of func_id 1, client_id 6 connected
I1102 18:03:24.519637 IO-0/EL  message_connection.cpp:269] FuncWorkerConnection[1-6]: Handshake done
I1102 18:03:24.521559 Server/E engine.cpp:674] Engine: New message connection
I1102 18:03:24.521586 IO-0/EL  engine.cpp:277] Engine: Receive new handshake message from message connection
I1102 18:03:24.521591 IO-0/EL  worker_manager.cpp:60] WorkerManager: FuncWorker of func_id 1, client_id 8 connected
I1102 18:03:24.521604 IO-0/EL  message_connection.cpp:269] FuncWorkerConnection[1-8]: Handshake done
I1102 18:03:27.431913 IO-0/EL  buffer_pool.h:25] BufferPool[IO-0_Write]: Allocate new buffer, current buffer count is 2
I1102 18:03:27.431937 IO-0/EL  buffer_pool.h:25] BufferPool[IO-0_Write]: Allocate new buffer, current buffer count is 3
I1102 18:03:27.431948 IO-0/EL  buffer_pool.h:25] BufferPool[IO-0_Write]: Allocate new buffer, current buffer count is 4
I1102 18:03:27.431960 IO-0/EL  buffer_pool.h:25] BufferPool[IO-0_Write]: Allocate new buffer, current buffer count is 5
I1102 18:03:27.431968 IO-0/EL  buffer_pool.h:25] BufferPool[IO-0_Write]: Allocate new buffer, current buffer count is 6
I1102 18:03:27.431979 IO-0/EL  buffer_pool.h:25] BufferPool[IO-0_Write]: Allocate new buffer, current buffer count is 7
I1102 18:03:27.431986 IO-0/EL  buffer_pool.h:25] BufferPool[IO-0_Write]: Allocate new buffer, current buffer count is 8
I1102 18:03:27.956323 IO-0/EL  buffer_pool.h:25] BufferPool[IO-0_Write]: Allocate new buffer, current buffer count is 9
I1102 18:03:28.481340 IO-0/EL  buffer_pool.h:25] BufferPool[IO-0_Write]: Allocate new buffer, current buffer count is 10
I1102 18:03:31.631187 IO-0/EL  buffer_pool.h:25] BufferPool[IO-0_Write]: Allocate new buffer, current buffer count is 11
I1102 18:03:32.463800 Main     server_base.cpp:35] Server: Scheduled to stop
I1102 18:03:32.463904 IO-0/EL  message_connection.cpp:284] LauncherConnection[1]: Connection closed remotely
I1102 18:03:32.463982 Server/E server_base.cpp:109] Server: Start stopping process
I1102 18:03:32.464047 IO-0/EL  io_worker.cpp:206] IO-0: Start stopping process
