I1102 18:03:24.505943 Main     thread.cpp:100] Register main thread: tid=1369280
E1102 18:03:24.506079 Main     docker.cpp:59] Cannot find docker's cgroup in /proc/self/cgroup
I1102 18:03:24.509321 Launcher thread.cpp:40] Start thread: Launcher/EL
I1102 18:03:24.509369 Launcher thread.cpp:64] Does not find cpuset setting for IO threads (can be set by FAAS_IO_THREAD_CPUSET)
I1102 18:03:24.509375 Launcher thread.cpp:82] Does not find nice setting for IO threads (can be set by FAAS_IO_THREAD_NICE)
I1102 18:03:24.509379 Launcher launcher.cpp:96] Launcher: Event loop starts
I1102 18:03:24.509398 Launcher engine_connection.cpp:93] EngineConnection: Connected to engine, start writing handshake message
I1102 18:03:24.509564 Launcher buffer_pool.h:25] BufferPool[Launcher]: Allocate new buffer, current buffer count is 1
I1102 18:03:24.509591 Launcher func_config.cpp:135] Load configuration for function Noop[1]
I1102 18:03:24.509602 Launcher engine_connection.cpp:65] EngineConnection: Handshake done
W1102 18:03:24.518015 Launcher engine_connection.cpp:166] EngineConnection: nread=0, will do nothing
I1102 18:03:32.463677 Main     launcher.cpp:44] Launcher: Scheduled to stop
E1102 18:03:32.463947 Launcher launcher.cpp:72] Launcher: Connection to engine disconnected
I1102 18:03:32.463995 Launcher launcher.cpp:44] Launcher: Scheduled to stop
W1102 18:03:32.464846 Launcher launcher.cpp:87] Launcher: Function process 7 terminated
W1102 18:03:32.464862 Launcher launcher.cpp:87] Launcher: Function process 6 terminated
W1102 18:03:32.464869 Launcher launcher.cpp:87] Launcher: Function process 5 terminated
W1102 18:03:32.464875 Launcher launcher.cpp:87] Launcher: Function process 4 terminated
W1102 18:03:32.464880 Launcher launcher.cpp:87] Launcher: Function process 3 terminated
W1102 18:03:32.464886 Launcher launcher.cpp:87] Launcher: Function process 0 terminated
W1102 18:03:32.464966 Launcher launcher.cpp:87] Launcher: Function process 2 terminated
W1102 18:03:32.464974 Launcher launcher.cpp:87] Launcher: Function process 1 terminated
I1102 18:03:32.464980 Launcher launcher.cpp:101] Launcher: Event loop finishes
I1102 18:03:32.465048 Main     launcher.cpp:68] Launcher: Stopped
