I1102 18:28:54.519126 Main     thread.cpp:100] Register main thread: tid=1380747
E1102 18:28:54.519261 Main     docker.cpp:59] Cannot find docker's cgroup in /proc/self/cgroup
I1102 18:28:54.522520 Launcher thread.cpp:40] Start thread: Launcher/EL
I1102 18:28:54.522574 Launcher thread.cpp:64] Does not find cpuset setting for IO threads (can be set by FAAS_IO_THREAD_CPUSET)
I1102 18:28:54.522580 Launcher thread.cpp:82] Does not find nice setting for IO threads (can be set by FAAS_IO_THREAD_NICE)
I1102 18:28:54.522584 Launcher launcher.cpp:96] Launcher: Event loop starts
I1102 18:28:54.522604 Launcher engine_connection.cpp:93] EngineConnection: Connected to engine, start writing handshake message
I1102 18:28:54.525580 Launcher buffer_pool.h:25] BufferPool[Launcher]: Allocate new buffer, current buffer count is 1
I1102 18:28:54.525613 Launcher func_config.cpp:135] Load configuration for function Noop[1]
I1102 18:28:54.525623 Launcher engine_connection.cpp:65] EngineConnection: Handshake done
I1102 18:29:02.451204 Main     launcher.cpp:44] Launcher: Scheduled to stop
E1102 18:29:02.453077 Launcher launcher.cpp:72] Launcher: Connection to engine disconnected
I1102 18:29:02.453106 Launcher launcher.cpp:44] Launcher: Scheduled to stop
W1102 18:29:02.462230 Launcher launcher.cpp:87] Launcher: Function process 26 terminated
W1102 18:29:02.462284 Launcher launcher.cpp:87] Launcher: Function process 15 terminated
W1102 18:29:02.462289 Launcher launcher.cpp:87] Launcher: Function process 255 terminated
W1102 18:29:02.462293 Launcher launcher.cpp:87] Launcher: Function process 254 terminated
W1102 18:29:02.462296 Launcher launcher.cpp:87] Launcher: Function process 253 terminated
W1102 18:29:02.462300 Launcher launcher.cpp:87] Launcher: Function process 252 terminated
W1102 18:29:02.462303 Launcher launcher.cpp:87] Launcher: Function process 251 terminated
W1102 18:29:02.462306 Launcher launcher.cpp:87] Launcher: Function process 250 terminated
W1102 18:29:02.462310 Launcher launcher.cpp:87] Launcher: Function process 249 terminated
W1102 18:29:02.462313 Launcher launcher.cpp:87] Launcher: Function process 248 terminated
W1102 18:29:02.462317 Launcher launcher.cpp:87] Launcher: Function process 247 terminated
W1102 18:29:02.462320 Launcher launcher.cpp:87] Launcher: Function process 246 terminated
W1102 18:29:02.462323 Launcher launcher.cpp:87] Launcher: Function process 245 terminated
W1102 18:29:02.462327 Launcher launcher.cpp:87] Launcher: Function process 244 terminated
W1102 18:29:02.462330 Launcher launcher.cpp:87] Launcher: Function process 243 terminated
W1102 18:29:02.462333 Launcher launcher.cpp:87] Launcher: Function process 242 terminated
W1102 18:29:02.462337 Launcher launcher.cpp:87] Launcher: Function process 241 terminated
W1102 18:29:02.462340 Launcher launcher.cpp:87] Launcher: Function process 240 terminated
W1102 18:29:02.462344 Launcher launcher.cpp:87] Launcher: Function process 239 terminated
W1102 18:29:02.462347 Launcher launcher.cpp:87] Launcher: Function process 238 terminated
W1102 18:29:02.462351 Launcher launcher.cpp:87] Launcher: Function process 237 terminated
W1102 18:29:02.462354 Launcher launcher.cpp:87] Launcher: Function process 236 terminated
W1102 18:29:02.462358 Launcher launcher.cpp:87] Launcher: Function process 235 terminated
W1102 18:29:02.462361 Launcher launcher.cpp:87] Launcher: Function process 234 terminated
W1102 18:29:02.462364 Launcher launcher.cpp:87] Launcher: Function process 233 terminated
W1102 18:29:02.462368 Launcher launcher.cpp:87] Launcher: Function process 232 terminated
W1102 18:29:02.462371 Launcher launcher.cpp:87] Launcher: Function process 231 terminated
W1102 18:29:02.462375 Launcher launcher.cpp:87] Launcher: Function process 230 terminated
W1102 18:29:02.462378 Launcher launcher.cpp:87] Launcher: Function process 229 terminated
W1102 18:29:02.462382 Launcher launcher.cpp:87] Launcher: Function process 228 terminated
W1102 18:29:02.462386 Launcher launcher.cpp:87] Launcher: Function process 227 terminated
W1102 18:29:02.462389 Launcher launcher.cpp:87] Launcher: Function process 226 terminated
W1102 18:29:02.462414 Launcher launcher.cpp:87] Launcher: Function process 225 terminated
W1102 18:29:02.462418 Launcher launcher.cpp:87] Launcher: Function process 224 terminated
W1102 18:29:02.462421 Launcher launcher.cpp:87] Launcher: Function process 223 terminated
W1102 18:29:02.462425 Launcher launcher.cpp:87] Launcher: Function process 222 terminated
W1102 18:29:02.462428 Launcher launcher.cpp:87] Launcher: Function process 221 terminated
W1102 18:29:02.462431 Launcher launcher.cpp:87] Launcher: Function process 220 terminated
W1102 18:29:02.462435 Launcher launcher.cpp:87] Launcher: Function process 219 terminated
W1102 18:29:02.462438 Launcher launcher.cpp:87] Launcher: Function process 218 terminated
W1102 18:29:02.462441 Launcher launcher.cpp:87] Launcher: Function process 217 terminated
W1102 18:29:02.462445 Launcher launcher.cpp:87] Launcher: Function process 216 terminated
W1102 18:29:02.462448 Launcher launcher.cpp:87] Launcher: Function process 215 terminated
W1102 18:29:02.462452 Launcher launcher.cpp:87] Launcher: Function process 214 terminated
W1102 18:29:02.462455 Launcher launcher.cpp:87] Launcher: Function process 213 terminated
W1102 18:29:02.462459 Launcher launcher.cpp:87] Launcher: Function process 212 terminated
W1102 18:29:02.462462 Launcher launcher.cpp:87] Launcher: Function process 211 terminated
W1102 18:29:02.462466 Launcher launcher.cpp:87] Launcher: Function process 210 terminated
W1102 18:29:02.462469 Launcher launcher.cpp:87] Launcher: Function process 209 terminated
W1102 18:29:02.462472 Launcher launcher.cpp:87] Launcher: Function process 208 terminated
W1102 18:29:02.462476 Launcher launcher.cpp:87] Launcher: Function process 207 terminated
W1102 18:29:02.462480 Launcher launcher.cpp:87] Launcher: Function process 206 terminated
W1102 18:29:02.462483 Launcher launcher.cpp:87] Launcher: Function process 205 terminated
W1102 18:29:02.462487 Launcher launcher.cpp:87] Launcher: Function process 204 terminated
W1102 18:29:02.462490 Launcher launcher.cpp:87] Launcher: Function process 203 terminated
W1102 18:29:02.462494 Launcher launcher.cpp:87] Launcher: Function process 202 terminated
W1102 18:29:02.462497 Launcher launcher.cpp:87] Launcher: Function process 201 terminated
W1102 18:29:02.462501 Launcher launcher.cpp:87] Launcher: Function process 200 terminated
W1102 18:29:02.462504 Launcher launcher.cpp:87] Launcher: Function process 199 terminated
W1102 18:29:02.462507 Launcher launcher.cpp:87] Launcher: Function process 198 terminated
W1102 18:29:02.462511 Launcher launcher.cpp:87] Launcher: Function process 197 terminated
W1102 18:29:02.462514 Launcher launcher.cpp:87] Launcher: Function process 196 terminated
W1102 18:29:02.462518 Launcher launcher.cpp:87] Launcher: Function process 195 terminated
W1102 18:29:02.462521 Launcher launcher.cpp:87] Launcher: Function process 194 terminated
W1102 18:29:02.462525 Launcher launcher.cpp:87] Launcher: Function process 193 terminated
W1102 18:29:02.462528 Launcher launcher.cpp:87] Launcher: Function process 192 terminated
W1102 18:29:02.462532 Launcher launcher.cpp:87] Launcher: Function process 191 terminated
W1102 18:29:02.462535 Launcher launcher.cpp:87] Launcher: Function process 190 terminated
W1102 18:29:02.462539 Launcher launcher.cpp:87] Launcher: Function process 189 terminated
W1102 18:29:02.462542 Launcher launcher.cpp:87] Launcher: Function process 188 terminated
W1102 18:29:02.462545 Launcher launcher.cpp:87] Launcher: Function process 187 terminated
W1102 18:29:02.462549 Launcher launcher.cpp:87] Launcher: Function process 186 terminated
W1102 18:29:02.462552 Launcher launcher.cpp:87] Launcher: Function process 185 terminated
W1102 18:29:02.462556 Launcher launcher.cpp:87] Launcher: Function process 184 terminated
W1102 18:29:02.462559 Launcher launcher.cpp:87] Launcher: Function process 183 terminated
W1102 18:29:02.462563 Launcher launcher.cpp:87] Launcher: Function process 182 terminated
W1102 18:29:02.462566 Launcher launcher.cpp:87] Launcher: Function process 181 terminated
W1102 18:29:02.462570 Launcher launcher.cpp:87] Launcher: Function process 180 terminated
W1102 18:29:02.462579 Launcher launcher.cpp:87] Launcher: Function process 179 terminated
W1102 18:29:02.462582 Launcher launcher.cpp:87] Launcher: Function process 178 terminated
W1102 18:29:02.462586 Launcher launcher.cpp:87] Launcher: Function process 177 terminated
W1102 18:29:02.462589 Launcher launcher.cpp:87] Launcher: Function process 176 terminated
W1102 18:29:02.462593 Launcher launcher.cpp:87] Launcher: Function process 175 terminated
W1102 18:29:02.462596 Launcher launcher.cpp:87] Launcher: Function process 174 terminated
W1102 18:29:02.462599 Launcher launcher.cpp:87] Launcher: Function process 173 terminated
W1102 18:29:02.462603 Launcher launcher.cpp:87] Launcher: Function process 172 terminated
W1102 18:29:02.462606 Launcher launcher.cpp:87] Launcher: Function process 171 terminated
W1102 18:29:02.462610 Launcher launcher.cpp:87] Launcher: Function process 170 terminated
W1102 18:29:02.462613 Launcher launcher.cpp:87] Launcher: Function process 169 terminated
W1102 18:29:02.462617 Launcher launcher.cpp:87] Launcher: Function process 168 terminated
W1102 18:29:02.462620 Launcher launcher.cpp:87] Launcher: Function process 167 terminated
W1102 18:29:02.462624 Launcher launcher.cpp:87] Launcher: Function process 166 terminated
W1102 18:29:02.462628 Launcher launcher.cpp:87] Launcher: Function process 165 terminated
W1102 18:29:02.462631 Launcher launcher.cpp:87] Launcher: Function process 164 terminated
W1102 18:29:02.462636 Launcher launcher.cpp:87] Launcher: Function process 163 terminated
W1102 18:29:02.462639 Launcher launcher.cpp:87] Launcher: Function process 162 terminated
W1102 18:29:02.462642 Launcher launcher.cpp:87] Launcher: Function process 161 terminated
W1102 18:29:02.462646 Launcher launcher.cpp:87] Launcher: Function process 160 terminated
W1102 18:29:02.462649 Launcher launcher.cpp:87] Launcher: Function process 159 terminated
W1102 18:29:02.462653 Launcher launcher.cpp:87] Launcher: Function process 158 terminated
W1102 18:29:02.462656 Launcher launcher.cpp:87] Launcher: Function process 157 terminated
W1102 18:29:02.462660 Launcher launcher.cpp:87] Launcher: Function process 156 terminated
W1102 18:29:02.462663 Launcher launcher.cpp:87] Launcher: Function process 155 terminated
W1102 18:29:02.462667 Launcher launcher.cpp:87] Launcher: Function process 154 terminated
W1102 18:29:02.462670 Launcher launcher.cpp:87] Launcher: Function process 153 terminated
W1102 18:29:02.462674 Launcher launcher.cpp:87] Launcher: Function process 152 terminated
W1102 18:29:02.462677 Launcher launcher.cpp:87] Launcher: Function process 151 terminated
W1102 18:29:02.462680 Launcher launcher.cpp:87] Launcher: Function process 150 terminated
W1102 18:29:02.462684 Launcher launcher.cpp:87] Launcher: Function process 149 terminated
W1102 18:29:02.462687 Launcher launcher.cpp:87] Launcher: Function process 148 terminated
W1102 18:29:02.462691 Launcher launcher.cpp:87] Launcher: Function process 147 terminated
W1102 18:29:02.462694 Launcher launcher.cpp:87] Launcher: Function process 146 terminated
W1102 18:29:02.462698 Launcher launcher.cpp:87] Launcher: Function process 145 terminated
W1102 18:29:02.462701 Launcher launcher.cpp:87] Launcher: Function process 144 terminated
W1102 18:29:02.462704 Launcher launcher.cpp:87] Launcher: Function process 143 terminated
W1102 18:29:02.462708 Launcher launcher.cpp:87] Launcher: Function process 142 terminated
W1102 18:29:02.462721 Launcher launcher.cpp:87] Launcher: Function process 141 terminated
W1102 18:29:02.462724 Launcher launcher.cpp:87] Launcher: Function process 140 terminated
W1102 18:29:02.462728 Launcher launcher.cpp:87] Launcher: Function process 139 terminated
W1102 18:29:02.462731 Launcher launcher.cpp:87] Launcher: Function process 138 terminated
W1102 18:29:02.462735 Launcher launcher.cpp:87] Launcher: Function process 137 terminated
W1102 18:29:02.462738 Launcher launcher.cpp:87] Launcher: Function process 136 terminated
W1102 18:29:02.462742 Launcher launcher.cpp:87] Launcher: Function process 135 terminated
W1102 18:29:02.462751 Launcher launcher.cpp:87] Launcher: Function process 134 terminated
W1102 18:29:02.462754 Launcher launcher.cpp:87] Launcher: Function process 133 terminated
W1102 18:29:02.462758 Launcher launcher.cpp:87] Launcher: Function process 132 terminated
W1102 18:29:02.462761 Launcher launcher.cpp:87] Launcher: Function process 131 terminated
W1102 18:29:02.462765 Launcher launcher.cpp:87] Launcher: Function process 130 terminated
W1102 18:29:02.462768 Launcher launcher.cpp:87] Launcher: Function process 129 terminated
W1102 18:29:02.462772 Launcher launcher.cpp:87] Launcher: Function process 128 terminated
W1102 18:29:02.462775 Launcher launcher.cpp:87] Launcher: Function process 127 terminated
W1102 18:29:02.462779 Launcher launcher.cpp:87] Launcher: Function process 126 terminated
W1102 18:29:02.462782 Launcher launcher.cpp:87] Launcher: Function process 125 terminated
W1102 18:29:02.462786 Launcher launcher.cpp:87] Launcher: Function process 124 terminated
W1102 18:29:02.462789 Launcher launcher.cpp:87] Launcher: Function process 123 terminated
W1102 18:29:02.462793 Launcher launcher.cpp:87] Launcher: Function process 122 terminated
W1102 18:29:02.462796 Launcher launcher.cpp:87] Launcher: Function process 121 terminated
W1102 18:29:02.462800 Launcher launcher.cpp:87] Launcher: Function process 120 terminated
W1102 18:29:02.462804 Launcher launcher.cpp:87] Launcher: Function process 119 terminated
W1102 18:29:02.462807 Launcher launcher.cpp:87] Launcher: Function process 118 terminated
W1102 18:29:02.462810 Launcher launcher.cpp:87] Launcher: Function process 117 terminated
W1102 18:29:02.462814 Launcher launcher.cpp:87] Launcher: Function process 116 terminated
W1102 18:29:02.462818 Launcher launcher.cpp:87] Launcher: Function process 115 terminated
W1102 18:29:02.462821 Launcher launcher.cpp:87] Launcher: Function process 114 terminated
W1102 18:29:02.462825 Launcher launcher.cpp:87] Launcher: Function process 113 terminated
W1102 18:29:02.462828 Launcher launcher.cpp:87] Launcher: Function process 112 terminated
W1102 18:29:02.462832 Launcher launcher.cpp:87] Launcher: Function process 111 terminated
W1102 18:29:02.462835 Launcher launcher.cpp:87] Launcher: Function process 110 terminated
W1102 18:29:02.462839 Launcher launcher.cpp:87] Launcher: Function process 109 terminated
W1102 18:29:02.462842 Launcher launcher.cpp:87] Launcher: Function process 108 terminated
W1102 18:29:02.462846 Launcher launcher.cpp:87] Launcher: Function process 107 terminated
W1102 18:29:02.462849 Launcher launcher.cpp:87] Launcher: Function process 106 terminated
W1102 18:29:02.462852 Launcher launcher.cpp:87] Launcher: Function process 105 terminated
W1102 18:29:02.462856 Launcher launcher.cpp:87] Launcher: Function process 104 terminated
W1102 18:29:02.462860 Launcher launcher.cpp:87] Launcher: Function process 103 terminated
W1102 18:29:02.462863 Launcher launcher.cpp:87] Launcher: Function process 102 terminated
W1102 18:29:02.462867 Launcher launcher.cpp:87] Launcher: Function process 101 terminated
W1102 18:29:02.462870 Launcher launcher.cpp:87] Launcher: Function process 100 terminated
W1102 18:29:02.462873 Launcher launcher.cpp:87] Launcher: Function process 99 terminated
W1102 18:29:02.462877 Launcher launcher.cpp:87] Launcher: Function process 98 terminated
W1102 18:29:02.462880 Launcher launcher.cpp:87] Launcher: Function process 97 terminated
W1102 18:29:02.462884 Launcher launcher.cpp:87] Launcher: Function process 96 terminated
W1102 18:29:02.462887 Launcher launcher.cpp:87] Launcher: Function process 95 terminated
W1102 18:29:02.462891 Launcher launcher.cpp:87] Launcher: Function process 94 terminated
W1102 18:29:02.462894 Launcher launcher.cpp:87] Launcher: Function process 93 terminated
W1102 18:29:02.462898 Launcher launcher.cpp:87] Launcher: Function process 92 terminated
W1102 18:29:02.462901 Launcher launcher.cpp:87] Launcher: Function process 91 terminated
W1102 18:29:02.462905 Launcher launcher.cpp:87] Launcher: Function process 90 terminated
W1102 18:29:02.462909 Launcher launcher.cpp:87] Launcher: Function process 89 terminated
W1102 18:29:02.462917 Launcher launcher.cpp:87] Launcher: Function process 88 terminated
W1102 18:29:02.462921 Launcher launcher.cpp:87] Launcher: Function process 87 terminated
W1102 18:29:02.462924 Launcher launcher.cpp:87] Launcher: Function process 86 terminated
W1102 18:29:02.462928 Launcher launcher.cpp:87] Launcher: Function process 85 terminated
W1102 18:29:02.462931 Launcher launcher.cpp:87] Launcher: Function process 84 terminated
W1102 18:29:02.462935 Launcher launcher.cpp:87] Launcher: Function process 83 terminated
W1102 18:29:02.462938 Launcher launcher.cpp:87] Launcher: Function process 82 terminated
W1102 18:29:02.462942 Launcher launcher.cpp:87] Launcher: Function process 81 terminated
W1102 18:29:02.462945 Launcher launcher.cpp:87] Launcher: Function process 80 terminated
W1102 18:29:02.462949 Launcher launcher.cpp:87] Launcher: Function process 79 terminated
W1102 18:29:02.462952 Launcher launcher.cpp:87] Launcher: Function process 78 terminated
W1102 18:29:02.462956 Launcher launcher.cpp:87] Launcher: Function process 77 terminated
W1102 18:29:02.462959 Launcher launcher.cpp:87] Launcher: Function process 76 terminated
W1102 18:29:02.462963 Launcher launcher.cpp:87] Launcher: Function process 75 terminated
W1102 18:29:02.462966 Launcher launcher.cpp:87] Launcher: Function process 74 terminated
W1102 18:29:02.462970 Launcher launcher.cpp:87] Launcher: Function process 73 terminated
W1102 18:29:02.462973 Launcher launcher.cpp:87] Launcher: Function process 72 terminated
W1102 18:29:02.462976 Launcher launcher.cpp:87] Launcher: Function process 71 terminated
W1102 18:29:02.462980 Launcher launcher.cpp:87] Launcher: Function process 70 terminated
W1102 18:29:02.462983 Launcher launcher.cpp:87] Launcher: Function process 69 terminated
W1102 18:29:02.462987 Launcher launcher.cpp:87] Launcher: Function process 68 terminated
W1102 18:29:02.462990 Launcher launcher.cpp:87] Launcher: Function process 67 terminated
W1102 18:29:02.462994 Launcher launcher.cpp:87] Launcher: Function process 66 terminated
W1102 18:29:02.462997 Launcher launcher.cpp:87] Launcher: Function process 65 terminated
W1102 18:29:02.463001 Launcher launcher.cpp:87] Launcher: Function process 64 terminated
W1102 18:29:02.463004 Launcher launcher.cpp:87] Launcher: Function process 63 terminated
W1102 18:29:02.463008 Launcher launcher.cpp:87] Launcher: Function process 62 terminated
W1102 18:29:02.463011 Launcher launcher.cpp:87] Launcher: Function process 61 terminated
W1102 18:29:02.463015 Launcher launcher.cpp:87] Launcher: Function process 60 terminated
W1102 18:29:02.463018 Launcher launcher.cpp:87] Launcher: Function process 59 terminated
W1102 18:29:02.463022 Launcher launcher.cpp:87] Launcher: Function process 58 terminated
W1102 18:29:02.463025 Launcher launcher.cpp:87] Launcher: Function process 57 terminated
W1102 18:29:02.463029 Launcher launcher.cpp:87] Launcher: Function process 56 terminated
W1102 18:29:02.463032 Launcher launcher.cpp:87] Launcher: Function process 55 terminated
W1102 18:29:02.463035 Launcher launcher.cpp:87] Launcher: Function process 54 terminated
W1102 18:29:02.463039 Launcher launcher.cpp:87] Launcher: Function process 53 terminated
W1102 18:29:02.463043 Launcher launcher.cpp:87] Launcher: Function process 52 terminated
W1102 18:29:02.463046 Launcher launcher.cpp:87] Launcher: Function process 51 terminated
W1102 18:29:02.463049 Launcher launcher.cpp:87] Launcher: Function process 50 terminated
W1102 18:29:02.463053 Launcher launcher.cpp:87] Launcher: Function process 49 terminated
W1102 18:29:02.463056 Launcher launcher.cpp:87] Launcher: Function process 48 terminated
W1102 18:29:02.463059 Launcher launcher.cpp:87] Launcher: Function process 47 terminated
W1102 18:29:02.463063 Launcher launcher.cpp:87] Launcher: Function process 46 terminated
W1102 18:29:02.463066 Launcher launcher.cpp:87] Launcher: Function process 45 terminated
W1102 18:29:02.463070 Launcher launcher.cpp:87] Launcher: Function process 44 terminated
W1102 18:29:02.463073 Launcher launcher.cpp:87] Launcher: Function process 43 terminated
W1102 18:29:02.463081 Launcher launcher.cpp:87] Launcher: Function process 42 terminated
W1102 18:29:02.463085 Launcher launcher.cpp:87] Launcher: Function process 41 terminated
W1102 18:29:02.463088 Launcher launcher.cpp:87] Launcher: Function process 40 terminated
W1102 18:29:02.463092 Launcher launcher.cpp:87] Launcher: Function process 39 terminated
W1102 18:29:02.463095 Launcher launcher.cpp:87] Launcher: Function process 38 terminated
W1102 18:29:02.463099 Launcher launcher.cpp:87] Launcher: Function process 37 terminated
W1102 18:29:02.463102 Launcher launcher.cpp:87] Launcher: Function process 36 terminated
W1102 18:29:02.463105 Launcher launcher.cpp:87] Launcher: Function process 35 terminated
W1102 18:29:02.463109 Launcher launcher.cpp:87] Launcher: Function process 34 terminated
W1102 18:29:02.463113 Launcher launcher.cpp:87] Launcher: Function process 33 terminated
W1102 18:29:02.463116 Launcher launcher.cpp:87] Launcher: Function process 32 terminated
W1102 18:29:02.463120 Launcher launcher.cpp:87] Launcher: Function process 31 terminated
W1102 18:29:02.463124 Launcher launcher.cpp:87] Launcher: Function process 30 terminated
W1102 18:29:02.463127 Launcher launcher.cpp:87] Launcher: Function process 29 terminated
W1102 18:29:02.463131 Launcher launcher.cpp:87] Launcher: Function process 28 terminated
W1102 18:29:02.463134 Launcher launcher.cpp:87] Launcher: Function process 27 terminated
W1102 18:29:02.463137 Launcher launcher.cpp:87] Launcher: Function process 25 terminated
W1102 18:29:02.463141 Launcher launcher.cpp:87] Launcher: Function process 24 terminated
W1102 18:29:02.463144 Launcher launcher.cpp:87] Launcher: Function process 23 terminated
W1102 18:29:02.463148 Launcher launcher.cpp:87] Launcher: Function process 22 terminated
W1102 18:29:02.463151 Launcher launcher.cpp:87] Launcher: Function process 21 terminated
W1102 18:29:02.463155 Launcher launcher.cpp:87] Launcher: Function process 20 terminated
W1102 18:29:02.463158 Launcher launcher.cpp:87] Launcher: Function process 19 terminated
W1102 18:29:02.463161 Launcher launcher.cpp:87] Launcher: Function process 18 terminated
W1102 18:29:02.463165 Launcher launcher.cpp:87] Launcher: Function process 17 terminated
W1102 18:29:02.463168 Launcher launcher.cpp:87] Launcher: Function process 16 terminated
W1102 18:29:02.463171 Launcher launcher.cpp:87] Launcher: Function process 14 terminated
W1102 18:29:02.463175 Launcher launcher.cpp:87] Launcher: Function process 13 terminated
W1102 18:29:02.463178 Launcher launcher.cpp:87] Launcher: Function process 12 terminated
W1102 18:29:02.463182 Launcher launcher.cpp:87] Launcher: Function process 11 terminated
W1102 18:29:02.463185 Launcher launcher.cpp:87] Launcher: Function process 10 terminated
W1102 18:29:02.463189 Launcher launcher.cpp:87] Launcher: Function process 9 terminated
W1102 18:29:02.463192 Launcher launcher.cpp:87] Launcher: Function process 8 terminated
W1102 18:29:02.463196 Launcher launcher.cpp:87] Launcher: Function process 7 terminated
W1102 18:29:02.463199 Launcher launcher.cpp:87] Launcher: Function process 6 terminated
W1102 18:29:02.463203 Launcher launcher.cpp:87] Launcher: Function process 5 terminated
W1102 18:29:02.463206 Launcher launcher.cpp:87] Launcher: Function process 4 terminated
W1102 18:29:02.463210 Launcher launcher.cpp:87] Launcher: Function process 3 terminated
W1102 18:29:02.463214 Launcher launcher.cpp:87] Launcher: Function process 2 terminated
W1102 18:29:02.463217 Launcher launcher.cpp:87] Launcher: Function process 1 terminated
W1102 18:29:02.463220 Launcher launcher.cpp:87] Launcher: Function process 0 terminated
I1102 18:29:02.463224 Launcher launcher.cpp:101] Launcher: Event loop finishes
I1102 18:29:02.463323 Main     launcher.cpp:68] Launcher: Stopped
