I1102 18:47:34.534491 Main     thread.cpp:100] Register main thread: tid=1388471
E1102 18:47:34.534754 Main     docker.cpp:59] Cannot find docker's cgroup in /proc/self/cgroup
I1102 18:47:34.534808 Main     func_config.cpp:135] Load configuration for function Echo[1]
I1102 18:47:34.534820 Main     engine.cpp:109] Engine: Start 1 IO workers
I1102 18:47:34.538053 IO-0/EL  thread.cpp:40] Start thread: IO-0/EL
I1102 18:47:34.538100 IO-0/EL  io_worker.cpp:192] IO-0: Event loop starts
Checking for file descriptor...
Got a file descriptor!
I1102 18:47:36.362449 Main     engine.cpp:180] Engine: Created 1 Machnet connections to Gateway at 10.10.1.2:10007
I1102 18:47:36.362581 Main     engine.cpp:208] Engine: Listen on /dev/shm/faas_ipc/engine.sock for IPC connections
I1102 18:47:36.362867 Server/E thread.cpp:40] Start thread: Server/EL
I1102 18:47:36.362984 Server/E server_base.cpp:50] Server: Event loop starts
I1102 18:47:36.537279 Server/E engine.cpp:674] Engine: New message connection
I1102 18:47:36.540481 IO-0/EL  buffer_pool.h:25] BufferPool[IO-0_Read]: Allocate new buffer, current buffer count is 1
I1102 18:47:36.540516 IO-0/EL  engine.cpp:277] Engine: Receive new handshake message from message connection
I1102 18:47:36.540521 IO-0/EL  worker_manager.cpp:23] WorkerManager: Launcher of func_id 1 connected
I1102 18:47:36.540526 IO-0/EL  worker_manager.cpp:131] WorkerManager: Request new FuncWorker for func_id 1 with client_id 1
I1102 18:47:36.540547 IO-0/EL  worker_manager.cpp:131] WorkerManager: Request new FuncWorker for func_id 1 with client_id 2
I1102 18:47:36.540560 IO-0/EL  worker_manager.cpp:131] WorkerManager: Request new FuncWorker for func_id 1 with client_id 3
I1102 18:47:36.540570 IO-0/EL  worker_manager.cpp:131] WorkerManager: Request new FuncWorker for func_id 1 with client_id 4
I1102 18:47:36.540596 IO-0/EL  buffer_pool.h:25] BufferPool[IO-0_Write]: Allocate new buffer, current buffer count is 1
I1102 18:47:36.540608 IO-0/EL  message_connection.cpp:269] LauncherConnection[1]: Handshake done
I1102 18:47:36.543911 Server/E engine.cpp:674] Engine: New message connection
I1102 18:47:36.543966 IO-0/EL  engine.cpp:277] Engine: Receive new handshake message from message connection
I1102 18:47:36.543972 IO-0/EL  worker_manager.cpp:60] WorkerManager: FuncWorker of func_id 1, client_id 1 connected
I1102 18:47:36.543983 IO-0/EL  dispatcher.cpp:47] Dispatcher[1]: min_workers=4
I1102 18:47:36.543991 IO-0/EL  dispatcher.cpp:51] Dispatcher[1]: max_workers=4
I1102 18:47:36.544011 IO-0/EL  message_connection.cpp:269] FuncWorkerConnection[1-1]: Handshake done
I1102 18:47:36.545172 Server/E engine.cpp:674] Engine: New message connection
I1102 18:47:36.545205 IO-0/EL  engine.cpp:277] Engine: Receive new handshake message from message connection
I1102 18:47:36.545211 IO-0/EL  worker_manager.cpp:60] WorkerManager: FuncWorker of func_id 1, client_id 2 connected
I1102 18:47:36.545226 IO-0/EL  message_connection.cpp:269] FuncWorkerConnection[1-2]: Handshake done
I1102 18:47:36.545655 Server/E engine.cpp:674] Engine: New message connection
I1102 18:47:36.545686 IO-0/EL  engine.cpp:277] Engine: Receive new handshake message from message connection
I1102 18:47:36.545691 IO-0/EL  worker_manager.cpp:60] WorkerManager: FuncWorker of func_id 1, client_id 3 connected
I1102 18:47:36.545704 IO-0/EL  message_connection.cpp:269] FuncWorkerConnection[1-3]: Handshake done
I1102 18:47:36.546018 Server/E engine.cpp:674] Engine: New message connection
I1102 18:47:36.546043 IO-0/EL  engine.cpp:277] Engine: Receive new handshake message from message connection
I1102 18:47:36.546048 IO-0/EL  worker_manager.cpp:60] WorkerManager: FuncWorker of func_id 1, client_id 4 connected
I1102 18:47:36.546061 IO-0/EL  message_connection.cpp:269] FuncWorkerConnection[1-4]: Handshake done
I1102 18:47:39.448165 IO-0/EL  buffer_pool.h:25] BufferPool[IO-0_Write]: Allocate new buffer, current buffer count is 2
I1102 18:47:39.448190 IO-0/EL  buffer_pool.h:25] BufferPool[IO-0_Write]: Allocate new buffer, current buffer count is 3
I1102 18:47:39.448201 IO-0/EL  buffer_pool.h:25] BufferPool[IO-0_Write]: Allocate new buffer, current buffer count is 4
I1102 18:47:44.528815 Main     server_base.cpp:35] Server: Scheduled to stop
I1102 18:47:44.529039 IO-0/EL  message_connection.cpp:284] LauncherConnection[1]: Connection closed remotely
I1102 18:47:44.529015 Server/E server_base.cpp:109] Server: Start stopping process
I1102 18:47:44.529093 IO-0/EL  io_worker.cpp:206] IO-0: Start stopping process
