I1102 19:05:08.548456 Main     thread.cpp:100] Register main thread: tid=1395291
E1102 19:05:08.549139 Main     docker.cpp:59] Cannot find docker's cgroup in /proc/self/cgroup
I1102 19:05:08.549198 Main     func_config.cpp:135] Load configuration for function Echo[1]
I1102 19:05:08.549209 Main     engine.cpp:109] Engine: Start 1 IO workers
I1102 19:05:08.552452 IO-0/EL  thread.cpp:40] Start thread: IO-0/EL
I1102 19:05:08.552499 IO-0/EL  io_worker.cpp:192] IO-0: Event loop starts
Checking for file descriptor...
Got a file descriptor!
I1102 19:05:10.366457 Main     engine.cpp:180] Engine: Created 1 Machnet connections to Gateway at 10.10.1.2:10007
I1102 19:05:10.366570 Main     engine.cpp:208] Engine: Listen on /dev/shm/faas_ipc/engine.sock for IPC connections
I1102 19:05:10.366831 Server/E thread.cpp:40] Start thread: Server/EL
I1102 19:05:10.366897 Server/E server_base.cpp:50] Server: Event loop starts
I1102 19:05:10.550681 Server/E engine.cpp:674] Engine: New message connection
I1102 19:05:10.553951 IO-0/EL  buffer_pool.h:25] BufferPool[IO-0_Read]: Allocate new buffer, current buffer count is 1
I1102 19:05:10.553983 IO-0/EL  engine.cpp:277] Engine: Receive new handshake message from message connection
I1102 19:05:10.553988 IO-0/EL  worker_manager.cpp:23] WorkerManager: Launcher of func_id 1 connected
I1102 19:05:10.553992 IO-0/EL  worker_manager.cpp:131] WorkerManager: Request new FuncWorker for func_id 1 with client_id 1
I1102 19:05:10.554012 IO-0/EL  worker_manager.cpp:131] WorkerManager: Request new FuncWorker for func_id 1 with client_id 2
I1102 19:05:10.554025 IO-0/EL  worker_manager.cpp:131] WorkerManager: Request new FuncWorker for func_id 1 with client_id 3
I1102 19:05:10.554035 IO-0/EL  worker_manager.cpp:131] WorkerManager: Request new FuncWorker for func_id 1 with client_id 4
I1102 19:05:10.554044 IO-0/EL  worker_manager.cpp:131] WorkerManager: Request new FuncWorker for func_id 1 with client_id 5
I1102 19:05:10.554052 IO-0/EL  worker_manager.cpp:131] WorkerManager: Request new FuncWorker for func_id 1 with client_id 6
I1102 19:05:10.554063 IO-0/EL  worker_manager.cpp:131] WorkerManager: Request new FuncWorker for func_id 1 with client_id 7
I1102 19:05:10.554073 IO-0/EL  worker_manager.cpp:131] WorkerManager: Request new FuncWorker for func_id 1 with client_id 8
I1102 19:05:10.554085 IO-0/EL  worker_manager.cpp:131] WorkerManager: Request new FuncWorker for func_id 1 with client_id 9
I1102 19:05:10.554094 IO-0/EL  worker_manager.cpp:131] WorkerManager: Request new FuncWorker for func_id 1 with client_id 10
I1102 19:05:10.554105 IO-0/EL  worker_manager.cpp:131] WorkerManager: Request new FuncWorker for func_id 1 with client_id 11
I1102 19:05:10.554115 IO-0/EL  worker_manager.cpp:131] WorkerManager: Request new FuncWorker for func_id 1 with client_id 12
I1102 19:05:10.554127 IO-0/EL  worker_manager.cpp:131] WorkerManager: Request new FuncWorker for func_id 1 with client_id 13
I1102 19:05:10.554137 IO-0/EL  worker_manager.cpp:131] WorkerManager: Request new FuncWorker for func_id 1 with client_id 14
I1102 19:05:10.554146 IO-0/EL  worker_manager.cpp:131] WorkerManager: Request new FuncWorker for func_id 1 with client_id 15
I1102 19:05:10.554157 IO-0/EL  worker_manager.cpp:131] WorkerManager: Request new FuncWorker for func_id 1 with client_id 16
I1102 19:05:10.554166 IO-0/EL  worker_manager.cpp:131] WorkerManager: Request new FuncWorker for func_id 1 with client_id 17
I1102 19:05:10.554186 IO-0/EL  worker_manager.cpp:131] WorkerManager: Request new FuncWorker for func_id 1 with client_id 18
I1102 19:05:10.554195 IO-0/EL  worker_manager.cpp:131] WorkerManager: Request new FuncWorker for func_id 1 with client_id 19
I1102 19:05:10.554206 IO-0/EL  worker_manager.cpp:131] WorkerManager: Request new FuncWorker for func_id 1 with client_id 20
I1102 19:05:10.554218 IO-0/EL  worker_manager.cpp:131] WorkerManager: Request new FuncWorker for func_id 1 with client_id 21
I1102 19:05:10.554228 IO-0/EL  worker_manager.cpp:131] WorkerManager: Request new FuncWorker for func_id 1 with client_id 22
I1102 19:05:10.554237 IO-0/EL  worker_manager.cpp:131] WorkerManager: Request new FuncWorker for func_id 1 with client_id 23
I1102 19:05:10.554263 IO-0/EL  worker_manager.cpp:131] WorkerManager: Request new FuncWorker for func_id 1 with client_id 24
I1102 19:05:10.554272 IO-0/EL  worker_manager.cpp:131] WorkerManager: Request new FuncWorker for func_id 1 with client_id 25
I1102 19:05:10.554282 IO-0/EL  worker_manager.cpp:131] WorkerManager: Request new FuncWorker for func_id 1 with client_id 26
I1102 19:05:10.554291 IO-0/EL  worker_manager.cpp:131] WorkerManager: Request new FuncWorker for func_id 1 with client_id 27
I1102 19:05:10.554303 IO-0/EL  worker_manager.cpp:131] WorkerManager: Request new FuncWorker for func_id 1 with client_id 28
I1102 19:05:10.554313 IO-0/EL  worker_manager.cpp:131] WorkerManager: Request new FuncWorker for func_id 1 with client_id 29
I1102 19:05:10.554322 IO-0/EL  worker_manager.cpp:131] WorkerManager: Request new FuncWorker for func_id 1 with client_id 30
I1102 19:05:10.554333 IO-0/EL  worker_manager.cpp:131] WorkerManager: Request new FuncWorker for func_id 1 with client_id 31
I1102 19:05:10.554342 IO-0/EL  worker_manager.cpp:131] WorkerManager: Request new FuncWorker for func_id 1 with client_id 32
I1102 19:05:10.554351 IO-0/EL  worker_manager.cpp:131] WorkerManager: Request new FuncWorker for func_id 1 with client_id 33
I1102 19:05:10.554384 IO-0/EL  worker_manager.cpp:131] WorkerManager: Request new FuncWorker for func_id 1 with client_id 34
I1102 19:05:10.554395 IO-0/EL  worker_manager.cpp:131] WorkerManager: Request new FuncWorker for func_id 1 with client_id 35
I1102 19:05:10.554407 IO-0/EL  worker_manager.cpp:131] WorkerManager: Request new FuncWorker for func_id 1 with client_id 36
I1102 19:05:10.554417 IO-0/EL  worker_manager.cpp:131] WorkerManager: Request new FuncWorker for func_id 1 with client_id 37
I1102 19:05:10.554426 IO-0/EL  worker_manager.cpp:131] WorkerManager: Request new FuncWorker for func_id 1 with client_id 38
I1102 19:05:10.554437 IO-0/EL  worker_manager.cpp:131] WorkerManager: Request new FuncWorker for func_id 1 with client_id 39
I1102 19:05:10.554447 IO-0/EL  worker_manager.cpp:131] WorkerManager: Request new FuncWorker for func_id 1 with client_id 40
I1102 19:05:10.554457 IO-0/EL  worker_manager.cpp:131] WorkerManager: Request new FuncWorker for func_id 1 with client_id 41
I1102 19:05:10.554466 IO-0/EL  worker_manager.cpp:131] WorkerManager: Request new FuncWorker for func_id 1 with client_id 42
I1102 19:05:10.554477 IO-0/EL  worker_manager.cpp:131] WorkerManager: Request new FuncWorker for func_id 1 with client_id 43
I1102 19:05:10.554489 IO-0/EL  worker_manager.cpp:131] WorkerManager: Request new FuncWorker for func_id 1 with client_id 44
I1102 19:05:10.554498 IO-0/EL  worker_manager.cpp:131] WorkerManager: Request new FuncWorker for func_id 1 with client_id 45
I1102 19:05:10.554509 IO-0/EL  worker_manager.cpp:131] WorkerManager: Request new FuncWorker for func_id 1 with client_id 46
I1102 19:05:10.554518 IO-0/EL  worker_manager.cpp:131] WorkerManager: Request new FuncWorker for func_id 1 with client_id 47
I1102 19:05:10.554529 IO-0/EL  worker_manager.cpp:131] WorkerManager: Request new FuncWorker for func_id 1 with client_id 48
I1102 19:05:10.554538 IO-0/EL  worker_manager.cpp:131] WorkerManager: Request new FuncWorker for func_id 1 with client_id 49
I1102 19:05:10.554548 IO-0/EL  worker_manager.cpp:131] WorkerManager: Request new FuncWorker for func_id 1 with client_id 50
I1102 19:05:10.554558 IO-0/EL  worker_manager.cpp:131] WorkerManager: Request new FuncWorker for func_id 1 with client_id 51
I1102 19:05:10.554569 IO-0/EL  worker_manager.cpp:131] WorkerManager: Request new FuncWorker for func_id 1 with client_id 52
I1102 19:05:10.554578 IO-0/EL  worker_manager.cpp:131] WorkerManager: Request new FuncWorker for func_id 1 with client_id 53
I1102 19:05:10.554589 IO-0/EL  worker_manager.cpp:131] WorkerManager: Request new FuncWorker for func_id 1 with client_id 54
I1102 19:05:10.554597 IO-0/EL  worker_manager.cpp:131] WorkerManager: Request new FuncWorker for func_id 1 with client_id 55
I1102 19:05:10.554608 IO-0/EL  worker_manager.cpp:131] WorkerManager: Request new FuncWorker for func_id 1 with client_id 56
I1102 19:05:10.554623 IO-0/EL  worker_manager.cpp:131] WorkerManager: Request new FuncWorker for func_id 1 with client_id 57
I1102 19:05:10.554634 IO-0/EL  worker_manager.cpp:131] WorkerManager: Request new FuncWorker for func_id 1 with client_id 58
I1102 19:05:10.554643 IO-0/EL  worker_manager.cpp:131] WorkerManager: Request new FuncWorker for func_id 1 with client_id 59
I1102 19:05:10.554654 IO-0/EL  worker_manager.cpp:131] WorkerManager: Request new FuncWorker for func_id 1 with client_id 60
I1102 19:05:10.554665 IO-0/EL  worker_manager.cpp:131] WorkerManager: Request new FuncWorker for func_id 1 with client_id 61
I1102 19:05:10.554675 IO-0/EL  worker_manager.cpp:131] WorkerManager: Request new FuncWorker for func_id 1 with client_id 62
I1102 19:05:10.554684 IO-0/EL  worker_manager.cpp:131] WorkerManager: Request new FuncWorker for func_id 1 with client_id 63
I1102 19:05:10.554693 IO-0/EL  worker_manager.cpp:131] WorkerManager: Request new FuncWorker for func_id 1 with client_id 64
I1102 19:05:10.554749 IO-0/EL  buffer_pool.h:25] BufferPool[IO-0_Write]: Allocate new buffer, current buffer count is 1
I1102 19:05:10.554774 IO-0/EL  message_connection.cpp:269] LauncherConnection[1]: Handshake done
I1102 19:05:10.560065 Server/E engine.cpp:674] Engine: New message connection
I1102 19:05:10.560094 IO-0/EL  engine.cpp:277] Engine: Receive new handshake message from message connection
I1102 19:05:10.560099 IO-0/EL  worker_manager.cpp:60] WorkerManager: FuncWorker of func_id 1, client_id 2 connected
I1102 19:05:10.560110 IO-0/EL  dispatcher.cpp:47] Dispatcher[1]: min_workers=64
I1102 19:05:10.560114 IO-0/EL  dispatcher.cpp:51] Dispatcher[1]: max_workers=64
I1102 19:05:10.560134 IO-0/EL  message_connection.cpp:269] FuncWorkerConnection[1-2]: Handshake done
I1102 19:05:10.560366 Server/E engine.cpp:674] Engine: New message connection
I1102 19:05:10.560386 IO-0/EL  engine.cpp:277] Engine: Receive new handshake message from message connection
I1102 19:05:10.560391 IO-0/EL  worker_manager.cpp:60] WorkerManager: FuncWorker of func_id 1, client_id 1 connected
I1102 19:05:10.560404 IO-0/EL  message_connection.cpp:269] FuncWorkerConnection[1-1]: Handshake done
I1102 19:05:10.561135 Server/E engine.cpp:674] Engine: New message connection
I1102 19:05:10.561161 IO-0/EL  engine.cpp:277] Engine: Receive new handshake message from message connection
I1102 19:05:10.561167 IO-0/EL  worker_manager.cpp:60] WorkerManager: FuncWorker of func_id 1, client_id 3 connected
I1102 19:05:10.561181 IO-0/EL  message_connection.cpp:269] FuncWorkerConnection[1-3]: Handshake done
I1102 19:05:10.561589 Server/E engine.cpp:674] Engine: New message connection
I1102 19:05:10.561610 IO-0/EL  engine.cpp:277] Engine: Receive new handshake message from message connection
I1102 19:05:10.561614 IO-0/EL  worker_manager.cpp:60] WorkerManager: FuncWorker of func_id 1, client_id 4 connected
I1102 19:05:10.561628 IO-0/EL  message_connection.cpp:269] FuncWorkerConnection[1-4]: Handshake done
I1102 19:05:10.563843 Server/E engine.cpp:674] Engine: New message connection
I1102 19:05:10.563878 IO-0/EL  engine.cpp:277] Engine: Receive new handshake message from message connection
I1102 19:05:10.563883 IO-0/EL  worker_manager.cpp:60] WorkerManager: FuncWorker of func_id 1, client_id 5 connected
I1102 19:05:10.563896 IO-0/EL  message_connection.cpp:269] FuncWorkerConnection[1-5]: Handshake done
I1102 19:05:10.564234 Server/E engine.cpp:674] Engine: New message connection
I1102 19:05:10.564259 IO-0/EL  engine.cpp:277] Engine: Receive new handshake message from message connection
I1102 19:05:10.564263 IO-0/EL  worker_manager.cpp:60] WorkerManager: FuncWorker of func_id 1, client_id 6 connected
I1102 19:05:10.564275 IO-0/EL  message_connection.cpp:269] FuncWorkerConnection[1-6]: Handshake done
I1102 19:05:10.564639 Server/E engine.cpp:674] Engine: New message connection
I1102 19:05:10.564665 IO-0/EL  engine.cpp:277] Engine: Receive new handshake message from message connection
I1102 19:05:10.564677 IO-0/EL  worker_manager.cpp:60] WorkerManager: FuncWorker of func_id 1, client_id 7 connected
I1102 19:05:10.564690 IO-0/EL  message_connection.cpp:269] FuncWorkerConnection[1-7]: Handshake done
I1102 19:05:10.565062 Server/E engine.cpp:674] Engine: New message connection
I1102 19:05:10.565097 IO-0/EL  engine.cpp:277] Engine: Receive new handshake message from message connection
I1102 19:05:10.565101 IO-0/EL  worker_manager.cpp:60] WorkerManager: FuncWorker of func_id 1, client_id 8 connected
I1102 19:05:10.565114 IO-0/EL  message_connection.cpp:269] FuncWorkerConnection[1-8]: Handshake done
I1102 19:05:10.565651 Server/E engine.cpp:674] Engine: New message connection
I1102 19:05:10.565694 IO-0/EL  engine.cpp:277] Engine: Receive new handshake message from message connection
I1102 19:05:10.565698 IO-0/EL  worker_manager.cpp:60] WorkerManager: FuncWorker of func_id 1, client_id 9 connected
I1102 19:05:10.565715 IO-0/EL  message_connection.cpp:269] FuncWorkerConnection[1-9]: Handshake done
I1102 19:05:10.565955 Server/E engine.cpp:674] Engine: New message connection
I1102 19:05:10.565988 IO-0/EL  engine.cpp:277] Engine: Receive new handshake message from message connection
I1102 19:05:10.565992 IO-0/EL  worker_manager.cpp:60] WorkerManager: FuncWorker of func_id 1, client_id 10 connected
I1102 19:05:10.566005 IO-0/EL  message_connection.cpp:269] FuncWorkerConnection[1-10]: Handshake done
I1102 19:05:10.566583 Server/E engine.cpp:674] Engine: New message connection
I1102 19:05:10.566611 IO-0/EL  engine.cpp:277] Engine: Receive new handshake message from message connection
I1102 19:05:10.566616 IO-0/EL  worker_manager.cpp:60] WorkerManager: FuncWorker of func_id 1, client_id 11 connected
I1102 19:05:10.566628 IO-0/EL  message_connection.cpp:269] FuncWorkerConnection[1-11]: Handshake done
I1102 19:05:10.566902 Server/E engine.cpp:674] Engine: New message connection
I1102 19:05:10.566927 IO-0/EL  engine.cpp:277] Engine: Receive new handshake message from message connection
I1102 19:05:10.566932 IO-0/EL  worker_manager.cpp:60] WorkerManager: FuncWorker of func_id 1, client_id 12 connected
I1102 19:05:10.566945 IO-0/EL  message_connection.cpp:269] FuncWorkerConnection[1-12]: Handshake done
I1102 19:05:10.567330 Server/E engine.cpp:674] Engine: New message connection
I1102 19:05:10.567357 IO-0/EL  engine.cpp:277] Engine: Receive new handshake message from message connection
I1102 19:05:10.567361 IO-0/EL  worker_manager.cpp:60] WorkerManager: FuncWorker of func_id 1, client_id 13 connected
I1102 19:05:10.567373 IO-0/EL  message_connection.cpp:269] FuncWorkerConnection[1-13]: Handshake done
I1102 19:05:10.567836 Server/E engine.cpp:674] Engine: New message connection
I1102 19:05:10.567867 IO-0/EL  engine.cpp:277] Engine: Receive new handshake message from message connection
I1102 19:05:10.567872 IO-0/EL  worker_manager.cpp:60] WorkerManager: FuncWorker of func_id 1, client_id 14 connected
I1102 19:05:10.567885 IO-0/EL  message_connection.cpp:269] FuncWorkerConnection[1-14]: Handshake done
I1102 19:05:10.568359 Server/E engine.cpp:674] Engine: New message connection
I1102 19:05:10.568393 IO-0/EL  engine.cpp:277] Engine: Receive new handshake message from message connection
I1102 19:05:10.568398 IO-0/EL  worker_manager.cpp:60] WorkerManager: FuncWorker of func_id 1, client_id 15 connected
I1102 19:05:10.568412 IO-0/EL  message_connection.cpp:269] FuncWorkerConnection[1-15]: Handshake done
I1102 19:05:10.568951 Server/E engine.cpp:674] Engine: New message connection
I1102 19:05:10.568983 IO-0/EL  engine.cpp:277] Engine: Receive new handshake message from message connection
I1102 19:05:10.568988 IO-0/EL  worker_manager.cpp:60] WorkerManager: FuncWorker of func_id 1, client_id 16 connected
I1102 19:05:10.569001 IO-0/EL  message_connection.cpp:269] FuncWorkerConnection[1-16]: Handshake done
I1102 19:05:10.569304 Server/E engine.cpp:674] Engine: New message connection
I1102 19:05:10.569332 IO-0/EL  engine.cpp:277] Engine: Receive new handshake message from message connection
I1102 19:05:10.569337 IO-0/EL  worker_manager.cpp:60] WorkerManager: FuncWorker of func_id 1, client_id 17 connected
I1102 19:05:10.569363 IO-0/EL  message_connection.cpp:269] FuncWorkerConnection[1-17]: Handshake done
I1102 19:05:10.569817 Server/E engine.cpp:674] Engine: New message connection
I1102 19:05:10.569847 IO-0/EL  engine.cpp:277] Engine: Receive new handshake message from message connection
I1102 19:05:10.569852 IO-0/EL  worker_manager.cpp:60] WorkerManager: FuncWorker of func_id 1, client_id 18 connected
I1102 19:05:10.569866 IO-0/EL  message_connection.cpp:269] FuncWorkerConnection[1-18]: Handshake done
I1102 19:05:10.570279 Server/E engine.cpp:674] Engine: New message connection
I1102 19:05:10.570310 IO-0/EL  engine.cpp:277] Engine: Receive new handshake message from message connection
I1102 19:05:10.570314 IO-0/EL  worker_manager.cpp:60] WorkerManager: FuncWorker of func_id 1, client_id 19 connected
I1102 19:05:10.570327 IO-0/EL  message_connection.cpp:269] FuncWorkerConnection[1-19]: Handshake done
I1102 19:05:10.570694 Server/E engine.cpp:674] Engine: New message connection
I1102 19:05:10.570738 IO-0/EL  engine.cpp:277] Engine: Receive new handshake message from message connection
I1102 19:05:10.570744 IO-0/EL  worker_manager.cpp:60] WorkerManager: FuncWorker of func_id 1, client_id 20 connected
I1102 19:05:10.570757 IO-0/EL  message_connection.cpp:269] FuncWorkerConnection[1-20]: Handshake done
I1102 19:05:10.571156 Server/E engine.cpp:674] Engine: New message connection
I1102 19:05:10.571195 IO-0/EL  engine.cpp:277] Engine: Receive new handshake message from message connection
I1102 19:05:10.571200 IO-0/EL  worker_manager.cpp:60] WorkerManager: FuncWorker of func_id 1, client_id 21 connected
I1102 19:05:10.571214 IO-0/EL  message_connection.cpp:269] FuncWorkerConnection[1-21]: Handshake done
I1102 19:05:10.571625 Server/E engine.cpp:674] Engine: New message connection
I1102 19:05:10.571660 IO-0/EL  engine.cpp:277] Engine: Receive new handshake message from message connection
I1102 19:05:10.571664 IO-0/EL  worker_manager.cpp:60] WorkerManager: FuncWorker of func_id 1, client_id 22 connected
I1102 19:05:10.571677 IO-0/EL  message_connection.cpp:269] FuncWorkerConnection[1-22]: Handshake done
I1102 19:05:10.572141 Server/E engine.cpp:674] Engine: New message connection
I1102 19:05:10.572186 IO-0/EL  engine.cpp:277] Engine: Receive new handshake message from message connection
I1102 19:05:10.572191 IO-0/EL  worker_manager.cpp:60] WorkerManager: FuncWorker of func_id 1, client_id 23 connected
I1102 19:05:10.572203 IO-0/EL  message_connection.cpp:269] FuncWorkerConnection[1-23]: Handshake done
I1102 19:05:10.572665 Server/E engine.cpp:674] Engine: New message connection
I1102 19:05:10.572703 IO-0/EL  engine.cpp:277] Engine: Receive new handshake message from message connection
I1102 19:05:10.572707 IO-0/EL  worker_manager.cpp:60] WorkerManager: FuncWorker of func_id 1, client_id 24 connected
I1102 19:05:10.572724 IO-0/EL  message_connection.cpp:269] FuncWorkerConnection[1-24]: Handshake done
I1102 19:05:10.572966 Server/E engine.cpp:674] Engine: New message connection
I1102 19:05:10.573001 IO-0/EL  engine.cpp:277] Engine: Receive new handshake message from message connection
I1102 19:05:10.573006 IO-0/EL  worker_manager.cpp:60] WorkerManager: FuncWorker of func_id 1, client_id 25 connected
I1102 19:05:10.573019 IO-0/EL  message_connection.cpp:269] FuncWorkerConnection[1-25]: Handshake done
I1102 19:05:10.573573 Server/E engine.cpp:674] Engine: New message connection
I1102 19:05:10.573610 IO-0/EL  engine.cpp:277] Engine: Receive new handshake message from message connection
I1102 19:05:10.573615 IO-0/EL  worker_manager.cpp:60] WorkerManager: FuncWorker of func_id 1, client_id 26 connected
I1102 19:05:10.573627 IO-0/EL  message_connection.cpp:269] FuncWorkerConnection[1-26]: Handshake done
I1102 19:05:10.573994 Server/E engine.cpp:674] Engine: New message connection
I1102 19:05:10.574035 IO-0/EL  engine.cpp:277] Engine: Receive new handshake message from message connection
I1102 19:05:10.574040 IO-0/EL  worker_manager.cpp:60] WorkerManager: FuncWorker of func_id 1, client_id 27 connected
I1102 19:05:10.574059 IO-0/EL  message_connection.cpp:269] FuncWorkerConnection[1-27]: Handshake done
I1102 19:05:10.574434 Server/E engine.cpp:674] Engine: New message connection
I1102 19:05:10.574479 IO-0/EL  engine.cpp:277] Engine: Receive new handshake message from message connection
I1102 19:05:10.574484 IO-0/EL  worker_manager.cpp:60] WorkerManager: FuncWorker of func_id 1, client_id 28 connected
I1102 19:05:10.574497 IO-0/EL  message_connection.cpp:269] FuncWorkerConnection[1-28]: Handshake done
I1102 19:05:10.574936 Server/E engine.cpp:674] Engine: New message connection
I1102 19:05:10.574975 IO-0/EL  engine.cpp:277] Engine: Receive new handshake message from message connection
I1102 19:05:10.574980 IO-0/EL  worker_manager.cpp:60] WorkerManager: FuncWorker of func_id 1, client_id 29 connected
I1102 19:05:10.574998 IO-0/EL  message_connection.cpp:269] FuncWorkerConnection[1-29]: Handshake done
I1102 19:05:10.575409 Server/E engine.cpp:674] Engine: New message connection
I1102 19:05:10.575453 IO-0/EL  engine.cpp:277] Engine: Receive new handshake message from message connection
I1102 19:05:10.575457 IO-0/EL  worker_manager.cpp:60] WorkerManager: FuncWorker of func_id 1, client_id 30 connected
I1102 19:05:10.575470 IO-0/EL  message_connection.cpp:269] FuncWorkerConnection[1-30]: Handshake done
I1102 19:05:10.576034 Server/E engine.cpp:674] Engine: New message connection
I1102 19:05:10.576074 IO-0/EL  engine.cpp:277] Engine: Receive new handshake message from message connection
I1102 19:05:10.576079 IO-0/EL  worker_manager.cpp:60] WorkerManager: FuncWorker of func_id 1, client_id 31 connected
I1102 19:05:10.576092 IO-0/EL  message_connection.cpp:269] FuncWorkerConnection[1-31]: Handshake done
I1102 19:05:10.576389 Server/E engine.cpp:674] Engine: New message connection
I1102 19:05:10.576429 IO-0/EL  engine.cpp:277] Engine: Receive new handshake message from message connection
I1102 19:05:10.576434 IO-0/EL  worker_manager.cpp:60] WorkerManager: FuncWorker of func_id 1, client_id 32 connected
I1102 19:05:10.576447 IO-0/EL  message_connection.cpp:269] FuncWorkerConnection[1-32]: Handshake done
I1102 19:05:10.576824 Server/E engine.cpp:674] Engine: New message connection
I1102 19:05:10.576861 IO-0/EL  engine.cpp:277] Engine: Receive new handshake message from message connection
I1102 19:05:10.576865 IO-0/EL  worker_manager.cpp:60] WorkerManager: FuncWorker of func_id 1, client_id 33 connected
I1102 19:05:10.576879 IO-0/EL  message_connection.cpp:269] FuncWorkerConnection[1-33]: Handshake done
I1102 19:05:10.577286 Server/E engine.cpp:674] Engine: New message connection
I1102 19:05:10.577327 IO-0/EL  engine.cpp:277] Engine: Receive new handshake message from message connection
I1102 19:05:10.577332 IO-0/EL  worker_manager.cpp:60] WorkerManager: FuncWorker of func_id 1, client_id 34 connected
I1102 19:05:10.577345 IO-0/EL  message_connection.cpp:269] FuncWorkerConnection[1-34]: Handshake done
I1102 19:05:10.577771 Server/E engine.cpp:674] Engine: New message connection
I1102 19:05:10.577809 IO-0/EL  engine.cpp:277] Engine: Receive new handshake message from message connection
I1102 19:05:10.577813 IO-0/EL  worker_manager.cpp:60] WorkerManager: FuncWorker of func_id 1, client_id 35 connected
I1102 19:05:10.577826 IO-0/EL  message_connection.cpp:269] FuncWorkerConnection[1-35]: Handshake done
I1102 19:05:10.578225 Server/E engine.cpp:674] Engine: New message connection
I1102 19:05:10.578266 IO-0/EL  engine.cpp:277] Engine: Receive new handshake message from message connection
I1102 19:05:10.578270 IO-0/EL  worker_manager.cpp:60] WorkerManager: FuncWorker of func_id 1, client_id 36 connected
I1102 19:05:10.578283 IO-0/EL  message_connection.cpp:269] FuncWorkerConnection[1-36]: Handshake done
I1102 19:05:10.578655 Server/E engine.cpp:674] Engine: New message connection
I1102 19:05:10.578693 IO-0/EL  engine.cpp:277] Engine: Receive new handshake message from message connection
I1102 19:05:10.578697 IO-0/EL  worker_manager.cpp:60] WorkerManager: FuncWorker of func_id 1, client_id 37 connected
I1102 19:05:10.578720 IO-0/EL  message_connection.cpp:269] FuncWorkerConnection[1-37]: Handshake done
I1102 19:05:10.579130 Server/E engine.cpp:674] Engine: New message connection
I1102 19:05:10.579170 IO-0/EL  engine.cpp:277] Engine: Receive new handshake message from message connection
I1102 19:05:10.579174 IO-0/EL  worker_manager.cpp:60] WorkerManager: FuncWorker of func_id 1, client_id 38 connected
I1102 19:05:10.579187 IO-0/EL  message_connection.cpp:269] FuncWorkerConnection[1-38]: Handshake done
I1102 19:05:10.579688 Server/E engine.cpp:674] Engine: New message connection
I1102 19:05:10.579738 IO-0/EL  engine.cpp:277] Engine: Receive new handshake message from message connection
I1102 19:05:10.579743 IO-0/EL  worker_manager.cpp:60] WorkerManager: FuncWorker of func_id 1, client_id 39 connected
I1102 19:05:10.579756 IO-0/EL  message_connection.cpp:269] FuncWorkerConnection[1-39]: Handshake done
I1102 19:05:10.580091 Server/E engine.cpp:674] Engine: New message connection
I1102 19:05:10.580134 IO-0/EL  engine.cpp:277] Engine: Receive new handshake message from message connection
I1102 19:05:10.580139 IO-0/EL  worker_manager.cpp:60] WorkerManager: FuncWorker of func_id 1, client_id 40 connected
I1102 19:05:10.580151 IO-0/EL  message_connection.cpp:269] FuncWorkerConnection[1-40]: Handshake done
I1102 19:05:10.580595 Server/E engine.cpp:674] Engine: New message connection
I1102 19:05:10.580631 IO-0/EL  engine.cpp:277] Engine: Receive new handshake message from message connection
I1102 19:05:10.580635 IO-0/EL  worker_manager.cpp:60] WorkerManager: FuncWorker of func_id 1, client_id 41 connected
I1102 19:05:10.580648 IO-0/EL  message_connection.cpp:269] FuncWorkerConnection[1-41]: Handshake done
I1102 19:05:10.581067 Server/E engine.cpp:674] Engine: New message connection
I1102 19:05:10.581110 IO-0/EL  engine.cpp:277] Engine: Receive new handshake message from message connection
I1102 19:05:10.581115 IO-0/EL  worker_manager.cpp:60] WorkerManager: FuncWorker of func_id 1, client_id 42 connected
I1102 19:05:10.581128 IO-0/EL  message_connection.cpp:269] FuncWorkerConnection[1-42]: Handshake done
I1102 19:05:10.581547 Server/E engine.cpp:674] Engine: New message connection
I1102 19:05:10.581582 IO-0/EL  engine.cpp:277] Engine: Receive new handshake message from message connection
I1102 19:05:10.581588 IO-0/EL  worker_manager.cpp:60] WorkerManager: FuncWorker of func_id 1, client_id 43 connected
I1102 19:05:10.581604 IO-0/EL  message_connection.cpp:269] FuncWorkerConnection[1-43]: Handshake done
I1102 19:05:10.582072 Server/E engine.cpp:674] Engine: New message connection
I1102 19:05:10.582110 IO-0/EL  engine.cpp:277] Engine: Receive new handshake message from message connection
I1102 19:05:10.582114 IO-0/EL  worker_manager.cpp:60] WorkerManager: FuncWorker of func_id 1, client_id 44 connected
I1102 19:05:10.582126 IO-0/EL  message_connection.cpp:269] FuncWorkerConnection[1-44]: Handshake done
I1102 19:05:10.582528 Server/E engine.cpp:674] Engine: New message connection
I1102 19:05:10.582563 IO-0/EL  engine.cpp:277] Engine: Receive new handshake message from message connection
I1102 19:05:10.582568 IO-0/EL  worker_manager.cpp:60] WorkerManager: FuncWorker of func_id 1, client_id 45 connected
I1102 19:05:10.582581 IO-0/EL  message_connection.cpp:269] FuncWorkerConnection[1-45]: Handshake done
I1102 19:05:10.582669 Server/E engine.cpp:674] Engine: New message connection
I1102 19:05:10.582702 IO-0/EL  engine.cpp:277] Engine: Receive new handshake message from message connection
I1102 19:05:10.582706 IO-0/EL  worker_manager.cpp:60] WorkerManager: FuncWorker of func_id 1, client_id 46 connected
I1102 19:05:10.582723 IO-0/EL  message_connection.cpp:269] FuncWorkerConnection[1-46]: Handshake done
I1102 19:05:10.583395 Server/E engine.cpp:674] Engine: New message connection
I1102 19:05:10.583431 IO-0/EL  engine.cpp:277] Engine: Receive new handshake message from message connection
I1102 19:05:10.583436 IO-0/EL  worker_manager.cpp:60] WorkerManager: FuncWorker of func_id 1, client_id 47 connected
I1102 19:05:10.583449 IO-0/EL  message_connection.cpp:269] FuncWorkerConnection[1-47]: Handshake done
I1102 19:05:10.583915 Server/E engine.cpp:674] Engine: New message connection
I1102 19:05:10.583953 IO-0/EL  engine.cpp:277] Engine: Receive new handshake message from message connection
I1102 19:05:10.583958 IO-0/EL  worker_manager.cpp:60] WorkerManager: FuncWorker of func_id 1, client_id 48 connected
I1102 19:05:10.583972 IO-0/EL  message_connection.cpp:269] FuncWorkerConnection[1-48]: Handshake done
I1102 19:05:10.584352 Server/E engine.cpp:674] Engine: New message connection
I1102 19:05:10.584397 IO-0/EL  engine.cpp:277] Engine: Receive new handshake message from message connection
I1102 19:05:10.584402 IO-0/EL  worker_manager.cpp:60] WorkerManager: FuncWorker of func_id 1, client_id 49 connected
I1102 19:05:10.584415 IO-0/EL  message_connection.cpp:269] FuncWorkerConnection[1-49]: Handshake done
I1102 19:05:10.584781 Server/E engine.cpp:674] Engine: New message connection
I1102 19:05:10.584819 IO-0/EL  engine.cpp:277] Engine: Receive new handshake message from message connection
I1102 19:05:10.584824 IO-0/EL  worker_manager.cpp:60] WorkerManager: FuncWorker of func_id 1, client_id 50 connected
I1102 19:05:10.584836 IO-0/EL  message_connection.cpp:269] FuncWorkerConnection[1-50]: Handshake done
I1102 19:05:10.585222 Server/E engine.cpp:674] Engine: New message connection
I1102 19:05:10.585260 IO-0/EL  engine.cpp:277] Engine: Receive new handshake message from message connection
I1102 19:05:10.585265 IO-0/EL  worker_manager.cpp:60] WorkerManager: FuncWorker of func_id 1, client_id 51 connected
I1102 19:05:10.585278 IO-0/EL  message_connection.cpp:269] FuncWorkerConnection[1-51]: Handshake done
I1102 19:05:10.585723 Server/E engine.cpp:674] Engine: New message connection
I1102 19:05:10.585763 IO-0/EL  engine.cpp:277] Engine: Receive new handshake message from message connection
I1102 19:05:10.585767 IO-0/EL  worker_manager.cpp:60] WorkerManager: FuncWorker of func_id 1, client_id 52 connected
I1102 19:05:10.585780 IO-0/EL  message_connection.cpp:269] FuncWorkerConnection[1-52]: Handshake done
I1102 19:05:10.586212 Server/E engine.cpp:674] Engine: New message connection
I1102 19:05:10.586253 IO-0/EL  engine.cpp:277] Engine: Receive new handshake message from message connection
I1102 19:05:10.586258 IO-0/EL  worker_manager.cpp:60] WorkerManager: FuncWorker of func_id 1, client_id 53 connected
I1102 19:05:10.586271 IO-0/EL  message_connection.cpp:269] FuncWorkerConnection[1-53]: Handshake done
I1102 19:05:10.586669 Server/E engine.cpp:674] Engine: New message connection
I1102 19:05:10.586704 IO-0/EL  engine.cpp:277] Engine: Receive new handshake message from message connection
I1102 19:05:10.586712 IO-0/EL  worker_manager.cpp:60] WorkerManager: FuncWorker of func_id 1, client_id 54 connected
I1102 19:05:10.586725 IO-0/EL  message_connection.cpp:269] FuncWorkerConnection[1-54]: Handshake done
I1102 19:05:10.587112 Server/E engine.cpp:674] Engine: New message connection
I1102 19:05:10.587152 IO-0/EL  engine.cpp:277] Engine: Receive new handshake message from message connection
I1102 19:05:10.587157 IO-0/EL  worker_manager.cpp:60] WorkerManager: FuncWorker of func_id 1, client_id 55 connected
I1102 19:05:10.587170 IO-0/EL  message_connection.cpp:269] FuncWorkerConnection[1-55]: Handshake done
I1102 19:05:10.587592 Server/E engine.cpp:674] Engine: New message connection
I1102 19:05:10.587634 IO-0/EL  engine.cpp:277] Engine: Receive new handshake message from message connection
I1102 19:05:10.587639 IO-0/EL  worker_manager.cpp:60] WorkerManager: FuncWorker of func_id 1, client_id 56 connected
I1102 19:05:10.587652 IO-0/EL  message_connection.cpp:269] FuncWorkerConnection[1-56]: Handshake done
I1102 19:05:10.588114 Server/E engine.cpp:674] Engine: New message connection
I1102 19:05:10.588158 IO-0/EL  engine.cpp:277] Engine: Receive new handshake message from message connection
I1102 19:05:10.588163 IO-0/EL  worker_manager.cpp:60] WorkerManager: FuncWorker of func_id 1, client_id 57 connected
I1102 19:05:10.588183 IO-0/EL  message_connection.cpp:269] FuncWorkerConnection[1-57]: Handshake done
I1102 19:05:10.588528 Server/E engine.cpp:674] Engine: New message connection
I1102 19:05:10.588564 IO-0/EL  engine.cpp:277] Engine: Receive new handshake message from message connection
I1102 19:05:10.588569 IO-0/EL  worker_manager.cpp:60] WorkerManager: FuncWorker of func_id 1, client_id 58 connected
I1102 19:05:10.588582 IO-0/EL  message_connection.cpp:269] FuncWorkerConnection[1-58]: Handshake done
I1102 19:05:10.588983 Server/E engine.cpp:674] Engine: New message connection
I1102 19:05:10.589024 IO-0/EL  engine.cpp:277] Engine: Receive new handshake message from message connection
I1102 19:05:10.589028 IO-0/EL  worker_manager.cpp:60] WorkerManager: FuncWorker of func_id 1, client_id 59 connected
I1102 19:05:10.589041 IO-0/EL  message_connection.cpp:269] FuncWorkerConnection[1-59]: Handshake done
I1102 19:05:10.589449 Server/E engine.cpp:674] Engine: New message connection
I1102 19:05:10.589491 IO-0/EL  engine.cpp:277] Engine: Receive new handshake message from message connection
I1102 19:05:10.589496 IO-0/EL  worker_manager.cpp:60] WorkerManager: FuncWorker of func_id 1, client_id 60 connected
I1102 19:05:10.589509 IO-0/EL  message_connection.cpp:269] FuncWorkerConnection[1-60]: Handshake done
I1102 19:05:10.589953 Server/E engine.cpp:674] Engine: New message connection
I1102 19:05:10.589991 IO-0/EL  engine.cpp:277] Engine: Receive new handshake message from message connection
I1102 19:05:10.589996 IO-0/EL  worker_manager.cpp:60] WorkerManager: FuncWorker of func_id 1, client_id 61 connected
I1102 19:05:10.590008 IO-0/EL  message_connection.cpp:269] FuncWorkerConnection[1-61]: Handshake done
I1102 19:05:10.590421 Server/E engine.cpp:674] Engine: New message connection
I1102 19:05:10.590464 IO-0/EL  engine.cpp:277] Engine: Receive new handshake message from message connection
I1102 19:05:10.590469 IO-0/EL  worker_manager.cpp:60] WorkerManager: FuncWorker of func_id 1, client_id 62 connected
I1102 19:05:10.590482 IO-0/EL  message_connection.cpp:269] FuncWorkerConnection[1-62]: Handshake done
I1102 19:05:10.590853 Server/E engine.cpp:674] Engine: New message connection
I1102 19:05:10.590890 IO-0/EL  engine.cpp:277] Engine: Receive new handshake message from message connection
I1102 19:05:10.590895 IO-0/EL  worker_manager.cpp:60] WorkerManager: FuncWorker of func_id 1, client_id 63 connected
I1102 19:05:10.590908 IO-0/EL  message_connection.cpp:269] FuncWorkerConnection[1-63]: Handshake done
I1102 19:05:10.591327 Server/E engine.cpp:674] Engine: New message connection
I1102 19:05:10.591368 IO-0/EL  engine.cpp:277] Engine: Receive new handshake message from message connection
I1102 19:05:10.591373 IO-0/EL  worker_manager.cpp:60] WorkerManager: FuncWorker of func_id 1, client_id 64 connected
I1102 19:05:10.591386 IO-0/EL  message_connection.cpp:269] FuncWorkerConnection[1-64]: Handshake done
I1102 19:05:13.381810 IO-0/EL  buffer_pool.h:25] BufferPool[IO-0_Write]: Allocate new buffer, current buffer count is 2
I1102 19:05:13.381834 IO-0/EL  buffer_pool.h:25] BufferPool[IO-0_Write]: Allocate new buffer, current buffer count is 3
I1102 19:05:13.381843 IO-0/EL  buffer_pool.h:25] BufferPool[IO-0_Write]: Allocate new buffer, current buffer count is 4
I1102 19:05:13.381853 IO-0/EL  buffer_pool.h:25] BufferPool[IO-0_Write]: Allocate new buffer, current buffer count is 5
I1102 19:05:13.381861 IO-0/EL  buffer_pool.h:25] BufferPool[IO-0_Write]: Allocate new buffer, current buffer count is 6
I1102 19:05:13.381873 IO-0/EL  buffer_pool.h:25] BufferPool[IO-0_Write]: Allocate new buffer, current buffer count is 7
I1102 19:05:13.381881 IO-0/EL  buffer_pool.h:25] BufferPool[IO-0_Write]: Allocate new buffer, current buffer count is 8
I1102 19:05:13.381893 IO-0/EL  buffer_pool.h:25] BufferPool[IO-0_Write]: Allocate new buffer, current buffer count is 9
I1102 19:05:13.381901 IO-0/EL  buffer_pool.h:25] BufferPool[IO-0_Write]: Allocate new buffer, current buffer count is 10
I1102 19:05:13.381911 IO-0/EL  buffer_pool.h:25] BufferPool[IO-0_Write]: Allocate new buffer, current buffer count is 11
I1102 19:05:13.381920 IO-0/EL  buffer_pool.h:25] BufferPool[IO-0_Write]: Allocate new buffer, current buffer count is 12
I1102 19:05:13.381941 IO-0/EL  buffer_pool.h:25] BufferPool[IO-0_Write]: Allocate new buffer, current buffer count is 13
I1102 19:05:13.381951 IO-0/EL  buffer_pool.h:25] BufferPool[IO-0_Write]: Allocate new buffer, current buffer count is 14
I1102 19:05:13.381966 IO-0/EL  buffer_pool.h:25] BufferPool[IO-0_Write]: Allocate new buffer, current buffer count is 15
I1102 19:05:13.381976 IO-0/EL  buffer_pool.h:25] BufferPool[IO-0_Write]: Allocate new buffer, current buffer count is 16
I1102 19:05:13.381990 IO-0/EL  buffer_pool.h:25] BufferPool[IO-0_Write]: Allocate new buffer, current buffer count is 17
I1102 19:05:13.382000 IO-0/EL  buffer_pool.h:25] BufferPool[IO-0_Write]: Allocate new buffer, current buffer count is 18
I1102 19:05:13.382014 IO-0/EL  buffer_pool.h:25] BufferPool[IO-0_Write]: Allocate new buffer, current buffer count is 19
I1102 19:05:13.382024 IO-0/EL  buffer_pool.h:25] BufferPool[IO-0_Write]: Allocate new buffer, current buffer count is 20
I1102 19:05:13.382035 IO-0/EL  buffer_pool.h:25] BufferPool[IO-0_Write]: Allocate new buffer, current buffer count is 21
I1102 19:05:13.382049 IO-0/EL  buffer_pool.h:25] BufferPool[IO-0_Write]: Allocate new buffer, current buffer count is 22
I1102 19:05:13.382069 IO-0/EL  buffer_pool.h:25] BufferPool[IO-0_Write]: Allocate new buffer, current buffer count is 23
I1102 19:05:13.382083 IO-0/EL  buffer_pool.h:25] BufferPool[IO-0_Write]: Allocate new buffer, current buffer count is 24
I1102 19:05:13.382096 IO-0/EL  buffer_pool.h:25] BufferPool[IO-0_Write]: Allocate new buffer, current buffer count is 25
I1102 19:05:13.382117 IO-0/EL  buffer_pool.h:25] BufferPool[IO-0_Write]: Allocate new buffer, current buffer count is 26
I1102 19:05:13.382138 IO-0/EL  buffer_pool.h:25] BufferPool[IO-0_Write]: Allocate new buffer, current buffer count is 27
I1102 19:05:13.382158 IO-0/EL  buffer_pool.h:25] BufferPool[IO-0_Write]: Allocate new buffer, current buffer count is 28
I1102 19:05:13.382176 IO-0/EL  buffer_pool.h:25] BufferPool[IO-0_Write]: Allocate new buffer, current buffer count is 29
I1102 19:05:13.382196 IO-0/EL  buffer_pool.h:25] BufferPool[IO-0_Write]: Allocate new buffer, current buffer count is 30
I1102 19:05:13.382211 IO-0/EL  buffer_pool.h:25] BufferPool[IO-0_Write]: Allocate new buffer, current buffer count is 31
I1102 19:05:13.382225 IO-0/EL  buffer_pool.h:25] BufferPool[IO-0_Write]: Allocate new buffer, current buffer count is 32
I1102 19:05:13.382245 IO-0/EL  buffer_pool.h:25] BufferPool[IO-0_Write]: Allocate new buffer, current buffer count is 33
I1102 19:05:13.382266 IO-0/EL  buffer_pool.h:25] BufferPool[IO-0_Write]: Allocate new buffer, current buffer count is 34
I1102 19:05:13.382289 IO-0/EL  buffer_pool.h:25] BufferPool[IO-0_Write]: Allocate new buffer, current buffer count is 35
I1102 19:05:13.382310 IO-0/EL  buffer_pool.h:25] BufferPool[IO-0_Write]: Allocate new buffer, current buffer count is 36
I1102 19:05:13.382329 IO-0/EL  buffer_pool.h:25] BufferPool[IO-0_Write]: Allocate new buffer, current buffer count is 37
I1102 19:05:13.382343 IO-0/EL  buffer_pool.h:25] BufferPool[IO-0_Write]: Allocate new buffer, current buffer count is 38
I1102 19:05:13.382364 IO-0/EL  buffer_pool.h:25] BufferPool[IO-0_Write]: Allocate new buffer, current buffer count is 39
I1102 19:05:13.382378 IO-0/EL  buffer_pool.h:25] BufferPool[IO-0_Write]: Allocate new buffer, current buffer count is 40
I1102 19:05:13.382398 IO-0/EL  buffer_pool.h:25] BufferPool[IO-0_Write]: Allocate new buffer, current buffer count is 41
I1102 19:05:13.382411 IO-0/EL  buffer_pool.h:25] BufferPool[IO-0_Write]: Allocate new buffer, current buffer count is 42
I1102 19:05:13.382423 IO-0/EL  buffer_pool.h:25] BufferPool[IO-0_Write]: Allocate new buffer, current buffer count is 43
I1102 19:05:13.382433 IO-0/EL  buffer_pool.h:25] BufferPool[IO-0_Write]: Allocate new buffer, current buffer count is 44
I1102 19:05:13.382445 IO-0/EL  buffer_pool.h:25] BufferPool[IO-0_Write]: Allocate new buffer, current buffer count is 45
I1102 19:05:13.382464 IO-0/EL  buffer_pool.h:25] BufferPool[IO-0_Write]: Allocate new buffer, current buffer count is 46
I1102 19:05:13.382474 IO-0/EL  buffer_pool.h:25] BufferPool[IO-0_Write]: Allocate new buffer, current buffer count is 47
I1102 19:05:13.382487 IO-0/EL  buffer_pool.h:25] BufferPool[IO-0_Write]: Allocate new buffer, current buffer count is 48
I1102 19:05:13.382498 IO-0/EL  buffer_pool.h:25] BufferPool[IO-0_Write]: Allocate new buffer, current buffer count is 49
I1102 19:05:13.382511 IO-0/EL  buffer_pool.h:25] BufferPool[IO-0_Write]: Allocate new buffer, current buffer count is 50
I1102 19:05:13.382521 IO-0/EL  buffer_pool.h:25] BufferPool[IO-0_Write]: Allocate new buffer, current buffer count is 51
I1102 19:05:13.382536 IO-0/EL  buffer_pool.h:25] BufferPool[IO-0_Write]: Allocate new buffer, current buffer count is 52
I1102 19:05:13.382545 IO-0/EL  buffer_pool.h:25] BufferPool[IO-0_Write]: Allocate new buffer, current buffer count is 53
I1102 19:05:13.382556 IO-0/EL  buffer_pool.h:25] BufferPool[IO-0_Write]: Allocate new buffer, current buffer count is 54
I1102 19:05:13.382568 IO-0/EL  buffer_pool.h:25] BufferPool[IO-0_Write]: Allocate new buffer, current buffer count is 55
I1102 19:05:13.382579 IO-0/EL  buffer_pool.h:25] BufferPool[IO-0_Write]: Allocate new buffer, current buffer count is 56
I1102 19:05:13.382597 IO-0/EL  buffer_pool.h:25] BufferPool[IO-0_Write]: Allocate new buffer, current buffer count is 57
I1102 19:05:13.382613 IO-0/EL  buffer_pool.h:25] BufferPool[IO-0_Write]: Allocate new buffer, current buffer count is 58
I1102 19:05:13.382633 IO-0/EL  buffer_pool.h:25] BufferPool[IO-0_Write]: Allocate new buffer, current buffer count is 59
I1102 19:05:13.382654 IO-0/EL  buffer_pool.h:25] BufferPool[IO-0_Write]: Allocate new buffer, current buffer count is 60
I1102 19:05:13.382670 IO-0/EL  buffer_pool.h:25] BufferPool[IO-0_Write]: Allocate new buffer, current buffer count is 61
I1102 19:05:13.382684 IO-0/EL  buffer_pool.h:25] BufferPool[IO-0_Write]: Allocate new buffer, current buffer count is 62
I1102 19:05:13.382703 IO-0/EL  buffer_pool.h:25] BufferPool[IO-0_Write]: Allocate new buffer, current buffer count is 63
I1102 19:05:13.382723 IO-0/EL  buffer_pool.h:25] BufferPool[IO-0_Write]: Allocate new buffer, current buffer count is 64
I1102 19:05:13.382791 IO-0/EL  buffer_pool.h:25] BufferPool[IO-0_Write]: Allocate new buffer, current buffer count is 65
I1102 19:05:13.382808 IO-0/EL  buffer_pool.h:25] BufferPool[IO-0_Write]: Allocate new buffer, current buffer count is 66
I1102 19:05:13.382818 IO-0/EL  buffer_pool.h:25] BufferPool[IO-0_Write]: Allocate new buffer, current buffer count is 67
I1102 19:05:13.382830 IO-0/EL  buffer_pool.h:25] BufferPool[IO-0_Write]: Allocate new buffer, current buffer count is 68
I1102 19:05:13.382845 IO-0/EL  buffer_pool.h:25] BufferPool[IO-0_Write]: Allocate new buffer, current buffer count is 69
I1102 19:05:13.382861 IO-0/EL  buffer_pool.h:25] BufferPool[IO-0_Write]: Allocate new buffer, current buffer count is 70
I1102 19:05:13.382876 IO-0/EL  buffer_pool.h:25] BufferPool[IO-0_Write]: Allocate new buffer, current buffer count is 71
I1102 19:05:13.382891 IO-0/EL  buffer_pool.h:25] BufferPool[IO-0_Write]: Allocate new buffer, current buffer count is 72
I1102 19:05:13.382903 IO-0/EL  buffer_pool.h:25] BufferPool[IO-0_Write]: Allocate new buffer, current buffer count is 73
I1102 19:05:13.382914 IO-0/EL  buffer_pool.h:25] BufferPool[IO-0_Write]: Allocate new buffer, current buffer count is 74
I1102 19:05:13.382924 IO-0/EL  buffer_pool.h:25] BufferPool[IO-0_Write]: Allocate new buffer, current buffer count is 75
I1102 19:05:13.382933 IO-0/EL  buffer_pool.h:25] BufferPool[IO-0_Write]: Allocate new buffer, current buffer count is 76
I1102 19:05:13.382942 IO-0/EL  buffer_pool.h:25] BufferPool[IO-0_Write]: Allocate new buffer, current buffer count is 77
I1102 19:05:13.382952 IO-0/EL  buffer_pool.h:25] BufferPool[IO-0_Write]: Allocate new buffer, current buffer count is 78
I1102 19:05:13.382962 IO-0/EL  buffer_pool.h:25] BufferPool[IO-0_Write]: Allocate new buffer, current buffer count is 79
I1102 19:05:13.382981 IO-0/EL  buffer_pool.h:25] BufferPool[IO-0_Write]: Allocate new buffer, current buffer count is 80
I1102 19:05:13.382992 IO-0/EL  buffer_pool.h:25] BufferPool[IO-0_Write]: Allocate new buffer, current buffer count is 81
I1102 19:05:13.383003 IO-0/EL  buffer_pool.h:25] BufferPool[IO-0_Write]: Allocate new buffer, current buffer count is 82
I1102 19:05:13.383013 IO-0/EL  buffer_pool.h:25] BufferPool[IO-0_Write]: Allocate new buffer, current buffer count is 83
I1102 19:05:13.383028 IO-0/EL  buffer_pool.h:25] BufferPool[IO-0_Write]: Allocate new buffer, current buffer count is 84
I1102 19:05:16.532957 IO-0/EL  buffer_pool.h:25] BufferPool[IO-0_Write]: Allocate new buffer, current buffer count is 85
I1102 19:05:16.532989 IO-0/EL  buffer_pool.h:25] BufferPool[IO-0_Write]: Allocate new buffer, current buffer count is 86
I1102 19:05:16.533001 IO-0/EL  buffer_pool.h:25] BufferPool[IO-0_Write]: Allocate new buffer, current buffer count is 87
I1102 19:05:16.533012 IO-0/EL  buffer_pool.h:25] BufferPool[IO-0_Write]: Allocate new buffer, current buffer count is 88
I1102 19:05:16.533026 IO-0/EL  buffer_pool.h:25] BufferPool[IO-0_Write]: Allocate new buffer, current buffer count is 89
I1102 19:05:16.533036 IO-0/EL  buffer_pool.h:25] BufferPool[IO-0_Write]: Allocate new buffer, current buffer count is 90
I1102 19:05:16.533046 IO-0/EL  buffer_pool.h:25] BufferPool[IO-0_Write]: Allocate new buffer, current buffer count is 91
I1102 19:05:16.533055 IO-0/EL  buffer_pool.h:25] BufferPool[IO-0_Write]: Allocate new buffer, current buffer count is 92
I1102 19:05:16.533064 IO-0/EL  buffer_pool.h:25] BufferPool[IO-0_Write]: Allocate new buffer, current buffer count is 93
I1102 19:05:16.533073 IO-0/EL  buffer_pool.h:25] BufferPool[IO-0_Write]: Allocate new buffer, current buffer count is 94
I1102 19:05:16.533087 IO-0/EL  buffer_pool.h:25] BufferPool[IO-0_Write]: Allocate new buffer, current buffer count is 95
I1102 19:05:16.533100 IO-0/EL  buffer_pool.h:25] BufferPool[IO-0_Write]: Allocate new buffer, current buffer count is 96
I1102 19:05:16.533118 IO-0/EL  buffer_pool.h:25] BufferPool[IO-0_Write]: Allocate new buffer, current buffer count is 97
I1102 19:05:16.533132 IO-0/EL  buffer_pool.h:25] BufferPool[IO-0_Write]: Allocate new buffer, current buffer count is 98
I1102 19:05:16.533146 IO-0/EL  buffer_pool.h:25] BufferPool[IO-0_Write]: Allocate new buffer, current buffer count is 99
I1102 19:05:16.533155 IO-0/EL  buffer_pool.h:25] BufferPool[IO-0_Write]: Allocate new buffer, current buffer count is 100
I1102 19:05:16.533164 IO-0/EL  buffer_pool.h:25] BufferPool[IO-0_Write]: Allocate new buffer, current buffer count is 101
I1102 19:05:16.533173 IO-0/EL  buffer_pool.h:25] BufferPool[IO-0_Write]: Allocate new buffer, current buffer count is 102
I1102 19:05:16.533182 IO-0/EL  buffer_pool.h:25] BufferPool[IO-0_Write]: Allocate new buffer, current buffer count is 103
I1102 19:05:16.533192 IO-0/EL  buffer_pool.h:25] BufferPool[IO-0_Write]: Allocate new buffer, current buffer count is 104
I1102 19:05:16.533202 IO-0/EL  buffer_pool.h:25] BufferPool[IO-0_Write]: Allocate new buffer, current buffer count is 105
I1102 19:05:16.533214 IO-0/EL  buffer_pool.h:25] BufferPool[IO-0_Write]: Allocate new buffer, current buffer count is 106
I1102 19:05:16.533235 IO-0/EL  buffer_pool.h:25] BufferPool[IO-0_Write]: Allocate new buffer, current buffer count is 107
I1102 19:05:16.533252 IO-0/EL  buffer_pool.h:25] BufferPool[IO-0_Write]: Allocate new buffer, current buffer count is 108
I1102 19:05:18.434618 Main     server_base.cpp:35] Server: Scheduled to stop
I1102 19:05:18.434700 IO-0/EL  message_connection.cpp:284] LauncherConnection[1]: Connection closed remotely
I1102 19:05:18.434708 Server/E server_base.cpp:109] Server: Start stopping process
I1102 19:05:18.434821 IO-0/EL  io_worker.cpp:206] IO-0: Start stopping process
I1102 19:05:18.434894 Server/E server_base.cpp:55] Server: Event loop finishes
