I1102 18:58:20.477672 Main     thread.cpp:100] Register main thread: tid=1391794
E1102 18:58:20.478480 Main     docker.cpp:59] Cannot find docker's cgroup in /proc/self/cgroup
I1102 18:58:20.478530 Main     func_config.cpp:135] Load configuration for function Echo[1]
I1102 18:58:20.478541 Main     engine.cpp:109] Engine: Start 1 IO workers
I1102 18:58:20.481720 IO-0/EL  thread.cpp:40] Start thread: IO-0/EL
I1102 18:58:20.481775 IO-0/EL  io_worker.cpp:192] IO-0: Event loop starts
Checking for file descriptor...
Got a file descriptor!
I1102 18:58:22.364799 Main     engine.cpp:180] Engine: Created 1 Machnet connections to Gateway at 10.10.1.2:10007
I1102 18:58:22.364910 Main     engine.cpp:208] Engine: Listen on /dev/shm/faas_ipc/engine.sock for IPC connections
I1102 18:58:22.365132 Server/E thread.cpp:40] Start thread: Server/EL
I1102 18:58:22.365234 Server/E server_base.cpp:50] Server: Event loop starts
I1102 18:58:22.478395 Server/E engine.cpp:674] Engine: New message connection
I1102 18:58:22.481623 IO-0/EL  buffer_pool.h:25] BufferPool[IO-0_Read]: Allocate new buffer, current buffer count is 1
I1102 18:58:22.481656 IO-0/EL  engine.cpp:277] Engine: Receive new handshake message from message connection
I1102 18:58:22.481662 IO-0/EL  worker_manager.cpp:23] WorkerManager: Launcher of func_id 1 connected
I1102 18:58:22.481666 IO-0/EL  worker_manager.cpp:131] WorkerManager: Request new FuncWorker for func_id 1 with client_id 1
I1102 18:58:22.481686 IO-0/EL  worker_manager.cpp:131] WorkerManager: Request new FuncWorker for func_id 1 with client_id 2
I1102 18:58:22.481698 IO-0/EL  worker_manager.cpp:131] WorkerManager: Request new FuncWorker for func_id 1 with client_id 3
I1102 18:58:22.481708 IO-0/EL  worker_manager.cpp:131] WorkerManager: Request new FuncWorker for func_id 1 with client_id 4
I1102 18:58:22.481721 IO-0/EL  worker_manager.cpp:131] WorkerManager: Request new FuncWorker for func_id 1 with client_id 5
I1102 18:58:22.481730 IO-0/EL  worker_manager.cpp:131] WorkerManager: Request new FuncWorker for func_id 1 with client_id 6
I1102 18:58:22.481740 IO-0/EL  worker_manager.cpp:131] WorkerManager: Request new FuncWorker for func_id 1 with client_id 7
I1102 18:58:22.481750 IO-0/EL  worker_manager.cpp:131] WorkerManager: Request new FuncWorker for func_id 1 with client_id 8
I1102 18:58:22.481762 IO-0/EL  worker_manager.cpp:131] WorkerManager: Request new FuncWorker for func_id 1 with client_id 9
I1102 18:58:22.481772 IO-0/EL  worker_manager.cpp:131] WorkerManager: Request new FuncWorker for func_id 1 with client_id 10
I1102 18:58:22.481784 IO-0/EL  worker_manager.cpp:131] WorkerManager: Request new FuncWorker for func_id 1 with client_id 11
I1102 18:58:22.481793 IO-0/EL  worker_manager.cpp:131] WorkerManager: Request new FuncWorker for func_id 1 with client_id 12
I1102 18:58:22.481805 IO-0/EL  worker_manager.cpp:131] WorkerManager: Request new FuncWorker for func_id 1 with client_id 13
I1102 18:58:22.481814 IO-0/EL  worker_manager.cpp:131] WorkerManager: Request new FuncWorker for func_id 1 with client_id 14
I1102 18:58:22.481823 IO-0/EL  worker_manager.cpp:131] WorkerManager: Request new FuncWorker for func_id 1 with client_id 15
I1102 18:58:22.481834 IO-0/EL  worker_manager.cpp:131] WorkerManager: Request new FuncWorker for func_id 1 with client_id 16
I1102 18:58:22.481843 IO-0/EL  worker_manager.cpp:131] WorkerManager: Request new FuncWorker for func_id 1 with client_id 17
I1102 18:58:22.481863 IO-0/EL  worker_manager.cpp:131] WorkerManager: Request new FuncWorker for func_id 1 with client_id 18
I1102 18:58:22.481873 IO-0/EL  worker_manager.cpp:131] WorkerManager: Request new FuncWorker for func_id 1 with client_id 19
I1102 18:58:22.481883 IO-0/EL  worker_manager.cpp:131] WorkerManager: Request new FuncWorker for func_id 1 with client_id 20
I1102 18:58:22.481894 IO-0/EL  worker_manager.cpp:131] WorkerManager: Request new FuncWorker for func_id 1 with client_id 21
I1102 18:58:22.481904 IO-0/EL  worker_manager.cpp:131] WorkerManager: Request new FuncWorker for func_id 1 with client_id 22
I1102 18:58:22.481913 IO-0/EL  worker_manager.cpp:131] WorkerManager: Request new FuncWorker for func_id 1 with client_id 23
I1102 18:58:22.481938 IO-0/EL  worker_manager.cpp:131] WorkerManager: Request new FuncWorker for func_id 1 with client_id 24
I1102 18:58:22.481948 IO-0/EL  worker_manager.cpp:131] WorkerManager: Request new FuncWorker for func_id 1 with client_id 25
I1102 18:58:22.481958 IO-0/EL  worker_manager.cpp:131] WorkerManager: Request new FuncWorker for func_id 1 with client_id 26
I1102 18:58:22.481967 IO-0/EL  worker_manager.cpp:131] WorkerManager: Request new FuncWorker for func_id 1 with client_id 27
I1102 18:58:22.481980 IO-0/EL  worker_manager.cpp:131] WorkerManager: Request new FuncWorker for func_id 1 with client_id 28
I1102 18:58:22.481989 IO-0/EL  worker_manager.cpp:131] WorkerManager: Request new FuncWorker for func_id 1 with client_id 29
I1102 18:58:22.481998 IO-0/EL  worker_manager.cpp:131] WorkerManager: Request new FuncWorker for func_id 1 with client_id 30
I1102 18:58:22.482008 IO-0/EL  worker_manager.cpp:131] WorkerManager: Request new FuncWorker for func_id 1 with client_id 31
I1102 18:58:22.482018 IO-0/EL  worker_manager.cpp:131] WorkerManager: Request new FuncWorker for func_id 1 with client_id 32
I1102 18:58:22.482060 IO-0/EL  buffer_pool.h:25] BufferPool[IO-0_Write]: Allocate new buffer, current buffer count is 1
I1102 18:58:22.482091 IO-0/EL  message_connection.cpp:269] LauncherConnection[1]: Handshake done
I1102 18:58:22.486066 Server/E engine.cpp:674] Engine: New message connection
I1102 18:58:22.486122 IO-0/EL  engine.cpp:277] Engine: Receive new handshake message from message connection
I1102 18:58:22.486127 IO-0/EL  worker_manager.cpp:60] WorkerManager: FuncWorker of func_id 1, client_id 1 connected
I1102 18:58:22.486139 IO-0/EL  dispatcher.cpp:47] Dispatcher[1]: min_workers=32
I1102 18:58:22.486143 IO-0/EL  dispatcher.cpp:51] Dispatcher[1]: max_workers=32
I1102 18:58:22.486167 IO-0/EL  message_connection.cpp:269] FuncWorkerConnection[1-1]: Handshake done
I1102 18:58:22.487173 Server/E engine.cpp:674] Engine: New message connection
I1102 18:58:22.487208 IO-0/EL  engine.cpp:277] Engine: Receive new handshake message from message connection
I1102 18:58:22.487219 IO-0/EL  worker_manager.cpp:60] WorkerManager: FuncWorker of func_id 1, client_id 2 connected
I1102 18:58:22.487245 IO-0/EL  message_connection.cpp:269] FuncWorkerConnection[1-2]: Handshake done
I1102 18:58:22.487627 Server/E engine.cpp:674] Engine: New message connection
I1102 18:58:22.487657 IO-0/EL  engine.cpp:277] Engine: Receive new handshake message from message connection
I1102 18:58:22.487666 IO-0/EL  worker_manager.cpp:60] WorkerManager: FuncWorker of func_id 1, client_id 3 connected
I1102 18:58:22.487688 IO-0/EL  message_connection.cpp:269] FuncWorkerConnection[1-3]: Handshake done
I1102 18:58:22.490104 Server/E engine.cpp:674] Engine: New message connection
I1102 18:58:22.490151 IO-0/EL  engine.cpp:277] Engine: Receive new handshake message from message connection
I1102 18:58:22.490164 IO-0/EL  worker_manager.cpp:60] WorkerManager: FuncWorker of func_id 1, client_id 6 connected
I1102 18:58:22.490185 IO-0/EL  message_connection.cpp:269] FuncWorkerConnection[1-6]: Handshake done
I1102 18:58:22.490483 Server/E engine.cpp:674] Engine: New message connection
I1102 18:58:22.490505 IO-0/EL  engine.cpp:277] Engine: Receive new handshake message from message connection
I1102 18:58:22.490510 IO-0/EL  worker_manager.cpp:60] WorkerManager: FuncWorker of func_id 1, client_id 4 connected
I1102 18:58:22.490525 IO-0/EL  message_connection.cpp:269] FuncWorkerConnection[1-4]: Handshake done
I1102 18:58:22.490896 Server/E engine.cpp:674] Engine: New message connection
I1102 18:58:22.490930 IO-0/EL  engine.cpp:277] Engine: Receive new handshake message from message connection
I1102 18:58:22.490941 IO-0/EL  worker_manager.cpp:60] WorkerManager: FuncWorker of func_id 1, client_id 5 connected
I1102 18:58:22.490957 IO-0/EL  message_connection.cpp:269] FuncWorkerConnection[1-5]: Handshake done
I1102 18:58:22.491420 Server/E engine.cpp:674] Engine: New message connection
I1102 18:58:22.491455 IO-0/EL  engine.cpp:277] Engine: Receive new handshake message from message connection
I1102 18:58:22.491461 IO-0/EL  worker_manager.cpp:60] WorkerManager: FuncWorker of func_id 1, client_id 7 connected
I1102 18:58:22.491476 IO-0/EL  message_connection.cpp:269] FuncWorkerConnection[1-7]: Handshake done
I1102 18:58:22.491911 Server/E engine.cpp:674] Engine: New message connection
I1102 18:58:22.491962 IO-0/EL  engine.cpp:277] Engine: Receive new handshake message from message connection
I1102 18:58:22.491968 IO-0/EL  worker_manager.cpp:60] WorkerManager: FuncWorker of func_id 1, client_id 8 connected
I1102 18:58:22.491983 IO-0/EL  message_connection.cpp:269] FuncWorkerConnection[1-8]: Handshake done
I1102 18:58:22.492342 Server/E engine.cpp:674] Engine: New message connection
I1102 18:58:22.492371 IO-0/EL  engine.cpp:277] Engine: Receive new handshake message from message connection
I1102 18:58:22.492379 IO-0/EL  worker_manager.cpp:60] WorkerManager: FuncWorker of func_id 1, client_id 9 connected
I1102 18:58:22.492396 IO-0/EL  message_connection.cpp:269] FuncWorkerConnection[1-9]: Handshake done
I1102 18:58:22.492590 Server/E engine.cpp:674] Engine: New message connection
I1102 18:58:22.492612 IO-0/EL  engine.cpp:277] Engine: Receive new handshake message from message connection
I1102 18:58:22.492618 IO-0/EL  worker_manager.cpp:60] WorkerManager: FuncWorker of func_id 1, client_id 10 connected
I1102 18:58:22.492632 IO-0/EL  message_connection.cpp:269] FuncWorkerConnection[1-10]: Handshake done
I1102 18:58:22.493109 Server/E engine.cpp:674] Engine: New message connection
I1102 18:58:22.493151 IO-0/EL  engine.cpp:277] Engine: Receive new handshake message from message connection
I1102 18:58:22.493159 IO-0/EL  worker_manager.cpp:60] WorkerManager: FuncWorker of func_id 1, client_id 11 connected
I1102 18:58:22.493174 IO-0/EL  message_connection.cpp:269] FuncWorkerConnection[1-11]: Handshake done
I1102 18:58:22.493513 Server/E engine.cpp:674] Engine: New message connection
I1102 18:58:22.493541 IO-0/EL  engine.cpp:277] Engine: Receive new handshake message from message connection
I1102 18:58:22.493547 IO-0/EL  worker_manager.cpp:60] WorkerManager: FuncWorker of func_id 1, client_id 12 connected
I1102 18:58:22.493561 IO-0/EL  message_connection.cpp:269] FuncWorkerConnection[1-12]: Handshake done
I1102 18:58:22.494123 Server/E engine.cpp:674] Engine: New message connection
I1102 18:58:22.494148 IO-0/EL  engine.cpp:277] Engine: Receive new handshake message from message connection
I1102 18:58:22.494155 IO-0/EL  worker_manager.cpp:60] WorkerManager: FuncWorker of func_id 1, client_id 13 connected
I1102 18:58:22.494169 IO-0/EL  message_connection.cpp:269] FuncWorkerConnection[1-13]: Handshake done
I1102 18:58:22.494523 Server/E engine.cpp:674] Engine: New message connection
I1102 18:58:22.494552 IO-0/EL  engine.cpp:277] Engine: Receive new handshake message from message connection
I1102 18:58:22.494559 IO-0/EL  worker_manager.cpp:60] WorkerManager: FuncWorker of func_id 1, client_id 14 connected
I1102 18:58:22.494582 IO-0/EL  message_connection.cpp:269] FuncWorkerConnection[1-14]: Handshake done
I1102 18:58:22.495046 Server/E engine.cpp:674] Engine: New message connection
I1102 18:58:22.495072 IO-0/EL  engine.cpp:277] Engine: Receive new handshake message from message connection
I1102 18:58:22.495080 IO-0/EL  worker_manager.cpp:60] WorkerManager: FuncWorker of func_id 1, client_id 15 connected
I1102 18:58:22.495095 IO-0/EL  message_connection.cpp:269] FuncWorkerConnection[1-15]: Handshake done
I1102 18:58:22.495538 Server/E engine.cpp:674] Engine: New message connection
I1102 18:58:22.495567 IO-0/EL  engine.cpp:277] Engine: Receive new handshake message from message connection
I1102 18:58:22.495573 IO-0/EL  worker_manager.cpp:60] WorkerManager: FuncWorker of func_id 1, client_id 16 connected
I1102 18:58:22.495588 IO-0/EL  message_connection.cpp:269] FuncWorkerConnection[1-16]: Handshake done
I1102 18:58:22.495661 Server/E engine.cpp:674] Engine: New message connection
I1102 18:58:22.495683 IO-0/EL  engine.cpp:277] Engine: Receive new handshake message from message connection
I1102 18:58:22.495700 IO-0/EL  worker_manager.cpp:60] WorkerManager: FuncWorker of func_id 1, client_id 17 connected
I1102 18:58:22.495728 IO-0/EL  message_connection.cpp:269] FuncWorkerConnection[1-17]: Handshake done
I1102 18:58:22.496436 Server/E engine.cpp:674] Engine: New message connection
I1102 18:58:22.496468 IO-0/EL  engine.cpp:277] Engine: Receive new handshake message from message connection
I1102 18:58:22.496475 IO-0/EL  worker_manager.cpp:60] WorkerManager: FuncWorker of func_id 1, client_id 18 connected
I1102 18:58:22.496491 IO-0/EL  message_connection.cpp:269] FuncWorkerConnection[1-18]: Handshake done
I1102 18:58:22.496919 Server/E engine.cpp:674] Engine: New message connection
I1102 18:58:22.496993 IO-0/EL  engine.cpp:277] Engine: Receive new handshake message from message connection
I1102 18:58:22.497000 IO-0/EL  worker_manager.cpp:60] WorkerManager: FuncWorker of func_id 1, client_id 19 connected
I1102 18:58:22.497015 IO-0/EL  message_connection.cpp:269] FuncWorkerConnection[1-19]: Handshake done
I1102 18:58:22.497317 Server/E engine.cpp:674] Engine: New message connection
I1102 18:58:22.497342 IO-0/EL  engine.cpp:277] Engine: Receive new handshake message from message connection
I1102 18:58:22.497349 IO-0/EL  worker_manager.cpp:60] WorkerManager: FuncWorker of func_id 1, client_id 20 connected
I1102 18:58:22.497363 IO-0/EL  message_connection.cpp:269] FuncWorkerConnection[1-20]: Handshake done
I1102 18:58:22.497751 Server/E engine.cpp:674] Engine: New message connection
I1102 18:58:22.497801 IO-0/EL  engine.cpp:277] Engine: Receive new handshake message from message connection
I1102 18:58:22.497809 IO-0/EL  worker_manager.cpp:60] WorkerManager: FuncWorker of func_id 1, client_id 21 connected
I1102 18:58:22.497824 IO-0/EL  message_connection.cpp:269] FuncWorkerConnection[1-21]: Handshake done
I1102 18:58:22.498168 Server/E engine.cpp:674] Engine: New message connection
I1102 18:58:22.498216 IO-0/EL  engine.cpp:277] Engine: Receive new handshake message from message connection
I1102 18:58:22.498225 IO-0/EL  worker_manager.cpp:60] WorkerManager: FuncWorker of func_id 1, client_id 22 connected
I1102 18:58:22.498240 IO-0/EL  message_connection.cpp:269] FuncWorkerConnection[1-22]: Handshake done
I1102 18:58:22.498716 Server/E engine.cpp:674] Engine: New message connection
I1102 18:58:22.498752 IO-0/EL  engine.cpp:277] Engine: Receive new handshake message from message connection
I1102 18:58:22.498758 IO-0/EL  worker_manager.cpp:60] WorkerManager: FuncWorker of func_id 1, client_id 23 connected
I1102 18:58:22.498773 IO-0/EL  message_connection.cpp:269] FuncWorkerConnection[1-23]: Handshake done
I1102 18:58:22.499175 Server/E engine.cpp:674] Engine: New message connection
I1102 18:58:22.499198 IO-0/EL  engine.cpp:277] Engine: Receive new handshake message from message connection
I1102 18:58:22.499205 IO-0/EL  worker_manager.cpp:60] WorkerManager: FuncWorker of func_id 1, client_id 24 connected
I1102 18:58:22.499220 IO-0/EL  message_connection.cpp:269] FuncWorkerConnection[1-24]: Handshake done
I1102 18:58:22.499577 Server/E engine.cpp:674] Engine: New message connection
I1102 18:58:22.499607 IO-0/EL  engine.cpp:277] Engine: Receive new handshake message from message connection
I1102 18:58:22.499613 IO-0/EL  worker_manager.cpp:60] WorkerManager: FuncWorker of func_id 1, client_id 25 connected
I1102 18:58:22.499629 IO-0/EL  message_connection.cpp:269] FuncWorkerConnection[1-25]: Handshake done
I1102 18:58:22.500004 Server/E engine.cpp:674] Engine: New message connection
I1102 18:58:22.500028 IO-0/EL  engine.cpp:277] Engine: Receive new handshake message from message connection
I1102 18:58:22.500036 IO-0/EL  worker_manager.cpp:60] WorkerManager: FuncWorker of func_id 1, client_id 26 connected
I1102 18:58:22.500050 IO-0/EL  message_connection.cpp:269] FuncWorkerConnection[1-26]: Handshake done
I1102 18:58:22.500544 Server/E engine.cpp:674] Engine: New message connection
I1102 18:58:22.500594 IO-0/EL  engine.cpp:277] Engine: Receive new handshake message from message connection
I1102 18:58:22.500609 IO-0/EL  worker_manager.cpp:60] WorkerManager: FuncWorker of func_id 1, client_id 27 connected
I1102 18:58:22.500625 IO-0/EL  message_connection.cpp:269] FuncWorkerConnection[1-27]: Handshake done
I1102 18:58:22.501045 Server/E engine.cpp:674] Engine: New message connection
I1102 18:58:22.501109 IO-0/EL  engine.cpp:277] Engine: Receive new handshake message from message connection
I1102 18:58:22.501116 IO-0/EL  worker_manager.cpp:60] WorkerManager: FuncWorker of func_id 1, client_id 28 connected
I1102 18:58:22.501134 IO-0/EL  message_connection.cpp:269] FuncWorkerConnection[1-28]: Handshake done
I1102 18:58:22.501629 Server/E engine.cpp:674] Engine: New message connection
I1102 18:58:22.501653 IO-0/EL  engine.cpp:277] Engine: Receive new handshake message from message connection
I1102 18:58:22.501660 IO-0/EL  worker_manager.cpp:60] WorkerManager: FuncWorker of func_id 1, client_id 29 connected
I1102 18:58:22.501683 IO-0/EL  message_connection.cpp:269] FuncWorkerConnection[1-29]: Handshake done
I1102 18:58:22.502063 Server/E engine.cpp:674] Engine: New message connection
I1102 18:58:22.502124 IO-0/EL  engine.cpp:277] Engine: Receive new handshake message from message connection
I1102 18:58:22.502132 IO-0/EL  worker_manager.cpp:60] WorkerManager: FuncWorker of func_id 1, client_id 30 connected
I1102 18:58:22.502147 IO-0/EL  message_connection.cpp:269] FuncWorkerConnection[1-30]: Handshake done
I1102 18:58:22.502622 Server/E engine.cpp:674] Engine: New message connection
I1102 18:58:22.502672 IO-0/EL  engine.cpp:277] Engine: Receive new handshake message from message connection
I1102 18:58:22.502679 IO-0/EL  worker_manager.cpp:60] WorkerManager: FuncWorker of func_id 1, client_id 31 connected
I1102 18:58:22.502694 IO-0/EL  message_connection.cpp:269] FuncWorkerConnection[1-31]: Handshake done
I1102 18:58:22.503110 Server/E engine.cpp:674] Engine: New message connection
I1102 18:58:22.503170 IO-0/EL  engine.cpp:277] Engine: Receive new handshake message from message connection
I1102 18:58:22.503178 IO-0/EL  worker_manager.cpp:60] WorkerManager: FuncWorker of func_id 1, client_id 32 connected
I1102 18:58:22.503194 IO-0/EL  message_connection.cpp:269] FuncWorkerConnection[1-32]: Handshake done
I1102 18:58:26.223840 IO-0/EL  buffer_pool.h:25] BufferPool[IO-0_Write]: Allocate new buffer, current buffer count is 2
I1102 18:58:26.223864 IO-0/EL  buffer_pool.h:25] BufferPool[IO-0_Write]: Allocate new buffer, current buffer count is 3
I1102 18:58:28.682273 IO-0/EL  buffer_pool.h:25] BufferPool[IO-0_Write]: Allocate new buffer, current buffer count is 4
I1102 18:58:28.682298 IO-0/EL  buffer_pool.h:25] BufferPool[IO-0_Write]: Allocate new buffer, current buffer count is 5
I1102 18:58:28.682306 IO-0/EL  buffer_pool.h:25] BufferPool[IO-0_Write]: Allocate new buffer, current buffer count is 6
I1102 18:58:28.682313 IO-0/EL  buffer_pool.h:25] BufferPool[IO-0_Write]: Allocate new buffer, current buffer count is 7
I1102 18:58:30.420528 Main     server_base.cpp:35] Server: Scheduled to stop
I1102 18:58:30.420685 IO-0/EL  message_connection.cpp:284] LauncherConnection[1]: Connection closed remotely
I1102 18:58:30.420707 Server/E server_base.cpp:109] Server: Start stopping process
I1102 18:58:30.420803 IO-0/EL  io_worker.cpp:206] IO-0: Start stopping process
I1102 18:58:30.420880 Server/E server_base.cpp:55] Server: Event loop finishes
