$ /users/vj2267/nightcore/benchmarks/run_bench.sh --duration 5 --workers 4 --remote vj2267@sm110p-10s10615.wisc.cloudlab.us --remote_addr 10.10.1.2 --machnet --local_machnet_ip 10.10.1.1 --mode noop --target_rps 50000

=== Nightcore Stress Test (noop mode) ===
Mode: noop
Function: Noop
Workers: 4
Duration: 5 seconds
Target RPS (global): 50000
Input size: 64 bytes
Inflight limit per connection: 1
Engine IO workers: 1
Gateway conns per worker: 1
Warmup: 0 seconds
Stress Client: Remote (vj2267@sm110p-10s10615.wisc.cloudlab.us)
Engine Connection Address: 10.10.1.2 (explicit)
Transport: Machnet
  Remote Machnet IP: 10.10.1.2
  Local Machnet IP: 10.10.1.1

Cleaning up any existing stress_client on remote...
Starting stress_client on remote host vj2267@sm110p-10s10615.wisc.cloudlab.us...
  Remote SSH process PID: 1368007
  Output will be saved to: /users/vj2267/nightcore/benchmarks/outputs/stress_client_remote.txt
Waiting for remote stress_client to start...
I1102 17:57:57.099789 Main     thread.cpp:100] Register main thread: tid=1118458
I1102 17:57:57.099864 Main     stress_client.cpp:179] Using Machnet transport on 10.10.1.2:10007
I1102 17:57:57.099869 Main     stress_client_machnet.cpp:37] Starting Machnet event-loop thread...
[Loop Thread 132270402827968] Machnet event-loop thread started
I1102 17:57:57.103052 Server/E thread.cpp:40] Start thread: Server/EL
I1102 17:57:57.103080 Server/E server_base.cpp:50] Server: Event loop starts
Checking for file descriptor...
Got a file descriptor!
I1102 17:57:57.603162 Main     stress_client.cpp:43] === Nightcore Stress Test ===
I1102 17:57:57.603197 Main     stress_client.cpp:44] Function ID: 1
I1102 17:57:57.603205 Main     stress_client.cpp:45] Method ID: 0
I1102 17:57:57.603210 Main     stress_client.cpp:46] Input size: 64 bytes
I1102 17:57:57.603215 Main     stress_client.cpp:47] Global target RPS: 50000
I1102 17:57:57.603220 Main     stress_client.cpp:50] Inflight limit per connection: 1
I1102 17:57:57.603225 Main     stress_client.cpp:51] Warmup: 0s, Duration: 5s
I1102 17:57:57.603231 Main     stress_client.cpp:53] 
I1102 17:57:57.603235 Main     stress_client.cpp:54] ========================================
I1102 17:57:57.603240 Main     stress_client.cpp:57] Waiting for Engine to connect...
Listening on Machnet 10.10.1.2:10007 for Engine connections[Loop Thread 132270402827968] Machnet listener created
Starting Engine (connecting to 10.10.1.2:10007)...
  Engine PID: 1368016
New Machnet connection created: 168427777:1024 -> 168427778:10007
[Receive Thread 132270402827968] Handshake: pinned send flow 168427778:10007 -> 168427777:1024
[Loop Thread 132270402827968] Now sending on flow 168427778:10007 -> 168427777:1024
I1102 17:58:01.406857 Main     stress_client.cpp:71] Engine connected with 1 connection(s)
I1102 17:58:01.406892 Main     stress_client.cpp:73] Global target RPS: 50000
I1102 17:58:01.406899 Main     stress_client.cpp:76] 
I1102 17:58:01.406903 Main     stress_client.cpp:79] Waiting 3 seconds for workers to initialize...
Starting Launcher with 4 workers...
All components started. Stress test will begin after warmup...

I1102 17:58:05.409994 Main     stress_common.cpp:30] [T+1s] Sent: 50003 | Completed: 50001 | Failed: 0 | Latencies: 50001
I1102 17:58:06.411375 Main     stress_common.cpp:30] [T+2s] Sent: 100019 | Completed: 100017 | Failed: 0 | Latencies: 100017
I1102 17:58:07.412196 Main     stress_common.cpp:30] [T+3s] Sent: 150027 | Completed: 150026 | Failed: 0 | Latencies: 150026
I1102 17:58:08.413090 Main     stress_common.cpp:30] [T+4s] Sent: 200033 | Completed: 200031 | Failed: 0 | Latencies: 200031
I1102 17:58:09.414023 Main     stress_common.cpp:30] [T+5s] Sent: 249726 | Completed: 249726 | Failed: 0 | Latencies: 249726
I1102 17:58:09.414058 Main     stress_client.cpp:116] 
I1102 17:58:09.414494 Main     stress_common.cpp:42] ========================================
I1102 17:58:09.414506 Main     stress_common.cpp:43] === Stress Test Results ===
I1102 17:58:09.414511 Main     stress_common.cpp:44] ========================================
I1102 17:58:09.414515 Main     stress_common.cpp:45] Transport:         Machnet
I1102 17:58:09.414521 Main     stress_common.cpp:46] Connections:       1
I1102 17:58:09.414528 Main     stress_common.cpp:47] Duration:          5.00 seconds
I1102 17:58:09.414538 Main     stress_common.cpp:48] Total Sent:        249726
I1102 17:58:09.414543 Main     stress_common.cpp:49] Total Completed:   249726 (100.00%)
I1102 17:58:09.414549 Main     stress_common.cpp:52] Total Failed:      0 (0.00%)
I1102 17:58:09.414556 Main     stress_common.cpp:55] 
I1102 17:58:09.414561 Main     stress_common.cpp:56] Throughput:        49898.4 rps
I1102 17:58:09.414567 Main     stress_common.cpp:57] 
I1102 17:58:09.436830 Main     stress_common.cpp:71] Latency (us):
I1102 17:58:09.436845 Main     stress_common.cpp:72]   Min:    15
I1102 17:58:09.436853 Main     stress_common.cpp:73]   p50:    27
I1102 17:58:09.436858 Main     stress_common.cpp:74]   p90:    32
I1102 17:58:09.436862 Main     stress_common.cpp:75]   p99:    36
I1102 17:58:09.436867 Main     stress_common.cpp:76]   p99.9:  57
I1102 17:58:09.436872 Main     stress_common.cpp:77]   Max:    2755
I1102 17:58:09.436877 Main     stress_common.cpp:82] ========================================
I1102 17:58:09.436882 Main     server_base.cpp:35] Server: Scheduled to stop
I1102 17:58:09.437007 Server/E server_base.cpp:109] Server: Start stopping process
[Loop Thread 132270402827968] Machnet event-loop thread finished
I1102 17:58:09.437095 Server/E server_base.cpp:55] Server: Event loop finishes
I1102 17:58:09.437311 Main     server_base.cpp:46] Server: Stopped

Stress test completed. Shutting down...

Copying results from remote host...
Remote stress_client output:
I1102 17:57:57.099789 Main     thread.cpp:100] Register main thread: tid=1118458
I1102 17:57:57.099864 Main     stress_client.cpp:179] Using Machnet transport on 10.10.1.2:10007
I1102 17:57:57.099869 Main     stress_client_machnet.cpp:37] Starting Machnet event-loop thread...
[Loop Thread 132270402827968] Machnet event-loop thread started
I1102 17:57:57.103052 Server/E thread.cpp:40] Start thread: Server/EL
I1102 17:57:57.103080 Server/E server_base.cpp:50] Server: Event loop starts
Checking for file descriptor...
Got a file descriptor!
I1102 17:57:57.603162 Main     stress_client.cpp:43] === Nightcore Stress Test ===
I1102 17:57:57.603197 Main     stress_client.cpp:44] Function ID: 1
I1102 17:57:57.603205 Main     stress_client.cpp:45] Method ID: 0
I1102 17:57:57.603210 Main     stress_client.cpp:46] Input size: 64 bytes
I1102 17:57:57.603215 Main     stress_client.cpp:47] Global target RPS: 50000
I1102 17:57:57.603220 Main     stress_client.cpp:50] Inflight limit per connection: 1
I1102 17:57:57.603225 Main     stress_client.cpp:51] Warmup: 0s, Duration: 5s
I1102 17:57:57.603231 Main     stress_client.cpp:53] 
I1102 17:57:57.603235 Main     stress_client.cpp:54] ========================================
I1102 17:57:57.603240 Main     stress_client.cpp:57] Waiting for Engine to connect...
Listening on Machnet 10.10.1.2:10007 for Engine connections[Loop Thread 132270402827968] Machnet listener created
New Machnet connection created: 168427777:1024 -> 168427778:10007
[Receive Thread 132270402827968] Handshake: pinned send flow 168427778:10007 -> 168427777:1024
[Loop Thread 132270402827968] Now sending on flow 168427778:10007 -> 168427777:1024
I1102 17:58:01.406857 Main     stress_client.cpp:71] Engine connected with 1 connection(s)
I1102 17:58:01.406892 Main     stress_client.cpp:73] Global target RPS: 50000
I1102 17:58:01.406899 Main     stress_client.cpp:76] 
I1102 17:58:01.406903 Main     stress_client.cpp:79] Waiting 3 seconds for workers to initialize...
I1102 17:58:05.409994 Main     stress_common.cpp:30] [T+1s] Sent: 50003 | Completed: 50001 | Failed: 0 | Latencies: 50001
I1102 17:58:06.411375 Main     stress_common.cpp:30] [T+2s] Sent: 100019 | Completed: 100017 | Failed: 0 | Latencies: 100017
I1102 17:58:07.412196 Main     stress_common.cpp:30] [T+3s] Sent: 150027 | Completed: 150026 | Failed: 0 | Latencies: 150026
I1102 17:58:08.413090 Main     stress_common.cpp:30] [T+4s] Sent: 200033 | Completed: 200031 | Failed: 0 | Latencies: 200031
I1102 17:58:09.414023 Main     stress_common.cpp:30] [T+5s] Sent: 249726 | Completed: 249726 | Failed: 0 | Latencies: 249726
I1102 17:58:09.414058 Main     stress_client.cpp:116] 
I1102 17:58:09.414494 Main     stress_common.cpp:42] ========================================
I1102 17:58:09.414506 Main     stress_common.cpp:43] === Stress Test Results ===
I1102 17:58:09.414511 Main     stress_common.cpp:44] ========================================
I1102 17:58:09.414515 Main     stress_common.cpp:45] Transport:         Machnet
I1102 17:58:09.414521 Main     stress_common.cpp:46] Connections:       1
I1102 17:58:09.414528 Main     stress_common.cpp:47] Duration:          5.00 seconds
I1102 17:58:09.414538 Main     stress_common.cpp:48] Total Sent:        249726
I1102 17:58:09.414543 Main     stress_common.cpp:49] Total Completed:   249726 (100.00%)
I1102 17:58:09.414549 Main     stress_common.cpp:52] Total Failed:      0 (0.00%)
I1102 17:58:09.414556 Main     stress_common.cpp:55] 
I1102 17:58:09.414561 Main     stress_common.cpp:56] Throughput:        49898.4 rps
I1102 17:58:09.414567 Main     stress_common.cpp:57] 
I1102 17:58:09.436830 Main     stress_common.cpp:71] Latency (us):
I1102 17:58:09.436845 Main     stress_common.cpp:72]   Min:    15
I1102 17:58:09.436853 Main     stress_common.cpp:73]   p50:    27
I1102 17:58:09.436858 Main     stress_common.cpp:74]   p90:    32
I1102 17:58:09.436862 Main     stress_common.cpp:75]   p99:    36
I1102 17:58:09.436867 Main     stress_common.cpp:76]   p99.9:  57
I1102 17:58:09.436872 Main     stress_common.cpp:77]   Max:    2755
I1102 17:58:09.436877 Main     stress_common.cpp:82] ========================================
I1102 17:58:09.436882 Main     server_base.cpp:35] Server: Scheduled to stop
I1102 17:58:09.437007 Server/E server_base.cpp:109] Server: Start stopping process
[Loop Thread 132270402827968] Machnet event-loop thread finished
I1102 17:58:09.437095 Server/E server_base.cpp:55] Server: Event loop finishes
I1102 17:58:09.437311 Main     server_base.cpp:46] Server: Stopped

Cleaning up any remaining remote stress_client processes...

Logs saved to:
  Engine:   /users/vj2267/nightcore/benchmarks/outputs/engine.log
  Launcher: /users/vj2267/nightcore/benchmarks/outputs/launcher.log
  Workers:  /users/vj2267/nightcore/benchmarks/outputs/Noop_worker_*.stdout
