I1102 17:57:59.777480 Main     thread.cpp:100] Register main thread: tid=1368016
E1102 17:57:59.777746 Main     docker.cpp:59] Cannot find docker's cgroup in /proc/self/cgroup
I1102 17:57:59.777796 Main     func_config.cpp:135] Load configuration for function Noop[1]
I1102 17:57:59.777806 Main     engine.cpp:109] Engine: Start 1 IO workers
I1102 17:57:59.781057 IO-0/EL  thread.cpp:40] Start thread: IO-0/EL
I1102 17:57:59.781104 IO-0/EL  io_worker.cpp:192] IO-0: Event loop starts
Checking for file descriptor...
Got a file descriptor!
I1102 17:58:01.351163 Main     engine.cpp:180] Engine: Created 1 Machnet connections to Gateway at 10.10.1.2:10007
I1102 17:58:01.351252 Main     engine.cpp:208] Engine: Listen on /dev/shm/faas_ipc/engine.sock for IPC connections
I1102 17:58:01.351379 Server/E thread.cpp:40] Start thread: Server/EL
I1102 17:58:01.351500 Server/E server_base.cpp:50] Server: Event loop starts
I1102 17:58:01.778734 Server/E engine.cpp:674] Engine: New message connection
I1102 17:58:01.782021 IO-0/EL  buffer_pool.h:25] BufferPool[IO-0_Read]: Allocate new buffer, current buffer count is 1
I1102 17:58:01.782053 IO-0/EL  engine.cpp:277] Engine: Receive new handshake message from message connection
I1102 17:58:01.782059 IO-0/EL  worker_manager.cpp:23] WorkerManager: Launcher of func_id 1 connected
I1102 17:58:01.782063 IO-0/EL  worker_manager.cpp:131] WorkerManager: Request new FuncWorker for func_id 1 with client_id 1
I1102 17:58:01.782082 IO-0/EL  worker_manager.cpp:131] WorkerManager: Request new FuncWorker for func_id 1 with client_id 2
I1102 17:58:01.782094 IO-0/EL  worker_manager.cpp:131] WorkerManager: Request new FuncWorker for func_id 1 with client_id 3
I1102 17:58:01.782103 IO-0/EL  worker_manager.cpp:131] WorkerManager: Request new FuncWorker for func_id 1 with client_id 4
I1102 17:58:01.782133 IO-0/EL  buffer_pool.h:25] BufferPool[IO-0_Write]: Allocate new buffer, current buffer count is 1
I1102 17:58:01.782144 IO-0/EL  message_connection.cpp:269] LauncherConnection[1]: Handshake done
I1102 17:58:01.785902 Server/E engine.cpp:674] Engine: New message connection
I1102 17:58:01.785931 IO-0/EL  engine.cpp:277] Engine: Receive new handshake message from message connection
I1102 17:58:01.785936 IO-0/EL  worker_manager.cpp:60] WorkerManager: FuncWorker of func_id 1, client_id 1 connected
I1102 17:58:01.785947 IO-0/EL  dispatcher.cpp:47] Dispatcher[1]: min_workers=4
I1102 17:58:01.785958 IO-0/EL  dispatcher.cpp:51] Dispatcher[1]: max_workers=4
I1102 17:58:01.785981 IO-0/EL  message_connection.cpp:269] FuncWorkerConnection[1-1]: Handshake done
I1102 17:58:01.786318 Server/E engine.cpp:674] Engine: New message connection
I1102 17:58:01.786339 IO-0/EL  engine.cpp:277] Engine: Receive new handshake message from message connection
I1102 17:58:01.786344 IO-0/EL  worker_manager.cpp:60] WorkerManager: FuncWorker of func_id 1, client_id 2 connected
I1102 17:58:01.786358 IO-0/EL  message_connection.cpp:269] FuncWorkerConnection[1-2]: Handshake done
I1102 17:58:01.787274 Server/E engine.cpp:674] Engine: New message connection
I1102 17:58:01.787305 IO-0/EL  engine.cpp:277] Engine: Receive new handshake message from message connection
I1102 17:58:01.787311 IO-0/EL  worker_manager.cpp:60] WorkerManager: FuncWorker of func_id 1, client_id 3 connected
I1102 17:58:01.787324 IO-0/EL  message_connection.cpp:269] FuncWorkerConnection[1-3]: Handshake done
I1102 17:58:01.788202 Server/E engine.cpp:674] Engine: New message connection
I1102 17:58:01.788225 IO-0/EL  engine.cpp:277] Engine: Receive new handshake message from message connection
I1102 17:58:01.788230 IO-0/EL  worker_manager.cpp:60] WorkerManager: FuncWorker of func_id 1, client_id 4 connected
I1102 17:58:01.788243 IO-0/EL  message_connection.cpp:269] FuncWorkerConnection[1-4]: Handshake done
I1102 17:58:04.409375 IO-0/EL  buffer_pool.h:25] BufferPool[IO-0_Write]: Allocate new buffer, current buffer count is 2
I1102 17:58:04.409405 IO-0/EL  buffer_pool.h:25] BufferPool[IO-0_Write]: Allocate new buffer, current buffer count is 3
I1102 17:58:04.409419 IO-0/EL  buffer_pool.h:25] BufferPool[IO-0_Write]: Allocate new buffer, current buffer count is 4
I1102 17:58:05.720801 IO-0/EL  buffer_pool.h:25] BufferPool[IO-0_Write]: Allocate new buffer, current buffer count is 5
I1102 17:58:05.720823 IO-0/EL  buffer_pool.h:25] BufferPool[IO-0_Write]: Allocate new buffer, current buffer count is 6
I1102 17:58:09.442595 Main     server_base.cpp:35] Server: Scheduled to stop
I1102 17:58:09.442674 Server/E server_base.cpp:109] Server: Start stopping process
I1102 17:58:09.442696 IO-0/EL  io_worker.cpp:206] IO-0: Start stopping process
I1102 17:58:09.442733 Server/E server_base.cpp:55] Server: Event loop finishes
