I1102 17:58:01.778508 Main     thread.cpp:100] Register main thread: tid=1368020
E1102 17:58:01.778645 Main     docker.cpp:59] Cannot find docker's cgroup in /proc/self/cgroup
I1102 17:58:01.781919 Launcher thread.cpp:40] Start thread: Launcher/EL
I1102 17:58:01.781973 Launcher thread.cpp:64] Does not find cpuset setting for IO threads (can be set by FAAS_IO_THREAD_CPUSET)
I1102 17:58:01.781978 Launcher thread.cpp:82] Does not find nice setting for IO threads (can be set by FAAS_IO_THREAD_NICE)
I1102 17:58:01.781982 Launcher launcher.cpp:96] Launcher: Event loop starts
I1102 17:58:01.782002 Launcher engine_connection.cpp:93] EngineConnection: Connected to engine, start writing handshake message
I1102 17:58:01.782124 Launcher buffer_pool.h:25] BufferPool[Launcher]: Allocate new buffer, current buffer count is 1
I1102 17:58:01.782151 Launcher func_config.cpp:135] Load configuration for function Noop[1]
I1102 17:58:01.782161 Launcher engine_connection.cpp:65] EngineConnection: Handshake done
W1102 17:58:01.785986 Launcher engine_connection.cpp:166] EngineConnection: nread=0, will do nothing
I1102 17:58:09.442509 Main     launcher.cpp:44] Launcher: Scheduled to stop
E1102 17:58:09.442780 Launcher launcher.cpp:72] Launcher: Connection to engine disconnected
I1102 17:58:09.442845 Launcher launcher.cpp:44] Launcher: Scheduled to stop
W1102 17:58:09.443585 Launcher launcher.cpp:87] Launcher: Function process 0 terminated
W1102 17:58:09.443615 Launcher launcher.cpp:87] Launcher: Function process 3 terminated
W1102 17:58:09.443626 Launcher launcher.cpp:87] Launcher: Function process 2 terminated
W1102 17:58:09.443636 Launcher launcher.cpp:87] Launcher: Function process 1 terminated
I1102 17:58:09.443646 Launcher launcher.cpp:101] Launcher: Event loop finishes
I1102 17:58:09.443747 Main     launcher.cpp:68] Launcher: Stopped
