$ /users/vj2267/nightcore/benchmarks/run_bench.sh --duration 5 --workers 32 --remote vj2267@sm110p-10s10615.wisc.cloudlab.us --remote_addr 10.10.1.2 --machnet --local_machnet_ip 10.10.1.1 --mode hyperlight --target_rps 250000

=== Nightcore Stress Test (hyperlight mode) ===
Mode: hyperlight
Function: Echo
Workers: 32
Duration: 5 seconds
Target RPS (global): 250000
Input size: 64 bytes
Inflight limit per connection: 1
Engine IO workers: 1
Gateway conns per worker: 1
Warmup: 0 seconds
Stress Client: Remote (vj2267@sm110p-10s10615.wisc.cloudlab.us)
Engine Connection Address: 10.10.1.2 (explicit)
Transport: Machnet
  Remote Machnet IP: 10.10.1.2
  Local Machnet IP: 10.10.1.1

Cleaning up any existing stress_client on remote...
Starting stress_client on remote host vj2267@sm110p-10s10615.wisc.cloudlab.us...
  Remote SSH process PID: 1393564
  Output will be saved to: /users/vj2267/nightcore/benchmarks/outputs/stress_client_remote.txt
Waiting for remote stress_client to start...
I1102 19:02:15.978104 Main     thread.cpp:100] Register main thread: tid=1165836
I1102 19:02:15.978188 Main     stress_client.cpp:179] Using Machnet transport on 10.10.1.2:10007
I1102 19:02:15.978194 Main     stress_client_machnet.cpp:37] Starting Machnet event-loop thread...
[Loop Thread 130705329747648] Machnet event-loop thread started
I1102 19:02:15.981460 Server/E thread.cpp:40] Start thread: Server/EL
I1102 19:02:15.981500 Server/E server_base.cpp:50] Server: Event loop starts
I1102 19:02:16.481541 Main     stress_client.cpp:43] === Nightcore Stress Test ===
I1102 19:02:16.481560 Main     stress_client.cpp:44] Function ID: 1
I1102 19:02:16.481564 Main     stress_client.cpp:45] Method ID: 0
I1102 19:02:16.481566 Main     stress_client.cpp:46] Input size: 64 bytes
I1102 19:02:16.481568 Main     stress_client.cpp:47] Global target RPS: 250000
I1102 19:02:16.481570 Main     stress_client.cpp:50] Inflight limit per connection: 1
I1102 19:02:16.481572 Main     stress_client.cpp:51] Warmup: 0s, Duration: 5s
I1102 19:02:16.481573 Main     stress_client.cpp:53] 
I1102 19:02:16.481575 Main     stress_client.cpp:54] ========================================
I1102 19:02:16.481577 Main     stress_client.cpp:57] Waiting for Engine to connect...
Checking for file descriptor...
Got a file descriptor!
Listening on Machnet 10.10.1.2:10007 for Engine connections[Loop Thread 130705329747648] Machnet listener created
Starting Engine (connecting to 10.10.1.2:10007)...
  Engine PID: 1393570
New Machnet connection created: 168427777:1024 -> 168427778:10007
[Receive Thread 130705329747648] Handshake: pinned send flow 168427778:10007 -> 168427777:1024
[Loop Thread 130705329747648] Now sending on flow 168427778:10007 -> 168427777:1024
I1102 19:02:20.385239 Main     stress_client.cpp:71] Engine connected with 1 connection(s)
I1102 19:02:20.385275 Main     stress_client.cpp:73] Global target RPS: 250000
I1102 19:02:20.385281 Main     stress_client.cpp:76] 
I1102 19:02:20.385286 Main     stress_client.cpp:79] Waiting 3 seconds for workers to initialize...
Starting Launcher with 32 workers...
All components started. Stress test will begin after warmup...

I1102 19:02:24.397725 Main     stress_common.cpp:30] [T+1s] Sent: 249939 | Completed: 202171 | Failed: 0 | Latencies: 202171
I1102 19:02:25.401705 Main     stress_common.cpp:30] [T+2s] Sent: 499984 | Completed: 424744 | Failed: 0 | Latencies: 424744
I1102 19:02:26.404382 Main     stress_common.cpp:30] [T+3s] Sent: 749907 | Completed: 612624 | Failed: 0 | Latencies: 612624
I1102 19:02:27.406895 Main     stress_common.cpp:30] [T+4s] Sent: 999851 | Completed: 751245 | Failed: 0 | Latencies: 751245
I1102 19:02:28.409461 Main     stress_common.cpp:30] [T+5s] Sent: 1244461 | Completed: 847449 | Failed: 0 | Latencies: 847449
I1102 19:02:28.409504 Main     stress_client.cpp:116] 
I1102 19:02:28.410986 Main     stress_common.cpp:42] ========================================
I1102 19:02:28.410996 Main     stress_common.cpp:43] === Stress Test Results ===
I1102 19:02:28.411003 Main     stress_common.cpp:44] ========================================
I1102 19:02:28.411009 Main     stress_common.cpp:45] Transport:         Machnet
I1102 19:02:28.411016 Main     stress_common.cpp:46] Connections:       1
I1102 19:02:28.411022 Main     stress_common.cpp:47] Duration:          5.01 seconds
I1102 19:02:28.411037 Main     stress_common.cpp:48] Total Sent:        1244461
I1102 19:02:28.411043 Main     stress_common.cpp:49] Total Completed:   847774 (68.12%)
I1102 19:02:28.411051 Main     stress_common.cpp:52] Total Failed:      0 (0.00%)
I1102 19:02:28.411063 Main     stress_common.cpp:55] 
I1102 19:02:28.411068 Main     stress_common.cpp:56] Throughput:        169089.0 rps
I1102 19:02:28.411076 Main     stress_common.cpp:57] 
I1102 19:02:28.484868 Main     stress_common.cpp:71] Latency (us):
I1102 19:02:28.484877 Main     stress_common.cpp:72]   Min:    705
I1102 19:02:28.484880 Main     stress_common.cpp:73]   p50:    300537
I1102 19:02:28.484883 Main     stress_common.cpp:74]   p90:    1063508
I1102 19:02:28.484886 Main     stress_common.cpp:75]   p99:    1577648
I1102 19:02:28.484889 Main     stress_common.cpp:76]   p99.9:  1611296
I1102 19:02:28.484891 Main     stress_common.cpp:77]   Max:    1614791
I1102 19:02:28.484894 Main     stress_common.cpp:82] ========================================
I1102 19:02:28.484896 Main     server_base.cpp:35] Server: Scheduled to stop
I1102 19:02:28.485031 Server/E server_base.cpp:109] Server: Start stopping process
[Loop Thread 130705329747648] Machnet event-loop thread finished
I1102 19:02:28.485181 Server/E server_base.cpp:55] Server: Event loop finishes
I1102 19:02:28.485294 Main     server_base.cpp:46] Server: Stopped

Stress test completed. Shutting down...

Copying results from remote host...
Remote stress_client output:
I1102 19:02:15.978104 Main     thread.cpp:100] Register main thread: tid=1165836
I1102 19:02:15.978188 Main     stress_client.cpp:179] Using Machnet transport on 10.10.1.2:10007
I1102 19:02:15.978194 Main     stress_client_machnet.cpp:37] Starting Machnet event-loop thread...
[Loop Thread 130705329747648] Machnet event-loop thread started
I1102 19:02:15.981460 Server/E thread.cpp:40] Start thread: Server/EL
I1102 19:02:15.981500 Server/E server_base.cpp:50] Server: Event loop starts
I1102 19:02:16.481541 Main     stress_client.cpp:43] === Nightcore Stress Test ===
I1102 19:02:16.481560 Main     stress_client.cpp:44] Function ID: 1
I1102 19:02:16.481564 Main     stress_client.cpp:45] Method ID: 0
I1102 19:02:16.481566 Main     stress_client.cpp:46] Input size: 64 bytes
I1102 19:02:16.481568 Main     stress_client.cpp:47] Global target RPS: 250000
I1102 19:02:16.481570 Main     stress_client.cpp:50] Inflight limit per connection: 1
I1102 19:02:16.481572 Main     stress_client.cpp:51] Warmup: 0s, Duration: 5s
I1102 19:02:16.481573 Main     stress_client.cpp:53] 
I1102 19:02:16.481575 Main     stress_client.cpp:54] ========================================
I1102 19:02:16.481577 Main     stress_client.cpp:57] Waiting for Engine to connect...
Checking for file descriptor...
Got a file descriptor!
Listening on Machnet 10.10.1.2:10007 for Engine connections[Loop Thread 130705329747648] Machnet listener created
New Machnet connection created: 168427777:1024 -> 168427778:10007
[Receive Thread 130705329747648] Handshake: pinned send flow 168427778:10007 -> 168427777:1024
[Loop Thread 130705329747648] Now sending on flow 168427778:10007 -> 168427777:1024
I1102 19:02:20.385239 Main     stress_client.cpp:71] Engine connected with 1 connection(s)
I1102 19:02:20.385275 Main     stress_client.cpp:73] Global target RPS: 250000
I1102 19:02:20.385281 Main     stress_client.cpp:76] 
I1102 19:02:20.385286 Main     stress_client.cpp:79] Waiting 3 seconds for workers to initialize...
I1102 19:02:24.397725 Main     stress_common.cpp:30] [T+1s] Sent: 249939 | Completed: 202171 | Failed: 0 | Latencies: 202171
I1102 19:02:25.401705 Main     stress_common.cpp:30] [T+2s] Sent: 499984 | Completed: 424744 | Failed: 0 | Latencies: 424744
I1102 19:02:26.404382 Main     stress_common.cpp:30] [T+3s] Sent: 749907 | Completed: 612624 | Failed: 0 | Latencies: 612624
I1102 19:02:27.406895 Main     stress_common.cpp:30] [T+4s] Sent: 999851 | Completed: 751245 | Failed: 0 | Latencies: 751245
I1102 19:02:28.409461 Main     stress_common.cpp:30] [T+5s] Sent: 1244461 | Completed: 847449 | Failed: 0 | Latencies: 847449
I1102 19:02:28.409504 Main     stress_client.cpp:116] 
I1102 19:02:28.410986 Main     stress_common.cpp:42] ========================================
I1102 19:02:28.410996 Main     stress_common.cpp:43] === Stress Test Results ===
I1102 19:02:28.411003 Main     stress_common.cpp:44] ========================================
I1102 19:02:28.411009 Main     stress_common.cpp:45] Transport:         Machnet
I1102 19:02:28.411016 Main     stress_common.cpp:46] Connections:       1
I1102 19:02:28.411022 Main     stress_common.cpp:47] Duration:          5.01 seconds
I1102 19:02:28.411037 Main     stress_common.cpp:48] Total Sent:        1244461
I1102 19:02:28.411043 Main     stress_common.cpp:49] Total Completed:   847774 (68.12%)
I1102 19:02:28.411051 Main     stress_common.cpp:52] Total Failed:      0 (0.00%)
I1102 19:02:28.411063 Main     stress_common.cpp:55] 
I1102 19:02:28.411068 Main     stress_common.cpp:56] Throughput:        169089.0 rps
I1102 19:02:28.411076 Main     stress_common.cpp:57] 
I1102 19:02:28.484868 Main     stress_common.cpp:71] Latency (us):
I1102 19:02:28.484877 Main     stress_common.cpp:72]   Min:    705
I1102 19:02:28.484880 Main     stress_common.cpp:73]   p50:    300537
I1102 19:02:28.484883 Main     stress_common.cpp:74]   p90:    1063508
I1102 19:02:28.484886 Main     stress_common.cpp:75]   p99:    1577648
I1102 19:02:28.484889 Main     stress_common.cpp:76]   p99.9:  1611296
I1102 19:02:28.484891 Main     stress_common.cpp:77]   Max:    1614791
I1102 19:02:28.484894 Main     stress_common.cpp:82] ========================================
I1102 19:02:28.484896 Main     server_base.cpp:35] Server: Scheduled to stop
I1102 19:02:28.485031 Server/E server_base.cpp:109] Server: Start stopping process
[Loop Thread 130705329747648] Machnet event-loop thread finished
I1102 19:02:28.485181 Server/E server_base.cpp:55] Server: Event loop finishes
I1102 19:02:28.485294 Main     server_base.cpp:46] Server: Stopped

Cleaning up any remaining remote stress_client processes...

Logs saved to:
  Engine:   /users/vj2267/nightcore/benchmarks/outputs/engine.log
  Launcher: /users/vj2267/nightcore/benchmarks/outputs/launcher.log
  Workers:  /users/vj2267/nightcore/benchmarks/outputs/Echo_worker_*.stdout
