I1102 19:02:20.671266 Main     thread.cpp:100] Register main thread: tid=1393577
E1102 19:02:20.671402 Main     docker.cpp:59] Cannot find docker's cgroup in /proc/self/cgroup
I1102 19:02:20.674651 Launcher thread.cpp:40] Start thread: Launcher/EL
I1102 19:02:20.674704 Launcher thread.cpp:64] Does not find cpuset setting for IO threads (can be set by FAAS_IO_THREAD_CPUSET)
I1102 19:02:20.674714 Launcher thread.cpp:82] Does not find nice setting for IO threads (can be set by FAAS_IO_THREAD_NICE)
I1102 19:02:20.674719 Launcher launcher.cpp:96] Launcher: Event loop starts
I1102 19:02:20.674737 Launcher engine_connection.cpp:93] EngineConnection: Connected to engine, start writing handshake message
I1102 19:02:20.675173 Launcher buffer_pool.h:25] BufferPool[Launcher]: Allocate new buffer, current buffer count is 1
I1102 19:02:20.675199 Launcher func_config.cpp:135] Load configuration for function Echo[1]
I1102 19:02:20.675209 Launcher engine_connection.cpp:65] EngineConnection: Handshake done
W1102 19:02:20.695955 Launcher engine_connection.cpp:166] EngineConnection: nread=0, will do nothing
I1102 19:02:28.492283 Main     launcher.cpp:44] Launcher: Scheduled to stop
E1102 19:02:28.492966 Launcher launcher.cpp:72] Launcher: Connection to engine disconnected
I1102 19:02:28.493012 Launcher launcher.cpp:44] Launcher: Scheduled to stop
W1102 19:02:28.516281 Launcher launcher.cpp:87] Launcher: Function process 6 terminated
W1102 19:02:28.531365 Launcher launcher.cpp:87] Launcher: Function process 5 terminated
W1102 19:02:28.531399 Launcher launcher.cpp:87] Launcher: Function process 3 terminated
W1102 19:02:28.531456 Launcher launcher.cpp:87] Launcher: Function process 2 terminated
W1102 19:02:28.533541 Launcher launcher.cpp:87] Launcher: Function process 19 terminated
W1102 19:02:28.533601 Launcher launcher.cpp:87] Launcher: Function process 12 terminated
W1102 19:02:28.533612 Launcher launcher.cpp:87] Launcher: Function process 11 terminated
W1102 19:02:28.533620 Launcher launcher.cpp:87] Launcher: Function process 7 terminated
W1102 19:02:28.533629 Launcher launcher.cpp:87] Launcher: Function process 1 terminated
W1102 19:02:28.533637 Launcher launcher.cpp:87] Launcher: Function process 31 terminated
W1102 19:02:28.533644 Launcher launcher.cpp:87] Launcher: Function process 30 terminated
W1102 19:02:28.533652 Launcher launcher.cpp:87] Launcher: Function process 29 terminated
W1102 19:02:28.533659 Launcher launcher.cpp:87] Launcher: Function process 28 terminated
W1102 19:02:28.533666 Launcher launcher.cpp:87] Launcher: Function process 27 terminated
W1102 19:02:28.533673 Launcher launcher.cpp:87] Launcher: Function process 26 terminated
W1102 19:02:28.533681 Launcher launcher.cpp:87] Launcher: Function process 25 terminated
W1102 19:02:28.533688 Launcher launcher.cpp:87] Launcher: Function process 24 terminated
W1102 19:02:28.533695 Launcher launcher.cpp:87] Launcher: Function process 23 terminated
W1102 19:02:28.533703 Launcher launcher.cpp:87] Launcher: Function process 22 terminated
W1102 19:02:28.533724 Launcher launcher.cpp:87] Launcher: Function process 21 terminated
W1102 19:02:28.533738 Launcher launcher.cpp:87] Launcher: Function process 20 terminated
W1102 19:02:28.533746 Launcher launcher.cpp:87] Launcher: Function process 18 terminated
W1102 19:02:28.533753 Launcher launcher.cpp:87] Launcher: Function process 17 terminated
W1102 19:02:28.533761 Launcher launcher.cpp:87] Launcher: Function process 16 terminated
W1102 19:02:28.533768 Launcher launcher.cpp:87] Launcher: Function process 15 terminated
W1102 19:02:28.533775 Launcher launcher.cpp:87] Launcher: Function process 14 terminated
W1102 19:02:28.533783 Launcher launcher.cpp:87] Launcher: Function process 13 terminated
W1102 19:02:28.533791 Launcher launcher.cpp:87] Launcher: Function process 10 terminated
W1102 19:02:28.533798 Launcher launcher.cpp:87] Launcher: Function process 9 terminated
W1102 19:02:28.533805 Launcher launcher.cpp:87] Launcher: Function process 8 terminated
W1102 19:02:28.533813 Launcher launcher.cpp:87] Launcher: Function process 4 terminated
W1102 19:02:28.533858 Launcher launcher.cpp:87] Launcher: Function process 0 terminated
I1102 19:02:28.533868 Launcher launcher.cpp:101] Launcher: Event loop finishes
I1102 19:02:28.533953 Main     launcher.cpp:68] Launcher: Stopped
