I1102 18:13:00.514035 Main     thread.cpp:100] Register main thread: tid=1371941
E1102 18:13:00.514487 Main     docker.cpp:59] Cannot find docker's cgroup in /proc/self/cgroup
I1102 18:13:00.514543 Main     func_config.cpp:135] Load configuration for function Noop[1]
I1102 18:13:00.514554 Main     engine.cpp:109] Engine: Start 1 IO workers
I1102 18:13:00.517720 IO-0/EL  thread.cpp:40] Start thread: IO-0/EL
I1102 18:13:00.517767 IO-0/EL  io_worker.cpp:192] IO-0: Event loop starts
Checking for file descriptor...
Got a file descriptor!
I1102 18:13:02.354440 Main     engine.cpp:180] Engine: Created 1 Machnet connections to Gateway at 10.10.1.2:10007
I1102 18:13:02.354504 Main     engine.cpp:208] Engine: Listen on /dev/shm/faas_ipc/engine.sock for IPC connections
I1102 18:13:02.354669 Server/E thread.cpp:40] Start thread: Server/EL
I1102 18:13:02.354732 Server/E server_base.cpp:50] Server: Event loop starts
I1102 18:13:02.516263 Server/E engine.cpp:674] Engine: New message connection
I1102 18:13:02.519491 IO-0/EL  buffer_pool.h:25] BufferPool[IO-0_Read]: Allocate new buffer, current buffer count is 1
I1102 18:13:02.519523 IO-0/EL  engine.cpp:277] Engine: Receive new handshake message from message connection
I1102 18:13:02.519529 IO-0/EL  worker_manager.cpp:23] WorkerManager: Launcher of func_id 1 connected
I1102 18:13:02.519533 IO-0/EL  worker_manager.cpp:131] WorkerManager: Request new FuncWorker for func_id 1 with client_id 1
I1102 18:13:02.519554 IO-0/EL  worker_manager.cpp:131] WorkerManager: Request new FuncWorker for func_id 1 with client_id 2
I1102 18:13:02.519567 IO-0/EL  worker_manager.cpp:131] WorkerManager: Request new FuncWorker for func_id 1 with client_id 3
I1102 18:13:02.519576 IO-0/EL  worker_manager.cpp:131] WorkerManager: Request new FuncWorker for func_id 1 with client_id 4
I1102 18:13:02.519586 IO-0/EL  worker_manager.cpp:131] WorkerManager: Request new FuncWorker for func_id 1 with client_id 5
I1102 18:13:02.519596 IO-0/EL  worker_manager.cpp:131] WorkerManager: Request new FuncWorker for func_id 1 with client_id 6
I1102 18:13:02.519607 IO-0/EL  worker_manager.cpp:131] WorkerManager: Request new FuncWorker for func_id 1 with client_id 7
I1102 18:13:02.519616 IO-0/EL  worker_manager.cpp:131] WorkerManager: Request new FuncWorker for func_id 1 with client_id 8
I1102 18:13:02.519629 IO-0/EL  worker_manager.cpp:131] WorkerManager: Request new FuncWorker for func_id 1 with client_id 9
I1102 18:13:02.519638 IO-0/EL  worker_manager.cpp:131] WorkerManager: Request new FuncWorker for func_id 1 with client_id 10
I1102 18:13:02.519650 IO-0/EL  worker_manager.cpp:131] WorkerManager: Request new FuncWorker for func_id 1 with client_id 11
I1102 18:13:02.519660 IO-0/EL  worker_manager.cpp:131] WorkerManager: Request new FuncWorker for func_id 1 with client_id 12
I1102 18:13:02.519672 IO-0/EL  worker_manager.cpp:131] WorkerManager: Request new FuncWorker for func_id 1 with client_id 13
I1102 18:13:02.519681 IO-0/EL  worker_manager.cpp:131] WorkerManager: Request new FuncWorker for func_id 1 with client_id 14
I1102 18:13:02.519691 IO-0/EL  worker_manager.cpp:131] WorkerManager: Request new FuncWorker for func_id 1 with client_id 15
I1102 18:13:02.519702 IO-0/EL  worker_manager.cpp:131] WorkerManager: Request new FuncWorker for func_id 1 with client_id 16
I1102 18:13:02.519716 IO-0/EL  worker_manager.cpp:131] WorkerManager: Request new FuncWorker for func_id 1 with client_id 17
I1102 18:13:02.519736 IO-0/EL  worker_manager.cpp:131] WorkerManager: Request new FuncWorker for func_id 1 with client_id 18
I1102 18:13:02.519746 IO-0/EL  worker_manager.cpp:131] WorkerManager: Request new FuncWorker for func_id 1 with client_id 19
I1102 18:13:02.519756 IO-0/EL  worker_manager.cpp:131] WorkerManager: Request new FuncWorker for func_id 1 with client_id 20
I1102 18:13:02.519768 IO-0/EL  worker_manager.cpp:131] WorkerManager: Request new FuncWorker for func_id 1 with client_id 21
I1102 18:13:02.519778 IO-0/EL  worker_manager.cpp:131] WorkerManager: Request new FuncWorker for func_id 1 with client_id 22
I1102 18:13:02.519787 IO-0/EL  worker_manager.cpp:131] WorkerManager: Request new FuncWorker for func_id 1 with client_id 23
I1102 18:13:02.519817 IO-0/EL  worker_manager.cpp:131] WorkerManager: Request new FuncWorker for func_id 1 with client_id 24
I1102 18:13:02.519828 IO-0/EL  worker_manager.cpp:131] WorkerManager: Request new FuncWorker for func_id 1 with client_id 25
I1102 18:13:02.519837 IO-0/EL  worker_manager.cpp:131] WorkerManager: Request new FuncWorker for func_id 1 with client_id 26
I1102 18:13:02.519847 IO-0/EL  worker_manager.cpp:131] WorkerManager: Request new FuncWorker for func_id 1 with client_id 27
I1102 18:13:02.519860 IO-0/EL  worker_manager.cpp:131] WorkerManager: Request new FuncWorker for func_id 1 with client_id 28
I1102 18:13:02.519870 IO-0/EL  worker_manager.cpp:131] WorkerManager: Request new FuncWorker for func_id 1 with client_id 29
I1102 18:13:02.519879 IO-0/EL  worker_manager.cpp:131] WorkerManager: Request new FuncWorker for func_id 1 with client_id 30
I1102 18:13:02.519890 IO-0/EL  worker_manager.cpp:131] WorkerManager: Request new FuncWorker for func_id 1 with client_id 31
I1102 18:13:02.519901 IO-0/EL  worker_manager.cpp:131] WorkerManager: Request new FuncWorker for func_id 1 with client_id 32
I1102 18:13:02.519943 IO-0/EL  buffer_pool.h:25] BufferPool[IO-0_Write]: Allocate new buffer, current buffer count is 1
I1102 18:13:02.519976 IO-0/EL  message_connection.cpp:269] LauncherConnection[1]: Handshake done
I1102 18:13:02.524130 Server/E engine.cpp:674] Engine: New message connection
I1102 18:13:02.524191 IO-0/EL  engine.cpp:277] Engine: Receive new handshake message from message connection
I1102 18:13:02.524197 IO-0/EL  worker_manager.cpp:60] WorkerManager: FuncWorker of func_id 1, client_id 2 connected
I1102 18:13:02.524208 IO-0/EL  dispatcher.cpp:47] Dispatcher[1]: min_workers=32
I1102 18:13:02.524211 IO-0/EL  dispatcher.cpp:51] Dispatcher[1]: max_workers=32
I1102 18:13:02.524234 IO-0/EL  message_connection.cpp:269] FuncWorkerConnection[1-2]: Handshake done
I1102 18:13:02.524683 Server/E engine.cpp:674] Engine: New message connection
I1102 18:13:02.524738 IO-0/EL  engine.cpp:277] Engine: Receive new handshake message from message connection
I1102 18:13:02.524744 IO-0/EL  worker_manager.cpp:60] WorkerManager: FuncWorker of func_id 1, client_id 1 connected
I1102 18:13:02.524758 IO-0/EL  message_connection.cpp:269] FuncWorkerConnection[1-1]: Handshake done
I1102 18:13:02.525268 Server/E engine.cpp:674] Engine: New message connection
I1102 18:13:02.525301 IO-0/EL  engine.cpp:277] Engine: Receive new handshake message from message connection
I1102 18:13:02.525306 IO-0/EL  worker_manager.cpp:60] WorkerManager: FuncWorker of func_id 1, client_id 3 connected
I1102 18:13:02.525319 IO-0/EL  message_connection.cpp:269] FuncWorkerConnection[1-3]: Handshake done
I1102 18:13:02.527228 Server/E engine.cpp:674] Engine: New message connection
I1102 18:13:02.527261 IO-0/EL  engine.cpp:277] Engine: Receive new handshake message from message connection
I1102 18:13:02.527266 IO-0/EL  worker_manager.cpp:60] WorkerManager: FuncWorker of func_id 1, client_id 4 connected
I1102 18:13:02.527279 IO-0/EL  message_connection.cpp:269] FuncWorkerConnection[1-4]: Handshake done
I1102 18:13:02.528006 Server/E engine.cpp:674] Engine: New message connection
I1102 18:13:02.528053 IO-0/EL  engine.cpp:277] Engine: Receive new handshake message from message connection
I1102 18:13:02.528058 IO-0/EL  worker_manager.cpp:60] WorkerManager: FuncWorker of func_id 1, client_id 6 connected
I1102 18:13:02.528072 IO-0/EL  message_connection.cpp:269] FuncWorkerConnection[1-6]: Handshake done
I1102 18:13:02.528313 Server/E engine.cpp:674] Engine: New message connection
I1102 18:13:02.528346 IO-0/EL  engine.cpp:277] Engine: Receive new handshake message from message connection
I1102 18:13:02.528350 IO-0/EL  worker_manager.cpp:60] WorkerManager: FuncWorker of func_id 1, client_id 5 connected
I1102 18:13:02.528363 IO-0/EL  message_connection.cpp:269] FuncWorkerConnection[1-5]: Handshake done
I1102 18:13:02.529681 Server/E engine.cpp:674] Engine: New message connection
I1102 18:13:02.529772 IO-0/EL  engine.cpp:277] Engine: Receive new handshake message from message connection
I1102 18:13:02.529779 IO-0/EL  worker_manager.cpp:60] WorkerManager: FuncWorker of func_id 1, client_id 7 connected
I1102 18:13:02.529793 IO-0/EL  message_connection.cpp:269] FuncWorkerConnection[1-7]: Handshake done
I1102 18:13:02.530022 Server/E engine.cpp:674] Engine: New message connection
I1102 18:13:02.530068 IO-0/EL  engine.cpp:277] Engine: Receive new handshake message from message connection
I1102 18:13:02.530073 IO-0/EL  worker_manager.cpp:60] WorkerManager: FuncWorker of func_id 1, client_id 8 connected
I1102 18:13:02.530087 IO-0/EL  message_connection.cpp:269] FuncWorkerConnection[1-8]: Handshake done
I1102 18:13:02.530891 Server/E engine.cpp:674] Engine: New message connection
I1102 18:13:02.530933 IO-0/EL  engine.cpp:277] Engine: Receive new handshake message from message connection
I1102 18:13:02.530938 IO-0/EL  worker_manager.cpp:60] WorkerManager: FuncWorker of func_id 1, client_id 9 connected
I1102 18:13:02.530951 IO-0/EL  message_connection.cpp:269] FuncWorkerConnection[1-9]: Handshake done
I1102 18:13:02.532362 Server/E engine.cpp:674] Engine: New message connection
I1102 18:13:02.532396 IO-0/EL  engine.cpp:277] Engine: Receive new handshake message from message connection
I1102 18:13:02.532402 IO-0/EL  worker_manager.cpp:60] WorkerManager: FuncWorker of func_id 1, client_id 11 connected
I1102 18:13:02.532415 IO-0/EL  message_connection.cpp:269] FuncWorkerConnection[1-11]: Handshake done
I1102 18:13:02.532664 Server/E engine.cpp:674] Engine: New message connection
I1102 18:13:02.532700 IO-0/EL  engine.cpp:277] Engine: Receive new handshake message from message connection
I1102 18:13:02.532705 IO-0/EL  worker_manager.cpp:60] WorkerManager: FuncWorker of func_id 1, client_id 10 connected
I1102 18:13:02.532720 IO-0/EL  message_connection.cpp:269] FuncWorkerConnection[1-10]: Handshake done
I1102 18:13:02.533475 Server/E engine.cpp:674] Engine: New message connection
I1102 18:13:02.533509 IO-0/EL  engine.cpp:277] Engine: Receive new handshake message from message connection
I1102 18:13:02.533515 IO-0/EL  worker_manager.cpp:60] WorkerManager: FuncWorker of func_id 1, client_id 12 connected
I1102 18:13:02.533529 IO-0/EL  message_connection.cpp:269] FuncWorkerConnection[1-12]: Handshake done
I1102 18:13:02.533788 Server/E engine.cpp:674] Engine: New message connection
I1102 18:13:02.533818 IO-0/EL  engine.cpp:277] Engine: Receive new handshake message from message connection
I1102 18:13:02.533823 IO-0/EL  worker_manager.cpp:60] WorkerManager: FuncWorker of func_id 1, client_id 13 connected
I1102 18:13:02.533836 IO-0/EL  message_connection.cpp:269] FuncWorkerConnection[1-13]: Handshake done
I1102 18:13:02.534240 Server/E engine.cpp:674] Engine: New message connection
I1102 18:13:02.534271 IO-0/EL  engine.cpp:277] Engine: Receive new handshake message from message connection
I1102 18:13:02.534276 IO-0/EL  worker_manager.cpp:60] WorkerManager: FuncWorker of func_id 1, client_id 14 connected
I1102 18:13:02.534294 IO-0/EL  message_connection.cpp:269] FuncWorkerConnection[1-14]: Handshake done
I1102 18:13:02.534654 Server/E engine.cpp:674] Engine: New message connection
I1102 18:13:02.534684 IO-0/EL  engine.cpp:277] Engine: Receive new handshake message from message connection
I1102 18:13:02.534688 IO-0/EL  worker_manager.cpp:60] WorkerManager: FuncWorker of func_id 1, client_id 15 connected
I1102 18:13:02.534701 IO-0/EL  message_connection.cpp:269] FuncWorkerConnection[1-15]: Handshake done
I1102 18:13:02.535114 Server/E engine.cpp:674] Engine: New message connection
I1102 18:13:02.535147 IO-0/EL  engine.cpp:277] Engine: Receive new handshake message from message connection
I1102 18:13:02.535152 IO-0/EL  worker_manager.cpp:60] WorkerManager: FuncWorker of func_id 1, client_id 16 connected
I1102 18:13:02.535166 IO-0/EL  message_connection.cpp:269] FuncWorkerConnection[1-16]: Handshake done
I1102 18:13:02.535677 Server/E engine.cpp:674] Engine: New message connection
I1102 18:13:02.535708 IO-0/EL  engine.cpp:277] Engine: Receive new handshake message from message connection
I1102 18:13:02.535725 IO-0/EL  worker_manager.cpp:60] WorkerManager: FuncWorker of func_id 1, client_id 17 connected
I1102 18:13:02.535743 IO-0/EL  message_connection.cpp:269] FuncWorkerConnection[1-17]: Handshake done
I1102 18:13:02.536078 Server/E engine.cpp:674] Engine: New message connection
I1102 18:13:02.536108 IO-0/EL  engine.cpp:277] Engine: Receive new handshake message from message connection
I1102 18:13:02.536113 IO-0/EL  worker_manager.cpp:60] WorkerManager: FuncWorker of func_id 1, client_id 18 connected
I1102 18:13:02.536125 IO-0/EL  message_connection.cpp:269] FuncWorkerConnection[1-18]: Handshake done
I1102 18:13:02.536558 Server/E engine.cpp:674] Engine: New message connection
I1102 18:13:02.536583 IO-0/EL  engine.cpp:277] Engine: Receive new handshake message from message connection
I1102 18:13:02.536588 IO-0/EL  worker_manager.cpp:60] WorkerManager: FuncWorker of func_id 1, client_id 19 connected
I1102 18:13:02.536601 IO-0/EL  message_connection.cpp:269] FuncWorkerConnection[1-19]: Handshake done
I1102 18:13:02.536898 Server/E engine.cpp:674] Engine: New message connection
I1102 18:13:02.536928 IO-0/EL  engine.cpp:277] Engine: Receive new handshake message from message connection
I1102 18:13:02.536933 IO-0/EL  worker_manager.cpp:60] WorkerManager: FuncWorker of func_id 1, client_id 20 connected
I1102 18:13:02.536945 IO-0/EL  message_connection.cpp:269] FuncWorkerConnection[1-20]: Handshake done
I1102 18:13:02.537412 Server/E engine.cpp:674] Engine: New message connection
I1102 18:13:02.537443 IO-0/EL  engine.cpp:277] Engine: Receive new handshake message from message connection
I1102 18:13:02.537447 IO-0/EL  worker_manager.cpp:60] WorkerManager: FuncWorker of func_id 1, client_id 21 connected
I1102 18:13:02.537460 IO-0/EL  message_connection.cpp:269] FuncWorkerConnection[1-21]: Handshake done
I1102 18:13:02.537811 Server/E engine.cpp:674] Engine: New message connection
I1102 18:13:02.537842 IO-0/EL  engine.cpp:277] Engine: Receive new handshake message from message connection
I1102 18:13:02.537847 IO-0/EL  worker_manager.cpp:60] WorkerManager: FuncWorker of func_id 1, client_id 22 connected
I1102 18:13:02.537859 IO-0/EL  message_connection.cpp:269] FuncWorkerConnection[1-22]: Handshake done
I1102 18:13:02.539259 Server/E engine.cpp:674] Engine: New message connection
I1102 18:13:02.539289 Server/E engine.cpp:674] Engine: New message connection
I1102 18:13:02.539298 IO-0/EL  engine.cpp:277] Engine: Receive new handshake message from message connection
I1102 18:13:02.539304 IO-0/EL  worker_manager.cpp:60] WorkerManager: FuncWorker of func_id 1, client_id 24 connected
I1102 18:13:02.539319 IO-0/EL  message_connection.cpp:269] FuncWorkerConnection[1-24]: Handshake done
I1102 18:13:02.539333 IO-0/EL  engine.cpp:277] Engine: Receive new handshake message from message connection
I1102 18:13:02.539336 IO-0/EL  worker_manager.cpp:60] WorkerManager: FuncWorker of func_id 1, client_id 23 connected
I1102 18:13:02.539349 IO-0/EL  message_connection.cpp:269] FuncWorkerConnection[1-23]: Handshake done
I1102 18:13:02.539638 Server/E engine.cpp:674] Engine: New message connection
I1102 18:13:02.539670 IO-0/EL  engine.cpp:277] Engine: Receive new handshake message from message connection
I1102 18:13:02.539674 IO-0/EL  worker_manager.cpp:60] WorkerManager: FuncWorker of func_id 1, client_id 25 connected
I1102 18:13:02.539687 IO-0/EL  message_connection.cpp:269] FuncWorkerConnection[1-25]: Handshake done
I1102 18:13:02.540090 Server/E engine.cpp:674] Engine: New message connection
I1102 18:13:02.540123 IO-0/EL  engine.cpp:277] Engine: Receive new handshake message from message connection
I1102 18:13:02.540128 IO-0/EL  worker_manager.cpp:60] WorkerManager: FuncWorker of func_id 1, client_id 26 connected
I1102 18:13:02.540141 IO-0/EL  message_connection.cpp:269] FuncWorkerConnection[1-26]: Handshake done
I1102 18:13:02.540524 Server/E engine.cpp:674] Engine: New message connection
I1102 18:13:02.540559 IO-0/EL  engine.cpp:277] Engine: Receive new handshake message from message connection
I1102 18:13:02.540572 IO-0/EL  worker_manager.cpp:60] WorkerManager: FuncWorker of func_id 1, client_id 27 connected
I1102 18:13:02.540586 IO-0/EL  message_connection.cpp:269] FuncWorkerConnection[1-27]: Handshake done
I1102 18:13:02.541017 Server/E engine.cpp:674] Engine: New message connection
I1102 18:13:02.541063 IO-0/EL  engine.cpp:277] Engine: Receive new handshake message from message connection
I1102 18:13:02.541068 IO-0/EL  worker_manager.cpp:60] WorkerManager: FuncWorker of func_id 1, client_id 28 connected
I1102 18:13:02.541081 IO-0/EL  message_connection.cpp:269] FuncWorkerConnection[1-28]: Handshake done
I1102 18:13:02.541111 Server/E engine.cpp:674] Engine: New message connection
I1102 18:13:02.541143 IO-0/EL  engine.cpp:277] Engine: Receive new handshake message from message connection
I1102 18:13:02.541147 IO-0/EL  worker_manager.cpp:60] WorkerManager: FuncWorker of func_id 1, client_id 29 connected
I1102 18:13:02.541165 IO-0/EL  message_connection.cpp:269] FuncWorkerConnection[1-29]: Handshake done
I1102 18:13:02.542101 Server/E engine.cpp:674] Engine: New message connection
I1102 18:13:02.542140 IO-0/EL  engine.cpp:277] Engine: Receive new handshake message from message connection
I1102 18:13:02.542145 IO-0/EL  worker_manager.cpp:60] WorkerManager: FuncWorker of func_id 1, client_id 30 connected
I1102 18:13:02.542157 IO-0/EL  message_connection.cpp:269] FuncWorkerConnection[1-30]: Handshake done
I1102 18:13:02.542298 Server/E engine.cpp:674] Engine: New message connection
I1102 18:13:02.542323 IO-0/EL  engine.cpp:277] Engine: Receive new handshake message from message connection
I1102 18:13:02.542328 IO-0/EL  worker_manager.cpp:60] WorkerManager: FuncWorker of func_id 1, client_id 31 connected
I1102 18:13:02.542340 IO-0/EL  message_connection.cpp:269] FuncWorkerConnection[1-31]: Handshake done
I1102 18:13:02.542785 Server/E engine.cpp:674] Engine: New message connection
I1102 18:13:02.542815 IO-0/EL  engine.cpp:277] Engine: Receive new handshake message from message connection
I1102 18:13:02.542821 IO-0/EL  worker_manager.cpp:60] WorkerManager: FuncWorker of func_id 1, client_id 32 connected
I1102 18:13:02.542836 IO-0/EL  message_connection.cpp:269] FuncWorkerConnection[1-32]: Handshake done
I1102 18:13:05.438849 IO-0/EL  buffer_pool.h:25] BufferPool[IO-0_Write]: Allocate new buffer, current buffer count is 2
I1102 18:13:05.438879 IO-0/EL  buffer_pool.h:25] BufferPool[IO-0_Write]: Allocate new buffer, current buffer count is 3
I1102 18:13:05.438891 IO-0/EL  buffer_pool.h:25] BufferPool[IO-0_Write]: Allocate new buffer, current buffer count is 4
I1102 18:13:05.438899 IO-0/EL  buffer_pool.h:25] BufferPool[IO-0_Write]: Allocate new buffer, current buffer count is 5
I1102 18:13:06.258141 IO-0/EL  buffer_pool.h:25] BufferPool[IO-0_Write]: Allocate new buffer, current buffer count is 6
I1102 18:13:06.258165 IO-0/EL  buffer_pool.h:25] BufferPool[IO-0_Write]: Allocate new buffer, current buffer count is 7
I1102 18:13:06.258174 IO-0/EL  buffer_pool.h:25] BufferPool[IO-0_Write]: Allocate new buffer, current buffer count is 8
I1102 18:13:07.077859 IO-0/EL  buffer_pool.h:25] BufferPool[IO-0_Write]: Allocate new buffer, current buffer count is 9
I1102 18:13:07.077883 IO-0/EL  buffer_pool.h:25] BufferPool[IO-0_Write]: Allocate new buffer, current buffer count is 10
I1102 18:13:07.077893 IO-0/EL  buffer_pool.h:25] BufferPool[IO-0_Write]: Allocate new buffer, current buffer count is 11
I1102 18:13:07.077904 IO-0/EL  buffer_pool.h:25] BufferPool[IO-0_Write]: Allocate new buffer, current buffer count is 12
I1102 18:13:07.077915 IO-0/EL  buffer_pool.h:25] BufferPool[IO-0_Write]: Allocate new buffer, current buffer count is 13
I1102 18:13:07.077927 IO-0/EL  buffer_pool.h:25] BufferPool[IO-0_Write]: Allocate new buffer, current buffer count is 14
I1102 18:13:07.077941 IO-0/EL  buffer_pool.h:25] BufferPool[IO-0_Write]: Allocate new buffer, current buffer count is 15
I1102 18:13:07.077953 IO-0/EL  buffer_pool.h:25] BufferPool[IO-0_Write]: Allocate new buffer, current buffer count is 16
I1102 18:13:07.077968 IO-0/EL  buffer_pool.h:25] BufferPool[IO-0_Write]: Allocate new buffer, current buffer count is 17
I1102 18:13:07.077991 IO-0/EL  buffer_pool.h:25] BufferPool[IO-0_Write]: Allocate new buffer, current buffer count is 18
I1102 18:13:08.717670 IO-0/EL  buffer_pool.h:25] BufferPool[IO-0_Write]: Allocate new buffer, current buffer count is 19
I1102 18:13:08.717701 IO-0/EL  buffer_pool.h:25] BufferPool[IO-0_Write]: Allocate new buffer, current buffer count is 20
I1102 18:13:08.717720 IO-0/EL  buffer_pool.h:25] BufferPool[IO-0_Write]: Allocate new buffer, current buffer count is 21
I1102 18:13:08.717731 IO-0/EL  buffer_pool.h:25] BufferPool[IO-0_Write]: Allocate new buffer, current buffer count is 22
I1102 18:13:08.717741 IO-0/EL  buffer_pool.h:25] BufferPool[IO-0_Write]: Allocate new buffer, current buffer count is 23
I1102 18:13:08.717755 IO-0/EL  buffer_pool.h:25] BufferPool[IO-0_Write]: Allocate new buffer, current buffer count is 24
I1102 18:13:08.717765 IO-0/EL  buffer_pool.h:25] BufferPool[IO-0_Write]: Allocate new buffer, current buffer count is 25
I1102 18:13:08.717782 IO-0/EL  buffer_pool.h:25] BufferPool[IO-0_Write]: Allocate new buffer, current buffer count is 26
I1102 18:13:08.717792 IO-0/EL  buffer_pool.h:25] BufferPool[IO-0_Write]: Allocate new buffer, current buffer count is 27
I1102 18:13:08.717806 IO-0/EL  buffer_pool.h:25] BufferPool[IO-0_Write]: Allocate new buffer, current buffer count is 28
I1102 18:13:08.717822 IO-0/EL  buffer_pool.h:25] BufferPool[IO-0_Write]: Allocate new buffer, current buffer count is 29
I1102 18:13:08.717832 IO-0/EL  buffer_pool.h:25] BufferPool[IO-0_Write]: Allocate new buffer, current buffer count is 30
I1102 18:13:08.717846 IO-0/EL  buffer_pool.h:25] BufferPool[IO-0_Write]: Allocate new buffer, current buffer count is 31
I1102 18:13:08.717855 IO-0/EL  buffer_pool.h:25] BufferPool[IO-0_Write]: Allocate new buffer, current buffer count is 32
I1102 18:13:08.717880 IO-0/EL  buffer_pool.h:25] BufferPool[IO-0_Write]: Allocate new buffer, current buffer count is 33
I1102 18:13:08.717892 IO-0/EL  buffer_pool.h:25] BufferPool[IO-0_Write]: Allocate new buffer, current buffer count is 34
I1102 18:13:10.462567 Main     server_base.cpp:35] Server: Scheduled to stop
I1102 18:13:10.462760 Server/E server_base.cpp:109] Server: Start stopping process
I1102 18:13:10.462810 IO-0/EL  message_connection.cpp:284] LauncherConnection[1]: Connection closed remotely
