I1102 17:52:02.430748 Main     thread.cpp:100] Register main thread: tid=1366578
E1102 17:52:02.430977 Main     docker.cpp:59] Cannot find docker's cgroup in /proc/self/cgroup
I1102 17:52:02.431032 Main     func_config.cpp:135] Load configuration for function Noop[1]
I1102 17:52:02.431042 Main     engine.cpp:109] Engine: Start 1 IO workers
I1102 17:52:02.434318 IO-0/EL  thread.cpp:40] Start thread: IO-0/EL
I1102 17:52:02.434369 IO-0/EL  io_worker.cpp:192] IO-0: Event loop starts
Checking for file descriptor...
Got a file descriptor!
I1102 17:52:04.350033 Main     engine.cpp:180] Engine: Created 1 Machnet connections to Gateway at 10.10.1.2:10007
I1102 17:52:04.350103 Main     engine.cpp:208] Engine: Listen on /dev/shm/faas_ipc/engine.sock for IPC connections
I1102 17:52:04.350318 Server/E thread.cpp:40] Start thread: Server/EL
I1102 17:52:04.350432 Server/E server_base.cpp:50] Server: Event loop starts
I1102 17:52:04.432545 Server/E engine.cpp:674] Engine: New message connection
I1102 17:52:04.435816 IO-0/EL  buffer_pool.h:25] BufferPool[IO-0_Read]: Allocate new buffer, current buffer count is 1
I1102 17:52:04.435847 IO-0/EL  engine.cpp:277] Engine: Receive new handshake message from message connection
I1102 17:52:04.435853 IO-0/EL  worker_manager.cpp:23] WorkerManager: Launcher of func_id 1 connected
I1102 17:52:04.435857 IO-0/EL  worker_manager.cpp:131] WorkerManager: Request new FuncWorker for func_id 1 with client_id 1
I1102 17:52:04.435877 IO-0/EL  worker_manager.cpp:131] WorkerManager: Request new FuncWorker for func_id 1 with client_id 2
I1102 17:52:04.435903 IO-0/EL  buffer_pool.h:25] BufferPool[IO-0_Write]: Allocate new buffer, current buffer count is 1
I1102 17:52:04.435912 IO-0/EL  message_connection.cpp:269] LauncherConnection[1]: Handshake done
I1102 17:52:04.440036 Server/E engine.cpp:674] Engine: New message connection
I1102 17:52:04.440063 IO-0/EL  engine.cpp:277] Engine: Receive new handshake message from message connection
I1102 17:52:04.440068 IO-0/EL  worker_manager.cpp:60] WorkerManager: FuncWorker of func_id 1, client_id 1 connected
I1102 17:52:04.440083 IO-0/EL  dispatcher.cpp:47] Dispatcher[1]: min_workers=2
I1102 17:52:04.440087 IO-0/EL  dispatcher.cpp:51] Dispatcher[1]: max_workers=2
I1102 17:52:04.440108 IO-0/EL  message_connection.cpp:269] FuncWorkerConnection[1-1]: Handshake done
I1102 17:52:04.440781 Server/E engine.cpp:674] Engine: New message connection
I1102 17:52:04.440802 IO-0/EL  engine.cpp:277] Engine: Receive new handshake message from message connection
I1102 17:52:04.440807 IO-0/EL  worker_manager.cpp:60] WorkerManager: FuncWorker of func_id 1, client_id 2 connected
I1102 17:52:04.440822 IO-0/EL  message_connection.cpp:269] FuncWorkerConnection[1-2]: Handshake done
I1102 17:52:07.351732 IO-0/EL  buffer_pool.h:25] BufferPool[IO-0_Write]: Allocate new buffer, current buffer count is 2
I1102 17:52:12.367773 Main     server_base.cpp:35] Server: Scheduled to stop
I1102 17:52:12.367956 Server/E server_base.cpp:109] Server: Start stopping process
I1102 17:52:12.368023 IO-0/EL  message_connection.cpp:284] LauncherConnection[1]: Connection closed remotely
