$ /users/vj2267/nightcore/benchmarks/run_bench.sh --duration 5 --workers 16 --remote vj2267@sm110p-10s10615.wisc.cloudlab.us --remote_addr 10.10.1.2 --machnet --local_machnet_ip 10.10.1.1 --mode hyperlight --target_rps 90000

=== Nightcore Stress Test (hyperlight mode) ===
Mode: hyperlight
Function: Echo
Workers: 16
Duration: 5 seconds
Target RPS (global): 90000
Input size: 64 bytes
Inflight limit per connection: 1
Engine IO workers: 1
Gateway conns per worker: 1
Warmup: 0 seconds
Stress Client: Remote (vj2267@sm110p-10s10615.wisc.cloudlab.us)
Engine Connection Address: 10.10.1.2 (explicit)
Transport: Machnet
  Remote Machnet IP: 10.10.1.2
  Local Machnet IP: 10.10.1.1

Cleaning up any existing stress_client on remote...
Starting stress_client on remote host vj2267@sm110p-10s10615.wisc.cloudlab.us...
  Remote SSH process PID: 1390726
  Output will be saved to: /users/vj2267/nightcore/benchmarks/outputs/stress_client_remote.txt
Waiting for remote stress_client to start...
I1102 18:55:10.865305 Main     thread.cpp:100] Register main thread: tid=1160599
I1102 18:55:10.865378 Main     stress_client.cpp:179] Using Machnet transport on 10.10.1.2:10007
I1102 18:55:10.865382 Main     stress_client_machnet.cpp:37] Starting Machnet event-loop thread...
[Loop Thread 132551563802304] Machnet event-loop thread started
I1102 18:55:10.868593 Server/E thread.cpp:40] Start thread: Server/EL
I1102 18:55:10.868633 Server/E server_base.cpp:50] Server: Event loop starts
I1102 18:55:11.368704 Main     stress_client.cpp:43] === Nightcore Stress Test ===
I1102 18:55:11.368741 Main     stress_client.cpp:44] Function ID: 1
I1102 18:55:11.368749 Main     stress_client.cpp:45] Method ID: 0
I1102 18:55:11.368754 Main     stress_client.cpp:46] Input size: 64 bytes
I1102 18:55:11.368759 Main     stress_client.cpp:47] Global target RPS: 90000
I1102 18:55:11.368764 Main     stress_client.cpp:50] Inflight limit per connection: 1
I1102 18:55:11.368769 Main     stress_client.cpp:51] Warmup: 0s, Duration: 5s
I1102 18:55:11.368774 Main     stress_client.cpp:53] 
I1102 18:55:11.368778 Main     stress_client.cpp:54] ========================================
I1102 18:55:11.368783 Main     stress_client.cpp:57] Waiting for Engine to connect...
Checking for file descriptor...
Got a file descriptor!
Listening on Machnet 10.10.1.2:10007 for Engine connections[Loop Thread 132551563802304] Machnet listener created
Starting Engine (connecting to 10.10.1.2:10007)...
  Engine PID: 1390736
New Machnet connection created: 168427777:1024 -> 168427778:10007
[Receive Thread 132551563802304] Handshake: pinned send flow 168427778:10007 -> 168427777:1024
[Loop Thread 132551563802304] Now sending on flow 168427778:10007 -> 168427777:1024
I1102 18:55:15.372399 Main     stress_client.cpp:71] Engine connected with 1 connection(s)
I1102 18:55:15.372435 Main     stress_client.cpp:73] Global target RPS: 90000
I1102 18:55:15.372441 Main     stress_client.cpp:76] 
I1102 18:55:15.372446 Main     stress_client.cpp:79] Waiting 3 seconds for workers to initialize...
Starting Launcher with 16 workers...
All components started. Stress test will begin after warmup...

I1102 18:55:19.377773 Main     stress_common.cpp:30] [T+1s] Sent: 90912 | Completed: 90907 | Failed: 0 | Latencies: 90907
I1102 18:55:20.379984 Main     stress_common.cpp:30] [T+2s] Sent: 181847 | Completed: 181841 | Failed: 0 | Latencies: 181841
I1102 18:55:21.381380 Main     stress_common.cpp:30] [T+3s] Sent: 272763 | Completed: 272759 | Failed: 0 | Latencies: 272759
I1102 18:55:22.382974 Main     stress_common.cpp:30] [T+4s] Sent: 363677 | Completed: 363672 | Failed: 0 | Latencies: 363672
I1102 18:55:23.384689 Main     stress_common.cpp:30] [T+5s] Sent: 453632 | Completed: 453632 | Failed: 0 | Latencies: 450000
I1102 18:55:23.384725 Main     stress_client.cpp:116] 
I1102 18:55:23.385412 Main     stress_common.cpp:42] ========================================
I1102 18:55:23.385421 Main     stress_common.cpp:43] === Stress Test Results ===
I1102 18:55:23.385426 Main     stress_common.cpp:44] ========================================
I1102 18:55:23.385430 Main     stress_common.cpp:45] Transport:         Machnet
I1102 18:55:23.385437 Main     stress_common.cpp:46] Connections:       1
I1102 18:55:23.385442 Main     stress_common.cpp:47] Duration:          5.01 seconds
I1102 18:55:23.385469 Main     stress_common.cpp:48] Total Sent:        453632
I1102 18:55:23.385474 Main     stress_common.cpp:49] Total Completed:   453632 (100.00%)
I1102 18:55:23.385481 Main     stress_common.cpp:52] Total Failed:      0 (0.00%)
I1102 18:55:23.385487 Main     stress_common.cpp:55] 
I1102 18:55:23.385492 Main     stress_common.cpp:56] Throughput:        90580.9 rps
I1102 18:55:23.385498 Main     stress_common.cpp:57] 
I1102 18:55:23.430646 Main     stress_common.cpp:71] Latency (us):
I1102 18:55:23.430659 Main     stress_common.cpp:72]   Min:    28
I1102 18:55:23.430665 Main     stress_common.cpp:73]   p50:    56
I1102 18:55:23.430669 Main     stress_common.cpp:74]   p90:    62
I1102 18:55:23.430673 Main     stress_common.cpp:75]   p99:    70
I1102 18:55:23.430677 Main     stress_common.cpp:76]   p99.9:  179
I1102 18:55:23.430681 Main     stress_common.cpp:77]   Max:    2054
I1102 18:55:23.430685 Main     stress_common.cpp:82] ========================================
I1102 18:55:23.430689 Main     server_base.cpp:35] Server: Scheduled to stop
I1102 18:55:23.430816 Server/E server_base.cpp:109] Server: Start stopping process
[Loop Thread 132551563802304] Machnet event-loop thread finished
I1102 18:55:23.430989 Server/E server_base.cpp:55] Server: Event loop finishes
I1102 18:55:23.431088 Main     server_base.cpp:46] Server: Stopped

Stress test completed. Shutting down...

Copying results from remote host...
Remote stress_client output:
I1102 18:55:10.865305 Main     thread.cpp:100] Register main thread: tid=1160599
I1102 18:55:10.865378 Main     stress_client.cpp:179] Using Machnet transport on 10.10.1.2:10007
I1102 18:55:10.865382 Main     stress_client_machnet.cpp:37] Starting Machnet event-loop thread...
[Loop Thread 132551563802304] Machnet event-loop thread started
I1102 18:55:10.868593 Server/E thread.cpp:40] Start thread: Server/EL
I1102 18:55:10.868633 Server/E server_base.cpp:50] Server: Event loop starts
I1102 18:55:11.368704 Main     stress_client.cpp:43] === Nightcore Stress Test ===
I1102 18:55:11.368741 Main     stress_client.cpp:44] Function ID: 1
I1102 18:55:11.368749 Main     stress_client.cpp:45] Method ID: 0
I1102 18:55:11.368754 Main     stress_client.cpp:46] Input size: 64 bytes
I1102 18:55:11.368759 Main     stress_client.cpp:47] Global target RPS: 90000
I1102 18:55:11.368764 Main     stress_client.cpp:50] Inflight limit per connection: 1
I1102 18:55:11.368769 Main     stress_client.cpp:51] Warmup: 0s, Duration: 5s
I1102 18:55:11.368774 Main     stress_client.cpp:53] 
I1102 18:55:11.368778 Main     stress_client.cpp:54] ========================================
I1102 18:55:11.368783 Main     stress_client.cpp:57] Waiting for Engine to connect...
Checking for file descriptor...
Got a file descriptor!
Listening on Machnet 10.10.1.2:10007 for Engine connections[Loop Thread 132551563802304] Machnet listener created
New Machnet connection created: 168427777:1024 -> 168427778:10007
[Receive Thread 132551563802304] Handshake: pinned send flow 168427778:10007 -> 168427777:1024
[Loop Thread 132551563802304] Now sending on flow 168427778:10007 -> 168427777:1024
I1102 18:55:15.372399 Main     stress_client.cpp:71] Engine connected with 1 connection(s)
I1102 18:55:15.372435 Main     stress_client.cpp:73] Global target RPS: 90000
I1102 18:55:15.372441 Main     stress_client.cpp:76] 
I1102 18:55:15.372446 Main     stress_client.cpp:79] Waiting 3 seconds for workers to initialize...
I1102 18:55:19.377773 Main     stress_common.cpp:30] [T+1s] Sent: 90912 | Completed: 90907 | Failed: 0 | Latencies: 90907
I1102 18:55:20.379984 Main     stress_common.cpp:30] [T+2s] Sent: 181847 | Completed: 181841 | Failed: 0 | Latencies: 181841
I1102 18:55:21.381380 Main     stress_common.cpp:30] [T+3s] Sent: 272763 | Completed: 272759 | Failed: 0 | Latencies: 272759
I1102 18:55:22.382974 Main     stress_common.cpp:30] [T+4s] Sent: 363677 | Completed: 363672 | Failed: 0 | Latencies: 363672
I1102 18:55:23.384689 Main     stress_common.cpp:30] [T+5s] Sent: 453632 | Completed: 453632 | Failed: 0 | Latencies: 450000
I1102 18:55:23.384725 Main     stress_client.cpp:116] 
I1102 18:55:23.385412 Main     stress_common.cpp:42] ========================================
I1102 18:55:23.385421 Main     stress_common.cpp:43] === Stress Test Results ===
I1102 18:55:23.385426 Main     stress_common.cpp:44] ========================================
I1102 18:55:23.385430 Main     stress_common.cpp:45] Transport:         Machnet
I1102 18:55:23.385437 Main     stress_common.cpp:46] Connections:       1
I1102 18:55:23.385442 Main     stress_common.cpp:47] Duration:          5.01 seconds
I1102 18:55:23.385469 Main     stress_common.cpp:48] Total Sent:        453632
I1102 18:55:23.385474 Main     stress_common.cpp:49] Total Completed:   453632 (100.00%)
I1102 18:55:23.385481 Main     stress_common.cpp:52] Total Failed:      0 (0.00%)
I1102 18:55:23.385487 Main     stress_common.cpp:55] 
I1102 18:55:23.385492 Main     stress_common.cpp:56] Throughput:        90580.9 rps
I1102 18:55:23.385498 Main     stress_common.cpp:57] 
I1102 18:55:23.430646 Main     stress_common.cpp:71] Latency (us):
I1102 18:55:23.430659 Main     stress_common.cpp:72]   Min:    28
I1102 18:55:23.430665 Main     stress_common.cpp:73]   p50:    56
I1102 18:55:23.430669 Main     stress_common.cpp:74]   p90:    62
I1102 18:55:23.430673 Main     stress_common.cpp:75]   p99:    70
I1102 18:55:23.430677 Main     stress_common.cpp:76]   p99.9:  179
I1102 18:55:23.430681 Main     stress_common.cpp:77]   Max:    2054
I1102 18:55:23.430685 Main     stress_common.cpp:82] ========================================
I1102 18:55:23.430689 Main     server_base.cpp:35] Server: Scheduled to stop
I1102 18:55:23.430816 Server/E server_base.cpp:109] Server: Start stopping process
[Loop Thread 132551563802304] Machnet event-loop thread finished
I1102 18:55:23.430989 Server/E server_base.cpp:55] Server: Event loop finishes
I1102 18:55:23.431088 Main     server_base.cpp:46] Server: Stopped

Cleaning up any remaining remote stress_client processes...

Logs saved to:
  Engine:   /users/vj2267/nightcore/benchmarks/outputs/engine.log
  Launcher: /users/vj2267/nightcore/benchmarks/outputs/launcher.log
  Workers:  /users/vj2267/nightcore/benchmarks/outputs/Echo_worker_*.stdout
