I1102 18:12:28.513781 Main     thread.cpp:100] Register main thread: tid=1371779
E1102 18:12:28.513922 Main     docker.cpp:59] Cannot find docker's cgroup in /proc/self/cgroup
I1102 18:12:28.517186 Launcher thread.cpp:40] Start thread: Launcher/EL
I1102 18:12:28.517234 Launcher thread.cpp:64] Does not find cpuset setting for IO threads (can be set by FAAS_IO_THREAD_CPUSET)
I1102 18:12:28.517240 Launcher thread.cpp:82] Does not find nice setting for IO threads (can be set by FAAS_IO_THREAD_NICE)
I1102 18:12:28.517244 Launcher launcher.cpp:96] Launcher: Event loop starts
I1102 18:12:28.517263 Launcher engine_connection.cpp:93] EngineConnection: Connected to engine, start writing handshake message
I1102 18:12:28.517697 Launcher buffer_pool.h:25] BufferPool[Launcher]: Allocate new buffer, current buffer count is 1
I1102 18:12:28.517726 Launcher func_config.cpp:135] Load configuration for function Noop[1]
I1102 18:12:28.517738 Launcher engine_connection.cpp:65] EngineConnection: Handshake done
W1102 18:12:28.539476 Launcher engine_connection.cpp:166] EngineConnection: nread=0, will do nothing
I1102 18:12:36.451672 Main     launcher.cpp:44] Launcher: Scheduled to stop
E1102 18:12:36.452113 Launcher launcher.cpp:72] Launcher: Connection to engine disconnected
I1102 18:12:36.452172 Launcher launcher.cpp:44] Launcher: Scheduled to stop
W1102 18:12:36.452670 Launcher launcher.cpp:87] Launcher: Function process 0 terminated
W1102 18:12:36.452682 Launcher launcher.cpp:87] Launcher: Function process 21 terminated
W1102 18:12:36.452687 Launcher launcher.cpp:87] Launcher: Function process 15 terminated
W1102 18:12:36.452691 Launcher launcher.cpp:87] Launcher: Function process 14 terminated
W1102 18:12:36.452695 Launcher launcher.cpp:87] Launcher: Function process 11 terminated
W1102 18:12:36.452841 Launcher launcher.cpp:87] Launcher: Function process 9 terminated
W1102 18:12:36.452849 Launcher launcher.cpp:87] Launcher: Function process 6 terminated
W1102 18:12:36.453596 Launcher launcher.cpp:87] Launcher: Function process 25 terminated
W1102 18:12:36.453606 Launcher launcher.cpp:87] Launcher: Function process 12 terminated
W1102 18:12:36.453612 Launcher launcher.cpp:87] Launcher: Function process 31 terminated
W1102 18:12:36.453617 Launcher launcher.cpp:87] Launcher: Function process 30 terminated
W1102 18:12:36.453622 Launcher launcher.cpp:87] Launcher: Function process 29 terminated
W1102 18:12:36.453627 Launcher launcher.cpp:87] Launcher: Function process 28 terminated
W1102 18:12:36.453632 Launcher launcher.cpp:87] Launcher: Function process 27 terminated
W1102 18:12:36.453637 Launcher launcher.cpp:87] Launcher: Function process 26 terminated
W1102 18:12:36.453642 Launcher launcher.cpp:87] Launcher: Function process 24 terminated
W1102 18:12:36.453647 Launcher launcher.cpp:87] Launcher: Function process 23 terminated
W1102 18:12:36.453652 Launcher launcher.cpp:87] Launcher: Function process 22 terminated
W1102 18:12:36.453657 Launcher launcher.cpp:87] Launcher: Function process 20 terminated
W1102 18:12:36.453662 Launcher launcher.cpp:87] Launcher: Function process 19 terminated
W1102 18:12:36.453667 Launcher launcher.cpp:87] Launcher: Function process 18 terminated
W1102 18:12:36.453672 Launcher launcher.cpp:87] Launcher: Function process 17 terminated
W1102 18:12:36.453677 Launcher launcher.cpp:87] Launcher: Function process 16 terminated
W1102 18:12:36.453683 Launcher launcher.cpp:87] Launcher: Function process 13 terminated
W1102 18:12:36.453688 Launcher launcher.cpp:87] Launcher: Function process 10 terminated
W1102 18:12:36.453693 Launcher launcher.cpp:87] Launcher: Function process 8 terminated
W1102 18:12:36.453699 Launcher launcher.cpp:87] Launcher: Function process 7 terminated
W1102 18:12:36.453704 Launcher launcher.cpp:87] Launcher: Function process 5 terminated
W1102 18:12:36.453723 Launcher launcher.cpp:87] Launcher: Function process 4 terminated
W1102 18:12:36.453731 Launcher launcher.cpp:87] Launcher: Function process 3 terminated
W1102 18:12:36.453736 Launcher launcher.cpp:87] Launcher: Function process 2 terminated
W1102 18:12:36.453761 Launcher launcher.cpp:87] Launcher: Function process 1 terminated
I1102 18:12:36.453767 Launcher launcher.cpp:101] Launcher: Event loop finishes
I1102 18:12:36.453826 Main     launcher.cpp:68] Launcher: Stopped
