$ /users/vj2267/nightcore/benchmarks/run_bench.sh --duration 5 --workers 8 --remote vj2267@sm110p-10s10615.wisc.cloudlab.us --remote_addr 10.10.1.2 --machnet --local_machnet_ip 10.10.1.1 --mode hyperlight --target_rps 225000

=== Nightcore Stress Test (hyperlight mode) ===
Mode: hyperlight
Function: Echo
Workers: 8
Duration: 5 seconds
Target RPS (global): 225000
Input size: 64 bytes
Inflight limit per connection: 1
Engine IO workers: 1
Gateway conns per worker: 1
Warmup: 0 seconds
Stress Client: Remote (vj2267@sm110p-10s10615.wisc.cloudlab.us)
Engine Connection Address: 10.10.1.2 (explicit)
Transport: Machnet
  Remote Machnet IP: 10.10.1.2
  Local Machnet IP: 10.10.1.1

Cleaning up any existing stress_client on remote...
Starting stress_client on remote host vj2267@sm110p-10s10615.wisc.cloudlab.us...
  Remote SSH process PID: 1389619
  Output will be saved to: /users/vj2267/nightcore/benchmarks/outputs/stress_client_remote.txt
Waiting for remote stress_client to start...
I1102 18:51:46.817974 Main     thread.cpp:100] Register main thread: tid=1158092
I1102 18:51:46.818048 Main     stress_client.cpp:179] Using Machnet transport on 10.10.1.2:10007
I1102 18:51:46.818053 Main     stress_client_machnet.cpp:37] Starting Machnet event-loop thread...
[Loop Thread 140224988444352] Machnet event-loop thread started
I1102 18:51:46.821329 Server/E thread.cpp:40] Start thread: Server/EL
I1102 18:51:46.821364 Server/E server_base.cpp:50] Server: Event loop starts
I1102 18:51:47.321407 Main     stress_client.cpp:43] === Nightcore Stress Test ===
I1102 18:51:47.321428 Main     stress_client.cpp:44] Function ID: 1
I1102 18:51:47.321431 Main     stress_client.cpp:45] Method ID: 0
I1102 18:51:47.321433 Main     stress_client.cpp:46] Input size: 64 bytes
I1102 18:51:47.321435 Main     stress_client.cpp:47] Global target RPS: 225000
I1102 18:51:47.321437 Main     stress_client.cpp:50] Inflight limit per connection: 1
I1102 18:51:47.321438 Main     stress_client.cpp:51] Warmup: 0s, Duration: 5s
I1102 18:51:47.321440 Main     stress_client.cpp:53] 
I1102 18:51:47.321441 Main     stress_client.cpp:54] ========================================
I1102 18:51:47.321443 Main     stress_client.cpp:57] Waiting for Engine to connect...
Checking for file descriptor...
Got a file descriptor!
Listening on Machnet 10.10.1.2:10007 for Engine connections[Loop Thread 140224988444352] Machnet listener created
Starting Engine (connecting to 10.10.1.2:10007)...
  Engine PID: 1389673
New Machnet connection created: 168427777:1024 -> 168427778:10007
[Receive Thread 140224988444352] Handshake: pinned send flow 168427778:10007 -> 168427777:1024
[Loop Thread 140224988444352] Now sending on flow 168427778:10007 -> 168427777:1024
I1102 18:51:51.424422 Main     stress_client.cpp:71] Engine connected with 1 connection(s)
I1102 18:51:51.424438 Main     stress_client.cpp:73] Global target RPS: 225000
I1102 18:51:51.424441 Main     stress_client.cpp:76] 
I1102 18:51:51.424443 Main     stress_client.cpp:79] Waiting 3 seconds for workers to initialize...
Starting Launcher with 8 workers...
All components started. Stress test will begin after warmup...

I1102 18:51:55.435929 Main     stress_common.cpp:30] [T+1s] Sent: 250013 | Completed: 234837 | Failed: 0 | Latencies: 234837
I1102 18:51:56.441788 Main     stress_common.cpp:30] [T+2s] Sent: 500096 | Completed: 500087 | Failed: 0 | Latencies: 500087
I1102 18:51:57.445325 Main     stress_common.cpp:30] [T+3s] Sent: 750088 | Completed: 750078 | Failed: 0 | Latencies: 750078
I1102 18:51:58.455668 Main     stress_common.cpp:30] [T+4s] Sent: 1000066 | Completed: 1000057 | Failed: 0 | Latencies: 1000057
I1102 18:51:59.468368 Main     stress_common.cpp:30] [T+5s] Sent: 1242254 | Completed: 1242254 | Failed: 0 | Latencies: 1125000
I1102 18:51:59.469518 Main     stress_client.cpp:116] 
I1102 18:51:59.480559 Main     stress_common.cpp:42] ========================================
I1102 18:51:59.480569 Main     stress_common.cpp:43] === Stress Test Results ===
I1102 18:51:59.480576 Main     stress_common.cpp:44] ========================================
I1102 18:51:59.480581 Main     stress_common.cpp:45] Transport:         Machnet
I1102 18:51:59.480586 Main     stress_common.cpp:46] Connections:       1
I1102 18:51:59.480591 Main     stress_common.cpp:47] Duration:          5.04 seconds
I1102 18:51:59.480600 Main     stress_common.cpp:48] Total Sent:        1242254
I1102 18:51:59.480605 Main     stress_common.cpp:49] Total Completed:   1242254 (100.00%)
I1102 18:51:59.480610 Main     stress_common.cpp:52] Total Failed:      0 (0.00%)
I1102 18:51:59.480616 Main     stress_common.cpp:55] 
I1102 18:51:59.480620 Main     stress_common.cpp:56] Throughput:        246663.4 rps
I1102 18:51:59.480626 Main     stress_common.cpp:57] 
I1102 18:51:59.557440 Main     stress_common.cpp:71] Latency (us):
I1102 18:51:59.557449 Main     stress_common.cpp:72]   Min:    25
I1102 18:51:59.557451 Main     stress_common.cpp:73]   p50:    41
I1102 18:51:59.557453 Main     stress_common.cpp:74]   p90:    78789
I1102 18:51:59.557455 Main     stress_common.cpp:75]   p99:    96802
I1102 18:51:59.557457 Main     stress_common.cpp:76]   p99.9:  97127
I1102 18:51:59.557459 Main     stress_common.cpp:77]   Max:    97147
I1102 18:51:59.557461 Main     stress_common.cpp:82] ========================================
I1102 18:51:59.558348 Main     server_base.cpp:35] Server: Scheduled to stop
I1102 18:51:59.558402 Server/E server_base.cpp:109] Server: Start stopping process
[Loop Thread 140224988444352] Machnet event-loop thread finished
I1102 18:51:59.558591 Server/E server_base.cpp:55] Server: Event loop finishes
I1102 18:51:59.558687 Main     server_base.cpp:46] Server: Stopped

Stress test completed. Shutting down...

Copying results from remote host...
Remote stress_client output:
I1102 18:51:46.817974 Main     thread.cpp:100] Register main thread: tid=1158092
I1102 18:51:46.818048 Main     stress_client.cpp:179] Using Machnet transport on 10.10.1.2:10007
I1102 18:51:46.818053 Main     stress_client_machnet.cpp:37] Starting Machnet event-loop thread...
[Loop Thread 140224988444352] Machnet event-loop thread started
I1102 18:51:46.821329 Server/E thread.cpp:40] Start thread: Server/EL
I1102 18:51:46.821364 Server/E server_base.cpp:50] Server: Event loop starts
I1102 18:51:47.321407 Main     stress_client.cpp:43] === Nightcore Stress Test ===
I1102 18:51:47.321428 Main     stress_client.cpp:44] Function ID: 1
I1102 18:51:47.321431 Main     stress_client.cpp:45] Method ID: 0
I1102 18:51:47.321433 Main     stress_client.cpp:46] Input size: 64 bytes
I1102 18:51:47.321435 Main     stress_client.cpp:47] Global target RPS: 225000
I1102 18:51:47.321437 Main     stress_client.cpp:50] Inflight limit per connection: 1
I1102 18:51:47.321438 Main     stress_client.cpp:51] Warmup: 0s, Duration: 5s
I1102 18:51:47.321440 Main     stress_client.cpp:53] 
I1102 18:51:47.321441 Main     stress_client.cpp:54] ========================================
I1102 18:51:47.321443 Main     stress_client.cpp:57] Waiting for Engine to connect...
Checking for file descriptor...
Got a file descriptor!
Listening on Machnet 10.10.1.2:10007 for Engine connections[Loop Thread 140224988444352] Machnet listener created
New Machnet connection created: 168427777:1024 -> 168427778:10007
[Receive Thread 140224988444352] Handshake: pinned send flow 168427778:10007 -> 168427777:1024
[Loop Thread 140224988444352] Now sending on flow 168427778:10007 -> 168427777:1024
I1102 18:51:51.424422 Main     stress_client.cpp:71] Engine connected with 1 connection(s)
I1102 18:51:51.424438 Main     stress_client.cpp:73] Global target RPS: 225000
I1102 18:51:51.424441 Main     stress_client.cpp:76] 
I1102 18:51:51.424443 Main     stress_client.cpp:79] Waiting 3 seconds for workers to initialize...
I1102 18:51:55.435929 Main     stress_common.cpp:30] [T+1s] Sent: 250013 | Completed: 234837 | Failed: 0 | Latencies: 234837
I1102 18:51:56.441788 Main     stress_common.cpp:30] [T+2s] Sent: 500096 | Completed: 500087 | Failed: 0 | Latencies: 500087
I1102 18:51:57.445325 Main     stress_common.cpp:30] [T+3s] Sent: 750088 | Completed: 750078 | Failed: 0 | Latencies: 750078
I1102 18:51:58.455668 Main     stress_common.cpp:30] [T+4s] Sent: 1000066 | Completed: 1000057 | Failed: 0 | Latencies: 1000057
I1102 18:51:59.468368 Main     stress_common.cpp:30] [T+5s] Sent: 1242254 | Completed: 1242254 | Failed: 0 | Latencies: 1125000
I1102 18:51:59.469518 Main     stress_client.cpp:116] 
I1102 18:51:59.480559 Main     stress_common.cpp:42] ========================================
I1102 18:51:59.480569 Main     stress_common.cpp:43] === Stress Test Results ===
I1102 18:51:59.480576 Main     stress_common.cpp:44] ========================================
I1102 18:51:59.480581 Main     stress_common.cpp:45] Transport:         Machnet
I1102 18:51:59.480586 Main     stress_common.cpp:46] Connections:       1
I1102 18:51:59.480591 Main     stress_common.cpp:47] Duration:          5.04 seconds
I1102 18:51:59.480600 Main     stress_common.cpp:48] Total Sent:        1242254
I1102 18:51:59.480605 Main     stress_common.cpp:49] Total Completed:   1242254 (100.00%)
I1102 18:51:59.480610 Main     stress_common.cpp:52] Total Failed:      0 (0.00%)
I1102 18:51:59.480616 Main     stress_common.cpp:55] 
I1102 18:51:59.480620 Main     stress_common.cpp:56] Throughput:        246663.4 rps
I1102 18:51:59.480626 Main     stress_common.cpp:57] 
I1102 18:51:59.557440 Main     stress_common.cpp:71] Latency (us):
I1102 18:51:59.557449 Main     stress_common.cpp:72]   Min:    25
I1102 18:51:59.557451 Main     stress_common.cpp:73]   p50:    41
I1102 18:51:59.557453 Main     stress_common.cpp:74]   p90:    78789
I1102 18:51:59.557455 Main     stress_common.cpp:75]   p99:    96802
I1102 18:51:59.557457 Main     stress_common.cpp:76]   p99.9:  97127
I1102 18:51:59.557459 Main     stress_common.cpp:77]   Max:    97147
I1102 18:51:59.557461 Main     stress_common.cpp:82] ========================================
I1102 18:51:59.558348 Main     server_base.cpp:35] Server: Scheduled to stop
I1102 18:51:59.558402 Server/E server_base.cpp:109] Server: Start stopping process
[Loop Thread 140224988444352] Machnet event-loop thread finished
I1102 18:51:59.558591 Server/E server_base.cpp:55] Server: Event loop finishes
I1102 18:51:59.558687 Main     server_base.cpp:46] Server: Stopped

Cleaning up any remaining remote stress_client processes...

Logs saved to:
  Engine:   /users/vj2267/nightcore/benchmarks/outputs/engine.log
  Launcher: /users/vj2267/nightcore/benchmarks/outputs/launcher.log
  Workers:  /users/vj2267/nightcore/benchmarks/outputs/Echo_worker_*.stdout
