I1102 18:17:32.468699 Main     thread.cpp:100] Register main thread: tid=1373496
E1102 18:17:32.469386 Main     docker.cpp:59] Cannot find docker's cgroup in /proc/self/cgroup
I1102 18:17:32.469441 Main     func_config.cpp:135] Load configuration for function Noop[1]
I1102 18:17:32.469452 Main     engine.cpp:109] Engine: Start 1 IO workers
I1102 18:17:32.472722 IO-0/EL  thread.cpp:40] Start thread: IO-0/EL
I1102 18:17:32.472770 IO-0/EL  io_worker.cpp:192] IO-0: Event loop starts
Checking for file descriptor...
Got a file descriptor!
I1102 18:17:34.355454 Main     engine.cpp:180] Engine: Created 1 Machnet connections to Gateway at 10.10.1.2:10007
I1102 18:17:34.355576 Main     engine.cpp:208] Engine: Listen on /dev/shm/faas_ipc/engine.sock for IPC connections
I1102 18:17:34.355778 Server/E thread.cpp:40] Start thread: Server/EL
I1102 18:17:34.355901 Server/E server_base.cpp:50] Server: Event loop starts
I1102 18:17:34.470145 Server/E engine.cpp:674] Engine: New message connection
I1102 18:17:34.473414 IO-0/EL  buffer_pool.h:25] BufferPool[IO-0_Read]: Allocate new buffer, current buffer count is 1
I1102 18:17:34.473438 IO-0/EL  engine.cpp:277] Engine: Receive new handshake message from message connection
I1102 18:17:34.473443 IO-0/EL  worker_manager.cpp:23] WorkerManager: Launcher of func_id 1 connected
I1102 18:17:34.473446 IO-0/EL  worker_manager.cpp:131] WorkerManager: Request new FuncWorker for func_id 1 with client_id 1
I1102 18:17:34.473462 IO-0/EL  worker_manager.cpp:131] WorkerManager: Request new FuncWorker for func_id 1 with client_id 2
I1102 18:17:34.473471 IO-0/EL  worker_manager.cpp:131] WorkerManager: Request new FuncWorker for func_id 1 with client_id 3
I1102 18:17:34.473478 IO-0/EL  worker_manager.cpp:131] WorkerManager: Request new FuncWorker for func_id 1 with client_id 4
I1102 18:17:34.473485 IO-0/EL  worker_manager.cpp:131] WorkerManager: Request new FuncWorker for func_id 1 with client_id 5
I1102 18:17:34.473492 IO-0/EL  worker_manager.cpp:131] WorkerManager: Request new FuncWorker for func_id 1 with client_id 6
I1102 18:17:34.473501 IO-0/EL  worker_manager.cpp:131] WorkerManager: Request new FuncWorker for func_id 1 with client_id 7
I1102 18:17:34.473509 IO-0/EL  worker_manager.cpp:131] WorkerManager: Request new FuncWorker for func_id 1 with client_id 8
I1102 18:17:34.473518 IO-0/EL  worker_manager.cpp:131] WorkerManager: Request new FuncWorker for func_id 1 with client_id 9
I1102 18:17:34.473526 IO-0/EL  worker_manager.cpp:131] WorkerManager: Request new FuncWorker for func_id 1 with client_id 10
I1102 18:17:34.473534 IO-0/EL  worker_manager.cpp:131] WorkerManager: Request new FuncWorker for func_id 1 with client_id 11
I1102 18:17:34.473541 IO-0/EL  worker_manager.cpp:131] WorkerManager: Request new FuncWorker for func_id 1 with client_id 12
I1102 18:17:34.473550 IO-0/EL  worker_manager.cpp:131] WorkerManager: Request new FuncWorker for func_id 1 with client_id 13
I1102 18:17:34.473556 IO-0/EL  worker_manager.cpp:131] WorkerManager: Request new FuncWorker for func_id 1 with client_id 14
I1102 18:17:34.473563 IO-0/EL  worker_manager.cpp:131] WorkerManager: Request new FuncWorker for func_id 1 with client_id 15
I1102 18:17:34.473571 IO-0/EL  worker_manager.cpp:131] WorkerManager: Request new FuncWorker for func_id 1 with client_id 16
I1102 18:17:34.473578 IO-0/EL  worker_manager.cpp:131] WorkerManager: Request new FuncWorker for func_id 1 with client_id 17
I1102 18:17:34.473592 IO-0/EL  worker_manager.cpp:131] WorkerManager: Request new FuncWorker for func_id 1 with client_id 18
I1102 18:17:34.473599 IO-0/EL  worker_manager.cpp:131] WorkerManager: Request new FuncWorker for func_id 1 with client_id 19
I1102 18:17:34.473607 IO-0/EL  worker_manager.cpp:131] WorkerManager: Request new FuncWorker for func_id 1 with client_id 20
I1102 18:17:34.473615 IO-0/EL  worker_manager.cpp:131] WorkerManager: Request new FuncWorker for func_id 1 with client_id 21
I1102 18:17:34.473623 IO-0/EL  worker_manager.cpp:131] WorkerManager: Request new FuncWorker for func_id 1 with client_id 22
I1102 18:17:34.473631 IO-0/EL  worker_manager.cpp:131] WorkerManager: Request new FuncWorker for func_id 1 with client_id 23
I1102 18:17:34.473654 IO-0/EL  worker_manager.cpp:131] WorkerManager: Request new FuncWorker for func_id 1 with client_id 24
I1102 18:17:34.473662 IO-0/EL  worker_manager.cpp:131] WorkerManager: Request new FuncWorker for func_id 1 with client_id 25
I1102 18:17:34.473668 IO-0/EL  worker_manager.cpp:131] WorkerManager: Request new FuncWorker for func_id 1 with client_id 26
I1102 18:17:34.473675 IO-0/EL  worker_manager.cpp:131] WorkerManager: Request new FuncWorker for func_id 1 with client_id 27
I1102 18:17:34.473684 IO-0/EL  worker_manager.cpp:131] WorkerManager: Request new FuncWorker for func_id 1 with client_id 28
I1102 18:17:34.473693 IO-0/EL  worker_manager.cpp:131] WorkerManager: Request new FuncWorker for func_id 1 with client_id 29
I1102 18:17:34.473700 IO-0/EL  worker_manager.cpp:131] WorkerManager: Request new FuncWorker for func_id 1 with client_id 30
I1102 18:17:34.473707 IO-0/EL  worker_manager.cpp:131] WorkerManager: Request new FuncWorker for func_id 1 with client_id 31
I1102 18:17:34.473722 IO-0/EL  worker_manager.cpp:131] WorkerManager: Request new FuncWorker for func_id 1 with client_id 32
I1102 18:17:34.473729 IO-0/EL  worker_manager.cpp:131] WorkerManager: Request new FuncWorker for func_id 1 with client_id 33
I1102 18:17:34.473756 IO-0/EL  worker_manager.cpp:131] WorkerManager: Request new FuncWorker for func_id 1 with client_id 34
I1102 18:17:34.473764 IO-0/EL  worker_manager.cpp:131] WorkerManager: Request new FuncWorker for func_id 1 with client_id 35
I1102 18:17:34.473774 IO-0/EL  worker_manager.cpp:131] WorkerManager: Request new FuncWorker for func_id 1 with client_id 36
I1102 18:17:34.473781 IO-0/EL  worker_manager.cpp:131] WorkerManager: Request new FuncWorker for func_id 1 with client_id 37
I1102 18:17:34.473788 IO-0/EL  worker_manager.cpp:131] WorkerManager: Request new FuncWorker for func_id 1 with client_id 38
I1102 18:17:34.473796 IO-0/EL  worker_manager.cpp:131] WorkerManager: Request new FuncWorker for func_id 1 with client_id 39
I1102 18:17:34.473804 IO-0/EL  worker_manager.cpp:131] WorkerManager: Request new FuncWorker for func_id 1 with client_id 40
I1102 18:17:34.473811 IO-0/EL  worker_manager.cpp:131] WorkerManager: Request new FuncWorker for func_id 1 with client_id 41
I1102 18:17:34.473818 IO-0/EL  worker_manager.cpp:131] WorkerManager: Request new FuncWorker for func_id 1 with client_id 42
I1102 18:17:34.473826 IO-0/EL  worker_manager.cpp:131] WorkerManager: Request new FuncWorker for func_id 1 with client_id 43
I1102 18:17:34.473834 IO-0/EL  worker_manager.cpp:131] WorkerManager: Request new FuncWorker for func_id 1 with client_id 44
I1102 18:17:34.473841 IO-0/EL  worker_manager.cpp:131] WorkerManager: Request new FuncWorker for func_id 1 with client_id 45
I1102 18:17:34.473849 IO-0/EL  worker_manager.cpp:131] WorkerManager: Request new FuncWorker for func_id 1 with client_id 46
I1102 18:17:34.473856 IO-0/EL  worker_manager.cpp:131] WorkerManager: Request new FuncWorker for func_id 1 with client_id 47
I1102 18:17:34.473865 IO-0/EL  worker_manager.cpp:131] WorkerManager: Request new FuncWorker for func_id 1 with client_id 48
I1102 18:17:34.473872 IO-0/EL  worker_manager.cpp:131] WorkerManager: Request new FuncWorker for func_id 1 with client_id 49
I1102 18:17:34.473878 IO-0/EL  worker_manager.cpp:131] WorkerManager: Request new FuncWorker for func_id 1 with client_id 50
I1102 18:17:34.473887 IO-0/EL  worker_manager.cpp:131] WorkerManager: Request new FuncWorker for func_id 1 with client_id 51
I1102 18:17:34.473895 IO-0/EL  worker_manager.cpp:131] WorkerManager: Request new FuncWorker for func_id 1 with client_id 52
I1102 18:17:34.473902 IO-0/EL  worker_manager.cpp:131] WorkerManager: Request new FuncWorker for func_id 1 with client_id 53
I1102 18:17:34.473910 IO-0/EL  worker_manager.cpp:131] WorkerManager: Request new FuncWorker for func_id 1 with client_id 54
I1102 18:17:34.473917 IO-0/EL  worker_manager.cpp:131] WorkerManager: Request new FuncWorker for func_id 1 with client_id 55
I1102 18:17:34.473925 IO-0/EL  worker_manager.cpp:131] WorkerManager: Request new FuncWorker for func_id 1 with client_id 56
I1102 18:17:34.473937 IO-0/EL  worker_manager.cpp:131] WorkerManager: Request new FuncWorker for func_id 1 with client_id 57
I1102 18:17:34.473945 IO-0/EL  worker_manager.cpp:131] WorkerManager: Request new FuncWorker for func_id 1 with client_id 58
I1102 18:17:34.473952 IO-0/EL  worker_manager.cpp:131] WorkerManager: Request new FuncWorker for func_id 1 with client_id 59
I1102 18:17:34.473960 IO-0/EL  worker_manager.cpp:131] WorkerManager: Request new FuncWorker for func_id 1 with client_id 60
I1102 18:17:34.473968 IO-0/EL  worker_manager.cpp:131] WorkerManager: Request new FuncWorker for func_id 1 with client_id 61
I1102 18:17:34.473975 IO-0/EL  worker_manager.cpp:131] WorkerManager: Request new FuncWorker for func_id 1 with client_id 62
I1102 18:17:34.473981 IO-0/EL  worker_manager.cpp:131] WorkerManager: Request new FuncWorker for func_id 1 with client_id 63
I1102 18:17:34.473988 IO-0/EL  worker_manager.cpp:131] WorkerManager: Request new FuncWorker for func_id 1 with client_id 64
I1102 18:17:34.474030 IO-0/EL  buffer_pool.h:25] BufferPool[IO-0_Write]: Allocate new buffer, current buffer count is 1
I1102 18:17:34.474052 IO-0/EL  message_connection.cpp:269] LauncherConnection[1]: Handshake done
I1102 18:17:34.478658 Server/E engine.cpp:674] Engine: New message connection
I1102 18:17:34.478722 IO-0/EL  engine.cpp:277] Engine: Receive new handshake message from message connection
I1102 18:17:34.478722 Server/E engine.cpp:674] Engine: New message connection
I1102 18:17:34.478731 IO-0/EL  worker_manager.cpp:60] WorkerManager: FuncWorker of func_id 1, client_id 2 connected
I1102 18:17:34.478783 IO-0/EL  dispatcher.cpp:47] Dispatcher[1]: min_workers=64
I1102 18:17:34.478787 IO-0/EL  dispatcher.cpp:51] Dispatcher[1]: max_workers=64
I1102 18:17:34.478809 IO-0/EL  message_connection.cpp:269] FuncWorkerConnection[1-2]: Handshake done
I1102 18:17:34.478825 IO-0/EL  engine.cpp:277] Engine: Receive new handshake message from message connection
I1102 18:17:34.478829 IO-0/EL  worker_manager.cpp:60] WorkerManager: FuncWorker of func_id 1, client_id 1 connected
I1102 18:17:34.478841 IO-0/EL  message_connection.cpp:269] FuncWorkerConnection[1-1]: Handshake done
I1102 18:17:34.479494 Server/E engine.cpp:674] Engine: New message connection
I1102 18:17:34.479579 IO-0/EL  engine.cpp:277] Engine: Receive new handshake message from message connection
I1102 18:17:34.479584 IO-0/EL  worker_manager.cpp:60] WorkerManager: FuncWorker of func_id 1, client_id 3 connected
I1102 18:17:34.479595 IO-0/EL  message_connection.cpp:269] FuncWorkerConnection[1-3]: Handshake done
I1102 18:17:34.480355 Server/E engine.cpp:674] Engine: New message connection
I1102 18:17:34.480427 IO-0/EL  engine.cpp:277] Engine: Receive new handshake message from message connection
I1102 18:17:34.480433 IO-0/EL  worker_manager.cpp:60] WorkerManager: FuncWorker of func_id 1, client_id 4 connected
I1102 18:17:34.480446 IO-0/EL  message_connection.cpp:269] FuncWorkerConnection[1-4]: Handshake done
I1102 18:17:34.481925 Server/E engine.cpp:674] Engine: New message connection
I1102 18:17:34.481950 IO-0/EL  engine.cpp:277] Engine: Receive new handshake message from message connection
I1102 18:17:34.481954 IO-0/EL  worker_manager.cpp:60] WorkerManager: FuncWorker of func_id 1, client_id 5 connected
I1102 18:17:34.481965 IO-0/EL  message_connection.cpp:269] FuncWorkerConnection[1-5]: Handshake done
I1102 18:17:34.482350 Server/E engine.cpp:674] Engine: New message connection
I1102 18:17:34.482384 IO-0/EL  engine.cpp:277] Engine: Receive new handshake message from message connection
I1102 18:17:34.482387 IO-0/EL  worker_manager.cpp:60] WorkerManager: FuncWorker of func_id 1, client_id 6 connected
I1102 18:17:34.482399 IO-0/EL  message_connection.cpp:269] FuncWorkerConnection[1-6]: Handshake done
I1102 18:17:34.485286 Server/E engine.cpp:674] Engine: New message connection
I1102 18:17:34.485324 IO-0/EL  engine.cpp:277] Engine: Receive new handshake message from message connection
I1102 18:17:34.485337 IO-0/EL  worker_manager.cpp:60] WorkerManager: FuncWorker of func_id 1, client_id 7 connected
I1102 18:17:34.485349 IO-0/EL  message_connection.cpp:269] FuncWorkerConnection[1-7]: Handshake done
I1102 18:17:34.486111 Server/E engine.cpp:674] Engine: New message connection
I1102 18:17:34.486160 IO-0/EL  engine.cpp:277] Engine: Receive new handshake message from message connection
I1102 18:17:34.486164 IO-0/EL  worker_manager.cpp:60] WorkerManager: FuncWorker of func_id 1, client_id 9 connected
I1102 18:17:34.486176 IO-0/EL  message_connection.cpp:269] FuncWorkerConnection[1-9]: Handshake done
I1102 18:17:34.486258 Server/E engine.cpp:674] Engine: New message connection
I1102 18:17:34.486282 IO-0/EL  engine.cpp:277] Engine: Receive new handshake message from message connection
I1102 18:17:34.486286 IO-0/EL  worker_manager.cpp:60] WorkerManager: FuncWorker of func_id 1, client_id 8 connected
I1102 18:17:34.486297 IO-0/EL  message_connection.cpp:269] FuncWorkerConnection[1-8]: Handshake done
I1102 18:17:34.486974 Server/E engine.cpp:674] Engine: New message connection
I1102 18:17:34.487025 IO-0/EL  engine.cpp:277] Engine: Receive new handshake message from message connection
I1102 18:17:34.487025 Server/E engine.cpp:674] Engine: New message connection
I1102 18:17:34.487030 IO-0/EL  worker_manager.cpp:60] WorkerManager: FuncWorker of func_id 1, client_id 11 connected
I1102 18:17:34.487063 IO-0/EL  message_connection.cpp:269] FuncWorkerConnection[1-11]: Handshake done
I1102 18:17:34.487076 IO-0/EL  engine.cpp:277] Engine: Receive new handshake message from message connection
I1102 18:17:34.487080 IO-0/EL  worker_manager.cpp:60] WorkerManager: FuncWorker of func_id 1, client_id 10 connected
I1102 18:17:34.487091 IO-0/EL  message_connection.cpp:269] FuncWorkerConnection[1-10]: Handshake done
I1102 18:17:34.487604 Server/E engine.cpp:674] Engine: New message connection
I1102 18:17:34.487649 IO-0/EL  engine.cpp:277] Engine: Receive new handshake message from message connection
I1102 18:17:34.487653 IO-0/EL  worker_manager.cpp:60] WorkerManager: FuncWorker of func_id 1, client_id 13 connected
I1102 18:17:34.487664 IO-0/EL  message_connection.cpp:269] FuncWorkerConnection[1-13]: Handshake done
I1102 18:17:34.488130 Server/E engine.cpp:674] Engine: New message connection
I1102 18:17:34.488163 IO-0/EL  engine.cpp:277] Engine: Receive new handshake message from message connection
I1102 18:17:34.488167 IO-0/EL  worker_manager.cpp:60] WorkerManager: FuncWorker of func_id 1, client_id 14 connected
I1102 18:17:34.488178 IO-0/EL  message_connection.cpp:269] FuncWorkerConnection[1-14]: Handshake done
I1102 18:17:34.488578 Server/E engine.cpp:674] Engine: New message connection
I1102 18:17:34.488603 IO-0/EL  engine.cpp:277] Engine: Receive new handshake message from message connection
I1102 18:17:34.488604 Server/E engine.cpp:674] Engine: New message connection
I1102 18:17:34.488607 IO-0/EL  worker_manager.cpp:60] WorkerManager: FuncWorker of func_id 1, client_id 12 connected
I1102 18:17:34.488629 IO-0/EL  message_connection.cpp:269] FuncWorkerConnection[1-12]: Handshake done
I1102 18:17:34.488652 IO-0/EL  engine.cpp:277] Engine: Receive new handshake message from message connection
I1102 18:17:34.488656 IO-0/EL  worker_manager.cpp:60] WorkerManager: FuncWorker of func_id 1, client_id 15 connected
I1102 18:17:34.488668 IO-0/EL  message_connection.cpp:269] FuncWorkerConnection[1-15]: Handshake done
I1102 18:17:34.488997 Server/E engine.cpp:674] Engine: New message connection
I1102 18:17:34.489030 IO-0/EL  engine.cpp:277] Engine: Receive new handshake message from message connection
I1102 18:17:34.489034 IO-0/EL  worker_manager.cpp:60] WorkerManager: FuncWorker of func_id 1, client_id 16 connected
I1102 18:17:34.489045 IO-0/EL  message_connection.cpp:269] FuncWorkerConnection[1-16]: Handshake done
I1102 18:17:34.489409 Server/E engine.cpp:674] Engine: New message connection
I1102 18:17:34.489436 IO-0/EL  engine.cpp:277] Engine: Receive new handshake message from message connection
I1102 18:17:34.489440 IO-0/EL  worker_manager.cpp:60] WorkerManager: FuncWorker of func_id 1, client_id 17 connected
I1102 18:17:34.489463 IO-0/EL  message_connection.cpp:269] FuncWorkerConnection[1-17]: Handshake done
I1102 18:17:34.489867 Server/E engine.cpp:674] Engine: New message connection
I1102 18:17:34.489896 IO-0/EL  engine.cpp:277] Engine: Receive new handshake message from message connection
I1102 18:17:34.489899 IO-0/EL  worker_manager.cpp:60] WorkerManager: FuncWorker of func_id 1, client_id 18 connected
I1102 18:17:34.489911 IO-0/EL  message_connection.cpp:269] FuncWorkerConnection[1-18]: Handshake done
I1102 18:17:34.491294 Server/E engine.cpp:674] Engine: New message connection
I1102 18:17:34.491331 IO-0/EL  engine.cpp:277] Engine: Receive new handshake message from message connection
I1102 18:17:34.491336 IO-0/EL  worker_manager.cpp:60] WorkerManager: FuncWorker of func_id 1, client_id 20 connected
I1102 18:17:34.491346 Server/E engine.cpp:674] Engine: New message connection
I1102 18:17:34.491348 IO-0/EL  message_connection.cpp:269] FuncWorkerConnection[1-20]: Handshake done
I1102 18:17:34.491370 IO-0/EL  engine.cpp:277] Engine: Receive new handshake message from message connection
I1102 18:17:34.491374 IO-0/EL  worker_manager.cpp:60] WorkerManager: FuncWorker of func_id 1, client_id 19 connected
I1102 18:17:34.491385 IO-0/EL  message_connection.cpp:269] FuncWorkerConnection[1-19]: Handshake done
I1102 18:17:34.491758 Server/E engine.cpp:674] Engine: New message connection
I1102 18:17:34.491790 IO-0/EL  engine.cpp:277] Engine: Receive new handshake message from message connection
I1102 18:17:34.491795 IO-0/EL  worker_manager.cpp:60] WorkerManager: FuncWorker of func_id 1, client_id 21 connected
I1102 18:17:34.491806 IO-0/EL  message_connection.cpp:269] FuncWorkerConnection[1-21]: Handshake done
I1102 18:17:34.492230 Server/E engine.cpp:674] Engine: New message connection
I1102 18:17:34.492257 IO-0/EL  engine.cpp:277] Engine: Receive new handshake message from message connection
I1102 18:17:34.492261 IO-0/EL  worker_manager.cpp:60] WorkerManager: FuncWorker of func_id 1, client_id 22 connected
I1102 18:17:34.492272 IO-0/EL  message_connection.cpp:269] FuncWorkerConnection[1-22]: Handshake done
I1102 18:17:34.492670 Server/E engine.cpp:674] Engine: New message connection
I1102 18:17:34.492701 IO-0/EL  engine.cpp:277] Engine: Receive new handshake message from message connection
I1102 18:17:34.492705 IO-0/EL  worker_manager.cpp:60] WorkerManager: FuncWorker of func_id 1, client_id 23 connected
I1102 18:17:34.492720 IO-0/EL  message_connection.cpp:269] FuncWorkerConnection[1-23]: Handshake done
I1102 18:17:34.493081 Server/E engine.cpp:674] Engine: New message connection
I1102 18:17:34.493107 IO-0/EL  engine.cpp:277] Engine: Receive new handshake message from message connection
I1102 18:17:34.493111 IO-0/EL  worker_manager.cpp:60] WorkerManager: FuncWorker of func_id 1, client_id 24 connected
I1102 18:17:34.493122 IO-0/EL  message_connection.cpp:269] FuncWorkerConnection[1-24]: Handshake done
I1102 18:17:34.493556 Server/E engine.cpp:674] Engine: New message connection
I1102 18:17:34.493590 IO-0/EL  engine.cpp:277] Engine: Receive new handshake message from message connection
I1102 18:17:34.493594 IO-0/EL  worker_manager.cpp:60] WorkerManager: FuncWorker of func_id 1, client_id 25 connected
I1102 18:17:34.493606 IO-0/EL  message_connection.cpp:269] FuncWorkerConnection[1-25]: Handshake done
I1102 18:17:34.494004 Server/E engine.cpp:674] Engine: New message connection
I1102 18:17:34.494033 IO-0/EL  engine.cpp:277] Engine: Receive new handshake message from message connection
I1102 18:17:34.494037 IO-0/EL  worker_manager.cpp:60] WorkerManager: FuncWorker of func_id 1, client_id 26 connected
I1102 18:17:34.494048 IO-0/EL  message_connection.cpp:269] FuncWorkerConnection[1-26]: Handshake done
I1102 18:17:34.494436 Server/E engine.cpp:674] Engine: New message connection
I1102 18:17:34.494466 IO-0/EL  engine.cpp:277] Engine: Receive new handshake message from message connection
I1102 18:17:34.494470 IO-0/EL  worker_manager.cpp:60] WorkerManager: FuncWorker of func_id 1, client_id 27 connected
I1102 18:17:34.494488 IO-0/EL  message_connection.cpp:269] FuncWorkerConnection[1-27]: Handshake done
I1102 18:17:34.494864 Server/E engine.cpp:674] Engine: New message connection
I1102 18:17:34.494898 IO-0/EL  engine.cpp:277] Engine: Receive new handshake message from message connection
I1102 18:17:34.494903 IO-0/EL  worker_manager.cpp:60] WorkerManager: FuncWorker of func_id 1, client_id 28 connected
I1102 18:17:34.494915 IO-0/EL  message_connection.cpp:269] FuncWorkerConnection[1-28]: Handshake done
I1102 18:17:34.495384 Server/E engine.cpp:674] Engine: New message connection
I1102 18:17:34.495412 IO-0/EL  engine.cpp:277] Engine: Receive new handshake message from message connection
I1102 18:17:34.495416 IO-0/EL  worker_manager.cpp:60] WorkerManager: FuncWorker of func_id 1, client_id 29 connected
I1102 18:17:34.495433 IO-0/EL  message_connection.cpp:269] FuncWorkerConnection[1-29]: Handshake done
I1102 18:17:34.495785 Server/E engine.cpp:674] Engine: New message connection
I1102 18:17:34.495817 IO-0/EL  engine.cpp:277] Engine: Receive new handshake message from message connection
I1102 18:17:34.495821 IO-0/EL  worker_manager.cpp:60] WorkerManager: FuncWorker of func_id 1, client_id 30 connected
I1102 18:17:34.495832 IO-0/EL  message_connection.cpp:269] FuncWorkerConnection[1-30]: Handshake done
I1102 18:17:34.496176 Server/E engine.cpp:674] Engine: New message connection
I1102 18:17:34.496204 IO-0/EL  engine.cpp:277] Engine: Receive new handshake message from message connection
I1102 18:17:34.496208 IO-0/EL  worker_manager.cpp:60] WorkerManager: FuncWorker of func_id 1, client_id 31 connected
I1102 18:17:34.496219 IO-0/EL  message_connection.cpp:269] FuncWorkerConnection[1-31]: Handshake done
I1102 18:17:34.496665 Server/E engine.cpp:674] Engine: New message connection
I1102 18:17:34.496698 IO-0/EL  engine.cpp:277] Engine: Receive new handshake message from message connection
I1102 18:17:34.496702 IO-0/EL  worker_manager.cpp:60] WorkerManager: FuncWorker of func_id 1, client_id 32 connected
I1102 18:17:34.496716 IO-0/EL  message_connection.cpp:269] FuncWorkerConnection[1-32]: Handshake done
I1102 18:17:34.497124 Server/E engine.cpp:674] Engine: New message connection
I1102 18:17:34.497150 IO-0/EL  engine.cpp:277] Engine: Receive new handshake message from message connection
I1102 18:17:34.497154 IO-0/EL  worker_manager.cpp:60] WorkerManager: FuncWorker of func_id 1, client_id 33 connected
I1102 18:17:34.497165 IO-0/EL  message_connection.cpp:269] FuncWorkerConnection[1-33]: Handshake done
I1102 18:17:34.497719 Server/E engine.cpp:674] Engine: New message connection
I1102 18:17:34.497752 IO-0/EL  engine.cpp:277] Engine: Receive new handshake message from message connection
I1102 18:17:34.497756 IO-0/EL  worker_manager.cpp:60] WorkerManager: FuncWorker of func_id 1, client_id 34 connected
I1102 18:17:34.497768 IO-0/EL  message_connection.cpp:269] FuncWorkerConnection[1-34]: Handshake done
I1102 18:17:34.498040 Server/E engine.cpp:674] Engine: New message connection
I1102 18:17:34.498067 IO-0/EL  engine.cpp:277] Engine: Receive new handshake message from message connection
I1102 18:17:34.498071 IO-0/EL  worker_manager.cpp:60] WorkerManager: FuncWorker of func_id 1, client_id 35 connected
I1102 18:17:34.498082 IO-0/EL  message_connection.cpp:269] FuncWorkerConnection[1-35]: Handshake done
I1102 18:17:34.498452 Server/E engine.cpp:674] Engine: New message connection
I1102 18:17:34.498483 IO-0/EL  engine.cpp:277] Engine: Receive new handshake message from message connection
I1102 18:17:34.498487 IO-0/EL  worker_manager.cpp:60] WorkerManager: FuncWorker of func_id 1, client_id 36 connected
I1102 18:17:34.498498 IO-0/EL  message_connection.cpp:269] FuncWorkerConnection[1-36]: Handshake done
I1102 18:17:34.498921 Server/E engine.cpp:674] Engine: New message connection
I1102 18:17:34.498949 IO-0/EL  engine.cpp:277] Engine: Receive new handshake message from message connection
I1102 18:17:34.498954 IO-0/EL  worker_manager.cpp:60] WorkerManager: FuncWorker of func_id 1, client_id 37 connected
I1102 18:17:34.498971 IO-0/EL  message_connection.cpp:269] FuncWorkerConnection[1-37]: Handshake done
I1102 18:17:34.499392 Server/E engine.cpp:674] Engine: New message connection
I1102 18:17:34.499430 IO-0/EL  engine.cpp:277] Engine: Receive new handshake message from message connection
I1102 18:17:34.499434 IO-0/EL  worker_manager.cpp:60] WorkerManager: FuncWorker of func_id 1, client_id 38 connected
I1102 18:17:34.499447 IO-0/EL  message_connection.cpp:269] FuncWorkerConnection[1-38]: Handshake done
I1102 18:17:34.499816 Server/E engine.cpp:674] Engine: New message connection
I1102 18:17:34.499843 IO-0/EL  engine.cpp:277] Engine: Receive new handshake message from message connection
I1102 18:17:34.499847 IO-0/EL  worker_manager.cpp:60] WorkerManager: FuncWorker of func_id 1, client_id 39 connected
I1102 18:17:34.499858 IO-0/EL  message_connection.cpp:269] FuncWorkerConnection[1-39]: Handshake done
I1102 18:17:34.500315 Server/E engine.cpp:674] Engine: New message connection
I1102 18:17:34.500343 IO-0/EL  engine.cpp:277] Engine: Receive new handshake message from message connection
I1102 18:17:34.500347 IO-0/EL  worker_manager.cpp:60] WorkerManager: FuncWorker of func_id 1, client_id 40 connected
I1102 18:17:34.500358 IO-0/EL  message_connection.cpp:269] FuncWorkerConnection[1-40]: Handshake done
I1102 18:17:34.500917 Server/E engine.cpp:674] Engine: New message connection
I1102 18:17:34.500941 IO-0/EL  engine.cpp:277] Engine: Receive new handshake message from message connection
I1102 18:17:34.500945 IO-0/EL  worker_manager.cpp:60] WorkerManager: FuncWorker of func_id 1, client_id 41 connected
I1102 18:17:34.500959 IO-0/EL  message_connection.cpp:269] FuncWorkerConnection[1-41]: Handshake done
I1102 18:17:34.501508 Server/E engine.cpp:674] Engine: New message connection
I1102 18:17:34.501539 IO-0/EL  engine.cpp:277] Engine: Receive new handshake message from message connection
I1102 18:17:34.501543 IO-0/EL  worker_manager.cpp:60] WorkerManager: FuncWorker of func_id 1, client_id 42 connected
I1102 18:17:34.501555 IO-0/EL  message_connection.cpp:269] FuncWorkerConnection[1-42]: Handshake done
I1102 18:17:34.501799 Server/E engine.cpp:674] Engine: New message connection
I1102 18:17:34.501820 IO-0/EL  engine.cpp:277] Engine: Receive new handshake message from message connection
I1102 18:17:34.501827 IO-0/EL  worker_manager.cpp:60] WorkerManager: FuncWorker of func_id 1, client_id 43 connected
I1102 18:17:34.501841 IO-0/EL  message_connection.cpp:269] FuncWorkerConnection[1-43]: Handshake done
I1102 18:17:34.502637 Server/E engine.cpp:674] Engine: New message connection
I1102 18:17:34.502656 IO-0/EL  engine.cpp:277] Engine: Receive new handshake message from message connection
I1102 18:17:34.502660 IO-0/EL  worker_manager.cpp:60] WorkerManager: FuncWorker of func_id 1, client_id 44 connected
I1102 18:17:34.502672 IO-0/EL  message_connection.cpp:269] FuncWorkerConnection[1-44]: Handshake done
I1102 18:17:34.502747 Server/E engine.cpp:674] Engine: New message connection
I1102 18:17:34.502772 IO-0/EL  engine.cpp:277] Engine: Receive new handshake message from message connection
I1102 18:17:34.502777 IO-0/EL  worker_manager.cpp:60] WorkerManager: FuncWorker of func_id 1, client_id 45 connected
I1102 18:17:34.502788 IO-0/EL  message_connection.cpp:269] FuncWorkerConnection[1-45]: Handshake done
I1102 18:17:34.503201 Server/E engine.cpp:674] Engine: New message connection
I1102 18:17:34.503218 IO-0/EL  engine.cpp:277] Engine: Receive new handshake message from message connection
I1102 18:17:34.503222 IO-0/EL  worker_manager.cpp:60] WorkerManager: FuncWorker of func_id 1, client_id 46 connected
I1102 18:17:34.503233 IO-0/EL  message_connection.cpp:269] FuncWorkerConnection[1-46]: Handshake done
I1102 18:17:34.503619 Server/E engine.cpp:674] Engine: New message connection
I1102 18:17:34.503645 IO-0/EL  engine.cpp:277] Engine: Receive new handshake message from message connection
I1102 18:17:34.503649 IO-0/EL  worker_manager.cpp:60] WorkerManager: FuncWorker of func_id 1, client_id 47 connected
I1102 18:17:34.503662 IO-0/EL  message_connection.cpp:269] FuncWorkerConnection[1-47]: Handshake done
I1102 18:17:34.504219 Server/E engine.cpp:674] Engine: New message connection
I1102 18:17:34.504238 IO-0/EL  engine.cpp:277] Engine: Receive new handshake message from message connection
I1102 18:17:34.504242 IO-0/EL  worker_manager.cpp:60] WorkerManager: FuncWorker of func_id 1, client_id 48 connected
I1102 18:17:34.504253 IO-0/EL  message_connection.cpp:269] FuncWorkerConnection[1-48]: Handshake done
I1102 18:17:34.504628 Server/E engine.cpp:674] Engine: New message connection
I1102 18:17:34.504652 IO-0/EL  engine.cpp:277] Engine: Receive new handshake message from message connection
I1102 18:17:34.504656 IO-0/EL  worker_manager.cpp:60] WorkerManager: FuncWorker of func_id 1, client_id 49 connected
I1102 18:17:34.504668 IO-0/EL  message_connection.cpp:269] FuncWorkerConnection[1-49]: Handshake done
I1102 18:17:34.505054 Server/E engine.cpp:674] Engine: New message connection
I1102 18:17:34.505073 IO-0/EL  engine.cpp:277] Engine: Receive new handshake message from message connection
I1102 18:17:34.505077 IO-0/EL  worker_manager.cpp:60] WorkerManager: FuncWorker of func_id 1, client_id 50 connected
I1102 18:17:34.505088 IO-0/EL  message_connection.cpp:269] FuncWorkerConnection[1-50]: Handshake done
I1102 18:17:34.505492 Server/E engine.cpp:674] Engine: New message connection
I1102 18:17:34.505514 IO-0/EL  engine.cpp:277] Engine: Receive new handshake message from message connection
I1102 18:17:34.505518 IO-0/EL  worker_manager.cpp:60] WorkerManager: FuncWorker of func_id 1, client_id 51 connected
I1102 18:17:34.505529 IO-0/EL  message_connection.cpp:269] FuncWorkerConnection[1-51]: Handshake done
I1102 18:17:34.505993 Server/E engine.cpp:674] Engine: New message connection
I1102 18:17:34.506014 IO-0/EL  engine.cpp:277] Engine: Receive new handshake message from message connection
I1102 18:17:34.506020 IO-0/EL  worker_manager.cpp:60] WorkerManager: FuncWorker of func_id 1, client_id 52 connected
I1102 18:17:34.506032 IO-0/EL  message_connection.cpp:269] FuncWorkerConnection[1-52]: Handshake done
I1102 18:17:34.506440 Server/E engine.cpp:674] Engine: New message connection
I1102 18:17:34.506464 IO-0/EL  engine.cpp:277] Engine: Receive new handshake message from message connection
I1102 18:17:34.506468 IO-0/EL  worker_manager.cpp:60] WorkerManager: FuncWorker of func_id 1, client_id 53 connected
I1102 18:17:34.506480 IO-0/EL  message_connection.cpp:269] FuncWorkerConnection[1-53]: Handshake done
I1102 18:17:34.506889 Server/E engine.cpp:674] Engine: New message connection
I1102 18:17:34.506908 IO-0/EL  engine.cpp:277] Engine: Receive new handshake message from message connection
I1102 18:17:34.506913 IO-0/EL  worker_manager.cpp:60] WorkerManager: FuncWorker of func_id 1, client_id 54 connected
I1102 18:17:34.506924 IO-0/EL  message_connection.cpp:269] FuncWorkerConnection[1-54]: Handshake done
I1102 18:17:34.507375 Server/E engine.cpp:674] Engine: New message connection
I1102 18:17:34.507400 IO-0/EL  engine.cpp:277] Engine: Receive new handshake message from message connection
I1102 18:17:34.507404 IO-0/EL  worker_manager.cpp:60] WorkerManager: FuncWorker of func_id 1, client_id 55 connected
I1102 18:17:34.507415 IO-0/EL  message_connection.cpp:269] FuncWorkerConnection[1-55]: Handshake done
I1102 18:17:34.507833 Server/E engine.cpp:674] Engine: New message connection
I1102 18:17:34.507860 IO-0/EL  engine.cpp:277] Engine: Receive new handshake message from message connection
I1102 18:17:34.507864 IO-0/EL  worker_manager.cpp:60] WorkerManager: FuncWorker of func_id 1, client_id 56 connected
I1102 18:17:34.507876 IO-0/EL  message_connection.cpp:269] FuncWorkerConnection[1-56]: Handshake done
I1102 18:17:34.508237 Server/E engine.cpp:674] Engine: New message connection
I1102 18:17:34.508256 IO-0/EL  engine.cpp:277] Engine: Receive new handshake message from message connection
I1102 18:17:34.508260 IO-0/EL  worker_manager.cpp:60] WorkerManager: FuncWorker of func_id 1, client_id 57 connected
I1102 18:17:34.508282 IO-0/EL  message_connection.cpp:269] FuncWorkerConnection[1-57]: Handshake done
I1102 18:17:34.508803 Server/E engine.cpp:674] Engine: New message connection
I1102 18:17:34.508825 IO-0/EL  engine.cpp:277] Engine: Receive new handshake message from message connection
I1102 18:17:34.508829 IO-0/EL  worker_manager.cpp:60] WorkerManager: FuncWorker of func_id 1, client_id 58 connected
I1102 18:17:34.508841 IO-0/EL  message_connection.cpp:269] FuncWorkerConnection[1-58]: Handshake done
I1102 18:17:34.509218 Server/E engine.cpp:674] Engine: New message connection
I1102 18:17:34.509236 IO-0/EL  engine.cpp:277] Engine: Receive new handshake message from message connection
I1102 18:17:34.509240 IO-0/EL  worker_manager.cpp:60] WorkerManager: FuncWorker of func_id 1, client_id 59 connected
I1102 18:17:34.509251 IO-0/EL  message_connection.cpp:269] FuncWorkerConnection[1-59]: Handshake done
I1102 18:17:34.509644 Server/E engine.cpp:674] Engine: New message connection
I1102 18:17:34.509668 IO-0/EL  engine.cpp:277] Engine: Receive new handshake message from message connection
I1102 18:17:34.509672 IO-0/EL  worker_manager.cpp:60] WorkerManager: FuncWorker of func_id 1, client_id 60 connected
I1102 18:17:34.509683 IO-0/EL  message_connection.cpp:269] FuncWorkerConnection[1-60]: Handshake done
I1102 18:17:34.510146 Server/E engine.cpp:674] Engine: New message connection
I1102 18:17:34.510164 IO-0/EL  engine.cpp:277] Engine: Receive new handshake message from message connection
I1102 18:17:34.510168 IO-0/EL  worker_manager.cpp:60] WorkerManager: FuncWorker of func_id 1, client_id 61 connected
I1102 18:17:34.510179 IO-0/EL  message_connection.cpp:269] FuncWorkerConnection[1-61]: Handshake done
I1102 18:17:34.510567 Server/E engine.cpp:674] Engine: New message connection
I1102 18:17:34.510591 IO-0/EL  engine.cpp:277] Engine: Receive new handshake message from message connection
I1102 18:17:34.510595 IO-0/EL  worker_manager.cpp:60] WorkerManager: FuncWorker of func_id 1, client_id 62 connected
I1102 18:17:34.510606 IO-0/EL  message_connection.cpp:269] FuncWorkerConnection[1-62]: Handshake done
I1102 18:17:34.511019 Server/E engine.cpp:674] Engine: New message connection
I1102 18:17:34.511039 IO-0/EL  engine.cpp:277] Engine: Receive new handshake message from message connection
I1102 18:17:34.511043 IO-0/EL  worker_manager.cpp:60] WorkerManager: FuncWorker of func_id 1, client_id 63 connected
I1102 18:17:34.511055 IO-0/EL  message_connection.cpp:269] FuncWorkerConnection[1-63]: Handshake done
I1102 18:17:34.511449 Server/E engine.cpp:674] Engine: New message connection
I1102 18:17:34.511470 IO-0/EL  engine.cpp:277] Engine: Receive new handshake message from message connection
I1102 18:17:34.511474 IO-0/EL  worker_manager.cpp:60] WorkerManager: FuncWorker of func_id 1, client_id 64 connected
I1102 18:17:34.511486 IO-0/EL  message_connection.cpp:269] FuncWorkerConnection[1-64]: Handshake done
I1102 18:17:38.196708 IO-0/EL  buffer_pool.h:25] BufferPool[IO-0_Write]: Allocate new buffer, current buffer count is 2
I1102 18:17:38.196739 IO-0/EL  buffer_pool.h:25] BufferPool[IO-0_Write]: Allocate new buffer, current buffer count is 3
I1102 18:17:40.655334 IO-0/EL  buffer_pool.h:25] BufferPool[IO-0_Write]: Allocate new buffer, current buffer count is 4
I1102 18:17:40.655369 IO-0/EL  buffer_pool.h:25] BufferPool[IO-0_Write]: Allocate new buffer, current buffer count is 5
I1102 18:17:40.655381 IO-0/EL  buffer_pool.h:25] BufferPool[IO-0_Write]: Allocate new buffer, current buffer count is 6
I1102 18:17:40.655393 IO-0/EL  buffer_pool.h:25] BufferPool[IO-0_Write]: Allocate new buffer, current buffer count is 7
I1102 18:17:40.655407 IO-0/EL  buffer_pool.h:25] BufferPool[IO-0_Write]: Allocate new buffer, current buffer count is 8
I1102 18:17:40.655419 IO-0/EL  buffer_pool.h:25] BufferPool[IO-0_Write]: Allocate new buffer, current buffer count is 9
I1102 18:17:40.655432 IO-0/EL  buffer_pool.h:25] BufferPool[IO-0_Write]: Allocate new buffer, current buffer count is 10
I1102 18:17:42.393634 Main     server_base.cpp:35] Server: Scheduled to stop
I1102 18:17:42.393748 IO-0/EL  message_connection.cpp:284] LauncherConnection[1]: Connection closed remotely
I1102 18:17:42.393822 Server/E server_base.cpp:109] Server: Start stopping process
I1102 18:17:42.393869 IO-0/EL  io_worker.cpp:206] IO-0: Start stopping process
I1102 18:17:42.393902 Server/E server_base.cpp:55] Server: Event loop finishes
