$ /users/vj2267/nightcore/benchmarks/run_bench.sh --duration 5 --workers 2 --remote vj2267@sm110p-10s10615.wisc.cloudlab.us --remote_addr 10.10.1.2 --machnet --local_machnet_ip 10.10.1.1 --mode noop --target_rps 200000

=== Nightcore Stress Test (noop mode) ===
Mode: noop
Function: Noop
Workers: 2
Duration: 5 seconds
Target RPS (global): 200000
Input size: 64 bytes
Inflight limit per connection: 1
Engine IO workers: 1
Gateway conns per worker: 1
Warmup: 0 seconds
Stress Client: Remote (vj2267@sm110p-10s10615.wisc.cloudlab.us)
Engine Connection Address: 10.10.1.2 (explicit)
Transport: Machnet
  Remote Machnet IP: 10.10.1.2
  Local Machnet IP: 10.10.1.1

Cleaning up any existing stress_client on remote...
Starting stress_client on remote host vj2267@sm110p-10s10615.wisc.cloudlab.us...
  Remote SSH process PID: 1367399
  Output will be saved to: /users/vj2267/nightcore/benchmarks/outputs/stress_client_remote.txt
Waiting for remote stress_client to start...
I1102 17:55:23.884450 Main     thread.cpp:100] Register main thread: tid=1116581
I1102 17:55:23.884522 Main     stress_client.cpp:179] Using Machnet transport on 10.10.1.2:10007
I1102 17:55:23.884526 Main     stress_client_machnet.cpp:37] Starting Machnet event-loop thread...
[Loop Thread 134193768036032] Machnet event-loop thread started
I1102 17:55:23.887732 Server/E thread.cpp:40] Start thread: Server/EL
I1102 17:55:23.887767 Server/E server_base.cpp:50] Server: Event loop starts
I1102 17:55:24.387844 Main     stress_client.cpp:43] === Nightcore Stress Test ===
I1102 17:55:24.387881 Main     stress_client.cpp:44] Function ID: 1
I1102 17:55:24.387889 Main     stress_client.cpp:45] Method ID: 0
I1102 17:55:24.387894 Main     stress_client.cpp:46] Input size: 64 bytes
I1102 17:55:24.387899 Main     stress_client.cpp:47] Global target RPS: 200000
I1102 17:55:24.387904 Main     stress_client.cpp:50] Inflight limit per connection: 1
I1102 17:55:24.387909 Main     stress_client.cpp:51] Warmup: 0s, Duration: 5s
I1102 17:55:24.387914 Main     stress_client.cpp:53] 
I1102 17:55:24.387918 Main     stress_client.cpp:54] ========================================
I1102 17:55:24.387922 Main     stress_client.cpp:57] Waiting for Engine to connect...
Checking for file descriptor...
Got a file descriptor!
Listening on Machnet 10.10.1.2:10007 for Engine connections[Loop Thread 134193768036032] Machnet listener created
Starting Engine (connecting to 10.10.1.2:10007)...
  Engine PID: 1367401
New Machnet connection created: 168427777:1024 -> 168427778:10007
[Receive Thread 134193768036032] Handshake: pinned send flow 168427778:10007 -> 168427777:1024
[Loop Thread 134193768036032] Now sending on flow 168427778:10007 -> 168427777:1024
I1102 17:55:28.391616 Main     stress_client.cpp:71] Engine connected with 1 connection(s)
I1102 17:55:28.391651 Main     stress_client.cpp:73] Global target RPS: 200000
I1102 17:55:28.391658 Main     stress_client.cpp:76] 
I1102 17:55:28.391662 Main     stress_client.cpp:79] Waiting 3 seconds for workers to initialize...
Starting Launcher with 2 workers...
All components started. Stress test will begin after warmup...

I1102 17:55:32.402713 Main     stress_common.cpp:30] [T+1s] Sent: 199966 | Completed: 146217 | Failed: 0 | Latencies: 146217
I1102 17:55:33.406173 Main     stress_common.cpp:30] [T+2s] Sent: 400016 | Completed: 295544 | Failed: 0 | Latencies: 295544
I1102 17:55:34.408501 Main     stress_common.cpp:30] [T+3s] Sent: 600002 | Completed: 443828 | Failed: 0 | Latencies: 443828
I1102 17:55:35.411151 Main     stress_common.cpp:30] [T+4s] Sent: 799977 | Completed: 592608 | Failed: 0 | Latencies: 592608
I1102 17:55:36.413921 Main     stress_common.cpp:30] [T+5s] Sent: 996067 | Completed: 736734 | Failed: 0 | Latencies: 736734
I1102 17:55:36.413961 Main     stress_client.cpp:116] 
I1102 17:55:36.415249 Main     stress_common.cpp:42] ========================================
I1102 17:55:36.415258 Main     stress_common.cpp:43] === Stress Test Results ===
I1102 17:55:36.415264 Main     stress_common.cpp:44] ========================================
I1102 17:55:36.415271 Main     stress_common.cpp:45] Transport:         Machnet
I1102 17:55:36.415276 Main     stress_common.cpp:46] Connections:       1
I1102 17:55:36.415281 Main     stress_common.cpp:47] Duration:          5.01 seconds
I1102 17:55:36.415308 Main     stress_common.cpp:48] Total Sent:        996067
I1102 17:55:36.415313 Main     stress_common.cpp:49] Total Completed:   737031 (73.99%)
I1102 17:55:36.415319 Main     stress_common.cpp:52] Total Failed:      0 (0.00%)
I1102 17:55:36.415326 Main     stress_common.cpp:55] 
I1102 17:55:36.415331 Main     stress_common.cpp:56] Throughput:        147027.7 rps
I1102 17:55:36.415337 Main     stress_common.cpp:57] 
I1102 17:55:36.468138 Main     stress_common.cpp:71] Latency (us):
I1102 17:55:36.468148 Main     stress_common.cpp:72]   Min:    268
I1102 17:55:36.468153 Main     stress_common.cpp:73]   p50:    651793
I1102 17:55:36.468157 Main     stress_common.cpp:74]   p90:    1179574
I1102 17:55:36.468161 Main     stress_common.cpp:75]   p99:    1305744
I1102 17:55:36.468164 Main     stress_common.cpp:76]   p99.9:  1318196
I1102 17:55:36.468167 Main     stress_common.cpp:77]   Max:    1321484
I1102 17:55:36.468171 Main     stress_common.cpp:82] ========================================
I1102 17:55:36.468175 Main     server_base.cpp:35] Server: Scheduled to stop
I1102 17:55:36.468300 Server/E server_base.cpp:109] Server: Start stopping process
[Loop Thread 134193768036032] Machnet event-loop thread finished
I1102 17:55:36.468390 Server/E server_base.cpp:55] Server: Event loop finishes
I1102 17:55:36.468502 Main     server_base.cpp:46] Server: Stopped

Stress test completed. Shutting down...

Copying results from remote host...
Remote stress_client output:
I1102 17:55:23.884450 Main     thread.cpp:100] Register main thread: tid=1116581
I1102 17:55:23.884522 Main     stress_client.cpp:179] Using Machnet transport on 10.10.1.2:10007
I1102 17:55:23.884526 Main     stress_client_machnet.cpp:37] Starting Machnet event-loop thread...
[Loop Thread 134193768036032] Machnet event-loop thread started
I1102 17:55:23.887732 Server/E thread.cpp:40] Start thread: Server/EL
I1102 17:55:23.887767 Server/E server_base.cpp:50] Server: Event loop starts
I1102 17:55:24.387844 Main     stress_client.cpp:43] === Nightcore Stress Test ===
I1102 17:55:24.387881 Main     stress_client.cpp:44] Function ID: 1
I1102 17:55:24.387889 Main     stress_client.cpp:45] Method ID: 0
I1102 17:55:24.387894 Main     stress_client.cpp:46] Input size: 64 bytes
I1102 17:55:24.387899 Main     stress_client.cpp:47] Global target RPS: 200000
I1102 17:55:24.387904 Main     stress_client.cpp:50] Inflight limit per connection: 1
I1102 17:55:24.387909 Main     stress_client.cpp:51] Warmup: 0s, Duration: 5s
I1102 17:55:24.387914 Main     stress_client.cpp:53] 
I1102 17:55:24.387918 Main     stress_client.cpp:54] ========================================
I1102 17:55:24.387922 Main     stress_client.cpp:57] Waiting for Engine to connect...
Checking for file descriptor...
Got a file descriptor!
Listening on Machnet 10.10.1.2:10007 for Engine connections[Loop Thread 134193768036032] Machnet listener created
New Machnet connection created: 168427777:1024 -> 168427778:10007
[Receive Thread 134193768036032] Handshake: pinned send flow 168427778:10007 -> 168427777:1024
[Loop Thread 134193768036032] Now sending on flow 168427778:10007 -> 168427777:1024
I1102 17:55:28.391616 Main     stress_client.cpp:71] Engine connected with 1 connection(s)
I1102 17:55:28.391651 Main     stress_client.cpp:73] Global target RPS: 200000
I1102 17:55:28.391658 Main     stress_client.cpp:76] 
I1102 17:55:28.391662 Main     stress_client.cpp:79] Waiting 3 seconds for workers to initialize...
I1102 17:55:32.402713 Main     stress_common.cpp:30] [T+1s] Sent: 199966 | Completed: 146217 | Failed: 0 | Latencies: 146217
I1102 17:55:33.406173 Main     stress_common.cpp:30] [T+2s] Sent: 400016 | Completed: 295544 | Failed: 0 | Latencies: 295544
I1102 17:55:34.408501 Main     stress_common.cpp:30] [T+3s] Sent: 600002 | Completed: 443828 | Failed: 0 | Latencies: 443828
I1102 17:55:35.411151 Main     stress_common.cpp:30] [T+4s] Sent: 799977 | Completed: 592608 | Failed: 0 | Latencies: 592608
I1102 17:55:36.413921 Main     stress_common.cpp:30] [T+5s] Sent: 996067 | Completed: 736734 | Failed: 0 | Latencies: 736734
I1102 17:55:36.413961 Main     stress_client.cpp:116] 
I1102 17:55:36.415249 Main     stress_common.cpp:42] ========================================
I1102 17:55:36.415258 Main     stress_common.cpp:43] === Stress Test Results ===
I1102 17:55:36.415264 Main     stress_common.cpp:44] ========================================
I1102 17:55:36.415271 Main     stress_common.cpp:45] Transport:         Machnet
I1102 17:55:36.415276 Main     stress_common.cpp:46] Connections:       1
I1102 17:55:36.415281 Main     stress_common.cpp:47] Duration:          5.01 seconds
I1102 17:55:36.415308 Main     stress_common.cpp:48] Total Sent:        996067
I1102 17:55:36.415313 Main     stress_common.cpp:49] Total Completed:   737031 (73.99%)
I1102 17:55:36.415319 Main     stress_common.cpp:52] Total Failed:      0 (0.00%)
I1102 17:55:36.415326 Main     stress_common.cpp:55] 
I1102 17:55:36.415331 Main     stress_common.cpp:56] Throughput:        147027.7 rps
I1102 17:55:36.415337 Main     stress_common.cpp:57] 
I1102 17:55:36.468138 Main     stress_common.cpp:71] Latency (us):
I1102 17:55:36.468148 Main     stress_common.cpp:72]   Min:    268
I1102 17:55:36.468153 Main     stress_common.cpp:73]   p50:    651793
I1102 17:55:36.468157 Main     stress_common.cpp:74]   p90:    1179574
I1102 17:55:36.468161 Main     stress_common.cpp:75]   p99:    1305744
I1102 17:55:36.468164 Main     stress_common.cpp:76]   p99.9:  1318196
I1102 17:55:36.468167 Main     stress_common.cpp:77]   Max:    1321484
I1102 17:55:36.468171 Main     stress_common.cpp:82] ========================================
I1102 17:55:36.468175 Main     server_base.cpp:35] Server: Scheduled to stop
I1102 17:55:36.468300 Server/E server_base.cpp:109] Server: Start stopping process
[Loop Thread 134193768036032] Machnet event-loop thread finished
I1102 17:55:36.468390 Server/E server_base.cpp:55] Server: Event loop finishes
I1102 17:55:36.468502 Main     server_base.cpp:46] Server: Stopped

Cleaning up any remaining remote stress_client processes...

Logs saved to:
  Engine:   /users/vj2267/nightcore/benchmarks/outputs/engine.log
  Launcher: /users/vj2267/nightcore/benchmarks/outputs/launcher.log
  Workers:  /users/vj2267/nightcore/benchmarks/outputs/Noop_worker_*.stdout
