I1102 17:55:26.563265 Main     thread.cpp:100] Register main thread: tid=1367401
E1102 17:55:26.563512 Main     docker.cpp:59] Cannot find docker's cgroup in /proc/self/cgroup
I1102 17:55:26.563560 Main     func_config.cpp:135] Load configuration for function Noop[1]
I1102 17:55:26.563571 Main     engine.cpp:109] Engine: Start 1 IO workers
I1102 17:55:26.566786 IO-0/EL  thread.cpp:40] Start thread: IO-0/EL
I1102 17:55:26.566833 IO-0/EL  io_worker.cpp:192] IO-0: Event loop starts
Checking for file descriptor...
Got a file descriptor!
I1102 17:55:28.350560 Main     engine.cpp:180] Engine: Created 1 Machnet connections to Gateway at 10.10.1.2:10007
I1102 17:55:28.350655 Main     engine.cpp:208] Engine: Listen on /dev/shm/faas_ipc/engine.sock for IPC connections
I1102 17:55:28.350905 Server/E thread.cpp:40] Start thread: Server/EL
I1102 17:55:28.351029 Server/E server_base.cpp:50] Server: Event loop starts
I1102 17:55:28.566502 Server/E engine.cpp:674] Engine: New message connection
I1102 17:55:28.569740 IO-0/EL  buffer_pool.h:25] BufferPool[IO-0_Read]: Allocate new buffer, current buffer count is 1
I1102 17:55:28.569772 IO-0/EL  engine.cpp:277] Engine: Receive new handshake message from message connection
I1102 17:55:28.569777 IO-0/EL  worker_manager.cpp:23] WorkerManager: Launcher of func_id 1 connected
I1102 17:55:28.569782 IO-0/EL  worker_manager.cpp:131] WorkerManager: Request new FuncWorker for func_id 1 with client_id 1
I1102 17:55:28.569802 IO-0/EL  worker_manager.cpp:131] WorkerManager: Request new FuncWorker for func_id 1 with client_id 2
I1102 17:55:28.569834 IO-0/EL  buffer_pool.h:25] BufferPool[IO-0_Write]: Allocate new buffer, current buffer count is 1
I1102 17:55:28.569844 IO-0/EL  message_connection.cpp:269] LauncherConnection[1]: Handshake done
I1102 17:55:28.573494 Server/E engine.cpp:674] Engine: New message connection
I1102 17:55:28.573522 IO-0/EL  engine.cpp:277] Engine: Receive new handshake message from message connection
I1102 17:55:28.573527 IO-0/EL  worker_manager.cpp:60] WorkerManager: FuncWorker of func_id 1, client_id 1 connected
I1102 17:55:28.573545 IO-0/EL  dispatcher.cpp:47] Dispatcher[1]: min_workers=2
I1102 17:55:28.573549 IO-0/EL  dispatcher.cpp:51] Dispatcher[1]: max_workers=2
I1102 17:55:28.573570 IO-0/EL  message_connection.cpp:269] FuncWorkerConnection[1-1]: Handshake done
I1102 17:55:28.576093 Server/E engine.cpp:674] Engine: New message connection
I1102 17:55:28.576115 IO-0/EL  engine.cpp:277] Engine: Receive new handshake message from message connection
I1102 17:55:28.576120 IO-0/EL  worker_manager.cpp:60] WorkerManager: FuncWorker of func_id 1, client_id 2 connected
I1102 17:55:28.576134 IO-0/EL  message_connection.cpp:269] FuncWorkerConnection[1-2]: Handshake done
I1102 17:55:31.401083 IO-0/EL  buffer_pool.h:25] BufferPool[IO-0_Write]: Allocate new buffer, current buffer count is 2
I1102 17:55:36.475084 Main     server_base.cpp:35] Server: Scheduled to stop
I1102 17:55:36.475271 IO-0/EL  message_connection.cpp:284] LauncherConnection[1]: Connection closed remotely
I1102 17:55:36.475255 Server/E server_base.cpp:109] Server: Start stopping process
I1102 17:55:36.475338 IO-0/EL  io_worker.cpp:206] IO-0: Start stopping process
