I1102 18:57:14.654487 Main     thread.cpp:100] Register main thread: tid=1391395
E1102 18:57:14.654624 Main     docker.cpp:59] Cannot find docker's cgroup in /proc/self/cgroup
I1102 18:57:14.657907 Launcher thread.cpp:40] Start thread: Launcher/EL
I1102 18:57:14.657953 Launcher thread.cpp:64] Does not find cpuset setting for IO threads (can be set by FAAS_IO_THREAD_CPUSET)
I1102 18:57:14.657959 Launcher thread.cpp:82] Does not find nice setting for IO threads (can be set by FAAS_IO_THREAD_NICE)
I1102 18:57:14.657963 Launcher launcher.cpp:96] Launcher: Event loop starts
I1102 18:57:14.657982 Launcher engine_connection.cpp:93] EngineConnection: Connected to engine, start writing handshake message
I1102 18:57:14.658233 Launcher buffer_pool.h:25] BufferPool[Launcher]: Allocate new buffer, current buffer count is 1
I1102 18:57:14.658260 Launcher func_config.cpp:135] Load configuration for function Echo[1]
I1102 18:57:14.658270 Launcher engine_connection.cpp:65] EngineConnection: Handshake done
W1102 18:57:14.670052 Launcher engine_connection.cpp:166] EngineConnection: nread=0, will do nothing
I1102 18:57:22.521845 Main     launcher.cpp:44] Launcher: Scheduled to stop
E1102 18:57:22.522093 Launcher launcher.cpp:72] Launcher: Connection to engine disconnected
I1102 18:57:22.522134 Launcher launcher.cpp:44] Launcher: Scheduled to stop
W1102 18:57:22.547024 Launcher launcher.cpp:87] Launcher: Function process 1 terminated
W1102 18:57:22.559129 Launcher launcher.cpp:87] Launcher: Function process 11 terminated
W1102 18:57:22.559142 Launcher launcher.cpp:87] Launcher: Function process 14 terminated
W1102 18:57:22.559148 Launcher launcher.cpp:87] Launcher: Function process 13 terminated
W1102 18:57:22.559158 Launcher launcher.cpp:87] Launcher: Function process 3 terminated
W1102 18:57:22.559596 Launcher launcher.cpp:87] Launcher: Function process 5 terminated
W1102 18:57:22.559604 Launcher launcher.cpp:87] Launcher: Function process 12 terminated
W1102 18:57:22.559609 Launcher launcher.cpp:87] Launcher: Function process 10 terminated
W1102 18:57:22.559614 Launcher launcher.cpp:87] Launcher: Function process 9 terminated
W1102 18:57:22.559619 Launcher launcher.cpp:87] Launcher: Function process 8 terminated
W1102 18:57:22.559624 Launcher launcher.cpp:87] Launcher: Function process 6 terminated
W1102 18:57:22.559628 Launcher launcher.cpp:87] Launcher: Function process 15 terminated
W1102 18:57:22.559633 Launcher launcher.cpp:87] Launcher: Function process 7 terminated
W1102 18:57:22.559637 Launcher launcher.cpp:87] Launcher: Function process 4 terminated
W1102 18:57:22.559642 Launcher launcher.cpp:87] Launcher: Function process 2 terminated
W1102 18:57:22.559646 Launcher launcher.cpp:87] Launcher: Function process 0 terminated
I1102 18:57:22.559651 Launcher launcher.cpp:101] Launcher: Event loop finishes
I1102 18:57:22.559723 Main     launcher.cpp:68] Launcher: Stopped
