I1102 18:22:55.820802 Main     thread.cpp:100] Register main thread: tid=1376003
E1102 18:22:55.821971 Main     docker.cpp:59] Cannot find docker's cgroup in /proc/self/cgroup
I1102 18:22:55.822033 Main     func_config.cpp:135] Load configuration for function Noop[1]
I1102 18:22:55.822044 Main     engine.cpp:109] Engine: Start 1 IO workers
I1102 18:22:55.825322 IO-0/EL  thread.cpp:40] Start thread: IO-0/EL
I1102 18:22:55.825371 IO-0/EL  io_worker.cpp:192] IO-0: Event loop starts
Checking for file descriptor...
Got a file descriptor!
I1102 18:22:57.356538 Main     engine.cpp:180] Engine: Created 1 Machnet connections to Gateway at 10.10.1.2:10007
I1102 18:22:57.356643 Main     engine.cpp:208] Engine: Listen on /dev/shm/faas_ipc/engine.sock for IPC connections
I1102 18:22:57.356856 Server/E thread.cpp:40] Start thread: Server/EL
I1102 18:22:57.356965 Server/E server_base.cpp:50] Server: Event loop starts
I1102 18:22:57.823538 Server/E engine.cpp:674] Engine: New message connection
I1102 18:22:57.826811 IO-0/EL  buffer_pool.h:25] BufferPool[IO-0_Read]: Allocate new buffer, current buffer count is 1
I1102 18:22:57.826845 IO-0/EL  engine.cpp:277] Engine: Receive new handshake message from message connection
I1102 18:22:57.826852 IO-0/EL  worker_manager.cpp:23] WorkerManager: Launcher of func_id 1 connected
I1102 18:22:57.826857 IO-0/EL  worker_manager.cpp:131] WorkerManager: Request new FuncWorker for func_id 1 with client_id 1
I1102 18:22:57.826877 IO-0/EL  worker_manager.cpp:131] WorkerManager: Request new FuncWorker for func_id 1 with client_id 2
I1102 18:22:57.826891 IO-0/EL  worker_manager.cpp:131] WorkerManager: Request new FuncWorker for func_id 1 with client_id 3
I1102 18:22:57.826902 IO-0/EL  worker_manager.cpp:131] WorkerManager: Request new FuncWorker for func_id 1 with client_id 4
I1102 18:22:57.826911 IO-0/EL  worker_manager.cpp:131] WorkerManager: Request new FuncWorker for func_id 1 with client_id 5
I1102 18:22:57.826919 IO-0/EL  worker_manager.cpp:131] WorkerManager: Request new FuncWorker for func_id 1 with client_id 6
I1102 18:22:57.826930 IO-0/EL  worker_manager.cpp:131] WorkerManager: Request new FuncWorker for func_id 1 with client_id 7
I1102 18:22:57.826940 IO-0/EL  worker_manager.cpp:131] WorkerManager: Request new FuncWorker for func_id 1 with client_id 8
I1102 18:22:57.826953 IO-0/EL  worker_manager.cpp:131] WorkerManager: Request new FuncWorker for func_id 1 with client_id 9
I1102 18:22:57.826962 IO-0/EL  worker_manager.cpp:131] WorkerManager: Request new FuncWorker for func_id 1 with client_id 10
I1102 18:22:57.826973 IO-0/EL  worker_manager.cpp:131] WorkerManager: Request new FuncWorker for func_id 1 with client_id 11
I1102 18:22:57.826984 IO-0/EL  worker_manager.cpp:131] WorkerManager: Request new FuncWorker for func_id 1 with client_id 12
I1102 18:22:57.826996 IO-0/EL  worker_manager.cpp:131] WorkerManager: Request new FuncWorker for func_id 1 with client_id 13
I1102 18:22:57.827005 IO-0/EL  worker_manager.cpp:131] WorkerManager: Request new FuncWorker for func_id 1 with client_id 14
I1102 18:22:57.827014 IO-0/EL  worker_manager.cpp:131] WorkerManager: Request new FuncWorker for func_id 1 with client_id 15
I1102 18:22:57.827025 IO-0/EL  worker_manager.cpp:131] WorkerManager: Request new FuncWorker for func_id 1 with client_id 16
I1102 18:22:57.827035 IO-0/EL  worker_manager.cpp:131] WorkerManager: Request new FuncWorker for func_id 1 with client_id 17
I1102 18:22:57.827056 IO-0/EL  worker_manager.cpp:131] WorkerManager: Request new FuncWorker for func_id 1 with client_id 18
I1102 18:22:57.827065 IO-0/EL  worker_manager.cpp:131] WorkerManager: Request new FuncWorker for func_id 1 with client_id 19
I1102 18:22:57.827076 IO-0/EL  worker_manager.cpp:131] WorkerManager: Request new FuncWorker for func_id 1 with client_id 20
I1102 18:22:57.827088 IO-0/EL  worker_manager.cpp:131] WorkerManager: Request new FuncWorker for func_id 1 with client_id 21
I1102 18:22:57.827098 IO-0/EL  worker_manager.cpp:131] WorkerManager: Request new FuncWorker for func_id 1 with client_id 22
I1102 18:22:57.827108 IO-0/EL  worker_manager.cpp:131] WorkerManager: Request new FuncWorker for func_id 1 with client_id 23
I1102 18:22:57.827135 IO-0/EL  worker_manager.cpp:131] WorkerManager: Request new FuncWorker for func_id 1 with client_id 24
I1102 18:22:57.827145 IO-0/EL  worker_manager.cpp:131] WorkerManager: Request new FuncWorker for func_id 1 with client_id 25
I1102 18:22:57.827154 IO-0/EL  worker_manager.cpp:131] WorkerManager: Request new FuncWorker for func_id 1 with client_id 26
I1102 18:22:57.827163 IO-0/EL  worker_manager.cpp:131] WorkerManager: Request new FuncWorker for func_id 1 with client_id 27
I1102 18:22:57.827176 IO-0/EL  worker_manager.cpp:131] WorkerManager: Request new FuncWorker for func_id 1 with client_id 28
I1102 18:22:57.827187 IO-0/EL  worker_manager.cpp:131] WorkerManager: Request new FuncWorker for func_id 1 with client_id 29
I1102 18:22:57.827196 IO-0/EL  worker_manager.cpp:131] WorkerManager: Request new FuncWorker for func_id 1 with client_id 30
I1102 18:22:57.827207 IO-0/EL  worker_manager.cpp:131] WorkerManager: Request new FuncWorker for func_id 1 with client_id 31
I1102 18:22:57.827216 IO-0/EL  worker_manager.cpp:131] WorkerManager: Request new FuncWorker for func_id 1 with client_id 32
I1102 18:22:57.827225 IO-0/EL  worker_manager.cpp:131] WorkerManager: Request new FuncWorker for func_id 1 with client_id 33
I1102 18:22:57.827258 IO-0/EL  worker_manager.cpp:131] WorkerManager: Request new FuncWorker for func_id 1 with client_id 34
I1102 18:22:57.827268 IO-0/EL  worker_manager.cpp:131] WorkerManager: Request new FuncWorker for func_id 1 with client_id 35
I1102 18:22:57.827281 IO-0/EL  worker_manager.cpp:131] WorkerManager: Request new FuncWorker for func_id 1 with client_id 36
I1102 18:22:57.827291 IO-0/EL  worker_manager.cpp:131] WorkerManager: Request new FuncWorker for func_id 1 with client_id 37
I1102 18:22:57.827300 IO-0/EL  worker_manager.cpp:131] WorkerManager: Request new FuncWorker for func_id 1 with client_id 38
I1102 18:22:57.827311 IO-0/EL  worker_manager.cpp:131] WorkerManager: Request new FuncWorker for func_id 1 with client_id 39
I1102 18:22:57.827321 IO-0/EL  worker_manager.cpp:131] WorkerManager: Request new FuncWorker for func_id 1 with client_id 40
I1102 18:22:57.827330 IO-0/EL  worker_manager.cpp:131] WorkerManager: Request new FuncWorker for func_id 1 with client_id 41
I1102 18:22:57.827339 IO-0/EL  worker_manager.cpp:131] WorkerManager: Request new FuncWorker for func_id 1 with client_id 42
I1102 18:22:57.827349 IO-0/EL  worker_manager.cpp:131] WorkerManager: Request new FuncWorker for func_id 1 with client_id 43
I1102 18:22:57.827361 IO-0/EL  worker_manager.cpp:131] WorkerManager: Request new FuncWorker for func_id 1 with client_id 44
I1102 18:22:57.827370 IO-0/EL  worker_manager.cpp:131] WorkerManager: Request new FuncWorker for func_id 1 with client_id 45
I1102 18:22:57.827381 IO-0/EL  worker_manager.cpp:131] WorkerManager: Request new FuncWorker for func_id 1 with client_id 46
I1102 18:22:57.827391 IO-0/EL  worker_manager.cpp:131] WorkerManager: Request new FuncWorker for func_id 1 with client_id 47
I1102 18:22:57.827402 IO-0/EL  worker_manager.cpp:131] WorkerManager: Request new FuncWorker for func_id 1 with client_id 48
I1102 18:22:57.827412 IO-0/EL  worker_manager.cpp:131] WorkerManager: Request new FuncWorker for func_id 1 with client_id 49
I1102 18:22:57.827421 IO-0/EL  worker_manager.cpp:131] WorkerManager: Request new FuncWorker for func_id 1 with client_id 50
I1102 18:22:57.827431 IO-0/EL  worker_manager.cpp:131] WorkerManager: Request new FuncWorker for func_id 1 with client_id 51
I1102 18:22:57.827443 IO-0/EL  worker_manager.cpp:131] WorkerManager: Request new FuncWorker for func_id 1 with client_id 52
I1102 18:22:57.827452 IO-0/EL  worker_manager.cpp:131] WorkerManager: Request new FuncWorker for func_id 1 with client_id 53
I1102 18:22:57.827463 IO-0/EL  worker_manager.cpp:131] WorkerManager: Request new FuncWorker for func_id 1 with client_id 54
I1102 18:22:57.827472 IO-0/EL  worker_manager.cpp:131] WorkerManager: Request new FuncWorker for func_id 1 with client_id 55
I1102 18:22:57.827483 IO-0/EL  worker_manager.cpp:131] WorkerManager: Request new FuncWorker for func_id 1 with client_id 56
I1102 18:22:57.827498 IO-0/EL  worker_manager.cpp:131] WorkerManager: Request new FuncWorker for func_id 1 with client_id 57
I1102 18:22:57.827509 IO-0/EL  worker_manager.cpp:131] WorkerManager: Request new FuncWorker for func_id 1 with client_id 58
I1102 18:22:57.827518 IO-0/EL  worker_manager.cpp:131] WorkerManager: Request new FuncWorker for func_id 1 with client_id 59
I1102 18:22:57.827530 IO-0/EL  worker_manager.cpp:131] WorkerManager: Request new FuncWorker for func_id 1 with client_id 60
I1102 18:22:57.827541 IO-0/EL  worker_manager.cpp:131] WorkerManager: Request new FuncWorker for func_id 1 with client_id 61
I1102 18:22:57.827551 IO-0/EL  worker_manager.cpp:131] WorkerManager: Request new FuncWorker for func_id 1 with client_id 62
I1102 18:22:57.827560 IO-0/EL  worker_manager.cpp:131] WorkerManager: Request new FuncWorker for func_id 1 with client_id 63
I1102 18:22:57.827569 IO-0/EL  worker_manager.cpp:131] WorkerManager: Request new FuncWorker for func_id 1 with client_id 64
I1102 18:22:57.827578 IO-0/EL  worker_manager.cpp:131] WorkerManager: Request new FuncWorker for func_id 1 with client_id 65
I1102 18:22:57.827627 IO-0/EL  worker_manager.cpp:131] WorkerManager: Request new FuncWorker for func_id 1 with client_id 66
I1102 18:22:57.827638 IO-0/EL  worker_manager.cpp:131] WorkerManager: Request new FuncWorker for func_id 1 with client_id 67
I1102 18:22:57.827647 IO-0/EL  worker_manager.cpp:131] WorkerManager: Request new FuncWorker for func_id 1 with client_id 68
I1102 18:22:57.827661 IO-0/EL  worker_manager.cpp:131] WorkerManager: Request new FuncWorker for func_id 1 with client_id 69
I1102 18:22:57.827671 IO-0/EL  worker_manager.cpp:131] WorkerManager: Request new FuncWorker for func_id 1 with client_id 70
I1102 18:22:57.827680 IO-0/EL  worker_manager.cpp:131] WorkerManager: Request new FuncWorker for func_id 1 with client_id 71
I1102 18:22:57.827689 IO-0/EL  worker_manager.cpp:131] WorkerManager: Request new FuncWorker for func_id 1 with client_id 72
I1102 18:22:57.827703 IO-0/EL  worker_manager.cpp:131] WorkerManager: Request new FuncWorker for func_id 1 with client_id 73
I1102 18:22:57.827718 IO-0/EL  worker_manager.cpp:131] WorkerManager: Request new FuncWorker for func_id 1 with client_id 74
I1102 18:22:57.827727 IO-0/EL  worker_manager.cpp:131] WorkerManager: Request new FuncWorker for func_id 1 with client_id 75
I1102 18:22:57.827739 IO-0/EL  worker_manager.cpp:131] WorkerManager: Request new FuncWorker for func_id 1 with client_id 76
I1102 18:22:57.827750 IO-0/EL  worker_manager.cpp:131] WorkerManager: Request new FuncWorker for func_id 1 with client_id 77
I1102 18:22:57.827760 IO-0/EL  worker_manager.cpp:131] WorkerManager: Request new FuncWorker for func_id 1 with client_id 78
I1102 18:22:57.827770 IO-0/EL  worker_manager.cpp:131] WorkerManager: Request new FuncWorker for func_id 1 with client_id 79
I1102 18:22:57.827779 IO-0/EL  worker_manager.cpp:131] WorkerManager: Request new FuncWorker for func_id 1 with client_id 80
I1102 18:22:57.827792 IO-0/EL  worker_manager.cpp:131] WorkerManager: Request new FuncWorker for func_id 1 with client_id 81
I1102 18:22:57.827801 IO-0/EL  worker_manager.cpp:131] WorkerManager: Request new FuncWorker for func_id 1 with client_id 82
I1102 18:22:57.827810 IO-0/EL  worker_manager.cpp:131] WorkerManager: Request new FuncWorker for func_id 1 with client_id 83
I1102 18:22:57.827821 IO-0/EL  worker_manager.cpp:131] WorkerManager: Request new FuncWorker for func_id 1 with client_id 84
I1102 18:22:57.827833 IO-0/EL  worker_manager.cpp:131] WorkerManager: Request new FuncWorker for func_id 1 with client_id 85
I1102 18:22:57.827843 IO-0/EL  worker_manager.cpp:131] WorkerManager: Request new FuncWorker for func_id 1 with client_id 86
I1102 18:22:57.827852 IO-0/EL  worker_manager.cpp:131] WorkerManager: Request new FuncWorker for func_id 1 with client_id 87
I1102 18:22:57.827864 IO-0/EL  worker_manager.cpp:131] WorkerManager: Request new FuncWorker for func_id 1 with client_id 88
I1102 18:22:57.827881 IO-0/EL  worker_manager.cpp:131] WorkerManager: Request new FuncWorker for func_id 1 with client_id 89
I1102 18:22:57.827891 IO-0/EL  worker_manager.cpp:131] WorkerManager: Request new FuncWorker for func_id 1 with client_id 90
I1102 18:22:57.827901 IO-0/EL  worker_manager.cpp:131] WorkerManager: Request new FuncWorker for func_id 1 with client_id 91
I1102 18:22:57.827911 IO-0/EL  worker_manager.cpp:131] WorkerManager: Request new FuncWorker for func_id 1 with client_id 92
I1102 18:22:57.827922 IO-0/EL  worker_manager.cpp:131] WorkerManager: Request new FuncWorker for func_id 1 with client_id 93
I1102 18:22:57.827932 IO-0/EL  worker_manager.cpp:131] WorkerManager: Request new FuncWorker for func_id 1 with client_id 94
I1102 18:22:57.827941 IO-0/EL  worker_manager.cpp:131] WorkerManager: Request new FuncWorker for func_id 1 with client_id 95
I1102 18:22:57.827952 IO-0/EL  worker_manager.cpp:131] WorkerManager: Request new FuncWorker for func_id 1 with client_id 96
I1102 18:22:57.827964 IO-0/EL  worker_manager.cpp:131] WorkerManager: Request new FuncWorker for func_id 1 with client_id 97
I1102 18:22:57.827974 IO-0/EL  worker_manager.cpp:131] WorkerManager: Request new FuncWorker for func_id 1 with client_id 98
I1102 18:22:57.827984 IO-0/EL  worker_manager.cpp:131] WorkerManager: Request new FuncWorker for func_id 1 with client_id 99
I1102 18:22:57.827993 IO-0/EL  worker_manager.cpp:131] WorkerManager: Request new FuncWorker for func_id 1 with client_id 100
I1102 18:22:57.828005 IO-0/EL  worker_manager.cpp:131] WorkerManager: Request new FuncWorker for func_id 1 with client_id 101
I1102 18:22:57.828015 IO-0/EL  worker_manager.cpp:131] WorkerManager: Request new FuncWorker for func_id 1 with client_id 102
I1102 18:22:57.828031 IO-0/EL  worker_manager.cpp:131] WorkerManager: Request new FuncWorker for func_id 1 with client_id 103
I1102 18:22:57.828041 IO-0/EL  worker_manager.cpp:131] WorkerManager: Request new FuncWorker for func_id 1 with client_id 104
I1102 18:22:57.828052 IO-0/EL  worker_manager.cpp:131] WorkerManager: Request new FuncWorker for func_id 1 with client_id 105
I1102 18:22:57.828063 IO-0/EL  worker_manager.cpp:131] WorkerManager: Request new FuncWorker for func_id 1 with client_id 106
I1102 18:22:57.828073 IO-0/EL  worker_manager.cpp:131] WorkerManager: Request new FuncWorker for func_id 1 with client_id 107
I1102 18:22:57.828082 IO-0/EL  worker_manager.cpp:131] WorkerManager: Request new FuncWorker for func_id 1 with client_id 108
I1102 18:22:57.828093 IO-0/EL  worker_manager.cpp:131] WorkerManager: Request new FuncWorker for func_id 1 with client_id 109
I1102 18:22:57.828102 IO-0/EL  worker_manager.cpp:131] WorkerManager: Request new FuncWorker for func_id 1 with client_id 110
I1102 18:22:57.828113 IO-0/EL  worker_manager.cpp:131] WorkerManager: Request new FuncWorker for func_id 1 with client_id 111
I1102 18:22:57.828122 IO-0/EL  worker_manager.cpp:131] WorkerManager: Request new FuncWorker for func_id 1 with client_id 112
I1102 18:22:57.828134 IO-0/EL  worker_manager.cpp:131] WorkerManager: Request new FuncWorker for func_id 1 with client_id 113
I1102 18:22:57.828145 IO-0/EL  worker_manager.cpp:131] WorkerManager: Request new FuncWorker for func_id 1 with client_id 114
I1102 18:22:57.828155 IO-0/EL  worker_manager.cpp:131] WorkerManager: Request new FuncWorker for func_id 1 with client_id 115
I1102 18:22:57.828164 IO-0/EL  worker_manager.cpp:131] WorkerManager: Request new FuncWorker for func_id 1 with client_id 116
I1102 18:22:57.828175 IO-0/EL  worker_manager.cpp:131] WorkerManager: Request new FuncWorker for func_id 1 with client_id 117
I1102 18:22:57.828186 IO-0/EL  worker_manager.cpp:131] WorkerManager: Request new FuncWorker for func_id 1 with client_id 118
I1102 18:22:57.828196 IO-0/EL  worker_manager.cpp:131] WorkerManager: Request new FuncWorker for func_id 1 with client_id 119
I1102 18:22:57.828206 IO-0/EL  worker_manager.cpp:131] WorkerManager: Request new FuncWorker for func_id 1 with client_id 120
I1102 18:22:57.828220 IO-0/EL  worker_manager.cpp:131] WorkerManager: Request new FuncWorker for func_id 1 with client_id 121
I1102 18:22:57.828234 IO-0/EL  worker_manager.cpp:131] WorkerManager: Request new FuncWorker for func_id 1 with client_id 122
I1102 18:22:57.828243 IO-0/EL  worker_manager.cpp:131] WorkerManager: Request new FuncWorker for func_id 1 with client_id 123
I1102 18:22:57.828258 IO-0/EL  worker_manager.cpp:131] WorkerManager: Request new FuncWorker for func_id 1 with client_id 124
I1102 18:22:57.828271 IO-0/EL  worker_manager.cpp:131] WorkerManager: Request new FuncWorker for func_id 1 with client_id 125
I1102 18:22:57.828282 IO-0/EL  worker_manager.cpp:131] WorkerManager: Request new FuncWorker for func_id 1 with client_id 126
I1102 18:22:57.828291 IO-0/EL  worker_manager.cpp:131] WorkerManager: Request new FuncWorker for func_id 1 with client_id 127
I1102 18:22:57.828300 IO-0/EL  worker_manager.cpp:131] WorkerManager: Request new FuncWorker for func_id 1 with client_id 128
I1102 18:22:57.828408 IO-0/EL  buffer_pool.h:25] BufferPool[IO-0_Write]: Allocate new buffer, current buffer count is 1
I1102 18:22:57.828438 IO-0/EL  buffer_pool.h:25] BufferPool[IO-0_Write]: Allocate new buffer, current buffer count is 2
I1102 18:22:57.828468 IO-0/EL  message_connection.cpp:269] LauncherConnection[1]: Handshake done
I1102 18:22:57.831473 Server/E engine.cpp:674] Engine: New message connection
I1102 18:22:57.831509 IO-0/EL  engine.cpp:277] Engine: Receive new handshake message from message connection
I1102 18:22:57.831516 IO-0/EL  worker_manager.cpp:60] WorkerManager: FuncWorker of func_id 1, client_id 1 connected
I1102 18:22:57.831527 IO-0/EL  dispatcher.cpp:47] Dispatcher[1]: min_workers=128
I1102 18:22:57.831531 IO-0/EL  dispatcher.cpp:51] Dispatcher[1]: max_workers=128
I1102 18:22:57.831552 IO-0/EL  message_connection.cpp:269] FuncWorkerConnection[1-1]: Handshake done
I1102 18:22:57.832319 Server/E engine.cpp:674] Engine: New message connection
I1102 18:22:57.832345 IO-0/EL  engine.cpp:277] Engine: Receive new handshake message from message connection
I1102 18:22:57.832350 IO-0/EL  worker_manager.cpp:60] WorkerManager: FuncWorker of func_id 1, client_id 2 connected
I1102 18:22:57.832365 IO-0/EL  message_connection.cpp:269] FuncWorkerConnection[1-2]: Handshake done
I1102 18:22:57.834373 Server/E engine.cpp:674] Engine: New message connection
I1102 18:22:57.834398 IO-0/EL  engine.cpp:277] Engine: Receive new handshake message from message connection
I1102 18:22:57.834404 IO-0/EL  worker_manager.cpp:60] WorkerManager: FuncWorker of func_id 1, client_id 3 connected
I1102 18:22:57.834419 IO-0/EL  message_connection.cpp:269] FuncWorkerConnection[1-3]: Handshake done
I1102 18:22:57.835165 Server/E engine.cpp:674] Engine: New message connection
I1102 18:22:57.835192 IO-0/EL  engine.cpp:277] Engine: Receive new handshake message from message connection
I1102 18:22:57.835197 IO-0/EL  worker_manager.cpp:60] WorkerManager: FuncWorker of func_id 1, client_id 5 connected
I1102 18:22:57.835211 IO-0/EL  message_connection.cpp:269] FuncWorkerConnection[1-5]: Handshake done
I1102 18:22:57.835637 Server/E engine.cpp:674] Engine: New message connection
I1102 18:22:57.835656 IO-0/EL  engine.cpp:277] Engine: Receive new handshake message from message connection
I1102 18:22:57.835661 IO-0/EL  worker_manager.cpp:60] WorkerManager: FuncWorker of func_id 1, client_id 4 connected
I1102 18:22:57.835674 IO-0/EL  message_connection.cpp:269] FuncWorkerConnection[1-4]: Handshake done
I1102 18:22:57.837090 Server/E engine.cpp:674] Engine: New message connection
I1102 18:22:57.837139 IO-0/EL  engine.cpp:277] Engine: Receive new handshake message from message connection
I1102 18:22:57.837145 IO-0/EL  worker_manager.cpp:60] WorkerManager: FuncWorker of func_id 1, client_id 7 connected
I1102 18:22:57.837158 IO-0/EL  message_connection.cpp:269] FuncWorkerConnection[1-7]: Handshake done
I1102 18:22:57.838078 Server/E engine.cpp:674] Engine: New message connection
I1102 18:22:57.838131 IO-0/EL  engine.cpp:277] Engine: Receive new handshake message from message connection
I1102 18:22:57.838137 IO-0/EL  worker_manager.cpp:60] WorkerManager: FuncWorker of func_id 1, client_id 6 connected
I1102 18:22:57.838160 IO-0/EL  message_connection.cpp:269] FuncWorkerConnection[1-6]: Handshake done
I1102 18:22:57.838440 Server/E engine.cpp:674] Engine: New message connection
I1102 18:22:57.838480 IO-0/EL  engine.cpp:277] Engine: Receive new handshake message from message connection
I1102 18:22:57.838485 IO-0/EL  worker_manager.cpp:60] WorkerManager: FuncWorker of func_id 1, client_id 9 connected
I1102 18:22:57.838498 IO-0/EL  message_connection.cpp:269] FuncWorkerConnection[1-9]: Handshake done
I1102 18:22:57.838777 Server/E engine.cpp:674] Engine: New message connection
I1102 18:22:57.838809 IO-0/EL  engine.cpp:277] Engine: Receive new handshake message from message connection
I1102 18:22:57.838814 IO-0/EL  worker_manager.cpp:60] WorkerManager: FuncWorker of func_id 1, client_id 8 connected
I1102 18:22:57.838826 IO-0/EL  message_connection.cpp:269] FuncWorkerConnection[1-8]: Handshake done
I1102 18:22:57.839351 Server/E engine.cpp:674] Engine: New message connection
I1102 18:22:57.839379 IO-0/EL  engine.cpp:277] Engine: Receive new handshake message from message connection
I1102 18:22:57.839383 IO-0/EL  worker_manager.cpp:60] WorkerManager: FuncWorker of func_id 1, client_id 10 connected
I1102 18:22:57.839396 IO-0/EL  message_connection.cpp:269] FuncWorkerConnection[1-10]: Handshake done
I1102 18:22:57.840382 Server/E engine.cpp:674] Engine: New message connection
I1102 18:22:57.840421 IO-0/EL  engine.cpp:277] Engine: Receive new handshake message from message connection
I1102 18:22:57.840427 IO-0/EL  worker_manager.cpp:60] WorkerManager: FuncWorker of func_id 1, client_id 11 connected
I1102 18:22:57.840441 IO-0/EL  message_connection.cpp:269] FuncWorkerConnection[1-11]: Handshake done
I1102 18:22:57.841226 Server/E engine.cpp:674] Engine: New message connection
I1102 18:22:57.841253 IO-0/EL  engine.cpp:277] Engine: Receive new handshake message from message connection
I1102 18:22:57.841257 IO-0/EL  worker_manager.cpp:60] WorkerManager: FuncWorker of func_id 1, client_id 12 connected
I1102 18:22:57.841271 IO-0/EL  message_connection.cpp:269] FuncWorkerConnection[1-12]: Handshake done
I1102 18:22:57.841480 Server/E engine.cpp:674] Engine: New message connection
I1102 18:22:57.841505 IO-0/EL  engine.cpp:277] Engine: Receive new handshake message from message connection
I1102 18:22:57.841510 IO-0/EL  worker_manager.cpp:60] WorkerManager: FuncWorker of func_id 1, client_id 13 connected
I1102 18:22:57.841523 IO-0/EL  message_connection.cpp:269] FuncWorkerConnection[1-13]: Handshake done
I1102 18:22:57.842005 Server/E engine.cpp:674] Engine: New message connection
I1102 18:22:57.842031 IO-0/EL  engine.cpp:277] Engine: Receive new handshake message from message connection
I1102 18:22:57.842037 IO-0/EL  worker_manager.cpp:60] WorkerManager: FuncWorker of func_id 1, client_id 14 connected
I1102 18:22:57.842050 IO-0/EL  message_connection.cpp:269] FuncWorkerConnection[1-14]: Handshake done
I1102 18:22:57.842441 Server/E engine.cpp:674] Engine: New message connection
I1102 18:22:57.842478 IO-0/EL  engine.cpp:277] Engine: Receive new handshake message from message connection
I1102 18:22:57.842483 IO-0/EL  worker_manager.cpp:60] WorkerManager: FuncWorker of func_id 1, client_id 15 connected
I1102 18:22:57.842496 IO-0/EL  message_connection.cpp:269] FuncWorkerConnection[1-15]: Handshake done
I1102 18:22:57.842906 Server/E engine.cpp:674] Engine: New message connection
I1102 18:22:57.842939 IO-0/EL  engine.cpp:277] Engine: Receive new handshake message from message connection
I1102 18:22:57.842944 IO-0/EL  worker_manager.cpp:60] WorkerManager: FuncWorker of func_id 1, client_id 16 connected
I1102 18:22:57.842957 IO-0/EL  message_connection.cpp:269] FuncWorkerConnection[1-16]: Handshake done
I1102 18:22:57.843401 Server/E engine.cpp:674] Engine: New message connection
I1102 18:22:57.843429 IO-0/EL  engine.cpp:277] Engine: Receive new handshake message from message connection
I1102 18:22:57.843434 IO-0/EL  worker_manager.cpp:60] WorkerManager: FuncWorker of func_id 1, client_id 17 connected
I1102 18:22:57.843459 IO-0/EL  message_connection.cpp:269] FuncWorkerConnection[1-17]: Handshake done
I1102 18:22:57.843768 Server/E engine.cpp:674] Engine: New message connection
I1102 18:22:57.843799 IO-0/EL  engine.cpp:277] Engine: Receive new handshake message from message connection
I1102 18:22:57.843804 IO-0/EL  worker_manager.cpp:60] WorkerManager: FuncWorker of func_id 1, client_id 18 connected
I1102 18:22:57.843818 IO-0/EL  message_connection.cpp:269] FuncWorkerConnection[1-18]: Handshake done
I1102 18:22:57.844210 Server/E engine.cpp:674] Engine: New message connection
I1102 18:22:57.844242 IO-0/EL  engine.cpp:277] Engine: Receive new handshake message from message connection
I1102 18:22:57.844246 IO-0/EL  worker_manager.cpp:60] WorkerManager: FuncWorker of func_id 1, client_id 19 connected
I1102 18:22:57.844259 IO-0/EL  message_connection.cpp:269] FuncWorkerConnection[1-19]: Handshake done
I1102 18:22:57.844397 Server/E engine.cpp:674] Engine: New message connection
I1102 18:22:57.844450 IO-0/EL  engine.cpp:277] Engine: Receive new handshake message from message connection
I1102 18:22:57.844455 IO-0/EL  worker_manager.cpp:60] WorkerManager: FuncWorker of func_id 1, client_id 20 connected
I1102 18:22:57.844468 IO-0/EL  message_connection.cpp:269] FuncWorkerConnection[1-20]: Handshake done
I1102 18:22:57.845189 Server/E engine.cpp:674] Engine: New message connection
I1102 18:22:57.845218 IO-0/EL  engine.cpp:277] Engine: Receive new handshake message from message connection
I1102 18:22:57.845224 IO-0/EL  worker_manager.cpp:60] WorkerManager: FuncWorker of func_id 1, client_id 21 connected
I1102 18:22:57.845237 IO-0/EL  message_connection.cpp:269] FuncWorkerConnection[1-21]: Handshake done
I1102 18:22:57.845603 Server/E engine.cpp:674] Engine: New message connection
I1102 18:22:57.845650 IO-0/EL  engine.cpp:277] Engine: Receive new handshake message from message connection
I1102 18:22:57.845655 IO-0/EL  worker_manager.cpp:60] WorkerManager: FuncWorker of func_id 1, client_id 22 connected
I1102 18:22:57.845668 IO-0/EL  message_connection.cpp:269] FuncWorkerConnection[1-22]: Handshake done
I1102 18:22:57.846033 Server/E engine.cpp:674] Engine: New message connection
I1102 18:22:57.846087 IO-0/EL  engine.cpp:277] Engine: Receive new handshake message from message connection
I1102 18:22:57.846092 IO-0/EL  worker_manager.cpp:60] WorkerManager: FuncWorker of func_id 1, client_id 23 connected
I1102 18:22:57.846106 IO-0/EL  message_connection.cpp:269] FuncWorkerConnection[1-23]: Handshake done
I1102 18:22:57.846455 Server/E engine.cpp:674] Engine: New message connection
I1102 18:22:57.846486 IO-0/EL  engine.cpp:277] Engine: Receive new handshake message from message connection
I1102 18:22:57.846490 IO-0/EL  worker_manager.cpp:60] WorkerManager: FuncWorker of func_id 1, client_id 24 connected
I1102 18:22:57.846503 IO-0/EL  message_connection.cpp:269] FuncWorkerConnection[1-24]: Handshake done
I1102 18:22:57.846870 Server/E engine.cpp:674] Engine: New message connection
I1102 18:22:57.846899 IO-0/EL  engine.cpp:277] Engine: Receive new handshake message from message connection
I1102 18:22:57.846903 IO-0/EL  worker_manager.cpp:60] WorkerManager: FuncWorker of func_id 1, client_id 25 connected
I1102 18:22:57.846917 IO-0/EL  message_connection.cpp:269] FuncWorkerConnection[1-25]: Handshake done
I1102 18:22:57.847306 Server/E engine.cpp:674] Engine: New message connection
I1102 18:22:57.847333 IO-0/EL  engine.cpp:277] Engine: Receive new handshake message from message connection
I1102 18:22:57.847337 IO-0/EL  worker_manager.cpp:60] WorkerManager: FuncWorker of func_id 1, client_id 26 connected
I1102 18:22:57.847350 IO-0/EL  message_connection.cpp:269] FuncWorkerConnection[1-26]: Handshake done
I1102 18:22:57.847750 Server/E engine.cpp:674] Engine: New message connection
I1102 18:22:57.847782 IO-0/EL  engine.cpp:277] Engine: Receive new handshake message from message connection
I1102 18:22:57.847788 IO-0/EL  worker_manager.cpp:60] WorkerManager: FuncWorker of func_id 1, client_id 27 connected
I1102 18:22:57.847809 IO-0/EL  message_connection.cpp:269] FuncWorkerConnection[1-27]: Handshake done
I1102 18:22:57.848211 Server/E engine.cpp:674] Engine: New message connection
I1102 18:22:57.848244 IO-0/EL  engine.cpp:277] Engine: Receive new handshake message from message connection
I1102 18:22:57.848248 IO-0/EL  worker_manager.cpp:60] WorkerManager: FuncWorker of func_id 1, client_id 28 connected
I1102 18:22:57.848262 IO-0/EL  message_connection.cpp:269] FuncWorkerConnection[1-28]: Handshake done
I1102 18:22:57.849274 Server/E engine.cpp:674] Engine: New message connection
I1102 18:22:57.849310 IO-0/EL  engine.cpp:277] Engine: Receive new handshake message from message connection
I1102 18:22:57.849315 IO-0/EL  worker_manager.cpp:60] WorkerManager: FuncWorker of func_id 1, client_id 29 connected
I1102 18:22:57.849333 IO-0/EL  message_connection.cpp:269] FuncWorkerConnection[1-29]: Handshake done
I1102 18:22:57.849547 Server/E engine.cpp:674] Engine: New message connection
I1102 18:22:57.849575 IO-0/EL  engine.cpp:277] Engine: Receive new handshake message from message connection
I1102 18:22:57.849580 IO-0/EL  worker_manager.cpp:60] WorkerManager: FuncWorker of func_id 1, client_id 30 connected
I1102 18:22:57.849592 IO-0/EL  message_connection.cpp:269] FuncWorkerConnection[1-30]: Handshake done
I1102 18:22:57.850009 Server/E engine.cpp:674] Engine: New message connection
I1102 18:22:57.850042 IO-0/EL  engine.cpp:277] Engine: Receive new handshake message from message connection
I1102 18:22:57.850047 IO-0/EL  worker_manager.cpp:60] WorkerManager: FuncWorker of func_id 1, client_id 31 connected
I1102 18:22:57.850059 IO-0/EL  message_connection.cpp:269] FuncWorkerConnection[1-31]: Handshake done
I1102 18:22:57.850437 Server/E engine.cpp:674] Engine: New message connection
I1102 18:22:57.850470 IO-0/EL  engine.cpp:277] Engine: Receive new handshake message from message connection
I1102 18:22:57.850474 IO-0/EL  worker_manager.cpp:60] WorkerManager: FuncWorker of func_id 1, client_id 32 connected
I1102 18:22:57.850487 IO-0/EL  message_connection.cpp:269] FuncWorkerConnection[1-32]: Handshake done
I1102 18:22:57.850862 Server/E engine.cpp:674] Engine: New message connection
I1102 18:22:57.850889 IO-0/EL  engine.cpp:277] Engine: Receive new handshake message from message connection
I1102 18:22:57.850893 IO-0/EL  worker_manager.cpp:60] WorkerManager: FuncWorker of func_id 1, client_id 33 connected
I1102 18:22:57.850907 IO-0/EL  message_connection.cpp:269] FuncWorkerConnection[1-33]: Handshake done
I1102 18:22:57.851001 Server/E engine.cpp:674] Engine: New message connection
I1102 18:22:57.851027 IO-0/EL  engine.cpp:277] Engine: Receive new handshake message from message connection
I1102 18:22:57.851031 IO-0/EL  worker_manager.cpp:60] WorkerManager: FuncWorker of func_id 1, client_id 34 connected
I1102 18:22:57.851044 IO-0/EL  message_connection.cpp:269] FuncWorkerConnection[1-34]: Handshake done
I1102 18:22:57.851992 Server/E engine.cpp:674] Engine: New message connection
I1102 18:22:57.852024 IO-0/EL  engine.cpp:277] Engine: Receive new handshake message from message connection
I1102 18:22:57.852030 IO-0/EL  worker_manager.cpp:60] WorkerManager: FuncWorker of func_id 1, client_id 35 connected
I1102 18:22:57.852043 IO-0/EL  message_connection.cpp:269] FuncWorkerConnection[1-35]: Handshake done
I1102 18:22:57.852171 Server/E engine.cpp:674] Engine: New message connection
I1102 18:22:57.852196 IO-0/EL  engine.cpp:277] Engine: Receive new handshake message from message connection
I1102 18:22:57.852200 IO-0/EL  worker_manager.cpp:60] WorkerManager: FuncWorker of func_id 1, client_id 36 connected
I1102 18:22:57.852213 IO-0/EL  message_connection.cpp:269] FuncWorkerConnection[1-36]: Handshake done
I1102 18:22:57.852584 Server/E engine.cpp:674] Engine: New message connection
I1102 18:22:57.852604 IO-0/EL  engine.cpp:277] Engine: Receive new handshake message from message connection
I1102 18:22:57.852609 IO-0/EL  worker_manager.cpp:60] WorkerManager: FuncWorker of func_id 1, client_id 37 connected
I1102 18:22:57.852621 IO-0/EL  message_connection.cpp:269] FuncWorkerConnection[1-37]: Handshake done
I1102 18:22:57.853072 Server/E engine.cpp:674] Engine: New message connection
I1102 18:22:57.853097 IO-0/EL  engine.cpp:277] Engine: Receive new handshake message from message connection
I1102 18:22:57.853102 IO-0/EL  worker_manager.cpp:60] WorkerManager: FuncWorker of func_id 1, client_id 38 connected
I1102 18:22:57.853115 IO-0/EL  message_connection.cpp:269] FuncWorkerConnection[1-38]: Handshake done
I1102 18:22:57.853897 Server/E engine.cpp:674] Engine: New message connection
I1102 18:22:57.853938 IO-0/EL  engine.cpp:277] Engine: Receive new handshake message from message connection
I1102 18:22:57.853943 IO-0/EL  worker_manager.cpp:60] WorkerManager: FuncWorker of func_id 1, client_id 39 connected
I1102 18:22:57.853957 IO-0/EL  message_connection.cpp:269] FuncWorkerConnection[1-39]: Handshake done
I1102 18:22:57.854254 Server/E engine.cpp:674] Engine: New message connection
I1102 18:22:57.854307 IO-0/EL  engine.cpp:277] Engine: Receive new handshake message from message connection
I1102 18:22:57.854312 IO-0/EL  worker_manager.cpp:60] WorkerManager: FuncWorker of func_id 1, client_id 40 connected
I1102 18:22:57.854326 IO-0/EL  message_connection.cpp:269] FuncWorkerConnection[1-40]: Handshake done
I1102 18:22:57.854684 Server/E engine.cpp:674] Engine: New message connection
I1102 18:22:57.854745 IO-0/EL  engine.cpp:277] Engine: Receive new handshake message from message connection
I1102 18:22:57.854750 IO-0/EL  worker_manager.cpp:60] WorkerManager: FuncWorker of func_id 1, client_id 41 connected
I1102 18:22:57.854765 IO-0/EL  message_connection.cpp:269] FuncWorkerConnection[1-41]: Handshake done
I1102 18:22:57.855144 Server/E engine.cpp:674] Engine: New message connection
I1102 18:22:57.855183 IO-0/EL  engine.cpp:277] Engine: Receive new handshake message from message connection
I1102 18:22:57.855188 IO-0/EL  worker_manager.cpp:60] WorkerManager: FuncWorker of func_id 1, client_id 42 connected
I1102 18:22:57.855200 IO-0/EL  message_connection.cpp:269] FuncWorkerConnection[1-42]: Handshake done
I1102 18:22:57.855640 Server/E engine.cpp:674] Engine: New message connection
I1102 18:22:57.855661 IO-0/EL  engine.cpp:277] Engine: Receive new handshake message from message connection
I1102 18:22:57.855667 IO-0/EL  worker_manager.cpp:60] WorkerManager: FuncWorker of func_id 1, client_id 43 connected
I1102 18:22:57.855684 IO-0/EL  message_connection.cpp:269] FuncWorkerConnection[1-43]: Handshake done
I1102 18:22:57.856574 Server/E engine.cpp:674] Engine: New message connection
I1102 18:22:57.856605 IO-0/EL  engine.cpp:277] Engine: Receive new handshake message from message connection
I1102 18:22:57.856611 IO-0/EL  worker_manager.cpp:60] WorkerManager: FuncWorker of func_id 1, client_id 45 connected
I1102 18:22:57.856625 IO-0/EL  message_connection.cpp:269] FuncWorkerConnection[1-45]: Handshake done
I1102 18:22:57.856720 Server/E engine.cpp:674] Engine: New message connection
I1102 18:22:57.856749 IO-0/EL  engine.cpp:277] Engine: Receive new handshake message from message connection
I1102 18:22:57.856754 IO-0/EL  worker_manager.cpp:60] WorkerManager: FuncWorker of func_id 1, client_id 44 connected
I1102 18:22:57.856767 IO-0/EL  message_connection.cpp:269] FuncWorkerConnection[1-44]: Handshake done
I1102 18:22:57.856946 Server/E engine.cpp:674] Engine: New message connection
I1102 18:22:57.856967 IO-0/EL  engine.cpp:277] Engine: Receive new handshake message from message connection
I1102 18:22:57.856971 IO-0/EL  worker_manager.cpp:60] WorkerManager: FuncWorker of func_id 1, client_id 46 connected
I1102 18:22:57.856983 IO-0/EL  message_connection.cpp:269] FuncWorkerConnection[1-46]: Handshake done
I1102 18:22:57.858112 Server/E engine.cpp:674] Engine: New message connection
I1102 18:22:57.858139 IO-0/EL  engine.cpp:277] Engine: Receive new handshake message from message connection
I1102 18:22:57.858144 IO-0/EL  worker_manager.cpp:60] WorkerManager: FuncWorker of func_id 1, client_id 47 connected
I1102 18:22:57.858157 IO-0/EL  message_connection.cpp:269] FuncWorkerConnection[1-47]: Handshake done
I1102 18:22:57.858338 Server/E engine.cpp:674] Engine: New message connection
I1102 18:22:57.858359 IO-0/EL  engine.cpp:277] Engine: Receive new handshake message from message connection
I1102 18:22:57.858364 IO-0/EL  worker_manager.cpp:60] WorkerManager: FuncWorker of func_id 1, client_id 48 connected
I1102 18:22:57.858376 IO-0/EL  message_connection.cpp:269] FuncWorkerConnection[1-48]: Handshake done
I1102 18:22:57.858802 Server/E engine.cpp:674] Engine: New message connection
I1102 18:22:57.858829 IO-0/EL  engine.cpp:277] Engine: Receive new handshake message from message connection
I1102 18:22:57.858834 IO-0/EL  worker_manager.cpp:60] WorkerManager: FuncWorker of func_id 1, client_id 49 connected
I1102 18:22:57.858847 IO-0/EL  message_connection.cpp:269] FuncWorkerConnection[1-49]: Handshake done
I1102 18:22:57.859279 Server/E engine.cpp:674] Engine: New message connection
I1102 18:22:57.859303 IO-0/EL  engine.cpp:277] Engine: Receive new handshake message from message connection
I1102 18:22:57.859308 IO-0/EL  worker_manager.cpp:60] WorkerManager: FuncWorker of func_id 1, client_id 50 connected
I1102 18:22:57.859320 IO-0/EL  message_connection.cpp:269] FuncWorkerConnection[1-50]: Handshake done
I1102 18:22:57.859731 Server/E engine.cpp:674] Engine: New message connection
I1102 18:22:57.859757 IO-0/EL  engine.cpp:277] Engine: Receive new handshake message from message connection
I1102 18:22:57.859762 IO-0/EL  worker_manager.cpp:60] WorkerManager: FuncWorker of func_id 1, client_id 51 connected
I1102 18:22:57.859776 IO-0/EL  message_connection.cpp:269] FuncWorkerConnection[1-51]: Handshake done
I1102 18:22:57.860203 Server/E engine.cpp:674] Engine: New message connection
I1102 18:22:57.860238 IO-0/EL  engine.cpp:277] Engine: Receive new handshake message from message connection
I1102 18:22:57.860242 IO-0/EL  worker_manager.cpp:60] WorkerManager: FuncWorker of func_id 1, client_id 52 connected
I1102 18:22:57.860255 IO-0/EL  message_connection.cpp:269] FuncWorkerConnection[1-52]: Handshake done
I1102 18:22:57.860626 Server/E engine.cpp:674] Engine: New message connection
I1102 18:22:57.860652 IO-0/EL  engine.cpp:277] Engine: Receive new handshake message from message connection
I1102 18:22:57.860656 IO-0/EL  worker_manager.cpp:60] WorkerManager: FuncWorker of func_id 1, client_id 53 connected
I1102 18:22:57.860669 IO-0/EL  message_connection.cpp:269] FuncWorkerConnection[1-53]: Handshake done
I1102 18:22:57.861080 Server/E engine.cpp:674] Engine: New message connection
I1102 18:22:57.861104 IO-0/EL  engine.cpp:277] Engine: Receive new handshake message from message connection
I1102 18:22:57.861109 IO-0/EL  worker_manager.cpp:60] WorkerManager: FuncWorker of func_id 1, client_id 54 connected
I1102 18:22:57.861121 IO-0/EL  message_connection.cpp:269] FuncWorkerConnection[1-54]: Handshake done
I1102 18:22:57.862543 Server/E engine.cpp:674] Engine: New message connection
I1102 18:22:57.862573 IO-0/EL  engine.cpp:277] Engine: Receive new handshake message from message connection
I1102 18:22:57.862578 IO-0/EL  worker_manager.cpp:60] WorkerManager: FuncWorker of func_id 1, client_id 56 connected
I1102 18:22:57.862591 IO-0/EL  message_connection.cpp:269] FuncWorkerConnection[1-56]: Handshake done
I1102 18:22:57.863006 Server/E engine.cpp:674] Engine: New message connection
I1102 18:22:57.863033 IO-0/EL  engine.cpp:277] Engine: Receive new handshake message from message connection
I1102 18:22:57.863038 IO-0/EL  worker_manager.cpp:60] WorkerManager: FuncWorker of func_id 1, client_id 57 connected
I1102 18:22:57.863052 IO-0/EL  message_connection.cpp:269] FuncWorkerConnection[1-57]: Handshake done
I1102 18:22:57.863067 Server/E engine.cpp:674] Engine: New message connection
I1102 18:22:57.863088 IO-0/EL  engine.cpp:277] Engine: Receive new handshake message from message connection
I1102 18:22:57.863092 IO-0/EL  worker_manager.cpp:60] WorkerManager: FuncWorker of func_id 1, client_id 55 connected
I1102 18:22:57.863114 IO-0/EL  message_connection.cpp:269] FuncWorkerConnection[1-55]: Handshake done
I1102 18:22:57.863466 Server/E engine.cpp:674] Engine: New message connection
I1102 18:22:57.863487 IO-0/EL  engine.cpp:277] Engine: Receive new handshake message from message connection
I1102 18:22:57.863492 IO-0/EL  worker_manager.cpp:60] WorkerManager: FuncWorker of func_id 1, client_id 58 connected
I1102 18:22:57.863505 IO-0/EL  message_connection.cpp:269] FuncWorkerConnection[1-58]: Handshake done
I1102 18:22:57.863898 Server/E engine.cpp:674] Engine: New message connection
I1102 18:22:57.863925 IO-0/EL  engine.cpp:277] Engine: Receive new handshake message from message connection
I1102 18:22:57.863930 IO-0/EL  worker_manager.cpp:60] WorkerManager: FuncWorker of func_id 1, client_id 59 connected
I1102 18:22:57.863942 IO-0/EL  message_connection.cpp:269] FuncWorkerConnection[1-59]: Handshake done
I1102 18:22:57.864336 Server/E engine.cpp:674] Engine: New message connection
I1102 18:22:57.864362 IO-0/EL  engine.cpp:277] Engine: Receive new handshake message from message connection
I1102 18:22:57.864367 IO-0/EL  worker_manager.cpp:60] WorkerManager: FuncWorker of func_id 1, client_id 60 connected
I1102 18:22:57.864380 IO-0/EL  message_connection.cpp:269] FuncWorkerConnection[1-60]: Handshake done
I1102 18:22:57.864809 Server/E engine.cpp:674] Engine: New message connection
I1102 18:22:57.864831 IO-0/EL  engine.cpp:277] Engine: Receive new handshake message from message connection
I1102 18:22:57.864836 IO-0/EL  worker_manager.cpp:60] WorkerManager: FuncWorker of func_id 1, client_id 61 connected
I1102 18:22:57.864851 IO-0/EL  message_connection.cpp:269] FuncWorkerConnection[1-61]: Handshake done
I1102 18:22:57.865434 Server/E engine.cpp:674] Engine: New message connection
I1102 18:22:57.865461 IO-0/EL  engine.cpp:277] Engine: Receive new handshake message from message connection
I1102 18:22:57.865465 IO-0/EL  worker_manager.cpp:60] WorkerManager: FuncWorker of func_id 1, client_id 62 connected
I1102 18:22:57.865478 IO-0/EL  message_connection.cpp:269] FuncWorkerConnection[1-62]: Handshake done
I1102 18:22:57.865732 Server/E engine.cpp:674] Engine: New message connection
I1102 18:22:57.865754 IO-0/EL  engine.cpp:277] Engine: Receive new handshake message from message connection
I1102 18:22:57.865760 IO-0/EL  worker_manager.cpp:60] WorkerManager: FuncWorker of func_id 1, client_id 63 connected
I1102 18:22:57.865773 IO-0/EL  message_connection.cpp:269] FuncWorkerConnection[1-63]: Handshake done
I1102 18:22:57.866214 Server/E engine.cpp:674] Engine: New message connection
I1102 18:22:57.866241 IO-0/EL  engine.cpp:277] Engine: Receive new handshake message from message connection
I1102 18:22:57.866246 IO-0/EL  worker_manager.cpp:60] WorkerManager: FuncWorker of func_id 1, client_id 64 connected
I1102 18:22:57.866259 IO-0/EL  message_connection.cpp:269] FuncWorkerConnection[1-64]: Handshake done
I1102 18:22:57.866662 Server/E engine.cpp:674] Engine: New message connection
I1102 18:22:57.866688 IO-0/EL  engine.cpp:277] Engine: Receive new handshake message from message connection
I1102 18:22:57.866692 IO-0/EL  worker_manager.cpp:60] WorkerManager: FuncWorker of func_id 1, client_id 65 connected
I1102 18:22:57.866705 IO-0/EL  message_connection.cpp:269] FuncWorkerConnection[1-65]: Handshake done
I1102 18:22:57.867220 Server/E engine.cpp:674] Engine: New message connection
I1102 18:22:57.867242 IO-0/EL  engine.cpp:277] Engine: Receive new handshake message from message connection
I1102 18:22:57.867247 IO-0/EL  worker_manager.cpp:60] WorkerManager: FuncWorker of func_id 1, client_id 66 connected
I1102 18:22:57.867260 IO-0/EL  message_connection.cpp:269] FuncWorkerConnection[1-66]: Handshake done
I1102 18:22:57.867601 Server/E engine.cpp:674] Engine: New message connection
I1102 18:22:57.867631 IO-0/EL  engine.cpp:277] Engine: Receive new handshake message from message connection
I1102 18:22:57.867635 IO-0/EL  worker_manager.cpp:60] WorkerManager: FuncWorker of func_id 1, client_id 67 connected
I1102 18:22:57.867648 IO-0/EL  message_connection.cpp:269] FuncWorkerConnection[1-67]: Handshake done
I1102 18:22:57.868089 Server/E engine.cpp:674] Engine: New message connection
I1102 18:22:57.868125 IO-0/EL  engine.cpp:277] Engine: Receive new handshake message from message connection
I1102 18:22:57.868130 IO-0/EL  worker_manager.cpp:60] WorkerManager: FuncWorker of func_id 1, client_id 68 connected
I1102 18:22:57.868143 IO-0/EL  message_connection.cpp:269] FuncWorkerConnection[1-68]: Handshake done
I1102 18:22:57.868506 Server/E engine.cpp:674] Engine: New message connection
I1102 18:22:57.868531 IO-0/EL  engine.cpp:277] Engine: Receive new handshake message from message connection
I1102 18:22:57.868536 IO-0/EL  worker_manager.cpp:60] WorkerManager: FuncWorker of func_id 1, client_id 69 connected
I1102 18:22:57.868548 IO-0/EL  message_connection.cpp:269] FuncWorkerConnection[1-69]: Handshake done
I1102 18:22:57.868963 Server/E engine.cpp:674] Engine: New message connection
I1102 18:22:57.868988 IO-0/EL  engine.cpp:277] Engine: Receive new handshake message from message connection
I1102 18:22:57.868992 IO-0/EL  worker_manager.cpp:60] WorkerManager: FuncWorker of func_id 1, client_id 70 connected
I1102 18:22:57.869005 IO-0/EL  message_connection.cpp:269] FuncWorkerConnection[1-70]: Handshake done
I1102 18:22:57.869412 Server/E engine.cpp:674] Engine: New message connection
I1102 18:22:57.869436 IO-0/EL  engine.cpp:277] Engine: Receive new handshake message from message connection
I1102 18:22:57.869441 IO-0/EL  worker_manager.cpp:60] WorkerManager: FuncWorker of func_id 1, client_id 71 connected
I1102 18:22:57.869454 IO-0/EL  message_connection.cpp:269] FuncWorkerConnection[1-71]: Handshake done
I1102 18:22:57.869847 Server/E engine.cpp:674] Engine: New message connection
I1102 18:22:57.869872 IO-0/EL  engine.cpp:277] Engine: Receive new handshake message from message connection
I1102 18:22:57.869877 IO-0/EL  worker_manager.cpp:60] WorkerManager: FuncWorker of func_id 1, client_id 72 connected
I1102 18:22:57.869895 IO-0/EL  message_connection.cpp:269] FuncWorkerConnection[1-72]: Handshake done
I1102 18:22:57.870310 Server/E engine.cpp:674] Engine: New message connection
I1102 18:22:57.870333 IO-0/EL  engine.cpp:277] Engine: Receive new handshake message from message connection
I1102 18:22:57.870337 IO-0/EL  worker_manager.cpp:60] WorkerManager: FuncWorker of func_id 1, client_id 73 connected
I1102 18:22:57.870350 IO-0/EL  message_connection.cpp:269] FuncWorkerConnection[1-73]: Handshake done
I1102 18:22:57.870793 Server/E engine.cpp:674] Engine: New message connection
I1102 18:22:57.870819 IO-0/EL  engine.cpp:277] Engine: Receive new handshake message from message connection
I1102 18:22:57.870823 IO-0/EL  worker_manager.cpp:60] WorkerManager: FuncWorker of func_id 1, client_id 74 connected
I1102 18:22:57.870836 IO-0/EL  message_connection.cpp:269] FuncWorkerConnection[1-74]: Handshake done
I1102 18:22:57.871233 Server/E engine.cpp:674] Engine: New message connection
I1102 18:22:57.871256 IO-0/EL  engine.cpp:277] Engine: Receive new handshake message from message connection
I1102 18:22:57.871260 IO-0/EL  worker_manager.cpp:60] WorkerManager: FuncWorker of func_id 1, client_id 75 connected
I1102 18:22:57.871272 IO-0/EL  message_connection.cpp:269] FuncWorkerConnection[1-75]: Handshake done
I1102 18:22:57.871691 Server/E engine.cpp:674] Engine: New message connection
I1102 18:22:57.871719 IO-0/EL  engine.cpp:277] Engine: Receive new handshake message from message connection
I1102 18:22:57.871724 IO-0/EL  worker_manager.cpp:60] WorkerManager: FuncWorker of func_id 1, client_id 76 connected
I1102 18:22:57.871737 IO-0/EL  message_connection.cpp:269] FuncWorkerConnection[1-76]: Handshake done
I1102 18:22:57.872165 Server/E engine.cpp:674] Engine: New message connection
I1102 18:22:57.872199 IO-0/EL  engine.cpp:277] Engine: Receive new handshake message from message connection
I1102 18:22:57.872204 IO-0/EL  worker_manager.cpp:60] WorkerManager: FuncWorker of func_id 1, client_id 77 connected
I1102 18:22:57.872219 IO-0/EL  message_connection.cpp:269] FuncWorkerConnection[1-77]: Handshake done
I1102 18:22:57.872576 Server/E engine.cpp:674] Engine: New message connection
I1102 18:22:57.872626 IO-0/EL  engine.cpp:277] Engine: Receive new handshake message from message connection
I1102 18:22:57.872631 IO-0/EL  worker_manager.cpp:60] WorkerManager: FuncWorker of func_id 1, client_id 78 connected
I1102 18:22:57.872643 IO-0/EL  message_connection.cpp:269] FuncWorkerConnection[1-78]: Handshake done
I1102 18:22:57.882760 Server/E engine.cpp:674] Engine: New message connection
I1102 18:22:57.882793 Server/E engine.cpp:674] Engine: New message connection
I1102 18:22:57.882800 IO-0/EL  engine.cpp:277] Engine: Receive new handshake message from message connection
I1102 18:22:57.882807 IO-0/EL  worker_manager.cpp:60] WorkerManager: FuncWorker of func_id 1, client_id 79 connected
I1102 18:22:57.882808 Server/E engine.cpp:674] Engine: New message connection
I1102 18:22:57.882822 Server/E engine.cpp:674] Engine: New message connection
I1102 18:22:57.882823 IO-0/EL  message_connection.cpp:269] FuncWorkerConnection[1-79]: Handshake done
I1102 18:22:57.882836 Server/E engine.cpp:674] Engine: New message connection
I1102 18:22:57.882850 IO-0/EL  engine.cpp:277] Engine: Receive new handshake message from message connection
I1102 18:22:57.882855 IO-0/EL  worker_manager.cpp:60] WorkerManager: FuncWorker of func_id 1, client_id 80 connected
I1102 18:22:57.882851 Server/E engine.cpp:674] Engine: New message connection
I1102 18:22:57.882871 IO-0/EL  message_connection.cpp:269] FuncWorkerConnection[1-80]: Handshake done
I1102 18:22:57.882878 Server/E engine.cpp:674] Engine: New message connection
I1102 18:22:57.882886 IO-0/EL  engine.cpp:277] Engine: Receive new handshake message from message connection
I1102 18:22:57.882890 IO-0/EL  worker_manager.cpp:60] WorkerManager: FuncWorker of func_id 1, client_id 81 connected
I1102 18:22:57.882894 Server/E engine.cpp:674] Engine: New message connection
I1102 18:22:57.882903 IO-0/EL  message_connection.cpp:269] FuncWorkerConnection[1-81]: Handshake done
I1102 18:22:57.882910 Server/E engine.cpp:674] Engine: New message connection
I1102 18:22:57.882920 IO-0/EL  engine.cpp:277] Engine: Receive new handshake message from message connection
I1102 18:22:57.882923 Server/E engine.cpp:674] Engine: New message connection
I1102 18:22:57.882925 IO-0/EL  worker_manager.cpp:60] WorkerManager: FuncWorker of func_id 1, client_id 82 connected
I1102 18:22:57.882939 Server/E engine.cpp:674] Engine: New message connection
I1102 18:22:57.882942 IO-0/EL  message_connection.cpp:269] FuncWorkerConnection[1-82]: Handshake done
I1102 18:22:57.882952 Server/E engine.cpp:674] Engine: New message connection
I1102 18:22:57.882958 IO-0/EL  engine.cpp:277] Engine: Receive new handshake message from message connection
I1102 18:22:57.882962 IO-0/EL  worker_manager.cpp:60] WorkerManager: FuncWorker of func_id 1, client_id 83 connected
I1102 18:22:57.882968 Server/E engine.cpp:674] Engine: New message connection
I1102 18:22:57.882976 IO-0/EL  message_connection.cpp:269] FuncWorkerConnection[1-83]: Handshake done
I1102 18:22:57.882980 Server/E engine.cpp:674] Engine: New message connection
I1102 18:22:57.882992 IO-0/EL  engine.cpp:277] Engine: Receive new handshake message from message connection
I1102 18:22:57.882997 Server/E engine.cpp:674] Engine: New message connection
I1102 18:22:57.882997 IO-0/EL  worker_manager.cpp:60] WorkerManager: FuncWorker of func_id 1, client_id 84 connected
I1102 18:22:57.883011 Server/E engine.cpp:674] Engine: New message connection
I1102 18:22:57.883022 IO-0/EL  message_connection.cpp:269] FuncWorkerConnection[1-84]: Handshake done
I1102 18:22:57.883023 Server/E engine.cpp:674] Engine: New message connection
I1102 18:22:57.883040 IO-0/EL  engine.cpp:277] Engine: Receive new handshake message from message connection
I1102 18:22:57.883044 IO-0/EL  worker_manager.cpp:60] WorkerManager: FuncWorker of func_id 1, client_id 85 connected
I1102 18:22:57.883050 Server/E engine.cpp:674] Engine: New message connection
I1102 18:22:57.883061 IO-0/EL  message_connection.cpp:269] FuncWorkerConnection[1-85]: Handshake done
I1102 18:22:57.883066 Server/E engine.cpp:674] Engine: New message connection
I1102 18:22:57.883077 IO-0/EL  engine.cpp:277] Engine: Receive new handshake message from message connection
I1102 18:22:57.883090 IO-0/EL  worker_manager.cpp:60] WorkerManager: FuncWorker of func_id 1, client_id 86 connected
I1102 18:22:57.883091 Server/E engine.cpp:674] Engine: New message connection
I1102 18:22:57.883103 IO-0/EL  message_connection.cpp:269] FuncWorkerConnection[1-86]: Handshake done
I1102 18:22:57.883106 Server/E engine.cpp:674] Engine: New message connection
I1102 18:22:57.883117 IO-0/EL  engine.cpp:277] Engine: Receive new handshake message from message connection
I1102 18:22:57.883120 Server/E engine.cpp:674] Engine: New message connection
I1102 18:22:57.883123 IO-0/EL  worker_manager.cpp:60] WorkerManager: FuncWorker of func_id 1, client_id 87 connected
I1102 18:22:57.883146 IO-0/EL  message_connection.cpp:269] FuncWorkerConnection[1-87]: Handshake done
I1102 18:22:57.883160 IO-0/EL  engine.cpp:277] Engine: Receive new handshake message from message connection
I1102 18:22:57.883164 IO-0/EL  worker_manager.cpp:60] WorkerManager: FuncWorker of func_id 1, client_id 88 connected
I1102 18:22:57.883177 IO-0/EL  message_connection.cpp:269] FuncWorkerConnection[1-88]: Handshake done
I1102 18:22:57.883194 IO-0/EL  engine.cpp:277] Engine: Receive new handshake message from message connection
I1102 18:22:57.883198 IO-0/EL  worker_manager.cpp:60] WorkerManager: FuncWorker of func_id 1, client_id 89 connected
I1102 18:22:57.883212 IO-0/EL  message_connection.cpp:269] FuncWorkerConnection[1-89]: Handshake done
I1102 18:22:57.883224 IO-0/EL  engine.cpp:277] Engine: Receive new handshake message from message connection
I1102 18:22:57.883228 IO-0/EL  worker_manager.cpp:60] WorkerManager: FuncWorker of func_id 1, client_id 90 connected
I1102 18:22:57.883240 IO-0/EL  message_connection.cpp:269] FuncWorkerConnection[1-90]: Handshake done
I1102 18:22:57.883255 IO-0/EL  engine.cpp:277] Engine: Receive new handshake message from message connection
I1102 18:22:57.883260 IO-0/EL  worker_manager.cpp:60] WorkerManager: FuncWorker of func_id 1, client_id 91 connected
I1102 18:22:57.883273 IO-0/EL  message_connection.cpp:269] FuncWorkerConnection[1-91]: Handshake done
I1102 18:22:57.883285 IO-0/EL  engine.cpp:277] Engine: Receive new handshake message from message connection
I1102 18:22:57.883289 IO-0/EL  worker_manager.cpp:60] WorkerManager: FuncWorker of func_id 1, client_id 92 connected
I1102 18:22:57.883302 IO-0/EL  message_connection.cpp:269] FuncWorkerConnection[1-92]: Handshake done
I1102 18:22:57.883317 IO-0/EL  engine.cpp:277] Engine: Receive new handshake message from message connection
I1102 18:22:57.883321 IO-0/EL  worker_manager.cpp:60] WorkerManager: FuncWorker of func_id 1, client_id 93 connected
I1102 18:22:57.883336 IO-0/EL  message_connection.cpp:269] FuncWorkerConnection[1-93]: Handshake done
I1102 18:22:57.883334 Server/E engine.cpp:674] Engine: New message connection
I1102 18:22:57.883349 IO-0/EL  engine.cpp:277] Engine: Receive new handshake message from message connection
I1102 18:22:57.883353 IO-0/EL  worker_manager.cpp:60] WorkerManager: FuncWorker of func_id 1, client_id 94 connected
I1102 18:22:57.883367 IO-0/EL  message_connection.cpp:269] FuncWorkerConnection[1-94]: Handshake done
I1102 18:22:57.883382 IO-0/EL  engine.cpp:277] Engine: Receive new handshake message from message connection
I1102 18:22:57.883387 IO-0/EL  worker_manager.cpp:60] WorkerManager: FuncWorker of func_id 1, client_id 95 connected
I1102 18:22:57.883399 IO-0/EL  message_connection.cpp:269] FuncWorkerConnection[1-95]: Handshake done
I1102 18:22:57.883411 IO-0/EL  engine.cpp:277] Engine: Receive new handshake message from message connection
I1102 18:22:57.883416 IO-0/EL  worker_manager.cpp:60] WorkerManager: FuncWorker of func_id 1, client_id 96 connected
I1102 18:22:57.883428 IO-0/EL  message_connection.cpp:269] FuncWorkerConnection[1-96]: Handshake done
I1102 18:22:57.883444 IO-0/EL  engine.cpp:277] Engine: Receive new handshake message from message connection
I1102 18:22:57.883449 IO-0/EL  worker_manager.cpp:60] WorkerManager: FuncWorker of func_id 1, client_id 97 connected
I1102 18:22:57.883472 IO-0/EL  message_connection.cpp:269] FuncWorkerConnection[1-97]: Handshake done
I1102 18:22:57.883485 IO-0/EL  engine.cpp:277] Engine: Receive new handshake message from message connection
I1102 18:22:57.883489 IO-0/EL  worker_manager.cpp:60] WorkerManager: FuncWorker of func_id 1, client_id 98 connected
I1102 18:22:57.883501 IO-0/EL  message_connection.cpp:269] FuncWorkerConnection[1-98]: Handshake done
I1102 18:22:57.883518 IO-0/EL  engine.cpp:277] Engine: Receive new handshake message from message connection
I1102 18:22:57.883522 IO-0/EL  worker_manager.cpp:60] WorkerManager: FuncWorker of func_id 1, client_id 99 connected
I1102 18:22:57.883535 IO-0/EL  message_connection.cpp:269] FuncWorkerConnection[1-99]: Handshake done
I1102 18:22:57.883547 IO-0/EL  engine.cpp:277] Engine: Receive new handshake message from message connection
I1102 18:22:57.883551 IO-0/EL  worker_manager.cpp:60] WorkerManager: FuncWorker of func_id 1, client_id 100 connected
I1102 18:22:57.883564 IO-0/EL  message_connection.cpp:269] FuncWorkerConnection[1-100]: Handshake done
I1102 18:22:57.883577 IO-0/EL  engine.cpp:277] Engine: Receive new handshake message from message connection
I1102 18:22:57.883581 IO-0/EL  worker_manager.cpp:60] WorkerManager: FuncWorker of func_id 1, client_id 101 connected
I1102 18:22:57.883594 IO-0/EL  message_connection.cpp:269] FuncWorkerConnection[1-101]: Handshake done
I1102 18:22:57.883909 Server/E engine.cpp:674] Engine: New message connection
I1102 18:22:57.883940 IO-0/EL  engine.cpp:277] Engine: Receive new handshake message from message connection
I1102 18:22:57.883945 IO-0/EL  worker_manager.cpp:60] WorkerManager: FuncWorker of func_id 1, client_id 102 connected
I1102 18:22:57.883958 IO-0/EL  message_connection.cpp:269] FuncWorkerConnection[1-102]: Handshake done
I1102 18:22:57.884329 Server/E engine.cpp:674] Engine: New message connection
I1102 18:22:57.884360 IO-0/EL  engine.cpp:277] Engine: Receive new handshake message from message connection
I1102 18:22:57.884365 IO-0/EL  worker_manager.cpp:60] WorkerManager: FuncWorker of func_id 1, client_id 103 connected
I1102 18:22:57.884377 IO-0/EL  message_connection.cpp:269] FuncWorkerConnection[1-103]: Handshake done
I1102 18:22:57.884893 Server/E engine.cpp:674] Engine: New message connection
I1102 18:22:57.884921 IO-0/EL  engine.cpp:277] Engine: Receive new handshake message from message connection
I1102 18:22:57.884926 IO-0/EL  worker_manager.cpp:60] WorkerManager: FuncWorker of func_id 1, client_id 104 connected
I1102 18:22:57.884942 IO-0/EL  message_connection.cpp:269] FuncWorkerConnection[1-104]: Handshake done
I1102 18:22:57.885195 Server/E engine.cpp:674] Engine: New message connection
I1102 18:22:57.885227 IO-0/EL  engine.cpp:277] Engine: Receive new handshake message from message connection
I1102 18:22:57.885231 IO-0/EL  worker_manager.cpp:60] WorkerManager: FuncWorker of func_id 1, client_id 105 connected
I1102 18:22:57.885244 IO-0/EL  message_connection.cpp:269] FuncWorkerConnection[1-105]: Handshake done
I1102 18:22:57.885662 Server/E engine.cpp:674] Engine: New message connection
I1102 18:22:57.885688 IO-0/EL  engine.cpp:277] Engine: Receive new handshake message from message connection
I1102 18:22:57.885693 IO-0/EL  worker_manager.cpp:60] WorkerManager: FuncWorker of func_id 1, client_id 106 connected
I1102 18:22:57.885705 IO-0/EL  message_connection.cpp:269] FuncWorkerConnection[1-106]: Handshake done
I1102 18:22:57.886245 Server/E engine.cpp:674] Engine: New message connection
I1102 18:22:57.886276 IO-0/EL  engine.cpp:277] Engine: Receive new handshake message from message connection
I1102 18:22:57.886281 IO-0/EL  worker_manager.cpp:60] WorkerManager: FuncWorker of func_id 1, client_id 107 connected
I1102 18:22:57.886294 IO-0/EL  message_connection.cpp:269] FuncWorkerConnection[1-107]: Handshake done
I1102 18:22:57.886656 Server/E engine.cpp:674] Engine: New message connection
I1102 18:22:57.886687 IO-0/EL  engine.cpp:277] Engine: Receive new handshake message from message connection
I1102 18:22:57.886698 IO-0/EL  worker_manager.cpp:60] WorkerManager: FuncWorker of func_id 1, client_id 108 connected
I1102 18:22:57.886715 IO-0/EL  message_connection.cpp:269] FuncWorkerConnection[1-108]: Handshake done
I1102 18:22:57.887111 Server/E engine.cpp:674] Engine: New message connection
I1102 18:22:57.887139 IO-0/EL  engine.cpp:277] Engine: Receive new handshake message from message connection
I1102 18:22:57.887144 IO-0/EL  worker_manager.cpp:60] WorkerManager: FuncWorker of func_id 1, client_id 109 connected
I1102 18:22:57.887158 IO-0/EL  message_connection.cpp:269] FuncWorkerConnection[1-109]: Handshake done
I1102 18:22:57.887591 Server/E engine.cpp:674] Engine: New message connection
I1102 18:22:57.887622 IO-0/EL  engine.cpp:277] Engine: Receive new handshake message from message connection
I1102 18:22:57.887627 IO-0/EL  worker_manager.cpp:60] WorkerManager: FuncWorker of func_id 1, client_id 110 connected
I1102 18:22:57.887640 IO-0/EL  message_connection.cpp:269] FuncWorkerConnection[1-110]: Handshake done
I1102 18:22:57.888065 Server/E engine.cpp:674] Engine: New message connection
I1102 18:22:57.888101 IO-0/EL  engine.cpp:277] Engine: Receive new handshake message from message connection
I1102 18:22:57.888106 IO-0/EL  worker_manager.cpp:60] WorkerManager: FuncWorker of func_id 1, client_id 111 connected
I1102 18:22:57.888118 IO-0/EL  message_connection.cpp:269] FuncWorkerConnection[1-111]: Handshake done
I1102 18:22:57.888560 Server/E engine.cpp:674] Engine: New message connection
I1102 18:22:57.888592 IO-0/EL  engine.cpp:277] Engine: Receive new handshake message from message connection
I1102 18:22:57.888597 IO-0/EL  worker_manager.cpp:60] WorkerManager: FuncWorker of func_id 1, client_id 112 connected
I1102 18:22:57.888609 IO-0/EL  message_connection.cpp:269] FuncWorkerConnection[1-112]: Handshake done
I1102 18:22:57.889048 Server/E engine.cpp:674] Engine: New message connection
I1102 18:22:57.889072 IO-0/EL  engine.cpp:277] Engine: Receive new handshake message from message connection
I1102 18:22:57.889076 IO-0/EL  worker_manager.cpp:60] WorkerManager: FuncWorker of func_id 1, client_id 113 connected
I1102 18:22:57.889100 IO-0/EL  message_connection.cpp:269] FuncWorkerConnection[1-113]: Handshake done
I1102 18:22:57.889500 Server/E engine.cpp:674] Engine: New message connection
I1102 18:22:57.889520 IO-0/EL  engine.cpp:277] Engine: Receive new handshake message from message connection
I1102 18:22:57.889525 IO-0/EL  worker_manager.cpp:60] WorkerManager: FuncWorker of func_id 1, client_id 114 connected
I1102 18:22:57.889538 IO-0/EL  message_connection.cpp:269] FuncWorkerConnection[1-114]: Handshake done
I1102 18:22:57.889931 Server/E engine.cpp:674] Engine: New message connection
I1102 18:22:57.889955 IO-0/EL  engine.cpp:277] Engine: Receive new handshake message from message connection
I1102 18:22:57.889960 IO-0/EL  worker_manager.cpp:60] WorkerManager: FuncWorker of func_id 1, client_id 115 connected
I1102 18:22:57.889973 IO-0/EL  message_connection.cpp:269] FuncWorkerConnection[1-115]: Handshake done
I1102 18:22:57.890478 Server/E engine.cpp:674] Engine: New message connection
I1102 18:22:57.890499 IO-0/EL  engine.cpp:277] Engine: Receive new handshake message from message connection
I1102 18:22:57.890503 IO-0/EL  worker_manager.cpp:60] WorkerManager: FuncWorker of func_id 1, client_id 116 connected
I1102 18:22:57.890516 IO-0/EL  message_connection.cpp:269] FuncWorkerConnection[1-116]: Handshake done
I1102 18:22:57.890896 Server/E engine.cpp:674] Engine: New message connection
I1102 18:22:57.890925 IO-0/EL  engine.cpp:277] Engine: Receive new handshake message from message connection
I1102 18:22:57.890930 IO-0/EL  worker_manager.cpp:60] WorkerManager: FuncWorker of func_id 1, client_id 117 connected
I1102 18:22:57.890943 IO-0/EL  message_connection.cpp:269] FuncWorkerConnection[1-117]: Handshake done
I1102 18:22:57.891339 Server/E engine.cpp:674] Engine: New message connection
I1102 18:22:57.891361 IO-0/EL  engine.cpp:277] Engine: Receive new handshake message from message connection
I1102 18:22:57.891380 IO-0/EL  worker_manager.cpp:60] WorkerManager: FuncWorker of func_id 1, client_id 118 connected
I1102 18:22:57.891393 IO-0/EL  message_connection.cpp:269] FuncWorkerConnection[1-118]: Handshake done
I1102 18:22:57.891791 Server/E engine.cpp:674] Engine: New message connection
I1102 18:22:57.891816 IO-0/EL  engine.cpp:277] Engine: Receive new handshake message from message connection
I1102 18:22:57.891821 IO-0/EL  worker_manager.cpp:60] WorkerManager: FuncWorker of func_id 1, client_id 119 connected
I1102 18:22:57.891834 IO-0/EL  message_connection.cpp:269] FuncWorkerConnection[1-119]: Handshake done
I1102 18:22:57.915283 Server/E engine.cpp:674] Engine: New message connection
I1102 18:22:57.915312 IO-0/EL  engine.cpp:277] Engine: Receive new handshake message from message connection
I1102 18:22:57.915317 IO-0/EL  worker_manager.cpp:60] WorkerManager: FuncWorker of func_id 1, client_id 121 connected
I1102 18:22:57.915332 IO-0/EL  message_connection.cpp:269] FuncWorkerConnection[1-121]: Handshake done
I1102 18:22:57.915655 Server/E engine.cpp:674] Engine: New message connection
I1102 18:22:57.915684 IO-0/EL  engine.cpp:277] Engine: Receive new handshake message from message connection
I1102 18:22:57.915689 IO-0/EL  worker_manager.cpp:60] WorkerManager: FuncWorker of func_id 1, client_id 120 connected
I1102 18:22:57.915703 IO-0/EL  message_connection.cpp:269] FuncWorkerConnection[1-120]: Handshake done
I1102 18:22:57.915788 Server/E engine.cpp:674] Engine: New message connection
I1102 18:22:57.915819 IO-0/EL  engine.cpp:277] Engine: Receive new handshake message from message connection
I1102 18:22:57.915824 IO-0/EL  worker_manager.cpp:60] WorkerManager: FuncWorker of func_id 1, client_id 122 connected
I1102 18:22:57.915842 IO-0/EL  message_connection.cpp:269] FuncWorkerConnection[1-122]: Handshake done
I1102 18:22:57.916187 Server/E engine.cpp:674] Engine: New message connection
I1102 18:22:57.916211 IO-0/EL  engine.cpp:277] Engine: Receive new handshake message from message connection
I1102 18:22:57.916215 IO-0/EL  worker_manager.cpp:60] WorkerManager: FuncWorker of func_id 1, client_id 123 connected
I1102 18:22:57.916228 IO-0/EL  message_connection.cpp:269] FuncWorkerConnection[1-123]: Handshake done
I1102 18:22:57.916642 Server/E engine.cpp:674] Engine: New message connection
I1102 18:22:57.916665 IO-0/EL  engine.cpp:277] Engine: Receive new handshake message from message connection
I1102 18:22:57.916669 IO-0/EL  worker_manager.cpp:60] WorkerManager: FuncWorker of func_id 1, client_id 124 connected
I1102 18:22:57.916684 IO-0/EL  message_connection.cpp:269] FuncWorkerConnection[1-124]: Handshake done
I1102 18:22:57.917125 Server/E engine.cpp:674] Engine: New message connection
I1102 18:22:57.917147 IO-0/EL  engine.cpp:277] Engine: Receive new handshake message from message connection
I1102 18:22:57.917152 IO-0/EL  worker_manager.cpp:60] WorkerManager: FuncWorker of func_id 1, client_id 125 connected
I1102 18:22:57.917167 IO-0/EL  message_connection.cpp:269] FuncWorkerConnection[1-125]: Handshake done
I1102 18:22:57.917606 Server/E engine.cpp:674] Engine: New message connection
I1102 18:22:57.917631 IO-0/EL  engine.cpp:277] Engine: Receive new handshake message from message connection
I1102 18:22:57.917635 IO-0/EL  worker_manager.cpp:60] WorkerManager: FuncWorker of func_id 1, client_id 126 connected
I1102 18:22:57.917648 IO-0/EL  message_connection.cpp:269] FuncWorkerConnection[1-126]: Handshake done
I1102 18:22:57.918112 Server/E engine.cpp:674] Engine: New message connection
I1102 18:22:57.918135 IO-0/EL  engine.cpp:277] Engine: Receive new handshake message from message connection
I1102 18:22:57.918140 IO-0/EL  worker_manager.cpp:60] WorkerManager: FuncWorker of func_id 1, client_id 127 connected
I1102 18:22:57.918154 IO-0/EL  message_connection.cpp:269] FuncWorkerConnection[1-127]: Handshake done
I1102 18:22:57.919179 Server/E engine.cpp:674] Engine: New message connection
I1102 18:22:57.919206 IO-0/EL  engine.cpp:277] Engine: Receive new handshake message from message connection
I1102 18:22:57.919211 IO-0/EL  worker_manager.cpp:60] WorkerManager: FuncWorker of func_id 1, client_id 128 connected
I1102 18:22:57.919232 IO-0/EL  message_connection.cpp:269] FuncWorkerConnection[1-128]: Handshake done
I1102 18:23:01.532115 IO-0/EL  buffer_pool.h:25] BufferPool[IO-0_Write]: Allocate new buffer, current buffer count is 3
I1102 18:23:01.532140 IO-0/EL  buffer_pool.h:25] BufferPool[IO-0_Write]: Allocate new buffer, current buffer count is 4
I1102 18:23:01.532148 IO-0/EL  buffer_pool.h:25] BufferPool[IO-0_Write]: Allocate new buffer, current buffer count is 5
I1102 18:23:01.532156 IO-0/EL  buffer_pool.h:25] BufferPool[IO-0_Write]: Allocate new buffer, current buffer count is 6
I1102 18:23:02.614196 IO-0/EL  buffer_pool.h:25] BufferPool[IO-0_Write]: Allocate new buffer, current buffer count is 7
I1102 18:23:02.614217 IO-0/EL  buffer_pool.h:25] BufferPool[IO-0_Write]: Allocate new buffer, current buffer count is 8
I1102 18:23:02.614228 IO-0/EL  buffer_pool.h:25] BufferPool[IO-0_Write]: Allocate new buffer, current buffer count is 9
I1102 18:23:02.614239 IO-0/EL  buffer_pool.h:25] BufferPool[IO-0_Write]: Allocate new buffer, current buffer count is 10
I1102 18:23:02.614250 IO-0/EL  buffer_pool.h:25] BufferPool[IO-0_Write]: Allocate new buffer, current buffer count is 11
I1102 18:23:04.778088 IO-0/EL  buffer_pool.h:25] BufferPool[IO-0_Write]: Allocate new buffer, current buffer count is 12
I1102 18:23:04.778115 IO-0/EL  buffer_pool.h:25] BufferPool[IO-0_Write]: Allocate new buffer, current buffer count is 13
I1102 18:23:04.778124 IO-0/EL  buffer_pool.h:25] BufferPool[IO-0_Write]: Allocate new buffer, current buffer count is 14
I1102 18:23:04.778137 IO-0/EL  buffer_pool.h:25] BufferPool[IO-0_Write]: Allocate new buffer, current buffer count is 15
I1102 18:23:04.778148 IO-0/EL  buffer_pool.h:25] BufferPool[IO-0_Write]: Allocate new buffer, current buffer count is 16
I1102 18:23:04.778160 IO-0/EL  buffer_pool.h:25] BufferPool[IO-0_Write]: Allocate new buffer, current buffer count is 17
I1102 18:23:04.778168 IO-0/EL  buffer_pool.h:25] BufferPool[IO-0_Write]: Allocate new buffer, current buffer count is 18
I1102 18:23:04.778183 IO-0/EL  buffer_pool.h:25] BufferPool[IO-0_Write]: Allocate new buffer, current buffer count is 19
I1102 18:23:04.778192 IO-0/EL  buffer_pool.h:25] BufferPool[IO-0_Write]: Allocate new buffer, current buffer count is 20
I1102 18:23:04.778204 IO-0/EL  buffer_pool.h:25] BufferPool[IO-0_Write]: Allocate new buffer, current buffer count is 21
I1102 18:23:05.470430 Main     server_base.cpp:35] Server: Scheduled to stop
I1102 18:23:05.470504 Server/E server_base.cpp:109] Server: Start stopping process
I1102 18:23:05.470575 IO-0/EL  io_worker.cpp:206] IO-0: Start stopping process
I1102 18:23:05.470650 Server/E server_base.cpp:55] Server: Event loop finishes
