I1102 18:23:12.583519 Main     thread.cpp:100] Register main thread: tid=1376194
E1102 18:23:12.584685 Main     docker.cpp:59] Cannot find docker's cgroup in /proc/self/cgroup
I1102 18:23:12.584744 Main     func_config.cpp:135] Load configuration for function Noop[1]
I1102 18:23:12.584756 Main     engine.cpp:109] Engine: Start 1 IO workers
I1102 18:23:12.587986 IO-0/EL  thread.cpp:40] Start thread: IO-0/EL
I1102 18:23:12.588039 IO-0/EL  io_worker.cpp:192] IO-0: Event loop starts
Checking for file descriptor...
Got a file descriptor!
I1102 18:23:14.356792 Main     engine.cpp:180] Engine: Created 1 Machnet connections to Gateway at 10.10.1.2:10007
I1102 18:23:14.356904 Main     engine.cpp:208] Engine: Listen on /dev/shm/faas_ipc/engine.sock for IPC connections
I1102 18:23:14.357160 Server/E thread.cpp:40] Start thread: Server/EL
I1102 18:23:14.357269 Server/E server_base.cpp:50] Server: Event loop starts
I1102 18:23:14.584220 Server/E engine.cpp:674] Engine: New message connection
I1102 18:23:14.587486 IO-0/EL  buffer_pool.h:25] BufferPool[IO-0_Read]: Allocate new buffer, current buffer count is 1
I1102 18:23:14.587517 IO-0/EL  engine.cpp:277] Engine: Receive new handshake message from message connection
I1102 18:23:14.587523 IO-0/EL  worker_manager.cpp:23] WorkerManager: Launcher of func_id 1 connected
I1102 18:23:14.587527 IO-0/EL  worker_manager.cpp:131] WorkerManager: Request new FuncWorker for func_id 1 with client_id 1
I1102 18:23:14.587547 IO-0/EL  worker_manager.cpp:131] WorkerManager: Request new FuncWorker for func_id 1 with client_id 2
I1102 18:23:14.587559 IO-0/EL  worker_manager.cpp:131] WorkerManager: Request new FuncWorker for func_id 1 with client_id 3
I1102 18:23:14.587568 IO-0/EL  worker_manager.cpp:131] WorkerManager: Request new FuncWorker for func_id 1 with client_id 4
I1102 18:23:14.587577 IO-0/EL  worker_manager.cpp:131] WorkerManager: Request new FuncWorker for func_id 1 with client_id 5
I1102 18:23:14.587586 IO-0/EL  worker_manager.cpp:131] WorkerManager: Request new FuncWorker for func_id 1 with client_id 6
I1102 18:23:14.587596 IO-0/EL  worker_manager.cpp:131] WorkerManager: Request new FuncWorker for func_id 1 with client_id 7
I1102 18:23:14.587606 IO-0/EL  worker_manager.cpp:131] WorkerManager: Request new FuncWorker for func_id 1 with client_id 8
I1102 18:23:14.587618 IO-0/EL  worker_manager.cpp:131] WorkerManager: Request new FuncWorker for func_id 1 with client_id 9
I1102 18:23:14.587627 IO-0/EL  worker_manager.cpp:131] WorkerManager: Request new FuncWorker for func_id 1 with client_id 10
I1102 18:23:14.587638 IO-0/EL  worker_manager.cpp:131] WorkerManager: Request new FuncWorker for func_id 1 with client_id 11
I1102 18:23:14.587648 IO-0/EL  worker_manager.cpp:131] WorkerManager: Request new FuncWorker for func_id 1 with client_id 12
I1102 18:23:14.587660 IO-0/EL  worker_manager.cpp:131] WorkerManager: Request new FuncWorker for func_id 1 with client_id 13
I1102 18:23:14.587670 IO-0/EL  worker_manager.cpp:131] WorkerManager: Request new FuncWorker for func_id 1 with client_id 14
I1102 18:23:14.587679 IO-0/EL  worker_manager.cpp:131] WorkerManager: Request new FuncWorker for func_id 1 with client_id 15
I1102 18:23:14.587689 IO-0/EL  worker_manager.cpp:131] WorkerManager: Request new FuncWorker for func_id 1 with client_id 16
I1102 18:23:14.587699 IO-0/EL  worker_manager.cpp:131] WorkerManager: Request new FuncWorker for func_id 1 with client_id 17
I1102 18:23:14.587721 IO-0/EL  worker_manager.cpp:131] WorkerManager: Request new FuncWorker for func_id 1 with client_id 18
I1102 18:23:14.587732 IO-0/EL  worker_manager.cpp:131] WorkerManager: Request new FuncWorker for func_id 1 with client_id 19
I1102 18:23:14.587743 IO-0/EL  worker_manager.cpp:131] WorkerManager: Request new FuncWorker for func_id 1 with client_id 20
I1102 18:23:14.587754 IO-0/EL  worker_manager.cpp:131] WorkerManager: Request new FuncWorker for func_id 1 with client_id 21
I1102 18:23:14.587763 IO-0/EL  worker_manager.cpp:131] WorkerManager: Request new FuncWorker for func_id 1 with client_id 22
I1102 18:23:14.587773 IO-0/EL  worker_manager.cpp:131] WorkerManager: Request new FuncWorker for func_id 1 with client_id 23
I1102 18:23:14.587799 IO-0/EL  worker_manager.cpp:131] WorkerManager: Request new FuncWorker for func_id 1 with client_id 24
I1102 18:23:14.587809 IO-0/EL  worker_manager.cpp:131] WorkerManager: Request new FuncWorker for func_id 1 with client_id 25
I1102 18:23:14.587820 IO-0/EL  worker_manager.cpp:131] WorkerManager: Request new FuncWorker for func_id 1 with client_id 26
I1102 18:23:14.587829 IO-0/EL  worker_manager.cpp:131] WorkerManager: Request new FuncWorker for func_id 1 with client_id 27
I1102 18:23:14.587841 IO-0/EL  worker_manager.cpp:131] WorkerManager: Request new FuncWorker for func_id 1 with client_id 28
I1102 18:23:14.587851 IO-0/EL  worker_manager.cpp:131] WorkerManager: Request new FuncWorker for func_id 1 with client_id 29
I1102 18:23:14.587860 IO-0/EL  worker_manager.cpp:131] WorkerManager: Request new FuncWorker for func_id 1 with client_id 30
I1102 18:23:14.587870 IO-0/EL  worker_manager.cpp:131] WorkerManager: Request new FuncWorker for func_id 1 with client_id 31
I1102 18:23:14.587880 IO-0/EL  worker_manager.cpp:131] WorkerManager: Request new FuncWorker for func_id 1 with client_id 32
I1102 18:23:14.587889 IO-0/EL  worker_manager.cpp:131] WorkerManager: Request new FuncWorker for func_id 1 with client_id 33
I1102 18:23:14.587922 IO-0/EL  worker_manager.cpp:131] WorkerManager: Request new FuncWorker for func_id 1 with client_id 34
I1102 18:23:14.587932 IO-0/EL  worker_manager.cpp:131] WorkerManager: Request new FuncWorker for func_id 1 with client_id 35
I1102 18:23:14.587944 IO-0/EL  worker_manager.cpp:131] WorkerManager: Request new FuncWorker for func_id 1 with client_id 36
I1102 18:23:14.587954 IO-0/EL  worker_manager.cpp:131] WorkerManager: Request new FuncWorker for func_id 1 with client_id 37
I1102 18:23:14.587963 IO-0/EL  worker_manager.cpp:131] WorkerManager: Request new FuncWorker for func_id 1 with client_id 38
I1102 18:23:14.587974 IO-0/EL  worker_manager.cpp:131] WorkerManager: Request new FuncWorker for func_id 1 with client_id 39
I1102 18:23:14.587984 IO-0/EL  worker_manager.cpp:131] WorkerManager: Request new FuncWorker for func_id 1 with client_id 40
I1102 18:23:14.587993 IO-0/EL  worker_manager.cpp:131] WorkerManager: Request new FuncWorker for func_id 1 with client_id 41
I1102 18:23:14.588002 IO-0/EL  worker_manager.cpp:131] WorkerManager: Request new FuncWorker for func_id 1 with client_id 42
I1102 18:23:14.588013 IO-0/EL  worker_manager.cpp:131] WorkerManager: Request new FuncWorker for func_id 1 with client_id 43
I1102 18:23:14.588024 IO-0/EL  worker_manager.cpp:131] WorkerManager: Request new FuncWorker for func_id 1 with client_id 44
I1102 18:23:14.588033 IO-0/EL  worker_manager.cpp:131] WorkerManager: Request new FuncWorker for func_id 1 with client_id 45
I1102 18:23:14.588044 IO-0/EL  worker_manager.cpp:131] WorkerManager: Request new FuncWorker for func_id 1 with client_id 46
I1102 18:23:14.588054 IO-0/EL  worker_manager.cpp:131] WorkerManager: Request new FuncWorker for func_id 1 with client_id 47
I1102 18:23:14.588066 IO-0/EL  worker_manager.cpp:131] WorkerManager: Request new FuncWorker for func_id 1 with client_id 48
I1102 18:23:14.588075 IO-0/EL  worker_manager.cpp:131] WorkerManager: Request new FuncWorker for func_id 1 with client_id 49
I1102 18:23:14.588085 IO-0/EL  worker_manager.cpp:131] WorkerManager: Request new FuncWorker for func_id 1 with client_id 50
I1102 18:23:14.588095 IO-0/EL  worker_manager.cpp:131] WorkerManager: Request new FuncWorker for func_id 1 with client_id 51
I1102 18:23:14.588106 IO-0/EL  worker_manager.cpp:131] WorkerManager: Request new FuncWorker for func_id 1 with client_id 52
I1102 18:23:14.588115 IO-0/EL  worker_manager.cpp:131] WorkerManager: Request new FuncWorker for func_id 1 with client_id 53
I1102 18:23:14.588125 IO-0/EL  worker_manager.cpp:131] WorkerManager: Request new FuncWorker for func_id 1 with client_id 54
I1102 18:23:14.588134 IO-0/EL  worker_manager.cpp:131] WorkerManager: Request new FuncWorker for func_id 1 with client_id 55
I1102 18:23:14.588145 IO-0/EL  worker_manager.cpp:131] WorkerManager: Request new FuncWorker for func_id 1 with client_id 56
I1102 18:23:14.588161 IO-0/EL  worker_manager.cpp:131] WorkerManager: Request new FuncWorker for func_id 1 with client_id 57
I1102 18:23:14.588171 IO-0/EL  worker_manager.cpp:131] WorkerManager: Request new FuncWorker for func_id 1 with client_id 58
I1102 18:23:14.588181 IO-0/EL  worker_manager.cpp:131] WorkerManager: Request new FuncWorker for func_id 1 with client_id 59
I1102 18:23:14.588192 IO-0/EL  worker_manager.cpp:131] WorkerManager: Request new FuncWorker for func_id 1 with client_id 60
I1102 18:23:14.588202 IO-0/EL  worker_manager.cpp:131] WorkerManager: Request new FuncWorker for func_id 1 with client_id 61
I1102 18:23:14.588212 IO-0/EL  worker_manager.cpp:131] WorkerManager: Request new FuncWorker for func_id 1 with client_id 62
I1102 18:23:14.588221 IO-0/EL  worker_manager.cpp:131] WorkerManager: Request new FuncWorker for func_id 1 with client_id 63
I1102 18:23:14.588230 IO-0/EL  worker_manager.cpp:131] WorkerManager: Request new FuncWorker for func_id 1 with client_id 64
I1102 18:23:14.588239 IO-0/EL  worker_manager.cpp:131] WorkerManager: Request new FuncWorker for func_id 1 with client_id 65
I1102 18:23:14.588288 IO-0/EL  worker_manager.cpp:131] WorkerManager: Request new FuncWorker for func_id 1 with client_id 66
I1102 18:23:14.588299 IO-0/EL  worker_manager.cpp:131] WorkerManager: Request new FuncWorker for func_id 1 with client_id 67
I1102 18:23:14.588308 IO-0/EL  worker_manager.cpp:131] WorkerManager: Request new FuncWorker for func_id 1 with client_id 68
I1102 18:23:14.588321 IO-0/EL  worker_manager.cpp:131] WorkerManager: Request new FuncWorker for func_id 1 with client_id 69
I1102 18:23:14.588330 IO-0/EL  worker_manager.cpp:131] WorkerManager: Request new FuncWorker for func_id 1 with client_id 70
I1102 18:23:14.588339 IO-0/EL  worker_manager.cpp:131] WorkerManager: Request new FuncWorker for func_id 1 with client_id 71
I1102 18:23:14.588348 IO-0/EL  worker_manager.cpp:131] WorkerManager: Request new FuncWorker for func_id 1 with client_id 72
I1102 18:23:14.588361 IO-0/EL  worker_manager.cpp:131] WorkerManager: Request new FuncWorker for func_id 1 with client_id 73
I1102 18:23:14.588371 IO-0/EL  worker_manager.cpp:131] WorkerManager: Request new FuncWorker for func_id 1 with client_id 74
I1102 18:23:14.588380 IO-0/EL  worker_manager.cpp:131] WorkerManager: Request new FuncWorker for func_id 1 with client_id 75
I1102 18:23:14.588391 IO-0/EL  worker_manager.cpp:131] WorkerManager: Request new FuncWorker for func_id 1 with client_id 76
I1102 18:23:14.588402 IO-0/EL  worker_manager.cpp:131] WorkerManager: Request new FuncWorker for func_id 1 with client_id 77
I1102 18:23:14.588411 IO-0/EL  worker_manager.cpp:131] WorkerManager: Request new FuncWorker for func_id 1 with client_id 78
I1102 18:23:14.588421 IO-0/EL  worker_manager.cpp:131] WorkerManager: Request new FuncWorker for func_id 1 with client_id 79
I1102 18:23:14.588430 IO-0/EL  worker_manager.cpp:131] WorkerManager: Request new FuncWorker for func_id 1 with client_id 80
I1102 18:23:14.588443 IO-0/EL  worker_manager.cpp:131] WorkerManager: Request new FuncWorker for func_id 1 with client_id 81
I1102 18:23:14.588453 IO-0/EL  worker_manager.cpp:131] WorkerManager: Request new FuncWorker for func_id 1 with client_id 82
I1102 18:23:14.588462 IO-0/EL  worker_manager.cpp:131] WorkerManager: Request new FuncWorker for func_id 1 with client_id 83
I1102 18:23:14.588472 IO-0/EL  worker_manager.cpp:131] WorkerManager: Request new FuncWorker for func_id 1 with client_id 84
I1102 18:23:14.588485 IO-0/EL  worker_manager.cpp:131] WorkerManager: Request new FuncWorker for func_id 1 with client_id 85
I1102 18:23:14.588495 IO-0/EL  worker_manager.cpp:131] WorkerManager: Request new FuncWorker for func_id 1 with client_id 86
I1102 18:23:14.588504 IO-0/EL  worker_manager.cpp:131] WorkerManager: Request new FuncWorker for func_id 1 with client_id 87
I1102 18:23:14.588515 IO-0/EL  worker_manager.cpp:131] WorkerManager: Request new FuncWorker for func_id 1 with client_id 88
I1102 18:23:14.588533 IO-0/EL  worker_manager.cpp:131] WorkerManager: Request new FuncWorker for func_id 1 with client_id 89
I1102 18:23:14.588544 IO-0/EL  worker_manager.cpp:131] WorkerManager: Request new FuncWorker for func_id 1 with client_id 90
I1102 18:23:14.588555 IO-0/EL  worker_manager.cpp:131] WorkerManager: Request new FuncWorker for func_id 1 with client_id 91
I1102 18:23:14.588564 IO-0/EL  worker_manager.cpp:131] WorkerManager: Request new FuncWorker for func_id 1 with client_id 92
I1102 18:23:14.588587 IO-0/EL  worker_manager.cpp:131] WorkerManager: Request new FuncWorker for func_id 1 with client_id 93
I1102 18:23:14.588597 IO-0/EL  worker_manager.cpp:131] WorkerManager: Request new FuncWorker for func_id 1 with client_id 94
I1102 18:23:14.588606 IO-0/EL  worker_manager.cpp:131] WorkerManager: Request new FuncWorker for func_id 1 with client_id 95
I1102 18:23:14.588616 IO-0/EL  worker_manager.cpp:131] WorkerManager: Request new FuncWorker for func_id 1 with client_id 96
I1102 18:23:14.588628 IO-0/EL  worker_manager.cpp:131] WorkerManager: Request new FuncWorker for func_id 1 with client_id 97
I1102 18:23:14.588639 IO-0/EL  worker_manager.cpp:131] WorkerManager: Request new FuncWorker for func_id 1 with client_id 98
I1102 18:23:14.588650 IO-0/EL  worker_manager.cpp:131] WorkerManager: Request new FuncWorker for func_id 1 with client_id 99
I1102 18:23:14.588659 IO-0/EL  worker_manager.cpp:131] WorkerManager: Request new FuncWorker for func_id 1 with client_id 100
I1102 18:23:14.588671 IO-0/EL  worker_manager.cpp:131] WorkerManager: Request new FuncWorker for func_id 1 with client_id 101
I1102 18:23:14.588680 IO-0/EL  worker_manager.cpp:131] WorkerManager: Request new FuncWorker for func_id 1 with client_id 102
I1102 18:23:14.588691 IO-0/EL  worker_manager.cpp:131] WorkerManager: Request new FuncWorker for func_id 1 with client_id 103
I1102 18:23:14.588700 IO-0/EL  worker_manager.cpp:131] WorkerManager: Request new FuncWorker for func_id 1 with client_id 104
I1102 18:23:14.588716 IO-0/EL  worker_manager.cpp:131] WorkerManager: Request new FuncWorker for func_id 1 with client_id 105
I1102 18:23:14.588727 IO-0/EL  worker_manager.cpp:131] WorkerManager: Request new FuncWorker for func_id 1 with client_id 106
I1102 18:23:14.588737 IO-0/EL  worker_manager.cpp:131] WorkerManager: Request new FuncWorker for func_id 1 with client_id 107
I1102 18:23:14.588747 IO-0/EL  worker_manager.cpp:131] WorkerManager: Request new FuncWorker for func_id 1 with client_id 108
I1102 18:23:14.588759 IO-0/EL  worker_manager.cpp:131] WorkerManager: Request new FuncWorker for func_id 1 with client_id 109
I1102 18:23:14.588770 IO-0/EL  worker_manager.cpp:131] WorkerManager: Request new FuncWorker for func_id 1 with client_id 110
I1102 18:23:14.588781 IO-0/EL  worker_manager.cpp:131] WorkerManager: Request new FuncWorker for func_id 1 with client_id 111
I1102 18:23:14.588790 IO-0/EL  worker_manager.cpp:131] WorkerManager: Request new FuncWorker for func_id 1 with client_id 112
I1102 18:23:14.588801 IO-0/EL  worker_manager.cpp:131] WorkerManager: Request new FuncWorker for func_id 1 with client_id 113
I1102 18:23:14.588812 IO-0/EL  worker_manager.cpp:131] WorkerManager: Request new FuncWorker for func_id 1 with client_id 114
I1102 18:23:14.588821 IO-0/EL  worker_manager.cpp:131] WorkerManager: Request new FuncWorker for func_id 1 with client_id 115
I1102 18:23:14.588831 IO-0/EL  worker_manager.cpp:131] WorkerManager: Request new FuncWorker for func_id 1 with client_id 116
I1102 18:23:14.588843 IO-0/EL  worker_manager.cpp:131] WorkerManager: Request new FuncWorker for func_id 1 with client_id 117
I1102 18:23:14.588854 IO-0/EL  worker_manager.cpp:131] WorkerManager: Request new FuncWorker for func_id 1 with client_id 118
I1102 18:23:14.588863 IO-0/EL  worker_manager.cpp:131] WorkerManager: Request new FuncWorker for func_id 1 with client_id 119
I1102 18:23:14.588873 IO-0/EL  worker_manager.cpp:131] WorkerManager: Request new FuncWorker for func_id 1 with client_id 120
I1102 18:23:14.588887 IO-0/EL  worker_manager.cpp:131] WorkerManager: Request new FuncWorker for func_id 1 with client_id 121
I1102 18:23:14.588902 IO-0/EL  worker_manager.cpp:131] WorkerManager: Request new FuncWorker for func_id 1 with client_id 122
I1102 18:23:14.588911 IO-0/EL  worker_manager.cpp:131] WorkerManager: Request new FuncWorker for func_id 1 with client_id 123
I1102 18:23:14.588920 IO-0/EL  worker_manager.cpp:131] WorkerManager: Request new FuncWorker for func_id 1 with client_id 124
I1102 18:23:14.588932 IO-0/EL  worker_manager.cpp:131] WorkerManager: Request new FuncWorker for func_id 1 with client_id 125
I1102 18:23:14.588944 IO-0/EL  worker_manager.cpp:131] WorkerManager: Request new FuncWorker for func_id 1 with client_id 126
I1102 18:23:14.588953 IO-0/EL  worker_manager.cpp:131] WorkerManager: Request new FuncWorker for func_id 1 with client_id 127
I1102 18:23:14.588962 IO-0/EL  worker_manager.cpp:131] WorkerManager: Request new FuncWorker for func_id 1 with client_id 128
I1102 18:23:14.589070 IO-0/EL  buffer_pool.h:25] BufferPool[IO-0_Write]: Allocate new buffer, current buffer count is 1
I1102 18:23:14.589101 IO-0/EL  buffer_pool.h:25] BufferPool[IO-0_Write]: Allocate new buffer, current buffer count is 2
I1102 18:23:14.589134 IO-0/EL  message_connection.cpp:269] LauncherConnection[1]: Handshake done
I1102 18:23:14.592346 Server/E engine.cpp:674] Engine: New message connection
I1102 18:23:14.592381 IO-0/EL  engine.cpp:277] Engine: Receive new handshake message from message connection
I1102 18:23:14.592387 IO-0/EL  worker_manager.cpp:60] WorkerManager: FuncWorker of func_id 1, client_id 1 connected
I1102 18:23:14.592398 IO-0/EL  dispatcher.cpp:47] Dispatcher[1]: min_workers=128
I1102 18:23:14.592402 IO-0/EL  dispatcher.cpp:51] Dispatcher[1]: max_workers=128
I1102 18:23:14.592422 IO-0/EL  message_connection.cpp:269] FuncWorkerConnection[1-1]: Handshake done
I1102 18:23:14.593818 Server/E engine.cpp:674] Engine: New message connection
I1102 18:23:14.593845 IO-0/EL  engine.cpp:277] Engine: Receive new handshake message from message connection
I1102 18:23:14.593850 IO-0/EL  worker_manager.cpp:60] WorkerManager: FuncWorker of func_id 1, client_id 2 connected
I1102 18:23:14.593865 IO-0/EL  message_connection.cpp:269] FuncWorkerConnection[1-2]: Handshake done
I1102 18:23:14.595689 Server/E engine.cpp:674] Engine: New message connection
I1102 18:23:14.595715 IO-0/EL  engine.cpp:277] Engine: Receive new handshake message from message connection
I1102 18:23:14.595720 IO-0/EL  worker_manager.cpp:60] WorkerManager: FuncWorker of func_id 1, client_id 3 connected
I1102 18:23:14.595735 IO-0/EL  message_connection.cpp:269] FuncWorkerConnection[1-3]: Handshake done
I1102 18:23:14.595961 Server/E engine.cpp:674] Engine: New message connection
I1102 18:23:14.595986 IO-0/EL  engine.cpp:277] Engine: Receive new handshake message from message connection
I1102 18:23:14.595991 IO-0/EL  worker_manager.cpp:60] WorkerManager: FuncWorker of func_id 1, client_id 5 connected
I1102 18:23:14.596004 IO-0/EL  message_connection.cpp:269] FuncWorkerConnection[1-5]: Handshake done
I1102 18:23:14.596227 Server/E engine.cpp:674] Engine: New message connection
I1102 18:23:14.596247 IO-0/EL  engine.cpp:277] Engine: Receive new handshake message from message connection
I1102 18:23:14.596251 IO-0/EL  worker_manager.cpp:60] WorkerManager: FuncWorker of func_id 1, client_id 4 connected
I1102 18:23:14.596264 IO-0/EL  message_connection.cpp:269] FuncWorkerConnection[1-4]: Handshake done
I1102 18:23:14.598208 Server/E engine.cpp:674] Engine: New message connection
I1102 18:23:14.598240 IO-0/EL  engine.cpp:277] Engine: Receive new handshake message from message connection
I1102 18:23:14.598245 IO-0/EL  worker_manager.cpp:60] WorkerManager: FuncWorker of func_id 1, client_id 7 connected
I1102 18:23:14.598259 IO-0/EL  message_connection.cpp:269] FuncWorkerConnection[1-7]: Handshake done
I1102 18:23:14.599165 Server/E engine.cpp:674] Engine: New message connection
I1102 18:23:14.599205 IO-0/EL  engine.cpp:277] Engine: Receive new handshake message from message connection
I1102 18:23:14.599210 IO-0/EL  worker_manager.cpp:60] WorkerManager: FuncWorker of func_id 1, client_id 6 connected
I1102 18:23:14.599232 IO-0/EL  message_connection.cpp:269] FuncWorkerConnection[1-6]: Handshake done
I1102 18:23:14.599962 Server/E engine.cpp:674] Engine: New message connection
I1102 18:23:14.600004 IO-0/EL  engine.cpp:277] Engine: Receive new handshake message from message connection
I1102 18:23:14.600010 IO-0/EL  worker_manager.cpp:60] WorkerManager: FuncWorker of func_id 1, client_id 8 connected
I1102 18:23:14.600023 IO-0/EL  message_connection.cpp:269] FuncWorkerConnection[1-8]: Handshake done
I1102 18:23:14.600237 Server/E engine.cpp:674] Engine: New message connection
I1102 18:23:14.600267 IO-0/EL  engine.cpp:277] Engine: Receive new handshake message from message connection
I1102 18:23:14.600272 IO-0/EL  worker_manager.cpp:60] WorkerManager: FuncWorker of func_id 1, client_id 9 connected
I1102 18:23:14.600285 IO-0/EL  message_connection.cpp:269] FuncWorkerConnection[1-9]: Handshake done
I1102 18:23:14.601288 Server/E engine.cpp:674] Engine: New message connection
I1102 18:23:14.601312 Server/E engine.cpp:674] Engine: New message connection
I1102 18:23:14.601317 IO-0/EL  engine.cpp:277] Engine: Receive new handshake message from message connection
I1102 18:23:14.601322 IO-0/EL  worker_manager.cpp:60] WorkerManager: FuncWorker of func_id 1, client_id 10 connected
I1102 18:23:14.601335 IO-0/EL  message_connection.cpp:269] FuncWorkerConnection[1-10]: Handshake done
I1102 18:23:14.601352 IO-0/EL  engine.cpp:277] Engine: Receive new handshake message from message connection
I1102 18:23:14.601357 IO-0/EL  worker_manager.cpp:60] WorkerManager: FuncWorker of func_id 1, client_id 11 connected
I1102 18:23:14.601370 IO-0/EL  message_connection.cpp:269] FuncWorkerConnection[1-11]: Handshake done
I1102 18:23:14.601614 Server/E engine.cpp:674] Engine: New message connection
I1102 18:23:14.601641 IO-0/EL  engine.cpp:277] Engine: Receive new handshake message from message connection
I1102 18:23:14.601645 IO-0/EL  worker_manager.cpp:60] WorkerManager: FuncWorker of func_id 1, client_id 12 connected
I1102 18:23:14.601658 IO-0/EL  message_connection.cpp:269] FuncWorkerConnection[1-12]: Handshake done
I1102 18:23:14.603096 Server/E engine.cpp:674] Engine: New message connection
I1102 18:23:14.603121 Server/E engine.cpp:674] Engine: New message connection
I1102 18:23:14.603129 IO-0/EL  engine.cpp:277] Engine: Receive new handshake message from message connection
I1102 18:23:14.603134 IO-0/EL  worker_manager.cpp:60] WorkerManager: FuncWorker of func_id 1, client_id 14 connected
I1102 18:23:14.603148 IO-0/EL  message_connection.cpp:269] FuncWorkerConnection[1-14]: Handshake done
I1102 18:23:14.603163 IO-0/EL  engine.cpp:277] Engine: Receive new handshake message from message connection
I1102 18:23:14.603167 IO-0/EL  worker_manager.cpp:60] WorkerManager: FuncWorker of func_id 1, client_id 13 connected
I1102 18:23:14.603180 IO-0/EL  message_connection.cpp:269] FuncWorkerConnection[1-13]: Handshake done
I1102 18:23:14.603433 Server/E engine.cpp:674] Engine: New message connection
I1102 18:23:14.603458 IO-0/EL  engine.cpp:277] Engine: Receive new handshake message from message connection
I1102 18:23:14.603463 IO-0/EL  worker_manager.cpp:60] WorkerManager: FuncWorker of func_id 1, client_id 15 connected
I1102 18:23:14.603476 IO-0/EL  message_connection.cpp:269] FuncWorkerConnection[1-15]: Handshake done
I1102 18:23:14.603945 Server/E engine.cpp:674] Engine: New message connection
I1102 18:23:14.603975 IO-0/EL  engine.cpp:277] Engine: Receive new handshake message from message connection
I1102 18:23:14.603980 IO-0/EL  worker_manager.cpp:60] WorkerManager: FuncWorker of func_id 1, client_id 16 connected
I1102 18:23:14.603992 IO-0/EL  message_connection.cpp:269] FuncWorkerConnection[1-16]: Handshake done
I1102 18:23:14.604375 Server/E engine.cpp:674] Engine: New message connection
I1102 18:23:14.604402 IO-0/EL  engine.cpp:277] Engine: Receive new handshake message from message connection
I1102 18:23:14.604406 IO-0/EL  worker_manager.cpp:60] WorkerManager: FuncWorker of func_id 1, client_id 17 connected
I1102 18:23:14.604429 IO-0/EL  message_connection.cpp:269] FuncWorkerConnection[1-17]: Handshake done
I1102 18:23:14.604852 Server/E engine.cpp:674] Engine: New message connection
I1102 18:23:14.604881 IO-0/EL  engine.cpp:277] Engine: Receive new handshake message from message connection
I1102 18:23:14.604886 IO-0/EL  worker_manager.cpp:60] WorkerManager: FuncWorker of func_id 1, client_id 18 connected
I1102 18:23:14.604899 IO-0/EL  message_connection.cpp:269] FuncWorkerConnection[1-18]: Handshake done
I1102 18:23:14.605983 Server/E engine.cpp:674] Engine: New message connection
I1102 18:23:14.606021 IO-0/EL  engine.cpp:277] Engine: Receive new handshake message from message connection
I1102 18:23:14.606026 IO-0/EL  worker_manager.cpp:60] WorkerManager: FuncWorker of func_id 1, client_id 19 connected
I1102 18:23:14.606040 IO-0/EL  message_connection.cpp:269] FuncWorkerConnection[1-19]: Handshake done
I1102 18:23:14.606652 Server/E engine.cpp:674] Engine: New message connection
I1102 18:23:14.606677 IO-0/EL  engine.cpp:277] Engine: Receive new handshake message from message connection
I1102 18:23:14.606682 IO-0/EL  worker_manager.cpp:60] WorkerManager: FuncWorker of func_id 1, client_id 21 connected
I1102 18:23:14.606694 IO-0/EL  message_connection.cpp:269] FuncWorkerConnection[1-21]: Handshake done
I1102 18:23:14.606926 Server/E engine.cpp:674] Engine: New message connection
I1102 18:23:14.606952 IO-0/EL  engine.cpp:277] Engine: Receive new handshake message from message connection
I1102 18:23:14.606957 IO-0/EL  worker_manager.cpp:60] WorkerManager: FuncWorker of func_id 1, client_id 20 connected
I1102 18:23:14.606970 IO-0/EL  message_connection.cpp:269] FuncWorkerConnection[1-20]: Handshake done
I1102 18:23:14.607160 Server/E engine.cpp:674] Engine: New message connection
I1102 18:23:14.607182 IO-0/EL  engine.cpp:277] Engine: Receive new handshake message from message connection
I1102 18:23:14.607187 IO-0/EL  worker_manager.cpp:60] WorkerManager: FuncWorker of func_id 1, client_id 22 connected
I1102 18:23:14.607199 IO-0/EL  message_connection.cpp:269] FuncWorkerConnection[1-22]: Handshake done
I1102 18:23:14.607593 Server/E engine.cpp:674] Engine: New message connection
I1102 18:23:14.607619 IO-0/EL  engine.cpp:277] Engine: Receive new handshake message from message connection
I1102 18:23:14.607623 IO-0/EL  worker_manager.cpp:60] WorkerManager: FuncWorker of func_id 1, client_id 23 connected
I1102 18:23:14.607636 IO-0/EL  message_connection.cpp:269] FuncWorkerConnection[1-23]: Handshake done
I1102 18:23:14.607963 Server/E engine.cpp:674] Engine: New message connection
I1102 18:23:14.607985 IO-0/EL  engine.cpp:277] Engine: Receive new handshake message from message connection
I1102 18:23:14.607990 IO-0/EL  worker_manager.cpp:60] WorkerManager: FuncWorker of func_id 1, client_id 24 connected
I1102 18:23:14.608003 IO-0/EL  message_connection.cpp:269] FuncWorkerConnection[1-24]: Handshake done
I1102 18:23:14.608383 Server/E engine.cpp:674] Engine: New message connection
I1102 18:23:14.608409 IO-0/EL  engine.cpp:277] Engine: Receive new handshake message from message connection
I1102 18:23:14.608414 IO-0/EL  worker_manager.cpp:60] WorkerManager: FuncWorker of func_id 1, client_id 25 connected
I1102 18:23:14.608427 IO-0/EL  message_connection.cpp:269] FuncWorkerConnection[1-25]: Handshake done
I1102 18:23:14.608971 Server/E engine.cpp:674] Engine: New message connection
I1102 18:23:14.608997 IO-0/EL  engine.cpp:277] Engine: Receive new handshake message from message connection
I1102 18:23:14.609001 IO-0/EL  worker_manager.cpp:60] WorkerManager: FuncWorker of func_id 1, client_id 26 connected
I1102 18:23:14.609014 IO-0/EL  message_connection.cpp:269] FuncWorkerConnection[1-26]: Handshake done
I1102 18:23:14.609292 Server/E engine.cpp:674] Engine: New message connection
I1102 18:23:14.609316 IO-0/EL  engine.cpp:277] Engine: Receive new handshake message from message connection
I1102 18:23:14.609321 IO-0/EL  worker_manager.cpp:60] WorkerManager: FuncWorker of func_id 1, client_id 27 connected
I1102 18:23:14.609340 IO-0/EL  message_connection.cpp:269] FuncWorkerConnection[1-27]: Handshake done
I1102 18:23:14.609745 Server/E engine.cpp:674] Engine: New message connection
I1102 18:23:14.609784 IO-0/EL  engine.cpp:277] Engine: Receive new handshake message from message connection
I1102 18:23:14.609789 IO-0/EL  worker_manager.cpp:60] WorkerManager: FuncWorker of func_id 1, client_id 28 connected
I1102 18:23:14.609802 IO-0/EL  message_connection.cpp:269] FuncWorkerConnection[1-28]: Handshake done
I1102 18:23:14.610171 Server/E engine.cpp:674] Engine: New message connection
I1102 18:23:14.610201 IO-0/EL  engine.cpp:277] Engine: Receive new handshake message from message connection
I1102 18:23:14.610205 IO-0/EL  worker_manager.cpp:60] WorkerManager: FuncWorker of func_id 1, client_id 29 connected
I1102 18:23:14.610222 IO-0/EL  message_connection.cpp:269] FuncWorkerConnection[1-29]: Handshake done
I1102 18:23:14.610605 Server/E engine.cpp:674] Engine: New message connection
I1102 18:23:14.610637 IO-0/EL  engine.cpp:277] Engine: Receive new handshake message from message connection
I1102 18:23:14.610641 IO-0/EL  worker_manager.cpp:60] WorkerManager: FuncWorker of func_id 1, client_id 30 connected
I1102 18:23:14.610654 IO-0/EL  message_connection.cpp:269] FuncWorkerConnection[1-30]: Handshake done
I1102 18:23:14.611086 Server/E engine.cpp:674] Engine: New message connection
I1102 18:23:14.611116 IO-0/EL  engine.cpp:277] Engine: Receive new handshake message from message connection
I1102 18:23:14.611120 IO-0/EL  worker_manager.cpp:60] WorkerManager: FuncWorker of func_id 1, client_id 31 connected
I1102 18:23:14.611130 Server/E engine.cpp:674] Engine: New message connection
I1102 18:23:14.611133 IO-0/EL  message_connection.cpp:269] FuncWorkerConnection[1-31]: Handshake done
I1102 18:23:14.611156 IO-0/EL  engine.cpp:277] Engine: Receive new handshake message from message connection
I1102 18:23:14.611161 IO-0/EL  worker_manager.cpp:60] WorkerManager: FuncWorker of func_id 1, client_id 32 connected
I1102 18:23:14.611174 IO-0/EL  message_connection.cpp:269] FuncWorkerConnection[1-32]: Handshake done
I1102 18:23:14.612008 Server/E engine.cpp:674] Engine: New message connection
I1102 18:23:14.612036 IO-0/EL  engine.cpp:277] Engine: Receive new handshake message from message connection
I1102 18:23:14.612041 IO-0/EL  worker_manager.cpp:60] WorkerManager: FuncWorker of func_id 1, client_id 33 connected
I1102 18:23:14.612054 IO-0/EL  message_connection.cpp:269] FuncWorkerConnection[1-33]: Handshake done
I1102 18:23:14.612360 Server/E engine.cpp:674] Engine: New message connection
I1102 18:23:14.612391 IO-0/EL  engine.cpp:277] Engine: Receive new handshake message from message connection
I1102 18:23:14.612396 IO-0/EL  worker_manager.cpp:60] WorkerManager: FuncWorker of func_id 1, client_id 34 connected
I1102 18:23:14.612409 IO-0/EL  message_connection.cpp:269] FuncWorkerConnection[1-34]: Handshake done
I1102 18:23:14.612794 Server/E engine.cpp:674] Engine: New message connection
I1102 18:23:14.612828 IO-0/EL  engine.cpp:277] Engine: Receive new handshake message from message connection
I1102 18:23:14.612832 IO-0/EL  worker_manager.cpp:60] WorkerManager: FuncWorker of func_id 1, client_id 35 connected
I1102 18:23:14.612846 IO-0/EL  message_connection.cpp:269] FuncWorkerConnection[1-35]: Handshake done
I1102 18:23:14.613319 Server/E engine.cpp:674] Engine: New message connection
I1102 18:23:14.613343 IO-0/EL  engine.cpp:277] Engine: Receive new handshake message from message connection
I1102 18:23:14.613347 IO-0/EL  worker_manager.cpp:60] WorkerManager: FuncWorker of func_id 1, client_id 36 connected
I1102 18:23:14.613360 IO-0/EL  message_connection.cpp:269] FuncWorkerConnection[1-36]: Handshake done
I1102 18:23:14.613848 Server/E engine.cpp:674] Engine: New message connection
I1102 18:23:14.613873 IO-0/EL  engine.cpp:277] Engine: Receive new handshake message from message connection
I1102 18:23:14.613878 IO-0/EL  worker_manager.cpp:60] WorkerManager: FuncWorker of func_id 1, client_id 37 connected
I1102 18:23:14.613891 IO-0/EL  message_connection.cpp:269] FuncWorkerConnection[1-37]: Handshake done
I1102 18:23:14.614264 Server/E engine.cpp:674] Engine: New message connection
I1102 18:23:14.614297 IO-0/EL  engine.cpp:277] Engine: Receive new handshake message from message connection
I1102 18:23:14.614302 IO-0/EL  worker_manager.cpp:60] WorkerManager: FuncWorker of func_id 1, client_id 38 connected
I1102 18:23:14.614315 IO-0/EL  message_connection.cpp:269] FuncWorkerConnection[1-38]: Handshake done
I1102 18:23:14.614700 Server/E engine.cpp:674] Engine: New message connection
I1102 18:23:14.614737 IO-0/EL  engine.cpp:277] Engine: Receive new handshake message from message connection
I1102 18:23:14.614742 IO-0/EL  worker_manager.cpp:60] WorkerManager: FuncWorker of func_id 1, client_id 39 connected
I1102 18:23:14.614755 IO-0/EL  message_connection.cpp:269] FuncWorkerConnection[1-39]: Handshake done
I1102 18:23:14.615088 Server/E engine.cpp:674] Engine: New message connection
I1102 18:23:14.615124 IO-0/EL  engine.cpp:277] Engine: Receive new handshake message from message connection
I1102 18:23:14.615129 IO-0/EL  worker_manager.cpp:60] WorkerManager: FuncWorker of func_id 1, client_id 40 connected
I1102 18:23:14.615142 IO-0/EL  message_connection.cpp:269] FuncWorkerConnection[1-40]: Handshake done
I1102 18:23:14.615584 Server/E engine.cpp:674] Engine: New message connection
I1102 18:23:14.615615 IO-0/EL  engine.cpp:277] Engine: Receive new handshake message from message connection
I1102 18:23:14.615620 IO-0/EL  worker_manager.cpp:60] WorkerManager: FuncWorker of func_id 1, client_id 41 connected
I1102 18:23:14.615634 IO-0/EL  message_connection.cpp:269] FuncWorkerConnection[1-41]: Handshake done
I1102 18:23:14.615666 Server/E engine.cpp:674] Engine: New message connection
I1102 18:23:14.615694 IO-0/EL  engine.cpp:277] Engine: Receive new handshake message from message connection
I1102 18:23:14.615698 IO-0/EL  worker_manager.cpp:60] WorkerManager: FuncWorker of func_id 1, client_id 42 connected
I1102 18:23:14.615714 IO-0/EL  message_connection.cpp:269] FuncWorkerConnection[1-42]: Handshake done
I1102 18:23:14.616566 Server/E engine.cpp:674] Engine: New message connection
I1102 18:23:14.616593 IO-0/EL  engine.cpp:277] Engine: Receive new handshake message from message connection
I1102 18:23:14.616599 IO-0/EL  worker_manager.cpp:60] WorkerManager: FuncWorker of func_id 1, client_id 43 connected
I1102 18:23:14.616615 IO-0/EL  message_connection.cpp:269] FuncWorkerConnection[1-43]: Handshake done
I1102 18:23:14.617050 Server/E engine.cpp:674] Engine: New message connection
I1102 18:23:14.617080 IO-0/EL  engine.cpp:277] Engine: Receive new handshake message from message connection
I1102 18:23:14.617085 IO-0/EL  worker_manager.cpp:60] WorkerManager: FuncWorker of func_id 1, client_id 44 connected
I1102 18:23:14.617098 IO-0/EL  message_connection.cpp:269] FuncWorkerConnection[1-44]: Handshake done
I1102 18:23:14.617604 Server/E engine.cpp:674] Engine: New message connection
I1102 18:23:14.617635 IO-0/EL  engine.cpp:277] Engine: Receive new handshake message from message connection
I1102 18:23:14.617639 IO-0/EL  worker_manager.cpp:60] WorkerManager: FuncWorker of func_id 1, client_id 45 connected
I1102 18:23:14.617652 IO-0/EL  message_connection.cpp:269] FuncWorkerConnection[1-45]: Handshake done
I1102 18:23:14.618028 Server/E engine.cpp:674] Engine: New message connection
I1102 18:23:14.618056 IO-0/EL  engine.cpp:277] Engine: Receive new handshake message from message connection
I1102 18:23:14.618060 IO-0/EL  worker_manager.cpp:60] WorkerManager: FuncWorker of func_id 1, client_id 46 connected
I1102 18:23:14.618073 IO-0/EL  message_connection.cpp:269] FuncWorkerConnection[1-46]: Handshake done
I1102 18:23:14.618479 Server/E engine.cpp:674] Engine: New message connection
I1102 18:23:14.618510 IO-0/EL  engine.cpp:277] Engine: Receive new handshake message from message connection
I1102 18:23:14.618514 IO-0/EL  worker_manager.cpp:60] WorkerManager: FuncWorker of func_id 1, client_id 47 connected
I1102 18:23:14.618527 IO-0/EL  message_connection.cpp:269] FuncWorkerConnection[1-47]: Handshake done
I1102 18:23:14.618917 Server/E engine.cpp:674] Engine: New message connection
I1102 18:23:14.618946 IO-0/EL  engine.cpp:277] Engine: Receive new handshake message from message connection
I1102 18:23:14.618951 IO-0/EL  worker_manager.cpp:60] WorkerManager: FuncWorker of func_id 1, client_id 48 connected
I1102 18:23:14.618964 IO-0/EL  message_connection.cpp:269] FuncWorkerConnection[1-48]: Handshake done
I1102 18:23:14.619380 Server/E engine.cpp:674] Engine: New message connection
I1102 18:23:14.619409 IO-0/EL  engine.cpp:277] Engine: Receive new handshake message from message connection
I1102 18:23:14.619414 IO-0/EL  worker_manager.cpp:60] WorkerManager: FuncWorker of func_id 1, client_id 49 connected
I1102 18:23:14.619426 IO-0/EL  message_connection.cpp:269] FuncWorkerConnection[1-49]: Handshake done
I1102 18:23:14.619803 Server/E engine.cpp:674] Engine: New message connection
I1102 18:23:14.619832 IO-0/EL  engine.cpp:277] Engine: Receive new handshake message from message connection
I1102 18:23:14.619837 IO-0/EL  worker_manager.cpp:60] WorkerManager: FuncWorker of func_id 1, client_id 50 connected
I1102 18:23:14.619849 IO-0/EL  message_connection.cpp:269] FuncWorkerConnection[1-50]: Handshake done
I1102 18:23:14.620274 Server/E engine.cpp:674] Engine: New message connection
I1102 18:23:14.620304 IO-0/EL  engine.cpp:277] Engine: Receive new handshake message from message connection
I1102 18:23:14.620309 IO-0/EL  worker_manager.cpp:60] WorkerManager: FuncWorker of func_id 1, client_id 51 connected
I1102 18:23:14.620321 IO-0/EL  message_connection.cpp:269] FuncWorkerConnection[1-51]: Handshake done
I1102 18:23:14.620704 Server/E engine.cpp:674] Engine: New message connection
I1102 18:23:14.620741 IO-0/EL  engine.cpp:277] Engine: Receive new handshake message from message connection
I1102 18:23:14.620746 IO-0/EL  worker_manager.cpp:60] WorkerManager: FuncWorker of func_id 1, client_id 52 connected
I1102 18:23:14.620760 IO-0/EL  message_connection.cpp:269] FuncWorkerConnection[1-52]: Handshake done
I1102 18:23:14.621356 Server/E engine.cpp:674] Engine: New message connection
I1102 18:23:14.621378 Server/E engine.cpp:674] Engine: New message connection
I1102 18:23:14.621386 IO-0/EL  engine.cpp:277] Engine: Receive new handshake message from message connection
I1102 18:23:14.621390 IO-0/EL  worker_manager.cpp:60] WorkerManager: FuncWorker of func_id 1, client_id 54 connected
I1102 18:23:14.621404 IO-0/EL  message_connection.cpp:269] FuncWorkerConnection[1-54]: Handshake done
I1102 18:23:14.621417 IO-0/EL  engine.cpp:277] Engine: Receive new handshake message from message connection
I1102 18:23:14.621420 IO-0/EL  worker_manager.cpp:60] WorkerManager: FuncWorker of func_id 1, client_id 53 connected
I1102 18:23:14.621433 IO-0/EL  message_connection.cpp:269] FuncWorkerConnection[1-53]: Handshake done
I1102 18:23:14.622084 Server/E engine.cpp:674] Engine: New message connection
I1102 18:23:14.622119 IO-0/EL  engine.cpp:277] Engine: Receive new handshake message from message connection
I1102 18:23:14.622125 IO-0/EL  worker_manager.cpp:60] WorkerManager: FuncWorker of func_id 1, client_id 55 connected
I1102 18:23:14.622138 IO-0/EL  message_connection.cpp:269] FuncWorkerConnection[1-55]: Handshake done
I1102 18:23:14.622579 Server/E engine.cpp:674] Engine: New message connection
I1102 18:23:14.622610 IO-0/EL  engine.cpp:277] Engine: Receive new handshake message from message connection
I1102 18:23:14.622615 IO-0/EL  worker_manager.cpp:60] WorkerManager: FuncWorker of func_id 1, client_id 56 connected
I1102 18:23:14.622628 IO-0/EL  message_connection.cpp:269] FuncWorkerConnection[1-56]: Handshake done
I1102 18:23:14.623107 Server/E engine.cpp:674] Engine: New message connection
I1102 18:23:14.623136 IO-0/EL  engine.cpp:277] Engine: Receive new handshake message from message connection
I1102 18:23:14.623141 IO-0/EL  worker_manager.cpp:60] WorkerManager: FuncWorker of func_id 1, client_id 57 connected
I1102 18:23:14.623162 IO-0/EL  message_connection.cpp:269] FuncWorkerConnection[1-57]: Handshake done
I1102 18:23:14.623517 Server/E engine.cpp:674] Engine: New message connection
I1102 18:23:14.623545 IO-0/EL  engine.cpp:277] Engine: Receive new handshake message from message connection
I1102 18:23:14.623550 IO-0/EL  worker_manager.cpp:60] WorkerManager: FuncWorker of func_id 1, client_id 58 connected
I1102 18:23:14.623563 IO-0/EL  message_connection.cpp:269] FuncWorkerConnection[1-58]: Handshake done
I1102 18:23:14.623592 Server/E engine.cpp:674] Engine: New message connection
I1102 18:23:14.623613 IO-0/EL  engine.cpp:277] Engine: Receive new handshake message from message connection
I1102 18:23:14.623617 IO-0/EL  worker_manager.cpp:60] WorkerManager: FuncWorker of func_id 1, client_id 59 connected
I1102 18:23:14.623630 IO-0/EL  message_connection.cpp:269] FuncWorkerConnection[1-59]: Handshake done
I1102 18:23:14.624316 Server/E engine.cpp:674] Engine: New message connection
I1102 18:23:14.624355 IO-0/EL  engine.cpp:277] Engine: Receive new handshake message from message connection
I1102 18:23:14.624360 IO-0/EL  worker_manager.cpp:60] WorkerManager: FuncWorker of func_id 1, client_id 60 connected
I1102 18:23:14.624374 IO-0/EL  message_connection.cpp:269] FuncWorkerConnection[1-60]: Handshake done
I1102 18:23:14.624788 Server/E engine.cpp:674] Engine: New message connection
I1102 18:23:14.624819 IO-0/EL  engine.cpp:277] Engine: Receive new handshake message from message connection
I1102 18:23:14.624824 IO-0/EL  worker_manager.cpp:60] WorkerManager: FuncWorker of func_id 1, client_id 61 connected
I1102 18:23:14.624837 IO-0/EL  message_connection.cpp:269] FuncWorkerConnection[1-61]: Handshake done
I1102 18:23:14.625224 Server/E engine.cpp:674] Engine: New message connection
I1102 18:23:14.625256 IO-0/EL  engine.cpp:277] Engine: Receive new handshake message from message connection
I1102 18:23:14.625260 IO-0/EL  worker_manager.cpp:60] WorkerManager: FuncWorker of func_id 1, client_id 62 connected
I1102 18:23:14.625274 IO-0/EL  message_connection.cpp:269] FuncWorkerConnection[1-62]: Handshake done
I1102 18:23:14.625683 Server/E engine.cpp:674] Engine: New message connection
I1102 18:23:14.625714 IO-0/EL  engine.cpp:277] Engine: Receive new handshake message from message connection
I1102 18:23:14.625720 IO-0/EL  worker_manager.cpp:60] WorkerManager: FuncWorker of func_id 1, client_id 63 connected
I1102 18:23:14.625733 IO-0/EL  message_connection.cpp:269] FuncWorkerConnection[1-63]: Handshake done
I1102 18:23:14.626179 Server/E engine.cpp:674] Engine: New message connection
I1102 18:23:14.626210 IO-0/EL  engine.cpp:277] Engine: Receive new handshake message from message connection
I1102 18:23:14.626214 IO-0/EL  worker_manager.cpp:60] WorkerManager: FuncWorker of func_id 1, client_id 64 connected
I1102 18:23:14.626228 IO-0/EL  message_connection.cpp:269] FuncWorkerConnection[1-64]: Handshake done
I1102 18:23:14.626718 Server/E engine.cpp:674] Engine: New message connection
I1102 18:23:14.626751 IO-0/EL  engine.cpp:277] Engine: Receive new handshake message from message connection
I1102 18:23:14.626756 IO-0/EL  worker_manager.cpp:60] WorkerManager: FuncWorker of func_id 1, client_id 65 connected
I1102 18:23:14.626769 IO-0/EL  message_connection.cpp:269] FuncWorkerConnection[1-65]: Handshake done
I1102 18:23:14.627146 Server/E engine.cpp:674] Engine: New message connection
I1102 18:23:14.627172 IO-0/EL  engine.cpp:277] Engine: Receive new handshake message from message connection
I1102 18:23:14.627176 IO-0/EL  worker_manager.cpp:60] WorkerManager: FuncWorker of func_id 1, client_id 66 connected
I1102 18:23:14.627188 IO-0/EL  message_connection.cpp:269] FuncWorkerConnection[1-66]: Handshake done
I1102 18:23:14.627557 Server/E engine.cpp:674] Engine: New message connection
I1102 18:23:14.627593 IO-0/EL  engine.cpp:277] Engine: Receive new handshake message from message connection
I1102 18:23:14.627597 IO-0/EL  worker_manager.cpp:60] WorkerManager: FuncWorker of func_id 1, client_id 67 connected
I1102 18:23:14.627610 IO-0/EL  message_connection.cpp:269] FuncWorkerConnection[1-67]: Handshake done
I1102 18:23:14.628037 Server/E engine.cpp:674] Engine: New message connection
I1102 18:23:14.628076 IO-0/EL  engine.cpp:277] Engine: Receive new handshake message from message connection
I1102 18:23:14.628081 IO-0/EL  worker_manager.cpp:60] WorkerManager: FuncWorker of func_id 1, client_id 68 connected
I1102 18:23:14.628094 IO-0/EL  message_connection.cpp:269] FuncWorkerConnection[1-68]: Handshake done
I1102 18:23:14.628456 Server/E engine.cpp:674] Engine: New message connection
I1102 18:23:14.628493 IO-0/EL  engine.cpp:277] Engine: Receive new handshake message from message connection
I1102 18:23:14.628497 IO-0/EL  worker_manager.cpp:60] WorkerManager: FuncWorker of func_id 1, client_id 69 connected
I1102 18:23:14.628510 IO-0/EL  message_connection.cpp:269] FuncWorkerConnection[1-69]: Handshake done
I1102 18:23:14.629463 Server/E engine.cpp:674] Engine: New message connection
I1102 18:23:14.629492 IO-0/EL  engine.cpp:277] Engine: Receive new handshake message from message connection
I1102 18:23:14.629497 IO-0/EL  worker_manager.cpp:60] WorkerManager: FuncWorker of func_id 1, client_id 71 connected
I1102 18:23:14.629510 IO-0/EL  message_connection.cpp:269] FuncWorkerConnection[1-71]: Handshake done
I1102 18:23:14.629984 Server/E engine.cpp:674] Engine: New message connection
I1102 18:23:14.630008 Server/E engine.cpp:674] Engine: New message connection
I1102 18:23:14.630016 IO-0/EL  engine.cpp:277] Engine: Receive new handshake message from message connection
I1102 18:23:14.630021 IO-0/EL  worker_manager.cpp:60] WorkerManager: FuncWorker of func_id 1, client_id 72 connected
I1102 18:23:14.630035 IO-0/EL  message_connection.cpp:269] FuncWorkerConnection[1-72]: Handshake done
I1102 18:23:14.630049 IO-0/EL  engine.cpp:277] Engine: Receive new handshake message from message connection
I1102 18:23:14.630052 IO-0/EL  worker_manager.cpp:60] WorkerManager: FuncWorker of func_id 1, client_id 70 connected
I1102 18:23:14.630068 IO-0/EL  message_connection.cpp:269] FuncWorkerConnection[1-70]: Handshake done
I1102 18:23:14.630387 Server/E engine.cpp:674] Engine: New message connection
I1102 18:23:14.630415 IO-0/EL  engine.cpp:277] Engine: Receive new handshake message from message connection
I1102 18:23:14.630419 IO-0/EL  worker_manager.cpp:60] WorkerManager: FuncWorker of func_id 1, client_id 73 connected
I1102 18:23:14.630432 IO-0/EL  message_connection.cpp:269] FuncWorkerConnection[1-73]: Handshake done
I1102 18:23:14.630486 Server/E engine.cpp:674] Engine: New message connection
I1102 18:23:14.630509 IO-0/EL  engine.cpp:277] Engine: Receive new handshake message from message connection
I1102 18:23:14.630513 IO-0/EL  worker_manager.cpp:60] WorkerManager: FuncWorker of func_id 1, client_id 74 connected
I1102 18:23:14.630526 IO-0/EL  message_connection.cpp:269] FuncWorkerConnection[1-74]: Handshake done
I1102 18:23:14.631351 Server/E engine.cpp:674] Engine: New message connection
I1102 18:23:14.631381 IO-0/EL  engine.cpp:277] Engine: Receive new handshake message from message connection
I1102 18:23:14.631386 IO-0/EL  worker_manager.cpp:60] WorkerManager: FuncWorker of func_id 1, client_id 75 connected
I1102 18:23:14.631399 IO-0/EL  message_connection.cpp:269] FuncWorkerConnection[1-75]: Handshake done
I1102 18:23:14.631749 Server/E engine.cpp:674] Engine: New message connection
I1102 18:23:14.631780 IO-0/EL  engine.cpp:277] Engine: Receive new handshake message from message connection
I1102 18:23:14.631785 IO-0/EL  worker_manager.cpp:60] WorkerManager: FuncWorker of func_id 1, client_id 76 connected
I1102 18:23:14.631798 IO-0/EL  message_connection.cpp:269] FuncWorkerConnection[1-76]: Handshake done
I1102 18:23:14.632145 Server/E engine.cpp:674] Engine: New message connection
I1102 18:23:14.632173 IO-0/EL  engine.cpp:277] Engine: Receive new handshake message from message connection
I1102 18:23:14.632177 IO-0/EL  worker_manager.cpp:60] WorkerManager: FuncWorker of func_id 1, client_id 77 connected
I1102 18:23:14.632190 IO-0/EL  message_connection.cpp:269] FuncWorkerConnection[1-77]: Handshake done
I1102 18:23:14.632640 Server/E engine.cpp:674] Engine: New message connection
I1102 18:23:14.632695 IO-0/EL  engine.cpp:277] Engine: Receive new handshake message from message connection
I1102 18:23:14.632700 IO-0/EL  worker_manager.cpp:60] WorkerManager: FuncWorker of func_id 1, client_id 78 connected
I1102 18:23:14.632716 IO-0/EL  message_connection.cpp:269] FuncWorkerConnection[1-78]: Handshake done
I1102 18:23:14.651737 Server/E engine.cpp:674] Engine: New message connection
I1102 18:23:14.651773 Server/E engine.cpp:674] Engine: New message connection
I1102 18:23:14.651781 IO-0/EL  engine.cpp:277] Engine: Receive new handshake message from message connection
I1102 18:23:14.651786 IO-0/EL  worker_manager.cpp:60] WorkerManager: FuncWorker of func_id 1, client_id 79 connected
I1102 18:23:14.651789 Server/E engine.cpp:674] Engine: New message connection
I1102 18:23:14.651800 IO-0/EL  message_connection.cpp:269] FuncWorkerConnection[1-79]: Handshake done
I1102 18:23:14.651805 Server/E engine.cpp:674] Engine: New message connection
I1102 18:23:14.651818 Server/E engine.cpp:674] Engine: New message connection
I1102 18:23:14.651820 IO-0/EL  engine.cpp:277] Engine: Receive new handshake message from message connection
I1102 18:23:14.651826 IO-0/EL  worker_manager.cpp:60] WorkerManager: FuncWorker of func_id 1, client_id 80 connected
I1102 18:23:14.651832 Server/E engine.cpp:674] Engine: New message connection
I1102 18:23:14.651839 IO-0/EL  message_connection.cpp:269] FuncWorkerConnection[1-80]: Handshake done
I1102 18:23:14.651845 Server/E engine.cpp:674] Engine: New message connection
I1102 18:23:14.651852 IO-0/EL  engine.cpp:277] Engine: Receive new handshake message from message connection
I1102 18:23:14.651856 IO-0/EL  worker_manager.cpp:60] WorkerManager: FuncWorker of func_id 1, client_id 81 connected
I1102 18:23:14.651859 Server/E engine.cpp:674] Engine: New message connection
I1102 18:23:14.651869 IO-0/EL  message_connection.cpp:269] FuncWorkerConnection[1-81]: Handshake done
I1102 18:23:14.651872 Server/E engine.cpp:674] Engine: New message connection
I1102 18:23:14.651886 Server/E engine.cpp:674] Engine: New message connection
I1102 18:23:14.651886 IO-0/EL  engine.cpp:277] Engine: Receive new handshake message from message connection
I1102 18:23:14.651905 IO-0/EL  worker_manager.cpp:60] WorkerManager: FuncWorker of func_id 1, client_id 82 connected
I1102 18:23:14.651908 Server/E engine.cpp:674] Engine: New message connection
I1102 18:23:14.651919 IO-0/EL  message_connection.cpp:269] FuncWorkerConnection[1-82]: Handshake done
I1102 18:23:14.651923 Server/E engine.cpp:674] Engine: New message connection
I1102 18:23:14.651933 IO-0/EL  engine.cpp:277] Engine: Receive new handshake message from message connection
I1102 18:23:14.651937 IO-0/EL  worker_manager.cpp:60] WorkerManager: FuncWorker of func_id 1, client_id 83 connected
I1102 18:23:14.651938 Server/E engine.cpp:674] Engine: New message connection
I1102 18:23:14.651950 IO-0/EL  message_connection.cpp:269] FuncWorkerConnection[1-83]: Handshake done
I1102 18:23:14.651952 Server/E engine.cpp:674] Engine: New message connection
I1102 18:23:14.651968 IO-0/EL  engine.cpp:277] Engine: Receive new handshake message from message connection
I1102 18:23:14.651968 Server/E engine.cpp:674] Engine: New message connection
I1102 18:23:14.651972 IO-0/EL  worker_manager.cpp:60] WorkerManager: FuncWorker of func_id 1, client_id 84 connected
I1102 18:23:14.651986 Server/E engine.cpp:674] Engine: New message connection
I1102 18:23:14.651995 IO-0/EL  message_connection.cpp:269] FuncWorkerConnection[1-84]: Handshake done
I1102 18:23:14.651999 Server/E engine.cpp:674] Engine: New message connection
I1102 18:23:14.652009 IO-0/EL  engine.cpp:277] Engine: Receive new handshake message from message connection
I1102 18:23:14.652013 IO-0/EL  worker_manager.cpp:60] WorkerManager: FuncWorker of func_id 1, client_id 85 connected
I1102 18:23:14.652014 Server/E engine.cpp:674] Engine: New message connection
I1102 18:23:14.652028 IO-0/EL  message_connection.cpp:269] FuncWorkerConnection[1-85]: Handshake done
I1102 18:23:14.652029 Server/E engine.cpp:674] Engine: New message connection
I1102 18:23:14.652043 IO-0/EL  engine.cpp:277] Engine: Receive new handshake message from message connection
I1102 18:23:14.652056 IO-0/EL  worker_manager.cpp:60] WorkerManager: FuncWorker of func_id 1, client_id 86 connected
I1102 18:23:14.652057 Server/E engine.cpp:674] Engine: New message connection
I1102 18:23:14.652069 IO-0/EL  message_connection.cpp:269] FuncWorkerConnection[1-86]: Handshake done
I1102 18:23:14.652072 Server/E engine.cpp:674] Engine: New message connection
I1102 18:23:14.652082 IO-0/EL  engine.cpp:277] Engine: Receive new handshake message from message connection
I1102 18:23:14.652088 IO-0/EL  worker_manager.cpp:60] WorkerManager: FuncWorker of func_id 1, client_id 87 connected
I1102 18:23:14.652090 Server/E engine.cpp:674] Engine: New message connection
I1102 18:23:14.652103 Server/E engine.cpp:674] Engine: New message connection
I1102 18:23:14.652104 IO-0/EL  message_connection.cpp:269] FuncWorkerConnection[1-87]: Handshake done
I1102 18:23:14.652118 Server/E engine.cpp:674] Engine: New message connection
I1102 18:23:14.652126 IO-0/EL  engine.cpp:277] Engine: Receive new handshake message from message connection
I1102 18:23:14.652130 IO-0/EL  worker_manager.cpp:60] WorkerManager: FuncWorker of func_id 1, client_id 88 connected
I1102 18:23:14.652132 Server/E engine.cpp:674] Engine: New message connection
I1102 18:23:14.652143 IO-0/EL  message_connection.cpp:269] FuncWorkerConnection[1-88]: Handshake done
I1102 18:23:14.652145 Server/E engine.cpp:674] Engine: New message connection
I1102 18:23:14.652160 Server/E engine.cpp:674] Engine: New message connection
I1102 18:23:14.652161 IO-0/EL  engine.cpp:277] Engine: Receive new handshake message from message connection
I1102 18:23:14.652174 IO-0/EL  worker_manager.cpp:60] WorkerManager: FuncWorker of func_id 1, client_id 89 connected
I1102 18:23:14.652179 Server/E engine.cpp:674] Engine: New message connection
I1102 18:23:14.652188 IO-0/EL  message_connection.cpp:269] FuncWorkerConnection[1-89]: Handshake done
I1102 18:23:14.652191 Server/E engine.cpp:674] Engine: New message connection
I1102 18:23:14.652201 IO-0/EL  engine.cpp:277] Engine: Receive new handshake message from message connection
I1102 18:23:14.652205 IO-0/EL  worker_manager.cpp:60] WorkerManager: FuncWorker of func_id 1, client_id 90 connected
I1102 18:23:14.652206 Server/E engine.cpp:674] Engine: New message connection
I1102 18:23:14.652224 IO-0/EL  message_connection.cpp:269] FuncWorkerConnection[1-90]: Handshake done
I1102 18:23:14.652237 Server/E engine.cpp:674] Engine: New message connection
I1102 18:23:14.652241 IO-0/EL  engine.cpp:277] Engine: Receive new handshake message from message connection
I1102 18:23:14.652246 IO-0/EL  worker_manager.cpp:60] WorkerManager: FuncWorker of func_id 1, client_id 91 connected
I1102 18:23:14.652254 Server/E engine.cpp:674] Engine: New message connection
I1102 18:23:14.652261 IO-0/EL  message_connection.cpp:269] FuncWorkerConnection[1-91]: Handshake done
I1102 18:23:14.652267 Server/E engine.cpp:674] Engine: New message connection
I1102 18:23:14.652274 IO-0/EL  engine.cpp:277] Engine: Receive new handshake message from message connection
I1102 18:23:14.652279 IO-0/EL  worker_manager.cpp:60] WorkerManager: FuncWorker of func_id 1, client_id 92 connected
I1102 18:23:14.652281 Server/E engine.cpp:674] Engine: New message connection
I1102 18:23:14.652292 IO-0/EL  message_connection.cpp:269] FuncWorkerConnection[1-92]: Handshake done
I1102 18:23:14.652299 Server/E engine.cpp:674] Engine: New message connection
I1102 18:23:14.652308 IO-0/EL  engine.cpp:277] Engine: Receive new handshake message from message connection
I1102 18:23:14.652313 IO-0/EL  worker_manager.cpp:60] WorkerManager: FuncWorker of func_id 1, client_id 93 connected
I1102 18:23:14.652314 Server/E engine.cpp:674] Engine: New message connection
I1102 18:23:14.652328 IO-0/EL  message_connection.cpp:269] FuncWorkerConnection[1-93]: Handshake done
I1102 18:23:14.652328 Server/E engine.cpp:674] Engine: New message connection
I1102 18:23:14.652342 IO-0/EL  engine.cpp:277] Engine: Receive new handshake message from message connection
I1102 18:23:14.652356 IO-0/EL  worker_manager.cpp:60] WorkerManager: FuncWorker of func_id 1, client_id 94 connected
I1102 18:23:14.652351 Server/E engine.cpp:674] Engine: New message connection
I1102 18:23:14.652371 IO-0/EL  message_connection.cpp:269] FuncWorkerConnection[1-94]: Handshake done
I1102 18:23:14.652377 Server/E engine.cpp:674] Engine: New message connection
I1102 18:23:14.652388 IO-0/EL  engine.cpp:277] Engine: Receive new handshake message from message connection
I1102 18:23:14.652394 IO-0/EL  worker_manager.cpp:60] WorkerManager: FuncWorker of func_id 1, client_id 95 connected
I1102 18:23:14.652389 Server/E engine.cpp:674] Engine: New message connection
I1102 18:23:14.652407 IO-0/EL  message_connection.cpp:269] FuncWorkerConnection[1-95]: Handshake done
I1102 18:23:14.652412 Server/E engine.cpp:674] Engine: New message connection
I1102 18:23:14.652420 IO-0/EL  engine.cpp:277] Engine: Receive new handshake message from message connection
I1102 18:23:14.652424 IO-0/EL  worker_manager.cpp:60] WorkerManager: FuncWorker of func_id 1, client_id 96 connected
I1102 18:23:14.652439 IO-0/EL  message_connection.cpp:269] FuncWorkerConnection[1-96]: Handshake done
I1102 18:23:14.652455 IO-0/EL  engine.cpp:277] Engine: Receive new handshake message from message connection
I1102 18:23:14.652459 IO-0/EL  worker_manager.cpp:60] WorkerManager: FuncWorker of func_id 1, client_id 97 connected
I1102 18:23:14.652473 IO-0/EL  message_connection.cpp:269] FuncWorkerConnection[1-97]: Handshake done
I1102 18:23:14.652484 IO-0/EL  engine.cpp:277] Engine: Receive new handshake message from message connection
I1102 18:23:14.652488 IO-0/EL  worker_manager.cpp:60] WorkerManager: FuncWorker of func_id 1, client_id 98 connected
I1102 18:23:14.652501 IO-0/EL  message_connection.cpp:269] FuncWorkerConnection[1-98]: Handshake done
I1102 18:23:14.652515 IO-0/EL  engine.cpp:277] Engine: Receive new handshake message from message connection
I1102 18:23:14.652519 IO-0/EL  worker_manager.cpp:60] WorkerManager: FuncWorker of func_id 1, client_id 99 connected
I1102 18:23:14.652532 IO-0/EL  message_connection.cpp:269] FuncWorkerConnection[1-99]: Handshake done
I1102 18:23:14.652543 IO-0/EL  engine.cpp:277] Engine: Receive new handshake message from message connection
I1102 18:23:14.652547 IO-0/EL  worker_manager.cpp:60] WorkerManager: FuncWorker of func_id 1, client_id 100 connected
I1102 18:23:14.652560 IO-0/EL  message_connection.cpp:269] FuncWorkerConnection[1-100]: Handshake done
I1102 18:23:14.652575 IO-0/EL  engine.cpp:277] Engine: Receive new handshake message from message connection
I1102 18:23:14.652580 IO-0/EL  worker_manager.cpp:60] WorkerManager: FuncWorker of func_id 1, client_id 101 connected
I1102 18:23:14.652592 IO-0/EL  message_connection.cpp:269] FuncWorkerConnection[1-101]: Handshake done
I1102 18:23:14.652604 IO-0/EL  engine.cpp:277] Engine: Receive new handshake message from message connection
I1102 18:23:14.652608 IO-0/EL  worker_manager.cpp:60] WorkerManager: FuncWorker of func_id 1, client_id 102 connected
I1102 18:23:14.652626 IO-0/EL  message_connection.cpp:269] FuncWorkerConnection[1-102]: Handshake done
I1102 18:23:14.652639 IO-0/EL  engine.cpp:277] Engine: Receive new handshake message from message connection
I1102 18:23:14.652642 IO-0/EL  worker_manager.cpp:60] WorkerManager: FuncWorker of func_id 1, client_id 103 connected
I1102 18:23:14.652655 IO-0/EL  message_connection.cpp:269] FuncWorkerConnection[1-103]: Handshake done
I1102 18:23:14.652669 IO-0/EL  engine.cpp:277] Engine: Receive new handshake message from message connection
I1102 18:23:14.652673 IO-0/EL  worker_manager.cpp:60] WorkerManager: FuncWorker of func_id 1, client_id 104 connected
I1102 18:23:14.652687 IO-0/EL  message_connection.cpp:269] FuncWorkerConnection[1-104]: Handshake done
I1102 18:23:14.652698 IO-0/EL  engine.cpp:277] Engine: Receive new handshake message from message connection
I1102 18:23:14.652702 IO-0/EL  worker_manager.cpp:60] WorkerManager: FuncWorker of func_id 1, client_id 105 connected
I1102 18:23:14.652727 IO-0/EL  message_connection.cpp:269] FuncWorkerConnection[1-105]: Handshake done
I1102 18:23:14.652743 IO-0/EL  engine.cpp:277] Engine: Receive new handshake message from message connection
I1102 18:23:14.652747 IO-0/EL  worker_manager.cpp:60] WorkerManager: FuncWorker of func_id 1, client_id 106 connected
I1102 18:23:14.652761 IO-0/EL  message_connection.cpp:269] FuncWorkerConnection[1-106]: Handshake done
I1102 18:23:14.652773 IO-0/EL  engine.cpp:277] Engine: Receive new handshake message from message connection
I1102 18:23:14.652776 IO-0/EL  worker_manager.cpp:60] WorkerManager: FuncWorker of func_id 1, client_id 107 connected
I1102 18:23:14.652790 IO-0/EL  message_connection.cpp:269] FuncWorkerConnection[1-107]: Handshake done
I1102 18:23:14.652806 IO-0/EL  engine.cpp:277] Engine: Receive new handshake message from message connection
I1102 18:23:14.652810 IO-0/EL  worker_manager.cpp:60] WorkerManager: FuncWorker of func_id 1, client_id 108 connected
I1102 18:23:14.652823 IO-0/EL  message_connection.cpp:269] FuncWorkerConnection[1-108]: Handshake done
I1102 18:23:14.652834 IO-0/EL  engine.cpp:277] Engine: Receive new handshake message from message connection
I1102 18:23:14.652838 IO-0/EL  worker_manager.cpp:60] WorkerManager: FuncWorker of func_id 1, client_id 109 connected
I1102 18:23:14.652851 IO-0/EL  message_connection.cpp:269] FuncWorkerConnection[1-109]: Handshake done
I1102 18:23:14.652865 IO-0/EL  engine.cpp:277] Engine: Receive new handshake message from message connection
I1102 18:23:14.652869 IO-0/EL  worker_manager.cpp:60] WorkerManager: FuncWorker of func_id 1, client_id 110 connected
I1102 18:23:14.652882 IO-0/EL  message_connection.cpp:269] FuncWorkerConnection[1-110]: Handshake done
I1102 18:23:14.652900 IO-0/EL  engine.cpp:277] Engine: Receive new handshake message from message connection
I1102 18:23:14.652904 IO-0/EL  worker_manager.cpp:60] WorkerManager: FuncWorker of func_id 1, client_id 111 connected
I1102 18:23:14.652916 IO-0/EL  message_connection.cpp:269] FuncWorkerConnection[1-111]: Handshake done
I1102 18:23:14.652931 IO-0/EL  engine.cpp:277] Engine: Receive new handshake message from message connection
I1102 18:23:14.652935 IO-0/EL  worker_manager.cpp:60] WorkerManager: FuncWorker of func_id 1, client_id 112 connected
I1102 18:23:14.652948 IO-0/EL  message_connection.cpp:269] FuncWorkerConnection[1-112]: Handshake done
I1102 18:23:14.652960 IO-0/EL  engine.cpp:277] Engine: Receive new handshake message from message connection
I1102 18:23:14.652963 IO-0/EL  worker_manager.cpp:60] WorkerManager: FuncWorker of func_id 1, client_id 113 connected
I1102 18:23:14.652986 IO-0/EL  message_connection.cpp:269] FuncWorkerConnection[1-113]: Handshake done
I1102 18:23:14.652998 IO-0/EL  engine.cpp:277] Engine: Receive new handshake message from message connection
I1102 18:23:14.653002 IO-0/EL  worker_manager.cpp:60] WorkerManager: FuncWorker of func_id 1, client_id 114 connected
I1102 18:23:14.653015 IO-0/EL  message_connection.cpp:269] FuncWorkerConnection[1-114]: Handshake done
I1102 18:23:14.653026 IO-0/EL  engine.cpp:277] Engine: Receive new handshake message from message connection
I1102 18:23:14.653030 IO-0/EL  worker_manager.cpp:60] WorkerManager: FuncWorker of func_id 1, client_id 115 connected
I1102 18:23:14.653043 IO-0/EL  message_connection.cpp:269] FuncWorkerConnection[1-115]: Handshake done
I1102 18:23:14.653055 IO-0/EL  engine.cpp:277] Engine: Receive new handshake message from message connection
I1102 18:23:14.653058 IO-0/EL  worker_manager.cpp:60] WorkerManager: FuncWorker of func_id 1, client_id 116 connected
I1102 18:23:14.653071 IO-0/EL  message_connection.cpp:269] FuncWorkerConnection[1-116]: Handshake done
I1102 18:23:14.653085 IO-0/EL  engine.cpp:277] Engine: Receive new handshake message from message connection
I1102 18:23:14.653089 IO-0/EL  worker_manager.cpp:60] WorkerManager: FuncWorker of func_id 1, client_id 117 connected
I1102 18:23:14.653102 IO-0/EL  message_connection.cpp:269] FuncWorkerConnection[1-117]: Handshake done
I1102 18:23:14.653113 IO-0/EL  engine.cpp:277] Engine: Receive new handshake message from message connection
I1102 18:23:14.653131 IO-0/EL  worker_manager.cpp:60] WorkerManager: FuncWorker of func_id 1, client_id 118 connected
I1102 18:23:14.653145 IO-0/EL  message_connection.cpp:269] FuncWorkerConnection[1-118]: Handshake done
I1102 18:23:14.653157 IO-0/EL  engine.cpp:277] Engine: Receive new handshake message from message connection
I1102 18:23:14.653161 IO-0/EL  worker_manager.cpp:60] WorkerManager: FuncWorker of func_id 1, client_id 119 connected
I1102 18:23:14.653174 IO-0/EL  message_connection.cpp:269] FuncWorkerConnection[1-119]: Handshake done
I1102 18:23:14.668432 Server/E engine.cpp:674] Engine: New message connection
I1102 18:23:14.668472 IO-0/EL  engine.cpp:277] Engine: Receive new handshake message from message connection
I1102 18:23:14.668477 IO-0/EL  worker_manager.cpp:60] WorkerManager: FuncWorker of func_id 1, client_id 121 connected
I1102 18:23:14.668490 IO-0/EL  message_connection.cpp:269] FuncWorkerConnection[1-121]: Handshake done
I1102 18:23:14.668762 Server/E engine.cpp:674] Engine: New message connection
I1102 18:23:14.668792 IO-0/EL  engine.cpp:277] Engine: Receive new handshake message from message connection
I1102 18:23:14.668797 IO-0/EL  worker_manager.cpp:60] WorkerManager: FuncWorker of func_id 1, client_id 120 connected
I1102 18:23:14.668810 IO-0/EL  message_connection.cpp:269] FuncWorkerConnection[1-120]: Handshake done
I1102 18:23:14.669547 Server/E engine.cpp:674] Engine: New message connection
I1102 18:23:14.669562 Server/E engine.cpp:674] Engine: New message connection
I1102 18:23:14.669568 IO-0/EL  engine.cpp:277] Engine: Receive new handshake message from message connection
I1102 18:23:14.669572 IO-0/EL  worker_manager.cpp:60] WorkerManager: FuncWorker of func_id 1, client_id 122 connected
I1102 18:23:14.669591 IO-0/EL  message_connection.cpp:269] FuncWorkerConnection[1-122]: Handshake done
I1102 18:23:14.669605 IO-0/EL  engine.cpp:277] Engine: Receive new handshake message from message connection
I1102 18:23:14.669609 IO-0/EL  worker_manager.cpp:60] WorkerManager: FuncWorker of func_id 1, client_id 123 connected
I1102 18:23:14.669624 IO-0/EL  message_connection.cpp:269] FuncWorkerConnection[1-123]: Handshake done
I1102 18:23:14.669695 Server/E engine.cpp:674] Engine: New message connection
I1102 18:23:14.669719 IO-0/EL  engine.cpp:277] Engine: Receive new handshake message from message connection
I1102 18:23:14.669724 IO-0/EL  worker_manager.cpp:60] WorkerManager: FuncWorker of func_id 1, client_id 124 connected
I1102 18:23:14.669739 IO-0/EL  message_connection.cpp:269] FuncWorkerConnection[1-124]: Handshake done
I1102 18:23:14.670438 Server/E engine.cpp:674] Engine: New message connection
I1102 18:23:14.670460 IO-0/EL  engine.cpp:277] Engine: Receive new handshake message from message connection
I1102 18:23:14.670465 IO-0/EL  worker_manager.cpp:60] WorkerManager: FuncWorker of func_id 1, client_id 125 connected
I1102 18:23:14.670477 IO-0/EL  message_connection.cpp:269] FuncWorkerConnection[1-125]: Handshake done
I1102 18:23:14.670874 Server/E engine.cpp:674] Engine: New message connection
I1102 18:23:14.670901 IO-0/EL  engine.cpp:277] Engine: Receive new handshake message from message connection
I1102 18:23:14.670906 IO-0/EL  worker_manager.cpp:60] WorkerManager: FuncWorker of func_id 1, client_id 126 connected
I1102 18:23:14.670919 IO-0/EL  message_connection.cpp:269] FuncWorkerConnection[1-126]: Handshake done
I1102 18:23:14.671395 Server/E engine.cpp:674] Engine: New message connection
I1102 18:23:14.671415 IO-0/EL  engine.cpp:277] Engine: Receive new handshake message from message connection
I1102 18:23:14.671419 IO-0/EL  worker_manager.cpp:60] WorkerManager: FuncWorker of func_id 1, client_id 127 connected
I1102 18:23:14.671434 IO-0/EL  message_connection.cpp:269] FuncWorkerConnection[1-127]: Handshake done
I1102 18:23:14.672087 Server/E engine.cpp:674] Engine: New message connection
I1102 18:23:14.672114 IO-0/EL  engine.cpp:277] Engine: Receive new handshake message from message connection
I1102 18:23:14.672119 IO-0/EL  worker_manager.cpp:60] WorkerManager: FuncWorker of func_id 1, client_id 128 connected
I1102 18:23:14.672141 IO-0/EL  message_connection.cpp:269] FuncWorkerConnection[1-128]: Handshake done
I1102 18:23:17.409242 IO-0/EL  buffer_pool.h:25] BufferPool[IO-0_Write]: Allocate new buffer, current buffer count is 3
I1102 18:23:17.409272 IO-0/EL  buffer_pool.h:25] BufferPool[IO-0_Write]: Allocate new buffer, current buffer count is 4
I1102 18:23:18.228543 IO-0/EL  buffer_pool.h:25] BufferPool[IO-0_Write]: Allocate new buffer, current buffer count is 5
I1102 18:23:18.228563 IO-0/EL  buffer_pool.h:25] BufferPool[IO-0_Write]: Allocate new buffer, current buffer count is 6
I1102 18:23:18.228571 IO-0/EL  buffer_pool.h:25] BufferPool[IO-0_Write]: Allocate new buffer, current buffer count is 7
I1102 18:23:18.228578 IO-0/EL  buffer_pool.h:25] BufferPool[IO-0_Write]: Allocate new buffer, current buffer count is 8
I1102 18:23:18.228585 IO-0/EL  buffer_pool.h:25] BufferPool[IO-0_Write]: Allocate new buffer, current buffer count is 9
I1102 18:23:19.048217 IO-0/EL  buffer_pool.h:25] BufferPool[IO-0_Write]: Allocate new buffer, current buffer count is 10
I1102 18:23:19.048236 IO-0/EL  buffer_pool.h:25] BufferPool[IO-0_Write]: Allocate new buffer, current buffer count is 11
I1102 18:23:19.048245 IO-0/EL  buffer_pool.h:25] BufferPool[IO-0_Write]: Allocate new buffer, current buffer count is 12
I1102 18:23:19.048256 IO-0/EL  buffer_pool.h:25] BufferPool[IO-0_Write]: Allocate new buffer, current buffer count is 13
I1102 18:23:19.048264 IO-0/EL  buffer_pool.h:25] BufferPool[IO-0_Write]: Allocate new buffer, current buffer count is 14
I1102 18:23:20.688268 IO-0/EL  buffer_pool.h:25] BufferPool[IO-0_Write]: Allocate new buffer, current buffer count is 15
I1102 18:23:20.688295 IO-0/EL  buffer_pool.h:25] BufferPool[IO-0_Write]: Allocate new buffer, current buffer count is 16
I1102 18:23:20.688309 IO-0/EL  buffer_pool.h:25] BufferPool[IO-0_Write]: Allocate new buffer, current buffer count is 17
I1102 18:23:20.688318 IO-0/EL  buffer_pool.h:25] BufferPool[IO-0_Write]: Allocate new buffer, current buffer count is 18
I1102 18:23:20.688330 IO-0/EL  buffer_pool.h:25] BufferPool[IO-0_Write]: Allocate new buffer, current buffer count is 19
I1102 18:23:20.688342 IO-0/EL  buffer_pool.h:25] BufferPool[IO-0_Write]: Allocate new buffer, current buffer count is 20
I1102 18:23:20.688355 IO-0/EL  buffer_pool.h:25] BufferPool[IO-0_Write]: Allocate new buffer, current buffer count is 21
I1102 18:23:20.688366 IO-0/EL  buffer_pool.h:25] BufferPool[IO-0_Write]: Allocate new buffer, current buffer count is 22
I1102 18:23:20.688380 IO-0/EL  buffer_pool.h:25] BufferPool[IO-0_Write]: Allocate new buffer, current buffer count is 23
I1102 18:23:20.688390 IO-0/EL  buffer_pool.h:25] BufferPool[IO-0_Write]: Allocate new buffer, current buffer count is 24
I1102 18:23:20.688400 IO-0/EL  buffer_pool.h:25] BufferPool[IO-0_Write]: Allocate new buffer, current buffer count is 25
I1102 18:23:20.688415 IO-0/EL  buffer_pool.h:25] BufferPool[IO-0_Write]: Allocate new buffer, current buffer count is 26
I1102 18:23:20.688426 IO-0/EL  buffer_pool.h:25] BufferPool[IO-0_Write]: Allocate new buffer, current buffer count is 27
I1102 18:23:20.688440 IO-0/EL  buffer_pool.h:25] BufferPool[IO-0_Write]: Allocate new buffer, current buffer count is 28
I1102 18:23:20.688454 IO-0/EL  buffer_pool.h:25] BufferPool[IO-0_Write]: Allocate new buffer, current buffer count is 29
I1102 18:23:20.688466 IO-0/EL  buffer_pool.h:25] BufferPool[IO-0_Write]: Allocate new buffer, current buffer count is 30
I1102 18:23:20.688475 IO-0/EL  buffer_pool.h:25] BufferPool[IO-0_Write]: Allocate new buffer, current buffer count is 31
I1102 18:23:20.688485 IO-0/EL  buffer_pool.h:25] BufferPool[IO-0_Write]: Allocate new buffer, current buffer count is 32
I1102 18:23:20.688497 IO-0/EL  buffer_pool.h:25] BufferPool[IO-0_Write]: Allocate new buffer, current buffer count is 33
I1102 18:23:22.434299 Main     server_base.cpp:35] Server: Scheduled to stop
I1102 18:23:22.434507 IO-0/EL  message_connection.cpp:284] LauncherConnection[1]: Connection closed remotely
I1102 18:23:22.434484 Server/E server_base.cpp:109] Server: Start stopping process
I1102 18:23:22.434580 IO-0/EL  io_worker.cpp:206] IO-0: Start stopping process
I1102 18:23:22.434651 Server/E server_base.cpp:55] Server: Event loop finishes
