$ /users/vj2267/nightcore/benchmarks/run_bench.sh --duration 5 --workers 256 --remote vj2267@sm110p-10s10615.wisc.cloudlab.us --remote_addr 10.10.1.2 --machnet --local_machnet_ip 10.10.1.1 --mode noop --target_rps 70000

=== Nightcore Stress Test (noop mode) ===
Mode: noop
Function: Noop
Workers: 256
Duration: 5 seconds
Target RPS (global): 70000
Input size: 64 bytes
Inflight limit per connection: 1
Engine IO workers: 1
Gateway conns per worker: 1
Warmup: 0 seconds
Stress Client: Remote (vj2267@sm110p-10s10615.wisc.cloudlab.us)
Engine Connection Address: 10.10.1.2 (explicit)
Transport: Machnet
  Remote Machnet IP: 10.10.1.2
  Local Machnet IP: 10.10.1.1

Cleaning up any existing stress_client on remote...
Starting stress_client on remote host vj2267@sm110p-10s10615.wisc.cloudlab.us...
  Remote SSH process PID: 1381052
  Output will be saved to: /users/vj2267/nightcore/benchmarks/outputs/stress_client_remote.txt
Waiting for remote stress_client to start...
I1102 18:29:06.823232 Main     thread.cpp:100] Register main thread: tid=1141377
I1102 18:29:06.823303 Main     stress_client.cpp:179] Using Machnet transport on 10.10.1.2:10007
I1102 18:29:06.823308 Main     stress_client_machnet.cpp:37] Starting Machnet event-loop thread...
[Loop Thread 137338659272384] Machnet event-loop thread started
I1102 18:29:06.826528 Server/E thread.cpp:40] Start thread: Server/EL
I1102 18:29:06.826572 Server/E server_base.cpp:50] Server: Event loop starts
I1102 18:29:07.326644 Main     stress_client.cpp:43] === Nightcore Stress Test ===
I1102 18:29:07.326685 Main     stress_client.cpp:44] Function ID: 1
I1102 18:29:07.326692 Main     stress_client.cpp:45] Method ID: 0
I1102 18:29:07.326697 Main     stress_client.cpp:46] Input size: 64 bytes
I1102 18:29:07.326702 Main     stress_client.cpp:47] Global target RPS: 70000
I1102 18:29:07.326707 Main     stress_client.cpp:50] Inflight limit per connection: 1
I1102 18:29:07.326711 Main     stress_client.cpp:51] Warmup: 0s, Duration: 5s
I1102 18:29:07.326716 Main     stress_client.cpp:53] 
I1102 18:29:07.326720 Main     stress_client.cpp:54] ========================================
I1102 18:29:07.326725 Main     stress_client.cpp:57] Waiting for Engine to connect...
Checking for file descriptor...
Got a file descriptor!
Listening on Machnet 10.10.1.2:10007 for Engine connections[Loop Thread 137338659272384] Machnet listener created
Starting Engine (connecting to 10.10.1.2:10007)...
  Engine PID: 1381063
New Machnet connection created: 168427777:1024 -> 168427778:10007
[Receive Thread 137338659272384] Handshake: pinned send flow 168427778:10007 -> 168427777:1024
[Loop Thread 137338659272384] Now sending on flow 168427778:10007 -> 168427777:1024
I1102 18:29:11.430622 Main     stress_client.cpp:71] Engine connected with 1 connection(s)
I1102 18:29:11.430655 Main     stress_client.cpp:73] Global target RPS: 70000
I1102 18:29:11.430661 Main     stress_client.cpp:76] 
I1102 18:29:11.430665 Main     stress_client.cpp:79] Waiting 3 seconds for workers to initialize...
Starting Launcher with 256 workers...
All components started. Stress test will begin after warmup...

I1102 18:29:15.434881 Main     stress_common.cpp:30] [T+1s] Sent: 71435 | Completed: 71433 | Failed: 0 | Latencies: 71433
I1102 18:29:16.436686 Main     stress_common.cpp:30] [T+2s] Sent: 142886 | Completed: 142884 | Failed: 0 | Latencies: 142884
I1102 18:29:17.437775 Main     stress_common.cpp:30] [T+3s] Sent: 214320 | Completed: 214318 | Failed: 0 | Latencies: 214318
I1102 18:29:18.439035 Main     stress_common.cpp:30] [T+4s] Sent: 285755 | Completed: 285753 | Failed: 0 | Latencies: 285753
I1102 18:29:19.440299 Main     stress_common.cpp:30] [T+5s] Sent: 356592 | Completed: 356592 | Failed: 0 | Latencies: 350000
I1102 18:29:19.440334 Main     stress_client.cpp:116] 
I1102 18:29:19.440858 Main     stress_common.cpp:42] ========================================
I1102 18:29:19.440866 Main     stress_common.cpp:43] === Stress Test Results ===
I1102 18:29:19.440872 Main     stress_common.cpp:44] ========================================
I1102 18:29:19.440876 Main     stress_common.cpp:45] Transport:         Machnet
I1102 18:29:19.440882 Main     stress_common.cpp:46] Connections:       1
I1102 18:29:19.440887 Main     stress_common.cpp:47] Duration:          5.01 seconds
I1102 18:29:19.440913 Main     stress_common.cpp:48] Total Sent:        356592
I1102 18:29:19.440918 Main     stress_common.cpp:49] Total Completed:   356592 (100.00%)
I1102 18:29:19.440925 Main     stress_common.cpp:52] Total Failed:      0 (0.00%)
I1102 18:29:19.440931 Main     stress_common.cpp:55] 
I1102 18:29:19.440936 Main     stress_common.cpp:56] Throughput:        71227.7 rps
I1102 18:29:19.440942 Main     stress_common.cpp:57] 
I1102 18:29:19.467368 Main     stress_common.cpp:71] Latency (us):
I1102 18:29:19.467383 Main     stress_common.cpp:72]   Min:    17
I1102 18:29:19.467391 Main     stress_common.cpp:73]   p50:    29
I1102 18:29:19.467396 Main     stress_common.cpp:74]   p90:    30
I1102 18:29:19.467400 Main     stress_common.cpp:75]   p99:    37
I1102 18:29:19.467406 Main     stress_common.cpp:76]   p99.9:  159
I1102 18:29:19.467411 Main     stress_common.cpp:77]   Max:    1793
I1102 18:29:19.467416 Main     stress_common.cpp:82] ========================================
I1102 18:29:19.467422 Main     server_base.cpp:35] Server: Scheduled to stop
I1102 18:29:19.467545 Server/E server_base.cpp:109] Server: Start stopping process
[Loop Thread 137338659272384] Machnet event-loop thread finished
I1102 18:29:19.467686 Server/E server_base.cpp:55] Server: Event loop finishes
I1102 18:29:19.467814 Main     server_base.cpp:46] Server: Stopped

Stress test completed. Shutting down...

Copying results from remote host...
Remote stress_client output:
I1102 18:29:06.823232 Main     thread.cpp:100] Register main thread: tid=1141377
I1102 18:29:06.823303 Main     stress_client.cpp:179] Using Machnet transport on 10.10.1.2:10007
I1102 18:29:06.823308 Main     stress_client_machnet.cpp:37] Starting Machnet event-loop thread...
[Loop Thread 137338659272384] Machnet event-loop thread started
I1102 18:29:06.826528 Server/E thread.cpp:40] Start thread: Server/EL
I1102 18:29:06.826572 Server/E server_base.cpp:50] Server: Event loop starts
I1102 18:29:07.326644 Main     stress_client.cpp:43] === Nightcore Stress Test ===
I1102 18:29:07.326685 Main     stress_client.cpp:44] Function ID: 1
I1102 18:29:07.326692 Main     stress_client.cpp:45] Method ID: 0
I1102 18:29:07.326697 Main     stress_client.cpp:46] Input size: 64 bytes
I1102 18:29:07.326702 Main     stress_client.cpp:47] Global target RPS: 70000
I1102 18:29:07.326707 Main     stress_client.cpp:50] Inflight limit per connection: 1
I1102 18:29:07.326711 Main     stress_client.cpp:51] Warmup: 0s, Duration: 5s
I1102 18:29:07.326716 Main     stress_client.cpp:53] 
I1102 18:29:07.326720 Main     stress_client.cpp:54] ========================================
I1102 18:29:07.326725 Main     stress_client.cpp:57] Waiting for Engine to connect...
Checking for file descriptor...
Got a file descriptor!
Listening on Machnet 10.10.1.2:10007 for Engine connections[Loop Thread 137338659272384] Machnet listener created
New Machnet connection created: 168427777:1024 -> 168427778:10007
[Receive Thread 137338659272384] Handshake: pinned send flow 168427778:10007 -> 168427777:1024
[Loop Thread 137338659272384] Now sending on flow 168427778:10007 -> 168427777:1024
I1102 18:29:11.430622 Main     stress_client.cpp:71] Engine connected with 1 connection(s)
I1102 18:29:11.430655 Main     stress_client.cpp:73] Global target RPS: 70000
I1102 18:29:11.430661 Main     stress_client.cpp:76] 
I1102 18:29:11.430665 Main     stress_client.cpp:79] Waiting 3 seconds for workers to initialize...
I1102 18:29:15.434881 Main     stress_common.cpp:30] [T+1s] Sent: 71435 | Completed: 71433 | Failed: 0 | Latencies: 71433
I1102 18:29:16.436686 Main     stress_common.cpp:30] [T+2s] Sent: 142886 | Completed: 142884 | Failed: 0 | Latencies: 142884
I1102 18:29:17.437775 Main     stress_common.cpp:30] [T+3s] Sent: 214320 | Completed: 214318 | Failed: 0 | Latencies: 214318
I1102 18:29:18.439035 Main     stress_common.cpp:30] [T+4s] Sent: 285755 | Completed: 285753 | Failed: 0 | Latencies: 285753
I1102 18:29:19.440299 Main     stress_common.cpp:30] [T+5s] Sent: 356592 | Completed: 356592 | Failed: 0 | Latencies: 350000
I1102 18:29:19.440334 Main     stress_client.cpp:116] 
I1102 18:29:19.440858 Main     stress_common.cpp:42] ========================================
I1102 18:29:19.440866 Main     stress_common.cpp:43] === Stress Test Results ===
I1102 18:29:19.440872 Main     stress_common.cpp:44] ========================================
I1102 18:29:19.440876 Main     stress_common.cpp:45] Transport:         Machnet
I1102 18:29:19.440882 Main     stress_common.cpp:46] Connections:       1
I1102 18:29:19.440887 Main     stress_common.cpp:47] Duration:          5.01 seconds
I1102 18:29:19.440913 Main     stress_common.cpp:48] Total Sent:        356592
I1102 18:29:19.440918 Main     stress_common.cpp:49] Total Completed:   356592 (100.00%)
I1102 18:29:19.440925 Main     stress_common.cpp:52] Total Failed:      0 (0.00%)
I1102 18:29:19.440931 Main     stress_common.cpp:55] 
I1102 18:29:19.440936 Main     stress_common.cpp:56] Throughput:        71227.7 rps
I1102 18:29:19.440942 Main     stress_common.cpp:57] 
I1102 18:29:19.467368 Main     stress_common.cpp:71] Latency (us):
I1102 18:29:19.467383 Main     stress_common.cpp:72]   Min:    17
I1102 18:29:19.467391 Main     stress_common.cpp:73]   p50:    29
I1102 18:29:19.467396 Main     stress_common.cpp:74]   p90:    30
I1102 18:29:19.467400 Main     stress_common.cpp:75]   p99:    37
I1102 18:29:19.467406 Main     stress_common.cpp:76]   p99.9:  159
I1102 18:29:19.467411 Main     stress_common.cpp:77]   Max:    1793
I1102 18:29:19.467416 Main     stress_common.cpp:82] ========================================
I1102 18:29:19.467422 Main     server_base.cpp:35] Server: Scheduled to stop
I1102 18:29:19.467545 Server/E server_base.cpp:109] Server: Start stopping process
[Loop Thread 137338659272384] Machnet event-loop thread finished
I1102 18:29:19.467686 Server/E server_base.cpp:55] Server: Event loop finishes
I1102 18:29:19.467814 Main     server_base.cpp:46] Server: Stopped

Cleaning up any remaining remote stress_client processes...

Logs saved to:
  Engine:   /users/vj2267/nightcore/benchmarks/outputs/engine.log
  Launcher: /users/vj2267/nightcore/benchmarks/outputs/launcher.log
  Workers:  /users/vj2267/nightcore/benchmarks/outputs/Noop_worker_*.stdout
