I1102 18:47:00.549195 Main     thread.cpp:100] Register main thread: tid=1388340
E1102 18:47:00.549450 Main     docker.cpp:59] Cannot find docker's cgroup in /proc/self/cgroup
I1102 18:47:00.549503 Main     func_config.cpp:135] Load configuration for function Echo[1]
I1102 18:47:00.549513 Main     engine.cpp:109] Engine: Start 1 IO workers
I1102 18:47:00.552721 IO-0/EL  thread.cpp:40] Start thread: IO-0/EL
I1102 18:47:00.552767 IO-0/EL  io_worker.cpp:192] IO-0: Event loop starts
Checking for file descriptor...
Got a file descriptor!
I1102 18:47:02.362265 Main     engine.cpp:180] Engine: Created 1 Machnet connections to Gateway at 10.10.1.2:10007
I1102 18:47:02.362373 Main     engine.cpp:208] Engine: Listen on /dev/shm/faas_ipc/engine.sock for IPC connections
I1102 18:47:02.362593 Server/E thread.cpp:40] Start thread: Server/EL
I1102 18:47:02.362637 Server/E server_base.cpp:50] Server: Event loop starts
I1102 18:47:02.552549 Server/E engine.cpp:674] Engine: New message connection
I1102 18:47:02.555883 IO-0/EL  buffer_pool.h:25] BufferPool[IO-0_Read]: Allocate new buffer, current buffer count is 1
I1102 18:47:02.555908 IO-0/EL  engine.cpp:277] Engine: Receive new handshake message from message connection
I1102 18:47:02.555913 IO-0/EL  worker_manager.cpp:23] WorkerManager: Launcher of func_id 1 connected
I1102 18:47:02.555916 IO-0/EL  worker_manager.cpp:131] WorkerManager: Request new FuncWorker for func_id 1 with client_id 1
I1102 18:47:02.555931 IO-0/EL  worker_manager.cpp:131] WorkerManager: Request new FuncWorker for func_id 1 with client_id 2
I1102 18:47:02.555940 IO-0/EL  worker_manager.cpp:131] WorkerManager: Request new FuncWorker for func_id 1 with client_id 3
I1102 18:47:02.555948 IO-0/EL  worker_manager.cpp:131] WorkerManager: Request new FuncWorker for func_id 1 with client_id 4
I1102 18:47:02.555971 IO-0/EL  buffer_pool.h:25] BufferPool[IO-0_Write]: Allocate new buffer, current buffer count is 1
I1102 18:47:02.555980 IO-0/EL  message_connection.cpp:269] LauncherConnection[1]: Handshake done
I1102 18:47:02.560026 Server/E engine.cpp:674] Engine: New message connection
I1102 18:47:02.560053 IO-0/EL  engine.cpp:277] Engine: Receive new handshake message from message connection
I1102 18:47:02.560058 IO-0/EL  worker_manager.cpp:60] WorkerManager: FuncWorker of func_id 1, client_id 1 connected
I1102 18:47:02.560066 IO-0/EL  dispatcher.cpp:47] Dispatcher[1]: min_workers=4
I1102 18:47:02.560073 IO-0/EL  dispatcher.cpp:51] Dispatcher[1]: max_workers=4
I1102 18:47:02.560093 IO-0/EL  message_connection.cpp:269] FuncWorkerConnection[1-1]: Handshake done
I1102 18:47:02.561219 Server/E engine.cpp:674] Engine: New message connection
I1102 18:47:02.561249 IO-0/EL  engine.cpp:277] Engine: Receive new handshake message from message connection
I1102 18:47:02.561254 IO-0/EL  worker_manager.cpp:60] WorkerManager: FuncWorker of func_id 1, client_id 2 connected
I1102 18:47:02.561267 IO-0/EL  message_connection.cpp:269] FuncWorkerConnection[1-2]: Handshake done
I1102 18:47:02.561674 Server/E engine.cpp:674] Engine: New message connection
I1102 18:47:02.561698 IO-0/EL  engine.cpp:277] Engine: Receive new handshake message from message connection
I1102 18:47:02.561703 IO-0/EL  worker_manager.cpp:60] WorkerManager: FuncWorker of func_id 1, client_id 3 connected
I1102 18:47:02.561717 IO-0/EL  message_connection.cpp:269] FuncWorkerConnection[1-3]: Handshake done
I1102 18:47:02.562081 Server/E engine.cpp:674] Engine: New message connection
I1102 18:47:02.562101 IO-0/EL  engine.cpp:277] Engine: Receive new handshake message from message connection
I1102 18:47:02.562105 IO-0/EL  worker_manager.cpp:60] WorkerManager: FuncWorker of func_id 1, client_id 4 connected
I1102 18:47:02.562116 IO-0/EL  message_connection.cpp:269] FuncWorkerConnection[1-4]: Handshake done
I1102 18:47:05.457494 IO-0/EL  buffer_pool.h:25] BufferPool[IO-0_Write]: Allocate new buffer, current buffer count is 2
I1102 18:47:05.457521 IO-0/EL  buffer_pool.h:25] BufferPool[IO-0_Write]: Allocate new buffer, current buffer count is 3
I1102 18:47:05.457532 IO-0/EL  buffer_pool.h:25] BufferPool[IO-0_Write]: Allocate new buffer, current buffer count is 4
I1102 18:47:10.571612 Main     server_base.cpp:35] Server: Scheduled to stop
I1102 18:47:10.571761 Server/E server_base.cpp:109] Server: Start stopping process
I1102 18:47:10.571828 IO-0/EL  io_worker.cpp:206] IO-0: Start stopping process
I1102 18:47:10.571886 Server/E server_base.cpp:55] Server: Event loop finishes
