I1102 19:01:44.638641 Main     thread.cpp:100] Register main thread: tid=1393286
E1102 19:01:44.639109 Main     docker.cpp:59] Cannot find docker's cgroup in /proc/self/cgroup
I1102 19:01:44.639158 Main     func_config.cpp:135] Load configuration for function Echo[1]
I1102 19:01:44.639169 Main     engine.cpp:109] Engine: Start 1 IO workers
I1102 19:01:44.642451 IO-0/EL  thread.cpp:40] Start thread: IO-0/EL
I1102 19:01:44.642499 IO-0/EL  io_worker.cpp:192] IO-0: Event loop starts
Checking for file descriptor...
Got a file descriptor!
I1102 19:01:46.365776 Main     engine.cpp:180] Engine: Created 1 Machnet connections to Gateway at 10.10.1.2:10007
I1102 19:01:46.365896 Main     engine.cpp:208] Engine: Listen on /dev/shm/faas_ipc/engine.sock for IPC connections
I1102 19:01:46.366200 Server/E thread.cpp:40] Start thread: Server/EL
I1102 19:01:46.366323 Server/E server_base.cpp:50] Server: Event loop starts
I1102 19:01:46.641925 Server/E engine.cpp:674] Engine: New message connection
I1102 19:01:46.645220 IO-0/EL  buffer_pool.h:25] BufferPool[IO-0_Read]: Allocate new buffer, current buffer count is 1
I1102 19:01:46.645253 IO-0/EL  engine.cpp:277] Engine: Receive new handshake message from message connection
I1102 19:01:46.645258 IO-0/EL  worker_manager.cpp:23] WorkerManager: Launcher of func_id 1 connected
I1102 19:01:46.645262 IO-0/EL  worker_manager.cpp:131] WorkerManager: Request new FuncWorker for func_id 1 with client_id 1
I1102 19:01:46.645281 IO-0/EL  worker_manager.cpp:131] WorkerManager: Request new FuncWorker for func_id 1 with client_id 2
I1102 19:01:46.645293 IO-0/EL  worker_manager.cpp:131] WorkerManager: Request new FuncWorker for func_id 1 with client_id 3
I1102 19:01:46.645303 IO-0/EL  worker_manager.cpp:131] WorkerManager: Request new FuncWorker for func_id 1 with client_id 4
I1102 19:01:46.645312 IO-0/EL  worker_manager.cpp:131] WorkerManager: Request new FuncWorker for func_id 1 with client_id 5
I1102 19:01:46.645321 IO-0/EL  worker_manager.cpp:131] WorkerManager: Request new FuncWorker for func_id 1 with client_id 6
I1102 19:01:46.645332 IO-0/EL  worker_manager.cpp:131] WorkerManager: Request new FuncWorker for func_id 1 with client_id 7
I1102 19:01:46.645341 IO-0/EL  worker_manager.cpp:131] WorkerManager: Request new FuncWorker for func_id 1 with client_id 8
I1102 19:01:46.645353 IO-0/EL  worker_manager.cpp:131] WorkerManager: Request new FuncWorker for func_id 1 with client_id 9
I1102 19:01:46.645362 IO-0/EL  worker_manager.cpp:131] WorkerManager: Request new FuncWorker for func_id 1 with client_id 10
I1102 19:01:46.645374 IO-0/EL  worker_manager.cpp:131] WorkerManager: Request new FuncWorker for func_id 1 with client_id 11
I1102 19:01:46.645384 IO-0/EL  worker_manager.cpp:131] WorkerManager: Request new FuncWorker for func_id 1 with client_id 12
I1102 19:01:46.645395 IO-0/EL  worker_manager.cpp:131] WorkerManager: Request new FuncWorker for func_id 1 with client_id 13
I1102 19:01:46.645405 IO-0/EL  worker_manager.cpp:131] WorkerManager: Request new FuncWorker for func_id 1 with client_id 14
I1102 19:01:46.645414 IO-0/EL  worker_manager.cpp:131] WorkerManager: Request new FuncWorker for func_id 1 with client_id 15
I1102 19:01:46.645425 IO-0/EL  worker_manager.cpp:131] WorkerManager: Request new FuncWorker for func_id 1 with client_id 16
I1102 19:01:46.645434 IO-0/EL  worker_manager.cpp:131] WorkerManager: Request new FuncWorker for func_id 1 with client_id 17
I1102 19:01:46.645453 IO-0/EL  worker_manager.cpp:131] WorkerManager: Request new FuncWorker for func_id 1 with client_id 18
I1102 19:01:46.645463 IO-0/EL  worker_manager.cpp:131] WorkerManager: Request new FuncWorker for func_id 1 with client_id 19
I1102 19:01:46.645474 IO-0/EL  worker_manager.cpp:131] WorkerManager: Request new FuncWorker for func_id 1 with client_id 20
I1102 19:01:46.645485 IO-0/EL  worker_manager.cpp:131] WorkerManager: Request new FuncWorker for func_id 1 with client_id 21
I1102 19:01:46.645495 IO-0/EL  worker_manager.cpp:131] WorkerManager: Request new FuncWorker for func_id 1 with client_id 22
I1102 19:01:46.645504 IO-0/EL  worker_manager.cpp:131] WorkerManager: Request new FuncWorker for func_id 1 with client_id 23
I1102 19:01:46.645533 IO-0/EL  worker_manager.cpp:131] WorkerManager: Request new FuncWorker for func_id 1 with client_id 24
I1102 19:01:46.645543 IO-0/EL  worker_manager.cpp:131] WorkerManager: Request new FuncWorker for func_id 1 with client_id 25
I1102 19:01:46.645552 IO-0/EL  worker_manager.cpp:131] WorkerManager: Request new FuncWorker for func_id 1 with client_id 26
I1102 19:01:46.645561 IO-0/EL  worker_manager.cpp:131] WorkerManager: Request new FuncWorker for func_id 1 with client_id 27
I1102 19:01:46.645573 IO-0/EL  worker_manager.cpp:131] WorkerManager: Request new FuncWorker for func_id 1 with client_id 28
I1102 19:01:46.645583 IO-0/EL  worker_manager.cpp:131] WorkerManager: Request new FuncWorker for func_id 1 with client_id 29
I1102 19:01:46.645593 IO-0/EL  worker_manager.cpp:131] WorkerManager: Request new FuncWorker for func_id 1 with client_id 30
I1102 19:01:46.645603 IO-0/EL  worker_manager.cpp:131] WorkerManager: Request new FuncWorker for func_id 1 with client_id 31
I1102 19:01:46.645612 IO-0/EL  worker_manager.cpp:131] WorkerManager: Request new FuncWorker for func_id 1 with client_id 32
I1102 19:01:46.645652 IO-0/EL  buffer_pool.h:25] BufferPool[IO-0_Write]: Allocate new buffer, current buffer count is 1
I1102 19:01:46.645684 IO-0/EL  message_connection.cpp:269] LauncherConnection[1]: Handshake done
I1102 19:01:46.649445 Server/E engine.cpp:674] Engine: New message connection
I1102 19:01:46.649503 IO-0/EL  engine.cpp:277] Engine: Receive new handshake message from message connection
I1102 19:01:46.649509 IO-0/EL  worker_manager.cpp:60] WorkerManager: FuncWorker of func_id 1, client_id 1 connected
I1102 19:01:46.649519 IO-0/EL  dispatcher.cpp:47] Dispatcher[1]: min_workers=32
I1102 19:01:46.649523 IO-0/EL  dispatcher.cpp:51] Dispatcher[1]: max_workers=32
I1102 19:01:46.649545 IO-0/EL  message_connection.cpp:269] FuncWorkerConnection[1-1]: Handshake done
I1102 19:01:46.650516 Server/E engine.cpp:674] Engine: New message connection
I1102 19:01:46.650546 IO-0/EL  engine.cpp:277] Engine: Receive new handshake message from message connection
I1102 19:01:46.650552 IO-0/EL  worker_manager.cpp:60] WorkerManager: FuncWorker of func_id 1, client_id 2 connected
I1102 19:01:46.650568 IO-0/EL  message_connection.cpp:269] FuncWorkerConnection[1-2]: Handshake done
I1102 19:01:46.652765 Server/E engine.cpp:674] Engine: New message connection
I1102 19:01:46.652796 IO-0/EL  engine.cpp:277] Engine: Receive new handshake message from message connection
I1102 19:01:46.652801 IO-0/EL  worker_manager.cpp:60] WorkerManager: FuncWorker of func_id 1, client_id 3 connected
I1102 19:01:46.652816 IO-0/EL  message_connection.cpp:269] FuncWorkerConnection[1-3]: Handshake done
I1102 19:01:46.653197 Server/E engine.cpp:674] Engine: New message connection
I1102 19:01:46.653222 IO-0/EL  engine.cpp:277] Engine: Receive new handshake message from message connection
I1102 19:01:46.653227 IO-0/EL  worker_manager.cpp:60] WorkerManager: FuncWorker of func_id 1, client_id 4 connected
I1102 19:01:46.653240 IO-0/EL  message_connection.cpp:269] FuncWorkerConnection[1-4]: Handshake done
I1102 19:01:46.653685 Server/E engine.cpp:674] Engine: New message connection
I1102 19:01:46.653706 IO-0/EL  engine.cpp:277] Engine: Receive new handshake message from message connection
I1102 19:01:46.653714 IO-0/EL  worker_manager.cpp:60] WorkerManager: FuncWorker of func_id 1, client_id 5 connected
I1102 19:01:46.653727 IO-0/EL  message_connection.cpp:269] FuncWorkerConnection[1-5]: Handshake done
I1102 19:01:46.655539 Server/E engine.cpp:674] Engine: New message connection
I1102 19:01:46.655573 IO-0/EL  engine.cpp:277] Engine: Receive new handshake message from message connection
I1102 19:01:46.655578 IO-0/EL  worker_manager.cpp:60] WorkerManager: FuncWorker of func_id 1, client_id 6 connected
I1102 19:01:46.655591 IO-0/EL  message_connection.cpp:269] FuncWorkerConnection[1-6]: Handshake done
I1102 19:01:46.655668 Server/E engine.cpp:674] Engine: New message connection
I1102 19:01:46.655702 IO-0/EL  engine.cpp:277] Engine: Receive new handshake message from message connection
I1102 19:01:46.655707 IO-0/EL  worker_manager.cpp:60] WorkerManager: FuncWorker of func_id 1, client_id 7 connected
I1102 19:01:46.655724 IO-0/EL  message_connection.cpp:269] FuncWorkerConnection[1-7]: Handshake done
I1102 19:01:46.656892 Server/E engine.cpp:674] Engine: New message connection
I1102 19:01:46.656915 IO-0/EL  engine.cpp:277] Engine: Receive new handshake message from message connection
I1102 19:01:46.656920 IO-0/EL  worker_manager.cpp:60] WorkerManager: FuncWorker of func_id 1, client_id 9 connected
I1102 19:01:46.656934 IO-0/EL  message_connection.cpp:269] FuncWorkerConnection[1-9]: Handshake done
I1102 19:01:46.657328 Server/E engine.cpp:674] Engine: New message connection
I1102 19:01:46.657350 IO-0/EL  engine.cpp:277] Engine: Receive new handshake message from message connection
I1102 19:01:46.657354 IO-0/EL  worker_manager.cpp:60] WorkerManager: FuncWorker of func_id 1, client_id 10 connected
I1102 19:01:46.657367 IO-0/EL  message_connection.cpp:269] FuncWorkerConnection[1-10]: Handshake done
I1102 19:01:46.657877 Server/E engine.cpp:674] Engine: New message connection
I1102 19:01:46.657902 IO-0/EL  engine.cpp:277] Engine: Receive new handshake message from message connection
I1102 19:01:46.657907 IO-0/EL  worker_manager.cpp:60] WorkerManager: FuncWorker of func_id 1, client_id 11 connected
I1102 19:01:46.657920 IO-0/EL  message_connection.cpp:269] FuncWorkerConnection[1-11]: Handshake done
I1102 19:01:46.658324 Server/E engine.cpp:674] Engine: New message connection
I1102 19:01:46.658348 IO-0/EL  engine.cpp:277] Engine: Receive new handshake message from message connection
I1102 19:01:46.658353 IO-0/EL  worker_manager.cpp:60] WorkerManager: FuncWorker of func_id 1, client_id 12 connected
I1102 19:01:46.658366 IO-0/EL  message_connection.cpp:269] FuncWorkerConnection[1-12]: Handshake done
I1102 19:01:46.658436 Server/E engine.cpp:674] Engine: New message connection
I1102 19:01:46.658457 IO-0/EL  engine.cpp:277] Engine: Receive new handshake message from message connection
I1102 19:01:46.658462 IO-0/EL  worker_manager.cpp:60] WorkerManager: FuncWorker of func_id 1, client_id 8 connected
I1102 19:01:46.658474 IO-0/EL  message_connection.cpp:269] FuncWorkerConnection[1-8]: Handshake done
I1102 19:01:46.658700 Server/E engine.cpp:674] Engine: New message connection
I1102 19:01:46.658733 IO-0/EL  engine.cpp:277] Engine: Receive new handshake message from message connection
I1102 19:01:46.658738 IO-0/EL  worker_manager.cpp:60] WorkerManager: FuncWorker of func_id 1, client_id 13 connected
I1102 19:01:46.658750 IO-0/EL  message_connection.cpp:269] FuncWorkerConnection[1-13]: Handshake done
I1102 19:01:46.659278 Server/E engine.cpp:674] Engine: New message connection
I1102 19:01:46.659314 IO-0/EL  engine.cpp:277] Engine: Receive new handshake message from message connection
I1102 19:01:46.659318 IO-0/EL  worker_manager.cpp:60] WorkerManager: FuncWorker of func_id 1, client_id 14 connected
I1102 19:01:46.659336 IO-0/EL  message_connection.cpp:269] FuncWorkerConnection[1-14]: Handshake done
I1102 19:01:46.659707 Server/E engine.cpp:674] Engine: New message connection
I1102 19:01:46.659759 IO-0/EL  engine.cpp:277] Engine: Receive new handshake message from message connection
I1102 19:01:46.659764 IO-0/EL  worker_manager.cpp:60] WorkerManager: FuncWorker of func_id 1, client_id 15 connected
I1102 19:01:46.659778 IO-0/EL  message_connection.cpp:269] FuncWorkerConnection[1-15]: Handshake done
I1102 19:01:46.660131 Server/E engine.cpp:674] Engine: New message connection
I1102 19:01:46.660161 IO-0/EL  engine.cpp:277] Engine: Receive new handshake message from message connection
I1102 19:01:46.660165 IO-0/EL  worker_manager.cpp:60] WorkerManager: FuncWorker of func_id 1, client_id 16 connected
I1102 19:01:46.660179 IO-0/EL  message_connection.cpp:269] FuncWorkerConnection[1-16]: Handshake done
I1102 19:01:46.660817 Server/E engine.cpp:674] Engine: New message connection
I1102 19:01:46.660855 IO-0/EL  engine.cpp:277] Engine: Receive new handshake message from message connection
I1102 19:01:46.660869 IO-0/EL  worker_manager.cpp:60] WorkerManager: FuncWorker of func_id 1, client_id 17 connected
I1102 19:01:46.660887 IO-0/EL  message_connection.cpp:269] FuncWorkerConnection[1-17]: Handshake done
I1102 19:01:46.661303 Server/E engine.cpp:674] Engine: New message connection
I1102 19:01:46.661333 IO-0/EL  engine.cpp:277] Engine: Receive new handshake message from message connection
I1102 19:01:46.661337 IO-0/EL  worker_manager.cpp:60] WorkerManager: FuncWorker of func_id 1, client_id 18 connected
I1102 19:01:46.661351 IO-0/EL  message_connection.cpp:269] FuncWorkerConnection[1-18]: Handshake done
I1102 19:01:46.661974 Server/E engine.cpp:674] Engine: New message connection
I1102 19:01:46.662003 IO-0/EL  engine.cpp:277] Engine: Receive new handshake message from message connection
I1102 19:01:46.662008 IO-0/EL  worker_manager.cpp:60] WorkerManager: FuncWorker of func_id 1, client_id 19 connected
I1102 19:01:46.662021 IO-0/EL  message_connection.cpp:269] FuncWorkerConnection[1-19]: Handshake done
I1102 19:01:46.662268 Server/E engine.cpp:674] Engine: New message connection
I1102 19:01:46.662301 IO-0/EL  engine.cpp:277] Engine: Receive new handshake message from message connection
I1102 19:01:46.662305 IO-0/EL  worker_manager.cpp:60] WorkerManager: FuncWorker of func_id 1, client_id 20 connected
I1102 19:01:46.662318 IO-0/EL  message_connection.cpp:269] FuncWorkerConnection[1-20]: Handshake done
I1102 19:01:46.662834 Server/E engine.cpp:674] Engine: New message connection
I1102 19:01:46.662878 IO-0/EL  engine.cpp:277] Engine: Receive new handshake message from message connection
I1102 19:01:46.662883 IO-0/EL  worker_manager.cpp:60] WorkerManager: FuncWorker of func_id 1, client_id 21 connected
I1102 19:01:46.662896 IO-0/EL  message_connection.cpp:269] FuncWorkerConnection[1-21]: Handshake done
I1102 19:01:46.663255 Server/E engine.cpp:674] Engine: New message connection
I1102 19:01:46.663287 IO-0/EL  engine.cpp:277] Engine: Receive new handshake message from message connection
I1102 19:01:46.663292 IO-0/EL  worker_manager.cpp:60] WorkerManager: FuncWorker of func_id 1, client_id 22 connected
I1102 19:01:46.663304 IO-0/EL  message_connection.cpp:269] FuncWorkerConnection[1-22]: Handshake done
I1102 19:01:46.663747 Server/E engine.cpp:674] Engine: New message connection
I1102 19:01:46.663791 IO-0/EL  engine.cpp:277] Engine: Receive new handshake message from message connection
I1102 19:01:46.663796 IO-0/EL  worker_manager.cpp:60] WorkerManager: FuncWorker of func_id 1, client_id 23 connected
I1102 19:01:46.663809 IO-0/EL  message_connection.cpp:269] FuncWorkerConnection[1-23]: Handshake done
I1102 19:01:46.664216 Server/E engine.cpp:674] Engine: New message connection
I1102 19:01:46.664254 IO-0/EL  engine.cpp:277] Engine: Receive new handshake message from message connection
I1102 19:01:46.664258 IO-0/EL  worker_manager.cpp:60] WorkerManager: FuncWorker of func_id 1, client_id 24 connected
I1102 19:01:46.664271 IO-0/EL  message_connection.cpp:269] FuncWorkerConnection[1-24]: Handshake done
I1102 19:01:46.664767 Server/E engine.cpp:674] Engine: New message connection
I1102 19:01:46.664812 IO-0/EL  engine.cpp:277] Engine: Receive new handshake message from message connection
I1102 19:01:46.664817 IO-0/EL  worker_manager.cpp:60] WorkerManager: FuncWorker of func_id 1, client_id 25 connected
I1102 19:01:46.664830 IO-0/EL  message_connection.cpp:269] FuncWorkerConnection[1-25]: Handshake done
I1102 19:01:46.665277 Server/E engine.cpp:674] Engine: New message connection
I1102 19:01:46.665312 IO-0/EL  engine.cpp:277] Engine: Receive new handshake message from message connection
I1102 19:01:46.665317 IO-0/EL  worker_manager.cpp:60] WorkerManager: FuncWorker of func_id 1, client_id 26 connected
I1102 19:01:46.665329 IO-0/EL  message_connection.cpp:269] FuncWorkerConnection[1-26]: Handshake done
I1102 19:01:46.665808 Server/E engine.cpp:674] Engine: New message connection
I1102 19:01:46.665845 IO-0/EL  engine.cpp:277] Engine: Receive new handshake message from message connection
I1102 19:01:46.665858 IO-0/EL  worker_manager.cpp:60] WorkerManager: FuncWorker of func_id 1, client_id 27 connected
I1102 19:01:46.665874 IO-0/EL  message_connection.cpp:269] FuncWorkerConnection[1-27]: Handshake done
I1102 19:01:46.666223 Server/E engine.cpp:674] Engine: New message connection
I1102 19:01:46.666265 IO-0/EL  engine.cpp:277] Engine: Receive new handshake message from message connection
I1102 19:01:46.666269 IO-0/EL  worker_manager.cpp:60] WorkerManager: FuncWorker of func_id 1, client_id 28 connected
I1102 19:01:46.666282 IO-0/EL  message_connection.cpp:269] FuncWorkerConnection[1-28]: Handshake done
I1102 19:01:46.666836 Server/E engine.cpp:674] Engine: New message connection
I1102 19:01:46.666872 IO-0/EL  engine.cpp:277] Engine: Receive new handshake message from message connection
I1102 19:01:46.666877 IO-0/EL  worker_manager.cpp:60] WorkerManager: FuncWorker of func_id 1, client_id 29 connected
I1102 19:01:46.666894 IO-0/EL  message_connection.cpp:269] FuncWorkerConnection[1-29]: Handshake done
I1102 19:01:46.667251 Server/E engine.cpp:674] Engine: New message connection
I1102 19:01:46.667277 IO-0/EL  engine.cpp:277] Engine: Receive new handshake message from message connection
I1102 19:01:46.667281 IO-0/EL  worker_manager.cpp:60] WorkerManager: FuncWorker of func_id 1, client_id 30 connected
I1102 19:01:46.667294 IO-0/EL  message_connection.cpp:269] FuncWorkerConnection[1-30]: Handshake done
I1102 19:01:46.667626 Server/E engine.cpp:674] Engine: New message connection
I1102 19:01:46.667649 IO-0/EL  engine.cpp:277] Engine: Receive new handshake message from message connection
I1102 19:01:46.667653 IO-0/EL  worker_manager.cpp:60] WorkerManager: FuncWorker of func_id 1, client_id 31 connected
I1102 19:01:46.667666 IO-0/EL  message_connection.cpp:269] FuncWorkerConnection[1-31]: Handshake done
I1102 19:01:46.668137 Server/E engine.cpp:674] Engine: New message connection
I1102 19:01:46.668164 IO-0/EL  engine.cpp:277] Engine: Receive new handshake message from message connection
I1102 19:01:46.668168 IO-0/EL  worker_manager.cpp:60] WorkerManager: FuncWorker of func_id 1, client_id 32 connected
I1102 19:01:46.668181 IO-0/EL  message_connection.cpp:269] FuncWorkerConnection[1-32]: Handshake done
I1102 19:01:49.462049 IO-0/EL  buffer_pool.h:25] BufferPool[IO-0_Write]: Allocate new buffer, current buffer count is 2
I1102 19:01:49.462074 IO-0/EL  buffer_pool.h:25] BufferPool[IO-0_Write]: Allocate new buffer, current buffer count is 3
I1102 19:01:49.462087 IO-0/EL  buffer_pool.h:25] BufferPool[IO-0_Write]: Allocate new buffer, current buffer count is 4
I1102 19:01:49.462096 IO-0/EL  buffer_pool.h:25] BufferPool[IO-0_Write]: Allocate new buffer, current buffer count is 5
I1102 19:01:49.462109 IO-0/EL  buffer_pool.h:25] BufferPool[IO-0_Write]: Allocate new buffer, current buffer count is 6
I1102 19:01:49.462118 IO-0/EL  buffer_pool.h:25] BufferPool[IO-0_Write]: Allocate new buffer, current buffer count is 7
I1102 19:01:49.462128 IO-0/EL  buffer_pool.h:25] BufferPool[IO-0_Write]: Allocate new buffer, current buffer count is 8
I1102 19:01:49.462137 IO-0/EL  buffer_pool.h:25] BufferPool[IO-0_Write]: Allocate new buffer, current buffer count is 9
I1102 19:01:49.462148 IO-0/EL  buffer_pool.h:25] BufferPool[IO-0_Write]: Allocate new buffer, current buffer count is 10
I1102 19:01:49.462156 IO-0/EL  buffer_pool.h:25] BufferPool[IO-0_Write]: Allocate new buffer, current buffer count is 11
I1102 19:01:49.462168 IO-0/EL  buffer_pool.h:25] BufferPool[IO-0_Write]: Allocate new buffer, current buffer count is 12
I1102 19:01:49.462176 IO-0/EL  buffer_pool.h:25] BufferPool[IO-0_Write]: Allocate new buffer, current buffer count is 13
I1102 19:01:49.462190 IO-0/EL  buffer_pool.h:25] BufferPool[IO-0_Write]: Allocate new buffer, current buffer count is 14
I1102 19:01:49.462200 IO-0/EL  buffer_pool.h:25] BufferPool[IO-0_Write]: Allocate new buffer, current buffer count is 15
I1102 19:01:49.462212 IO-0/EL  buffer_pool.h:25] BufferPool[IO-0_Write]: Allocate new buffer, current buffer count is 16
I1102 19:01:49.462224 IO-0/EL  buffer_pool.h:25] BufferPool[IO-0_Write]: Allocate new buffer, current buffer count is 17
I1102 19:01:49.462249 IO-0/EL  buffer_pool.h:25] BufferPool[IO-0_Write]: Allocate new buffer, current buffer count is 18
I1102 19:01:49.462260 IO-0/EL  buffer_pool.h:25] BufferPool[IO-0_Write]: Allocate new buffer, current buffer count is 19
I1102 19:01:49.462272 IO-0/EL  buffer_pool.h:25] BufferPool[IO-0_Write]: Allocate new buffer, current buffer count is 20
I1102 19:01:49.462284 IO-0/EL  buffer_pool.h:25] BufferPool[IO-0_Write]: Allocate new buffer, current buffer count is 21
I1102 19:01:49.462295 IO-0/EL  buffer_pool.h:25] BufferPool[IO-0_Write]: Allocate new buffer, current buffer count is 22
I1102 19:01:49.462305 IO-0/EL  buffer_pool.h:25] BufferPool[IO-0_Write]: Allocate new buffer, current buffer count is 23
I1102 19:01:49.462315 IO-0/EL  buffer_pool.h:25] BufferPool[IO-0_Write]: Allocate new buffer, current buffer count is 24
I1102 19:01:49.462328 IO-0/EL  buffer_pool.h:25] BufferPool[IO-0_Write]: Allocate new buffer, current buffer count is 25
I1102 19:01:49.462339 IO-0/EL  buffer_pool.h:25] BufferPool[IO-0_Write]: Allocate new buffer, current buffer count is 26
I1102 19:01:49.462354 IO-0/EL  buffer_pool.h:25] BufferPool[IO-0_Write]: Allocate new buffer, current buffer count is 27
I1102 19:01:49.462371 IO-0/EL  buffer_pool.h:25] BufferPool[IO-0_Write]: Allocate new buffer, current buffer count is 28
I1102 19:01:49.462398 IO-0/EL  buffer_pool.h:25] BufferPool[IO-0_Write]: Allocate new buffer, current buffer count is 29
I1102 19:01:49.462416 IO-0/EL  buffer_pool.h:25] BufferPool[IO-0_Write]: Allocate new buffer, current buffer count is 30
I1102 19:01:49.462439 IO-0/EL  buffer_pool.h:25] BufferPool[IO-0_Write]: Allocate new buffer, current buffer count is 31
I1102 19:01:49.462457 IO-0/EL  buffer_pool.h:25] BufferPool[IO-0_Write]: Allocate new buffer, current buffer count is 32
I1102 19:01:49.462625 IO-0/EL  buffer_pool.h:25] BufferPool[IO-0_Write]: Allocate new buffer, current buffer count is 33
I1102 19:01:49.462640 IO-0/EL  buffer_pool.h:25] BufferPool[IO-0_Write]: Allocate new buffer, current buffer count is 34
I1102 19:01:49.462651 IO-0/EL  buffer_pool.h:25] BufferPool[IO-0_Write]: Allocate new buffer, current buffer count is 35
I1102 19:01:49.462661 IO-0/EL  buffer_pool.h:25] BufferPool[IO-0_Write]: Allocate new buffer, current buffer count is 36
I1102 19:01:49.462669 IO-0/EL  buffer_pool.h:25] BufferPool[IO-0_Write]: Allocate new buffer, current buffer count is 37
I1102 19:01:49.462680 IO-0/EL  buffer_pool.h:25] BufferPool[IO-0_Write]: Allocate new buffer, current buffer count is 38
I1102 19:01:49.462692 IO-0/EL  buffer_pool.h:25] BufferPool[IO-0_Write]: Allocate new buffer, current buffer count is 39
I1102 19:01:49.462704 IO-0/EL  buffer_pool.h:25] BufferPool[IO-0_Write]: Allocate new buffer, current buffer count is 40
I1102 19:01:49.462729 IO-0/EL  buffer_pool.h:25] BufferPool[IO-0_Write]: Allocate new buffer, current buffer count is 41
I1102 19:01:49.462744 IO-0/EL  buffer_pool.h:25] BufferPool[IO-0_Write]: Allocate new buffer, current buffer count is 42
I1102 19:01:49.462759 IO-0/EL  buffer_pool.h:25] BufferPool[IO-0_Write]: Allocate new buffer, current buffer count is 43
I1102 19:01:49.462772 IO-0/EL  buffer_pool.h:25] BufferPool[IO-0_Write]: Allocate new buffer, current buffer count is 44
I1102 19:01:49.462785 IO-0/EL  buffer_pool.h:25] BufferPool[IO-0_Write]: Allocate new buffer, current buffer count is 45
I1102 19:01:49.462795 IO-0/EL  buffer_pool.h:25] BufferPool[IO-0_Write]: Allocate new buffer, current buffer count is 46
I1102 19:01:49.462804 IO-0/EL  buffer_pool.h:25] BufferPool[IO-0_Write]: Allocate new buffer, current buffer count is 47
I1102 19:01:49.462813 IO-0/EL  buffer_pool.h:25] BufferPool[IO-0_Write]: Allocate new buffer, current buffer count is 48
I1102 19:01:50.118326 IO-0/EL  buffer_pool.h:25] BufferPool[IO-0_Write]: Allocate new buffer, current buffer count is 49
I1102 19:01:50.118355 IO-0/EL  buffer_pool.h:25] BufferPool[IO-0_Write]: Allocate new buffer, current buffer count is 50
I1102 19:01:50.118380 IO-0/EL  buffer_pool.h:25] BufferPool[IO-0_Write]: Allocate new buffer, current buffer count is 51
I1102 19:01:50.776620 IO-0/EL  buffer_pool.h:25] BufferPool[IO-0_Write]: Allocate new buffer, current buffer count is 52
I1102 19:01:50.776659 IO-0/EL  buffer_pool.h:25] BufferPool[IO-0_Write]: Allocate new buffer, current buffer count is 53
I1102 19:01:50.776669 IO-0/EL  buffer_pool.h:25] BufferPool[IO-0_Write]: Allocate new buffer, current buffer count is 54
I1102 19:01:50.776679 IO-0/EL  buffer_pool.h:25] BufferPool[IO-0_Write]: Allocate new buffer, current buffer count is 55
I1102 19:01:50.776687 IO-0/EL  buffer_pool.h:25] BufferPool[IO-0_Write]: Allocate new buffer, current buffer count is 56
I1102 19:01:50.776697 IO-0/EL  buffer_pool.h:25] BufferPool[IO-0_Write]: Allocate new buffer, current buffer count is 57
I1102 19:01:54.571615 Main     server_base.cpp:35] Server: Scheduled to stop
I1102 19:01:54.571765 IO-0/EL  message_connection.cpp:284] LauncherConnection[1]: Connection closed remotely
I1102 19:01:54.571785 Server/E server_base.cpp:109] Server: Start stopping process
I1102 19:01:54.571827 IO-0/EL  io_worker.cpp:206] IO-0: Start stopping process
I1102 19:01:54.571875 Server/E server_base.cpp:55] Server: Event loop finishes
