I1102 19:01:46.641740 Main     thread.cpp:100] Register main thread: tid=1393296
E1102 19:01:46.641879 Main     docker.cpp:59] Cannot find docker's cgroup in /proc/self/cgroup
I1102 19:01:46.645119 Launcher thread.cpp:40] Start thread: Launcher/EL
I1102 19:01:46.645173 Launcher thread.cpp:64] Does not find cpuset setting for IO threads (can be set by FAAS_IO_THREAD_CPUSET)
I1102 19:01:46.645179 Launcher thread.cpp:82] Does not find nice setting for IO threads (can be set by FAAS_IO_THREAD_NICE)
I1102 19:01:46.645182 Launcher launcher.cpp:96] Launcher: Event loop starts
I1102 19:01:46.645202 Launcher engine_connection.cpp:93] EngineConnection: Connected to engine, start writing handshake message
I1102 19:01:46.645635 Launcher buffer_pool.h:25] BufferPool[Launcher]: Allocate new buffer, current buffer count is 1
I1102 19:01:46.645661 Launcher func_config.cpp:135] Load configuration for function Echo[1]
I1102 19:01:46.645672 Launcher engine_connection.cpp:65] EngineConnection: Handshake done
W1102 19:01:46.666051 Launcher engine_connection.cpp:166] EngineConnection: nread=0, will do nothing
I1102 19:01:54.571640 Main     launcher.cpp:44] Launcher: Scheduled to stop
E1102 19:01:54.572138 Launcher launcher.cpp:72] Launcher: Connection to engine disconnected
I1102 19:01:54.572159 Launcher launcher.cpp:44] Launcher: Scheduled to stop
W1102 19:01:54.597162 Launcher launcher.cpp:87] Launcher: Function process 6 terminated
W1102 19:01:54.607104 Launcher launcher.cpp:87] Launcher: Function process 3 terminated
W1102 19:01:54.607139 Launcher launcher.cpp:87] Launcher: Function process 2 terminated
W1102 19:01:54.607790 Launcher launcher.cpp:87] Launcher: Function process 29 terminated
W1102 19:01:54.607807 Launcher launcher.cpp:87] Launcher: Function process 26 terminated
W1102 19:01:54.607815 Launcher launcher.cpp:87] Launcher: Function process 24 terminated
W1102 19:01:54.607822 Launcher launcher.cpp:87] Launcher: Function process 17 terminated
W1102 19:01:54.607828 Launcher launcher.cpp:87] Launcher: Function process 16 terminated
W1102 19:01:54.607834 Launcher launcher.cpp:87] Launcher: Function process 11 terminated
W1102 19:01:54.607841 Launcher launcher.cpp:87] Launcher: Function process 8 terminated
W1102 19:01:54.607847 Launcher launcher.cpp:87] Launcher: Function process 1 terminated
W1102 19:01:54.607853 Launcher launcher.cpp:87] Launcher: Function process 28 terminated
W1102 19:01:54.608815 Launcher launcher.cpp:87] Launcher: Function process 9 terminated
W1102 19:01:54.608830 Launcher launcher.cpp:87] Launcher: Function process 27 terminated
W1102 19:01:54.608837 Launcher launcher.cpp:87] Launcher: Function process 19 terminated
W1102 19:01:54.608844 Launcher launcher.cpp:87] Launcher: Function process 12 terminated
W1102 19:01:54.608851 Launcher launcher.cpp:87] Launcher: Function process 14 terminated
W1102 19:01:54.608857 Launcher launcher.cpp:87] Launcher: Function process 0 terminated
W1102 19:01:54.608864 Launcher launcher.cpp:87] Launcher: Function process 30 terminated
W1102 19:01:54.608871 Launcher launcher.cpp:87] Launcher: Function process 23 terminated
W1102 19:01:54.608877 Launcher launcher.cpp:87] Launcher: Function process 20 terminated
W1102 19:01:54.608883 Launcher launcher.cpp:87] Launcher: Function process 31 terminated
W1102 19:01:54.608890 Launcher launcher.cpp:87] Launcher: Function process 25 terminated
W1102 19:01:54.608896 Launcher launcher.cpp:87] Launcher: Function process 22 terminated
W1102 19:01:54.608902 Launcher launcher.cpp:87] Launcher: Function process 21 terminated
W1102 19:01:54.608909 Launcher launcher.cpp:87] Launcher: Function process 18 terminated
W1102 19:01:54.608915 Launcher launcher.cpp:87] Launcher: Function process 15 terminated
W1102 19:01:54.608922 Launcher launcher.cpp:87] Launcher: Function process 13 terminated
W1102 19:01:54.608928 Launcher launcher.cpp:87] Launcher: Function process 10 terminated
W1102 19:01:54.608934 Launcher launcher.cpp:87] Launcher: Function process 7 terminated
W1102 19:01:54.608941 Launcher launcher.cpp:87] Launcher: Function process 5 terminated
W1102 19:01:54.608976 Launcher launcher.cpp:87] Launcher: Function process 4 terminated
I1102 19:01:54.608983 Launcher launcher.cpp:101] Launcher: Event loop finishes
I1102 19:01:54.609048 Main     launcher.cpp:68] Launcher: Stopped
