I1102 18:06:48.598115 Main     thread.cpp:100] Register main thread: tid=1370107
E1102 18:06:48.598251 Main     docker.cpp:59] Cannot find docker's cgroup in /proc/self/cgroup
I1102 18:06:48.601518 Launcher thread.cpp:40] Start thread: Launcher/EL
I1102 18:06:48.601567 Launcher thread.cpp:64] Does not find cpuset setting for IO threads (can be set by FAAS_IO_THREAD_CPUSET)
I1102 18:06:48.601573 Launcher thread.cpp:82] Does not find nice setting for IO threads (can be set by FAAS_IO_THREAD_NICE)
I1102 18:06:48.601577 Launcher launcher.cpp:96] Launcher: Event loop starts
I1102 18:06:48.601596 Launcher engine_connection.cpp:93] EngineConnection: Connected to engine, start writing handshake message
I1102 18:06:48.601772 Launcher buffer_pool.h:25] BufferPool[Launcher]: Allocate new buffer, current buffer count is 1
I1102 18:06:48.601806 Launcher func_config.cpp:135] Load configuration for function Noop[1]
I1102 18:06:48.601816 Launcher engine_connection.cpp:65] EngineConnection: Handshake done
W1102 18:06:48.608269 Launcher engine_connection.cpp:166] EngineConnection: nread=0, will do nothing
I1102 18:06:56.492891 Main     launcher.cpp:44] Launcher: Scheduled to stop
E1102 18:06:56.493051 Launcher launcher.cpp:72] Launcher: Connection to engine disconnected
I1102 18:06:56.493100 Launcher launcher.cpp:44] Launcher: Scheduled to stop
W1102 18:06:56.493818 Launcher launcher.cpp:87] Launcher: Function process 7 terminated
W1102 18:06:56.493832 Launcher launcher.cpp:87] Launcher: Function process 6 terminated
W1102 18:06:56.493837 Launcher launcher.cpp:87] Launcher: Function process 5 terminated
W1102 18:06:56.493841 Launcher launcher.cpp:87] Launcher: Function process 4 terminated
W1102 18:06:56.493845 Launcher launcher.cpp:87] Launcher: Function process 3 terminated
W1102 18:06:56.493849 Launcher launcher.cpp:87] Launcher: Function process 2 terminated
W1102 18:06:56.493853 Launcher launcher.cpp:87] Launcher: Function process 1 terminated
W1102 18:06:56.493857 Launcher launcher.cpp:87] Launcher: Function process 0 terminated
I1102 18:06:56.493862 Launcher launcher.cpp:101] Launcher: Event loop finishes
I1102 18:06:56.493921 Main     launcher.cpp:68] Launcher: Stopped
