$ /users/vj2267/nightcore/benchmarks/run_bench.sh --duration 5 --workers 32 --remote vj2267@sm110p-10s10615.wisc.cloudlab.us --remote_addr 10.10.1.2 --machnet --local_machnet_ip 10.10.1.1 --mode hyperlight --target_rps 50000

=== Nightcore Stress Test (hyperlight mode) ===
Mode: hyperlight
Function: Echo
Workers: 32
Duration: 5 seconds
Target RPS (global): 50000
Input size: 64 bytes
Inflight limit per connection: 1
Engine IO workers: 1
Gateway conns per worker: 1
Warmup: 0 seconds
Stress Client: Remote (vj2267@sm110p-10s10615.wisc.cloudlab.us)
Engine Connection Address: 10.10.1.2 (explicit)
Transport: Machnet
  Remote Machnet IP: 10.10.1.2
  Local Machnet IP: 10.10.1.1

Cleaning up any existing stress_client on remote...
Starting stress_client on remote host vj2267@sm110p-10s10615.wisc.cloudlab.us...
  Remote SSH process PID: 1392160
  Output will be saved to: /users/vj2267/nightcore/benchmarks/outputs/stress_client_remote.txt
Waiting for remote stress_client to start...
I1102 18:59:09.148021 Main     thread.cpp:100] Register main thread: tid=1163536
I1102 18:59:09.148094 Main     stress_client.cpp:179] Using Machnet transport on 10.10.1.2:10007
I1102 18:59:09.148098 Main     stress_client_machnet.cpp:37] Starting Machnet event-loop thread...
[Loop Thread 130480993203904] Machnet event-loop thread started
I1102 18:59:09.151329 Server/E thread.cpp:40] Start thread: Server/EL
I1102 18:59:09.151372 Server/E server_base.cpp:50] Server: Event loop starts
Checking for file descriptor...
Got a file descriptor!
I1102 18:59:09.651439 Main     stress_client.cpp:43] === Nightcore Stress Test ===
I1102 18:59:09.651475 Main     stress_client.cpp:44] Function ID: 1
I1102 18:59:09.651482 Main     stress_client.cpp:45] Method ID: 0
I1102 18:59:09.651487 Main     stress_client.cpp:46] Input size: 64 bytes
I1102 18:59:09.651492 Main     stress_client.cpp:47] Global target RPS: 50000
I1102 18:59:09.651497 Main     stress_client.cpp:50] Inflight limit per connection: 1
I1102 18:59:09.651502 Main     stress_client.cpp:51] Warmup: 0s, Duration: 5s
I1102 18:59:09.651507 Main     stress_client.cpp:53] 
I1102 18:59:09.651511 Main     stress_client.cpp:54] ========================================
I1102 18:59:09.651516 Main     stress_client.cpp:57] Waiting for Engine to connect...
Listening on Machnet 10.10.1.2:10007 for Engine connections[Loop Thread 130480993203904] Machnet listener created
Starting Engine (connecting to 10.10.1.2:10007)...
  Engine PID: 1392168
New Machnet connection created: 168427777:1024 -> 168427778:10007
[Receive Thread 130480993203904] Handshake: pinned send flow 168427778:10007 -> 168427777:1024
[Loop Thread 130480993203904] Now sending on flow 168427778:10007 -> 168427777:1024
I1102 18:59:13.455162 Main     stress_client.cpp:71] Engine connected with 1 connection(s)
I1102 18:59:13.455198 Main     stress_client.cpp:73] Global target RPS: 50000
I1102 18:59:13.455205 Main     stress_client.cpp:76] 
I1102 18:59:13.455210 Main     stress_client.cpp:79] Waiting 3 seconds for workers to initialize...
Starting Launcher with 32 workers...
All components started. Stress test will begin after warmup...

I1102 18:59:17.458239 Main     stress_common.cpp:30] [T+1s] Sent: 50003 | Completed: 50000 | Failed: 0 | Latencies: 50000
I1102 18:59:18.459186 Main     stress_common.cpp:30] [T+2s] Sent: 100016 | Completed: 100013 | Failed: 0 | Latencies: 100013
I1102 18:59:19.459994 Main     stress_common.cpp:30] [T+3s] Sent: 150024 | Completed: 150022 | Failed: 0 | Latencies: 150022
I1102 18:59:20.460903 Main     stress_common.cpp:30] [T+4s] Sent: 200034 | Completed: 200031 | Failed: 0 | Latencies: 200031
I1102 18:59:21.461856 Main     stress_common.cpp:30] [T+5s] Sent: 249752 | Completed: 249752 | Failed: 0 | Latencies: 249752
I1102 18:59:21.461891 Main     stress_client.cpp:116] 
I1102 18:59:21.462271 Main     stress_common.cpp:42] ========================================
I1102 18:59:21.462279 Main     stress_common.cpp:43] === Stress Test Results ===
I1102 18:59:21.462284 Main     stress_common.cpp:44] ========================================
I1102 18:59:21.462288 Main     stress_common.cpp:45] Transport:         Machnet
I1102 18:59:21.462294 Main     stress_common.cpp:46] Connections:       1
I1102 18:59:21.462299 Main     stress_common.cpp:47] Duration:          5.00 seconds
I1102 18:59:21.462309 Main     stress_common.cpp:48] Total Sent:        249752
I1102 18:59:21.462314 Main     stress_common.cpp:49] Total Completed:   249752 (100.00%)
I1102 18:59:21.462320 Main     stress_common.cpp:52] Total Failed:      0 (0.00%)
I1102 18:59:21.462326 Main     stress_common.cpp:55] 
I1102 18:59:21.462331 Main     stress_common.cpp:56] Throughput:        49907.5 rps
I1102 18:59:21.462337 Main     stress_common.cpp:57] 
I1102 18:59:21.485737 Main     stress_common.cpp:71] Latency (us):
I1102 18:59:21.485750 Main     stress_common.cpp:72]   Min:    27
I1102 18:59:21.485757 Main     stress_common.cpp:73]   p50:    55
I1102 18:59:21.485763 Main     stress_common.cpp:74]   p90:    61
I1102 18:59:21.485769 Main     stress_common.cpp:75]   p99:    68
I1102 18:59:21.485774 Main     stress_common.cpp:76]   p99.9:  93
I1102 18:59:21.485778 Main     stress_common.cpp:77]   Max:    877
I1102 18:59:21.485783 Main     stress_common.cpp:82] ========================================
I1102 18:59:21.485788 Main     server_base.cpp:35] Server: Scheduled to stop
I1102 18:59:21.485853 Server/E server_base.cpp:109] Server: Start stopping process
[Loop Thread 130480993203904] Machnet event-loop thread finished
I1102 18:59:21.485994 Server/E server_base.cpp:55] Server: Event loop finishes
I1102 18:59:21.486134 Main     server_base.cpp:46] Server: Stopped

Stress test completed. Shutting down...

Copying results from remote host...
Remote stress_client output:
I1102 18:59:09.148021 Main     thread.cpp:100] Register main thread: tid=1163536
I1102 18:59:09.148094 Main     stress_client.cpp:179] Using Machnet transport on 10.10.1.2:10007
I1102 18:59:09.148098 Main     stress_client_machnet.cpp:37] Starting Machnet event-loop thread...
[Loop Thread 130480993203904] Machnet event-loop thread started
I1102 18:59:09.151329 Server/E thread.cpp:40] Start thread: Server/EL
I1102 18:59:09.151372 Server/E server_base.cpp:50] Server: Event loop starts
Checking for file descriptor...
Got a file descriptor!
I1102 18:59:09.651439 Main     stress_client.cpp:43] === Nightcore Stress Test ===
I1102 18:59:09.651475 Main     stress_client.cpp:44] Function ID: 1
I1102 18:59:09.651482 Main     stress_client.cpp:45] Method ID: 0
I1102 18:59:09.651487 Main     stress_client.cpp:46] Input size: 64 bytes
I1102 18:59:09.651492 Main     stress_client.cpp:47] Global target RPS: 50000
I1102 18:59:09.651497 Main     stress_client.cpp:50] Inflight limit per connection: 1
I1102 18:59:09.651502 Main     stress_client.cpp:51] Warmup: 0s, Duration: 5s
I1102 18:59:09.651507 Main     stress_client.cpp:53] 
I1102 18:59:09.651511 Main     stress_client.cpp:54] ========================================
I1102 18:59:09.651516 Main     stress_client.cpp:57] Waiting for Engine to connect...
Listening on Machnet 10.10.1.2:10007 for Engine connections[Loop Thread 130480993203904] Machnet listener created
New Machnet connection created: 168427777:1024 -> 168427778:10007
[Receive Thread 130480993203904] Handshake: pinned send flow 168427778:10007 -> 168427777:1024
[Loop Thread 130480993203904] Now sending on flow 168427778:10007 -> 168427777:1024
I1102 18:59:13.455162 Main     stress_client.cpp:71] Engine connected with 1 connection(s)
I1102 18:59:13.455198 Main     stress_client.cpp:73] Global target RPS: 50000
I1102 18:59:13.455205 Main     stress_client.cpp:76] 
I1102 18:59:13.455210 Main     stress_client.cpp:79] Waiting 3 seconds for workers to initialize...
I1102 18:59:17.458239 Main     stress_common.cpp:30] [T+1s] Sent: 50003 | Completed: 50000 | Failed: 0 | Latencies: 50000
I1102 18:59:18.459186 Main     stress_common.cpp:30] [T+2s] Sent: 100016 | Completed: 100013 | Failed: 0 | Latencies: 100013
I1102 18:59:19.459994 Main     stress_common.cpp:30] [T+3s] Sent: 150024 | Completed: 150022 | Failed: 0 | Latencies: 150022
I1102 18:59:20.460903 Main     stress_common.cpp:30] [T+4s] Sent: 200034 | Completed: 200031 | Failed: 0 | Latencies: 200031
I1102 18:59:21.461856 Main     stress_common.cpp:30] [T+5s] Sent: 249752 | Completed: 249752 | Failed: 0 | Latencies: 249752
I1102 18:59:21.461891 Main     stress_client.cpp:116] 
I1102 18:59:21.462271 Main     stress_common.cpp:42] ========================================
I1102 18:59:21.462279 Main     stress_common.cpp:43] === Stress Test Results ===
I1102 18:59:21.462284 Main     stress_common.cpp:44] ========================================
I1102 18:59:21.462288 Main     stress_common.cpp:45] Transport:         Machnet
I1102 18:59:21.462294 Main     stress_common.cpp:46] Connections:       1
I1102 18:59:21.462299 Main     stress_common.cpp:47] Duration:          5.00 seconds
I1102 18:59:21.462309 Main     stress_common.cpp:48] Total Sent:        249752
I1102 18:59:21.462314 Main     stress_common.cpp:49] Total Completed:   249752 (100.00%)
I1102 18:59:21.462320 Main     stress_common.cpp:52] Total Failed:      0 (0.00%)
I1102 18:59:21.462326 Main     stress_common.cpp:55] 
I1102 18:59:21.462331 Main     stress_common.cpp:56] Throughput:        49907.5 rps
I1102 18:59:21.462337 Main     stress_common.cpp:57] 
I1102 18:59:21.485737 Main     stress_common.cpp:71] Latency (us):
I1102 18:59:21.485750 Main     stress_common.cpp:72]   Min:    27
I1102 18:59:21.485757 Main     stress_common.cpp:73]   p50:    55
I1102 18:59:21.485763 Main     stress_common.cpp:74]   p90:    61
I1102 18:59:21.485769 Main     stress_common.cpp:75]   p99:    68
I1102 18:59:21.485774 Main     stress_common.cpp:76]   p99.9:  93
I1102 18:59:21.485778 Main     stress_common.cpp:77]   Max:    877
I1102 18:59:21.485783 Main     stress_common.cpp:82] ========================================
I1102 18:59:21.485788 Main     server_base.cpp:35] Server: Scheduled to stop
I1102 18:59:21.485853 Server/E server_base.cpp:109] Server: Start stopping process
[Loop Thread 130480993203904] Machnet event-loop thread finished
I1102 18:59:21.485994 Server/E server_base.cpp:55] Server: Event loop finishes
I1102 18:59:21.486134 Main     server_base.cpp:46] Server: Stopped

Cleaning up any remaining remote stress_client processes...

Logs saved to:
  Engine:   /users/vj2267/nightcore/benchmarks/outputs/engine.log
  Launcher: /users/vj2267/nightcore/benchmarks/outputs/launcher.log
  Workers:  /users/vj2267/nightcore/benchmarks/outputs/Echo_worker_*.stdout
