I1102 18:09:38.535284 Main     thread.cpp:100] Register main thread: tid=1370843
E1102 18:09:38.535424 Main     docker.cpp:59] Cannot find docker's cgroup in /proc/self/cgroup
I1102 18:09:38.538663 Launcher thread.cpp:40] Start thread: Launcher/EL
I1102 18:09:38.538714 Launcher thread.cpp:64] Does not find cpuset setting for IO threads (can be set by FAAS_IO_THREAD_CPUSET)
I1102 18:09:38.538721 Launcher thread.cpp:82] Does not find nice setting for IO threads (can be set by FAAS_IO_THREAD_NICE)
I1102 18:09:38.538725 Launcher launcher.cpp:96] Launcher: Event loop starts
I1102 18:09:38.538744 Launcher engine_connection.cpp:93] EngineConnection: Connected to engine, start writing handshake message
I1102 18:09:38.538942 Launcher buffer_pool.h:25] BufferPool[Launcher]: Allocate new buffer, current buffer count is 1
I1102 18:09:38.538969 Launcher func_config.cpp:135] Load configuration for function Noop[1]
I1102 18:09:38.538979 Launcher engine_connection.cpp:65] EngineConnection: Handshake done
W1102 18:09:38.550713 Launcher engine_connection.cpp:166] EngineConnection: nread=0, will do nothing
I1102 18:09:46.514795 Main     launcher.cpp:44] Launcher: Scheduled to stop
E1102 18:09:46.515040 Launcher launcher.cpp:72] Launcher: Connection to engine disconnected
I1102 18:09:46.515097 Launcher launcher.cpp:44] Launcher: Scheduled to stop
W1102 18:09:46.515608 Launcher launcher.cpp:87] Launcher: Function process 8 terminated
W1102 18:09:46.515638 Launcher launcher.cpp:87] Launcher: Function process 5 terminated
W1102 18:09:46.515643 Launcher launcher.cpp:87] Launcher: Function process 15 terminated
W1102 18:09:46.515648 Launcher launcher.cpp:87] Launcher: Function process 9 terminated
W1102 18:09:46.515653 Launcher launcher.cpp:87] Launcher: Function process 6 terminated
W1102 18:09:46.515872 Launcher launcher.cpp:87] Launcher: Function process 11 terminated
W1102 18:09:46.515882 Launcher launcher.cpp:87] Launcher: Function process 3 terminated
W1102 18:09:46.515887 Launcher launcher.cpp:87] Launcher: Function process 14 terminated
W1102 18:09:46.515892 Launcher launcher.cpp:87] Launcher: Function process 10 terminated
W1102 18:09:46.515909 Launcher launcher.cpp:87] Launcher: Function process 7 terminated
W1102 18:09:46.516100 Launcher launcher.cpp:87] Launcher: Function process 13 terminated
W1102 18:09:46.516107 Launcher launcher.cpp:87] Launcher: Function process 12 terminated
W1102 18:09:46.516111 Launcher launcher.cpp:87] Launcher: Function process 4 terminated
W1102 18:09:46.516116 Launcher launcher.cpp:87] Launcher: Function process 2 terminated
W1102 18:09:46.516120 Launcher launcher.cpp:87] Launcher: Function process 1 terminated
W1102 18:09:46.516125 Launcher launcher.cpp:87] Launcher: Function process 0 terminated
I1102 18:09:46.516129 Launcher launcher.cpp:101] Launcher: Event loop finishes
I1102 18:09:46.516195 Main     launcher.cpp:68] Launcher: Stopped
