I1102 18:37:05.458266 Main     thread.cpp:100] Register main thread: tid=1385894
E1102 18:37:05.458501 Main     docker.cpp:59] Cannot find docker's cgroup in /proc/self/cgroup
I1102 18:37:05.458553 Main     func_config.cpp:135] Load configuration for function Echo[1]
I1102 18:37:05.458563 Main     engine.cpp:109] Engine: Start 1 IO workers
I1102 18:37:05.461786 IO-0/EL  thread.cpp:40] Start thread: IO-0/EL
I1102 18:37:05.461834 IO-0/EL  io_worker.cpp:192] IO-0: Event loop starts
Checking for file descriptor...
Got a file descriptor!
I1102 18:37:07.360113 Main     engine.cpp:180] Engine: Created 1 Machnet connections to Gateway at 10.10.1.2:10007
I1102 18:37:07.360229 Main     engine.cpp:208] Engine: Listen on /dev/shm/faas_ipc/engine.sock for IPC connections
I1102 18:37:07.360483 Server/E thread.cpp:40] Start thread: Server/EL
I1102 18:37:07.360594 Server/E server_base.cpp:50] Server: Event loop starts
I1102 18:37:07.461225 Server/E engine.cpp:674] Engine: New message connection
I1102 18:37:07.464482 IO-0/EL  buffer_pool.h:25] BufferPool[IO-0_Read]: Allocate new buffer, current buffer count is 1
I1102 18:37:07.464508 IO-0/EL  engine.cpp:277] Engine: Receive new handshake message from message connection
I1102 18:37:07.464512 IO-0/EL  worker_manager.cpp:23] WorkerManager: Launcher of func_id 1 connected
I1102 18:37:07.464515 IO-0/EL  worker_manager.cpp:131] WorkerManager: Request new FuncWorker for func_id 1 with client_id 1
I1102 18:37:07.464542 IO-0/EL  buffer_pool.h:25] BufferPool[IO-0_Write]: Allocate new buffer, current buffer count is 1
I1102 18:37:07.464550 IO-0/EL  message_connection.cpp:269] LauncherConnection[1]: Handshake done
I1102 18:37:07.468474 Server/E engine.cpp:674] Engine: New message connection
I1102 18:37:07.468505 IO-0/EL  engine.cpp:277] Engine: Receive new handshake message from message connection
I1102 18:37:07.468511 IO-0/EL  worker_manager.cpp:60] WorkerManager: FuncWorker of func_id 1, client_id 1 connected
I1102 18:37:07.468520 IO-0/EL  dispatcher.cpp:47] Dispatcher[1]: min_workers=1
I1102 18:37:07.468523 IO-0/EL  dispatcher.cpp:51] Dispatcher[1]: max_workers=1
I1102 18:37:07.468541 IO-0/EL  message_connection.cpp:269] FuncWorkerConnection[1-1]: Handshake done
I1102 18:37:15.489367 Main     server_base.cpp:35] Server: Scheduled to stop
I1102 18:37:15.489596 Server/E server_base.cpp:109] Server: Start stopping process
I1102 18:37:15.489663 IO-0/EL  io_worker.cpp:206] IO-0: Start stopping process
