I1102 18:14:44.509901 Main     thread.cpp:100] Register main thread: tid=1372490
E1102 18:14:44.510043 Main     docker.cpp:59] Cannot find docker's cgroup in /proc/self/cgroup
I1102 18:14:44.513319 Launcher thread.cpp:40] Start thread: Launcher/EL
I1102 18:14:44.513378 Launcher thread.cpp:64] Does not find cpuset setting for IO threads (can be set by FAAS_IO_THREAD_CPUSET)
I1102 18:14:44.513384 Launcher thread.cpp:82] Does not find nice setting for IO threads (can be set by FAAS_IO_THREAD_NICE)
I1102 18:14:44.513388 Launcher launcher.cpp:96] Launcher: Event loop starts
I1102 18:14:44.513406 Launcher engine_connection.cpp:93] EngineConnection: Connected to engine, start writing handshake message
I1102 18:14:44.513749 Launcher buffer_pool.h:25] BufferPool[Launcher]: Allocate new buffer, current buffer count is 1
I1102 18:14:44.513777 Launcher func_config.cpp:135] Load configuration for function Noop[1]
I1102 18:14:44.513787 Launcher engine_connection.cpp:65] EngineConnection: Handshake done
W1102 18:14:44.535157 Launcher engine_connection.cpp:166] EngineConnection: nread=0, will do nothing
I1102 18:14:52.487834 Main     launcher.cpp:44] Launcher: Scheduled to stop
E1102 18:14:52.488198 Launcher launcher.cpp:72] Launcher: Connection to engine disconnected
I1102 18:14:52.488256 Launcher launcher.cpp:44] Launcher: Scheduled to stop
W1102 18:14:52.490357 Launcher launcher.cpp:87] Launcher: Function process 31 terminated
W1102 18:14:52.490402 Launcher launcher.cpp:87] Launcher: Function process 30 terminated
W1102 18:14:52.490407 Launcher launcher.cpp:87] Launcher: Function process 29 terminated
W1102 18:14:52.490411 Launcher launcher.cpp:87] Launcher: Function process 28 terminated
W1102 18:14:52.490416 Launcher launcher.cpp:87] Launcher: Function process 27 terminated
W1102 18:14:52.490420 Launcher launcher.cpp:87] Launcher: Function process 26 terminated
W1102 18:14:52.490424 Launcher launcher.cpp:87] Launcher: Function process 25 terminated
W1102 18:14:52.490429 Launcher launcher.cpp:87] Launcher: Function process 24 terminated
W1102 18:14:52.490433 Launcher launcher.cpp:87] Launcher: Function process 23 terminated
W1102 18:14:52.490437 Launcher launcher.cpp:87] Launcher: Function process 22 terminated
W1102 18:14:52.490441 Launcher launcher.cpp:87] Launcher: Function process 21 terminated
W1102 18:14:52.490446 Launcher launcher.cpp:87] Launcher: Function process 20 terminated
W1102 18:14:52.490450 Launcher launcher.cpp:87] Launcher: Function process 19 terminated
W1102 18:14:52.490454 Launcher launcher.cpp:87] Launcher: Function process 18 terminated
W1102 18:14:52.490458 Launcher launcher.cpp:87] Launcher: Function process 17 terminated
W1102 18:14:52.490463 Launcher launcher.cpp:87] Launcher: Function process 16 terminated
W1102 18:14:52.490467 Launcher launcher.cpp:87] Launcher: Function process 15 terminated
W1102 18:14:52.490471 Launcher launcher.cpp:87] Launcher: Function process 14 terminated
W1102 18:14:52.490475 Launcher launcher.cpp:87] Launcher: Function process 13 terminated
W1102 18:14:52.490480 Launcher launcher.cpp:87] Launcher: Function process 12 terminated
W1102 18:14:52.490484 Launcher launcher.cpp:87] Launcher: Function process 11 terminated
W1102 18:14:52.490488 Launcher launcher.cpp:87] Launcher: Function process 10 terminated
W1102 18:14:52.490492 Launcher launcher.cpp:87] Launcher: Function process 9 terminated
W1102 18:14:52.490497 Launcher launcher.cpp:87] Launcher: Function process 8 terminated
W1102 18:14:52.490501 Launcher launcher.cpp:87] Launcher: Function process 7 terminated
W1102 18:14:52.490505 Launcher launcher.cpp:87] Launcher: Function process 6 terminated
W1102 18:14:52.490510 Launcher launcher.cpp:87] Launcher: Function process 5 terminated
W1102 18:14:52.490514 Launcher launcher.cpp:87] Launcher: Function process 4 terminated
W1102 18:14:52.490518 Launcher launcher.cpp:87] Launcher: Function process 3 terminated
W1102 18:14:52.490523 Launcher launcher.cpp:87] Launcher: Function process 2 terminated
W1102 18:14:52.490527 Launcher launcher.cpp:87] Launcher: Function process 1 terminated
W1102 18:14:52.490548 Launcher launcher.cpp:87] Launcher: Function process 0 terminated
I1102 18:14:52.490553 Launcher launcher.cpp:101] Launcher: Event loop finishes
I1102 18:14:52.490619 Main     launcher.cpp:68] Launcher: Stopped
