I1102 19:04:36.529454 Main     thread.cpp:100] Register main thread: tid=1394902
E1102 19:04:36.529585 Main     docker.cpp:59] Cannot find docker's cgroup in /proc/self/cgroup
I1102 19:04:36.532841 Launcher thread.cpp:40] Start thread: Launcher/EL
I1102 19:04:36.532890 Launcher thread.cpp:64] Does not find cpuset setting for IO threads (can be set by FAAS_IO_THREAD_CPUSET)
I1102 19:04:36.532895 Launcher thread.cpp:82] Does not find nice setting for IO threads (can be set by FAAS_IO_THREAD_NICE)
I1102 19:04:36.532899 Launcher launcher.cpp:96] Launcher: Event loop starts
I1102 19:04:36.532918 Launcher engine_connection.cpp:93] EngineConnection: Connected to engine, start writing handshake message
I1102 19:04:36.533705 Launcher buffer_pool.h:25] BufferPool[Launcher]: Allocate new buffer, current buffer count is 1
I1102 19:04:36.533742 Launcher func_config.cpp:135] Load configuration for function Echo[1]
I1102 19:04:36.533753 Launcher engine_connection.cpp:65] EngineConnection: Handshake done
W1102 19:04:36.568405 Launcher engine_connection.cpp:166] EngineConnection: nread=0, will do nothing
I1102 19:04:44.491806 Main     launcher.cpp:44] Launcher: Scheduled to stop
E1102 19:04:44.492752 Launcher launcher.cpp:72] Launcher: Connection to engine disconnected
I1102 19:04:44.492773 Launcher launcher.cpp:44] Launcher: Scheduled to stop
W1102 19:04:44.515981 Launcher launcher.cpp:87] Launcher: Function process 17 terminated
W1102 19:04:44.532227 Launcher launcher.cpp:87] Launcher: Function process 24 terminated
W1102 19:04:44.532268 Launcher launcher.cpp:87] Launcher: Function process 9 terminated
W1102 19:04:44.532275 Launcher launcher.cpp:87] Launcher: Function process 3 terminated
W1102 19:04:44.534568 Launcher launcher.cpp:87] Launcher: Function process 39 terminated
W1102 19:04:44.534589 Launcher launcher.cpp:87] Launcher: Function process 31 terminated
W1102 19:04:44.534595 Launcher launcher.cpp:87] Launcher: Function process 30 terminated
W1102 19:04:44.534599 Launcher launcher.cpp:87] Launcher: Function process 28 terminated
W1102 19:04:44.534603 Launcher launcher.cpp:87] Launcher: Function process 26 terminated
W1102 19:04:44.534607 Launcher launcher.cpp:87] Launcher: Function process 25 terminated
W1102 19:04:44.534611 Launcher launcher.cpp:87] Launcher: Function process 16 terminated
W1102 19:04:44.534615 Launcher launcher.cpp:87] Launcher: Function process 15 terminated
W1102 19:04:44.534619 Launcher launcher.cpp:87] Launcher: Function process 1 terminated
W1102 19:04:44.534622 Launcher launcher.cpp:87] Launcher: Function process 0 terminated
W1102 19:04:44.534627 Launcher launcher.cpp:87] Launcher: Function process 63 terminated
W1102 19:04:44.534630 Launcher launcher.cpp:87] Launcher: Function process 62 terminated
W1102 19:04:44.534634 Launcher launcher.cpp:87] Launcher: Function process 61 terminated
W1102 19:04:44.534637 Launcher launcher.cpp:87] Launcher: Function process 60 terminated
W1102 19:04:44.534641 Launcher launcher.cpp:87] Launcher: Function process 58 terminated
W1102 19:04:44.534645 Launcher launcher.cpp:87] Launcher: Function process 57 terminated
W1102 19:04:44.534648 Launcher launcher.cpp:87] Launcher: Function process 56 terminated
W1102 19:04:44.534652 Launcher launcher.cpp:87] Launcher: Function process 55 terminated
W1102 19:04:44.534656 Launcher launcher.cpp:87] Launcher: Function process 54 terminated
W1102 19:04:44.534660 Launcher launcher.cpp:87] Launcher: Function process 53 terminated
W1102 19:04:44.534663 Launcher launcher.cpp:87] Launcher: Function process 51 terminated
W1102 19:04:44.534667 Launcher launcher.cpp:87] Launcher: Function process 50 terminated
W1102 19:04:44.534671 Launcher launcher.cpp:87] Launcher: Function process 48 terminated
W1102 19:04:44.534675 Launcher launcher.cpp:87] Launcher: Function process 47 terminated
W1102 19:04:44.534679 Launcher launcher.cpp:87] Launcher: Function process 46 terminated
W1102 19:04:44.534682 Launcher launcher.cpp:87] Launcher: Function process 45 terminated
W1102 19:04:44.534686 Launcher launcher.cpp:87] Launcher: Function process 44 terminated
W1102 19:04:44.534715 Launcher launcher.cpp:87] Launcher: Function process 43 terminated
W1102 19:04:44.534722 Launcher launcher.cpp:87] Launcher: Function process 42 terminated
W1102 19:04:44.534725 Launcher launcher.cpp:87] Launcher: Function process 41 terminated
W1102 19:04:44.534729 Launcher launcher.cpp:87] Launcher: Function process 40 terminated
W1102 19:04:44.534733 Launcher launcher.cpp:87] Launcher: Function process 38 terminated
W1102 19:04:44.534736 Launcher launcher.cpp:87] Launcher: Function process 37 terminated
W1102 19:04:44.534740 Launcher launcher.cpp:87] Launcher: Function process 36 terminated
W1102 19:04:44.534744 Launcher launcher.cpp:87] Launcher: Function process 35 terminated
W1102 19:04:44.534748 Launcher launcher.cpp:87] Launcher: Function process 33 terminated
W1102 19:04:44.534751 Launcher launcher.cpp:87] Launcher: Function process 32 terminated
W1102 19:04:44.534755 Launcher launcher.cpp:87] Launcher: Function process 29 terminated
W1102 19:04:44.534759 Launcher launcher.cpp:87] Launcher: Function process 27 terminated
W1102 19:04:44.534763 Launcher launcher.cpp:87] Launcher: Function process 23 terminated
W1102 19:04:44.534767 Launcher launcher.cpp:87] Launcher: Function process 21 terminated
W1102 19:04:44.534771 Launcher launcher.cpp:87] Launcher: Function process 20 terminated
W1102 19:04:44.534774 Launcher launcher.cpp:87] Launcher: Function process 18 terminated
W1102 19:04:44.534778 Launcher launcher.cpp:87] Launcher: Function process 13 terminated
W1102 19:04:44.534782 Launcher launcher.cpp:87] Launcher: Function process 12 terminated
W1102 19:04:44.534786 Launcher launcher.cpp:87] Launcher: Function process 10 terminated
W1102 19:04:44.534790 Launcher launcher.cpp:87] Launcher: Function process 8 terminated
W1102 19:04:44.534795 Launcher launcher.cpp:87] Launcher: Function process 6 terminated
W1102 19:04:44.534799 Launcher launcher.cpp:87] Launcher: Function process 5 terminated
W1102 19:04:44.534803 Launcher launcher.cpp:87] Launcher: Function process 4 terminated
W1102 19:04:44.534807 Launcher launcher.cpp:87] Launcher: Function process 2 terminated
W1102 19:04:44.534810 Launcher launcher.cpp:87] Launcher: Function process 59 terminated
W1102 19:04:44.534815 Launcher launcher.cpp:87] Launcher: Function process 52 terminated
W1102 19:04:44.534818 Launcher launcher.cpp:87] Launcher: Function process 49 terminated
W1102 19:04:44.534822 Launcher launcher.cpp:87] Launcher: Function process 34 terminated
W1102 19:04:44.534826 Launcher launcher.cpp:87] Launcher: Function process 22 terminated
W1102 19:04:44.534830 Launcher launcher.cpp:87] Launcher: Function process 19 terminated
W1102 19:04:44.534834 Launcher launcher.cpp:87] Launcher: Function process 14 terminated
W1102 19:04:44.534837 Launcher launcher.cpp:87] Launcher: Function process 11 terminated
W1102 19:04:44.534841 Launcher launcher.cpp:87] Launcher: Function process 7 terminated
I1102 19:04:44.534845 Launcher launcher.cpp:101] Launcher: Event loop finishes
I1102 19:04:44.534895 Main     launcher.cpp:68] Launcher: Stopped
