I1102 18:03:05.498459 Main     thread.cpp:100] Register main thread: tid=1369218
E1102 18:03:05.498747 Main     docker.cpp:59] Cannot find docker's cgroup in /proc/self/cgroup
I1102 18:03:05.498802 Main     func_config.cpp:135] Load configuration for function Noop[1]
I1102 18:03:05.498812 Main     engine.cpp:109] Engine: Start 1 IO workers
I1102 18:03:05.502056 IO-0/EL  thread.cpp:40] Start thread: IO-0/EL
I1102 18:03:05.502107 IO-0/EL  io_worker.cpp:192] IO-0: Event loop starts
Checking for file descriptor...
Got a file descriptor!
I1102 18:03:07.352254 Main     engine.cpp:180] Engine: Created 1 Machnet connections to Gateway at 10.10.1.2:10007
I1102 18:03:07.352365 Main     engine.cpp:208] Engine: Listen on /dev/shm/faas_ipc/engine.sock for IPC connections
I1102 18:03:07.352632 Server/E thread.cpp:40] Start thread: Server/EL
I1102 18:03:07.352762 Server/E server_base.cpp:50] Server: Event loop starts
I1102 18:03:07.498346 Server/E engine.cpp:674] Engine: New message connection
I1102 18:03:07.501621 IO-0/EL  buffer_pool.h:25] BufferPool[IO-0_Read]: Allocate new buffer, current buffer count is 1
I1102 18:03:07.501654 IO-0/EL  engine.cpp:277] Engine: Receive new handshake message from message connection
I1102 18:03:07.501659 IO-0/EL  worker_manager.cpp:23] WorkerManager: Launcher of func_id 1 connected
I1102 18:03:07.501663 IO-0/EL  worker_manager.cpp:131] WorkerManager: Request new FuncWorker for func_id 1 with client_id 1
I1102 18:03:07.501682 IO-0/EL  worker_manager.cpp:131] WorkerManager: Request new FuncWorker for func_id 1 with client_id 2
I1102 18:03:07.501694 IO-0/EL  worker_manager.cpp:131] WorkerManager: Request new FuncWorker for func_id 1 with client_id 3
I1102 18:03:07.501704 IO-0/EL  worker_manager.cpp:131] WorkerManager: Request new FuncWorker for func_id 1 with client_id 4
I1102 18:03:07.501717 IO-0/EL  worker_manager.cpp:131] WorkerManager: Request new FuncWorker for func_id 1 with client_id 5
I1102 18:03:07.501727 IO-0/EL  worker_manager.cpp:131] WorkerManager: Request new FuncWorker for func_id 1 with client_id 6
I1102 18:03:07.501737 IO-0/EL  worker_manager.cpp:131] WorkerManager: Request new FuncWorker for func_id 1 with client_id 7
I1102 18:03:07.501747 IO-0/EL  worker_manager.cpp:131] WorkerManager: Request new FuncWorker for func_id 1 with client_id 8
I1102 18:03:07.501777 IO-0/EL  buffer_pool.h:25] BufferPool[IO-0_Write]: Allocate new buffer, current buffer count is 1
I1102 18:03:07.501793 IO-0/EL  message_connection.cpp:269] LauncherConnection[1]: Handshake done
I1102 18:03:07.505945 Server/E engine.cpp:674] Engine: New message connection
I1102 18:03:07.505978 IO-0/EL  engine.cpp:277] Engine: Receive new handshake message from message connection
I1102 18:03:07.505983 IO-0/EL  worker_manager.cpp:60] WorkerManager: FuncWorker of func_id 1, client_id 1 connected
I1102 18:03:07.505994 IO-0/EL  dispatcher.cpp:47] Dispatcher[1]: min_workers=8
I1102 18:03:07.505998 IO-0/EL  dispatcher.cpp:51] Dispatcher[1]: max_workers=8
I1102 18:03:07.506018 IO-0/EL  message_connection.cpp:269] FuncWorkerConnection[1-1]: Handshake done
I1102 18:03:07.506327 Server/E engine.cpp:674] Engine: New message connection
I1102 18:03:07.506351 IO-0/EL  engine.cpp:277] Engine: Receive new handshake message from message connection
I1102 18:03:07.506355 IO-0/EL  worker_manager.cpp:60] WorkerManager: FuncWorker of func_id 1, client_id 2 connected
I1102 18:03:07.506369 IO-0/EL  message_connection.cpp:269] FuncWorkerConnection[1-2]: Handshake done
I1102 18:03:07.507409 Server/E engine.cpp:674] Engine: New message connection
I1102 18:03:07.507432 IO-0/EL  engine.cpp:277] Engine: Receive new handshake message from message connection
I1102 18:03:07.507437 IO-0/EL  worker_manager.cpp:60] WorkerManager: FuncWorker of func_id 1, client_id 3 connected
I1102 18:03:07.507451 IO-0/EL  message_connection.cpp:269] FuncWorkerConnection[1-3]: Handshake done
I1102 18:03:07.509674 Server/E engine.cpp:674] Engine: New message connection
I1102 18:03:07.509701 IO-0/EL  engine.cpp:277] Engine: Receive new handshake message from message connection
I1102 18:03:07.509706 IO-0/EL  worker_manager.cpp:60] WorkerManager: FuncWorker of func_id 1, client_id 5 connected
I1102 18:03:07.509737 IO-0/EL  message_connection.cpp:269] FuncWorkerConnection[1-5]: Handshake done
I1102 18:03:07.510014 Server/E engine.cpp:674] Engine: New message connection
I1102 18:03:07.510034 IO-0/EL  engine.cpp:277] Engine: Receive new handshake message from message connection
I1102 18:03:07.510039 IO-0/EL  worker_manager.cpp:60] WorkerManager: FuncWorker of func_id 1, client_id 4 connected
I1102 18:03:07.510052 IO-0/EL  message_connection.cpp:269] FuncWorkerConnection[1-4]: Handshake done
I1102 18:03:07.511062 Server/E engine.cpp:674] Engine: New message connection
I1102 18:03:07.511097 IO-0/EL  engine.cpp:277] Engine: Receive new handshake message from message connection
I1102 18:03:07.511102 IO-0/EL  worker_manager.cpp:60] WorkerManager: FuncWorker of func_id 1, client_id 7 connected
I1102 18:03:07.511116 IO-0/EL  message_connection.cpp:269] FuncWorkerConnection[1-7]: Handshake done
I1102 18:03:07.512095 Server/E engine.cpp:674] Engine: New message connection
I1102 18:03:07.512119 IO-0/EL  engine.cpp:277] Engine: Receive new handshake message from message connection
I1102 18:03:07.512124 IO-0/EL  worker_manager.cpp:60] WorkerManager: FuncWorker of func_id 1, client_id 6 connected
I1102 18:03:07.512137 IO-0/EL  message_connection.cpp:269] FuncWorkerConnection[1-6]: Handshake done
I1102 18:03:07.512976 Server/E engine.cpp:674] Engine: New message connection
I1102 18:03:07.513004 IO-0/EL  engine.cpp:277] Engine: Receive new handshake message from message connection
I1102 18:03:07.513009 IO-0/EL  worker_manager.cpp:60] WorkerManager: FuncWorker of func_id 1, client_id 8 connected
I1102 18:03:07.513022 IO-0/EL  message_connection.cpp:269] FuncWorkerConnection[1-8]: Handshake done
I1102 18:03:10.425604 IO-0/EL  buffer_pool.h:25] BufferPool[IO-0_Write]: Allocate new buffer, current buffer count is 2
I1102 18:03:10.425631 IO-0/EL  buffer_pool.h:25] BufferPool[IO-0_Write]: Allocate new buffer, current buffer count is 3
I1102 18:03:10.425642 IO-0/EL  buffer_pool.h:25] BufferPool[IO-0_Write]: Allocate new buffer, current buffer count is 4
I1102 18:03:10.425653 IO-0/EL  buffer_pool.h:25] BufferPool[IO-0_Write]: Allocate new buffer, current buffer count is 5
I1102 18:03:10.425660 IO-0/EL  buffer_pool.h:25] BufferPool[IO-0_Write]: Allocate new buffer, current buffer count is 6
I1102 18:03:11.081061 IO-0/EL  buffer_pool.h:25] BufferPool[IO-0_Write]: Allocate new buffer, current buffer count is 7
I1102 18:03:11.081080 IO-0/EL  buffer_pool.h:25] BufferPool[IO-0_Write]: Allocate new buffer, current buffer count is 8
I1102 18:03:11.081090 IO-0/EL  buffer_pool.h:25] BufferPool[IO-0_Write]: Allocate new buffer, current buffer count is 9
I1102 18:03:13.049085 IO-0/EL  buffer_pool.h:25] BufferPool[IO-0_Write]: Allocate new buffer, current buffer count is 10
I1102 18:03:15.458042 Main     server_base.cpp:35] Server: Scheduled to stop
I1102 18:03:15.458220 IO-0/EL  message_connection.cpp:284] LauncherConnection[1]: Connection closed remotely
I1102 18:03:15.458346 Server/E server_base.cpp:109] Server: Start stopping process
I1102 18:03:15.458405 IO-0/EL  io_worker.cpp:206] IO-0: Start stopping process
