$ /users/vj2267/nightcore/benchmarks/run_bench.sh --duration 5 --workers 4 --remote vj2267@sm110p-10s10615.wisc.cloudlab.us --remote_addr 10.10.1.2 --machnet --local_machnet_ip 10.10.1.1 --mode noop --target_rps 20000

=== Nightcore Stress Test (noop mode) ===
Mode: noop
Function: Noop
Workers: 4
Duration: 5 seconds
Target RPS (global): 20000
Input size: 64 bytes
Inflight limit per connection: 1
Engine IO workers: 1
Gateway conns per worker: 1
Warmup: 0 seconds
Stress Client: Remote (vj2267@sm110p-10s10615.wisc.cloudlab.us)
Engine Connection Address: 10.10.1.2 (explicit)
Transport: Machnet
  Remote Machnet IP: 10.10.1.2
  Local Machnet IP: 10.10.1.1

Cleaning up any existing stress_client on remote...
Starting stress_client on remote host vj2267@sm110p-10s10615.wisc.cloudlab.us...
  Remote SSH process PID: 1367744
  Output will be saved to: /users/vj2267/nightcore/benchmarks/outputs/stress_client_remote.txt
Waiting for remote stress_client to start...
I1102 17:57:05.734820 Main     thread.cpp:100] Register main thread: tid=1117831
I1102 17:57:05.734894 Main     stress_client.cpp:179] Using Machnet transport on 10.10.1.2:10007
I1102 17:57:05.734899 Main     stress_client_machnet.cpp:37] Starting Machnet event-loop thread...
[Loop Thread 124726481516224] Machnet event-loop thread started
I1102 17:57:05.738128 Server/E thread.cpp:40] Start thread: Server/EL
I1102 17:57:05.738170 Server/E server_base.cpp:50] Server: Event loop starts
I1102 17:57:06.238239 Main     stress_client.cpp:43] === Nightcore Stress Test ===
I1102 17:57:06.238278 Main     stress_client.cpp:44] Function ID: 1
I1102 17:57:06.238286 Main     stress_client.cpp:45] Method ID: 0
I1102 17:57:06.238291 Main     stress_client.cpp:46] Input size: 64 bytes
I1102 17:57:06.238296 Main     stress_client.cpp:47] Global target RPS: 20000
I1102 17:57:06.238301 Main     stress_client.cpp:50] Inflight limit per connection: 1
I1102 17:57:06.238306 Main     stress_client.cpp:51] Warmup: 0s, Duration: 5s
I1102 17:57:06.238311 Main     stress_client.cpp:53] 
I1102 17:57:06.238316 Main     stress_client.cpp:54] ========================================
I1102 17:57:06.238320 Main     stress_client.cpp:57] Waiting for Engine to connect...
Checking for file descriptor...
Got a file descriptor!
Listening on Machnet 10.10.1.2:10007 for Engine connections[Loop Thread 124726481516224] Machnet listener created
Starting Engine (connecting to 10.10.1.2:10007)...
  Engine PID: 1367753
New Machnet connection created: 168427777:1024 -> 168427778:10007
[Receive Thread 124726481516224] Handshake: pinned send flow 168427778:10007 -> 168427777:1024
[Loop Thread 124726481516224] Now sending on flow 168427778:10007 -> 168427777:1024
Starting Launcher with 4 workers...
All components started. Stress test will begin after warmup...

I1102 17:57:10.442341 Main     stress_client.cpp:71] Engine connected with 1 connection(s)
I1102 17:57:10.442376 Main     stress_client.cpp:73] Global target RPS: 20000
I1102 17:57:10.442382 Main     stress_client.cpp:76] 
I1102 17:57:10.442387 Main     stress_client.cpp:79] Waiting 3 seconds for workers to initialize...
I1102 17:57:14.443775 Main     stress_common.cpp:30] [T+1s] Sent: 20003 | Completed: 20002 | Failed: 0 | Latencies: 20002
I1102 17:57:15.444458 Main     stress_common.cpp:30] [T+2s] Sent: 40009 | Completed: 40008 | Failed: 0 | Latencies: 40008
I1102 17:57:16.444884 Main     stress_common.cpp:30] [T+3s] Sent: 60013 | Completed: 60012 | Failed: 0 | Latencies: 60012
I1102 17:57:17.445350 Main     stress_common.cpp:30] [T+4s] Sent: 80015 | Completed: 80015 | Failed: 0 | Latencies: 80015
I1102 17:57:18.445803 Main     stress_common.cpp:30] [T+5s] Sent: 99958 | Completed: 99958 | Failed: 0 | Latencies: 99958
I1102 17:57:18.445838 Main     stress_client.cpp:116] 
I1102 17:57:18.445979 Main     stress_common.cpp:42] ========================================
I1102 17:57:18.445986 Main     stress_common.cpp:43] === Stress Test Results ===
I1102 17:57:18.445991 Main     stress_common.cpp:44] ========================================
I1102 17:57:18.445995 Main     stress_common.cpp:45] Transport:         Machnet
I1102 17:57:18.446001 Main     stress_common.cpp:46] Connections:       1
I1102 17:57:18.446006 Main     stress_common.cpp:47] Duration:          5.00 seconds
I1102 17:57:18.446018 Main     stress_common.cpp:48] Total Sent:        99958
I1102 17:57:18.446023 Main     stress_common.cpp:49] Total Completed:   99958 (100.00%)
I1102 17:57:18.446029 Main     stress_common.cpp:52] Total Failed:      0 (0.00%)
I1102 17:57:18.446035 Main     stress_common.cpp:55] 
I1102 17:57:18.446040 Main     stress_common.cpp:56] Throughput:        19981.9 rps
I1102 17:57:18.446046 Main     stress_common.cpp:57] 
I1102 17:57:18.453875 Main     stress_common.cpp:71] Latency (us):
I1102 17:57:18.453890 Main     stress_common.cpp:72]   Min:    18
I1102 17:57:18.453895 Main     stress_common.cpp:73]   p50:    28
I1102 17:57:18.453901 Main     stress_common.cpp:74]   p90:    30
I1102 17:57:18.453905 Main     stress_common.cpp:75]   p99:    34
I1102 17:57:18.453909 Main     stress_common.cpp:76]   p99.9:  51
I1102 17:57:18.453914 Main     stress_common.cpp:77]   Max:    527
I1102 17:57:18.453920 Main     stress_common.cpp:82] ========================================
I1102 17:57:18.453925 Main     server_base.cpp:35] Server: Scheduled to stop
I1102 17:57:18.454058 Server/E server_base.cpp:109] Server: Start stopping process
[Loop Thread 124726481516224] Machnet event-loop thread finished
I1102 17:57:18.454213 Server/E server_base.cpp:55] Server: Event loop finishes
I1102 17:57:18.454267 Main     server_base.cpp:46] Server: Stopped

Stress test completed. Shutting down...

Copying results from remote host...
Remote stress_client output:
I1102 17:57:05.734820 Main     thread.cpp:100] Register main thread: tid=1117831
I1102 17:57:05.734894 Main     stress_client.cpp:179] Using Machnet transport on 10.10.1.2:10007
I1102 17:57:05.734899 Main     stress_client_machnet.cpp:37] Starting Machnet event-loop thread...
[Loop Thread 124726481516224] Machnet event-loop thread started
I1102 17:57:05.738128 Server/E thread.cpp:40] Start thread: Server/EL
I1102 17:57:05.738170 Server/E server_base.cpp:50] Server: Event loop starts
I1102 17:57:06.238239 Main     stress_client.cpp:43] === Nightcore Stress Test ===
I1102 17:57:06.238278 Main     stress_client.cpp:44] Function ID: 1
I1102 17:57:06.238286 Main     stress_client.cpp:45] Method ID: 0
I1102 17:57:06.238291 Main     stress_client.cpp:46] Input size: 64 bytes
I1102 17:57:06.238296 Main     stress_client.cpp:47] Global target RPS: 20000
I1102 17:57:06.238301 Main     stress_client.cpp:50] Inflight limit per connection: 1
I1102 17:57:06.238306 Main     stress_client.cpp:51] Warmup: 0s, Duration: 5s
I1102 17:57:06.238311 Main     stress_client.cpp:53] 
I1102 17:57:06.238316 Main     stress_client.cpp:54] ========================================
I1102 17:57:06.238320 Main     stress_client.cpp:57] Waiting for Engine to connect...
Checking for file descriptor...
Got a file descriptor!
Listening on Machnet 10.10.1.2:10007 for Engine connections[Loop Thread 124726481516224] Machnet listener created
New Machnet connection created: 168427777:1024 -> 168427778:10007
[Receive Thread 124726481516224] Handshake: pinned send flow 168427778:10007 -> 168427777:1024
[Loop Thread 124726481516224] Now sending on flow 168427778:10007 -> 168427777:1024
I1102 17:57:10.442341 Main     stress_client.cpp:71] Engine connected with 1 connection(s)
I1102 17:57:10.442376 Main     stress_client.cpp:73] Global target RPS: 20000
I1102 17:57:10.442382 Main     stress_client.cpp:76] 
I1102 17:57:10.442387 Main     stress_client.cpp:79] Waiting 3 seconds for workers to initialize...
I1102 17:57:14.443775 Main     stress_common.cpp:30] [T+1s] Sent: 20003 | Completed: 20002 | Failed: 0 | Latencies: 20002
I1102 17:57:15.444458 Main     stress_common.cpp:30] [T+2s] Sent: 40009 | Completed: 40008 | Failed: 0 | Latencies: 40008
I1102 17:57:16.444884 Main     stress_common.cpp:30] [T+3s] Sent: 60013 | Completed: 60012 | Failed: 0 | Latencies: 60012
I1102 17:57:17.445350 Main     stress_common.cpp:30] [T+4s] Sent: 80015 | Completed: 80015 | Failed: 0 | Latencies: 80015
I1102 17:57:18.445803 Main     stress_common.cpp:30] [T+5s] Sent: 99958 | Completed: 99958 | Failed: 0 | Latencies: 99958
I1102 17:57:18.445838 Main     stress_client.cpp:116] 
I1102 17:57:18.445979 Main     stress_common.cpp:42] ========================================
I1102 17:57:18.445986 Main     stress_common.cpp:43] === Stress Test Results ===
I1102 17:57:18.445991 Main     stress_common.cpp:44] ========================================
I1102 17:57:18.445995 Main     stress_common.cpp:45] Transport:         Machnet
I1102 17:57:18.446001 Main     stress_common.cpp:46] Connections:       1
I1102 17:57:18.446006 Main     stress_common.cpp:47] Duration:          5.00 seconds
I1102 17:57:18.446018 Main     stress_common.cpp:48] Total Sent:        99958
I1102 17:57:18.446023 Main     stress_common.cpp:49] Total Completed:   99958 (100.00%)
I1102 17:57:18.446029 Main     stress_common.cpp:52] Total Failed:      0 (0.00%)
I1102 17:57:18.446035 Main     stress_common.cpp:55] 
I1102 17:57:18.446040 Main     stress_common.cpp:56] Throughput:        19981.9 rps
I1102 17:57:18.446046 Main     stress_common.cpp:57] 
I1102 17:57:18.453875 Main     stress_common.cpp:71] Latency (us):
I1102 17:57:18.453890 Main     stress_common.cpp:72]   Min:    18
I1102 17:57:18.453895 Main     stress_common.cpp:73]   p50:    28
I1102 17:57:18.453901 Main     stress_common.cpp:74]   p90:    30
I1102 17:57:18.453905 Main     stress_common.cpp:75]   p99:    34
I1102 17:57:18.453909 Main     stress_common.cpp:76]   p99.9:  51
I1102 17:57:18.453914 Main     stress_common.cpp:77]   Max:    527
I1102 17:57:18.453920 Main     stress_common.cpp:82] ========================================
I1102 17:57:18.453925 Main     server_base.cpp:35] Server: Scheduled to stop
I1102 17:57:18.454058 Server/E server_base.cpp:109] Server: Start stopping process
[Loop Thread 124726481516224] Machnet event-loop thread finished
I1102 17:57:18.454213 Server/E server_base.cpp:55] Server: Event loop finishes
I1102 17:57:18.454267 Main     server_base.cpp:46] Server: Stopped

Cleaning up any remaining remote stress_client processes...

Logs saved to:
  Engine:   /users/vj2267/nightcore/benchmarks/outputs/engine.log
  Launcher: /users/vj2267/nightcore/benchmarks/outputs/launcher.log
  Workers:  /users/vj2267/nightcore/benchmarks/outputs/Noop_worker_*.stdout
