I1102 17:57:08.421631 Main     thread.cpp:100] Register main thread: tid=1367753
E1102 17:57:08.421878 Main     docker.cpp:59] Cannot find docker's cgroup in /proc/self/cgroup
I1102 17:57:08.421936 Main     func_config.cpp:135] Load configuration for function Noop[1]
I1102 17:57:08.421946 Main     engine.cpp:109] Engine: Start 1 IO workers
I1102 17:57:08.425185 IO-0/EL  thread.cpp:40] Start thread: IO-0/EL
I1102 17:57:08.425239 IO-0/EL  io_worker.cpp:192] IO-0: Event loop starts
Checking for file descriptor...
Got a file descriptor!
I1102 17:57:10.351032 Main     engine.cpp:180] Engine: Created 1 Machnet connections to Gateway at 10.10.1.2:10007
I1102 17:57:10.351150 Main     engine.cpp:208] Engine: Listen on /dev/shm/faas_ipc/engine.sock for IPC connections
I1102 17:57:10.351354 Server/E thread.cpp:40] Start thread: Server/EL
I1102 17:57:10.351473 Server/E server_base.cpp:50] Server: Event loop starts
I1102 17:57:10.424961 Server/E engine.cpp:674] Engine: New message connection
I1102 17:57:10.428215 IO-0/EL  buffer_pool.h:25] BufferPool[IO-0_Read]: Allocate new buffer, current buffer count is 1
I1102 17:57:10.428247 IO-0/EL  engine.cpp:277] Engine: Receive new handshake message from message connection
I1102 17:57:10.428252 IO-0/EL  worker_manager.cpp:23] WorkerManager: Launcher of func_id 1 connected
I1102 17:57:10.428256 IO-0/EL  worker_manager.cpp:131] WorkerManager: Request new FuncWorker for func_id 1 with client_id 1
I1102 17:57:10.428277 IO-0/EL  worker_manager.cpp:131] WorkerManager: Request new FuncWorker for func_id 1 with client_id 2
I1102 17:57:10.428288 IO-0/EL  worker_manager.cpp:131] WorkerManager: Request new FuncWorker for func_id 1 with client_id 3
I1102 17:57:10.428298 IO-0/EL  worker_manager.cpp:131] WorkerManager: Request new FuncWorker for func_id 1 with client_id 4
I1102 17:57:10.428323 IO-0/EL  buffer_pool.h:25] BufferPool[IO-0_Write]: Allocate new buffer, current buffer count is 1
I1102 17:57:10.428341 IO-0/EL  message_connection.cpp:269] LauncherConnection[1]: Handshake done
I1102 17:57:10.432896 Server/E engine.cpp:674] Engine: New message connection
I1102 17:57:10.432925 IO-0/EL  engine.cpp:277] Engine: Receive new handshake message from message connection
I1102 17:57:10.432930 IO-0/EL  worker_manager.cpp:60] WorkerManager: FuncWorker of func_id 1, client_id 1 connected
I1102 17:57:10.432941 IO-0/EL  dispatcher.cpp:47] Dispatcher[1]: min_workers=4
I1102 17:57:10.432949 IO-0/EL  dispatcher.cpp:51] Dispatcher[1]: max_workers=4
I1102 17:57:10.432974 IO-0/EL  message_connection.cpp:269] FuncWorkerConnection[1-1]: Handshake done
I1102 17:57:10.433682 Server/E engine.cpp:674] Engine: New message connection
I1102 17:57:10.433703 IO-0/EL  engine.cpp:277] Engine: Receive new handshake message from message connection
I1102 17:57:10.433714 IO-0/EL  worker_manager.cpp:60] WorkerManager: FuncWorker of func_id 1, client_id 2 connected
I1102 17:57:10.433729 IO-0/EL  message_connection.cpp:269] FuncWorkerConnection[1-2]: Handshake done
I1102 17:57:10.434356 Server/E engine.cpp:674] Engine: New message connection
I1102 17:57:10.434382 IO-0/EL  engine.cpp:277] Engine: Receive new handshake message from message connection
I1102 17:57:10.434387 IO-0/EL  worker_manager.cpp:60] WorkerManager: FuncWorker of func_id 1, client_id 3 connected
I1102 17:57:10.434401 IO-0/EL  message_connection.cpp:269] FuncWorkerConnection[1-3]: Handshake done
I1102 17:57:10.434919 Server/E engine.cpp:674] Engine: New message connection
I1102 17:57:10.434941 IO-0/EL  engine.cpp:277] Engine: Receive new handshake message from message connection
I1102 17:57:10.434945 IO-0/EL  worker_manager.cpp:60] WorkerManager: FuncWorker of func_id 1, client_id 4 connected
I1102 17:57:10.434958 IO-0/EL  message_connection.cpp:269] FuncWorkerConnection[1-4]: Handshake done
I1102 17:57:14.262602 IO-0/EL  buffer_pool.h:25] BufferPool[IO-0_Write]: Allocate new buffer, current buffer count is 2
I1102 17:57:14.262623 IO-0/EL  buffer_pool.h:25] BufferPool[IO-0_Write]: Allocate new buffer, current buffer count is 3
I1102 17:57:15.082020 IO-0/EL  buffer_pool.h:25] BufferPool[IO-0_Write]: Allocate new buffer, current buffer count is 4
I1102 17:57:18.458971 IO-0/EL  message_connection.cpp:284] LauncherConnection[1]: Connection closed remotely
I1102 17:57:18.458999 Main     server_base.cpp:35] Server: Scheduled to stop
I1102 17:57:18.459150 Server/E worker_manager.cpp:47] WorkerManager: Launcher of func_id 1 disconnected
I1102 17:57:18.459185 Server/E engine.cpp:257] Engine: A MessageConnection is returned
I1102 17:57:18.459191 Server/E server_base.cpp:109] Server: Start stopping process
I1102 17:57:18.459197 IO-0/EL  io_worker.cpp:206] IO-0: Start stopping process
