I1102 17:57:10.424749 Main     thread.cpp:100] Register main thread: tid=1367759
E1102 17:57:10.424884 Main     docker.cpp:59] Cannot find docker's cgroup in /proc/self/cgroup
I1102 17:57:10.428119 Launcher thread.cpp:40] Start thread: Launcher/EL
I1102 17:57:10.428168 Launcher thread.cpp:64] Does not find cpuset setting for IO threads (can be set by FAAS_IO_THREAD_CPUSET)
I1102 17:57:10.428174 Launcher thread.cpp:82] Does not find nice setting for IO threads (can be set by FAAS_IO_THREAD_NICE)
I1102 17:57:10.428178 Launcher launcher.cpp:96] Launcher: Event loop starts
I1102 17:57:10.428196 Launcher engine_connection.cpp:93] EngineConnection: Connected to engine, start writing handshake message
I1102 17:57:10.428320 Launcher buffer_pool.h:25] BufferPool[Launcher]: Allocate new buffer, current buffer count is 1
I1102 17:57:10.428346 Launcher func_config.cpp:135] Load configuration for function Noop[1]
I1102 17:57:10.428356 Launcher engine_connection.cpp:65] EngineConnection: Handshake done
W1102 17:57:10.432468 Launcher engine_connection.cpp:166] EngineConnection: nread=0, will do nothing
I1102 17:57:18.458849 Main     launcher.cpp:44] Launcher: Scheduled to stop
E1102 17:57:18.459002 Launcher launcher.cpp:72] Launcher: Connection to engine disconnected
I1102 17:57:18.459038 Launcher launcher.cpp:44] Launcher: Scheduled to stop
W1102 17:57:18.459781 Launcher launcher.cpp:87] Launcher: Function process 3 terminated
W1102 17:57:18.459797 Launcher launcher.cpp:87] Launcher: Function process 2 terminated
W1102 17:57:18.459804 Launcher launcher.cpp:87] Launcher: Function process 1 terminated
W1102 17:57:18.459851 Launcher launcher.cpp:87] Launcher: Function process 0 terminated
I1102 17:57:18.459859 Launcher launcher.cpp:101] Launcher: Event loop finishes
I1102 17:57:18.459913 Main     launcher.cpp:68] Launcher: Stopped
