$ /users/vj2267/nightcore/benchmarks/run_bench.sh --duration 5 --workers 4 --remote vj2267@sm110p-10s10615.wisc.cloudlab.us --remote_addr 10.10.1.2 --machnet --local_machnet_ip 10.10.1.1 --mode hyperlight --target_rps 225000

=== Nightcore Stress Test (hyperlight mode) ===
Mode: hyperlight
Function: Echo
Workers: 4
Duration: 5 seconds
Target RPS (global): 225000
Input size: 64 bytes
Inflight limit per connection: 1
Engine IO workers: 1
Gateway conns per worker: 1
Warmup: 0 seconds
Stress Client: Remote (vj2267@sm110p-10s10615.wisc.cloudlab.us)
Engine Connection Address: 10.10.1.2 (explicit)
Transport: Machnet
  Remote Machnet IP: 10.10.1.2
  Local Machnet IP: 10.10.1.1

Cleaning up any existing stress_client on remote...
Starting stress_client on remote host vj2267@sm110p-10s10615.wisc.cloudlab.us...
  Remote SSH process PID: 1388241
  Output will be saved to: /users/vj2267/nightcore/benchmarks/outputs/stress_client_remote.txt
Waiting for remote stress_client to start...
I1102 18:46:41.220261 Main     thread.cpp:100] Register main thread: tid=1154331
I1102 18:46:41.220335 Main     stress_client.cpp:179] Using Machnet transport on 10.10.1.2:10007
I1102 18:46:41.220340 Main     stress_client_machnet.cpp:37] Starting Machnet event-loop thread...
[Loop Thread 124065765390016] Machnet event-loop thread started
I1102 18:46:41.223578 Server/E thread.cpp:40] Start thread: Server/EL
I1102 18:46:41.223614 Server/E server_base.cpp:50] Server: Event loop starts
Checking for file descriptor...
Got a file descriptor!
I1102 18:46:41.723656 Main     stress_client.cpp:43] === Nightcore Stress Test ===
I1102 18:46:41.723673 Main     stress_client.cpp:44] Function ID: 1
I1102 18:46:41.723676 Main     stress_client.cpp:45] Method ID: 0
I1102 18:46:41.723678 Main     stress_client.cpp:46] Input size: 64 bytes
I1102 18:46:41.723680 Main     stress_client.cpp:47] Global target RPS: 225000
I1102 18:46:41.723682 Main     stress_client.cpp:50] Inflight limit per connection: 1
I1102 18:46:41.723684 Main     stress_client.cpp:51] Warmup: 0s, Duration: 5s
I1102 18:46:41.723686 Main     stress_client.cpp:53] 
I1102 18:46:41.723687 Main     stress_client.cpp:54] ========================================
I1102 18:46:41.723689 Main     stress_client.cpp:57] Waiting for Engine to connect...
Listening on Machnet 10.10.1.2:10007 for Engine connections[Loop Thread 124065765390016] Machnet listener created
Starting Engine (connecting to 10.10.1.2:10007)...
  Engine PID: 1388251
New Machnet connection created: 168427777:1024 -> 168427778:10007
[Receive Thread 124065765390016] Handshake: pinned send flow 168427778:10007 -> 168427777:1024
[Loop Thread 124065765390016] Now sending on flow 168427778:10007 -> 168427777:1024
I1102 18:46:45.427114 Main     stress_client.cpp:71] Engine connected with 1 connection(s)
I1102 18:46:45.427165 Main     stress_client.cpp:73] Global target RPS: 225000
I1102 18:46:45.427172 Main     stress_client.cpp:76] 
I1102 18:46:45.427176 Main     stress_client.cpp:79] Waiting 3 seconds for workers to initialize...
Starting Launcher with 4 workers...
All components started. Stress test will begin after warmup...

I1102 18:46:49.439039 Main     stress_common.cpp:30] [T+1s] Sent: 249958 | Completed: 187265 | Failed: 0 | Latencies: 187265
I1102 18:46:50.443572 Main     stress_common.cpp:30] [T+2s] Sent: 500017 | Completed: 395983 | Failed: 0 | Latencies: 395983
I1102 18:46:51.446664 Main     stress_common.cpp:30] [T+3s] Sent: 749950 | Completed: 607239 | Failed: 0 | Latencies: 607239
I1102 18:46:52.450245 Main     stress_common.cpp:30] [T+4s] Sent: 999928 | Completed: 816477 | Failed: 0 | Latencies: 816477
I1102 18:46:53.461308 Main     stress_common.cpp:30] [T+5s] Sent: 1244124 | Completed: 1023743 | Failed: 0 | Latencies: 1023743
I1102 18:46:53.462401 Main     stress_client.cpp:116] 
I1102 18:46:53.472534 Main     stress_common.cpp:42] ========================================
I1102 18:46:53.472546 Main     stress_common.cpp:43] === Stress Test Results ===
I1102 18:46:53.472551 Main     stress_common.cpp:44] ========================================
I1102 18:46:53.472556 Main     stress_common.cpp:45] Transport:         Machnet
I1102 18:46:53.472561 Main     stress_common.cpp:46] Connections:       1
I1102 18:46:53.472567 Main     stress_common.cpp:47] Duration:          5.03 seconds
I1102 18:46:53.472590 Main     stress_common.cpp:48] Total Sent:        1244124
I1102 18:46:53.472595 Main     stress_common.cpp:49] Total Completed:   1026349 (82.50%)
I1102 18:46:53.472601 Main     stress_common.cpp:52] Total Failed:      0 (0.00%)
I1102 18:46:53.472607 Main     stress_common.cpp:55] 
I1102 18:46:53.472612 Main     stress_common.cpp:56] Throughput:        204233.9 rps
I1102 18:46:53.472618 Main     stress_common.cpp:57] 
I1102 18:46:53.531598 Main     stress_common.cpp:71] Latency (us):
I1102 18:46:53.531607 Main     stress_common.cpp:72]   Min:    316
I1102 18:46:53.531610 Main     stress_common.cpp:73]   p50:    502570
I1102 18:46:53.531613 Main     stress_common.cpp:74]   p90:    829494
I1102 18:46:53.531615 Main     stress_common.cpp:75]   p99:    899368
I1102 18:46:53.531617 Main     stress_common.cpp:76]   p99.9:  911710
I1102 18:46:53.531619 Main     stress_common.cpp:77]   Max:    915618
I1102 18:46:53.532098 Main     stress_common.cpp:82] ========================================
I1102 18:46:53.532526 Main     server_base.cpp:35] Server: Scheduled to stop
I1102 18:46:53.532650 Server/E server_base.cpp:109] Server: Start stopping process
[Loop Thread 124065765390016] Machnet event-loop thread finished
I1102 18:46:53.532804 Server/E server_base.cpp:55] Server: Event loop finishes
I1102 18:46:53.532850 Main     server_base.cpp:46] Server: Stopped

Stress test completed. Shutting down...

Copying results from remote host...
Remote stress_client output:
I1102 18:46:41.220261 Main     thread.cpp:100] Register main thread: tid=1154331
I1102 18:46:41.220335 Main     stress_client.cpp:179] Using Machnet transport on 10.10.1.2:10007
I1102 18:46:41.220340 Main     stress_client_machnet.cpp:37] Starting Machnet event-loop thread...
[Loop Thread 124065765390016] Machnet event-loop thread started
I1102 18:46:41.223578 Server/E thread.cpp:40] Start thread: Server/EL
I1102 18:46:41.223614 Server/E server_base.cpp:50] Server: Event loop starts
Checking for file descriptor...
Got a file descriptor!
I1102 18:46:41.723656 Main     stress_client.cpp:43] === Nightcore Stress Test ===
I1102 18:46:41.723673 Main     stress_client.cpp:44] Function ID: 1
I1102 18:46:41.723676 Main     stress_client.cpp:45] Method ID: 0
I1102 18:46:41.723678 Main     stress_client.cpp:46] Input size: 64 bytes
I1102 18:46:41.723680 Main     stress_client.cpp:47] Global target RPS: 225000
I1102 18:46:41.723682 Main     stress_client.cpp:50] Inflight limit per connection: 1
I1102 18:46:41.723684 Main     stress_client.cpp:51] Warmup: 0s, Duration: 5s
I1102 18:46:41.723686 Main     stress_client.cpp:53] 
I1102 18:46:41.723687 Main     stress_client.cpp:54] ========================================
I1102 18:46:41.723689 Main     stress_client.cpp:57] Waiting for Engine to connect...
Listening on Machnet 10.10.1.2:10007 for Engine connections[Loop Thread 124065765390016] Machnet listener created
New Machnet connection created: 168427777:1024 -> 168427778:10007
[Receive Thread 124065765390016] Handshake: pinned send flow 168427778:10007 -> 168427777:1024
[Loop Thread 124065765390016] Now sending on flow 168427778:10007 -> 168427777:1024
I1102 18:46:45.427114 Main     stress_client.cpp:71] Engine connected with 1 connection(s)
I1102 18:46:45.427165 Main     stress_client.cpp:73] Global target RPS: 225000
I1102 18:46:45.427172 Main     stress_client.cpp:76] 
I1102 18:46:45.427176 Main     stress_client.cpp:79] Waiting 3 seconds for workers to initialize...
I1102 18:46:49.439039 Main     stress_common.cpp:30] [T+1s] Sent: 249958 | Completed: 187265 | Failed: 0 | Latencies: 187265
I1102 18:46:50.443572 Main     stress_common.cpp:30] [T+2s] Sent: 500017 | Completed: 395983 | Failed: 0 | Latencies: 395983
I1102 18:46:51.446664 Main     stress_common.cpp:30] [T+3s] Sent: 749950 | Completed: 607239 | Failed: 0 | Latencies: 607239
I1102 18:46:52.450245 Main     stress_common.cpp:30] [T+4s] Sent: 999928 | Completed: 816477 | Failed: 0 | Latencies: 816477
I1102 18:46:53.461308 Main     stress_common.cpp:30] [T+5s] Sent: 1244124 | Completed: 1023743 | Failed: 0 | Latencies: 1023743
I1102 18:46:53.462401 Main     stress_client.cpp:116] 
I1102 18:46:53.472534 Main     stress_common.cpp:42] ========================================
I1102 18:46:53.472546 Main     stress_common.cpp:43] === Stress Test Results ===
I1102 18:46:53.472551 Main     stress_common.cpp:44] ========================================
I1102 18:46:53.472556 Main     stress_common.cpp:45] Transport:         Machnet
I1102 18:46:53.472561 Main     stress_common.cpp:46] Connections:       1
I1102 18:46:53.472567 Main     stress_common.cpp:47] Duration:          5.03 seconds
I1102 18:46:53.472590 Main     stress_common.cpp:48] Total Sent:        1244124
I1102 18:46:53.472595 Main     stress_common.cpp:49] Total Completed:   1026349 (82.50%)
I1102 18:46:53.472601 Main     stress_common.cpp:52] Total Failed:      0 (0.00%)
I1102 18:46:53.472607 Main     stress_common.cpp:55] 
I1102 18:46:53.472612 Main     stress_common.cpp:56] Throughput:        204233.9 rps
I1102 18:46:53.472618 Main     stress_common.cpp:57] 
I1102 18:46:53.531598 Main     stress_common.cpp:71] Latency (us):
I1102 18:46:53.531607 Main     stress_common.cpp:72]   Min:    316
I1102 18:46:53.531610 Main     stress_common.cpp:73]   p50:    502570
I1102 18:46:53.531613 Main     stress_common.cpp:74]   p90:    829494
I1102 18:46:53.531615 Main     stress_common.cpp:75]   p99:    899368
I1102 18:46:53.531617 Main     stress_common.cpp:76]   p99.9:  911710
I1102 18:46:53.531619 Main     stress_common.cpp:77]   Max:    915618
I1102 18:46:53.532098 Main     stress_common.cpp:82] ========================================
I1102 18:46:53.532526 Main     server_base.cpp:35] Server: Scheduled to stop
I1102 18:46:53.532650 Server/E server_base.cpp:109] Server: Start stopping process
[Loop Thread 124065765390016] Machnet event-loop thread finished
I1102 18:46:53.532804 Server/E server_base.cpp:55] Server: Event loop finishes
I1102 18:46:53.532850 Main     server_base.cpp:46] Server: Stopped

Cleaning up any remaining remote stress_client processes...

Logs saved to:
  Engine:   /users/vj2267/nightcore/benchmarks/outputs/engine.log
  Launcher: /users/vj2267/nightcore/benchmarks/outputs/launcher.log
  Workers:  /users/vj2267/nightcore/benchmarks/outputs/Echo_worker_*.stdout
