I1102 18:46:43.910147 Main     thread.cpp:100] Register main thread: tid=1388251
E1102 18:46:43.910396 Main     docker.cpp:59] Cannot find docker's cgroup in /proc/self/cgroup
I1102 18:46:43.910452 Main     func_config.cpp:135] Load configuration for function Echo[1]
I1102 18:46:43.910463 Main     engine.cpp:109] Engine: Start 1 IO workers
I1102 18:46:43.913719 IO-0/EL  thread.cpp:40] Start thread: IO-0/EL
I1102 18:46:43.913765 IO-0/EL  io_worker.cpp:192] IO-0: Event loop starts
Checking for file descriptor...
Got a file descriptor!
I1102 18:46:45.362269 Main     engine.cpp:180] Engine: Created 1 Machnet connections to Gateway at 10.10.1.2:10007
I1102 18:46:45.362350 Main     engine.cpp:208] Engine: Listen on /dev/shm/faas_ipc/engine.sock for IPC connections
I1102 18:46:45.362582 Server/E thread.cpp:40] Start thread: Server/EL
I1102 18:46:45.362697 Server/E server_base.cpp:50] Server: Event loop starts
I1102 18:46:45.912649 Server/E engine.cpp:674] Engine: New message connection
I1102 18:46:45.915881 IO-0/EL  buffer_pool.h:25] BufferPool[IO-0_Read]: Allocate new buffer, current buffer count is 1
I1102 18:46:45.915914 IO-0/EL  engine.cpp:277] Engine: Receive new handshake message from message connection
I1102 18:46:45.915920 IO-0/EL  worker_manager.cpp:23] WorkerManager: Launcher of func_id 1 connected
I1102 18:46:45.915925 IO-0/EL  worker_manager.cpp:131] WorkerManager: Request new FuncWorker for func_id 1 with client_id 1
I1102 18:46:45.915944 IO-0/EL  worker_manager.cpp:131] WorkerManager: Request new FuncWorker for func_id 1 with client_id 2
I1102 18:46:45.915957 IO-0/EL  worker_manager.cpp:131] WorkerManager: Request new FuncWorker for func_id 1 with client_id 3
I1102 18:46:45.915966 IO-0/EL  worker_manager.cpp:131] WorkerManager: Request new FuncWorker for func_id 1 with client_id 4
I1102 18:46:45.915992 IO-0/EL  buffer_pool.h:25] BufferPool[IO-0_Write]: Allocate new buffer, current buffer count is 1
I1102 18:46:45.916005 IO-0/EL  message_connection.cpp:269] LauncherConnection[1]: Handshake done
I1102 18:46:45.921022 Server/E engine.cpp:674] Engine: New message connection
I1102 18:46:45.921051 IO-0/EL  engine.cpp:277] Engine: Receive new handshake message from message connection
I1102 18:46:45.921058 IO-0/EL  worker_manager.cpp:60] WorkerManager: FuncWorker of func_id 1, client_id 2 connected
I1102 18:46:45.921069 IO-0/EL  dispatcher.cpp:47] Dispatcher[1]: min_workers=4
I1102 18:46:45.921080 IO-0/EL  dispatcher.cpp:51] Dispatcher[1]: max_workers=4
I1102 18:46:45.921105 IO-0/EL  message_connection.cpp:269] FuncWorkerConnection[1-2]: Handshake done
I1102 18:46:45.921336 Server/E engine.cpp:674] Engine: New message connection
I1102 18:46:45.921350 Server/E engine.cpp:674] Engine: New message connection
I1102 18:46:45.921356 IO-0/EL  engine.cpp:277] Engine: Receive new handshake message from message connection
I1102 18:46:45.921360 IO-0/EL  worker_manager.cpp:60] WorkerManager: FuncWorker of func_id 1, client_id 1 connected
I1102 18:46:45.921374 IO-0/EL  message_connection.cpp:269] FuncWorkerConnection[1-1]: Handshake done
I1102 18:46:45.921392 IO-0/EL  engine.cpp:277] Engine: Receive new handshake message from message connection
I1102 18:46:45.921397 IO-0/EL  worker_manager.cpp:60] WorkerManager: FuncWorker of func_id 1, client_id 3 connected
I1102 18:46:45.921411 IO-0/EL  message_connection.cpp:269] FuncWorkerConnection[1-3]: Handshake done
I1102 18:46:45.923650 Server/E engine.cpp:674] Engine: New message connection
I1102 18:46:45.923674 IO-0/EL  engine.cpp:277] Engine: Receive new handshake message from message connection
I1102 18:46:45.923681 IO-0/EL  worker_manager.cpp:60] WorkerManager: FuncWorker of func_id 1, client_id 4 connected
I1102 18:46:45.923695 IO-0/EL  message_connection.cpp:269] FuncWorkerConnection[1-4]: Handshake done
I1102 18:46:48.437274 IO-0/EL  buffer_pool.h:25] BufferPool[IO-0_Write]: Allocate new buffer, current buffer count is 2
I1102 18:46:48.437304 IO-0/EL  buffer_pool.h:25] BufferPool[IO-0_Write]: Allocate new buffer, current buffer count is 3
I1102 18:46:48.437315 IO-0/EL  buffer_pool.h:25] BufferPool[IO-0_Write]: Allocate new buffer, current buffer count is 4
I1102 18:46:53.538748 Main     server_base.cpp:35] Server: Scheduled to stop
I1102 18:46:53.538885 Server/E server_base.cpp:109] Server: Start stopping process
I1102 18:46:53.538767 IO-0/EL  message_connection.cpp:284] LauncherConnection[1]: Connection closed remotely
