$ /users/vj2267/nightcore/benchmarks/run_bench.sh --duration 5 --workers 128 --remote vj2267@sm110p-10s10615.wisc.cloudlab.us --remote_addr 10.10.1.2 --machnet --local_machnet_ip 10.10.1.1 --mode hyperlight --target_rps 100000

=== Nightcore Stress Test (hyperlight mode) ===
Mode: hyperlight
Function: Echo
Workers: 128
Duration: 5 seconds
Target RPS (global): 100000
Input size: 64 bytes
Inflight limit per connection: 1
Engine IO workers: 1
Gateway conns per worker: 1
Warmup: 0 seconds
Stress Client: Remote (vj2267@sm110p-10s10615.wisc.cloudlab.us)
Engine Connection Address: 10.10.1.2 (explicit)
Transport: Machnet
  Remote Machnet IP: 10.10.1.2
  Local Machnet IP: 10.10.1.1

Cleaning up any existing stress_client on remote...
Starting stress_client on remote host vj2267@sm110p-10s10615.wisc.cloudlab.us...
  Remote SSH process PID: 1400336
  Output will be saved to: /users/vj2267/nightcore/benchmarks/outputs/stress_client_remote.txt
Waiting for remote stress_client to start...
I1102 19:10:45.883773 Main     thread.cpp:100] Register main thread: tid=1172082
I1102 19:10:45.883848 Main     stress_client.cpp:179] Using Machnet transport on 10.10.1.2:10007
I1102 19:10:45.883853 Main     stress_client_machnet.cpp:37] Starting Machnet event-loop thread...
[Loop Thread 128586906334912] Machnet event-loop thread started
I1102 19:10:45.887127 Server/E thread.cpp:40] Start thread: Server/EL
I1102 19:10:45.887166 Server/E server_base.cpp:50] Server: Event loop starts
I1102 19:10:46.387237 Main     stress_client.cpp:43] === Nightcore Stress Test ===
I1102 19:10:46.387274 Main     stress_client.cpp:44] Function ID: 1
I1102 19:10:46.387282 Main     stress_client.cpp:45] Method ID: 0
I1102 19:10:46.387287 Main     stress_client.cpp:46] Input size: 64 bytes
I1102 19:10:46.387291 Main     stress_client.cpp:47] Global target RPS: 100000
I1102 19:10:46.387297 Main     stress_client.cpp:50] Inflight limit per connection: 1
I1102 19:10:46.387301 Main     stress_client.cpp:51] Warmup: 0s, Duration: 5s
I1102 19:10:46.387306 Main     stress_client.cpp:53] 
I1102 19:10:46.387310 Main     stress_client.cpp:54] ========================================
I1102 19:10:46.387315 Main     stress_client.cpp:57] Waiting for Engine to connect...
Checking for file descriptor...
Got a file descriptor!
Listening on Machnet 10.10.1.2:10007 for Engine connections[Loop Thread 128586906334912] Machnet listener created
Starting Engine (connecting to 10.10.1.2:10007)...
  Engine PID: 1400355
New Machnet connection created: 168427777:1024 -> 168427778:10007
[Receive Thread 128586906334912] Handshake: pinned send flow 168427778:10007 -> 168427777:1024
[Loop Thread 128586906334912] Now sending on flow 168427778:10007 -> 168427777:1024
I1102 19:10:50.391099 Main     stress_client.cpp:71] Engine connected with 1 connection(s)
I1102 19:10:50.391151 Main     stress_client.cpp:73] Global target RPS: 100000
I1102 19:10:50.391158 Main     stress_client.cpp:76] 
I1102 19:10:50.391162 Main     stress_client.cpp:79] Waiting 3 seconds for workers to initialize...
Starting Launcher with 128 workers...
All components started. Stress test will begin after warmup...

I1102 19:10:54.397129 Main     stress_common.cpp:30] [T+1s] Sent: 100004 | Completed: 100000 | Failed: 0 | Latencies: 100000
I1102 19:10:55.399562 Main     stress_common.cpp:30] [T+2s] Sent: 200037 | Completed: 200032 | Failed: 0 | Latencies: 200032
I1102 19:10:56.401067 Main     stress_common.cpp:30] [T+3s] Sent: 300051 | Completed: 300045 | Failed: 0 | Latencies: 300045
I1102 19:10:57.402731 Main     stress_common.cpp:30] [T+4s] Sent: 400059 | Completed: 400052 | Failed: 0 | Latencies: 400053
I1102 19:10:58.404552 Main     stress_common.cpp:30] [T+5s] Sent: 498901 | Completed: 498901 | Failed: 0 | Latencies: 498901
I1102 19:10:58.404588 Main     stress_client.cpp:116] 
I1102 19:10:58.405347 Main     stress_common.cpp:42] ========================================
I1102 19:10:58.405356 Main     stress_common.cpp:43] === Stress Test Results ===
I1102 19:10:58.405361 Main     stress_common.cpp:44] ========================================
I1102 19:10:58.405365 Main     stress_common.cpp:45] Transport:         Machnet
I1102 19:10:58.405371 Main     stress_common.cpp:46] Connections:       1
I1102 19:10:58.405376 Main     stress_common.cpp:47] Duration:          5.01 seconds
I1102 19:10:58.405387 Main     stress_common.cpp:48] Total Sent:        498901
I1102 19:10:58.405392 Main     stress_common.cpp:49] Total Completed:   498901 (100.00%)
I1102 19:10:58.405399 Main     stress_common.cpp:52] Total Failed:      0 (0.00%)
I1102 19:10:58.405405 Main     stress_common.cpp:55] 
I1102 19:10:58.405410 Main     stress_common.cpp:56] Throughput:        99605.6 rps
I1102 19:10:58.405416 Main     stress_common.cpp:57] 
I1102 19:10:58.458017 Main     stress_common.cpp:71] Latency (us):
I1102 19:10:58.458027 Main     stress_common.cpp:72]   Min:    27
I1102 19:10:58.458032 Main     stress_common.cpp:73]   p50:    59
I1102 19:10:58.458035 Main     stress_common.cpp:74]   p90:    64
I1102 19:10:58.458039 Main     stress_common.cpp:75]   p99:    93
I1102 19:10:58.458042 Main     stress_common.cpp:76]   p99.9:  1331
I1102 19:10:58.458045 Main     stress_common.cpp:77]   Max:    3125
I1102 19:10:58.458048 Main     stress_common.cpp:82] ========================================
I1102 19:10:58.458052 Main     server_base.cpp:35] Server: Scheduled to stop
I1102 19:10:58.458141 Server/E server_base.cpp:109] Server: Start stopping process
[Loop Thread 128586906334912] Machnet event-loop thread finished
I1102 19:10:58.458262 Server/E server_base.cpp:55] Server: Event loop finishes
I1102 19:10:58.458374 Main     server_base.cpp:46] Server: Stopped

Stress test completed. Shutting down...

Copying results from remote host...
Remote stress_client output:
I1102 19:10:45.883773 Main     thread.cpp:100] Register main thread: tid=1172082
I1102 19:10:45.883848 Main     stress_client.cpp:179] Using Machnet transport on 10.10.1.2:10007
I1102 19:10:45.883853 Main     stress_client_machnet.cpp:37] Starting Machnet event-loop thread...
[Loop Thread 128586906334912] Machnet event-loop thread started
I1102 19:10:45.887127 Server/E thread.cpp:40] Start thread: Server/EL
I1102 19:10:45.887166 Server/E server_base.cpp:50] Server: Event loop starts
I1102 19:10:46.387237 Main     stress_client.cpp:43] === Nightcore Stress Test ===
I1102 19:10:46.387274 Main     stress_client.cpp:44] Function ID: 1
I1102 19:10:46.387282 Main     stress_client.cpp:45] Method ID: 0
I1102 19:10:46.387287 Main     stress_client.cpp:46] Input size: 64 bytes
I1102 19:10:46.387291 Main     stress_client.cpp:47] Global target RPS: 100000
I1102 19:10:46.387297 Main     stress_client.cpp:50] Inflight limit per connection: 1
I1102 19:10:46.387301 Main     stress_client.cpp:51] Warmup: 0s, Duration: 5s
I1102 19:10:46.387306 Main     stress_client.cpp:53] 
I1102 19:10:46.387310 Main     stress_client.cpp:54] ========================================
I1102 19:10:46.387315 Main     stress_client.cpp:57] Waiting for Engine to connect...
Checking for file descriptor...
Got a file descriptor!
Listening on Machnet 10.10.1.2:10007 for Engine connections[Loop Thread 128586906334912] Machnet listener created
New Machnet connection created: 168427777:1024 -> 168427778:10007
[Receive Thread 128586906334912] Handshake: pinned send flow 168427778:10007 -> 168427777:1024
[Loop Thread 128586906334912] Now sending on flow 168427778:10007 -> 168427777:1024
I1102 19:10:50.391099 Main     stress_client.cpp:71] Engine connected with 1 connection(s)
I1102 19:10:50.391151 Main     stress_client.cpp:73] Global target RPS: 100000
I1102 19:10:50.391158 Main     stress_client.cpp:76] 
I1102 19:10:50.391162 Main     stress_client.cpp:79] Waiting 3 seconds for workers to initialize...
I1102 19:10:54.397129 Main     stress_common.cpp:30] [T+1s] Sent: 100004 | Completed: 100000 | Failed: 0 | Latencies: 100000
I1102 19:10:55.399562 Main     stress_common.cpp:30] [T+2s] Sent: 200037 | Completed: 200032 | Failed: 0 | Latencies: 200032
I1102 19:10:56.401067 Main     stress_common.cpp:30] [T+3s] Sent: 300051 | Completed: 300045 | Failed: 0 | Latencies: 300045
I1102 19:10:57.402731 Main     stress_common.cpp:30] [T+4s] Sent: 400059 | Completed: 400052 | Failed: 0 | Latencies: 400053
I1102 19:10:58.404552 Main     stress_common.cpp:30] [T+5s] Sent: 498901 | Completed: 498901 | Failed: 0 | Latencies: 498901
I1102 19:10:58.404588 Main     stress_client.cpp:116] 
I1102 19:10:58.405347 Main     stress_common.cpp:42] ========================================
I1102 19:10:58.405356 Main     stress_common.cpp:43] === Stress Test Results ===
I1102 19:10:58.405361 Main     stress_common.cpp:44] ========================================
I1102 19:10:58.405365 Main     stress_common.cpp:45] Transport:         Machnet
I1102 19:10:58.405371 Main     stress_common.cpp:46] Connections:       1
I1102 19:10:58.405376 Main     stress_common.cpp:47] Duration:          5.01 seconds
I1102 19:10:58.405387 Main     stress_common.cpp:48] Total Sent:        498901
I1102 19:10:58.405392 Main     stress_common.cpp:49] Total Completed:   498901 (100.00%)
I1102 19:10:58.405399 Main     stress_common.cpp:52] Total Failed:      0 (0.00%)
I1102 19:10:58.405405 Main     stress_common.cpp:55] 
I1102 19:10:58.405410 Main     stress_common.cpp:56] Throughput:        99605.6 rps
I1102 19:10:58.405416 Main     stress_common.cpp:57] 
I1102 19:10:58.458017 Main     stress_common.cpp:71] Latency (us):
I1102 19:10:58.458027 Main     stress_common.cpp:72]   Min:    27
I1102 19:10:58.458032 Main     stress_common.cpp:73]   p50:    59
I1102 19:10:58.458035 Main     stress_common.cpp:74]   p90:    64
I1102 19:10:58.458039 Main     stress_common.cpp:75]   p99:    93
I1102 19:10:58.458042 Main     stress_common.cpp:76]   p99.9:  1331
I1102 19:10:58.458045 Main     stress_common.cpp:77]   Max:    3125
I1102 19:10:58.458048 Main     stress_common.cpp:82] ========================================
I1102 19:10:58.458052 Main     server_base.cpp:35] Server: Scheduled to stop
I1102 19:10:58.458141 Server/E server_base.cpp:109] Server: Start stopping process
[Loop Thread 128586906334912] Machnet event-loop thread finished
I1102 19:10:58.458262 Server/E server_base.cpp:55] Server: Event loop finishes
I1102 19:10:58.458374 Main     server_base.cpp:46] Server: Stopped

Cleaning up any remaining remote stress_client processes...

Logs saved to:
  Engine:   /users/vj2267/nightcore/benchmarks/outputs/engine.log
  Launcher: /users/vj2267/nightcore/benchmarks/outputs/launcher.log
  Workers:  /users/vj2267/nightcore/benchmarks/outputs/Echo_worker_*.stdout
