$ /users/vj2267/nightcore/benchmarks/run_bench.sh --duration 5 --workers 4 --remote vj2267@sm110p-10s10615.wisc.cloudlab.us --remote_addr 10.10.1.2 --machnet --local_machnet_ip 10.10.1.1 --mode noop --target_rps 225000

=== Nightcore Stress Test (noop mode) ===
Mode: noop
Function: Noop
Workers: 4
Duration: 5 seconds
Target RPS (global): 225000
Input size: 64 bytes
Inflight limit per connection: 1
Engine IO workers: 1
Gateway conns per worker: 1
Warmup: 0 seconds
Stress Client: Remote (vj2267@sm110p-10s10615.wisc.cloudlab.us)
Engine Connection Address: 10.10.1.2 (explicit)
Transport: Machnet
  Remote Machnet IP: 10.10.1.2
  Local Machnet IP: 10.10.1.1

Cleaning up any existing stress_client on remote...
Starting stress_client on remote host vj2267@sm110p-10s10615.wisc.cloudlab.us...
  Remote SSH process PID: 1368585
  Output will be saved to: /users/vj2267/nightcore/benchmarks/outputs/stress_client_remote.txt
Waiting for remote stress_client to start...
I1102 18:00:46.900450 Main     thread.cpp:100] Register main thread: tid=1120530
I1102 18:00:46.900524 Main     stress_client.cpp:179] Using Machnet transport on 10.10.1.2:10007
I1102 18:00:46.900529 Main     stress_client_machnet.cpp:37] Starting Machnet event-loop thread...
[Loop Thread 129790182946496] Machnet event-loop thread started
I1102 18:00:46.903773 Server/E thread.cpp:40] Start thread: Server/EL
I1102 18:00:46.903798 Server/E server_base.cpp:50] Server: Event loop starts
I1102 18:00:47.403856 Main     stress_client.cpp:43] === Nightcore Stress Test ===
I1102 18:00:47.403875 Main     stress_client.cpp:44] Function ID: 1
I1102 18:00:47.403880 Main     stress_client.cpp:45] Method ID: 0
I1102 18:00:47.403882 Main     stress_client.cpp:46] Input size: 64 bytes
I1102 18:00:47.403884 Main     stress_client.cpp:47] Global target RPS: 225000
I1102 18:00:47.403886 Main     stress_client.cpp:50] Inflight limit per connection: 1
I1102 18:00:47.403888 Main     stress_client.cpp:51] Warmup: 0s, Duration: 5s
I1102 18:00:47.403889 Main     stress_client.cpp:53] 
I1102 18:00:47.403891 Main     stress_client.cpp:54] ========================================
I1102 18:00:47.403892 Main     stress_client.cpp:57] Waiting for Engine to connect...
Checking for file descriptor...
Got a file descriptor!
Listening on Machnet 10.10.1.2:10007 for Engine connections[Loop Thread 129790182946496] Machnet listener created
Starting Engine (connecting to 10.10.1.2:10007)...
  Engine PID: 1368620
New Machnet connection created: 168427777:1024 -> 168427778:10007
[Receive Thread 129790182946496] Handshake: pinned send flow 168427778:10007 -> 168427777:1024
[Loop Thread 129790182946496] Now sending on flow 168427778:10007 -> 168427777:1024
I1102 18:00:51.407535 Main     stress_client.cpp:71] Engine connected with 1 connection(s)
I1102 18:00:51.407570 Main     stress_client.cpp:73] Global target RPS: 225000
I1102 18:00:51.407577 Main     stress_client.cpp:76] 
I1102 18:00:51.407581 Main     stress_client.cpp:79] Waiting 3 seconds for workers to initialize...
Starting Launcher with 4 workers...
All components started. Stress test will begin after warmup...

I1102 18:00:55.420174 Main     stress_common.cpp:30] [T+1s] Sent: 249975 | Completed: 211236 | Failed: 0 | Latencies: 211237
I1102 18:00:56.425026 Main     stress_common.cpp:30] [T+2s] Sent: 500031 | Completed: 402981 | Failed: 0 | Latencies: 402981
I1102 18:00:57.427945 Main     stress_common.cpp:30] [T+3s] Sent: 749944 | Completed: 588564 | Failed: 0 | Latencies: 588564
I1102 18:00:58.431321 Main     stress_common.cpp:30] [T+4s] Sent: 999908 | Completed: 774755 | Failed: 0 | Latencies: 774755
I1102 18:00:59.434950 Main     stress_common.cpp:30] [T+5s] Sent: 1243943 | Completed: 951883 | Failed: 0 | Latencies: 951883
I1102 18:00:59.434990 Main     stress_client.cpp:116] 
I1102 18:00:59.436672 Main     stress_common.cpp:42] ========================================
I1102 18:00:59.436683 Main     stress_common.cpp:43] === Stress Test Results ===
I1102 18:00:59.436689 Main     stress_common.cpp:44] ========================================
I1102 18:00:59.436695 Main     stress_common.cpp:45] Transport:         Machnet
I1102 18:00:59.436700 Main     stress_common.cpp:46] Connections:       1
I1102 18:00:59.436705 Main     stress_common.cpp:47] Duration:          5.02 seconds
I1102 18:00:59.436719 Main     stress_common.cpp:48] Total Sent:        1243943
I1102 18:00:59.436724 Main     stress_common.cpp:49] Total Completed:   952151 (76.54%)
I1102 18:00:59.436730 Main     stress_common.cpp:52] Total Failed:      0 (0.00%)
I1102 18:00:59.436736 Main     stress_common.cpp:55] 
I1102 18:00:59.436741 Main     stress_common.cpp:56] Throughput:        189777.3 rps
I1102 18:00:59.436746 Main     stress_common.cpp:57] 
I1102 18:00:59.500693 Main     stress_common.cpp:71] Latency (us):
I1102 18:00:59.500706 Main     stress_common.cpp:72]   Min:    173
I1102 18:00:59.500710 Main     stress_common.cpp:73]   p50:    487159
I1102 18:00:59.500713 Main     stress_common.cpp:74]   p90:    1045906
I1102 18:00:59.500716 Main     stress_common.cpp:75]   p99:    1183628
I1102 18:00:59.500718 Main     stress_common.cpp:76]   p99.9:  1194741
I1102 18:00:59.500720 Main     stress_common.cpp:77]   Max:    1198948
I1102 18:00:59.500723 Main     stress_common.cpp:82] ========================================
I1102 18:00:59.500726 Main     server_base.cpp:35] Server: Scheduled to stop
I1102 18:00:59.500855 Server/E server_base.cpp:109] Server: Start stopping process
[Loop Thread 129790182946496] Machnet event-loop thread finished
I1102 18:00:59.501045 Server/E server_base.cpp:55] Server: Event loop finishes
I1102 18:00:59.501172 Main     server_base.cpp:46] Server: Stopped

Stress test completed. Shutting down...

Copying results from remote host...
Remote stress_client output:
I1102 18:00:46.900450 Main     thread.cpp:100] Register main thread: tid=1120530
I1102 18:00:46.900524 Main     stress_client.cpp:179] Using Machnet transport on 10.10.1.2:10007
I1102 18:00:46.900529 Main     stress_client_machnet.cpp:37] Starting Machnet event-loop thread...
[Loop Thread 129790182946496] Machnet event-loop thread started
I1102 18:00:46.903773 Server/E thread.cpp:40] Start thread: Server/EL
I1102 18:00:46.903798 Server/E server_base.cpp:50] Server: Event loop starts
I1102 18:00:47.403856 Main     stress_client.cpp:43] === Nightcore Stress Test ===
I1102 18:00:47.403875 Main     stress_client.cpp:44] Function ID: 1
I1102 18:00:47.403880 Main     stress_client.cpp:45] Method ID: 0
I1102 18:00:47.403882 Main     stress_client.cpp:46] Input size: 64 bytes
I1102 18:00:47.403884 Main     stress_client.cpp:47] Global target RPS: 225000
I1102 18:00:47.403886 Main     stress_client.cpp:50] Inflight limit per connection: 1
I1102 18:00:47.403888 Main     stress_client.cpp:51] Warmup: 0s, Duration: 5s
I1102 18:00:47.403889 Main     stress_client.cpp:53] 
I1102 18:00:47.403891 Main     stress_client.cpp:54] ========================================
I1102 18:00:47.403892 Main     stress_client.cpp:57] Waiting for Engine to connect...
Checking for file descriptor...
Got a file descriptor!
Listening on Machnet 10.10.1.2:10007 for Engine connections[Loop Thread 129790182946496] Machnet listener created
New Machnet connection created: 168427777:1024 -> 168427778:10007
[Receive Thread 129790182946496] Handshake: pinned send flow 168427778:10007 -> 168427777:1024
[Loop Thread 129790182946496] Now sending on flow 168427778:10007 -> 168427777:1024
I1102 18:00:51.407535 Main     stress_client.cpp:71] Engine connected with 1 connection(s)
I1102 18:00:51.407570 Main     stress_client.cpp:73] Global target RPS: 225000
I1102 18:00:51.407577 Main     stress_client.cpp:76] 
I1102 18:00:51.407581 Main     stress_client.cpp:79] Waiting 3 seconds for workers to initialize...
I1102 18:00:55.420174 Main     stress_common.cpp:30] [T+1s] Sent: 249975 | Completed: 211236 | Failed: 0 | Latencies: 211237
I1102 18:00:56.425026 Main     stress_common.cpp:30] [T+2s] Sent: 500031 | Completed: 402981 | Failed: 0 | Latencies: 402981
I1102 18:00:57.427945 Main     stress_common.cpp:30] [T+3s] Sent: 749944 | Completed: 588564 | Failed: 0 | Latencies: 588564
I1102 18:00:58.431321 Main     stress_common.cpp:30] [T+4s] Sent: 999908 | Completed: 774755 | Failed: 0 | Latencies: 774755
I1102 18:00:59.434950 Main     stress_common.cpp:30] [T+5s] Sent: 1243943 | Completed: 951883 | Failed: 0 | Latencies: 951883
I1102 18:00:59.434990 Main     stress_client.cpp:116] 
I1102 18:00:59.436672 Main     stress_common.cpp:42] ========================================
I1102 18:00:59.436683 Main     stress_common.cpp:43] === Stress Test Results ===
I1102 18:00:59.436689 Main     stress_common.cpp:44] ========================================
I1102 18:00:59.436695 Main     stress_common.cpp:45] Transport:         Machnet
I1102 18:00:59.436700 Main     stress_common.cpp:46] Connections:       1
I1102 18:00:59.436705 Main     stress_common.cpp:47] Duration:          5.02 seconds
I1102 18:00:59.436719 Main     stress_common.cpp:48] Total Sent:        1243943
I1102 18:00:59.436724 Main     stress_common.cpp:49] Total Completed:   952151 (76.54%)
I1102 18:00:59.436730 Main     stress_common.cpp:52] Total Failed:      0 (0.00%)
I1102 18:00:59.436736 Main     stress_common.cpp:55] 
I1102 18:00:59.436741 Main     stress_common.cpp:56] Throughput:        189777.3 rps
I1102 18:00:59.436746 Main     stress_common.cpp:57] 
I1102 18:00:59.500693 Main     stress_common.cpp:71] Latency (us):
I1102 18:00:59.500706 Main     stress_common.cpp:72]   Min:    173
I1102 18:00:59.500710 Main     stress_common.cpp:73]   p50:    487159
I1102 18:00:59.500713 Main     stress_common.cpp:74]   p90:    1045906
I1102 18:00:59.500716 Main     stress_common.cpp:75]   p99:    1183628
I1102 18:00:59.500718 Main     stress_common.cpp:76]   p99.9:  1194741
I1102 18:00:59.500720 Main     stress_common.cpp:77]   Max:    1198948
I1102 18:00:59.500723 Main     stress_common.cpp:82] ========================================
I1102 18:00:59.500726 Main     server_base.cpp:35] Server: Scheduled to stop
I1102 18:00:59.500855 Server/E server_base.cpp:109] Server: Start stopping process
[Loop Thread 129790182946496] Machnet event-loop thread finished
I1102 18:00:59.501045 Server/E server_base.cpp:55] Server: Event loop finishes
I1102 18:00:59.501172 Main     server_base.cpp:46] Server: Stopped

Cleaning up any remaining remote stress_client processes...

Logs saved to:
  Engine:   /users/vj2267/nightcore/benchmarks/outputs/engine.log
  Launcher: /users/vj2267/nightcore/benchmarks/outputs/launcher.log
  Workers:  /users/vj2267/nightcore/benchmarks/outputs/Noop_worker_*.stdout
