$ /users/vj2267/nightcore/benchmarks/run_bench.sh --duration 5 --workers 16 --remote vj2267@sm110p-10s10615.wisc.cloudlab.us --remote_addr 10.10.1.2 --machnet --local_machnet_ip 10.10.1.1 --mode hyperlight --target_rps 80000

=== Nightcore Stress Test (hyperlight mode) ===
Mode: hyperlight
Function: Echo
Workers: 16
Duration: 5 seconds
Target RPS (global): 80000
Input size: 64 bytes
Inflight limit per connection: 1
Engine IO workers: 1
Gateway conns per worker: 1
Warmup: 0 seconds
Stress Client: Remote (vj2267@sm110p-10s10615.wisc.cloudlab.us)
Engine Connection Address: 10.10.1.2 (explicit)
Transport: Machnet
  Remote Machnet IP: 10.10.1.2
  Local Machnet IP: 10.10.1.1

Cleaning up any existing stress_client on remote...
Starting stress_client on remote host vj2267@sm110p-10s10615.wisc.cloudlab.us...
  Remote SSH process PID: 1390627
  Output will be saved to: /users/vj2267/nightcore/benchmarks/outputs/stress_client_remote.txt
Waiting for remote stress_client to start...
I1102 18:54:53.816074 Main     thread.cpp:100] Register main thread: tid=1160388
I1102 18:54:53.816155 Main     stress_client.cpp:179] Using Machnet transport on 10.10.1.2:10007
I1102 18:54:53.816160 Main     stress_client_machnet.cpp:37] Starting Machnet event-loop thread...
[Loop Thread 129477847807680] Machnet event-loop thread started
I1102 18:54:53.819394 Server/E thread.cpp:40] Start thread: Server/EL
I1102 18:54:53.819430 Server/E server_base.cpp:50] Server: Event loop starts
I1102 18:54:54.319504 Main     stress_client.cpp:43] === Nightcore Stress Test ===
I1102 18:54:54.319544 Main     stress_client.cpp:44] Function ID: 1
I1102 18:54:54.319552 Main     stress_client.cpp:45] Method ID: 0
I1102 18:54:54.319557 Main     stress_client.cpp:46] Input size: 64 bytes
I1102 18:54:54.319562 Main     stress_client.cpp:47] Global target RPS: 80000
I1102 18:54:54.319567 Main     stress_client.cpp:50] Inflight limit per connection: 1
I1102 18:54:54.319571 Main     stress_client.cpp:51] Warmup: 0s, Duration: 5s
I1102 18:54:54.319576 Main     stress_client.cpp:53] 
I1102 18:54:54.319581 Main     stress_client.cpp:54] ========================================
I1102 18:54:54.319585 Main     stress_client.cpp:57] Waiting for Engine to connect...
Checking for file descriptor...
Got a file descriptor!
Listening on Machnet 10.10.1.2:10007 for Engine connections[Loop Thread 129477847807680] Machnet listener created
Starting Engine (connecting to 10.10.1.2:10007)...
  Engine PID: 1390638
New Machnet connection created: 168427777:1024 -> 168427778:10007
[Receive Thread 129477847807680] Handshake: pinned send flow 168427778:10007 -> 168427777:1024
[Loop Thread 129477847807680] Now sending on flow 168427778:10007 -> 168427777:1024
I1102 18:54:58.423560 Main     stress_client.cpp:71] Engine connected with 1 connection(s)
I1102 18:54:58.423599 Main     stress_client.cpp:73] Global target RPS: 80000
I1102 18:54:58.423606 Main     stress_client.cpp:76] 
I1102 18:54:58.423610 Main     stress_client.cpp:79] Waiting 3 seconds for workers to initialize...
Starting Launcher with 16 workers...
All components started. Stress test will begin after warmup...

I1102 18:55:02.428402 Main     stress_common.cpp:30] [T+1s] Sent: 83337 | Completed: 83333 | Failed: 0 | Latencies: 83333
I1102 18:55:03.430394 Main     stress_common.cpp:30] [T+2s] Sent: 166697 | Completed: 166693 | Failed: 0 | Latencies: 166693
I1102 18:55:04.431646 Main     stress_common.cpp:30] [T+3s] Sent: 250036 | Completed: 250034 | Failed: 0 | Latencies: 250034
I1102 18:55:05.433031 Main     stress_common.cpp:30] [T+4s] Sent: 333373 | Completed: 333369 | Failed: 0 | Latencies: 333369
I1102 18:55:06.434391 Main     stress_common.cpp:30] [T+5s] Sent: 415925 | Completed: 415925 | Failed: 0 | Latencies: 400000
I1102 18:55:06.434426 Main     stress_client.cpp:116] 
I1102 18:55:06.435022 Main     stress_common.cpp:42] ========================================
I1102 18:55:06.435030 Main     stress_common.cpp:43] === Stress Test Results ===
I1102 18:55:06.435035 Main     stress_common.cpp:44] ========================================
I1102 18:55:06.435039 Main     stress_common.cpp:45] Transport:         Machnet
I1102 18:55:06.435045 Main     stress_common.cpp:46] Connections:       1
I1102 18:55:06.435050 Main     stress_common.cpp:47] Duration:          5.01 seconds
I1102 18:55:06.435077 Main     stress_common.cpp:48] Total Sent:        415925
I1102 18:55:06.435083 Main     stress_common.cpp:49] Total Completed:   415925 (100.00%)
I1102 18:55:06.435089 Main     stress_common.cpp:52] Total Failed:      0 (0.00%)
I1102 18:55:06.435096 Main     stress_common.cpp:55] 
I1102 18:55:06.435101 Main     stress_common.cpp:56] Throughput:        83067.3 rps
I1102 18:55:06.435108 Main     stress_common.cpp:57] 
I1102 18:55:06.469886 Main     stress_common.cpp:71] Latency (us):
I1102 18:55:06.469901 Main     stress_common.cpp:72]   Min:    27
I1102 18:55:06.469908 Main     stress_common.cpp:73]   p50:    51
I1102 18:55:06.469913 Main     stress_common.cpp:74]   p90:    62
I1102 18:55:06.469917 Main     stress_common.cpp:75]   p99:    72
I1102 18:55:06.469921 Main     stress_common.cpp:76]   p99.9:  206
I1102 18:55:06.469926 Main     stress_common.cpp:77]   Max:    1809
I1102 18:55:06.469931 Main     stress_common.cpp:82] ========================================
I1102 18:55:06.469936 Main     server_base.cpp:35] Server: Scheduled to stop
I1102 18:55:06.470061 Server/E server_base.cpp:109] Server: Start stopping process
[Loop Thread 129477847807680] Machnet event-loop thread finished
I1102 18:55:06.470169 Server/E server_base.cpp:55] Server: Event loop finishes
I1102 18:55:06.470289 Main     server_base.cpp:46] Server: Stopped

Stress test completed. Shutting down...

Copying results from remote host...
Remote stress_client output:
I1102 18:54:53.816074 Main     thread.cpp:100] Register main thread: tid=1160388
I1102 18:54:53.816155 Main     stress_client.cpp:179] Using Machnet transport on 10.10.1.2:10007
I1102 18:54:53.816160 Main     stress_client_machnet.cpp:37] Starting Machnet event-loop thread...
[Loop Thread 129477847807680] Machnet event-loop thread started
I1102 18:54:53.819394 Server/E thread.cpp:40] Start thread: Server/EL
I1102 18:54:53.819430 Server/E server_base.cpp:50] Server: Event loop starts
I1102 18:54:54.319504 Main     stress_client.cpp:43] === Nightcore Stress Test ===
I1102 18:54:54.319544 Main     stress_client.cpp:44] Function ID: 1
I1102 18:54:54.319552 Main     stress_client.cpp:45] Method ID: 0
I1102 18:54:54.319557 Main     stress_client.cpp:46] Input size: 64 bytes
I1102 18:54:54.319562 Main     stress_client.cpp:47] Global target RPS: 80000
I1102 18:54:54.319567 Main     stress_client.cpp:50] Inflight limit per connection: 1
I1102 18:54:54.319571 Main     stress_client.cpp:51] Warmup: 0s, Duration: 5s
I1102 18:54:54.319576 Main     stress_client.cpp:53] 
I1102 18:54:54.319581 Main     stress_client.cpp:54] ========================================
I1102 18:54:54.319585 Main     stress_client.cpp:57] Waiting for Engine to connect...
Checking for file descriptor...
Got a file descriptor!
Listening on Machnet 10.10.1.2:10007 for Engine connections[Loop Thread 129477847807680] Machnet listener created
New Machnet connection created: 168427777:1024 -> 168427778:10007
[Receive Thread 129477847807680] Handshake: pinned send flow 168427778:10007 -> 168427777:1024
[Loop Thread 129477847807680] Now sending on flow 168427778:10007 -> 168427777:1024
I1102 18:54:58.423560 Main     stress_client.cpp:71] Engine connected with 1 connection(s)
I1102 18:54:58.423599 Main     stress_client.cpp:73] Global target RPS: 80000
I1102 18:54:58.423606 Main     stress_client.cpp:76] 
I1102 18:54:58.423610 Main     stress_client.cpp:79] Waiting 3 seconds for workers to initialize...
I1102 18:55:02.428402 Main     stress_common.cpp:30] [T+1s] Sent: 83337 | Completed: 83333 | Failed: 0 | Latencies: 83333
I1102 18:55:03.430394 Main     stress_common.cpp:30] [T+2s] Sent: 166697 | Completed: 166693 | Failed: 0 | Latencies: 166693
I1102 18:55:04.431646 Main     stress_common.cpp:30] [T+3s] Sent: 250036 | Completed: 250034 | Failed: 0 | Latencies: 250034
I1102 18:55:05.433031 Main     stress_common.cpp:30] [T+4s] Sent: 333373 | Completed: 333369 | Failed: 0 | Latencies: 333369
I1102 18:55:06.434391 Main     stress_common.cpp:30] [T+5s] Sent: 415925 | Completed: 415925 | Failed: 0 | Latencies: 400000
I1102 18:55:06.434426 Main     stress_client.cpp:116] 
I1102 18:55:06.435022 Main     stress_common.cpp:42] ========================================
I1102 18:55:06.435030 Main     stress_common.cpp:43] === Stress Test Results ===
I1102 18:55:06.435035 Main     stress_common.cpp:44] ========================================
I1102 18:55:06.435039 Main     stress_common.cpp:45] Transport:         Machnet
I1102 18:55:06.435045 Main     stress_common.cpp:46] Connections:       1
I1102 18:55:06.435050 Main     stress_common.cpp:47] Duration:          5.01 seconds
I1102 18:55:06.435077 Main     stress_common.cpp:48] Total Sent:        415925
I1102 18:55:06.435083 Main     stress_common.cpp:49] Total Completed:   415925 (100.00%)
I1102 18:55:06.435089 Main     stress_common.cpp:52] Total Failed:      0 (0.00%)
I1102 18:55:06.435096 Main     stress_common.cpp:55] 
I1102 18:55:06.435101 Main     stress_common.cpp:56] Throughput:        83067.3 rps
I1102 18:55:06.435108 Main     stress_common.cpp:57] 
I1102 18:55:06.469886 Main     stress_common.cpp:71] Latency (us):
I1102 18:55:06.469901 Main     stress_common.cpp:72]   Min:    27
I1102 18:55:06.469908 Main     stress_common.cpp:73]   p50:    51
I1102 18:55:06.469913 Main     stress_common.cpp:74]   p90:    62
I1102 18:55:06.469917 Main     stress_common.cpp:75]   p99:    72
I1102 18:55:06.469921 Main     stress_common.cpp:76]   p99.9:  206
I1102 18:55:06.469926 Main     stress_common.cpp:77]   Max:    1809
I1102 18:55:06.469931 Main     stress_common.cpp:82] ========================================
I1102 18:55:06.469936 Main     server_base.cpp:35] Server: Scheduled to stop
I1102 18:55:06.470061 Server/E server_base.cpp:109] Server: Start stopping process
[Loop Thread 129477847807680] Machnet event-loop thread finished
I1102 18:55:06.470169 Server/E server_base.cpp:55] Server: Event loop finishes
I1102 18:55:06.470289 Main     server_base.cpp:46] Server: Stopped

Cleaning up any remaining remote stress_client processes...

Logs saved to:
  Engine:   /users/vj2267/nightcore/benchmarks/outputs/engine.log
  Launcher: /users/vj2267/nightcore/benchmarks/outputs/launcher.log
  Workers:  /users/vj2267/nightcore/benchmarks/outputs/Echo_worker_*.stdout
