I1102 18:54:58.496643 Main     thread.cpp:100] Register main thread: tid=1390644
E1102 18:54:58.496779 Main     docker.cpp:59] Cannot find docker's cgroup in /proc/self/cgroup
I1102 18:54:58.500054 Launcher thread.cpp:40] Start thread: Launcher/EL
I1102 18:54:58.500102 Launcher thread.cpp:64] Does not find cpuset setting for IO threads (can be set by FAAS_IO_THREAD_CPUSET)
I1102 18:54:58.500107 Launcher thread.cpp:82] Does not find nice setting for IO threads (can be set by FAAS_IO_THREAD_NICE)
I1102 18:54:58.500111 Launcher launcher.cpp:96] Launcher: Event loop starts
I1102 18:54:58.500131 Launcher engine_connection.cpp:93] EngineConnection: Connected to engine, start writing handshake message
I1102 18:54:58.500339 Launcher buffer_pool.h:25] BufferPool[Launcher]: Allocate new buffer, current buffer count is 1
I1102 18:54:58.500372 Launcher func_config.cpp:135] Load configuration for function Echo[1]
I1102 18:54:58.500383 Launcher engine_connection.cpp:65] EngineConnection: Handshake done
W1102 18:54:58.512654 Launcher engine_connection.cpp:166] EngineConnection: nread=0, will do nothing
I1102 18:55:06.476441 Main     launcher.cpp:44] Launcher: Scheduled to stop
E1102 18:55:06.476706 Launcher launcher.cpp:72] Launcher: Connection to engine disconnected
I1102 18:55:06.476738 Launcher launcher.cpp:44] Launcher: Scheduled to stop
W1102 18:55:06.499931 Launcher launcher.cpp:87] Launcher: Function process 15 terminated
W1102 18:55:06.507582 Launcher launcher.cpp:87] Launcher: Function process 14 terminated
W1102 18:55:06.507597 Launcher launcher.cpp:87] Launcher: Function process 13 terminated
W1102 18:55:06.507602 Launcher launcher.cpp:87] Launcher: Function process 12 terminated
W1102 18:55:06.507607 Launcher launcher.cpp:87] Launcher: Function process 8 terminated
W1102 18:55:06.507612 Launcher launcher.cpp:87] Launcher: Function process 7 terminated
W1102 18:55:06.507617 Launcher launcher.cpp:87] Launcher: Function process 2 terminated
W1102 18:55:06.507622 Launcher launcher.cpp:87] Launcher: Function process 1 terminated
W1102 18:55:06.507627 Launcher launcher.cpp:87] Launcher: Function process 11 terminated
W1102 18:55:06.507631 Launcher launcher.cpp:87] Launcher: Function process 10 terminated
W1102 18:55:06.507834 Launcher launcher.cpp:87] Launcher: Function process 9 terminated
W1102 18:55:06.507843 Launcher launcher.cpp:87] Launcher: Function process 6 terminated
W1102 18:55:06.507848 Launcher launcher.cpp:87] Launcher: Function process 5 terminated
W1102 18:55:06.507853 Launcher launcher.cpp:87] Launcher: Function process 4 terminated
W1102 18:55:06.507857 Launcher launcher.cpp:87] Launcher: Function process 3 terminated
W1102 18:55:06.507862 Launcher launcher.cpp:87] Launcher: Function process 0 terminated
I1102 18:55:06.507867 Launcher launcher.cpp:101] Launcher: Event loop finishes
I1102 18:55:06.507912 Main     launcher.cpp:68] Launcher: Stopped
