I1102 18:00:00.569358 Main     thread.cpp:100] Register main thread: tid=1368437
E1102 18:00:00.569489 Main     docker.cpp:59] Cannot find docker's cgroup in /proc/self/cgroup
I1102 18:00:00.572719 Launcher thread.cpp:40] Start thread: Launcher/EL
I1102 18:00:00.572768 Launcher thread.cpp:64] Does not find cpuset setting for IO threads (can be set by FAAS_IO_THREAD_CPUSET)
I1102 18:00:00.572773 Launcher thread.cpp:82] Does not find nice setting for IO threads (can be set by FAAS_IO_THREAD_NICE)
I1102 18:00:00.572777 Launcher launcher.cpp:96] Launcher: Event loop starts
I1102 18:00:00.572796 Launcher engine_connection.cpp:93] EngineConnection: Connected to engine, start writing handshake message
I1102 18:00:00.572922 Launcher buffer_pool.h:25] BufferPool[Launcher]: Allocate new buffer, current buffer count is 1
I1102 18:00:00.572955 Launcher func_config.cpp:135] Load configuration for function Noop[1]
I1102 18:00:00.572966 Launcher engine_connection.cpp:65] EngineConnection: Handshake done
W1102 18:00:00.576559 Launcher engine_connection.cpp:166] EngineConnection: nread=0, will do nothing
I1102 18:00:08.472286 Main     launcher.cpp:44] Launcher: Scheduled to stop
E1102 18:00:08.472445 Launcher launcher.cpp:72] Launcher: Connection to engine disconnected
I1102 18:00:08.472474 Launcher launcher.cpp:44] Launcher: Scheduled to stop
W1102 18:00:08.473159 Launcher launcher.cpp:87] Launcher: Function process 2 terminated
W1102 18:00:08.473193 Launcher launcher.cpp:87] Launcher: Function process 0 terminated
W1102 18:00:08.473404 Launcher launcher.cpp:87] Launcher: Function process 3 terminated
W1102 18:00:08.473424 Launcher launcher.cpp:87] Launcher: Function process 1 terminated
I1102 18:00:08.473441 Launcher launcher.cpp:101] Launcher: Event loop finishes
I1102 18:00:08.473537 Main     launcher.cpp:68] Launcher: Stopped
