$ /users/vj2267/nightcore/benchmarks/run_bench.sh --duration 5 --workers 64 --remote vj2267@sm110p-10s10615.wisc.cloudlab.us --remote_addr 10.10.1.2 --machnet --local_machnet_ip 10.10.1.1 --mode noop --target_rps 90000

=== Nightcore Stress Test (noop mode) ===
Mode: noop
Function: Noop
Workers: 64
Duration: 5 seconds
Target RPS (global): 90000
Input size: 64 bytes
Inflight limit per connection: 1
Engine IO workers: 1
Gateway conns per worker: 1
Warmup: 0 seconds
Stress Client: Remote (vj2267@sm110p-10s10615.wisc.cloudlab.us)
Engine Connection Address: 10.10.1.2 (explicit)
Transport: Machnet
  Remote Machnet IP: 10.10.1.2
  Local Machnet IP: 10.10.1.1

Cleaning up any existing stress_client on remote...
Starting stress_client on remote host vj2267@sm110p-10s10615.wisc.cloudlab.us...
  Remote SSH process PID: 1374345
  Output will be saved to: /users/vj2267/nightcore/benchmarks/outputs/stress_client_remote.txt
Waiting for remote stress_client to start...
I1102 18:19:29.140297 Main     thread.cpp:100] Register main thread: tid=1134274
I1102 18:19:29.140372 Main     stress_client.cpp:179] Using Machnet transport on 10.10.1.2:10007
I1102 18:19:29.140377 Main     stress_client_machnet.cpp:37] Starting Machnet event-loop thread...
[Loop Thread 135591295448768] Machnet event-loop thread started
I1102 18:19:29.143591 Server/E thread.cpp:40] Start thread: Server/EL
I1102 18:19:29.143632 Server/E server_base.cpp:50] Server: Event loop starts
Checking for file descriptor...
Got a file descriptor!
I1102 18:19:29.643704 Main     stress_client.cpp:43] === Nightcore Stress Test ===
I1102 18:19:29.643737 Main     stress_client.cpp:44] Function ID: 1
I1102 18:19:29.643745 Main     stress_client.cpp:45] Method ID: 0
I1102 18:19:29.643749 Main     stress_client.cpp:46] Input size: 64 bytes
I1102 18:19:29.643754 Main     stress_client.cpp:47] Global target RPS: 90000
I1102 18:19:29.643759 Main     stress_client.cpp:50] Inflight limit per connection: 1
I1102 18:19:29.643764 Main     stress_client.cpp:51] Warmup: 0s, Duration: 5s
I1102 18:19:29.643769 Main     stress_client.cpp:53] 
I1102 18:19:29.643773 Main     stress_client.cpp:54] ========================================
I1102 18:19:29.643777 Main     stress_client.cpp:57] Waiting for Engine to connect...
Listening on Machnet 10.10.1.2:10007 for Engine connections[Loop Thread 135591295448768] Machnet listener created
Starting Engine (connecting to 10.10.1.2:10007)...
  Engine PID: 1374354
New Machnet connection created: 168427777:1024 -> 168427778:10007
[Receive Thread 135591295448768] Handshake: pinned send flow 168427778:10007 -> 168427777:1024
[Loop Thread 135591295448768] Now sending on flow 168427778:10007 -> 168427777:1024
I1102 18:19:33.447405 Main     stress_client.cpp:71] Engine connected with 1 connection(s)
I1102 18:19:33.447430 Main     stress_client.cpp:73] Global target RPS: 90000
I1102 18:19:33.447434 Main     stress_client.cpp:76] 
I1102 18:19:33.447437 Main     stress_client.cpp:79] Waiting 3 seconds for workers to initialize...
Starting Launcher with 64 workers...
All components started. Stress test will begin after warmup...

I1102 18:19:37.452450 Main     stress_common.cpp:30] [T+1s] Sent: 90916 | Completed: 90914 | Failed: 0 | Latencies: 90914
I1102 18:19:38.454753 Main     stress_common.cpp:30] [T+2s] Sent: 181853 | Completed: 181849 | Failed: 0 | Latencies: 181849
I1102 18:19:39.456155 Main     stress_common.cpp:30] [T+3s] Sent: 272767 | Completed: 272764 | Failed: 0 | Latencies: 272764
I1102 18:19:40.457757 Main     stress_common.cpp:30] [T+4s] Sent: 363683 | Completed: 363681 | Failed: 0 | Latencies: 363681
I1102 18:19:41.459394 Main     stress_common.cpp:30] [T+5s] Sent: 453660 | Completed: 453660 | Failed: 0 | Latencies: 450000
I1102 18:19:41.459430 Main     stress_client.cpp:116] 
I1102 18:19:41.460102 Main     stress_common.cpp:42] ========================================
I1102 18:19:41.460110 Main     stress_common.cpp:43] === Stress Test Results ===
I1102 18:19:41.460123 Main     stress_common.cpp:44] ========================================
I1102 18:19:41.460128 Main     stress_common.cpp:45] Transport:         Machnet
I1102 18:19:41.460134 Main     stress_common.cpp:46] Connections:       1
I1102 18:19:41.460139 Main     stress_common.cpp:47] Duration:          5.01 seconds
I1102 18:19:41.460149 Main     stress_common.cpp:48] Total Sent:        453660
I1102 18:19:41.460154 Main     stress_common.cpp:49] Total Completed:   453660 (100.00%)
I1102 18:19:41.460160 Main     stress_common.cpp:52] Total Failed:      0 (0.00%)
I1102 18:19:41.460166 Main     stress_common.cpp:55] 
I1102 18:19:41.460171 Main     stress_common.cpp:56] Throughput:        90586.8 rps
I1102 18:19:41.460177 Main     stress_common.cpp:57] 
I1102 18:19:41.502286 Main     stress_common.cpp:71] Latency (us):
I1102 18:19:41.502298 Main     stress_common.cpp:72]   Min:    15
I1102 18:19:41.502304 Main     stress_common.cpp:73]   p50:    28
I1102 18:19:41.502310 Main     stress_common.cpp:74]   p90:    31
I1102 18:19:41.502314 Main     stress_common.cpp:75]   p99:    40
I1102 18:19:41.502317 Main     stress_common.cpp:76]   p99.9:  180
I1102 18:19:41.502322 Main     stress_common.cpp:77]   Max:    2102
I1102 18:19:41.502326 Main     stress_common.cpp:82] ========================================
I1102 18:19:41.502331 Main     server_base.cpp:35] Server: Scheduled to stop
I1102 18:19:41.502454 Server/E server_base.cpp:109] Server: Start stopping process
[Loop Thread 135591295448768] Machnet event-loop thread finished
I1102 18:19:41.502583 Server/E server_base.cpp:55] Server: Event loop finishes
I1102 18:19:41.502703 Main     server_base.cpp:46] Server: Stopped

Stress test completed. Shutting down...

Copying results from remote host...
Remote stress_client output:
I1102 18:19:29.140297 Main     thread.cpp:100] Register main thread: tid=1134274
I1102 18:19:29.140372 Main     stress_client.cpp:179] Using Machnet transport on 10.10.1.2:10007
I1102 18:19:29.140377 Main     stress_client_machnet.cpp:37] Starting Machnet event-loop thread...
[Loop Thread 135591295448768] Machnet event-loop thread started
I1102 18:19:29.143591 Server/E thread.cpp:40] Start thread: Server/EL
I1102 18:19:29.143632 Server/E server_base.cpp:50] Server: Event loop starts
Checking for file descriptor...
Got a file descriptor!
I1102 18:19:29.643704 Main     stress_client.cpp:43] === Nightcore Stress Test ===
I1102 18:19:29.643737 Main     stress_client.cpp:44] Function ID: 1
I1102 18:19:29.643745 Main     stress_client.cpp:45] Method ID: 0
I1102 18:19:29.643749 Main     stress_client.cpp:46] Input size: 64 bytes
I1102 18:19:29.643754 Main     stress_client.cpp:47] Global target RPS: 90000
I1102 18:19:29.643759 Main     stress_client.cpp:50] Inflight limit per connection: 1
I1102 18:19:29.643764 Main     stress_client.cpp:51] Warmup: 0s, Duration: 5s
I1102 18:19:29.643769 Main     stress_client.cpp:53] 
I1102 18:19:29.643773 Main     stress_client.cpp:54] ========================================
I1102 18:19:29.643777 Main     stress_client.cpp:57] Waiting for Engine to connect...
Listening on Machnet 10.10.1.2:10007 for Engine connections[Loop Thread 135591295448768] Machnet listener created
New Machnet connection created: 168427777:1024 -> 168427778:10007
[Receive Thread 135591295448768] Handshake: pinned send flow 168427778:10007 -> 168427777:1024
[Loop Thread 135591295448768] Now sending on flow 168427778:10007 -> 168427777:1024
I1102 18:19:33.447405 Main     stress_client.cpp:71] Engine connected with 1 connection(s)
I1102 18:19:33.447430 Main     stress_client.cpp:73] Global target RPS: 90000
I1102 18:19:33.447434 Main     stress_client.cpp:76] 
I1102 18:19:33.447437 Main     stress_client.cpp:79] Waiting 3 seconds for workers to initialize...
I1102 18:19:37.452450 Main     stress_common.cpp:30] [T+1s] Sent: 90916 | Completed: 90914 | Failed: 0 | Latencies: 90914
I1102 18:19:38.454753 Main     stress_common.cpp:30] [T+2s] Sent: 181853 | Completed: 181849 | Failed: 0 | Latencies: 181849
I1102 18:19:39.456155 Main     stress_common.cpp:30] [T+3s] Sent: 272767 | Completed: 272764 | Failed: 0 | Latencies: 272764
I1102 18:19:40.457757 Main     stress_common.cpp:30] [T+4s] Sent: 363683 | Completed: 363681 | Failed: 0 | Latencies: 363681
I1102 18:19:41.459394 Main     stress_common.cpp:30] [T+5s] Sent: 453660 | Completed: 453660 | Failed: 0 | Latencies: 450000
I1102 18:19:41.459430 Main     stress_client.cpp:116] 
I1102 18:19:41.460102 Main     stress_common.cpp:42] ========================================
I1102 18:19:41.460110 Main     stress_common.cpp:43] === Stress Test Results ===
I1102 18:19:41.460123 Main     stress_common.cpp:44] ========================================
I1102 18:19:41.460128 Main     stress_common.cpp:45] Transport:         Machnet
I1102 18:19:41.460134 Main     stress_common.cpp:46] Connections:       1
I1102 18:19:41.460139 Main     stress_common.cpp:47] Duration:          5.01 seconds
I1102 18:19:41.460149 Main     stress_common.cpp:48] Total Sent:        453660
I1102 18:19:41.460154 Main     stress_common.cpp:49] Total Completed:   453660 (100.00%)
I1102 18:19:41.460160 Main     stress_common.cpp:52] Total Failed:      0 (0.00%)
I1102 18:19:41.460166 Main     stress_common.cpp:55] 
I1102 18:19:41.460171 Main     stress_common.cpp:56] Throughput:        90586.8 rps
I1102 18:19:41.460177 Main     stress_common.cpp:57] 
I1102 18:19:41.502286 Main     stress_common.cpp:71] Latency (us):
I1102 18:19:41.502298 Main     stress_common.cpp:72]   Min:    15
I1102 18:19:41.502304 Main     stress_common.cpp:73]   p50:    28
I1102 18:19:41.502310 Main     stress_common.cpp:74]   p90:    31
I1102 18:19:41.502314 Main     stress_common.cpp:75]   p99:    40
I1102 18:19:41.502317 Main     stress_common.cpp:76]   p99.9:  180
I1102 18:19:41.502322 Main     stress_common.cpp:77]   Max:    2102
I1102 18:19:41.502326 Main     stress_common.cpp:82] ========================================
I1102 18:19:41.502331 Main     server_base.cpp:35] Server: Scheduled to stop
I1102 18:19:41.502454 Server/E server_base.cpp:109] Server: Start stopping process
[Loop Thread 135591295448768] Machnet event-loop thread finished
I1102 18:19:41.502583 Server/E server_base.cpp:55] Server: Event loop finishes
I1102 18:19:41.502703 Main     server_base.cpp:46] Server: Stopped

Cleaning up any remaining remote stress_client processes...

Logs saved to:
  Engine:   /users/vj2267/nightcore/benchmarks/outputs/engine.log
  Launcher: /users/vj2267/nightcore/benchmarks/outputs/launcher.log
  Workers:  /users/vj2267/nightcore/benchmarks/outputs/Noop_worker_*.stdout
