$ /users/vj2267/nightcore/benchmarks/run_bench.sh --duration 5 --workers 128 --remote vj2267@sm110p-10s10615.wisc.cloudlab.us --remote_addr 10.10.1.2 --machnet --local_machnet_ip 10.10.1.1 --mode hyperlight --target_rps 70000

=== Nightcore Stress Test (hyperlight mode) ===
Mode: hyperlight
Function: Echo
Workers: 128
Duration: 5 seconds
Target RPS (global): 70000
Input size: 64 bytes
Inflight limit per connection: 1
Engine IO workers: 1
Gateway conns per worker: 1
Warmup: 0 seconds
Stress Client: Remote (vj2267@sm110p-10s10615.wisc.cloudlab.us)
Engine Connection Address: 10.10.1.2 (explicit)
Transport: Machnet
  Remote Machnet IP: 10.10.1.2
  Local Machnet IP: 10.10.1.1

Cleaning up any existing stress_client on remote...
Starting stress_client on remote host vj2267@sm110p-10s10615.wisc.cloudlab.us...
  Remote SSH process PID: 1399372
  Output will be saved to: /users/vj2267/nightcore/benchmarks/outputs/stress_client_remote.txt
Waiting for remote stress_client to start...
I1102 19:09:54.831770 Main     thread.cpp:100] Register main thread: tid=1171457
I1102 19:09:54.831844 Main     stress_client.cpp:179] Using Machnet transport on 10.10.1.2:10007
I1102 19:09:54.831848 Main     stress_client_machnet.cpp:37] Starting Machnet event-loop thread...
[Loop Thread 127787039979200] Machnet event-loop thread started
I1102 19:09:54.835059 Server/E thread.cpp:40] Start thread: Server/EL
I1102 19:09:54.835090 Server/E server_base.cpp:50] Server: Event loop starts
I1102 19:09:55.335173 Main     stress_client.cpp:43] === Nightcore Stress Test ===
I1102 19:09:55.335211 Main     stress_client.cpp:44] Function ID: 1
I1102 19:09:55.335219 Main     stress_client.cpp:45] Method ID: 0
I1102 19:09:55.335224 Main     stress_client.cpp:46] Input size: 64 bytes
I1102 19:09:55.335228 Main     stress_client.cpp:47] Global target RPS: 70000
I1102 19:09:55.335234 Main     stress_client.cpp:50] Inflight limit per connection: 1
I1102 19:09:55.335238 Main     stress_client.cpp:51] Warmup: 0s, Duration: 5s
I1102 19:09:55.335243 Main     stress_client.cpp:53] 
I1102 19:09:55.335247 Main     stress_client.cpp:54] ========================================
I1102 19:09:55.335252 Main     stress_client.cpp:57] Waiting for Engine to connect...
Checking for file descriptor...
Got a file descriptor!
Listening on Machnet 10.10.1.2:10007 for Engine connections[Loop Thread 127787039979200] Machnet listener created
Starting Engine (connecting to 10.10.1.2:10007)...
  Engine PID: 1399376
New Machnet connection created: 168427777:1024 -> 168427778:10007
[Receive Thread 127787039979200] Handshake: pinned send flow 168427778:10007 -> 168427777:1024
[Loop Thread 127787039979200] Now sending on flow 168427778:10007 -> 168427777:1024
I1102 19:09:59.439234 Main     stress_client.cpp:71] Engine connected with 1 connection(s)
I1102 19:09:59.439268 Main     stress_client.cpp:73] Global target RPS: 70000
I1102 19:09:59.439275 Main     stress_client.cpp:76] 
I1102 19:09:59.439280 Main     stress_client.cpp:79] Waiting 3 seconds for workers to initialize...
Starting Launcher with 128 workers...
All components started. Stress test will begin after warmup...

I1102 19:10:03.443042 Main     stress_common.cpp:30] [T+1s] Sent: 71433 | Completed: 71428 | Failed: 0 | Latencies: 71428
I1102 19:10:04.443756 Main     stress_common.cpp:30] [T+2s] Sent: 142874 | Completed: 142870 | Failed: 0 | Latencies: 142870
I1102 19:10:05.444229 Main     stress_common.cpp:30] [T+3s] Sent: 214307 | Completed: 214304 | Failed: 0 | Latencies: 214304
I1102 19:10:06.444784 Main     stress_common.cpp:30] [T+4s] Sent: 285740 | Completed: 285736 | Failed: 0 | Latencies: 285736
I1102 19:10:07.445263 Main     stress_common.cpp:30] [T+5s] Sent: 356781 | Completed: 356781 | Failed: 0 | Latencies: 350000
I1102 19:10:07.445270 Main     stress_client.cpp:116] 
I1102 19:10:07.445458 Main     stress_common.cpp:42] ========================================
I1102 19:10:07.445461 Main     stress_common.cpp:43] === Stress Test Results ===
I1102 19:10:07.445462 Main     stress_common.cpp:44] ========================================
I1102 19:10:07.445463 Main     stress_common.cpp:45] Transport:         Machnet
I1102 19:10:07.445465 Main     stress_common.cpp:46] Connections:       1
I1102 19:10:07.445466 Main     stress_common.cpp:47] Duration:          5.00 seconds
I1102 19:10:07.445469 Main     stress_common.cpp:48] Total Sent:        356781
I1102 19:10:07.445471 Main     stress_common.cpp:49] Total Completed:   356781 (100.00%)
I1102 19:10:07.445472 Main     stress_common.cpp:52] Total Failed:      0 (0.00%)
I1102 19:10:07.445474 Main     stress_common.cpp:55] 
I1102 19:10:07.445475 Main     stress_common.cpp:56] Throughput:        71319.4 rps
I1102 19:10:07.445476 Main     stress_common.cpp:57] 
I1102 19:10:07.454977 Main     stress_common.cpp:71] Latency (us):
I1102 19:10:07.454984 Main     stress_common.cpp:72]   Min:    27
I1102 19:10:07.454986 Main     stress_common.cpp:73]   p50:    59
I1102 19:10:07.454988 Main     stress_common.cpp:74]   p90:    64
I1102 19:10:07.454989 Main     stress_common.cpp:75]   p99:    83
I1102 19:10:07.454991 Main     stress_common.cpp:76]   p99.9:  727
I1102 19:10:07.454992 Main     stress_common.cpp:77]   Max:    2504
I1102 19:10:07.454994 Main     stress_common.cpp:82] ========================================
I1102 19:10:07.454996 Main     server_base.cpp:35] Server: Scheduled to stop
I1102 19:10:07.455134 Server/E server_base.cpp:109] Server: Start stopping process
[Loop Thread 127787039979200] Machnet event-loop thread finished
I1102 19:10:07.455272 Server/E server_base.cpp:55] Server: Event loop finishes
I1102 19:10:07.455322 Main     server_base.cpp:46] Server: Stopped

Stress test completed. Shutting down...

Copying results from remote host...
Remote stress_client output:
I1102 19:09:54.831770 Main     thread.cpp:100] Register main thread: tid=1171457
I1102 19:09:54.831844 Main     stress_client.cpp:179] Using Machnet transport on 10.10.1.2:10007
I1102 19:09:54.831848 Main     stress_client_machnet.cpp:37] Starting Machnet event-loop thread...
[Loop Thread 127787039979200] Machnet event-loop thread started
I1102 19:09:54.835059 Server/E thread.cpp:40] Start thread: Server/EL
I1102 19:09:54.835090 Server/E server_base.cpp:50] Server: Event loop starts
I1102 19:09:55.335173 Main     stress_client.cpp:43] === Nightcore Stress Test ===
I1102 19:09:55.335211 Main     stress_client.cpp:44] Function ID: 1
I1102 19:09:55.335219 Main     stress_client.cpp:45] Method ID: 0
I1102 19:09:55.335224 Main     stress_client.cpp:46] Input size: 64 bytes
I1102 19:09:55.335228 Main     stress_client.cpp:47] Global target RPS: 70000
I1102 19:09:55.335234 Main     stress_client.cpp:50] Inflight limit per connection: 1
I1102 19:09:55.335238 Main     stress_client.cpp:51] Warmup: 0s, Duration: 5s
I1102 19:09:55.335243 Main     stress_client.cpp:53] 
I1102 19:09:55.335247 Main     stress_client.cpp:54] ========================================
I1102 19:09:55.335252 Main     stress_client.cpp:57] Waiting for Engine to connect...
Checking for file descriptor...
Got a file descriptor!
Listening on Machnet 10.10.1.2:10007 for Engine connections[Loop Thread 127787039979200] Machnet listener created
New Machnet connection created: 168427777:1024 -> 168427778:10007
[Receive Thread 127787039979200] Handshake: pinned send flow 168427778:10007 -> 168427777:1024
[Loop Thread 127787039979200] Now sending on flow 168427778:10007 -> 168427777:1024
I1102 19:09:59.439234 Main     stress_client.cpp:71] Engine connected with 1 connection(s)
I1102 19:09:59.439268 Main     stress_client.cpp:73] Global target RPS: 70000
I1102 19:09:59.439275 Main     stress_client.cpp:76] 
I1102 19:09:59.439280 Main     stress_client.cpp:79] Waiting 3 seconds for workers to initialize...
I1102 19:10:03.443042 Main     stress_common.cpp:30] [T+1s] Sent: 71433 | Completed: 71428 | Failed: 0 | Latencies: 71428
I1102 19:10:04.443756 Main     stress_common.cpp:30] [T+2s] Sent: 142874 | Completed: 142870 | Failed: 0 | Latencies: 142870
I1102 19:10:05.444229 Main     stress_common.cpp:30] [T+3s] Sent: 214307 | Completed: 214304 | Failed: 0 | Latencies: 214304
I1102 19:10:06.444784 Main     stress_common.cpp:30] [T+4s] Sent: 285740 | Completed: 285736 | Failed: 0 | Latencies: 285736
I1102 19:10:07.445263 Main     stress_common.cpp:30] [T+5s] Sent: 356781 | Completed: 356781 | Failed: 0 | Latencies: 350000
I1102 19:10:07.445270 Main     stress_client.cpp:116] 
I1102 19:10:07.445458 Main     stress_common.cpp:42] ========================================
I1102 19:10:07.445461 Main     stress_common.cpp:43] === Stress Test Results ===
I1102 19:10:07.445462 Main     stress_common.cpp:44] ========================================
I1102 19:10:07.445463 Main     stress_common.cpp:45] Transport:         Machnet
I1102 19:10:07.445465 Main     stress_common.cpp:46] Connections:       1
I1102 19:10:07.445466 Main     stress_common.cpp:47] Duration:          5.00 seconds
I1102 19:10:07.445469 Main     stress_common.cpp:48] Total Sent:        356781
I1102 19:10:07.445471 Main     stress_common.cpp:49] Total Completed:   356781 (100.00%)
I1102 19:10:07.445472 Main     stress_common.cpp:52] Total Failed:      0 (0.00%)
I1102 19:10:07.445474 Main     stress_common.cpp:55] 
I1102 19:10:07.445475 Main     stress_common.cpp:56] Throughput:        71319.4 rps
I1102 19:10:07.445476 Main     stress_common.cpp:57] 
I1102 19:10:07.454977 Main     stress_common.cpp:71] Latency (us):
I1102 19:10:07.454984 Main     stress_common.cpp:72]   Min:    27
I1102 19:10:07.454986 Main     stress_common.cpp:73]   p50:    59
I1102 19:10:07.454988 Main     stress_common.cpp:74]   p90:    64
I1102 19:10:07.454989 Main     stress_common.cpp:75]   p99:    83
I1102 19:10:07.454991 Main     stress_common.cpp:76]   p99.9:  727
I1102 19:10:07.454992 Main     stress_common.cpp:77]   Max:    2504
I1102 19:10:07.454994 Main     stress_common.cpp:82] ========================================
I1102 19:10:07.454996 Main     server_base.cpp:35] Server: Scheduled to stop
I1102 19:10:07.455134 Server/E server_base.cpp:109] Server: Start stopping process
[Loop Thread 127787039979200] Machnet event-loop thread finished
I1102 19:10:07.455272 Server/E server_base.cpp:55] Server: Event loop finishes
I1102 19:10:07.455322 Main     server_base.cpp:46] Server: Stopped

Cleaning up any remaining remote stress_client processes...

Logs saved to:
  Engine:   /users/vj2267/nightcore/benchmarks/outputs/engine.log
  Launcher: /users/vj2267/nightcore/benchmarks/outputs/launcher.log
  Workers:  /users/vj2267/nightcore/benchmarks/outputs/Echo_worker_*.stdout
