I1102 18:16:24.579522 Main     thread.cpp:100] Register main thread: tid=1373120
E1102 18:16:24.579994 Main     docker.cpp:59] Cannot find docker's cgroup in /proc/self/cgroup
I1102 18:16:24.580045 Main     func_config.cpp:135] Load configuration for function Noop[1]
I1102 18:16:24.580055 Main     engine.cpp:109] Engine: Start 1 IO workers
I1102 18:16:24.583319 IO-0/EL  thread.cpp:40] Start thread: IO-0/EL
I1102 18:16:24.583378 IO-0/EL  io_worker.cpp:192] IO-0: Event loop starts
Checking for file descriptor...
Got a file descriptor!
I1102 18:16:26.355213 Main     engine.cpp:180] Engine: Created 1 Machnet connections to Gateway at 10.10.1.2:10007
I1102 18:16:26.355330 Main     engine.cpp:208] Engine: Listen on /dev/shm/faas_ipc/engine.sock for IPC connections
I1102 18:16:26.355615 Server/E thread.cpp:40] Start thread: Server/EL
I1102 18:16:26.355806 Server/E server_base.cpp:50] Server: Event loop starts
I1102 18:16:26.582073 Server/E engine.cpp:674] Engine: New message connection
I1102 18:16:26.585284 IO-0/EL  buffer_pool.h:25] BufferPool[IO-0_Read]: Allocate new buffer, current buffer count is 1
I1102 18:16:26.585319 IO-0/EL  engine.cpp:277] Engine: Receive new handshake message from message connection
I1102 18:16:26.585324 IO-0/EL  worker_manager.cpp:23] WorkerManager: Launcher of func_id 1 connected
I1102 18:16:26.585329 IO-0/EL  worker_manager.cpp:131] WorkerManager: Request new FuncWorker for func_id 1 with client_id 1
I1102 18:16:26.585349 IO-0/EL  worker_manager.cpp:131] WorkerManager: Request new FuncWorker for func_id 1 with client_id 2
I1102 18:16:26.585362 IO-0/EL  worker_manager.cpp:131] WorkerManager: Request new FuncWorker for func_id 1 with client_id 3
I1102 18:16:26.585372 IO-0/EL  worker_manager.cpp:131] WorkerManager: Request new FuncWorker for func_id 1 with client_id 4
I1102 18:16:26.585381 IO-0/EL  worker_manager.cpp:131] WorkerManager: Request new FuncWorker for func_id 1 with client_id 5
I1102 18:16:26.585390 IO-0/EL  worker_manager.cpp:131] WorkerManager: Request new FuncWorker for func_id 1 with client_id 6
I1102 18:16:26.585402 IO-0/EL  worker_manager.cpp:131] WorkerManager: Request new FuncWorker for func_id 1 with client_id 7
I1102 18:16:26.585412 IO-0/EL  worker_manager.cpp:131] WorkerManager: Request new FuncWorker for func_id 1 with client_id 8
I1102 18:16:26.585424 IO-0/EL  worker_manager.cpp:131] WorkerManager: Request new FuncWorker for func_id 1 with client_id 9
I1102 18:16:26.585434 IO-0/EL  worker_manager.cpp:131] WorkerManager: Request new FuncWorker for func_id 1 with client_id 10
I1102 18:16:26.585445 IO-0/EL  worker_manager.cpp:131] WorkerManager: Request new FuncWorker for func_id 1 with client_id 11
I1102 18:16:26.585455 IO-0/EL  worker_manager.cpp:131] WorkerManager: Request new FuncWorker for func_id 1 with client_id 12
I1102 18:16:26.585467 IO-0/EL  worker_manager.cpp:131] WorkerManager: Request new FuncWorker for func_id 1 with client_id 13
I1102 18:16:26.585476 IO-0/EL  worker_manager.cpp:131] WorkerManager: Request new FuncWorker for func_id 1 with client_id 14
I1102 18:16:26.585486 IO-0/EL  worker_manager.cpp:131] WorkerManager: Request new FuncWorker for func_id 1 with client_id 15
I1102 18:16:26.585497 IO-0/EL  worker_manager.cpp:131] WorkerManager: Request new FuncWorker for func_id 1 with client_id 16
I1102 18:16:26.585507 IO-0/EL  worker_manager.cpp:131] WorkerManager: Request new FuncWorker for func_id 1 with client_id 17
I1102 18:16:26.585528 IO-0/EL  worker_manager.cpp:131] WorkerManager: Request new FuncWorker for func_id 1 with client_id 18
I1102 18:16:26.585538 IO-0/EL  worker_manager.cpp:131] WorkerManager: Request new FuncWorker for func_id 1 with client_id 19
I1102 18:16:26.585549 IO-0/EL  worker_manager.cpp:131] WorkerManager: Request new FuncWorker for func_id 1 with client_id 20
I1102 18:16:26.585561 IO-0/EL  worker_manager.cpp:131] WorkerManager: Request new FuncWorker for func_id 1 with client_id 21
I1102 18:16:26.585570 IO-0/EL  worker_manager.cpp:131] WorkerManager: Request new FuncWorker for func_id 1 with client_id 22
I1102 18:16:26.585580 IO-0/EL  worker_manager.cpp:131] WorkerManager: Request new FuncWorker for func_id 1 with client_id 23
I1102 18:16:26.585607 IO-0/EL  worker_manager.cpp:131] WorkerManager: Request new FuncWorker for func_id 1 with client_id 24
I1102 18:16:26.585617 IO-0/EL  worker_manager.cpp:131] WorkerManager: Request new FuncWorker for func_id 1 with client_id 25
I1102 18:16:26.585627 IO-0/EL  worker_manager.cpp:131] WorkerManager: Request new FuncWorker for func_id 1 with client_id 26
I1102 18:16:26.585636 IO-0/EL  worker_manager.cpp:131] WorkerManager: Request new FuncWorker for func_id 1 with client_id 27
I1102 18:16:26.585649 IO-0/EL  worker_manager.cpp:131] WorkerManager: Request new FuncWorker for func_id 1 with client_id 28
I1102 18:16:26.585659 IO-0/EL  worker_manager.cpp:131] WorkerManager: Request new FuncWorker for func_id 1 with client_id 29
I1102 18:16:26.585669 IO-0/EL  worker_manager.cpp:131] WorkerManager: Request new FuncWorker for func_id 1 with client_id 30
I1102 18:16:26.585679 IO-0/EL  worker_manager.cpp:131] WorkerManager: Request new FuncWorker for func_id 1 with client_id 31
I1102 18:16:26.585689 IO-0/EL  worker_manager.cpp:131] WorkerManager: Request new FuncWorker for func_id 1 with client_id 32
I1102 18:16:26.585737 IO-0/EL  buffer_pool.h:25] BufferPool[IO-0_Write]: Allocate new buffer, current buffer count is 1
I1102 18:16:26.585767 IO-0/EL  message_connection.cpp:269] LauncherConnection[1]: Handshake done
I1102 18:16:26.590577 Server/E engine.cpp:674] Engine: New message connection
I1102 18:16:26.590607 IO-0/EL  engine.cpp:277] Engine: Receive new handshake message from message connection
I1102 18:16:26.590612 IO-0/EL  worker_manager.cpp:60] WorkerManager: FuncWorker of func_id 1, client_id 1 connected
I1102 18:16:26.590624 IO-0/EL  dispatcher.cpp:47] Dispatcher[1]: min_workers=32
I1102 18:16:26.590628 IO-0/EL  dispatcher.cpp:51] Dispatcher[1]: max_workers=32
I1102 18:16:26.590650 IO-0/EL  message_connection.cpp:269] FuncWorkerConnection[1-1]: Handshake done
I1102 18:16:26.590876 Server/E engine.cpp:674] Engine: New message connection
I1102 18:16:26.590899 IO-0/EL  engine.cpp:277] Engine: Receive new handshake message from message connection
I1102 18:16:26.590903 IO-0/EL  worker_manager.cpp:60] WorkerManager: FuncWorker of func_id 1, client_id 2 connected
I1102 18:16:26.590917 IO-0/EL  message_connection.cpp:269] FuncWorkerConnection[1-2]: Handshake done
I1102 18:16:26.592573 Server/E engine.cpp:674] Engine: New message connection
I1102 18:16:26.592598 IO-0/EL  engine.cpp:277] Engine: Receive new handshake message from message connection
I1102 18:16:26.592603 IO-0/EL  worker_manager.cpp:60] WorkerManager: FuncWorker of func_id 1, client_id 3 connected
I1102 18:16:26.592617 IO-0/EL  message_connection.cpp:269] FuncWorkerConnection[1-3]: Handshake done
I1102 18:16:26.593101 Server/E engine.cpp:674] Engine: New message connection
I1102 18:16:26.593181 IO-0/EL  engine.cpp:277] Engine: Receive new handshake message from message connection
I1102 18:16:26.593187 IO-0/EL  worker_manager.cpp:60] WorkerManager: FuncWorker of func_id 1, client_id 4 connected
I1102 18:16:26.593200 IO-0/EL  message_connection.cpp:269] FuncWorkerConnection[1-4]: Handshake done
I1102 18:16:26.594001 Server/E engine.cpp:674] Engine: New message connection
I1102 18:16:26.594053 IO-0/EL  engine.cpp:277] Engine: Receive new handshake message from message connection
I1102 18:16:26.594058 IO-0/EL  worker_manager.cpp:60] WorkerManager: FuncWorker of func_id 1, client_id 5 connected
I1102 18:16:26.594072 IO-0/EL  message_connection.cpp:269] FuncWorkerConnection[1-5]: Handshake done
I1102 18:16:26.594503 Server/E engine.cpp:674] Engine: New message connection
I1102 18:16:26.594606 IO-0/EL  engine.cpp:277] Engine: Receive new handshake message from message connection
I1102 18:16:26.594611 IO-0/EL  worker_manager.cpp:60] WorkerManager: FuncWorker of func_id 1, client_id 6 connected
I1102 18:16:26.594625 IO-0/EL  message_connection.cpp:269] FuncWorkerConnection[1-6]: Handshake done
I1102 18:16:26.594795 Server/E engine.cpp:674] Engine: New message connection
I1102 18:16:26.594879 IO-0/EL  engine.cpp:277] Engine: Receive new handshake message from message connection
I1102 18:16:26.594884 IO-0/EL  worker_manager.cpp:60] WorkerManager: FuncWorker of func_id 1, client_id 7 connected
I1102 18:16:26.594898 IO-0/EL  message_connection.cpp:269] FuncWorkerConnection[1-7]: Handshake done
I1102 18:16:26.595236 Server/E engine.cpp:674] Engine: New message connection
I1102 18:16:26.595276 IO-0/EL  engine.cpp:277] Engine: Receive new handshake message from message connection
I1102 18:16:26.595280 IO-0/EL  worker_manager.cpp:60] WorkerManager: FuncWorker of func_id 1, client_id 8 connected
I1102 18:16:26.595294 IO-0/EL  message_connection.cpp:269] FuncWorkerConnection[1-8]: Handshake done
I1102 18:16:26.597288 Server/E engine.cpp:674] Engine: New message connection
I1102 18:16:26.597329 IO-0/EL  engine.cpp:277] Engine: Receive new handshake message from message connection
I1102 18:16:26.597334 IO-0/EL  worker_manager.cpp:60] WorkerManager: FuncWorker of func_id 1, client_id 10 connected
I1102 18:16:26.597348 IO-0/EL  message_connection.cpp:269] FuncWorkerConnection[1-10]: Handshake done
I1102 18:16:26.597648 Server/E engine.cpp:674] Engine: New message connection
I1102 18:16:26.597676 IO-0/EL  engine.cpp:277] Engine: Receive new handshake message from message connection
I1102 18:16:26.597681 IO-0/EL  worker_manager.cpp:60] WorkerManager: FuncWorker of func_id 1, client_id 9 connected
I1102 18:16:26.597693 IO-0/EL  message_connection.cpp:269] FuncWorkerConnection[1-9]: Handshake done
I1102 18:16:26.598360 Server/E engine.cpp:674] Engine: New message connection
I1102 18:16:26.598393 IO-0/EL  engine.cpp:277] Engine: Receive new handshake message from message connection
I1102 18:16:26.598398 IO-0/EL  worker_manager.cpp:60] WorkerManager: FuncWorker of func_id 1, client_id 11 connected
I1102 18:16:26.598410 IO-0/EL  message_connection.cpp:269] FuncWorkerConnection[1-11]: Handshake done
I1102 18:16:26.598583 Server/E engine.cpp:674] Engine: New message connection
I1102 18:16:26.598608 IO-0/EL  engine.cpp:277] Engine: Receive new handshake message from message connection
I1102 18:16:26.598612 IO-0/EL  worker_manager.cpp:60] WorkerManager: FuncWorker of func_id 1, client_id 12 connected
I1102 18:16:26.598625 IO-0/EL  message_connection.cpp:269] FuncWorkerConnection[1-12]: Handshake done
I1102 18:16:26.598955 Server/E engine.cpp:674] Engine: New message connection
I1102 18:16:26.598983 IO-0/EL  engine.cpp:277] Engine: Receive new handshake message from message connection
I1102 18:16:26.598988 IO-0/EL  worker_manager.cpp:60] WorkerManager: FuncWorker of func_id 1, client_id 13 connected
I1102 18:16:26.599002 IO-0/EL  message_connection.cpp:269] FuncWorkerConnection[1-13]: Handshake done
I1102 18:16:26.599445 Server/E engine.cpp:674] Engine: New message connection
I1102 18:16:26.599475 IO-0/EL  engine.cpp:277] Engine: Receive new handshake message from message connection
I1102 18:16:26.599479 IO-0/EL  worker_manager.cpp:60] WorkerManager: FuncWorker of func_id 1, client_id 14 connected
I1102 18:16:26.599497 IO-0/EL  message_connection.cpp:269] FuncWorkerConnection[1-14]: Handshake done
I1102 18:16:26.599967 Server/E engine.cpp:674] Engine: New message connection
I1102 18:16:26.599998 IO-0/EL  engine.cpp:277] Engine: Receive new handshake message from message connection
I1102 18:16:26.600003 IO-0/EL  worker_manager.cpp:60] WorkerManager: FuncWorker of func_id 1, client_id 15 connected
I1102 18:16:26.600016 IO-0/EL  message_connection.cpp:269] FuncWorkerConnection[1-15]: Handshake done
I1102 18:16:26.600430 Server/E engine.cpp:674] Engine: New message connection
I1102 18:16:26.600461 IO-0/EL  engine.cpp:277] Engine: Receive new handshake message from message connection
I1102 18:16:26.600466 IO-0/EL  worker_manager.cpp:60] WorkerManager: FuncWorker of func_id 1, client_id 16 connected
I1102 18:16:26.600479 IO-0/EL  message_connection.cpp:269] FuncWorkerConnection[1-16]: Handshake done
I1102 18:16:26.600769 Server/E engine.cpp:674] Engine: New message connection
I1102 18:16:26.600802 IO-0/EL  engine.cpp:277] Engine: Receive new handshake message from message connection
I1102 18:16:26.600814 IO-0/EL  worker_manager.cpp:60] WorkerManager: FuncWorker of func_id 1, client_id 17 connected
I1102 18:16:26.600832 IO-0/EL  message_connection.cpp:269] FuncWorkerConnection[1-17]: Handshake done
I1102 18:16:26.601218 Server/E engine.cpp:674] Engine: New message connection
I1102 18:16:26.601241 IO-0/EL  engine.cpp:277] Engine: Receive new handshake message from message connection
I1102 18:16:26.601245 IO-0/EL  worker_manager.cpp:60] WorkerManager: FuncWorker of func_id 1, client_id 18 connected
I1102 18:16:26.601258 IO-0/EL  message_connection.cpp:269] FuncWorkerConnection[1-18]: Handshake done
I1102 18:16:26.601674 Server/E engine.cpp:674] Engine: New message connection
I1102 18:16:26.601704 IO-0/EL  engine.cpp:277] Engine: Receive new handshake message from message connection
I1102 18:16:26.601712 IO-0/EL  worker_manager.cpp:60] WorkerManager: FuncWorker of func_id 1, client_id 19 connected
I1102 18:16:26.601725 IO-0/EL  message_connection.cpp:269] FuncWorkerConnection[1-19]: Handshake done
I1102 18:16:26.601818 Server/E engine.cpp:674] Engine: New message connection
I1102 18:16:26.601842 IO-0/EL  engine.cpp:277] Engine: Receive new handshake message from message connection
I1102 18:16:26.601846 IO-0/EL  worker_manager.cpp:60] WorkerManager: FuncWorker of func_id 1, client_id 20 connected
I1102 18:16:26.601859 IO-0/EL  message_connection.cpp:269] FuncWorkerConnection[1-20]: Handshake done
I1102 18:16:26.602626 Server/E engine.cpp:674] Engine: New message connection
I1102 18:16:26.602660 IO-0/EL  engine.cpp:277] Engine: Receive new handshake message from message connection
I1102 18:16:26.602665 IO-0/EL  worker_manager.cpp:60] WorkerManager: FuncWorker of func_id 1, client_id 21 connected
I1102 18:16:26.602678 IO-0/EL  message_connection.cpp:269] FuncWorkerConnection[1-21]: Handshake done
I1102 18:16:26.603997 Server/E engine.cpp:674] Engine: New message connection
I1102 18:16:26.604029 IO-0/EL  engine.cpp:277] Engine: Receive new handshake message from message connection
I1102 18:16:26.604034 IO-0/EL  worker_manager.cpp:60] WorkerManager: FuncWorker of func_id 1, client_id 22 connected
I1102 18:16:26.604048 IO-0/EL  message_connection.cpp:269] FuncWorkerConnection[1-22]: Handshake done
I1102 18:16:26.604072 Server/E engine.cpp:674] Engine: New message connection
I1102 18:16:26.604098 IO-0/EL  engine.cpp:277] Engine: Receive new handshake message from message connection
I1102 18:16:26.604102 IO-0/EL  worker_manager.cpp:60] WorkerManager: FuncWorker of func_id 1, client_id 23 connected
I1102 18:16:26.604115 IO-0/EL  message_connection.cpp:269] FuncWorkerConnection[1-23]: Handshake done
I1102 18:16:26.604471 Server/E engine.cpp:674] Engine: New message connection
I1102 18:16:26.604498 IO-0/EL  engine.cpp:277] Engine: Receive new handshake message from message connection
I1102 18:16:26.604502 IO-0/EL  worker_manager.cpp:60] WorkerManager: FuncWorker of func_id 1, client_id 24 connected
I1102 18:16:26.604515 IO-0/EL  message_connection.cpp:269] FuncWorkerConnection[1-24]: Handshake done
I1102 18:16:26.604904 Server/E engine.cpp:674] Engine: New message connection
I1102 18:16:26.604932 IO-0/EL  engine.cpp:277] Engine: Receive new handshake message from message connection
I1102 18:16:26.604937 IO-0/EL  worker_manager.cpp:60] WorkerManager: FuncWorker of func_id 1, client_id 25 connected
I1102 18:16:26.604950 IO-0/EL  message_connection.cpp:269] FuncWorkerConnection[1-25]: Handshake done
I1102 18:16:26.605380 Server/E engine.cpp:674] Engine: New message connection
I1102 18:16:26.605408 IO-0/EL  engine.cpp:277] Engine: Receive new handshake message from message connection
I1102 18:16:26.605413 IO-0/EL  worker_manager.cpp:60] WorkerManager: FuncWorker of func_id 1, client_id 26 connected
I1102 18:16:26.605425 IO-0/EL  message_connection.cpp:269] FuncWorkerConnection[1-26]: Handshake done
I1102 18:16:26.605819 Server/E engine.cpp:674] Engine: New message connection
I1102 18:16:26.605851 IO-0/EL  engine.cpp:277] Engine: Receive new handshake message from message connection
I1102 18:16:26.605863 IO-0/EL  worker_manager.cpp:60] WorkerManager: FuncWorker of func_id 1, client_id 27 connected
I1102 18:16:26.605877 IO-0/EL  message_connection.cpp:269] FuncWorkerConnection[1-27]: Handshake done
I1102 18:16:26.606205 Server/E engine.cpp:674] Engine: New message connection
I1102 18:16:26.606238 IO-0/EL  engine.cpp:277] Engine: Receive new handshake message from message connection
I1102 18:16:26.606243 IO-0/EL  worker_manager.cpp:60] WorkerManager: FuncWorker of func_id 1, client_id 28 connected
I1102 18:16:26.606256 IO-0/EL  message_connection.cpp:269] FuncWorkerConnection[1-28]: Handshake done
I1102 18:16:26.607629 Server/E engine.cpp:674] Engine: New message connection
I1102 18:16:26.607656 IO-0/EL  engine.cpp:277] Engine: Receive new handshake message from message connection
I1102 18:16:26.607661 IO-0/EL  worker_manager.cpp:60] WorkerManager: FuncWorker of func_id 1, client_id 30 connected
I1102 18:16:26.607680 IO-0/EL  message_connection.cpp:269] FuncWorkerConnection[1-30]: Handshake done
I1102 18:16:26.608110 Server/E engine.cpp:674] Engine: New message connection
I1102 18:16:26.608137 IO-0/EL  engine.cpp:277] Engine: Receive new handshake message from message connection
I1102 18:16:26.608142 IO-0/EL  worker_manager.cpp:60] WorkerManager: FuncWorker of func_id 1, client_id 31 connected
I1102 18:16:26.608156 IO-0/EL  message_connection.cpp:269] FuncWorkerConnection[1-31]: Handshake done
I1102 18:16:26.608551 Server/E engine.cpp:674] Engine: New message connection
I1102 18:16:26.608574 IO-0/EL  engine.cpp:277] Engine: Receive new handshake message from message connection
I1102 18:16:26.608578 IO-0/EL  worker_manager.cpp:60] WorkerManager: FuncWorker of func_id 1, client_id 32 connected
I1102 18:16:26.608590 IO-0/EL  message_connection.cpp:269] FuncWorkerConnection[1-32]: Handshake done
I1102 18:16:26.609190 Server/E engine.cpp:674] Engine: New message connection
I1102 18:16:26.609244 IO-0/EL  engine.cpp:277] Engine: Receive new handshake message from message connection
I1102 18:16:26.609249 IO-0/EL  worker_manager.cpp:60] WorkerManager: FuncWorker of func_id 1, client_id 29 connected
I1102 18:16:26.609265 IO-0/EL  message_connection.cpp:269] FuncWorkerConnection[1-29]: Handshake done
I1102 18:16:29.406263 IO-0/EL  buffer_pool.h:25] BufferPool[IO-0_Write]: Allocate new buffer, current buffer count is 2
I1102 18:16:29.406293 IO-0/EL  buffer_pool.h:25] BufferPool[IO-0_Write]: Allocate new buffer, current buffer count is 3
I1102 18:16:29.406306 IO-0/EL  buffer_pool.h:25] BufferPool[IO-0_Write]: Allocate new buffer, current buffer count is 4
I1102 18:16:29.406314 IO-0/EL  buffer_pool.h:25] BufferPool[IO-0_Write]: Allocate new buffer, current buffer count is 5
I1102 18:16:29.406325 IO-0/EL  buffer_pool.h:25] BufferPool[IO-0_Write]: Allocate new buffer, current buffer count is 6
I1102 18:16:29.406334 IO-0/EL  buffer_pool.h:25] BufferPool[IO-0_Write]: Allocate new buffer, current buffer count is 7
I1102 18:16:29.406346 IO-0/EL  buffer_pool.h:25] BufferPool[IO-0_Write]: Allocate new buffer, current buffer count is 8
I1102 18:16:29.406356 IO-0/EL  buffer_pool.h:25] BufferPool[IO-0_Write]: Allocate new buffer, current buffer count is 9
I1102 18:16:29.406375 IO-0/EL  buffer_pool.h:25] BufferPool[IO-0_Write]: Allocate new buffer, current buffer count is 10
I1102 18:16:29.406385 IO-0/EL  buffer_pool.h:25] BufferPool[IO-0_Write]: Allocate new buffer, current buffer count is 11
I1102 18:16:29.406397 IO-0/EL  buffer_pool.h:25] BufferPool[IO-0_Write]: Allocate new buffer, current buffer count is 12
I1102 18:16:29.406406 IO-0/EL  buffer_pool.h:25] BufferPool[IO-0_Write]: Allocate new buffer, current buffer count is 13
I1102 18:16:29.406416 IO-0/EL  buffer_pool.h:25] BufferPool[IO-0_Write]: Allocate new buffer, current buffer count is 14
I1102 18:16:29.406426 IO-0/EL  buffer_pool.h:25] BufferPool[IO-0_Write]: Allocate new buffer, current buffer count is 15
I1102 18:16:29.406445 IO-0/EL  buffer_pool.h:25] BufferPool[IO-0_Write]: Allocate new buffer, current buffer count is 16
I1102 18:16:29.406457 IO-0/EL  buffer_pool.h:25] BufferPool[IO-0_Write]: Allocate new buffer, current buffer count is 17
I1102 18:16:29.406481 IO-0/EL  buffer_pool.h:25] BufferPool[IO-0_Write]: Allocate new buffer, current buffer count is 18
I1102 18:16:29.406492 IO-0/EL  buffer_pool.h:25] BufferPool[IO-0_Write]: Allocate new buffer, current buffer count is 19
I1102 18:16:29.406505 IO-0/EL  buffer_pool.h:25] BufferPool[IO-0_Write]: Allocate new buffer, current buffer count is 20
I1102 18:16:29.406515 IO-0/EL  buffer_pool.h:25] BufferPool[IO-0_Write]: Allocate new buffer, current buffer count is 21
I1102 18:16:29.406529 IO-0/EL  buffer_pool.h:25] BufferPool[IO-0_Write]: Allocate new buffer, current buffer count is 22
I1102 18:16:29.406542 IO-0/EL  buffer_pool.h:25] BufferPool[IO-0_Write]: Allocate new buffer, current buffer count is 23
I1102 18:16:29.406552 IO-0/EL  buffer_pool.h:25] BufferPool[IO-0_Write]: Allocate new buffer, current buffer count is 24
I1102 18:16:29.406566 IO-0/EL  buffer_pool.h:25] BufferPool[IO-0_Write]: Allocate new buffer, current buffer count is 25
I1102 18:16:29.406577 IO-0/EL  buffer_pool.h:25] BufferPool[IO-0_Write]: Allocate new buffer, current buffer count is 26
I1102 18:16:29.406590 IO-0/EL  buffer_pool.h:25] BufferPool[IO-0_Write]: Allocate new buffer, current buffer count is 27
I1102 18:16:29.406600 IO-0/EL  buffer_pool.h:25] BufferPool[IO-0_Write]: Allocate new buffer, current buffer count is 28
I1102 18:16:29.406617 IO-0/EL  buffer_pool.h:25] BufferPool[IO-0_Write]: Allocate new buffer, current buffer count is 29
I1102 18:16:29.406628 IO-0/EL  buffer_pool.h:25] BufferPool[IO-0_Write]: Allocate new buffer, current buffer count is 30
I1102 18:16:29.406639 IO-0/EL  buffer_pool.h:25] BufferPool[IO-0_Write]: Allocate new buffer, current buffer count is 31
I1102 18:16:29.406666 IO-0/EL  buffer_pool.h:25] BufferPool[IO-0_Write]: Allocate new buffer, current buffer count is 32
I1102 18:16:29.406859 IO-0/EL  buffer_pool.h:25] BufferPool[IO-0_Write]: Allocate new buffer, current buffer count is 33
I1102 18:16:29.406873 IO-0/EL  buffer_pool.h:25] BufferPool[IO-0_Write]: Allocate new buffer, current buffer count is 34
I1102 18:16:29.406883 IO-0/EL  buffer_pool.h:25] BufferPool[IO-0_Write]: Allocate new buffer, current buffer count is 35
I1102 18:16:29.406896 IO-0/EL  buffer_pool.h:25] BufferPool[IO-0_Write]: Allocate new buffer, current buffer count is 36
I1102 18:16:29.406905 IO-0/EL  buffer_pool.h:25] BufferPool[IO-0_Write]: Allocate new buffer, current buffer count is 37
I1102 18:16:29.406914 IO-0/EL  buffer_pool.h:25] BufferPool[IO-0_Write]: Allocate new buffer, current buffer count is 38
I1102 18:16:29.406923 IO-0/EL  buffer_pool.h:25] BufferPool[IO-0_Write]: Allocate new buffer, current buffer count is 39
I1102 18:16:29.406932 IO-0/EL  buffer_pool.h:25] BufferPool[IO-0_Write]: Allocate new buffer, current buffer count is 40
I1102 18:16:29.406941 IO-0/EL  buffer_pool.h:25] BufferPool[IO-0_Write]: Allocate new buffer, current buffer count is 41
I1102 18:16:29.406950 IO-0/EL  buffer_pool.h:25] BufferPool[IO-0_Write]: Allocate new buffer, current buffer count is 42
I1102 18:16:29.406960 IO-0/EL  buffer_pool.h:25] BufferPool[IO-0_Write]: Allocate new buffer, current buffer count is 43
I1102 18:16:29.406969 IO-0/EL  buffer_pool.h:25] BufferPool[IO-0_Write]: Allocate new buffer, current buffer count is 44
I1102 18:16:29.406979 IO-0/EL  buffer_pool.h:25] BufferPool[IO-0_Write]: Allocate new buffer, current buffer count is 45
I1102 18:16:29.406989 IO-0/EL  buffer_pool.h:25] BufferPool[IO-0_Write]: Allocate new buffer, current buffer count is 46
I1102 18:16:29.406998 IO-0/EL  buffer_pool.h:25] BufferPool[IO-0_Write]: Allocate new buffer, current buffer count is 47
I1102 18:16:29.407007 IO-0/EL  buffer_pool.h:25] BufferPool[IO-0_Write]: Allocate new buffer, current buffer count is 48
I1102 18:16:29.407016 IO-0/EL  buffer_pool.h:25] BufferPool[IO-0_Write]: Allocate new buffer, current buffer count is 49
I1102 18:16:29.407026 IO-0/EL  buffer_pool.h:25] BufferPool[IO-0_Write]: Allocate new buffer, current buffer count is 50
I1102 18:16:29.407044 IO-0/EL  buffer_pool.h:25] BufferPool[IO-0_Write]: Allocate new buffer, current buffer count is 51
I1102 18:16:29.407056 IO-0/EL  buffer_pool.h:25] BufferPool[IO-0_Write]: Allocate new buffer, current buffer count is 52
I1102 18:16:29.407066 IO-0/EL  buffer_pool.h:25] BufferPool[IO-0_Write]: Allocate new buffer, current buffer count is 53
I1102 18:16:29.407080 IO-0/EL  buffer_pool.h:25] BufferPool[IO-0_Write]: Allocate new buffer, current buffer count is 54
I1102 18:16:29.407090 IO-0/EL  buffer_pool.h:25] BufferPool[IO-0_Write]: Allocate new buffer, current buffer count is 55
I1102 18:16:29.407099 IO-0/EL  buffer_pool.h:25] BufferPool[IO-0_Write]: Allocate new buffer, current buffer count is 56
I1102 18:16:29.407108 IO-0/EL  buffer_pool.h:25] BufferPool[IO-0_Write]: Allocate new buffer, current buffer count is 57
I1102 18:16:29.407118 IO-0/EL  buffer_pool.h:25] BufferPool[IO-0_Write]: Allocate new buffer, current buffer count is 58
I1102 18:16:29.407127 IO-0/EL  buffer_pool.h:25] BufferPool[IO-0_Write]: Allocate new buffer, current buffer count is 59
I1102 18:16:29.407136 IO-0/EL  buffer_pool.h:25] BufferPool[IO-0_Write]: Allocate new buffer, current buffer count is 60
I1102 18:16:29.407145 IO-0/EL  buffer_pool.h:25] BufferPool[IO-0_Write]: Allocate new buffer, current buffer count is 61
I1102 18:16:29.407154 IO-0/EL  buffer_pool.h:25] BufferPool[IO-0_Write]: Allocate new buffer, current buffer count is 62
I1102 18:16:29.407164 IO-0/EL  buffer_pool.h:25] BufferPool[IO-0_Write]: Allocate new buffer, current buffer count is 63
I1102 18:16:29.407173 IO-0/EL  buffer_pool.h:25] BufferPool[IO-0_Write]: Allocate new buffer, current buffer count is 64
I1102 18:16:34.552836 Main     server_base.cpp:35] Server: Scheduled to stop
I1102 18:16:34.552925 IO-0/EL  message_connection.cpp:284] LauncherConnection[1]: Connection closed remotely
I1102 18:16:34.552941 Server/E server_base.cpp:109] Server: Start stopping process
I1102 18:16:34.553015 IO-0/EL  io_worker.cpp:206] IO-0: Start stopping process
I1102 18:16:34.553087 Server/E server_base.cpp:55] Server: Event loop finishes
