I1102 18:16:26.581777 Main     thread.cpp:100] Register main thread: tid=1373124
E1102 18:16:26.581919 Main     docker.cpp:59] Cannot find docker's cgroup in /proc/self/cgroup
I1102 18:16:26.585185 Launcher thread.cpp:40] Start thread: Launcher/EL
I1102 18:16:26.585237 Launcher thread.cpp:64] Does not find cpuset setting for IO threads (can be set by FAAS_IO_THREAD_CPUSET)
I1102 18:16:26.585243 Launcher thread.cpp:82] Does not find nice setting for IO threads (can be set by FAAS_IO_THREAD_NICE)
I1102 18:16:26.585247 Launcher launcher.cpp:96] Launcher: Event loop starts
I1102 18:16:26.585266 Launcher engine_connection.cpp:93] EngineConnection: Connected to engine, start writing handshake message
I1102 18:16:26.585717 Launcher buffer_pool.h:25] BufferPool[Launcher]: Allocate new buffer, current buffer count is 1
I1102 18:16:26.585752 Launcher func_config.cpp:135] Load configuration for function Noop[1]
I1102 18:16:26.585762 Launcher engine_connection.cpp:65] EngineConnection: Handshake done
W1102 18:16:26.606462 Launcher engine_connection.cpp:166] EngineConnection: nread=0, will do nothing
I1102 18:16:34.552756 Main     launcher.cpp:44] Launcher: Scheduled to stop
E1102 18:16:34.553170 Launcher launcher.cpp:72] Launcher: Connection to engine disconnected
I1102 18:16:34.553219 Launcher launcher.cpp:44] Launcher: Scheduled to stop
W1102 18:16:34.553820 Launcher launcher.cpp:87] Launcher: Function process 23 terminated
W1102 18:16:34.553841 Launcher launcher.cpp:87] Launcher: Function process 20 terminated
W1102 18:16:34.553847 Launcher launcher.cpp:87] Launcher: Function process 18 terminated
W1102 18:16:34.553854 Launcher launcher.cpp:87] Launcher: Function process 16 terminated
W1102 18:16:34.553860 Launcher launcher.cpp:87] Launcher: Function process 15 terminated
W1102 18:16:34.553867 Launcher launcher.cpp:87] Launcher: Function process 6 terminated
W1102 18:16:34.554838 Launcher launcher.cpp:87] Launcher: Function process 31 terminated
W1102 18:16:34.554853 Launcher launcher.cpp:87] Launcher: Function process 30 terminated
W1102 18:16:34.554858 Launcher launcher.cpp:87] Launcher: Function process 29 terminated
W1102 18:16:34.554862 Launcher launcher.cpp:87] Launcher: Function process 28 terminated
W1102 18:16:34.554866 Launcher launcher.cpp:87] Launcher: Function process 27 terminated
W1102 18:16:34.554870 Launcher launcher.cpp:87] Launcher: Function process 26 terminated
W1102 18:16:34.554875 Launcher launcher.cpp:87] Launcher: Function process 25 terminated
W1102 18:16:34.554879 Launcher launcher.cpp:87] Launcher: Function process 24 terminated
W1102 18:16:34.554883 Launcher launcher.cpp:87] Launcher: Function process 22 terminated
W1102 18:16:34.554888 Launcher launcher.cpp:87] Launcher: Function process 19 terminated
W1102 18:16:34.554892 Launcher launcher.cpp:87] Launcher: Function process 17 terminated
W1102 18:16:34.554897 Launcher launcher.cpp:87] Launcher: Function process 14 terminated
W1102 18:16:34.554901 Launcher launcher.cpp:87] Launcher: Function process 13 terminated
W1102 18:16:34.554906 Launcher launcher.cpp:87] Launcher: Function process 12 terminated
W1102 18:16:34.554910 Launcher launcher.cpp:87] Launcher: Function process 11 terminated
W1102 18:16:34.554914 Launcher launcher.cpp:87] Launcher: Function process 10 terminated
W1102 18:16:34.554919 Launcher launcher.cpp:87] Launcher: Function process 8 terminated
W1102 18:16:34.554923 Launcher launcher.cpp:87] Launcher: Function process 5 terminated
W1102 18:16:34.554927 Launcher launcher.cpp:87] Launcher: Function process 4 terminated
W1102 18:16:34.554932 Launcher launcher.cpp:87] Launcher: Function process 1 terminated
W1102 18:16:34.554936 Launcher launcher.cpp:87] Launcher: Function process 0 terminated
W1102 18:16:34.554941 Launcher launcher.cpp:87] Launcher: Function process 21 terminated
W1102 18:16:34.554945 Launcher launcher.cpp:87] Launcher: Function process 9 terminated
W1102 18:16:34.554950 Launcher launcher.cpp:87] Launcher: Function process 2 terminated
W1102 18:16:34.554954 Launcher launcher.cpp:87] Launcher: Function process 7 terminated
W1102 18:16:34.554977 Launcher launcher.cpp:87] Launcher: Function process 3 terminated
I1102 18:16:34.554982 Launcher launcher.cpp:101] Launcher: Event loop finishes
I1102 18:16:34.555036 Main     launcher.cpp:68] Launcher: Stopped
