I1102 18:40:29.464495 Main     thread.cpp:100] Register main thread: tid=1386685
E1102 18:40:29.464744 Main     docker.cpp:59] Cannot find docker's cgroup in /proc/self/cgroup
I1102 18:40:29.464802 Main     func_config.cpp:135] Load configuration for function Echo[1]
I1102 18:40:29.464813 Main     engine.cpp:109] Engine: Start 1 IO workers
I1102 18:40:29.468038 IO-0/EL  thread.cpp:40] Start thread: IO-0/EL
I1102 18:40:29.468084 IO-0/EL  io_worker.cpp:192] IO-0: Event loop starts
Checking for file descriptor...
Got a file descriptor!
I1102 18:40:31.360842 Main     engine.cpp:180] Engine: Created 1 Machnet connections to Gateway at 10.10.1.2:10007
I1102 18:40:31.360958 Main     engine.cpp:208] Engine: Listen on /dev/shm/faas_ipc/engine.sock for IPC connections
I1102 18:40:31.361222 Server/E thread.cpp:40] Start thread: Server/EL
I1102 18:40:31.361269 Server/E server_base.cpp:50] Server: Event loop starts
I1102 18:40:31.466630 Server/E engine.cpp:674] Engine: New message connection
I1102 18:40:31.469883 IO-0/EL  buffer_pool.h:25] BufferPool[IO-0_Read]: Allocate new buffer, current buffer count is 1
I1102 18:40:31.469909 IO-0/EL  engine.cpp:277] Engine: Receive new handshake message from message connection
I1102 18:40:31.469914 IO-0/EL  worker_manager.cpp:23] WorkerManager: Launcher of func_id 1 connected
I1102 18:40:31.469917 IO-0/EL  worker_manager.cpp:131] WorkerManager: Request new FuncWorker for func_id 1 with client_id 1
I1102 18:40:31.469933 IO-0/EL  worker_manager.cpp:131] WorkerManager: Request new FuncWorker for func_id 1 with client_id 2
I1102 18:40:31.469953 IO-0/EL  buffer_pool.h:25] BufferPool[IO-0_Write]: Allocate new buffer, current buffer count is 1
I1102 18:40:31.469960 IO-0/EL  message_connection.cpp:269] LauncherConnection[1]: Handshake done
I1102 18:40:31.473146 Server/E engine.cpp:674] Engine: New message connection
I1102 18:40:31.473172 IO-0/EL  engine.cpp:277] Engine: Receive new handshake message from message connection
I1102 18:40:31.473177 IO-0/EL  worker_manager.cpp:60] WorkerManager: FuncWorker of func_id 1, client_id 1 connected
I1102 18:40:31.473188 IO-0/EL  dispatcher.cpp:47] Dispatcher[1]: min_workers=2
I1102 18:40:31.473192 IO-0/EL  dispatcher.cpp:51] Dispatcher[1]: max_workers=2
I1102 18:40:31.473209 IO-0/EL  message_connection.cpp:269] FuncWorkerConnection[1-1]: Handshake done
I1102 18:40:31.474859 Server/E engine.cpp:674] Engine: New message connection
I1102 18:40:31.474882 IO-0/EL  engine.cpp:277] Engine: Receive new handshake message from message connection
I1102 18:40:31.474886 IO-0/EL  worker_manager.cpp:60] WorkerManager: FuncWorker of func_id 1, client_id 2 connected
I1102 18:40:31.474899 IO-0/EL  message_connection.cpp:269] FuncWorkerConnection[1-2]: Handshake done
I1102 18:40:34.392182 IO-0/EL  buffer_pool.h:25] BufferPool[IO-0_Write]: Allocate new buffer, current buffer count is 2
I1102 18:40:39.454576 Main     server_base.cpp:35] Server: Scheduled to stop
I1102 18:40:39.454730 Server/E server_base.cpp:109] Server: Start stopping process
I1102 18:40:39.454766 IO-0/EL  io_worker.cpp:206] IO-0: Start stopping process
I1102 18:40:39.454794 Server/E server_base.cpp:55] Server: Event loop finishes
