$ /users/vj2267/nightcore/benchmarks/run_bench.sh --duration 5 --workers 8 --remote vj2267@sm110p-10s10615.wisc.cloudlab.us --remote_addr 10.10.1.2 --machnet --local_machnet_ip 10.10.1.1 --mode hyperlight --target_rps 175000

=== Nightcore Stress Test (hyperlight mode) ===
Mode: hyperlight
Function: Echo
Workers: 8
Duration: 5 seconds
Target RPS (global): 175000
Input size: 64 bytes
Inflight limit per connection: 1
Engine IO workers: 1
Gateway conns per worker: 1
Warmup: 0 seconds
Stress Client: Remote (vj2267@sm110p-10s10615.wisc.cloudlab.us)
Engine Connection Address: 10.10.1.2 (explicit)
Transport: Machnet
  Remote Machnet IP: 10.10.1.2
  Local Machnet IP: 10.10.1.1

Cleaning up any existing stress_client on remote...
Starting stress_client on remote host vj2267@sm110p-10s10615.wisc.cloudlab.us...
  Remote SSH process PID: 1389483
  Output will be saved to: /users/vj2267/nightcore/benchmarks/outputs/stress_client_remote.txt
Waiting for remote stress_client to start...
I1102 18:51:13.125539 Main     thread.cpp:100] Register main thread: tid=1157678
I1102 18:51:13.125608 Main     stress_client.cpp:179] Using Machnet transport on 10.10.1.2:10007
I1102 18:51:13.125613 Main     stress_client_machnet.cpp:37] Starting Machnet event-loop thread...
[Loop Thread 125292815316672] Machnet event-loop thread started
I1102 18:51:13.128857 Server/E thread.cpp:40] Start thread: Server/EL
I1102 18:51:13.128896 Server/E server_base.cpp:50] Server: Event loop starts
Checking for file descriptor...
Got a file descriptor!
I1102 18:51:13.628966 Main     stress_client.cpp:43] === Nightcore Stress Test ===
I1102 18:51:13.629000 Main     stress_client.cpp:44] Function ID: 1
I1102 18:51:13.629008 Main     stress_client.cpp:45] Method ID: 0
I1102 18:51:13.629013 Main     stress_client.cpp:46] Input size: 64 bytes
I1102 18:51:13.629018 Main     stress_client.cpp:47] Global target RPS: 175000
I1102 18:51:13.629024 Main     stress_client.cpp:50] Inflight limit per connection: 1
I1102 18:51:13.629028 Main     stress_client.cpp:51] Warmup: 0s, Duration: 5s
I1102 18:51:13.629034 Main     stress_client.cpp:53] 
I1102 18:51:13.629038 Main     stress_client.cpp:54] ========================================
I1102 18:51:13.629043 Main     stress_client.cpp:57] Waiting for Engine to connect...
Listening on Machnet 10.10.1.2:10007 for Engine connections[Loop Thread 125292815316672] Machnet listener created
Starting Engine (connecting to 10.10.1.2:10007)...
  Engine PID: 1389491
New Machnet connection created: 168427777:1024 -> 168427778:10007
[Receive Thread 125292815316672] Handshake: pinned send flow 168427778:10007 -> 168427777:1024
[Loop Thread 125292815316672] Now sending on flow 168427778:10007 -> 168427777:1024
I1102 18:51:17.432656 Main     stress_client.cpp:71] Engine connected with 1 connection(s)
I1102 18:51:17.432693 Main     stress_client.cpp:73] Global target RPS: 175000
I1102 18:51:17.432700 Main     stress_client.cpp:76] 
I1102 18:51:17.432705 Main     stress_client.cpp:79] Waiting 3 seconds for workers to initialize...
Starting Launcher with 8 workers...
All components started. Stress test will begin after warmup...

I1102 18:51:21.442869 Main     stress_common.cpp:30] [T+1s] Sent: 199954 | Completed: 199945 | Failed: 0 | Latencies: 199946
I1102 18:51:22.447593 Main     stress_common.cpp:30] [T+2s] Sent: 400035 | Completed: 400026 | Failed: 0 | Latencies: 400026
I1102 18:51:23.450510 Main     stress_common.cpp:30] [T+3s] Sent: 600024 | Completed: 600015 | Failed: 0 | Latencies: 600015
I1102 18:51:24.453821 Main     stress_common.cpp:30] [T+4s] Sent: 800030 | Completed: 800018 | Failed: 0 | Latencies: 800018
I1102 18:51:25.456050 Main     stress_common.cpp:30] [T+5s] Sent: 995804 | Completed: 995804 | Failed: 0 | Latencies: 875000
I1102 18:51:25.456088 Main     stress_client.cpp:116] 
I1102 18:51:25.457463 Main     stress_common.cpp:42] ========================================
I1102 18:51:25.457474 Main     stress_common.cpp:43] === Stress Test Results ===
I1102 18:51:25.457480 Main     stress_common.cpp:44] ========================================
I1102 18:51:25.457486 Main     stress_common.cpp:45] Transport:         Machnet
I1102 18:51:25.457492 Main     stress_common.cpp:46] Connections:       1
I1102 18:51:25.457497 Main     stress_common.cpp:47] Duration:          5.02 seconds
I1102 18:51:25.457523 Main     stress_common.cpp:48] Total Sent:        995804
I1102 18:51:25.457528 Main     stress_common.cpp:49] Total Completed:   995804 (100.00%)
I1102 18:51:25.457535 Main     stress_common.cpp:52] Total Failed:      0 (0.00%)
I1102 18:51:25.457541 Main     stress_common.cpp:55] 
I1102 18:51:25.457545 Main     stress_common.cpp:56] Throughput:        198548.3 rps
I1102 18:51:25.457551 Main     stress_common.cpp:57] 
I1102 18:51:25.533224 Main     stress_common.cpp:71] Latency (us):
I1102 18:51:25.533232 Main     stress_common.cpp:72]   Min:    27
I1102 18:51:25.533235 Main     stress_common.cpp:73]   p50:    40
I1102 18:51:25.533238 Main     stress_common.cpp:74]   p90:    54
I1102 18:51:25.533241 Main     stress_common.cpp:75]   p99:    147
I1102 18:51:25.533243 Main     stress_common.cpp:76]   p99.9:  2502
I1102 18:51:25.533245 Main     stress_common.cpp:77]   Max:    4385
I1102 18:51:25.533248 Main     stress_common.cpp:82] ========================================
I1102 18:51:25.533251 Main     server_base.cpp:35] Server: Scheduled to stop
I1102 18:51:25.533386 Server/E server_base.cpp:109] Server: Start stopping process
[Loop Thread 125292815316672] Machnet event-loop thread finished
I1102 18:51:25.533485 Server/E server_base.cpp:55] Server: Event loop finishes
I1102 18:51:25.533588 Main     server_base.cpp:46] Server: Stopped

Stress test completed. Shutting down...

Copying results from remote host...
Remote stress_client output:
I1102 18:51:13.125539 Main     thread.cpp:100] Register main thread: tid=1157678
I1102 18:51:13.125608 Main     stress_client.cpp:179] Using Machnet transport on 10.10.1.2:10007
I1102 18:51:13.125613 Main     stress_client_machnet.cpp:37] Starting Machnet event-loop thread...
[Loop Thread 125292815316672] Machnet event-loop thread started
I1102 18:51:13.128857 Server/E thread.cpp:40] Start thread: Server/EL
I1102 18:51:13.128896 Server/E server_base.cpp:50] Server: Event loop starts
Checking for file descriptor...
Got a file descriptor!
I1102 18:51:13.628966 Main     stress_client.cpp:43] === Nightcore Stress Test ===
I1102 18:51:13.629000 Main     stress_client.cpp:44] Function ID: 1
I1102 18:51:13.629008 Main     stress_client.cpp:45] Method ID: 0
I1102 18:51:13.629013 Main     stress_client.cpp:46] Input size: 64 bytes
I1102 18:51:13.629018 Main     stress_client.cpp:47] Global target RPS: 175000
I1102 18:51:13.629024 Main     stress_client.cpp:50] Inflight limit per connection: 1
I1102 18:51:13.629028 Main     stress_client.cpp:51] Warmup: 0s, Duration: 5s
I1102 18:51:13.629034 Main     stress_client.cpp:53] 
I1102 18:51:13.629038 Main     stress_client.cpp:54] ========================================
I1102 18:51:13.629043 Main     stress_client.cpp:57] Waiting for Engine to connect...
Listening on Machnet 10.10.1.2:10007 for Engine connections[Loop Thread 125292815316672] Machnet listener created
New Machnet connection created: 168427777:1024 -> 168427778:10007
[Receive Thread 125292815316672] Handshake: pinned send flow 168427778:10007 -> 168427777:1024
[Loop Thread 125292815316672] Now sending on flow 168427778:10007 -> 168427777:1024
I1102 18:51:17.432656 Main     stress_client.cpp:71] Engine connected with 1 connection(s)
I1102 18:51:17.432693 Main     stress_client.cpp:73] Global target RPS: 175000
I1102 18:51:17.432700 Main     stress_client.cpp:76] 
I1102 18:51:17.432705 Main     stress_client.cpp:79] Waiting 3 seconds for workers to initialize...
I1102 18:51:21.442869 Main     stress_common.cpp:30] [T+1s] Sent: 199954 | Completed: 199945 | Failed: 0 | Latencies: 199946
I1102 18:51:22.447593 Main     stress_common.cpp:30] [T+2s] Sent: 400035 | Completed: 400026 | Failed: 0 | Latencies: 400026
I1102 18:51:23.450510 Main     stress_common.cpp:30] [T+3s] Sent: 600024 | Completed: 600015 | Failed: 0 | Latencies: 600015
I1102 18:51:24.453821 Main     stress_common.cpp:30] [T+4s] Sent: 800030 | Completed: 800018 | Failed: 0 | Latencies: 800018
I1102 18:51:25.456050 Main     stress_common.cpp:30] [T+5s] Sent: 995804 | Completed: 995804 | Failed: 0 | Latencies: 875000
I1102 18:51:25.456088 Main     stress_client.cpp:116] 
I1102 18:51:25.457463 Main     stress_common.cpp:42] ========================================
I1102 18:51:25.457474 Main     stress_common.cpp:43] === Stress Test Results ===
I1102 18:51:25.457480 Main     stress_common.cpp:44] ========================================
I1102 18:51:25.457486 Main     stress_common.cpp:45] Transport:         Machnet
I1102 18:51:25.457492 Main     stress_common.cpp:46] Connections:       1
I1102 18:51:25.457497 Main     stress_common.cpp:47] Duration:          5.02 seconds
I1102 18:51:25.457523 Main     stress_common.cpp:48] Total Sent:        995804
I1102 18:51:25.457528 Main     stress_common.cpp:49] Total Completed:   995804 (100.00%)
I1102 18:51:25.457535 Main     stress_common.cpp:52] Total Failed:      0 (0.00%)
I1102 18:51:25.457541 Main     stress_common.cpp:55] 
I1102 18:51:25.457545 Main     stress_common.cpp:56] Throughput:        198548.3 rps
I1102 18:51:25.457551 Main     stress_common.cpp:57] 
I1102 18:51:25.533224 Main     stress_common.cpp:71] Latency (us):
I1102 18:51:25.533232 Main     stress_common.cpp:72]   Min:    27
I1102 18:51:25.533235 Main     stress_common.cpp:73]   p50:    40
I1102 18:51:25.533238 Main     stress_common.cpp:74]   p90:    54
I1102 18:51:25.533241 Main     stress_common.cpp:75]   p99:    147
I1102 18:51:25.533243 Main     stress_common.cpp:76]   p99.9:  2502
I1102 18:51:25.533245 Main     stress_common.cpp:77]   Max:    4385
I1102 18:51:25.533248 Main     stress_common.cpp:82] ========================================
I1102 18:51:25.533251 Main     server_base.cpp:35] Server: Scheduled to stop
I1102 18:51:25.533386 Server/E server_base.cpp:109] Server: Start stopping process
[Loop Thread 125292815316672] Machnet event-loop thread finished
I1102 18:51:25.533485 Server/E server_base.cpp:55] Server: Event loop finishes
I1102 18:51:25.533588 Main     server_base.cpp:46] Server: Stopped

Cleaning up any remaining remote stress_client processes...

Logs saved to:
  Engine:   /users/vj2267/nightcore/benchmarks/outputs/engine.log
  Launcher: /users/vj2267/nightcore/benchmarks/outputs/launcher.log
  Workers:  /users/vj2267/nightcore/benchmarks/outputs/Echo_worker_*.stdout
