I1102 19:01:10.529431 Main     thread.cpp:100] Register main thread: tid=1393045
E1102 19:01:10.529898 Main     docker.cpp:59] Cannot find docker's cgroup in /proc/self/cgroup
I1102 19:01:10.529951 Main     func_config.cpp:135] Load configuration for function Echo[1]
I1102 19:01:10.529962 Main     engine.cpp:109] Engine: Start 1 IO workers
I1102 19:01:10.533185 IO-0/EL  thread.cpp:40] Start thread: IO-0/EL
I1102 19:01:10.533233 IO-0/EL  io_worker.cpp:192] IO-0: Event loop starts
Checking for file descriptor...
Got a file descriptor!
I1102 19:01:12.365549 Main     engine.cpp:180] Engine: Created 1 Machnet connections to Gateway at 10.10.1.2:10007
I1102 19:01:12.365695 Main     engine.cpp:208] Engine: Listen on /dev/shm/faas_ipc/engine.sock for IPC connections
I1102 19:01:12.365972 Server/E thread.cpp:40] Start thread: Server/EL
I1102 19:01:12.366101 Server/E server_base.cpp:50] Server: Event loop starts
I1102 19:01:12.532170 Server/E engine.cpp:674] Engine: New message connection
I1102 19:01:12.535467 IO-0/EL  buffer_pool.h:25] BufferPool[IO-0_Read]: Allocate new buffer, current buffer count is 1
I1102 19:01:12.535500 IO-0/EL  engine.cpp:277] Engine: Receive new handshake message from message connection
I1102 19:01:12.535506 IO-0/EL  worker_manager.cpp:23] WorkerManager: Launcher of func_id 1 connected
I1102 19:01:12.535510 IO-0/EL  worker_manager.cpp:131] WorkerManager: Request new FuncWorker for func_id 1 with client_id 1
I1102 19:01:12.535531 IO-0/EL  worker_manager.cpp:131] WorkerManager: Request new FuncWorker for func_id 1 with client_id 2
I1102 19:01:12.535544 IO-0/EL  worker_manager.cpp:131] WorkerManager: Request new FuncWorker for func_id 1 with client_id 3
I1102 19:01:12.535554 IO-0/EL  worker_manager.cpp:131] WorkerManager: Request new FuncWorker for func_id 1 with client_id 4
I1102 19:01:12.535564 IO-0/EL  worker_manager.cpp:131] WorkerManager: Request new FuncWorker for func_id 1 with client_id 5
I1102 19:01:12.535574 IO-0/EL  worker_manager.cpp:131] WorkerManager: Request new FuncWorker for func_id 1 with client_id 6
I1102 19:01:12.535585 IO-0/EL  worker_manager.cpp:131] WorkerManager: Request new FuncWorker for func_id 1 with client_id 7
I1102 19:01:12.535594 IO-0/EL  worker_manager.cpp:131] WorkerManager: Request new FuncWorker for func_id 1 with client_id 8
I1102 19:01:12.535607 IO-0/EL  worker_manager.cpp:131] WorkerManager: Request new FuncWorker for func_id 1 with client_id 9
I1102 19:01:12.535616 IO-0/EL  worker_manager.cpp:131] WorkerManager: Request new FuncWorker for func_id 1 with client_id 10
I1102 19:01:12.535628 IO-0/EL  worker_manager.cpp:131] WorkerManager: Request new FuncWorker for func_id 1 with client_id 11
I1102 19:01:12.535638 IO-0/EL  worker_manager.cpp:131] WorkerManager: Request new FuncWorker for func_id 1 with client_id 12
I1102 19:01:12.535650 IO-0/EL  worker_manager.cpp:131] WorkerManager: Request new FuncWorker for func_id 1 with client_id 13
I1102 19:01:12.535660 IO-0/EL  worker_manager.cpp:131] WorkerManager: Request new FuncWorker for func_id 1 with client_id 14
I1102 19:01:12.535670 IO-0/EL  worker_manager.cpp:131] WorkerManager: Request new FuncWorker for func_id 1 with client_id 15
I1102 19:01:12.535681 IO-0/EL  worker_manager.cpp:131] WorkerManager: Request new FuncWorker for func_id 1 with client_id 16
I1102 19:01:12.535691 IO-0/EL  worker_manager.cpp:131] WorkerManager: Request new FuncWorker for func_id 1 with client_id 17
I1102 19:01:12.535715 IO-0/EL  worker_manager.cpp:131] WorkerManager: Request new FuncWorker for func_id 1 with client_id 18
I1102 19:01:12.535725 IO-0/EL  worker_manager.cpp:131] WorkerManager: Request new FuncWorker for func_id 1 with client_id 19
I1102 19:01:12.535737 IO-0/EL  worker_manager.cpp:131] WorkerManager: Request new FuncWorker for func_id 1 with client_id 20
I1102 19:01:12.535749 IO-0/EL  worker_manager.cpp:131] WorkerManager: Request new FuncWorker for func_id 1 with client_id 21
I1102 19:01:12.535759 IO-0/EL  worker_manager.cpp:131] WorkerManager: Request new FuncWorker for func_id 1 with client_id 22
I1102 19:01:12.535768 IO-0/EL  worker_manager.cpp:131] WorkerManager: Request new FuncWorker for func_id 1 with client_id 23
I1102 19:01:12.535795 IO-0/EL  worker_manager.cpp:131] WorkerManager: Request new FuncWorker for func_id 1 with client_id 24
I1102 19:01:12.535805 IO-0/EL  worker_manager.cpp:131] WorkerManager: Request new FuncWorker for func_id 1 with client_id 25
I1102 19:01:12.535814 IO-0/EL  worker_manager.cpp:131] WorkerManager: Request new FuncWorker for func_id 1 with client_id 26
I1102 19:01:12.535823 IO-0/EL  worker_manager.cpp:131] WorkerManager: Request new FuncWorker for func_id 1 with client_id 27
I1102 19:01:12.535836 IO-0/EL  worker_manager.cpp:131] WorkerManager: Request new FuncWorker for func_id 1 with client_id 28
I1102 19:01:12.535845 IO-0/EL  worker_manager.cpp:131] WorkerManager: Request new FuncWorker for func_id 1 with client_id 29
I1102 19:01:12.535855 IO-0/EL  worker_manager.cpp:131] WorkerManager: Request new FuncWorker for func_id 1 with client_id 30
I1102 19:01:12.535866 IO-0/EL  worker_manager.cpp:131] WorkerManager: Request new FuncWorker for func_id 1 with client_id 31
I1102 19:01:12.535876 IO-0/EL  worker_manager.cpp:131] WorkerManager: Request new FuncWorker for func_id 1 with client_id 32
I1102 19:01:12.535926 IO-0/EL  buffer_pool.h:25] BufferPool[IO-0_Write]: Allocate new buffer, current buffer count is 1
I1102 19:01:12.535956 IO-0/EL  message_connection.cpp:269] LauncherConnection[1]: Handshake done
I1102 19:01:12.540138 Server/E engine.cpp:674] Engine: New message connection
I1102 19:01:12.540197 IO-0/EL  engine.cpp:277] Engine: Receive new handshake message from message connection
I1102 19:01:12.540203 IO-0/EL  worker_manager.cpp:60] WorkerManager: FuncWorker of func_id 1, client_id 1 connected
I1102 19:01:12.540213 IO-0/EL  dispatcher.cpp:47] Dispatcher[1]: min_workers=32
I1102 19:01:12.540217 IO-0/EL  dispatcher.cpp:51] Dispatcher[1]: max_workers=32
I1102 19:01:12.540240 IO-0/EL  message_connection.cpp:269] FuncWorkerConnection[1-1]: Handshake done
I1102 19:01:12.540506 Server/E engine.cpp:674] Engine: New message connection
I1102 19:01:12.540545 IO-0/EL  engine.cpp:277] Engine: Receive new handshake message from message connection
I1102 19:01:12.540551 IO-0/EL  worker_manager.cpp:60] WorkerManager: FuncWorker of func_id 1, client_id 2 connected
I1102 19:01:12.540565 IO-0/EL  message_connection.cpp:269] FuncWorkerConnection[1-2]: Handshake done
I1102 19:01:12.543277 Server/E engine.cpp:674] Engine: New message connection
I1102 19:01:12.543332 IO-0/EL  engine.cpp:277] Engine: Receive new handshake message from message connection
I1102 19:01:12.543339 IO-0/EL  worker_manager.cpp:60] WorkerManager: FuncWorker of func_id 1, client_id 3 connected
I1102 19:01:12.543355 IO-0/EL  message_connection.cpp:269] FuncWorkerConnection[1-3]: Handshake done
I1102 19:01:12.543691 Server/E engine.cpp:674] Engine: New message connection
I1102 19:01:12.543745 IO-0/EL  engine.cpp:277] Engine: Receive new handshake message from message connection
I1102 19:01:12.543750 IO-0/EL  worker_manager.cpp:60] WorkerManager: FuncWorker of func_id 1, client_id 4 connected
I1102 19:01:12.543764 IO-0/EL  message_connection.cpp:269] FuncWorkerConnection[1-4]: Handshake done
I1102 19:01:12.544096 Server/E engine.cpp:674] Engine: New message connection
I1102 19:01:12.544130 Server/E engine.cpp:674] Engine: New message connection
I1102 19:01:12.544135 IO-0/EL  engine.cpp:277] Engine: Receive new handshake message from message connection
I1102 19:01:12.544139 IO-0/EL  worker_manager.cpp:60] WorkerManager: FuncWorker of func_id 1, client_id 5 connected
I1102 19:01:12.544153 IO-0/EL  message_connection.cpp:269] FuncWorkerConnection[1-5]: Handshake done
I1102 19:01:12.544166 IO-0/EL  engine.cpp:277] Engine: Receive new handshake message from message connection
I1102 19:01:12.544171 IO-0/EL  worker_manager.cpp:60] WorkerManager: FuncWorker of func_id 1, client_id 6 connected
I1102 19:01:12.544183 IO-0/EL  message_connection.cpp:269] FuncWorkerConnection[1-6]: Handshake done
I1102 19:01:12.545378 Server/E engine.cpp:674] Engine: New message connection
I1102 19:01:12.545413 IO-0/EL  engine.cpp:277] Engine: Receive new handshake message from message connection
I1102 19:01:12.545418 IO-0/EL  worker_manager.cpp:60] WorkerManager: FuncWorker of func_id 1, client_id 7 connected
I1102 19:01:12.545431 IO-0/EL  message_connection.cpp:269] FuncWorkerConnection[1-7]: Handshake done
I1102 19:01:12.547184 Server/E engine.cpp:674] Engine: New message connection
I1102 19:01:12.547216 Server/E engine.cpp:674] Engine: New message connection
I1102 19:01:12.547222 IO-0/EL  engine.cpp:277] Engine: Receive new handshake message from message connection
I1102 19:01:12.547227 IO-0/EL  worker_manager.cpp:60] WorkerManager: FuncWorker of func_id 1, client_id 9 connected
I1102 19:01:12.547241 IO-0/EL  message_connection.cpp:269] FuncWorkerConnection[1-9]: Handshake done
I1102 19:01:12.547254 IO-0/EL  engine.cpp:277] Engine: Receive new handshake message from message connection
I1102 19:01:12.547258 IO-0/EL  worker_manager.cpp:60] WorkerManager: FuncWorker of func_id 1, client_id 10 connected
I1102 19:01:12.547272 IO-0/EL  message_connection.cpp:269] FuncWorkerConnection[1-10]: Handshake done
I1102 19:01:12.547512 Server/E engine.cpp:674] Engine: New message connection
I1102 19:01:12.547530 IO-0/EL  engine.cpp:277] Engine: Receive new handshake message from message connection
I1102 19:01:12.547535 IO-0/EL  worker_manager.cpp:60] WorkerManager: FuncWorker of func_id 1, client_id 8 connected
I1102 19:01:12.547547 IO-0/EL  message_connection.cpp:269] FuncWorkerConnection[1-8]: Handshake done
I1102 19:01:12.547584 Server/E engine.cpp:674] Engine: New message connection
I1102 19:01:12.547602 IO-0/EL  engine.cpp:277] Engine: Receive new handshake message from message connection
I1102 19:01:12.547606 IO-0/EL  worker_manager.cpp:60] WorkerManager: FuncWorker of func_id 1, client_id 11 connected
I1102 19:01:12.547618 IO-0/EL  message_connection.cpp:269] FuncWorkerConnection[1-11]: Handshake done
I1102 19:01:12.548065 Server/E engine.cpp:674] Engine: New message connection
I1102 19:01:12.548086 IO-0/EL  engine.cpp:277] Engine: Receive new handshake message from message connection
I1102 19:01:12.548090 IO-0/EL  worker_manager.cpp:60] WorkerManager: FuncWorker of func_id 1, client_id 12 connected
I1102 19:01:12.548103 IO-0/EL  message_connection.cpp:269] FuncWorkerConnection[1-12]: Handshake done
I1102 19:01:12.548866 Server/E engine.cpp:674] Engine: New message connection
I1102 19:01:12.548886 IO-0/EL  engine.cpp:277] Engine: Receive new handshake message from message connection
I1102 19:01:12.548892 IO-0/EL  worker_manager.cpp:60] WorkerManager: FuncWorker of func_id 1, client_id 13 connected
I1102 19:01:12.548904 IO-0/EL  message_connection.cpp:269] FuncWorkerConnection[1-13]: Handshake done
I1102 19:01:12.549376 Server/E engine.cpp:674] Engine: New message connection
I1102 19:01:12.549413 IO-0/EL  engine.cpp:277] Engine: Receive new handshake message from message connection
I1102 19:01:12.549417 IO-0/EL  worker_manager.cpp:60] WorkerManager: FuncWorker of func_id 1, client_id 14 connected
I1102 19:01:12.549440 IO-0/EL  message_connection.cpp:269] FuncWorkerConnection[1-14]: Handshake done
I1102 19:01:12.549900 Server/E engine.cpp:674] Engine: New message connection
I1102 19:01:12.549938 IO-0/EL  engine.cpp:277] Engine: Receive new handshake message from message connection
I1102 19:01:12.549942 IO-0/EL  worker_manager.cpp:60] WorkerManager: FuncWorker of func_id 1, client_id 15 connected
I1102 19:01:12.549956 IO-0/EL  message_connection.cpp:269] FuncWorkerConnection[1-15]: Handshake done
I1102 19:01:12.550483 Server/E engine.cpp:674] Engine: New message connection
I1102 19:01:12.550525 IO-0/EL  engine.cpp:277] Engine: Receive new handshake message from message connection
I1102 19:01:12.550530 IO-0/EL  worker_manager.cpp:60] WorkerManager: FuncWorker of func_id 1, client_id 16 connected
I1102 19:01:12.550543 IO-0/EL  message_connection.cpp:269] FuncWorkerConnection[1-16]: Handshake done
I1102 19:01:12.550791 Server/E engine.cpp:674] Engine: New message connection
I1102 19:01:12.550826 IO-0/EL  engine.cpp:277] Engine: Receive new handshake message from message connection
I1102 19:01:12.550841 IO-0/EL  worker_manager.cpp:60] WorkerManager: FuncWorker of func_id 1, client_id 17 connected
I1102 19:01:12.550861 IO-0/EL  message_connection.cpp:269] FuncWorkerConnection[1-17]: Handshake done
I1102 19:01:12.551287 Server/E engine.cpp:674] Engine: New message connection
I1102 19:01:12.551321 IO-0/EL  engine.cpp:277] Engine: Receive new handshake message from message connection
I1102 19:01:12.551326 IO-0/EL  worker_manager.cpp:60] WorkerManager: FuncWorker of func_id 1, client_id 18 connected
I1102 19:01:12.551338 IO-0/EL  message_connection.cpp:269] FuncWorkerConnection[1-18]: Handshake done
I1102 19:01:12.551409 Server/E engine.cpp:674] Engine: New message connection
I1102 19:01:12.551443 IO-0/EL  engine.cpp:277] Engine: Receive new handshake message from message connection
I1102 19:01:12.551447 IO-0/EL  worker_manager.cpp:60] WorkerManager: FuncWorker of func_id 1, client_id 19 connected
I1102 19:01:12.551460 IO-0/EL  message_connection.cpp:269] FuncWorkerConnection[1-19]: Handshake done
I1102 19:01:12.552379 Server/E engine.cpp:674] Engine: New message connection
I1102 19:01:12.552418 IO-0/EL  engine.cpp:277] Engine: Receive new handshake message from message connection
I1102 19:01:12.552422 IO-0/EL  worker_manager.cpp:60] WorkerManager: FuncWorker of func_id 1, client_id 20 connected
I1102 19:01:12.552436 IO-0/EL  message_connection.cpp:269] FuncWorkerConnection[1-20]: Handshake done
I1102 19:01:12.552623 Server/E engine.cpp:674] Engine: New message connection
I1102 19:01:12.552659 IO-0/EL  engine.cpp:277] Engine: Receive new handshake message from message connection
I1102 19:01:12.552664 IO-0/EL  worker_manager.cpp:60] WorkerManager: FuncWorker of func_id 1, client_id 21 connected
I1102 19:01:12.552677 IO-0/EL  message_connection.cpp:269] FuncWorkerConnection[1-21]: Handshake done
I1102 19:01:12.553105 Server/E engine.cpp:674] Engine: New message connection
I1102 19:01:12.553129 IO-0/EL  engine.cpp:277] Engine: Receive new handshake message from message connection
I1102 19:01:12.553134 IO-0/EL  worker_manager.cpp:60] WorkerManager: FuncWorker of func_id 1, client_id 22 connected
I1102 19:01:12.553147 IO-0/EL  message_connection.cpp:269] FuncWorkerConnection[1-22]: Handshake done
I1102 19:01:12.553860 Server/E engine.cpp:674] Engine: New message connection
I1102 19:01:12.553891 IO-0/EL  engine.cpp:277] Engine: Receive new handshake message from message connection
I1102 19:01:12.553897 IO-0/EL  worker_manager.cpp:60] WorkerManager: FuncWorker of func_id 1, client_id 23 connected
I1102 19:01:12.553911 IO-0/EL  message_connection.cpp:269] FuncWorkerConnection[1-23]: Handshake done
I1102 19:01:12.554077 Server/E engine.cpp:674] Engine: New message connection
I1102 19:01:12.554095 IO-0/EL  engine.cpp:277] Engine: Receive new handshake message from message connection
I1102 19:01:12.554100 IO-0/EL  worker_manager.cpp:60] WorkerManager: FuncWorker of func_id 1, client_id 24 connected
I1102 19:01:12.554112 IO-0/EL  message_connection.cpp:269] FuncWorkerConnection[1-24]: Handshake done
I1102 19:01:12.555267 Server/E engine.cpp:674] Engine: New message connection
I1102 19:01:12.555321 IO-0/EL  engine.cpp:277] Engine: Receive new handshake message from message connection
I1102 19:01:12.555327 IO-0/EL  worker_manager.cpp:60] WorkerManager: FuncWorker of func_id 1, client_id 25 connected
I1102 19:01:12.555341 IO-0/EL  message_connection.cpp:269] FuncWorkerConnection[1-25]: Handshake done
I1102 19:01:12.555515 Server/E engine.cpp:674] Engine: New message connection
I1102 19:01:12.555539 IO-0/EL  engine.cpp:277] Engine: Receive new handshake message from message connection
I1102 19:01:12.555543 IO-0/EL  worker_manager.cpp:60] WorkerManager: FuncWorker of func_id 1, client_id 26 connected
I1102 19:01:12.555556 IO-0/EL  message_connection.cpp:269] FuncWorkerConnection[1-26]: Handshake done
I1102 19:01:12.555968 Server/E engine.cpp:674] Engine: New message connection
I1102 19:01:12.556007 IO-0/EL  engine.cpp:277] Engine: Receive new handshake message from message connection
I1102 19:01:12.556019 IO-0/EL  worker_manager.cpp:60] WorkerManager: FuncWorker of func_id 1, client_id 27 connected
I1102 19:01:12.556034 IO-0/EL  message_connection.cpp:269] FuncWorkerConnection[1-27]: Handshake done
I1102 19:01:12.556389 Server/E engine.cpp:674] Engine: New message connection
I1102 19:01:12.556436 IO-0/EL  engine.cpp:277] Engine: Receive new handshake message from message connection
I1102 19:01:12.556441 IO-0/EL  worker_manager.cpp:60] WorkerManager: FuncWorker of func_id 1, client_id 28 connected
I1102 19:01:12.556454 IO-0/EL  message_connection.cpp:269] FuncWorkerConnection[1-28]: Handshake done
I1102 19:01:12.556837 Server/E engine.cpp:674] Engine: New message connection
I1102 19:01:12.556878 IO-0/EL  engine.cpp:277] Engine: Receive new handshake message from message connection
I1102 19:01:12.556883 IO-0/EL  worker_manager.cpp:60] WorkerManager: FuncWorker of func_id 1, client_id 29 connected
I1102 19:01:12.556904 IO-0/EL  message_connection.cpp:269] FuncWorkerConnection[1-29]: Handshake done
I1102 19:01:12.557331 Server/E engine.cpp:674] Engine: New message connection
I1102 19:01:12.557377 IO-0/EL  engine.cpp:277] Engine: Receive new handshake message from message connection
I1102 19:01:12.557381 IO-0/EL  worker_manager.cpp:60] WorkerManager: FuncWorker of func_id 1, client_id 30 connected
I1102 19:01:12.557394 IO-0/EL  message_connection.cpp:269] FuncWorkerConnection[1-30]: Handshake done
I1102 19:01:12.557857 Server/E engine.cpp:674] Engine: New message connection
I1102 19:01:12.557898 IO-0/EL  engine.cpp:277] Engine: Receive new handshake message from message connection
I1102 19:01:12.557903 IO-0/EL  worker_manager.cpp:60] WorkerManager: FuncWorker of func_id 1, client_id 31 connected
I1102 19:01:12.557916 IO-0/EL  message_connection.cpp:269] FuncWorkerConnection[1-31]: Handshake done
I1102 19:01:12.558407 Server/E engine.cpp:674] Engine: New message connection
I1102 19:01:12.558448 IO-0/EL  engine.cpp:277] Engine: Receive new handshake message from message connection
I1102 19:01:12.558453 IO-0/EL  worker_manager.cpp:60] WorkerManager: FuncWorker of func_id 1, client_id 32 connected
I1102 19:01:12.558465 IO-0/EL  message_connection.cpp:269] FuncWorkerConnection[1-32]: Handshake done
I1102 19:01:15.462275 IO-0/EL  buffer_pool.h:25] BufferPool[IO-0_Write]: Allocate new buffer, current buffer count is 2
I1102 19:01:15.462299 IO-0/EL  buffer_pool.h:25] BufferPool[IO-0_Write]: Allocate new buffer, current buffer count is 3
I1102 19:01:15.462317 IO-0/EL  buffer_pool.h:25] BufferPool[IO-0_Write]: Allocate new buffer, current buffer count is 4
I1102 19:01:15.462327 IO-0/EL  buffer_pool.h:25] BufferPool[IO-0_Write]: Allocate new buffer, current buffer count is 5
I1102 19:01:15.462344 IO-0/EL  buffer_pool.h:25] BufferPool[IO-0_Write]: Allocate new buffer, current buffer count is 6
I1102 19:01:15.462354 IO-0/EL  buffer_pool.h:25] BufferPool[IO-0_Write]: Allocate new buffer, current buffer count is 7
I1102 19:01:15.462366 IO-0/EL  buffer_pool.h:25] BufferPool[IO-0_Write]: Allocate new buffer, current buffer count is 8
I1102 19:01:15.462378 IO-0/EL  buffer_pool.h:25] BufferPool[IO-0_Write]: Allocate new buffer, current buffer count is 9
I1102 19:01:15.462392 IO-0/EL  buffer_pool.h:25] BufferPool[IO-0_Write]: Allocate new buffer, current buffer count is 10
I1102 19:01:15.462401 IO-0/EL  buffer_pool.h:25] BufferPool[IO-0_Write]: Allocate new buffer, current buffer count is 11
I1102 19:01:15.462418 IO-0/EL  buffer_pool.h:25] BufferPool[IO-0_Write]: Allocate new buffer, current buffer count is 12
I1102 19:01:15.462430 IO-0/EL  buffer_pool.h:25] BufferPool[IO-0_Write]: Allocate new buffer, current buffer count is 13
I1102 19:01:15.462443 IO-0/EL  buffer_pool.h:25] BufferPool[IO-0_Write]: Allocate new buffer, current buffer count is 14
I1102 19:01:15.462455 IO-0/EL  buffer_pool.h:25] BufferPool[IO-0_Write]: Allocate new buffer, current buffer count is 15
I1102 19:01:15.462472 IO-0/EL  buffer_pool.h:25] BufferPool[IO-0_Write]: Allocate new buffer, current buffer count is 16
I1102 19:01:15.462484 IO-0/EL  buffer_pool.h:25] BufferPool[IO-0_Write]: Allocate new buffer, current buffer count is 17
I1102 19:01:15.462509 IO-0/EL  buffer_pool.h:25] BufferPool[IO-0_Write]: Allocate new buffer, current buffer count is 18
I1102 19:01:15.462521 IO-0/EL  buffer_pool.h:25] BufferPool[IO-0_Write]: Allocate new buffer, current buffer count is 19
I1102 19:01:15.462538 IO-0/EL  buffer_pool.h:25] BufferPool[IO-0_Write]: Allocate new buffer, current buffer count is 20
I1102 19:01:15.462551 IO-0/EL  buffer_pool.h:25] BufferPool[IO-0_Write]: Allocate new buffer, current buffer count is 21
I1102 19:01:15.462566 IO-0/EL  buffer_pool.h:25] BufferPool[IO-0_Write]: Allocate new buffer, current buffer count is 22
I1102 19:01:15.462579 IO-0/EL  buffer_pool.h:25] BufferPool[IO-0_Write]: Allocate new buffer, current buffer count is 23
I1102 19:01:15.462590 IO-0/EL  buffer_pool.h:25] BufferPool[IO-0_Write]: Allocate new buffer, current buffer count is 24
I1102 19:01:15.462609 IO-0/EL  buffer_pool.h:25] BufferPool[IO-0_Write]: Allocate new buffer, current buffer count is 25
I1102 19:01:15.462621 IO-0/EL  buffer_pool.h:25] BufferPool[IO-0_Write]: Allocate new buffer, current buffer count is 26
I1102 19:01:15.462643 IO-0/EL  buffer_pool.h:25] BufferPool[IO-0_Write]: Allocate new buffer, current buffer count is 27
I1102 19:01:15.462661 IO-0/EL  buffer_pool.h:25] BufferPool[IO-0_Write]: Allocate new buffer, current buffer count is 28
I1102 19:01:15.462695 IO-0/EL  buffer_pool.h:25] BufferPool[IO-0_Write]: Allocate new buffer, current buffer count is 29
I1102 19:01:15.462728 IO-0/EL  buffer_pool.h:25] BufferPool[IO-0_Write]: Allocate new buffer, current buffer count is 30
I1102 19:01:15.462748 IO-0/EL  buffer_pool.h:25] BufferPool[IO-0_Write]: Allocate new buffer, current buffer count is 31
I1102 19:01:15.462769 IO-0/EL  buffer_pool.h:25] BufferPool[IO-0_Write]: Allocate new buffer, current buffer count is 32
I1102 19:01:15.462992 IO-0/EL  buffer_pool.h:25] BufferPool[IO-0_Write]: Allocate new buffer, current buffer count is 33
I1102 19:01:15.463015 IO-0/EL  buffer_pool.h:25] BufferPool[IO-0_Write]: Allocate new buffer, current buffer count is 34
I1102 19:01:15.463027 IO-0/EL  buffer_pool.h:25] BufferPool[IO-0_Write]: Allocate new buffer, current buffer count is 35
I1102 19:01:15.463040 IO-0/EL  buffer_pool.h:25] BufferPool[IO-0_Write]: Allocate new buffer, current buffer count is 36
I1102 19:01:15.463050 IO-0/EL  buffer_pool.h:25] BufferPool[IO-0_Write]: Allocate new buffer, current buffer count is 37
I1102 19:01:15.463060 IO-0/EL  buffer_pool.h:25] BufferPool[IO-0_Write]: Allocate new buffer, current buffer count is 38
I1102 19:01:15.463071 IO-0/EL  buffer_pool.h:25] BufferPool[IO-0_Write]: Allocate new buffer, current buffer count is 39
I1102 19:01:15.463083 IO-0/EL  buffer_pool.h:25] BufferPool[IO-0_Write]: Allocate new buffer, current buffer count is 40
I1102 19:01:15.463095 IO-0/EL  buffer_pool.h:25] BufferPool[IO-0_Write]: Allocate new buffer, current buffer count is 41
I1102 19:01:15.463107 IO-0/EL  buffer_pool.h:25] BufferPool[IO-0_Write]: Allocate new buffer, current buffer count is 42
I1102 19:01:15.463121 IO-0/EL  buffer_pool.h:25] BufferPool[IO-0_Write]: Allocate new buffer, current buffer count is 43
I1102 19:01:15.463133 IO-0/EL  buffer_pool.h:25] BufferPool[IO-0_Write]: Allocate new buffer, current buffer count is 44
I1102 19:01:15.463143 IO-0/EL  buffer_pool.h:25] BufferPool[IO-0_Write]: Allocate new buffer, current buffer count is 45
I1102 19:01:15.463155 IO-0/EL  buffer_pool.h:25] BufferPool[IO-0_Write]: Allocate new buffer, current buffer count is 46
I1102 19:01:15.463167 IO-0/EL  buffer_pool.h:25] BufferPool[IO-0_Write]: Allocate new buffer, current buffer count is 47
I1102 19:01:15.463178 IO-0/EL  buffer_pool.h:25] BufferPool[IO-0_Write]: Allocate new buffer, current buffer count is 48
I1102 19:01:15.463188 IO-0/EL  buffer_pool.h:25] BufferPool[IO-0_Write]: Allocate new buffer, current buffer count is 49
I1102 19:01:15.463199 IO-0/EL  buffer_pool.h:25] BufferPool[IO-0_Write]: Allocate new buffer, current buffer count is 50
I1102 19:01:15.463219 IO-0/EL  buffer_pool.h:25] BufferPool[IO-0_Write]: Allocate new buffer, current buffer count is 51
I1102 19:01:15.463231 IO-0/EL  buffer_pool.h:25] BufferPool[IO-0_Write]: Allocate new buffer, current buffer count is 52
I1102 19:01:15.463241 IO-0/EL  buffer_pool.h:25] BufferPool[IO-0_Write]: Allocate new buffer, current buffer count is 53
I1102 19:01:15.463251 IO-0/EL  buffer_pool.h:25] BufferPool[IO-0_Write]: Allocate new buffer, current buffer count is 54
I1102 19:01:15.463265 IO-0/EL  buffer_pool.h:25] BufferPool[IO-0_Write]: Allocate new buffer, current buffer count is 55
I1102 19:01:15.463281 IO-0/EL  buffer_pool.h:25] BufferPool[IO-0_Write]: Allocate new buffer, current buffer count is 56
I1102 19:01:15.463297 IO-0/EL  buffer_pool.h:25] BufferPool[IO-0_Write]: Allocate new buffer, current buffer count is 57
I1102 19:01:15.463316 IO-0/EL  buffer_pool.h:25] BufferPool[IO-0_Write]: Allocate new buffer, current buffer count is 58
I1102 19:01:15.463335 IO-0/EL  buffer_pool.h:25] BufferPool[IO-0_Write]: Allocate new buffer, current buffer count is 59
I1102 19:01:15.463348 IO-0/EL  buffer_pool.h:25] BufferPool[IO-0_Write]: Allocate new buffer, current buffer count is 60
I1102 19:01:15.463360 IO-0/EL  buffer_pool.h:25] BufferPool[IO-0_Write]: Allocate new buffer, current buffer count is 61
I1102 19:01:15.463376 IO-0/EL  buffer_pool.h:25] BufferPool[IO-0_Write]: Allocate new buffer, current buffer count is 62
I1102 19:01:20.554339 Main     server_base.cpp:35] Server: Scheduled to stop
I1102 19:01:20.554524 IO-0/EL  message_connection.cpp:284] LauncherConnection[1]: Connection closed remotely
I1102 19:01:20.554534 Server/E server_base.cpp:109] Server: Start stopping process
I1102 19:01:20.554619 IO-0/EL  io_worker.cpp:206] IO-0: Start stopping process
I1102 19:01:20.554689 Server/E server_base.cpp:55] Server: Event loop finishes
