I1102 19:01:12.531957 Main     thread.cpp:100] Register main thread: tid=1393056
E1102 19:01:12.532096 Main     docker.cpp:59] Cannot find docker's cgroup in /proc/self/cgroup
I1102 19:01:12.535370 Launcher thread.cpp:40] Start thread: Launcher/EL
I1102 19:01:12.535419 Launcher thread.cpp:64] Does not find cpuset setting for IO threads (can be set by FAAS_IO_THREAD_CPUSET)
I1102 19:01:12.535425 Launcher thread.cpp:82] Does not find nice setting for IO threads (can be set by FAAS_IO_THREAD_NICE)
I1102 19:01:12.535429 Launcher launcher.cpp:96] Launcher: Event loop starts
I1102 19:01:12.535447 Launcher engine_connection.cpp:93] EngineConnection: Connected to engine, start writing handshake message
I1102 19:01:12.535899 Launcher buffer_pool.h:25] BufferPool[Launcher]: Allocate new buffer, current buffer count is 1
I1102 19:01:12.535933 Launcher func_config.cpp:135] Load configuration for function Echo[1]
I1102 19:01:12.535943 Launcher engine_connection.cpp:65] EngineConnection: Handshake done
W1102 19:01:12.556135 Launcher engine_connection.cpp:166] EngineConnection: nread=0, will do nothing
I1102 19:01:20.554314 Main     launcher.cpp:44] Launcher: Scheduled to stop
E1102 19:01:20.554902 Launcher launcher.cpp:72] Launcher: Connection to engine disconnected
I1102 19:01:20.554933 Launcher launcher.cpp:44] Launcher: Scheduled to stop
W1102 19:01:20.577979 Launcher launcher.cpp:87] Launcher: Function process 5 terminated
W1102 19:01:20.590207 Launcher launcher.cpp:87] Launcher: Function process 24 terminated
W1102 19:01:20.590227 Launcher launcher.cpp:87] Launcher: Function process 23 terminated
W1102 19:01:20.590236 Launcher launcher.cpp:87] Launcher: Function process 16 terminated
W1102 19:01:20.591362 Launcher launcher.cpp:87] Launcher: Function process 11 terminated
W1102 19:01:20.591379 Launcher launcher.cpp:87] Launcher: Function process 10 terminated
W1102 19:01:20.591385 Launcher launcher.cpp:87] Launcher: Function process 8 terminated
W1102 19:01:20.591390 Launcher launcher.cpp:87] Launcher: Function process 31 terminated
W1102 19:01:20.591396 Launcher launcher.cpp:87] Launcher: Function process 29 terminated
W1102 19:01:20.591400 Launcher launcher.cpp:87] Launcher: Function process 28 terminated
W1102 19:01:20.591405 Launcher launcher.cpp:87] Launcher: Function process 26 terminated
W1102 19:01:20.591410 Launcher launcher.cpp:87] Launcher: Function process 21 terminated
W1102 19:01:20.591415 Launcher launcher.cpp:87] Launcher: Function process 20 terminated
W1102 19:01:20.591420 Launcher launcher.cpp:87] Launcher: Function process 19 terminated
W1102 19:01:20.591425 Launcher launcher.cpp:87] Launcher: Function process 17 terminated
W1102 19:01:20.591429 Launcher launcher.cpp:87] Launcher: Function process 15 terminated
W1102 19:01:20.591434 Launcher launcher.cpp:87] Launcher: Function process 13 terminated
W1102 19:01:20.591439 Launcher launcher.cpp:87] Launcher: Function process 12 terminated
W1102 19:01:20.591444 Launcher launcher.cpp:87] Launcher: Function process 7 terminated
W1102 19:01:20.591448 Launcher launcher.cpp:87] Launcher: Function process 30 terminated
W1102 19:01:20.591453 Launcher launcher.cpp:87] Launcher: Function process 27 terminated
W1102 19:01:20.591458 Launcher launcher.cpp:87] Launcher: Function process 25 terminated
W1102 19:01:20.591463 Launcher launcher.cpp:87] Launcher: Function process 22 terminated
W1102 19:01:20.591468 Launcher launcher.cpp:87] Launcher: Function process 18 terminated
W1102 19:01:20.591472 Launcher launcher.cpp:87] Launcher: Function process 14 terminated
W1102 19:01:20.591477 Launcher launcher.cpp:87] Launcher: Function process 9 terminated
W1102 19:01:20.591482 Launcher launcher.cpp:87] Launcher: Function process 6 terminated
W1102 19:01:20.591487 Launcher launcher.cpp:87] Launcher: Function process 4 terminated
W1102 19:01:20.591491 Launcher launcher.cpp:87] Launcher: Function process 3 terminated
W1102 19:01:20.591496 Launcher launcher.cpp:87] Launcher: Function process 2 terminated
W1102 19:01:20.591501 Launcher launcher.cpp:87] Launcher: Function process 1 terminated
W1102 19:01:20.591527 Launcher launcher.cpp:87] Launcher: Function process 0 terminated
I1102 19:01:20.591533 Launcher launcher.cpp:101] Launcher: Event loop finishes
I1102 19:01:20.591588 Main     launcher.cpp:68] Launcher: Stopped
