I1102 19:09:23.830973 Main     thread.cpp:100] Register main thread: tid=1398711
E1102 19:09:23.832143 Main     docker.cpp:59] Cannot find docker's cgroup in /proc/self/cgroup
I1102 19:09:23.832203 Main     func_config.cpp:135] Load configuration for function Echo[1]
I1102 19:09:23.832215 Main     engine.cpp:109] Engine: Start 1 IO workers
I1102 19:09:23.835455 IO-0/EL  thread.cpp:40] Start thread: IO-0/EL
I1102 19:09:23.835502 IO-0/EL  io_worker.cpp:192] IO-0: Event loop starts
Checking for file descriptor...
Got a file descriptor!
I1102 19:09:25.367528 Main     engine.cpp:180] Engine: Created 1 Machnet connections to Gateway at 10.10.1.2:10007
I1102 19:09:25.367648 Main     engine.cpp:208] Engine: Listen on /dev/shm/faas_ipc/engine.sock for IPC connections
I1102 19:09:25.367809 Server/E thread.cpp:40] Start thread: Server/EL
I1102 19:09:25.367935 Server/E server_base.cpp:50] Server: Event loop starts
I1102 19:09:25.831894 Server/E engine.cpp:674] Engine: New message connection
I1102 19:09:25.835155 IO-0/EL  buffer_pool.h:25] BufferPool[IO-0_Read]: Allocate new buffer, current buffer count is 1
I1102 19:09:25.835189 IO-0/EL  engine.cpp:277] Engine: Receive new handshake message from message connection
I1102 19:09:25.835196 IO-0/EL  worker_manager.cpp:23] WorkerManager: Launcher of func_id 1 connected
I1102 19:09:25.835200 IO-0/EL  worker_manager.cpp:131] WorkerManager: Request new FuncWorker for func_id 1 with client_id 1
I1102 19:09:25.835221 IO-0/EL  worker_manager.cpp:131] WorkerManager: Request new FuncWorker for func_id 1 with client_id 2
I1102 19:09:25.835234 IO-0/EL  worker_manager.cpp:131] WorkerManager: Request new FuncWorker for func_id 1 with client_id 3
I1102 19:09:25.835243 IO-0/EL  worker_manager.cpp:131] WorkerManager: Request new FuncWorker for func_id 1 with client_id 4
I1102 19:09:25.835252 IO-0/EL  worker_manager.cpp:131] WorkerManager: Request new FuncWorker for func_id 1 with client_id 5
I1102 19:09:25.835261 IO-0/EL  worker_manager.cpp:131] WorkerManager: Request new FuncWorker for func_id 1 with client_id 6
I1102 19:09:25.835272 IO-0/EL  worker_manager.cpp:131] WorkerManager: Request new FuncWorker for func_id 1 with client_id 7
I1102 19:09:25.835281 IO-0/EL  worker_manager.cpp:131] WorkerManager: Request new FuncWorker for func_id 1 with client_id 8
I1102 19:09:25.835293 IO-0/EL  worker_manager.cpp:131] WorkerManager: Request new FuncWorker for func_id 1 with client_id 9
I1102 19:09:25.835303 IO-0/EL  worker_manager.cpp:131] WorkerManager: Request new FuncWorker for func_id 1 with client_id 10
I1102 19:09:25.835315 IO-0/EL  worker_manager.cpp:131] WorkerManager: Request new FuncWorker for func_id 1 with client_id 11
I1102 19:09:25.835325 IO-0/EL  worker_manager.cpp:131] WorkerManager: Request new FuncWorker for func_id 1 with client_id 12
I1102 19:09:25.835337 IO-0/EL  worker_manager.cpp:131] WorkerManager: Request new FuncWorker for func_id 1 with client_id 13
I1102 19:09:25.835346 IO-0/EL  worker_manager.cpp:131] WorkerManager: Request new FuncWorker for func_id 1 with client_id 14
I1102 19:09:25.835355 IO-0/EL  worker_manager.cpp:131] WorkerManager: Request new FuncWorker for func_id 1 with client_id 15
I1102 19:09:25.835366 IO-0/EL  worker_manager.cpp:131] WorkerManager: Request new FuncWorker for func_id 1 with client_id 16
I1102 19:09:25.835375 IO-0/EL  worker_manager.cpp:131] WorkerManager: Request new FuncWorker for func_id 1 with client_id 17
I1102 19:09:25.835393 IO-0/EL  worker_manager.cpp:131] WorkerManager: Request new FuncWorker for func_id 1 with client_id 18
I1102 19:09:25.835402 IO-0/EL  worker_manager.cpp:131] WorkerManager: Request new FuncWorker for func_id 1 with client_id 19
I1102 19:09:25.835413 IO-0/EL  worker_manager.cpp:131] WorkerManager: Request new FuncWorker for func_id 1 with client_id 20
I1102 19:09:25.835424 IO-0/EL  worker_manager.cpp:131] WorkerManager: Request new FuncWorker for func_id 1 with client_id 21
I1102 19:09:25.835433 IO-0/EL  worker_manager.cpp:131] WorkerManager: Request new FuncWorker for func_id 1 with client_id 22
I1102 19:09:25.835443 IO-0/EL  worker_manager.cpp:131] WorkerManager: Request new FuncWorker for func_id 1 with client_id 23
I1102 19:09:25.835471 IO-0/EL  worker_manager.cpp:131] WorkerManager: Request new FuncWorker for func_id 1 with client_id 24
I1102 19:09:25.835482 IO-0/EL  worker_manager.cpp:131] WorkerManager: Request new FuncWorker for func_id 1 with client_id 25
I1102 19:09:25.835490 IO-0/EL  worker_manager.cpp:131] WorkerManager: Request new FuncWorker for func_id 1 with client_id 26
I1102 19:09:25.835499 IO-0/EL  worker_manager.cpp:131] WorkerManager: Request new FuncWorker for func_id 1 with client_id 27
I1102 19:09:25.835512 IO-0/EL  worker_manager.cpp:131] WorkerManager: Request new FuncWorker for func_id 1 with client_id 28
I1102 19:09:25.835522 IO-0/EL  worker_manager.cpp:131] WorkerManager: Request new FuncWorker for func_id 1 with client_id 29
I1102 19:09:25.835531 IO-0/EL  worker_manager.cpp:131] WorkerManager: Request new FuncWorker for func_id 1 with client_id 30
I1102 19:09:25.835542 IO-0/EL  worker_manager.cpp:131] WorkerManager: Request new FuncWorker for func_id 1 with client_id 31
I1102 19:09:25.835551 IO-0/EL  worker_manager.cpp:131] WorkerManager: Request new FuncWorker for func_id 1 with client_id 32
I1102 19:09:25.835560 IO-0/EL  worker_manager.cpp:131] WorkerManager: Request new FuncWorker for func_id 1 with client_id 33
I1102 19:09:25.835592 IO-0/EL  worker_manager.cpp:131] WorkerManager: Request new FuncWorker for func_id 1 with client_id 34
I1102 19:09:25.835602 IO-0/EL  worker_manager.cpp:131] WorkerManager: Request new FuncWorker for func_id 1 with client_id 35
I1102 19:09:25.835615 IO-0/EL  worker_manager.cpp:131] WorkerManager: Request new FuncWorker for func_id 1 with client_id 36
I1102 19:09:25.835625 IO-0/EL  worker_manager.cpp:131] WorkerManager: Request new FuncWorker for func_id 1 with client_id 37
I1102 19:09:25.835634 IO-0/EL  worker_manager.cpp:131] WorkerManager: Request new FuncWorker for func_id 1 with client_id 38
I1102 19:09:25.835644 IO-0/EL  worker_manager.cpp:131] WorkerManager: Request new FuncWorker for func_id 1 with client_id 39
I1102 19:09:25.835655 IO-0/EL  worker_manager.cpp:131] WorkerManager: Request new FuncWorker for func_id 1 with client_id 40
I1102 19:09:25.835664 IO-0/EL  worker_manager.cpp:131] WorkerManager: Request new FuncWorker for func_id 1 with client_id 41
I1102 19:09:25.835673 IO-0/EL  worker_manager.cpp:131] WorkerManager: Request new FuncWorker for func_id 1 with client_id 42
I1102 19:09:25.835683 IO-0/EL  worker_manager.cpp:131] WorkerManager: Request new FuncWorker for func_id 1 with client_id 43
I1102 19:09:25.835695 IO-0/EL  worker_manager.cpp:131] WorkerManager: Request new FuncWorker for func_id 1 with client_id 44
I1102 19:09:25.835704 IO-0/EL  worker_manager.cpp:131] WorkerManager: Request new FuncWorker for func_id 1 with client_id 45
I1102 19:09:25.835719 IO-0/EL  worker_manager.cpp:131] WorkerManager: Request new FuncWorker for func_id 1 with client_id 46
I1102 19:09:25.835730 IO-0/EL  worker_manager.cpp:131] WorkerManager: Request new FuncWorker for func_id 1 with client_id 47
I1102 19:09:25.835743 IO-0/EL  worker_manager.cpp:131] WorkerManager: Request new FuncWorker for func_id 1 with client_id 48
I1102 19:09:25.835752 IO-0/EL  worker_manager.cpp:131] WorkerManager: Request new FuncWorker for func_id 1 with client_id 49
I1102 19:09:25.835762 IO-0/EL  worker_manager.cpp:131] WorkerManager: Request new FuncWorker for func_id 1 with client_id 50
I1102 19:09:25.835773 IO-0/EL  worker_manager.cpp:131] WorkerManager: Request new FuncWorker for func_id 1 with client_id 51
I1102 19:09:25.835783 IO-0/EL  worker_manager.cpp:131] WorkerManager: Request new FuncWorker for func_id 1 with client_id 52
I1102 19:09:25.835793 IO-0/EL  worker_manager.cpp:131] WorkerManager: Request new FuncWorker for func_id 1 with client_id 53
I1102 19:09:25.835803 IO-0/EL  worker_manager.cpp:131] WorkerManager: Request new FuncWorker for func_id 1 with client_id 54
I1102 19:09:25.835812 IO-0/EL  worker_manager.cpp:131] WorkerManager: Request new FuncWorker for func_id 1 with client_id 55
I1102 19:09:25.835822 IO-0/EL  worker_manager.cpp:131] WorkerManager: Request new FuncWorker for func_id 1 with client_id 56
I1102 19:09:25.835837 IO-0/EL  worker_manager.cpp:131] WorkerManager: Request new FuncWorker for func_id 1 with client_id 57
I1102 19:09:25.835848 IO-0/EL  worker_manager.cpp:131] WorkerManager: Request new FuncWorker for func_id 1 with client_id 58
I1102 19:09:25.835857 IO-0/EL  worker_manager.cpp:131] WorkerManager: Request new FuncWorker for func_id 1 with client_id 59
I1102 19:09:25.835869 IO-0/EL  worker_manager.cpp:131] WorkerManager: Request new FuncWorker for func_id 1 with client_id 60
I1102 19:09:25.835879 IO-0/EL  worker_manager.cpp:131] WorkerManager: Request new FuncWorker for func_id 1 with client_id 61
I1102 19:09:25.835889 IO-0/EL  worker_manager.cpp:131] WorkerManager: Request new FuncWorker for func_id 1 with client_id 62
I1102 19:09:25.835898 IO-0/EL  worker_manager.cpp:131] WorkerManager: Request new FuncWorker for func_id 1 with client_id 63
I1102 19:09:25.835906 IO-0/EL  worker_manager.cpp:131] WorkerManager: Request new FuncWorker for func_id 1 with client_id 64
I1102 19:09:25.835916 IO-0/EL  worker_manager.cpp:131] WorkerManager: Request new FuncWorker for func_id 1 with client_id 65
I1102 19:09:25.835966 IO-0/EL  worker_manager.cpp:131] WorkerManager: Request new FuncWorker for func_id 1 with client_id 66
I1102 19:09:25.835976 IO-0/EL  worker_manager.cpp:131] WorkerManager: Request new FuncWorker for func_id 1 with client_id 67
I1102 19:09:25.835986 IO-0/EL  worker_manager.cpp:131] WorkerManager: Request new FuncWorker for func_id 1 with client_id 68
I1102 19:09:25.835998 IO-0/EL  worker_manager.cpp:131] WorkerManager: Request new FuncWorker for func_id 1 with client_id 69
I1102 19:09:25.836008 IO-0/EL  worker_manager.cpp:131] WorkerManager: Request new FuncWorker for func_id 1 with client_id 70
I1102 19:09:25.836017 IO-0/EL  worker_manager.cpp:131] WorkerManager: Request new FuncWorker for func_id 1 with client_id 71
I1102 19:09:25.836027 IO-0/EL  worker_manager.cpp:131] WorkerManager: Request new FuncWorker for func_id 1 with client_id 72
I1102 19:09:25.836039 IO-0/EL  worker_manager.cpp:131] WorkerManager: Request new FuncWorker for func_id 1 with client_id 73
I1102 19:09:25.836049 IO-0/EL  worker_manager.cpp:131] WorkerManager: Request new FuncWorker for func_id 1 with client_id 74
I1102 19:09:25.836058 IO-0/EL  worker_manager.cpp:131] WorkerManager: Request new FuncWorker for func_id 1 with client_id 75
I1102 19:09:25.836069 IO-0/EL  worker_manager.cpp:131] WorkerManager: Request new FuncWorker for func_id 1 with client_id 76
I1102 19:09:25.836081 IO-0/EL  worker_manager.cpp:131] WorkerManager: Request new FuncWorker for func_id 1 with client_id 77
I1102 19:09:25.836091 IO-0/EL  worker_manager.cpp:131] WorkerManager: Request new FuncWorker for func_id 1 with client_id 78
I1102 19:09:25.836100 IO-0/EL  worker_manager.cpp:131] WorkerManager: Request new FuncWorker for func_id 1 with client_id 79
I1102 19:09:25.836109 IO-0/EL  worker_manager.cpp:131] WorkerManager: Request new FuncWorker for func_id 1 with client_id 80
I1102 19:09:25.836123 IO-0/EL  worker_manager.cpp:131] WorkerManager: Request new FuncWorker for func_id 1 with client_id 81
I1102 19:09:25.836133 IO-0/EL  worker_manager.cpp:131] WorkerManager: Request new FuncWorker for func_id 1 with client_id 82
I1102 19:09:25.836142 IO-0/EL  worker_manager.cpp:131] WorkerManager: Request new FuncWorker for func_id 1 with client_id 83
I1102 19:09:25.836153 IO-0/EL  worker_manager.cpp:131] WorkerManager: Request new FuncWorker for func_id 1 with client_id 84
I1102 19:09:25.836164 IO-0/EL  worker_manager.cpp:131] WorkerManager: Request new FuncWorker for func_id 1 with client_id 85
I1102 19:09:25.836174 IO-0/EL  worker_manager.cpp:131] WorkerManager: Request new FuncWorker for func_id 1 with client_id 86
I1102 19:09:25.836183 IO-0/EL  worker_manager.cpp:131] WorkerManager: Request new FuncWorker for func_id 1 with client_id 87
I1102 19:09:25.836193 IO-0/EL  worker_manager.cpp:131] WorkerManager: Request new FuncWorker for func_id 1 with client_id 88
I1102 19:09:25.836209 IO-0/EL  worker_manager.cpp:131] WorkerManager: Request new FuncWorker for func_id 1 with client_id 89
I1102 19:09:25.836219 IO-0/EL  worker_manager.cpp:131] WorkerManager: Request new FuncWorker for func_id 1 with client_id 90
I1102 19:09:25.836229 IO-0/EL  worker_manager.cpp:131] WorkerManager: Request new FuncWorker for func_id 1 with client_id 91
I1102 19:09:25.836239 IO-0/EL  worker_manager.cpp:131] WorkerManager: Request new FuncWorker for func_id 1 with client_id 92
I1102 19:09:25.836249 IO-0/EL  worker_manager.cpp:131] WorkerManager: Request new FuncWorker for func_id 1 with client_id 93
I1102 19:09:25.836258 IO-0/EL  worker_manager.cpp:131] WorkerManager: Request new FuncWorker for func_id 1 with client_id 94
I1102 19:09:25.836268 IO-0/EL  worker_manager.cpp:131] WorkerManager: Request new FuncWorker for func_id 1 with client_id 95
I1102 19:09:25.836279 IO-0/EL  worker_manager.cpp:131] WorkerManager: Request new FuncWorker for func_id 1 with client_id 96
I1102 19:09:25.836291 IO-0/EL  worker_manager.cpp:131] WorkerManager: Request new FuncWorker for func_id 1 with client_id 97
I1102 19:09:25.836301 IO-0/EL  worker_manager.cpp:131] WorkerManager: Request new FuncWorker for func_id 1 with client_id 98
I1102 19:09:25.836311 IO-0/EL  worker_manager.cpp:131] WorkerManager: Request new FuncWorker for func_id 1 with client_id 99
I1102 19:09:25.836321 IO-0/EL  worker_manager.cpp:131] WorkerManager: Request new FuncWorker for func_id 1 with client_id 100
I1102 19:09:25.836332 IO-0/EL  worker_manager.cpp:131] WorkerManager: Request new FuncWorker for func_id 1 with client_id 101
I1102 19:09:25.836341 IO-0/EL  worker_manager.cpp:131] WorkerManager: Request new FuncWorker for func_id 1 with client_id 102
I1102 19:09:25.836352 IO-0/EL  worker_manager.cpp:131] WorkerManager: Request new FuncWorker for func_id 1 with client_id 103
I1102 19:09:25.836362 IO-0/EL  worker_manager.cpp:131] WorkerManager: Request new FuncWorker for func_id 1 with client_id 104
I1102 19:09:25.836373 IO-0/EL  worker_manager.cpp:131] WorkerManager: Request new FuncWorker for func_id 1 with client_id 105
I1102 19:09:25.836384 IO-0/EL  worker_manager.cpp:131] WorkerManager: Request new FuncWorker for func_id 1 with client_id 106
I1102 19:09:25.836394 IO-0/EL  worker_manager.cpp:131] WorkerManager: Request new FuncWorker for func_id 1 with client_id 107
I1102 19:09:25.836406 IO-0/EL  worker_manager.cpp:131] WorkerManager: Request new FuncWorker for func_id 1 with client_id 108
I1102 19:09:25.836417 IO-0/EL  worker_manager.cpp:131] WorkerManager: Request new FuncWorker for func_id 1 with client_id 109
I1102 19:09:25.836427 IO-0/EL  worker_manager.cpp:131] WorkerManager: Request new FuncWorker for func_id 1 with client_id 110
I1102 19:09:25.836438 IO-0/EL  worker_manager.cpp:131] WorkerManager: Request new FuncWorker for func_id 1 with client_id 111
I1102 19:09:25.836447 IO-0/EL  worker_manager.cpp:131] WorkerManager: Request new FuncWorker for func_id 1 with client_id 112
I1102 19:09:25.836458 IO-0/EL  worker_manager.cpp:131] WorkerManager: Request new FuncWorker for func_id 1 with client_id 113
I1102 19:09:25.836469 IO-0/EL  worker_manager.cpp:131] WorkerManager: Request new FuncWorker for func_id 1 with client_id 114
I1102 19:09:25.836479 IO-0/EL  worker_manager.cpp:131] WorkerManager: Request new FuncWorker for func_id 1 with client_id 115
I1102 19:09:25.836488 IO-0/EL  worker_manager.cpp:131] WorkerManager: Request new FuncWorker for func_id 1 with client_id 116
I1102 19:09:25.836499 IO-0/EL  worker_manager.cpp:131] WorkerManager: Request new FuncWorker for func_id 1 with client_id 117
I1102 19:09:25.836510 IO-0/EL  worker_manager.cpp:131] WorkerManager: Request new FuncWorker for func_id 1 with client_id 118
I1102 19:09:25.836519 IO-0/EL  worker_manager.cpp:131] WorkerManager: Request new FuncWorker for func_id 1 with client_id 119
I1102 19:09:25.836529 IO-0/EL  worker_manager.cpp:131] WorkerManager: Request new FuncWorker for func_id 1 with client_id 120
I1102 19:09:25.836542 IO-0/EL  worker_manager.cpp:131] WorkerManager: Request new FuncWorker for func_id 1 with client_id 121
I1102 19:09:25.836556 IO-0/EL  worker_manager.cpp:131] WorkerManager: Request new FuncWorker for func_id 1 with client_id 122
I1102 19:09:25.836566 IO-0/EL  worker_manager.cpp:131] WorkerManager: Request new FuncWorker for func_id 1 with client_id 123
I1102 19:09:25.836575 IO-0/EL  worker_manager.cpp:131] WorkerManager: Request new FuncWorker for func_id 1 with client_id 124
I1102 19:09:25.836586 IO-0/EL  worker_manager.cpp:131] WorkerManager: Request new FuncWorker for func_id 1 with client_id 125
I1102 19:09:25.836598 IO-0/EL  worker_manager.cpp:131] WorkerManager: Request new FuncWorker for func_id 1 with client_id 126
I1102 19:09:25.836607 IO-0/EL  worker_manager.cpp:131] WorkerManager: Request new FuncWorker for func_id 1 with client_id 127
I1102 19:09:25.836616 IO-0/EL  worker_manager.cpp:131] WorkerManager: Request new FuncWorker for func_id 1 with client_id 128
I1102 19:09:25.836727 IO-0/EL  buffer_pool.h:25] BufferPool[IO-0_Write]: Allocate new buffer, current buffer count is 1
I1102 19:09:25.836759 IO-0/EL  buffer_pool.h:25] BufferPool[IO-0_Write]: Allocate new buffer, current buffer count is 2
I1102 19:09:25.836789 IO-0/EL  message_connection.cpp:269] LauncherConnection[1]: Handshake done
I1102 19:09:25.840550 Server/E engine.cpp:674] Engine: New message connection
I1102 19:09:25.840582 IO-0/EL  engine.cpp:277] Engine: Receive new handshake message from message connection
I1102 19:09:25.840588 IO-0/EL  worker_manager.cpp:60] WorkerManager: FuncWorker of func_id 1, client_id 1 connected
I1102 19:09:25.840599 IO-0/EL  dispatcher.cpp:47] Dispatcher[1]: min_workers=128
I1102 19:09:25.840603 IO-0/EL  dispatcher.cpp:51] Dispatcher[1]: max_workers=128
I1102 19:09:25.840624 IO-0/EL  message_connection.cpp:269] FuncWorkerConnection[1-1]: Handshake done
I1102 19:09:25.841312 Server/E engine.cpp:674] Engine: New message connection
I1102 19:09:25.841341 IO-0/EL  engine.cpp:277] Engine: Receive new handshake message from message connection
I1102 19:09:25.841347 IO-0/EL  worker_manager.cpp:60] WorkerManager: FuncWorker of func_id 1, client_id 2 connected
I1102 19:09:25.841363 IO-0/EL  message_connection.cpp:269] FuncWorkerConnection[1-2]: Handshake done
I1102 19:09:25.842536 Server/E engine.cpp:674] Engine: New message connection
I1102 19:09:25.842560 IO-0/EL  engine.cpp:277] Engine: Receive new handshake message from message connection
I1102 19:09:25.842565 IO-0/EL  worker_manager.cpp:60] WorkerManager: FuncWorker of func_id 1, client_id 3 connected
I1102 19:09:25.842580 IO-0/EL  message_connection.cpp:269] FuncWorkerConnection[1-3]: Handshake done
I1102 19:09:25.845174 Server/E engine.cpp:674] Engine: New message connection
I1102 19:09:25.845223 IO-0/EL  engine.cpp:277] Engine: Receive new handshake message from message connection
I1102 19:09:25.845229 IO-0/EL  worker_manager.cpp:60] WorkerManager: FuncWorker of func_id 1, client_id 4 connected
I1102 19:09:25.845243 IO-0/EL  message_connection.cpp:269] FuncWorkerConnection[1-4]: Handshake done
I1102 19:09:25.845661 Server/E engine.cpp:674] Engine: New message connection
I1102 19:09:25.845683 IO-0/EL  engine.cpp:277] Engine: Receive new handshake message from message connection
I1102 19:09:25.845688 IO-0/EL  worker_manager.cpp:60] WorkerManager: FuncWorker of func_id 1, client_id 5 connected
I1102 19:09:25.845700 IO-0/EL  message_connection.cpp:269] FuncWorkerConnection[1-5]: Handshake done
I1102 19:09:25.846022 Server/E engine.cpp:674] Engine: New message connection
I1102 19:09:25.846060 IO-0/EL  engine.cpp:277] Engine: Receive new handshake message from message connection
I1102 19:09:25.846065 IO-0/EL  worker_manager.cpp:60] WorkerManager: FuncWorker of func_id 1, client_id 6 connected
I1102 19:09:25.846078 IO-0/EL  message_connection.cpp:269] FuncWorkerConnection[1-6]: Handshake done
I1102 19:09:25.846245 Server/E engine.cpp:674] Engine: New message connection
I1102 19:09:25.846269 IO-0/EL  engine.cpp:277] Engine: Receive new handshake message from message connection
I1102 19:09:25.846274 IO-0/EL  worker_manager.cpp:60] WorkerManager: FuncWorker of func_id 1, client_id 7 connected
I1102 19:09:25.846295 IO-0/EL  message_connection.cpp:269] FuncWorkerConnection[1-7]: Handshake done
I1102 19:09:25.846588 Server/E engine.cpp:674] Engine: New message connection
I1102 19:09:25.846614 IO-0/EL  engine.cpp:277] Engine: Receive new handshake message from message connection
I1102 19:09:25.846619 IO-0/EL  worker_manager.cpp:60] WorkerManager: FuncWorker of func_id 1, client_id 8 connected
I1102 19:09:25.846633 IO-0/EL  message_connection.cpp:269] FuncWorkerConnection[1-8]: Handshake done
I1102 19:09:25.847509 Server/E engine.cpp:674] Engine: New message connection
I1102 19:09:25.847555 IO-0/EL  engine.cpp:277] Engine: Receive new handshake message from message connection
I1102 19:09:25.847560 IO-0/EL  worker_manager.cpp:60] WorkerManager: FuncWorker of func_id 1, client_id 9 connected
I1102 19:09:25.847574 IO-0/EL  message_connection.cpp:269] FuncWorkerConnection[1-9]: Handshake done
I1102 19:09:25.848397 Server/E engine.cpp:674] Engine: New message connection
I1102 19:09:25.848426 IO-0/EL  engine.cpp:277] Engine: Receive new handshake message from message connection
I1102 19:09:25.848431 IO-0/EL  worker_manager.cpp:60] WorkerManager: FuncWorker of func_id 1, client_id 10 connected
I1102 19:09:25.848445 IO-0/EL  message_connection.cpp:269] FuncWorkerConnection[1-10]: Handshake done
I1102 19:09:25.848783 Server/E engine.cpp:674] Engine: New message connection
I1102 19:09:25.848816 IO-0/EL  engine.cpp:277] Engine: Receive new handshake message from message connection
I1102 19:09:25.848821 IO-0/EL  worker_manager.cpp:60] WorkerManager: FuncWorker of func_id 1, client_id 11 connected
I1102 19:09:25.848835 IO-0/EL  message_connection.cpp:269] FuncWorkerConnection[1-11]: Handshake done
I1102 19:09:25.849336 Server/E engine.cpp:674] Engine: New message connection
I1102 19:09:25.849375 IO-0/EL  engine.cpp:277] Engine: Receive new handshake message from message connection
I1102 19:09:25.849379 IO-0/EL  worker_manager.cpp:60] WorkerManager: FuncWorker of func_id 1, client_id 12 connected
I1102 19:09:25.849393 IO-0/EL  message_connection.cpp:269] FuncWorkerConnection[1-12]: Handshake done
I1102 19:09:25.849933 Server/E engine.cpp:674] Engine: New message connection
I1102 19:09:25.849961 IO-0/EL  engine.cpp:277] Engine: Receive new handshake message from message connection
I1102 19:09:25.849966 IO-0/EL  worker_manager.cpp:60] WorkerManager: FuncWorker of func_id 1, client_id 13 connected
I1102 19:09:25.849979 IO-0/EL  message_connection.cpp:269] FuncWorkerConnection[1-13]: Handshake done
I1102 19:09:25.850248 Server/E engine.cpp:674] Engine: New message connection
I1102 19:09:25.850276 IO-0/EL  engine.cpp:277] Engine: Receive new handshake message from message connection
I1102 19:09:25.850281 IO-0/EL  worker_manager.cpp:60] WorkerManager: FuncWorker of func_id 1, client_id 14 connected
I1102 19:09:25.850293 IO-0/EL  message_connection.cpp:269] FuncWorkerConnection[1-14]: Handshake done
I1102 19:09:25.850647 Server/E engine.cpp:674] Engine: New message connection
I1102 19:09:25.850686 IO-0/EL  engine.cpp:277] Engine: Receive new handshake message from message connection
I1102 19:09:25.850691 IO-0/EL  worker_manager.cpp:60] WorkerManager: FuncWorker of func_id 1, client_id 15 connected
I1102 19:09:25.850704 IO-0/EL  message_connection.cpp:269] FuncWorkerConnection[1-15]: Handshake done
I1102 19:09:25.851081 Server/E engine.cpp:674] Engine: New message connection
I1102 19:09:25.851114 IO-0/EL  engine.cpp:277] Engine: Receive new handshake message from message connection
I1102 19:09:25.851119 IO-0/EL  worker_manager.cpp:60] WorkerManager: FuncWorker of func_id 1, client_id 16 connected
I1102 19:09:25.851132 IO-0/EL  message_connection.cpp:269] FuncWorkerConnection[1-16]: Handshake done
I1102 19:09:25.851543 Server/E engine.cpp:674] Engine: New message connection
I1102 19:09:25.851570 IO-0/EL  engine.cpp:277] Engine: Receive new handshake message from message connection
I1102 19:09:25.851575 IO-0/EL  worker_manager.cpp:60] WorkerManager: FuncWorker of func_id 1, client_id 17 connected
I1102 19:09:25.851599 IO-0/EL  message_connection.cpp:269] FuncWorkerConnection[1-17]: Handshake done
I1102 19:09:25.852114 Server/E engine.cpp:674] Engine: New message connection
I1102 19:09:25.852153 IO-0/EL  engine.cpp:277] Engine: Receive new handshake message from message connection
I1102 19:09:25.852158 IO-0/EL  worker_manager.cpp:60] WorkerManager: FuncWorker of func_id 1, client_id 18 connected
I1102 19:09:25.852171 IO-0/EL  message_connection.cpp:269] FuncWorkerConnection[1-18]: Handshake done
I1102 19:09:25.852589 Server/E engine.cpp:674] Engine: New message connection
I1102 19:09:25.852624 IO-0/EL  engine.cpp:277] Engine: Receive new handshake message from message connection
I1102 19:09:25.852628 IO-0/EL  worker_manager.cpp:60] WorkerManager: FuncWorker of func_id 1, client_id 19 connected
I1102 19:09:25.852641 IO-0/EL  message_connection.cpp:269] FuncWorkerConnection[1-19]: Handshake done
I1102 19:09:25.853034 Server/E engine.cpp:674] Engine: New message connection
I1102 19:09:25.853070 IO-0/EL  engine.cpp:277] Engine: Receive new handshake message from message connection
I1102 19:09:25.853075 IO-0/EL  worker_manager.cpp:60] WorkerManager: FuncWorker of func_id 1, client_id 20 connected
I1102 19:09:25.853088 IO-0/EL  message_connection.cpp:269] FuncWorkerConnection[1-20]: Handshake done
I1102 19:09:25.853471 Server/E engine.cpp:674] Engine: New message connection
I1102 19:09:25.853499 IO-0/EL  engine.cpp:277] Engine: Receive new handshake message from message connection
I1102 19:09:25.853504 IO-0/EL  worker_manager.cpp:60] WorkerManager: FuncWorker of func_id 1, client_id 21 connected
I1102 19:09:25.853517 IO-0/EL  message_connection.cpp:269] FuncWorkerConnection[1-21]: Handshake done
I1102 19:09:25.853981 Server/E engine.cpp:674] Engine: New message connection
I1102 19:09:25.854016 IO-0/EL  engine.cpp:277] Engine: Receive new handshake message from message connection
I1102 19:09:25.854021 IO-0/EL  worker_manager.cpp:60] WorkerManager: FuncWorker of func_id 1, client_id 22 connected
I1102 19:09:25.854033 IO-0/EL  message_connection.cpp:269] FuncWorkerConnection[1-22]: Handshake done
I1102 19:09:25.854506 Server/E engine.cpp:674] Engine: New message connection
I1102 19:09:25.854538 IO-0/EL  engine.cpp:277] Engine: Receive new handshake message from message connection
I1102 19:09:25.854542 IO-0/EL  worker_manager.cpp:60] WorkerManager: FuncWorker of func_id 1, client_id 23 connected
I1102 19:09:25.854555 IO-0/EL  message_connection.cpp:269] FuncWorkerConnection[1-23]: Handshake done
I1102 19:09:25.855035 Server/E engine.cpp:674] Engine: New message connection
I1102 19:09:25.855063 IO-0/EL  engine.cpp:277] Engine: Receive new handshake message from message connection
I1102 19:09:25.855068 IO-0/EL  worker_manager.cpp:60] WorkerManager: FuncWorker of func_id 1, client_id 24 connected
I1102 19:09:25.855080 IO-0/EL  message_connection.cpp:269] FuncWorkerConnection[1-24]: Handshake done
I1102 19:09:25.855497 Server/E engine.cpp:674] Engine: New message connection
I1102 19:09:25.855542 IO-0/EL  engine.cpp:277] Engine: Receive new handshake message from message connection
I1102 19:09:25.855547 IO-0/EL  worker_manager.cpp:60] WorkerManager: FuncWorker of func_id 1, client_id 25 connected
I1102 19:09:25.855560 IO-0/EL  message_connection.cpp:269] FuncWorkerConnection[1-25]: Handshake done
I1102 19:09:25.856008 Server/E engine.cpp:674] Engine: New message connection
I1102 19:09:25.856046 IO-0/EL  engine.cpp:277] Engine: Receive new handshake message from message connection
I1102 19:09:25.856051 IO-0/EL  worker_manager.cpp:60] WorkerManager: FuncWorker of func_id 1, client_id 26 connected
I1102 19:09:25.856064 IO-0/EL  message_connection.cpp:269] FuncWorkerConnection[1-26]: Handshake done
I1102 19:09:25.856408 Server/E engine.cpp:674] Engine: New message connection
I1102 19:09:25.856453 IO-0/EL  engine.cpp:277] Engine: Receive new handshake message from message connection
I1102 19:09:25.856458 IO-0/EL  worker_manager.cpp:60] WorkerManager: FuncWorker of func_id 1, client_id 27 connected
I1102 19:09:25.856477 IO-0/EL  message_connection.cpp:269] FuncWorkerConnection[1-27]: Handshake done
I1102 19:09:25.856987 Server/E engine.cpp:674] Engine: New message connection
I1102 19:09:25.857022 IO-0/EL  engine.cpp:277] Engine: Receive new handshake message from message connection
I1102 19:09:25.857027 IO-0/EL  worker_manager.cpp:60] WorkerManager: FuncWorker of func_id 1, client_id 28 connected
I1102 19:09:25.857040 IO-0/EL  message_connection.cpp:269] FuncWorkerConnection[1-28]: Handshake done
I1102 19:09:25.857305 Server/E engine.cpp:674] Engine: New message connection
I1102 19:09:25.857326 IO-0/EL  engine.cpp:277] Engine: Receive new handshake message from message connection
I1102 19:09:25.857331 IO-0/EL  worker_manager.cpp:60] WorkerManager: FuncWorker of func_id 1, client_id 29 connected
I1102 19:09:25.857351 IO-0/EL  message_connection.cpp:269] FuncWorkerConnection[1-29]: Handshake done
I1102 19:09:25.857762 Server/E engine.cpp:674] Engine: New message connection
I1102 19:09:25.857790 IO-0/EL  engine.cpp:277] Engine: Receive new handshake message from message connection
I1102 19:09:25.857795 IO-0/EL  worker_manager.cpp:60] WorkerManager: FuncWorker of func_id 1, client_id 30 connected
I1102 19:09:25.857808 IO-0/EL  message_connection.cpp:269] FuncWorkerConnection[1-30]: Handshake done
I1102 19:09:25.858253 Server/E engine.cpp:674] Engine: New message connection
I1102 19:09:25.858275 IO-0/EL  engine.cpp:277] Engine: Receive new handshake message from message connection
I1102 19:09:25.858279 IO-0/EL  worker_manager.cpp:60] WorkerManager: FuncWorker of func_id 1, client_id 31 connected
I1102 19:09:25.858292 IO-0/EL  message_connection.cpp:269] FuncWorkerConnection[1-31]: Handshake done
I1102 19:09:25.858934 Server/E engine.cpp:674] Engine: New message connection
I1102 19:09:25.858962 IO-0/EL  engine.cpp:277] Engine: Receive new handshake message from message connection
I1102 19:09:25.858967 IO-0/EL  worker_manager.cpp:60] WorkerManager: FuncWorker of func_id 1, client_id 32 connected
I1102 19:09:25.858982 IO-0/EL  message_connection.cpp:269] FuncWorkerConnection[1-32]: Handshake done
I1102 19:09:25.859435 Server/E engine.cpp:674] Engine: New message connection
I1102 19:09:25.859456 IO-0/EL  engine.cpp:277] Engine: Receive new handshake message from message connection
I1102 19:09:25.859461 IO-0/EL  worker_manager.cpp:60] WorkerManager: FuncWorker of func_id 1, client_id 33 connected
I1102 19:09:25.859474 IO-0/EL  message_connection.cpp:269] FuncWorkerConnection[1-33]: Handshake done
I1102 19:09:25.859776 Server/E engine.cpp:674] Engine: New message connection
I1102 19:09:25.859803 IO-0/EL  engine.cpp:277] Engine: Receive new handshake message from message connection
I1102 19:09:25.859808 IO-0/EL  worker_manager.cpp:60] WorkerManager: FuncWorker of func_id 1, client_id 34 connected
I1102 19:09:25.859821 IO-0/EL  message_connection.cpp:269] FuncWorkerConnection[1-34]: Handshake done
I1102 19:09:25.860200 Server/E engine.cpp:674] Engine: New message connection
I1102 19:09:25.860228 IO-0/EL  engine.cpp:277] Engine: Receive new handshake message from message connection
I1102 19:09:25.860232 IO-0/EL  worker_manager.cpp:60] WorkerManager: FuncWorker of func_id 1, client_id 35 connected
I1102 19:09:25.860245 IO-0/EL  message_connection.cpp:269] FuncWorkerConnection[1-35]: Handshake done
I1102 19:09:25.860627 Server/E engine.cpp:674] Engine: New message connection
I1102 19:09:25.860662 IO-0/EL  engine.cpp:277] Engine: Receive new handshake message from message connection
I1102 19:09:25.860666 IO-0/EL  worker_manager.cpp:60] WorkerManager: FuncWorker of func_id 1, client_id 36 connected
I1102 19:09:25.860679 IO-0/EL  message_connection.cpp:269] FuncWorkerConnection[1-36]: Handshake done
I1102 19:09:25.861125 Server/E engine.cpp:674] Engine: New message connection
I1102 19:09:25.861155 IO-0/EL  engine.cpp:277] Engine: Receive new handshake message from message connection
I1102 19:09:25.861160 IO-0/EL  worker_manager.cpp:60] WorkerManager: FuncWorker of func_id 1, client_id 37 connected
I1102 19:09:25.861173 IO-0/EL  message_connection.cpp:269] FuncWorkerConnection[1-37]: Handshake done
I1102 19:09:25.861593 Server/E engine.cpp:674] Engine: New message connection
I1102 19:09:25.861625 IO-0/EL  engine.cpp:277] Engine: Receive new handshake message from message connection
I1102 19:09:25.861630 IO-0/EL  worker_manager.cpp:60] WorkerManager: FuncWorker of func_id 1, client_id 38 connected
I1102 19:09:25.861643 IO-0/EL  message_connection.cpp:269] FuncWorkerConnection[1-38]: Handshake done
I1102 19:09:25.862060 Server/E engine.cpp:674] Engine: New message connection
I1102 19:09:25.862091 IO-0/EL  engine.cpp:277] Engine: Receive new handshake message from message connection
I1102 19:09:25.862096 IO-0/EL  worker_manager.cpp:60] WorkerManager: FuncWorker of func_id 1, client_id 39 connected
I1102 19:09:25.862109 IO-0/EL  message_connection.cpp:269] FuncWorkerConnection[1-39]: Handshake done
I1102 19:09:25.862495 Server/E engine.cpp:674] Engine: New message connection
I1102 19:09:25.862528 IO-0/EL  engine.cpp:277] Engine: Receive new handshake message from message connection
I1102 19:09:25.862533 IO-0/EL  worker_manager.cpp:60] WorkerManager: FuncWorker of func_id 1, client_id 40 connected
I1102 19:09:25.862546 IO-0/EL  message_connection.cpp:269] FuncWorkerConnection[1-40]: Handshake done
I1102 19:09:25.862961 Server/E engine.cpp:674] Engine: New message connection
I1102 19:09:25.862989 IO-0/EL  engine.cpp:277] Engine: Receive new handshake message from message connection
I1102 19:09:25.862994 IO-0/EL  worker_manager.cpp:60] WorkerManager: FuncWorker of func_id 1, client_id 41 connected
I1102 19:09:25.863008 IO-0/EL  message_connection.cpp:269] FuncWorkerConnection[1-41]: Handshake done
I1102 19:09:25.863461 Server/E engine.cpp:674] Engine: New message connection
I1102 19:09:25.863491 IO-0/EL  engine.cpp:277] Engine: Receive new handshake message from message connection
I1102 19:09:25.863496 IO-0/EL  worker_manager.cpp:60] WorkerManager: FuncWorker of func_id 1, client_id 42 connected
I1102 19:09:25.863509 IO-0/EL  message_connection.cpp:269] FuncWorkerConnection[1-42]: Handshake done
I1102 19:09:25.864022 Server/E engine.cpp:674] Engine: New message connection
I1102 19:09:25.864051 IO-0/EL  engine.cpp:277] Engine: Receive new handshake message from message connection
I1102 19:09:25.864057 IO-0/EL  worker_manager.cpp:60] WorkerManager: FuncWorker of func_id 1, client_id 43 connected
I1102 19:09:25.864073 IO-0/EL  message_connection.cpp:269] FuncWorkerConnection[1-43]: Handshake done
I1102 19:09:25.864399 Server/E engine.cpp:674] Engine: New message connection
I1102 19:09:25.864429 IO-0/EL  engine.cpp:277] Engine: Receive new handshake message from message connection
I1102 19:09:25.864433 IO-0/EL  worker_manager.cpp:60] WorkerManager: FuncWorker of func_id 1, client_id 44 connected
I1102 19:09:25.864446 IO-0/EL  message_connection.cpp:269] FuncWorkerConnection[1-44]: Handshake done
I1102 19:09:25.864949 Server/E engine.cpp:674] Engine: New message connection
I1102 19:09:25.864986 IO-0/EL  engine.cpp:277] Engine: Receive new handshake message from message connection
I1102 19:09:25.864991 IO-0/EL  worker_manager.cpp:60] WorkerManager: FuncWorker of func_id 1, client_id 45 connected
I1102 19:09:25.865004 IO-0/EL  message_connection.cpp:269] FuncWorkerConnection[1-45]: Handshake done
I1102 19:09:25.865592 Server/E engine.cpp:674] Engine: New message connection
I1102 19:09:25.865630 IO-0/EL  engine.cpp:277] Engine: Receive new handshake message from message connection
I1102 19:09:25.865635 IO-0/EL  worker_manager.cpp:60] WorkerManager: FuncWorker of func_id 1, client_id 46 connected
I1102 19:09:25.865648 IO-0/EL  message_connection.cpp:269] FuncWorkerConnection[1-46]: Handshake done
I1102 19:09:25.865833 Server/E engine.cpp:674] Engine: New message connection
I1102 19:09:25.865867 IO-0/EL  engine.cpp:277] Engine: Receive new handshake message from message connection
I1102 19:09:25.865872 IO-0/EL  worker_manager.cpp:60] WorkerManager: FuncWorker of func_id 1, client_id 47 connected
I1102 19:09:25.865885 IO-0/EL  message_connection.cpp:269] FuncWorkerConnection[1-47]: Handshake done
I1102 19:09:25.866279 Server/E engine.cpp:674] Engine: New message connection
I1102 19:09:25.866299 IO-0/EL  engine.cpp:277] Engine: Receive new handshake message from message connection
I1102 19:09:25.866304 IO-0/EL  worker_manager.cpp:60] WorkerManager: FuncWorker of func_id 1, client_id 48 connected
I1102 19:09:25.866317 IO-0/EL  message_connection.cpp:269] FuncWorkerConnection[1-48]: Handshake done
I1102 19:09:25.866923 Server/E engine.cpp:674] Engine: New message connection
I1102 19:09:25.866967 IO-0/EL  engine.cpp:277] Engine: Receive new handshake message from message connection
I1102 19:09:25.866972 IO-0/EL  worker_manager.cpp:60] WorkerManager: FuncWorker of func_id 1, client_id 49 connected
I1102 19:09:25.866986 IO-0/EL  message_connection.cpp:269] FuncWorkerConnection[1-49]: Handshake done
I1102 19:09:25.867266 Server/E engine.cpp:674] Engine: New message connection
I1102 19:09:25.867297 IO-0/EL  engine.cpp:277] Engine: Receive new handshake message from message connection
I1102 19:09:25.867302 IO-0/EL  worker_manager.cpp:60] WorkerManager: FuncWorker of func_id 1, client_id 50 connected
I1102 19:09:25.867315 IO-0/EL  message_connection.cpp:269] FuncWorkerConnection[1-50]: Handshake done
I1102 19:09:25.867960 Server/E engine.cpp:674] Engine: New message connection
I1102 19:09:25.868000 IO-0/EL  engine.cpp:277] Engine: Receive new handshake message from message connection
I1102 19:09:25.868005 IO-0/EL  worker_manager.cpp:60] WorkerManager: FuncWorker of func_id 1, client_id 51 connected
I1102 19:09:25.868018 IO-0/EL  message_connection.cpp:269] FuncWorkerConnection[1-51]: Handshake done
I1102 19:09:25.868324 Server/E engine.cpp:674] Engine: New message connection
I1102 19:09:25.868357 IO-0/EL  engine.cpp:277] Engine: Receive new handshake message from message connection
I1102 19:09:25.868362 IO-0/EL  worker_manager.cpp:60] WorkerManager: FuncWorker of func_id 1, client_id 52 connected
I1102 19:09:25.868375 IO-0/EL  message_connection.cpp:269] FuncWorkerConnection[1-52]: Handshake done
I1102 19:09:25.868825 Server/E engine.cpp:674] Engine: New message connection
I1102 19:09:25.868855 IO-0/EL  engine.cpp:277] Engine: Receive new handshake message from message connection
I1102 19:09:25.868859 IO-0/EL  worker_manager.cpp:60] WorkerManager: FuncWorker of func_id 1, client_id 53 connected
I1102 19:09:25.868873 IO-0/EL  message_connection.cpp:269] FuncWorkerConnection[1-53]: Handshake done
I1102 19:09:25.869273 Server/E engine.cpp:674] Engine: New message connection
I1102 19:09:25.869293 IO-0/EL  engine.cpp:277] Engine: Receive new handshake message from message connection
I1102 19:09:25.869297 IO-0/EL  worker_manager.cpp:60] WorkerManager: FuncWorker of func_id 1, client_id 54 connected
I1102 19:09:25.869310 IO-0/EL  message_connection.cpp:269] FuncWorkerConnection[1-54]: Handshake done
I1102 19:09:25.869773 Server/E engine.cpp:674] Engine: New message connection
I1102 19:09:25.869810 IO-0/EL  engine.cpp:277] Engine: Receive new handshake message from message connection
I1102 19:09:25.869815 IO-0/EL  worker_manager.cpp:60] WorkerManager: FuncWorker of func_id 1, client_id 55 connected
I1102 19:09:25.869827 IO-0/EL  message_connection.cpp:269] FuncWorkerConnection[1-55]: Handshake done
I1102 19:09:25.870263 Server/E engine.cpp:674] Engine: New message connection
I1102 19:09:25.870294 IO-0/EL  engine.cpp:277] Engine: Receive new handshake message from message connection
I1102 19:09:25.870299 IO-0/EL  worker_manager.cpp:60] WorkerManager: FuncWorker of func_id 1, client_id 56 connected
I1102 19:09:25.870313 IO-0/EL  message_connection.cpp:269] FuncWorkerConnection[1-56]: Handshake done
I1102 19:09:25.870777 Server/E engine.cpp:674] Engine: New message connection
I1102 19:09:25.870808 IO-0/EL  engine.cpp:277] Engine: Receive new handshake message from message connection
I1102 19:09:25.870813 IO-0/EL  worker_manager.cpp:60] WorkerManager: FuncWorker of func_id 1, client_id 57 connected
I1102 19:09:25.870834 IO-0/EL  message_connection.cpp:269] FuncWorkerConnection[1-57]: Handshake done
I1102 19:09:25.871265 Server/E engine.cpp:674] Engine: New message connection
I1102 19:09:25.871291 IO-0/EL  engine.cpp:277] Engine: Receive new handshake message from message connection
I1102 19:09:25.871295 IO-0/EL  worker_manager.cpp:60] WorkerManager: FuncWorker of func_id 1, client_id 58 connected
I1102 19:09:25.871308 IO-0/EL  message_connection.cpp:269] FuncWorkerConnection[1-58]: Handshake done
I1102 19:09:25.871842 Server/E engine.cpp:674] Engine: New message connection
I1102 19:09:25.871871 IO-0/EL  engine.cpp:277] Engine: Receive new handshake message from message connection
I1102 19:09:25.871876 IO-0/EL  worker_manager.cpp:60] WorkerManager: FuncWorker of func_id 1, client_id 59 connected
I1102 19:09:25.871889 IO-0/EL  message_connection.cpp:269] FuncWorkerConnection[1-59]: Handshake done
I1102 19:09:25.872243 Server/E engine.cpp:674] Engine: New message connection
I1102 19:09:25.872275 IO-0/EL  engine.cpp:277] Engine: Receive new handshake message from message connection
I1102 19:09:25.872280 IO-0/EL  worker_manager.cpp:60] WorkerManager: FuncWorker of func_id 1, client_id 60 connected
I1102 19:09:25.872294 IO-0/EL  message_connection.cpp:269] FuncWorkerConnection[1-60]: Handshake done
I1102 19:09:25.872695 Server/E engine.cpp:674] Engine: New message connection
I1102 19:09:25.872730 IO-0/EL  engine.cpp:277] Engine: Receive new handshake message from message connection
I1102 19:09:25.872735 IO-0/EL  worker_manager.cpp:60] WorkerManager: FuncWorker of func_id 1, client_id 61 connected
I1102 19:09:25.872748 IO-0/EL  message_connection.cpp:269] FuncWorkerConnection[1-61]: Handshake done
I1102 19:09:25.873277 Server/E engine.cpp:674] Engine: New message connection
I1102 19:09:25.873307 IO-0/EL  engine.cpp:277] Engine: Receive new handshake message from message connection
I1102 19:09:25.873312 IO-0/EL  worker_manager.cpp:60] WorkerManager: FuncWorker of func_id 1, client_id 62 connected
I1102 19:09:25.873325 IO-0/EL  message_connection.cpp:269] FuncWorkerConnection[1-62]: Handshake done
I1102 19:09:25.873763 Server/E engine.cpp:674] Engine: New message connection
I1102 19:09:25.873792 IO-0/EL  engine.cpp:277] Engine: Receive new handshake message from message connection
I1102 19:09:25.873796 IO-0/EL  worker_manager.cpp:60] WorkerManager: FuncWorker of func_id 1, client_id 63 connected
I1102 19:09:25.873810 IO-0/EL  message_connection.cpp:269] FuncWorkerConnection[1-63]: Handshake done
I1102 19:09:25.874213 Server/E engine.cpp:674] Engine: New message connection
I1102 19:09:25.874262 IO-0/EL  engine.cpp:277] Engine: Receive new handshake message from message connection
I1102 19:09:25.874267 IO-0/EL  worker_manager.cpp:60] WorkerManager: FuncWorker of func_id 1, client_id 64 connected
I1102 19:09:25.874280 IO-0/EL  message_connection.cpp:269] FuncWorkerConnection[1-64]: Handshake done
I1102 19:09:25.874856 Server/E engine.cpp:674] Engine: New message connection
I1102 19:09:25.874892 IO-0/EL  engine.cpp:277] Engine: Receive new handshake message from message connection
I1102 19:09:25.874897 IO-0/EL  worker_manager.cpp:60] WorkerManager: FuncWorker of func_id 1, client_id 65 connected
I1102 19:09:25.874911 IO-0/EL  message_connection.cpp:269] FuncWorkerConnection[1-65]: Handshake done
I1102 19:09:25.875360 Server/E engine.cpp:674] Engine: New message connection
I1102 19:09:25.875381 IO-0/EL  engine.cpp:277] Engine: Receive new handshake message from message connection
I1102 19:09:25.875385 IO-0/EL  worker_manager.cpp:60] WorkerManager: FuncWorker of func_id 1, client_id 66 connected
I1102 19:09:25.875398 IO-0/EL  message_connection.cpp:269] FuncWorkerConnection[1-66]: Handshake done
I1102 19:09:25.875818 Server/E engine.cpp:674] Engine: New message connection
I1102 19:09:25.875844 IO-0/EL  engine.cpp:277] Engine: Receive new handshake message from message connection
I1102 19:09:25.875849 IO-0/EL  worker_manager.cpp:60] WorkerManager: FuncWorker of func_id 1, client_id 67 connected
I1102 19:09:25.875862 IO-0/EL  message_connection.cpp:269] FuncWorkerConnection[1-67]: Handshake done
I1102 19:09:25.876248 Server/E engine.cpp:674] Engine: New message connection
I1102 19:09:25.876281 IO-0/EL  engine.cpp:277] Engine: Receive new handshake message from message connection
I1102 19:09:25.876286 IO-0/EL  worker_manager.cpp:60] WorkerManager: FuncWorker of func_id 1, client_id 68 connected
I1102 19:09:25.876299 IO-0/EL  message_connection.cpp:269] FuncWorkerConnection[1-68]: Handshake done
I1102 19:09:25.876699 Server/E engine.cpp:674] Engine: New message connection
I1102 19:09:25.876730 IO-0/EL  engine.cpp:277] Engine: Receive new handshake message from message connection
I1102 19:09:25.876735 IO-0/EL  worker_manager.cpp:60] WorkerManager: FuncWorker of func_id 1, client_id 69 connected
I1102 19:09:25.876748 IO-0/EL  message_connection.cpp:269] FuncWorkerConnection[1-69]: Handshake done
I1102 19:09:25.877290 Server/E engine.cpp:674] Engine: New message connection
I1102 19:09:25.877313 IO-0/EL  engine.cpp:277] Engine: Receive new handshake message from message connection
I1102 19:09:25.877317 IO-0/EL  worker_manager.cpp:60] WorkerManager: FuncWorker of func_id 1, client_id 70 connected
I1102 19:09:25.877330 IO-0/EL  message_connection.cpp:269] FuncWorkerConnection[1-70]: Handshake done
I1102 19:09:25.877760 Server/E engine.cpp:674] Engine: New message connection
I1102 19:09:25.877786 IO-0/EL  engine.cpp:277] Engine: Receive new handshake message from message connection
I1102 19:09:25.877791 IO-0/EL  worker_manager.cpp:60] WorkerManager: FuncWorker of func_id 1, client_id 71 connected
I1102 19:09:25.877804 IO-0/EL  message_connection.cpp:269] FuncWorkerConnection[1-71]: Handshake done
I1102 19:09:25.878248 Server/E engine.cpp:674] Engine: New message connection
I1102 19:09:25.878273 IO-0/EL  engine.cpp:277] Engine: Receive new handshake message from message connection
I1102 19:09:25.878277 IO-0/EL  worker_manager.cpp:60] WorkerManager: FuncWorker of func_id 1, client_id 72 connected
I1102 19:09:25.878293 IO-0/EL  message_connection.cpp:269] FuncWorkerConnection[1-72]: Handshake done
I1102 19:09:25.878849 Server/E engine.cpp:674] Engine: New message connection
I1102 19:09:25.878873 IO-0/EL  engine.cpp:277] Engine: Receive new handshake message from message connection
I1102 19:09:25.878877 IO-0/EL  worker_manager.cpp:60] WorkerManager: FuncWorker of func_id 1, client_id 73 connected
I1102 19:09:25.878890 IO-0/EL  message_connection.cpp:269] FuncWorkerConnection[1-73]: Handshake done
I1102 19:09:25.879287 Server/E engine.cpp:674] Engine: New message connection
I1102 19:09:25.879334 IO-0/EL  engine.cpp:277] Engine: Receive new handshake message from message connection
I1102 19:09:25.879338 IO-0/EL  worker_manager.cpp:60] WorkerManager: FuncWorker of func_id 1, client_id 74 connected
I1102 19:09:25.879351 IO-0/EL  message_connection.cpp:269] FuncWorkerConnection[1-74]: Handshake done
I1102 19:09:25.879907 Server/E engine.cpp:674] Engine: New message connection
I1102 19:09:25.879946 IO-0/EL  engine.cpp:277] Engine: Receive new handshake message from message connection
I1102 19:09:25.879951 IO-0/EL  worker_manager.cpp:60] WorkerManager: FuncWorker of func_id 1, client_id 75 connected
I1102 19:09:25.879964 IO-0/EL  message_connection.cpp:269] FuncWorkerConnection[1-75]: Handshake done
I1102 19:09:25.880367 Server/E engine.cpp:674] Engine: New message connection
I1102 19:09:25.880400 IO-0/EL  engine.cpp:277] Engine: Receive new handshake message from message connection
I1102 19:09:25.880405 IO-0/EL  worker_manager.cpp:60] WorkerManager: FuncWorker of func_id 1, client_id 76 connected
I1102 19:09:25.880417 IO-0/EL  message_connection.cpp:269] FuncWorkerConnection[1-76]: Handshake done
I1102 19:09:25.880853 Server/E engine.cpp:674] Engine: New message connection
I1102 19:09:25.880882 IO-0/EL  engine.cpp:277] Engine: Receive new handshake message from message connection
I1102 19:09:25.880887 IO-0/EL  worker_manager.cpp:60] WorkerManager: FuncWorker of func_id 1, client_id 77 connected
I1102 19:09:25.880899 IO-0/EL  message_connection.cpp:269] FuncWorkerConnection[1-77]: Handshake done
I1102 19:09:25.881363 Server/E engine.cpp:674] Engine: New message connection
I1102 19:09:25.881420 IO-0/EL  engine.cpp:277] Engine: Receive new handshake message from message connection
I1102 19:09:25.881425 IO-0/EL  worker_manager.cpp:60] WorkerManager: FuncWorker of func_id 1, client_id 78 connected
I1102 19:09:25.881440 IO-0/EL  message_connection.cpp:269] FuncWorkerConnection[1-78]: Handshake done
I1102 19:09:25.894741 Server/E engine.cpp:674] Engine: New message connection
I1102 19:09:25.894795 Server/E engine.cpp:674] Engine: New message connection
I1102 19:09:25.894799 IO-0/EL  engine.cpp:277] Engine: Receive new handshake message from message connection
I1102 19:09:25.894807 IO-0/EL  worker_manager.cpp:60] WorkerManager: FuncWorker of func_id 1, client_id 79 connected
I1102 19:09:25.894819 Server/E engine.cpp:674] Engine: New message connection
I1102 19:09:25.894821 IO-0/EL  message_connection.cpp:269] FuncWorkerConnection[1-79]: Handshake done
I1102 19:09:25.894846 Server/E engine.cpp:674] Engine: New message connection
I1102 19:09:25.894861 IO-0/EL  engine.cpp:277] Engine: Receive new handshake message from message connection
I1102 19:09:25.894866 IO-0/EL  worker_manager.cpp:60] WorkerManager: FuncWorker of func_id 1, client_id 80 connected
I1102 19:09:25.894871 Server/E engine.cpp:674] Engine: New message connection
I1102 19:09:25.894879 IO-0/EL  message_connection.cpp:269] FuncWorkerConnection[1-80]: Handshake done
I1102 19:09:25.894894 IO-0/EL  engine.cpp:277] Engine: Receive new handshake message from message connection
I1102 19:09:25.894894 Server/E engine.cpp:674] Engine: New message connection
I1102 19:09:25.894898 IO-0/EL  worker_manager.cpp:60] WorkerManager: FuncWorker of func_id 1, client_id 81 connected
I1102 19:09:25.894919 Server/E engine.cpp:674] Engine: New message connection
I1102 19:09:25.894924 IO-0/EL  message_connection.cpp:269] FuncWorkerConnection[1-81]: Handshake done
I1102 19:09:25.894943 Server/E engine.cpp:674] Engine: New message connection
I1102 19:09:25.894944 IO-0/EL  engine.cpp:277] Engine: Receive new handshake message from message connection
I1102 19:09:25.894959 IO-0/EL  worker_manager.cpp:60] WorkerManager: FuncWorker of func_id 1, client_id 82 connected
I1102 19:09:25.894968 Server/E engine.cpp:674] Engine: New message connection
I1102 19:09:25.894973 IO-0/EL  message_connection.cpp:269] FuncWorkerConnection[1-82]: Handshake done
I1102 19:09:25.894991 Server/E engine.cpp:674] Engine: New message connection
I1102 19:09:25.894998 IO-0/EL  engine.cpp:277] Engine: Receive new handshake message from message connection
I1102 19:09:25.895003 IO-0/EL  worker_manager.cpp:60] WorkerManager: FuncWorker of func_id 1, client_id 83 connected
I1102 19:09:25.895017 IO-0/EL  message_connection.cpp:269] FuncWorkerConnection[1-83]: Handshake done
I1102 19:09:25.895020 Server/E engine.cpp:674] Engine: New message connection
I1102 19:09:25.895036 IO-0/EL  engine.cpp:277] Engine: Receive new handshake message from message connection
I1102 19:09:25.895040 IO-0/EL  worker_manager.cpp:60] WorkerManager: FuncWorker of func_id 1, client_id 84 connected
I1102 19:09:25.895045 Server/E engine.cpp:674] Engine: New message connection
I1102 19:09:25.895054 IO-0/EL  message_connection.cpp:269] FuncWorkerConnection[1-84]: Handshake done
I1102 19:09:25.895068 IO-0/EL  engine.cpp:277] Engine: Receive new handshake message from message connection
I1102 19:09:25.895068 Server/E engine.cpp:674] Engine: New message connection
I1102 19:09:25.895072 IO-0/EL  worker_manager.cpp:60] WorkerManager: FuncWorker of func_id 1, client_id 85 connected
I1102 19:09:25.895092 Server/E engine.cpp:674] Engine: New message connection
I1102 19:09:25.895100 IO-0/EL  message_connection.cpp:269] FuncWorkerConnection[1-85]: Handshake done
I1102 19:09:25.895115 Server/E engine.cpp:674] Engine: New message connection
I1102 19:09:25.895119 IO-0/EL  engine.cpp:277] Engine: Receive new handshake message from message connection
I1102 19:09:25.895131 IO-0/EL  worker_manager.cpp:60] WorkerManager: FuncWorker of func_id 1, client_id 86 connected
I1102 19:09:25.895135 Server/E engine.cpp:674] Engine: New message connection
I1102 19:09:25.895156 IO-0/EL  message_connection.cpp:269] FuncWorkerConnection[1-86]: Handshake done
I1102 19:09:25.895169 Server/E engine.cpp:674] Engine: New message connection
I1102 19:09:25.895172 IO-0/EL  engine.cpp:277] Engine: Receive new handshake message from message connection
I1102 19:09:25.895190 IO-0/EL  worker_manager.cpp:60] WorkerManager: FuncWorker of func_id 1, client_id 87 connected
I1102 19:09:25.895199 Server/E engine.cpp:674] Engine: New message connection
I1102 19:09:25.895207 IO-0/EL  message_connection.cpp:269] FuncWorkerConnection[1-87]: Handshake done
I1102 19:09:25.895222 IO-0/EL  engine.cpp:277] Engine: Receive new handshake message from message connection
I1102 19:09:25.895226 IO-0/EL  worker_manager.cpp:60] WorkerManager: FuncWorker of func_id 1, client_id 88 connected
I1102 19:09:25.895226 Server/E engine.cpp:674] Engine: New message connection
I1102 19:09:25.895249 Server/E engine.cpp:674] Engine: New message connection
I1102 19:09:25.895252 IO-0/EL  message_connection.cpp:269] FuncWorkerConnection[1-88]: Handshake done
I1102 19:09:25.895264 Server/E engine.cpp:674] Engine: New message connection
I1102 19:09:25.895272 IO-0/EL  engine.cpp:277] Engine: Receive new handshake message from message connection
I1102 19:09:25.895276 IO-0/EL  worker_manager.cpp:60] WorkerManager: FuncWorker of func_id 1, client_id 89 connected
I1102 19:09:25.895279 Server/E engine.cpp:674] Engine: New message connection
I1102 19:09:25.895291 IO-0/EL  message_connection.cpp:269] FuncWorkerConnection[1-89]: Handshake done
I1102 19:09:25.895292 Server/E engine.cpp:674] Engine: New message connection
I1102 19:09:25.895305 IO-0/EL  engine.cpp:277] Engine: Receive new handshake message from message connection
I1102 19:09:25.895309 IO-0/EL  worker_manager.cpp:60] WorkerManager: FuncWorker of func_id 1, client_id 90 connected
I1102 19:09:25.895316 Server/E engine.cpp:674] Engine: New message connection
I1102 19:09:25.895322 IO-0/EL  message_connection.cpp:269] FuncWorkerConnection[1-90]: Handshake done
I1102 19:09:25.895339 Server/E engine.cpp:674] Engine: New message connection
I1102 19:09:25.895341 IO-0/EL  engine.cpp:277] Engine: Receive new handshake message from message connection
I1102 19:09:25.895356 IO-0/EL  worker_manager.cpp:60] WorkerManager: FuncWorker of func_id 1, client_id 91 connected
I1102 19:09:25.895360 Server/E engine.cpp:674] Engine: New message connection
I1102 19:09:25.895370 IO-0/EL  message_connection.cpp:269] FuncWorkerConnection[1-91]: Handshake done
I1102 19:09:25.895382 Server/E engine.cpp:674] Engine: New message connection
I1102 19:09:25.895385 IO-0/EL  engine.cpp:277] Engine: Receive new handshake message from message connection
I1102 19:09:25.895399 IO-0/EL  worker_manager.cpp:60] WorkerManager: FuncWorker of func_id 1, client_id 92 connected
I1102 19:09:25.895408 Server/E engine.cpp:674] Engine: New message connection
I1102 19:09:25.895413 IO-0/EL  message_connection.cpp:269] FuncWorkerConnection[1-92]: Handshake done
I1102 19:09:25.895433 IO-0/EL  engine.cpp:277] Engine: Receive new handshake message from message connection
I1102 19:09:25.895438 IO-0/EL  worker_manager.cpp:60] WorkerManager: FuncWorker of func_id 1, client_id 93 connected
I1102 19:09:25.895451 IO-0/EL  message_connection.cpp:269] FuncWorkerConnection[1-93]: Handshake done
I1102 19:09:25.895465 IO-0/EL  engine.cpp:277] Engine: Receive new handshake message from message connection
I1102 19:09:25.895469 IO-0/EL  worker_manager.cpp:60] WorkerManager: FuncWorker of func_id 1, client_id 94 connected
I1102 19:09:25.895483 IO-0/EL  message_connection.cpp:269] FuncWorkerConnection[1-94]: Handshake done
I1102 19:09:25.895504 IO-0/EL  engine.cpp:277] Engine: Receive new handshake message from message connection
I1102 19:09:25.895513 IO-0/EL  worker_manager.cpp:60] WorkerManager: FuncWorker of func_id 1, client_id 95 connected
I1102 19:09:25.895533 IO-0/EL  message_connection.cpp:269] FuncWorkerConnection[1-95]: Handshake done
I1102 19:09:25.895558 IO-0/EL  engine.cpp:277] Engine: Receive new handshake message from message connection
I1102 19:09:25.895576 IO-0/EL  worker_manager.cpp:60] WorkerManager: FuncWorker of func_id 1, client_id 96 connected
I1102 19:09:25.895587 Server/E engine.cpp:674] Engine: New message connection
I1102 19:09:25.895598 IO-0/EL  message_connection.cpp:269] FuncWorkerConnection[1-96]: Handshake done
I1102 19:09:25.895632 IO-0/EL  engine.cpp:277] Engine: Receive new handshake message from message connection
I1102 19:09:25.895640 IO-0/EL  worker_manager.cpp:60] WorkerManager: FuncWorker of func_id 1, client_id 97 connected
I1102 19:09:25.895662 IO-0/EL  message_connection.cpp:269] FuncWorkerConnection[1-97]: Handshake done
I1102 19:09:25.895683 IO-0/EL  engine.cpp:277] Engine: Receive new handshake message from message connection
I1102 19:09:25.895690 IO-0/EL  worker_manager.cpp:60] WorkerManager: FuncWorker of func_id 1, client_id 98 connected
I1102 19:09:25.895719 IO-0/EL  message_connection.cpp:269] FuncWorkerConnection[1-98]: Handshake done
I1102 19:09:25.895747 IO-0/EL  engine.cpp:277] Engine: Receive new handshake message from message connection
I1102 19:09:25.895754 IO-0/EL  worker_manager.cpp:60] WorkerManager: FuncWorker of func_id 1, client_id 99 connected
I1102 19:09:25.895774 IO-0/EL  message_connection.cpp:269] FuncWorkerConnection[1-99]: Handshake done
I1102 19:09:25.895793 IO-0/EL  engine.cpp:277] Engine: Receive new handshake message from message connection
I1102 19:09:25.895799 IO-0/EL  worker_manager.cpp:60] WorkerManager: FuncWorker of func_id 1, client_id 100 connected
I1102 19:09:25.895820 IO-0/EL  message_connection.cpp:269] FuncWorkerConnection[1-100]: Handshake done
I1102 19:09:25.895847 IO-0/EL  engine.cpp:277] Engine: Receive new handshake message from message connection
I1102 19:09:25.895854 IO-0/EL  worker_manager.cpp:60] WorkerManager: FuncWorker of func_id 1, client_id 101 connected
I1102 19:09:25.895873 IO-0/EL  message_connection.cpp:269] FuncWorkerConnection[1-101]: Handshake done
I1102 19:09:25.895898 IO-0/EL  engine.cpp:277] Engine: Receive new handshake message from message connection
I1102 19:09:25.895904 IO-0/EL  worker_manager.cpp:60] WorkerManager: FuncWorker of func_id 1, client_id 102 connected
I1102 19:09:25.895935 IO-0/EL  message_connection.cpp:269] FuncWorkerConnection[1-102]: Handshake done
I1102 19:09:25.895936 Server/E engine.cpp:674] Engine: New message connection
I1102 19:09:25.895957 IO-0/EL  engine.cpp:277] Engine: Receive new handshake message from message connection
I1102 19:09:25.895964 IO-0/EL  worker_manager.cpp:60] WorkerManager: FuncWorker of func_id 1, client_id 103 connected
I1102 19:09:25.895985 IO-0/EL  message_connection.cpp:269] FuncWorkerConnection[1-103]: Handshake done
I1102 19:09:25.896010 IO-0/EL  engine.cpp:277] Engine: Receive new handshake message from message connection
I1102 19:09:25.896017 IO-0/EL  worker_manager.cpp:60] WorkerManager: FuncWorker of func_id 1, client_id 104 connected
I1102 19:09:25.896037 IO-0/EL  message_connection.cpp:269] FuncWorkerConnection[1-104]: Handshake done
I1102 19:09:25.896057 IO-0/EL  engine.cpp:277] Engine: Receive new handshake message from message connection
I1102 19:09:25.896064 IO-0/EL  worker_manager.cpp:60] WorkerManager: FuncWorker of func_id 1, client_id 105 connected
I1102 19:09:25.896084 IO-0/EL  message_connection.cpp:269] FuncWorkerConnection[1-105]: Handshake done
I1102 19:09:25.896116 IO-0/EL  engine.cpp:277] Engine: Receive new handshake message from message connection
I1102 19:09:25.896123 IO-0/EL  worker_manager.cpp:60] WorkerManager: FuncWorker of func_id 1, client_id 107 connected
I1102 19:09:25.896144 IO-0/EL  message_connection.cpp:269] FuncWorkerConnection[1-107]: Handshake done
I1102 19:09:25.896168 IO-0/EL  engine.cpp:277] Engine: Receive new handshake message from message connection
I1102 19:09:25.896174 IO-0/EL  worker_manager.cpp:60] WorkerManager: FuncWorker of func_id 1, client_id 108 connected
I1102 19:09:25.896193 IO-0/EL  message_connection.cpp:269] FuncWorkerConnection[1-108]: Handshake done
I1102 19:09:25.896213 IO-0/EL  engine.cpp:277] Engine: Receive new handshake message from message connection
I1102 19:09:25.896230 IO-0/EL  worker_manager.cpp:60] WorkerManager: FuncWorker of func_id 1, client_id 106 connected
I1102 19:09:25.896250 IO-0/EL  message_connection.cpp:269] FuncWorkerConnection[1-106]: Handshake done
I1102 19:09:25.896382 Server/E engine.cpp:674] Engine: New message connection
I1102 19:09:25.896437 IO-0/EL  engine.cpp:277] Engine: Receive new handshake message from message connection
I1102 19:09:25.896446 IO-0/EL  worker_manager.cpp:60] WorkerManager: FuncWorker of func_id 1, client_id 109 connected
I1102 19:09:25.896467 IO-0/EL  message_connection.cpp:269] FuncWorkerConnection[1-109]: Handshake done
I1102 19:09:25.896994 Server/E engine.cpp:674] Engine: New message connection
I1102 19:09:25.897062 IO-0/EL  engine.cpp:277] Engine: Receive new handshake message from message connection
I1102 19:09:25.897074 IO-0/EL  worker_manager.cpp:60] WorkerManager: FuncWorker of func_id 1, client_id 110 connected
I1102 19:09:25.897102 IO-0/EL  message_connection.cpp:269] FuncWorkerConnection[1-110]: Handshake done
I1102 19:09:25.897542 Server/E engine.cpp:674] Engine: New message connection
I1102 19:09:25.897620 IO-0/EL  engine.cpp:277] Engine: Receive new handshake message from message connection
I1102 19:09:25.897630 IO-0/EL  worker_manager.cpp:60] WorkerManager: FuncWorker of func_id 1, client_id 111 connected
I1102 19:09:25.897660 IO-0/EL  message_connection.cpp:269] FuncWorkerConnection[1-111]: Handshake done
I1102 19:09:25.898135 Server/E engine.cpp:674] Engine: New message connection
I1102 19:09:25.898196 IO-0/EL  engine.cpp:277] Engine: Receive new handshake message from message connection
I1102 19:09:25.898206 IO-0/EL  worker_manager.cpp:60] WorkerManager: FuncWorker of func_id 1, client_id 112 connected
I1102 19:09:25.898231 IO-0/EL  message_connection.cpp:269] FuncWorkerConnection[1-112]: Handshake done
I1102 19:09:25.899059 Server/E engine.cpp:674] Engine: New message connection
I1102 19:09:25.899105 IO-0/EL  engine.cpp:277] Engine: Receive new handshake message from message connection
I1102 19:09:25.899120 IO-0/EL  worker_manager.cpp:60] WorkerManager: FuncWorker of func_id 1, client_id 113 connected
I1102 19:09:25.899169 IO-0/EL  message_connection.cpp:269] FuncWorkerConnection[1-113]: Handshake done
I1102 19:09:25.899401 Server/E engine.cpp:674] Engine: New message connection
I1102 19:09:25.899465 IO-0/EL  engine.cpp:277] Engine: Receive new handshake message from message connection
I1102 19:09:25.899476 IO-0/EL  worker_manager.cpp:60] WorkerManager: FuncWorker of func_id 1, client_id 114 connected
I1102 19:09:25.899503 IO-0/EL  message_connection.cpp:269] FuncWorkerConnection[1-114]: Handshake done
I1102 19:09:25.901025 Server/E engine.cpp:674] Engine: New message connection
I1102 19:09:25.901071 IO-0/EL  engine.cpp:277] Engine: Receive new handshake message from message connection
I1102 19:09:25.901079 IO-0/EL  worker_manager.cpp:60] WorkerManager: FuncWorker of func_id 1, client_id 115 connected
I1102 19:09:25.901096 IO-0/EL  message_connection.cpp:269] FuncWorkerConnection[1-115]: Handshake done
I1102 19:09:25.901315 Server/E engine.cpp:674] Engine: New message connection
I1102 19:09:25.901337 IO-0/EL  engine.cpp:277] Engine: Receive new handshake message from message connection
I1102 19:09:25.901341 IO-0/EL  worker_manager.cpp:60] WorkerManager: FuncWorker of func_id 1, client_id 116 connected
I1102 19:09:25.901355 IO-0/EL  message_connection.cpp:269] FuncWorkerConnection[1-116]: Handshake done
I1102 19:09:25.901848 Server/E engine.cpp:674] Engine: New message connection
I1102 19:09:25.901879 IO-0/EL  engine.cpp:277] Engine: Receive new handshake message from message connection
I1102 19:09:25.901884 IO-0/EL  worker_manager.cpp:60] WorkerManager: FuncWorker of func_id 1, client_id 117 connected
I1102 19:09:25.901898 IO-0/EL  message_connection.cpp:269] FuncWorkerConnection[1-117]: Handshake done
I1102 19:09:25.902311 Server/E engine.cpp:674] Engine: New message connection
I1102 19:09:25.902332 IO-0/EL  engine.cpp:277] Engine: Receive new handshake message from message connection
I1102 19:09:25.902357 IO-0/EL  worker_manager.cpp:60] WorkerManager: FuncWorker of func_id 1, client_id 118 connected
I1102 19:09:25.902371 IO-0/EL  message_connection.cpp:269] FuncWorkerConnection[1-118]: Handshake done
I1102 19:09:25.902942 Server/E engine.cpp:674] Engine: New message connection
I1102 19:09:25.902971 IO-0/EL  engine.cpp:277] Engine: Receive new handshake message from message connection
I1102 19:09:25.902977 IO-0/EL  worker_manager.cpp:60] WorkerManager: FuncWorker of func_id 1, client_id 119 connected
I1102 19:09:25.902991 IO-0/EL  message_connection.cpp:269] FuncWorkerConnection[1-119]: Handshake done
I1102 19:09:25.920766 Server/E engine.cpp:674] Engine: New message connection
I1102 19:09:25.920793 IO-0/EL  engine.cpp:277] Engine: Receive new handshake message from message connection
I1102 19:09:25.920798 IO-0/EL  worker_manager.cpp:60] WorkerManager: FuncWorker of func_id 1, client_id 120 connected
I1102 19:09:25.920812 IO-0/EL  message_connection.cpp:269] FuncWorkerConnection[1-120]: Handshake done
I1102 19:09:25.920897 Server/E engine.cpp:674] Engine: New message connection
I1102 19:09:25.920924 IO-0/EL  engine.cpp:277] Engine: Receive new handshake message from message connection
I1102 19:09:25.920929 IO-0/EL  worker_manager.cpp:60] WorkerManager: FuncWorker of func_id 1, client_id 121 connected
I1102 19:09:25.920942 IO-0/EL  message_connection.cpp:269] FuncWorkerConnection[1-121]: Handshake done
I1102 19:09:25.921522 Server/E engine.cpp:674] Engine: New message connection
I1102 19:09:25.921563 IO-0/EL  engine.cpp:277] Engine: Receive new handshake message from message connection
I1102 19:09:25.921568 IO-0/EL  worker_manager.cpp:60] WorkerManager: FuncWorker of func_id 1, client_id 122 connected
I1102 19:09:25.921587 IO-0/EL  message_connection.cpp:269] FuncWorkerConnection[1-122]: Handshake done
I1102 19:09:25.921878 Server/E engine.cpp:674] Engine: New message connection
I1102 19:09:25.921905 IO-0/EL  engine.cpp:277] Engine: Receive new handshake message from message connection
I1102 19:09:25.921910 IO-0/EL  worker_manager.cpp:60] WorkerManager: FuncWorker of func_id 1, client_id 123 connected
I1102 19:09:25.921923 IO-0/EL  message_connection.cpp:269] FuncWorkerConnection[1-123]: Handshake done
I1102 19:09:25.922740 Server/E engine.cpp:674] Engine: New message connection
I1102 19:09:25.922770 IO-0/EL  engine.cpp:277] Engine: Receive new handshake message from message connection
I1102 19:09:25.922775 IO-0/EL  worker_manager.cpp:60] WorkerManager: FuncWorker of func_id 1, client_id 124 connected
I1102 19:09:25.922792 IO-0/EL  message_connection.cpp:269] FuncWorkerConnection[1-124]: Handshake done
I1102 19:09:25.922861 Server/E engine.cpp:674] Engine: New message connection
I1102 19:09:25.922884 IO-0/EL  engine.cpp:277] Engine: Receive new handshake message from message connection
I1102 19:09:25.922888 IO-0/EL  worker_manager.cpp:60] WorkerManager: FuncWorker of func_id 1, client_id 125 connected
I1102 19:09:25.922902 IO-0/EL  message_connection.cpp:269] FuncWorkerConnection[1-125]: Handshake done
I1102 19:09:25.923358 Server/E engine.cpp:674] Engine: New message connection
I1102 19:09:25.923382 IO-0/EL  engine.cpp:277] Engine: Receive new handshake message from message connection
I1102 19:09:25.923387 IO-0/EL  worker_manager.cpp:60] WorkerManager: FuncWorker of func_id 1, client_id 126 connected
I1102 19:09:25.923402 IO-0/EL  message_connection.cpp:269] FuncWorkerConnection[1-126]: Handshake done
I1102 19:09:25.923859 Server/E engine.cpp:674] Engine: New message connection
I1102 19:09:25.923883 IO-0/EL  engine.cpp:277] Engine: Receive new handshake message from message connection
I1102 19:09:25.923888 IO-0/EL  worker_manager.cpp:60] WorkerManager: FuncWorker of func_id 1, client_id 127 connected
I1102 19:09:25.923901 IO-0/EL  message_connection.cpp:269] FuncWorkerConnection[1-127]: Handshake done
I1102 19:09:25.924344 Server/E engine.cpp:674] Engine: New message connection
I1102 19:09:25.924369 IO-0/EL  engine.cpp:277] Engine: Receive new handshake message from message connection
I1102 19:09:25.924373 IO-0/EL  worker_manager.cpp:60] WorkerManager: FuncWorker of func_id 1, client_id 128 connected
I1102 19:09:25.924395 IO-0/EL  message_connection.cpp:269] FuncWorkerConnection[1-128]: Handshake done
I1102 19:09:28.457417 IO-0/EL  buffer_pool.h:25] BufferPool[IO-0_Write]: Allocate new buffer, current buffer count is 3
I1102 19:09:28.457436 IO-0/EL  buffer_pool.h:25] BufferPool[IO-0_Write]: Allocate new buffer, current buffer count is 4
I1102 19:09:28.457447 IO-0/EL  buffer_pool.h:25] BufferPool[IO-0_Write]: Allocate new buffer, current buffer count is 5
I1102 19:09:28.457457 IO-0/EL  buffer_pool.h:25] BufferPool[IO-0_Write]: Allocate new buffer, current buffer count is 6
I1102 19:09:29.112874 IO-0/EL  buffer_pool.h:25] BufferPool[IO-0_Write]: Allocate new buffer, current buffer count is 7
I1102 19:09:29.112903 IO-0/EL  buffer_pool.h:25] BufferPool[IO-0_Write]: Allocate new buffer, current buffer count is 8
I1102 19:09:29.112911 IO-0/EL  buffer_pool.h:25] BufferPool[IO-0_Write]: Allocate new buffer, current buffer count is 9
I1102 19:09:29.112921 IO-0/EL  buffer_pool.h:25] BufferPool[IO-0_Write]: Allocate new buffer, current buffer count is 10
I1102 19:09:29.112929 IO-0/EL  buffer_pool.h:25] BufferPool[IO-0_Write]: Allocate new buffer, current buffer count is 11
I1102 19:09:29.112937 IO-0/EL  buffer_pool.h:25] BufferPool[IO-0_Write]: Allocate new buffer, current buffer count is 12
I1102 19:09:29.768511 IO-0/EL  buffer_pool.h:25] BufferPool[IO-0_Write]: Allocate new buffer, current buffer count is 13
I1102 19:09:29.768530 IO-0/EL  buffer_pool.h:25] BufferPool[IO-0_Write]: Allocate new buffer, current buffer count is 14
I1102 19:09:29.768539 IO-0/EL  buffer_pool.h:25] BufferPool[IO-0_Write]: Allocate new buffer, current buffer count is 15
I1102 19:09:29.768549 IO-0/EL  buffer_pool.h:25] BufferPool[IO-0_Write]: Allocate new buffer, current buffer count is 16
I1102 19:09:29.768558 IO-0/EL  buffer_pool.h:25] BufferPool[IO-0_Write]: Allocate new buffer, current buffer count is 17
I1102 19:09:29.768570 IO-0/EL  buffer_pool.h:25] BufferPool[IO-0_Write]: Allocate new buffer, current buffer count is 18
I1102 19:09:29.768578 IO-0/EL  buffer_pool.h:25] BufferPool[IO-0_Write]: Allocate new buffer, current buffer count is 19
I1102 19:09:31.080390 IO-0/EL  buffer_pool.h:25] BufferPool[IO-0_Write]: Allocate new buffer, current buffer count is 20
I1102 19:09:31.080410 IO-0/EL  buffer_pool.h:25] BufferPool[IO-0_Write]: Allocate new buffer, current buffer count is 21
I1102 19:09:31.080424 IO-0/EL  buffer_pool.h:25] BufferPool[IO-0_Write]: Allocate new buffer, current buffer count is 22
I1102 19:09:31.080437 IO-0/EL  buffer_pool.h:25] BufferPool[IO-0_Write]: Allocate new buffer, current buffer count is 23
I1102 19:09:31.080459 IO-0/EL  buffer_pool.h:25] BufferPool[IO-0_Write]: Allocate new buffer, current buffer count is 24
I1102 19:09:31.080475 IO-0/EL  buffer_pool.h:25] BufferPool[IO-0_Write]: Allocate new buffer, current buffer count is 25
I1102 19:09:31.080495 IO-0/EL  buffer_pool.h:25] BufferPool[IO-0_Write]: Allocate new buffer, current buffer count is 26
I1102 19:09:31.080514 IO-0/EL  buffer_pool.h:25] BufferPool[IO-0_Write]: Allocate new buffer, current buffer count is 27
I1102 19:09:31.080526 IO-0/EL  buffer_pool.h:25] BufferPool[IO-0_Write]: Allocate new buffer, current buffer count is 28
I1102 19:09:31.080536 IO-0/EL  buffer_pool.h:25] BufferPool[IO-0_Write]: Allocate new buffer, current buffer count is 29
I1102 19:09:31.080546 IO-0/EL  buffer_pool.h:25] BufferPool[IO-0_Write]: Allocate new buffer, current buffer count is 30
I1102 19:09:31.080559 IO-0/EL  buffer_pool.h:25] BufferPool[IO-0_Write]: Allocate new buffer, current buffer count is 31
I1102 19:09:31.080569 IO-0/EL  buffer_pool.h:25] BufferPool[IO-0_Write]: Allocate new buffer, current buffer count is 32
I1102 19:09:31.080583 IO-0/EL  buffer_pool.h:25] BufferPool[IO-0_Write]: Allocate new buffer, current buffer count is 33
I1102 19:09:31.080594 IO-0/EL  buffer_pool.h:25] BufferPool[IO-0_Write]: Allocate new buffer, current buffer count is 34
I1102 19:09:31.080608 IO-0/EL  buffer_pool.h:25] BufferPool[IO-0_Write]: Allocate new buffer, current buffer count is 35
I1102 19:09:31.080635 IO-0/EL  buffer_pool.h:25] BufferPool[IO-0_Write]: Allocate new buffer, current buffer count is 36
I1102 19:09:31.080648 IO-0/EL  buffer_pool.h:25] BufferPool[IO-0_Write]: Allocate new buffer, current buffer count is 37
I1102 19:09:31.080658 IO-0/EL  buffer_pool.h:25] BufferPool[IO-0_Write]: Allocate new buffer, current buffer count is 38
I1102 19:09:31.080670 IO-0/EL  buffer_pool.h:25] BufferPool[IO-0_Write]: Allocate new buffer, current buffer count is 39
I1102 19:09:31.080681 IO-0/EL  buffer_pool.h:25] BufferPool[IO-0_Write]: Allocate new buffer, current buffer count is 40
I1102 19:09:31.080693 IO-0/EL  buffer_pool.h:25] BufferPool[IO-0_Write]: Allocate new buffer, current buffer count is 41
I1102 19:09:31.080720 IO-0/EL  buffer_pool.h:25] BufferPool[IO-0_Write]: Allocate new buffer, current buffer count is 42
I1102 19:09:31.080736 IO-0/EL  buffer_pool.h:25] BufferPool[IO-0_Write]: Allocate new buffer, current buffer count is 43
I1102 19:09:31.080759 IO-0/EL  buffer_pool.h:25] BufferPool[IO-0_Write]: Allocate new buffer, current buffer count is 44
I1102 19:09:31.080775 IO-0/EL  buffer_pool.h:25] BufferPool[IO-0_Write]: Allocate new buffer, current buffer count is 45
I1102 19:09:31.080795 IO-0/EL  buffer_pool.h:25] BufferPool[IO-0_Write]: Allocate new buffer, current buffer count is 46
I1102 19:09:31.080809 IO-0/EL  buffer_pool.h:25] BufferPool[IO-0_Write]: Allocate new buffer, current buffer count is 47
I1102 19:09:31.080826 IO-0/EL  buffer_pool.h:25] BufferPool[IO-0_Write]: Allocate new buffer, current buffer count is 48
I1102 19:09:31.080841 IO-0/EL  buffer_pool.h:25] BufferPool[IO-0_Write]: Allocate new buffer, current buffer count is 49
I1102 19:09:31.080858 IO-0/EL  buffer_pool.h:25] BufferPool[IO-0_Write]: Allocate new buffer, current buffer count is 50
I1102 19:09:31.080876 IO-0/EL  buffer_pool.h:25] BufferPool[IO-0_Write]: Allocate new buffer, current buffer count is 51
I1102 19:09:31.080886 IO-0/EL  buffer_pool.h:25] BufferPool[IO-0_Write]: Allocate new buffer, current buffer count is 52
I1102 19:09:31.080899 IO-0/EL  buffer_pool.h:25] BufferPool[IO-0_Write]: Allocate new buffer, current buffer count is 53
I1102 19:09:31.080908 IO-0/EL  buffer_pool.h:25] BufferPool[IO-0_Write]: Allocate new buffer, current buffer count is 54
I1102 19:09:31.080925 IO-0/EL  buffer_pool.h:25] BufferPool[IO-0_Write]: Allocate new buffer, current buffer count is 55
I1102 19:09:31.080941 IO-0/EL  buffer_pool.h:25] BufferPool[IO-0_Write]: Allocate new buffer, current buffer count is 56
I1102 19:09:31.080962 IO-0/EL  buffer_pool.h:25] BufferPool[IO-0_Write]: Allocate new buffer, current buffer count is 57
I1102 19:09:31.080977 IO-0/EL  buffer_pool.h:25] BufferPool[IO-0_Write]: Allocate new buffer, current buffer count is 58
I1102 19:09:31.080997 IO-0/EL  buffer_pool.h:25] BufferPool[IO-0_Write]: Allocate new buffer, current buffer count is 59
I1102 19:09:31.081012 IO-0/EL  buffer_pool.h:25] BufferPool[IO-0_Write]: Allocate new buffer, current buffer count is 60
I1102 19:09:31.081028 IO-0/EL  buffer_pool.h:25] BufferPool[IO-0_Write]: Allocate new buffer, current buffer count is 61
I1102 19:09:31.081046 IO-0/EL  buffer_pool.h:25] BufferPool[IO-0_Write]: Allocate new buffer, current buffer count is 62
I1102 19:09:31.081061 IO-0/EL  buffer_pool.h:25] BufferPool[IO-0_Write]: Allocate new buffer, current buffer count is 63
I1102 19:09:31.081086 IO-0/EL  buffer_pool.h:25] BufferPool[IO-0_Write]: Allocate new buffer, current buffer count is 64
I1102 19:09:31.081098 IO-0/EL  buffer_pool.h:25] BufferPool[IO-0_Write]: Allocate new buffer, current buffer count is 65
I1102 19:09:33.490415 Main     server_base.cpp:35] Server: Scheduled to stop
I1102 19:09:33.490466 IO-0/EL  message_connection.cpp:284] LauncherConnection[1]: Connection closed remotely
I1102 19:09:33.490582 Server/E server_base.cpp:109] Server: Start stopping process
I1102 19:09:33.490621 IO-0/EL  io_worker.cpp:206] IO-0: Start stopping process
I1102 19:09:33.490662 Server/E server_base.cpp:55] Server: Event loop finishes
