I1102 18:56:23.516345 Main     thread.cpp:100] Register main thread: tid=1391108
E1102 18:56:23.516518 Main     docker.cpp:59] Cannot find docker's cgroup in /proc/self/cgroup
I1102 18:56:23.519786 Launcher thread.cpp:40] Start thread: Launcher/EL
I1102 18:56:23.519834 Launcher thread.cpp:64] Does not find cpuset setting for IO threads (can be set by FAAS_IO_THREAD_CPUSET)
I1102 18:56:23.519841 Launcher thread.cpp:82] Does not find nice setting for IO threads (can be set by FAAS_IO_THREAD_NICE)
I1102 18:56:23.519844 Launcher launcher.cpp:96] Launcher: Event loop starts
I1102 18:56:23.519863 Launcher engine_connection.cpp:93] EngineConnection: Connected to engine, start writing handshake message
I1102 18:56:23.520112 Launcher buffer_pool.h:25] BufferPool[Launcher]: Allocate new buffer, current buffer count is 1
I1102 18:56:23.520144 Launcher func_config.cpp:135] Load configuration for function Echo[1]
I1102 18:56:23.520154 Launcher engine_connection.cpp:65] EngineConnection: Handshake done
W1102 18:56:23.530853 Launcher engine_connection.cpp:166] EngineConnection: nread=0, will do nothing
I1102 18:56:31.554435 Main     launcher.cpp:44] Launcher: Scheduled to stop
E1102 18:56:31.554764 Launcher launcher.cpp:72] Launcher: Connection to engine disconnected
I1102 18:56:31.554821 Launcher launcher.cpp:44] Launcher: Scheduled to stop
W1102 18:56:31.585123 Launcher launcher.cpp:87] Launcher: Function process 1 terminated
W1102 18:56:31.596580 Launcher launcher.cpp:87] Launcher: Function process 15 terminated
W1102 18:56:31.596621 Launcher launcher.cpp:87] Launcher: Function process 14 terminated
W1102 18:56:31.596632 Launcher launcher.cpp:87] Launcher: Function process 13 terminated
W1102 18:56:31.596644 Launcher launcher.cpp:87] Launcher: Function process 9 terminated
W1102 18:56:31.596650 Launcher launcher.cpp:87] Launcher: Function process 5 terminated
W1102 18:56:31.597056 Launcher launcher.cpp:87] Launcher: Function process 12 terminated
W1102 18:56:31.597068 Launcher launcher.cpp:87] Launcher: Function process 11 terminated
W1102 18:56:31.597074 Launcher launcher.cpp:87] Launcher: Function process 10 terminated
W1102 18:56:31.597080 Launcher launcher.cpp:87] Launcher: Function process 8 terminated
W1102 18:56:31.597087 Launcher launcher.cpp:87] Launcher: Function process 7 terminated
W1102 18:56:31.597093 Launcher launcher.cpp:87] Launcher: Function process 6 terminated
W1102 18:56:31.597099 Launcher launcher.cpp:87] Launcher: Function process 4 terminated
W1102 18:56:31.597104 Launcher launcher.cpp:87] Launcher: Function process 3 terminated
W1102 18:56:31.597110 Launcher launcher.cpp:87] Launcher: Function process 2 terminated
W1102 18:56:31.597116 Launcher launcher.cpp:87] Launcher: Function process 0 terminated
I1102 18:56:31.597122 Launcher launcher.cpp:101] Launcher: Event loop finishes
I1102 18:56:31.597193 Main     launcher.cpp:68] Launcher: Stopped
