I1102 18:44:12.543459 Main     thread.cpp:100] Register main thread: tid=1387635
E1102 18:44:12.543596 Main     docker.cpp:59] Cannot find docker's cgroup in /proc/self/cgroup
I1102 18:44:12.546786 Launcher thread.cpp:40] Start thread: Launcher/EL
I1102 18:44:12.546834 Launcher thread.cpp:64] Does not find cpuset setting for IO threads (can be set by FAAS_IO_THREAD_CPUSET)
I1102 18:44:12.546839 Launcher thread.cpp:82] Does not find nice setting for IO threads (can be set by FAAS_IO_THREAD_NICE)
I1102 18:44:12.546843 Launcher launcher.cpp:96] Launcher: Event loop starts
I1102 18:44:12.546862 Launcher engine_connection.cpp:93] EngineConnection: Connected to engine, start writing handshake message
I1102 18:44:12.546985 Launcher buffer_pool.h:25] BufferPool[Launcher]: Allocate new buffer, current buffer count is 1
I1102 18:44:12.547013 Launcher func_config.cpp:135] Load configuration for function Echo[1]
I1102 18:44:12.547023 Launcher engine_connection.cpp:65] EngineConnection: Handshake done
W1102 18:44:12.551155 Launcher engine_connection.cpp:166] EngineConnection: nread=0, will do nothing
I1102 18:44:20.408622 Main     launcher.cpp:44] Launcher: Scheduled to stop
E1102 18:44:20.408908 Launcher launcher.cpp:72] Launcher: Connection to engine disconnected
I1102 18:44:20.408958 Launcher launcher.cpp:44] Launcher: Scheduled to stop
W1102 18:44:20.432134 Launcher launcher.cpp:87] Launcher: Function process 3 terminated
W1102 18:44:20.437027 Launcher launcher.cpp:87] Launcher: Function process 0 terminated
W1102 18:44:20.437087 Launcher launcher.cpp:87] Launcher: Function process 1 terminated
W1102 18:44:20.437253 Launcher launcher.cpp:87] Launcher: Function process 2 terminated
I1102 18:44:20.437264 Launcher launcher.cpp:101] Launcher: Event loop finishes
I1102 18:44:20.437353 Main     launcher.cpp:68] Launcher: Stopped
