I1102 17:50:20.454706 Main     thread.cpp:100] Register main thread: tid=1366207
E1102 17:50:20.454956 Main     docker.cpp:59] Cannot find docker's cgroup in /proc/self/cgroup
I1102 17:50:20.455004 Main     func_config.cpp:135] Load configuration for function Noop[1]
I1102 17:50:20.455014 Main     engine.cpp:109] Engine: Start 1 IO workers
I1102 17:50:20.458252 IO-0/EL  thread.cpp:40] Start thread: IO-0/EL
I1102 17:50:20.458299 IO-0/EL  io_worker.cpp:192] IO-0: Event loop starts
Checking for file descriptor...
Got a file descriptor!
I1102 17:50:22.349678 Main     engine.cpp:180] Engine: Created 1 Machnet connections to Gateway at 10.10.1.2:10007
I1102 17:50:22.349818 Main     engine.cpp:208] Engine: Listen on /dev/shm/faas_ipc/engine.sock for IPC connections
I1102 17:50:22.349990 Server/E thread.cpp:40] Start thread: Server/EL
I1102 17:50:22.350037 Server/E server_base.cpp:50] Server: Event loop starts
I1102 17:50:22.456041 Server/E engine.cpp:674] Engine: New message connection
I1102 17:50:22.459281 IO-0/EL  buffer_pool.h:25] BufferPool[IO-0_Read]: Allocate new buffer, current buffer count is 1
I1102 17:50:22.459312 IO-0/EL  engine.cpp:277] Engine: Receive new handshake message from message connection
I1102 17:50:22.459317 IO-0/EL  worker_manager.cpp:23] WorkerManager: Launcher of func_id 1 connected
I1102 17:50:22.459321 IO-0/EL  worker_manager.cpp:131] WorkerManager: Request new FuncWorker for func_id 1 with client_id 1
I1102 17:50:22.459354 IO-0/EL  buffer_pool.h:25] BufferPool[IO-0_Write]: Allocate new buffer, current buffer count is 1
I1102 17:50:22.459364 IO-0/EL  message_connection.cpp:269] LauncherConnection[1]: Handshake done
I1102 17:50:22.462555 Server/E engine.cpp:674] Engine: New message connection
I1102 17:50:22.462614 IO-0/EL  engine.cpp:277] Engine: Receive new handshake message from message connection
I1102 17:50:22.462621 IO-0/EL  worker_manager.cpp:60] WorkerManager: FuncWorker of func_id 1, client_id 1 connected
I1102 17:50:22.462632 IO-0/EL  dispatcher.cpp:47] Dispatcher[1]: min_workers=1
I1102 17:50:22.462635 IO-0/EL  dispatcher.cpp:51] Dispatcher[1]: max_workers=1
I1102 17:50:22.462656 IO-0/EL  message_connection.cpp:269] FuncWorkerConnection[1-1]: Handshake done
I1102 17:50:30.421765 Main     server_base.cpp:35] Server: Scheduled to stop
I1102 17:50:30.421857 Server/E server_base.cpp:109] Server: Start stopping process
I1102 17:50:30.421892 IO-0/EL  io_worker.cpp:206] IO-0: Start stopping process
I1102 17:50:30.421912 Server/E server_base.cpp:55] Server: Event loop finishes
