$ /users/vj2267/nightcore/benchmarks/run_bench.sh --duration 5 --workers 128 --remote vj2267@sm110p-10s10615.wisc.cloudlab.us --remote_addr 10.10.1.2 --machnet --local_machnet_ip 10.10.1.1 --mode hyperlight --target_rps 10000

=== Nightcore Stress Test (hyperlight mode) ===
Mode: hyperlight
Function: Echo
Workers: 128
Duration: 5 seconds
Target RPS (global): 10000
Input size: 64 bytes
Inflight limit per connection: 1
Engine IO workers: 1
Gateway conns per worker: 1
Warmup: 0 seconds
Stress Client: Remote (vj2267@sm110p-10s10615.wisc.cloudlab.us)
Engine Connection Address: 10.10.1.2 (explicit)
Transport: Machnet
  Remote Machnet IP: 10.10.1.2
  Local Machnet IP: 10.10.1.1

Cleaning up any existing stress_client on remote...
Starting stress_client on remote host vj2267@sm110p-10s10615.wisc.cloudlab.us...
  Remote SSH process PID: 1397403
  Output will be saved to: /users/vj2267/nightcore/benchmarks/outputs/stress_client_remote.txt
Waiting for remote stress_client to start...
I1102 19:08:13.248746 Main     thread.cpp:100] Register main thread: tid=1170216
I1102 19:08:13.248820 Main     stress_client.cpp:179] Using Machnet transport on 10.10.1.2:10007
I1102 19:08:13.248825 Main     stress_client_machnet.cpp:37] Starting Machnet event-loop thread...
[Loop Thread 124408481969856] Machnet event-loop thread started
I1102 19:08:13.252057 Server/E thread.cpp:40] Start thread: Server/EL
I1102 19:08:13.252087 Server/E server_base.cpp:50] Server: Event loop starts
Checking for file descriptor...
Got a file descriptor!
I1102 19:08:13.752168 Main     stress_client.cpp:43] === Nightcore Stress Test ===
I1102 19:08:13.752202 Main     stress_client.cpp:44] Function ID: 1
I1102 19:08:13.752210 Main     stress_client.cpp:45] Method ID: 0
I1102 19:08:13.752215 Main     stress_client.cpp:46] Input size: 64 bytes
I1102 19:08:13.752220 Main     stress_client.cpp:47] Global target RPS: 10000
I1102 19:08:13.752225 Main     stress_client.cpp:50] Inflight limit per connection: 1
I1102 19:08:13.752230 Main     stress_client.cpp:51] Warmup: 0s, Duration: 5s
I1102 19:08:13.752235 Main     stress_client.cpp:53] 
I1102 19:08:13.752239 Main     stress_client.cpp:54] ========================================
I1102 19:08:13.752244 Main     stress_client.cpp:57] Waiting for Engine to connect...
Listening on Machnet 10.10.1.2:10007 for Engine connections[Loop Thread 124408481969856] Machnet listener created
Starting Engine (connecting to 10.10.1.2:10007)...
  Engine PID: 1397405
New Machnet connection created: 168427777:1024 -> 168427778:10007
[Receive Thread 124408481969856] Handshake: pinned send flow 168427778:10007 -> 168427777:1024
[Loop Thread 124408481969856] Now sending on flow 168427778:10007 -> 168427777:1024
I1102 19:08:17.455639 Main     stress_client.cpp:71] Engine connected with 1 connection(s)
I1102 19:08:17.455674 Main     stress_client.cpp:73] Global target RPS: 10000
I1102 19:08:17.455682 Main     stress_client.cpp:76] 
I1102 19:08:17.455686 Main     stress_client.cpp:79] Waiting 3 seconds for workers to initialize...
Starting Launcher with 128 workers...
All components started. Stress test will begin after warmup...

I1102 19:08:21.456308 Main     stress_common.cpp:30] [T+1s] Sent: 10002 | Completed: 10001 | Failed: 0 | Latencies: 10001
I1102 19:08:22.456682 Main     stress_common.cpp:30] [T+2s] Sent: 20004 | Completed: 20003 | Failed: 0 | Latencies: 20003
I1102 19:08:23.456842 Main     stress_common.cpp:30] [T+3s] Sent: 30006 | Completed: 30005 | Failed: 0 | Latencies: 30005
I1102 19:08:24.456991 Main     stress_common.cpp:30] [T+4s] Sent: 40007 | Completed: 40007 | Failed: 0 | Latencies: 40007
I1102 19:08:25.457143 Main     stress_common.cpp:30] [T+5s] Sent: 49995 | Completed: 49995 | Failed: 0 | Latencies: 49995
I1102 19:08:25.457157 Main     stress_client.cpp:116] 
I1102 19:08:25.457173 Main     stress_common.cpp:42] ========================================
I1102 19:08:25.457175 Main     stress_common.cpp:43] === Stress Test Results ===
I1102 19:08:25.457177 Main     stress_common.cpp:44] ========================================
I1102 19:08:25.457178 Main     stress_common.cpp:45] Transport:         Machnet
I1102 19:08:25.457180 Main     stress_common.cpp:46] Connections:       1
I1102 19:08:25.457181 Main     stress_common.cpp:47] Duration:          5.00 seconds
I1102 19:08:25.457185 Main     stress_common.cpp:48] Total Sent:        49995
I1102 19:08:25.457187 Main     stress_common.cpp:49] Total Completed:   49995 (100.00%)
I1102 19:08:25.457189 Main     stress_common.cpp:52] Total Failed:      0 (0.00%)
I1102 19:08:25.457191 Main     stress_common.cpp:55] 
I1102 19:08:25.457192 Main     stress_common.cpp:56] Throughput:        9997.0 rps
I1102 19:08:25.457194 Main     stress_common.cpp:57] 
I1102 19:08:25.460501 Main     stress_common.cpp:71] Latency (us):
I1102 19:08:25.460512 Main     stress_common.cpp:72]   Min:    27
I1102 19:08:25.460518 Main     stress_common.cpp:73]   p50:    60
I1102 19:08:25.460525 Main     stress_common.cpp:74]   p90:    63
I1102 19:08:25.460530 Main     stress_common.cpp:75]   p99:    73
I1102 19:08:25.460534 Main     stress_common.cpp:76]   p99.9:  80
I1102 19:08:25.460539 Main     stress_common.cpp:77]   Max:    506
I1102 19:08:25.460544 Main     stress_common.cpp:82] ========================================
I1102 19:08:25.460550 Main     server_base.cpp:35] Server: Scheduled to stop
I1102 19:08:25.460690 Server/E server_base.cpp:109] Server: Start stopping process
[Loop Thread 124408481969856] Machnet event-loop thread finished
I1102 19:08:25.460782 Server/E server_base.cpp:55] Server: Event loop finishes
I1102 19:08:25.460837 Main     server_base.cpp:46] Server: Stopped

Stress test completed. Shutting down...

Copying results from remote host...
Remote stress_client output:
I1102 19:08:13.248746 Main     thread.cpp:100] Register main thread: tid=1170216
I1102 19:08:13.248820 Main     stress_client.cpp:179] Using Machnet transport on 10.10.1.2:10007
I1102 19:08:13.248825 Main     stress_client_machnet.cpp:37] Starting Machnet event-loop thread...
[Loop Thread 124408481969856] Machnet event-loop thread started
I1102 19:08:13.252057 Server/E thread.cpp:40] Start thread: Server/EL
I1102 19:08:13.252087 Server/E server_base.cpp:50] Server: Event loop starts
Checking for file descriptor...
Got a file descriptor!
I1102 19:08:13.752168 Main     stress_client.cpp:43] === Nightcore Stress Test ===
I1102 19:08:13.752202 Main     stress_client.cpp:44] Function ID: 1
I1102 19:08:13.752210 Main     stress_client.cpp:45] Method ID: 0
I1102 19:08:13.752215 Main     stress_client.cpp:46] Input size: 64 bytes
I1102 19:08:13.752220 Main     stress_client.cpp:47] Global target RPS: 10000
I1102 19:08:13.752225 Main     stress_client.cpp:50] Inflight limit per connection: 1
I1102 19:08:13.752230 Main     stress_client.cpp:51] Warmup: 0s, Duration: 5s
I1102 19:08:13.752235 Main     stress_client.cpp:53] 
I1102 19:08:13.752239 Main     stress_client.cpp:54] ========================================
I1102 19:08:13.752244 Main     stress_client.cpp:57] Waiting for Engine to connect...
Listening on Machnet 10.10.1.2:10007 for Engine connections[Loop Thread 124408481969856] Machnet listener created
New Machnet connection created: 168427777:1024 -> 168427778:10007
[Receive Thread 124408481969856] Handshake: pinned send flow 168427778:10007 -> 168427777:1024
[Loop Thread 124408481969856] Now sending on flow 168427778:10007 -> 168427777:1024
I1102 19:08:17.455639 Main     stress_client.cpp:71] Engine connected with 1 connection(s)
I1102 19:08:17.455674 Main     stress_client.cpp:73] Global target RPS: 10000
I1102 19:08:17.455682 Main     stress_client.cpp:76] 
I1102 19:08:17.455686 Main     stress_client.cpp:79] Waiting 3 seconds for workers to initialize...
I1102 19:08:21.456308 Main     stress_common.cpp:30] [T+1s] Sent: 10002 | Completed: 10001 | Failed: 0 | Latencies: 10001
I1102 19:08:22.456682 Main     stress_common.cpp:30] [T+2s] Sent: 20004 | Completed: 20003 | Failed: 0 | Latencies: 20003
I1102 19:08:23.456842 Main     stress_common.cpp:30] [T+3s] Sent: 30006 | Completed: 30005 | Failed: 0 | Latencies: 30005
I1102 19:08:24.456991 Main     stress_common.cpp:30] [T+4s] Sent: 40007 | Completed: 40007 | Failed: 0 | Latencies: 40007
I1102 19:08:25.457143 Main     stress_common.cpp:30] [T+5s] Sent: 49995 | Completed: 49995 | Failed: 0 | Latencies: 49995
I1102 19:08:25.457157 Main     stress_client.cpp:116] 
I1102 19:08:25.457173 Main     stress_common.cpp:42] ========================================
I1102 19:08:25.457175 Main     stress_common.cpp:43] === Stress Test Results ===
I1102 19:08:25.457177 Main     stress_common.cpp:44] ========================================
I1102 19:08:25.457178 Main     stress_common.cpp:45] Transport:         Machnet
I1102 19:08:25.457180 Main     stress_common.cpp:46] Connections:       1
I1102 19:08:25.457181 Main     stress_common.cpp:47] Duration:          5.00 seconds
I1102 19:08:25.457185 Main     stress_common.cpp:48] Total Sent:        49995
I1102 19:08:25.457187 Main     stress_common.cpp:49] Total Completed:   49995 (100.00%)
I1102 19:08:25.457189 Main     stress_common.cpp:52] Total Failed:      0 (0.00%)
I1102 19:08:25.457191 Main     stress_common.cpp:55] 
I1102 19:08:25.457192 Main     stress_common.cpp:56] Throughput:        9997.0 rps
I1102 19:08:25.457194 Main     stress_common.cpp:57] 
I1102 19:08:25.460501 Main     stress_common.cpp:71] Latency (us):
I1102 19:08:25.460512 Main     stress_common.cpp:72]   Min:    27
I1102 19:08:25.460518 Main     stress_common.cpp:73]   p50:    60
I1102 19:08:25.460525 Main     stress_common.cpp:74]   p90:    63
I1102 19:08:25.460530 Main     stress_common.cpp:75]   p99:    73
I1102 19:08:25.460534 Main     stress_common.cpp:76]   p99.9:  80
I1102 19:08:25.460539 Main     stress_common.cpp:77]   Max:    506
I1102 19:08:25.460544 Main     stress_common.cpp:82] ========================================
I1102 19:08:25.460550 Main     server_base.cpp:35] Server: Scheduled to stop
I1102 19:08:25.460690 Server/E server_base.cpp:109] Server: Start stopping process
[Loop Thread 124408481969856] Machnet event-loop thread finished
I1102 19:08:25.460782 Server/E server_base.cpp:55] Server: Event loop finishes
I1102 19:08:25.460837 Main     server_base.cpp:46] Server: Stopped

Cleaning up any remaining remote stress_client processes...

Logs saved to:
  Engine:   /users/vj2267/nightcore/benchmarks/outputs/engine.log
  Launcher: /users/vj2267/nightcore/benchmarks/outputs/launcher.log
  Workers:  /users/vj2267/nightcore/benchmarks/outputs/Echo_worker_*.stdout
