I1102 19:08:15.931106 Main     thread.cpp:100] Register main thread: tid=1397405
E1102 19:08:15.931809 Main     docker.cpp:59] Cannot find docker's cgroup in /proc/self/cgroup
I1102 19:08:15.931860 Main     func_config.cpp:135] Load configuration for function Echo[1]
I1102 19:08:15.931871 Main     engine.cpp:109] Engine: Start 1 IO workers
I1102 19:08:15.935119 IO-0/EL  thread.cpp:40] Start thread: IO-0/EL
I1102 19:08:15.935167 IO-0/EL  io_worker.cpp:192] IO-0: Event loop starts
Checking for file descriptor...
Got a file descriptor!
I1102 19:08:17.367284 Main     engine.cpp:180] Engine: Created 1 Machnet connections to Gateway at 10.10.1.2:10007
I1102 19:08:17.367342 Main     engine.cpp:208] Engine: Listen on /dev/shm/faas_ipc/engine.sock for IPC connections
I1102 19:08:17.367522 Server/E thread.cpp:40] Start thread: Server/EL
I1102 19:08:17.367636 Server/E server_base.cpp:50] Server: Event loop starts
I1102 19:08:17.934283 Server/E engine.cpp:674] Engine: New message connection
I1102 19:08:17.937604 IO-0/EL  buffer_pool.h:25] BufferPool[IO-0_Read]: Allocate new buffer, current buffer count is 1
I1102 19:08:17.937636 IO-0/EL  engine.cpp:277] Engine: Receive new handshake message from message connection
I1102 19:08:17.937642 IO-0/EL  worker_manager.cpp:23] WorkerManager: Launcher of func_id 1 connected
I1102 19:08:17.937646 IO-0/EL  worker_manager.cpp:131] WorkerManager: Request new FuncWorker for func_id 1 with client_id 1
I1102 19:08:17.937665 IO-0/EL  worker_manager.cpp:131] WorkerManager: Request new FuncWorker for func_id 1 with client_id 2
I1102 19:08:17.937678 IO-0/EL  worker_manager.cpp:131] WorkerManager: Request new FuncWorker for func_id 1 with client_id 3
I1102 19:08:17.937687 IO-0/EL  worker_manager.cpp:131] WorkerManager: Request new FuncWorker for func_id 1 with client_id 4
I1102 19:08:17.937696 IO-0/EL  worker_manager.cpp:131] WorkerManager: Request new FuncWorker for func_id 1 with client_id 5
I1102 19:08:17.937705 IO-0/EL  worker_manager.cpp:131] WorkerManager: Request new FuncWorker for func_id 1 with client_id 6
I1102 19:08:17.937719 IO-0/EL  worker_manager.cpp:131] WorkerManager: Request new FuncWorker for func_id 1 with client_id 7
I1102 19:08:17.937730 IO-0/EL  worker_manager.cpp:131] WorkerManager: Request new FuncWorker for func_id 1 with client_id 8
I1102 19:08:17.937742 IO-0/EL  worker_manager.cpp:131] WorkerManager: Request new FuncWorker for func_id 1 with client_id 9
I1102 19:08:17.937751 IO-0/EL  worker_manager.cpp:131] WorkerManager: Request new FuncWorker for func_id 1 with client_id 10
I1102 19:08:17.937762 IO-0/EL  worker_manager.cpp:131] WorkerManager: Request new FuncWorker for func_id 1 with client_id 11
I1102 19:08:17.937772 IO-0/EL  worker_manager.cpp:131] WorkerManager: Request new FuncWorker for func_id 1 with client_id 12
I1102 19:08:17.937785 IO-0/EL  worker_manager.cpp:131] WorkerManager: Request new FuncWorker for func_id 1 with client_id 13
I1102 19:08:17.937794 IO-0/EL  worker_manager.cpp:131] WorkerManager: Request new FuncWorker for func_id 1 with client_id 14
I1102 19:08:17.937804 IO-0/EL  worker_manager.cpp:131] WorkerManager: Request new FuncWorker for func_id 1 with client_id 15
I1102 19:08:17.937815 IO-0/EL  worker_manager.cpp:131] WorkerManager: Request new FuncWorker for func_id 1 with client_id 16
I1102 19:08:17.937824 IO-0/EL  worker_manager.cpp:131] WorkerManager: Request new FuncWorker for func_id 1 with client_id 17
I1102 19:08:17.937842 IO-0/EL  worker_manager.cpp:131] WorkerManager: Request new FuncWorker for func_id 1 with client_id 18
I1102 19:08:17.937851 IO-0/EL  worker_manager.cpp:131] WorkerManager: Request new FuncWorker for func_id 1 with client_id 19
I1102 19:08:17.937862 IO-0/EL  worker_manager.cpp:131] WorkerManager: Request new FuncWorker for func_id 1 with client_id 20
I1102 19:08:17.937873 IO-0/EL  worker_manager.cpp:131] WorkerManager: Request new FuncWorker for func_id 1 with client_id 21
I1102 19:08:17.937883 IO-0/EL  worker_manager.cpp:131] WorkerManager: Request new FuncWorker for func_id 1 with client_id 22
I1102 19:08:17.937892 IO-0/EL  worker_manager.cpp:131] WorkerManager: Request new FuncWorker for func_id 1 with client_id 23
I1102 19:08:17.937921 IO-0/EL  worker_manager.cpp:131] WorkerManager: Request new FuncWorker for func_id 1 with client_id 24
I1102 19:08:17.937932 IO-0/EL  worker_manager.cpp:131] WorkerManager: Request new FuncWorker for func_id 1 with client_id 25
I1102 19:08:17.937941 IO-0/EL  worker_manager.cpp:131] WorkerManager: Request new FuncWorker for func_id 1 with client_id 26
I1102 19:08:17.937950 IO-0/EL  worker_manager.cpp:131] WorkerManager: Request new FuncWorker for func_id 1 with client_id 27
I1102 19:08:17.937962 IO-0/EL  worker_manager.cpp:131] WorkerManager: Request new FuncWorker for func_id 1 with client_id 28
I1102 19:08:17.937972 IO-0/EL  worker_manager.cpp:131] WorkerManager: Request new FuncWorker for func_id 1 with client_id 29
I1102 19:08:17.937981 IO-0/EL  worker_manager.cpp:131] WorkerManager: Request new FuncWorker for func_id 1 with client_id 30
I1102 19:08:17.937991 IO-0/EL  worker_manager.cpp:131] WorkerManager: Request new FuncWorker for func_id 1 with client_id 31
I1102 19:08:17.938000 IO-0/EL  worker_manager.cpp:131] WorkerManager: Request new FuncWorker for func_id 1 with client_id 32
I1102 19:08:17.938009 IO-0/EL  worker_manager.cpp:131] WorkerManager: Request new FuncWorker for func_id 1 with client_id 33
I1102 19:08:17.938041 IO-0/EL  worker_manager.cpp:131] WorkerManager: Request new FuncWorker for func_id 1 with client_id 34
I1102 19:08:17.938051 IO-0/EL  worker_manager.cpp:131] WorkerManager: Request new FuncWorker for func_id 1 with client_id 35
I1102 19:08:17.938064 IO-0/EL  worker_manager.cpp:131] WorkerManager: Request new FuncWorker for func_id 1 with client_id 36
I1102 19:08:17.938075 IO-0/EL  worker_manager.cpp:131] WorkerManager: Request new FuncWorker for func_id 1 with client_id 37
I1102 19:08:17.938084 IO-0/EL  worker_manager.cpp:131] WorkerManager: Request new FuncWorker for func_id 1 with client_id 38
I1102 19:08:17.938094 IO-0/EL  worker_manager.cpp:131] WorkerManager: Request new FuncWorker for func_id 1 with client_id 39
I1102 19:08:17.938106 IO-0/EL  worker_manager.cpp:131] WorkerManager: Request new FuncWorker for func_id 1 with client_id 40
I1102 19:08:17.938115 IO-0/EL  worker_manager.cpp:131] WorkerManager: Request new FuncWorker for func_id 1 with client_id 41
I1102 19:08:17.938124 IO-0/EL  worker_manager.cpp:131] WorkerManager: Request new FuncWorker for func_id 1 with client_id 42
I1102 19:08:17.938134 IO-0/EL  worker_manager.cpp:131] WorkerManager: Request new FuncWorker for func_id 1 with client_id 43
I1102 19:08:17.938146 IO-0/EL  worker_manager.cpp:131] WorkerManager: Request new FuncWorker for func_id 1 with client_id 44
I1102 19:08:17.938156 IO-0/EL  worker_manager.cpp:131] WorkerManager: Request new FuncWorker for func_id 1 with client_id 45
I1102 19:08:17.938166 IO-0/EL  worker_manager.cpp:131] WorkerManager: Request new FuncWorker for func_id 1 with client_id 46
I1102 19:08:17.938175 IO-0/EL  worker_manager.cpp:131] WorkerManager: Request new FuncWorker for func_id 1 with client_id 47
I1102 19:08:17.938187 IO-0/EL  worker_manager.cpp:131] WorkerManager: Request new FuncWorker for func_id 1 with client_id 48
I1102 19:08:17.938197 IO-0/EL  worker_manager.cpp:131] WorkerManager: Request new FuncWorker for func_id 1 with client_id 49
I1102 19:08:17.938207 IO-0/EL  worker_manager.cpp:131] WorkerManager: Request new FuncWorker for func_id 1 with client_id 50
I1102 19:08:17.938217 IO-0/EL  worker_manager.cpp:131] WorkerManager: Request new FuncWorker for func_id 1 with client_id 51
I1102 19:08:17.938228 IO-0/EL  worker_manager.cpp:131] WorkerManager: Request new FuncWorker for func_id 1 with client_id 52
I1102 19:08:17.938237 IO-0/EL  worker_manager.cpp:131] WorkerManager: Request new FuncWorker for func_id 1 with client_id 53
I1102 19:08:17.938247 IO-0/EL  worker_manager.cpp:131] WorkerManager: Request new FuncWorker for func_id 1 with client_id 54
I1102 19:08:17.938256 IO-0/EL  worker_manager.cpp:131] WorkerManager: Request new FuncWorker for func_id 1 with client_id 55
I1102 19:08:17.938267 IO-0/EL  worker_manager.cpp:131] WorkerManager: Request new FuncWorker for func_id 1 with client_id 56
I1102 19:08:17.938283 IO-0/EL  worker_manager.cpp:131] WorkerManager: Request new FuncWorker for func_id 1 with client_id 57
I1102 19:08:17.938294 IO-0/EL  worker_manager.cpp:131] WorkerManager: Request new FuncWorker for func_id 1 with client_id 58
I1102 19:08:17.938303 IO-0/EL  worker_manager.cpp:131] WorkerManager: Request new FuncWorker for func_id 1 with client_id 59
I1102 19:08:17.938314 IO-0/EL  worker_manager.cpp:131] WorkerManager: Request new FuncWorker for func_id 1 with client_id 60
I1102 19:08:17.938326 IO-0/EL  worker_manager.cpp:131] WorkerManager: Request new FuncWorker for func_id 1 with client_id 61
I1102 19:08:17.938335 IO-0/EL  worker_manager.cpp:131] WorkerManager: Request new FuncWorker for func_id 1 with client_id 62
I1102 19:08:17.938344 IO-0/EL  worker_manager.cpp:131] WorkerManager: Request new FuncWorker for func_id 1 with client_id 63
I1102 19:08:17.938353 IO-0/EL  worker_manager.cpp:131] WorkerManager: Request new FuncWorker for func_id 1 with client_id 64
I1102 19:08:17.938362 IO-0/EL  worker_manager.cpp:131] WorkerManager: Request new FuncWorker for func_id 1 with client_id 65
I1102 19:08:17.938411 IO-0/EL  worker_manager.cpp:131] WorkerManager: Request new FuncWorker for func_id 1 with client_id 66
I1102 19:08:17.938422 IO-0/EL  worker_manager.cpp:131] WorkerManager: Request new FuncWorker for func_id 1 with client_id 67
I1102 19:08:17.938431 IO-0/EL  worker_manager.cpp:131] WorkerManager: Request new FuncWorker for func_id 1 with client_id 68
I1102 19:08:17.938444 IO-0/EL  worker_manager.cpp:131] WorkerManager: Request new FuncWorker for func_id 1 with client_id 69
I1102 19:08:17.938453 IO-0/EL  worker_manager.cpp:131] WorkerManager: Request new FuncWorker for func_id 1 with client_id 70
I1102 19:08:17.938462 IO-0/EL  worker_manager.cpp:131] WorkerManager: Request new FuncWorker for func_id 1 with client_id 71
I1102 19:08:17.938471 IO-0/EL  worker_manager.cpp:131] WorkerManager: Request new FuncWorker for func_id 1 with client_id 72
I1102 19:08:17.938484 IO-0/EL  worker_manager.cpp:131] WorkerManager: Request new FuncWorker for func_id 1 with client_id 73
I1102 19:08:17.938494 IO-0/EL  worker_manager.cpp:131] WorkerManager: Request new FuncWorker for func_id 1 with client_id 74
I1102 19:08:17.938504 IO-0/EL  worker_manager.cpp:131] WorkerManager: Request new FuncWorker for func_id 1 with client_id 75
I1102 19:08:17.938515 IO-0/EL  worker_manager.cpp:131] WorkerManager: Request new FuncWorker for func_id 1 with client_id 76
I1102 19:08:17.938527 IO-0/EL  worker_manager.cpp:131] WorkerManager: Request new FuncWorker for func_id 1 with client_id 77
I1102 19:08:17.938537 IO-0/EL  worker_manager.cpp:131] WorkerManager: Request new FuncWorker for func_id 1 with client_id 78
I1102 19:08:17.938546 IO-0/EL  worker_manager.cpp:131] WorkerManager: Request new FuncWorker for func_id 1 with client_id 79
I1102 19:08:17.938555 IO-0/EL  worker_manager.cpp:131] WorkerManager: Request new FuncWorker for func_id 1 with client_id 80
I1102 19:08:17.938569 IO-0/EL  worker_manager.cpp:131] WorkerManager: Request new FuncWorker for func_id 1 with client_id 81
I1102 19:08:17.938579 IO-0/EL  worker_manager.cpp:131] WorkerManager: Request new FuncWorker for func_id 1 with client_id 82
I1102 19:08:17.938588 IO-0/EL  worker_manager.cpp:131] WorkerManager: Request new FuncWorker for func_id 1 with client_id 83
I1102 19:08:17.938599 IO-0/EL  worker_manager.cpp:131] WorkerManager: Request new FuncWorker for func_id 1 with client_id 84
I1102 19:08:17.938611 IO-0/EL  worker_manager.cpp:131] WorkerManager: Request new FuncWorker for func_id 1 with client_id 85
I1102 19:08:17.938620 IO-0/EL  worker_manager.cpp:131] WorkerManager: Request new FuncWorker for func_id 1 with client_id 86
I1102 19:08:17.938630 IO-0/EL  worker_manager.cpp:131] WorkerManager: Request new FuncWorker for func_id 1 with client_id 87
I1102 19:08:17.938641 IO-0/EL  worker_manager.cpp:131] WorkerManager: Request new FuncWorker for func_id 1 with client_id 88
I1102 19:08:17.938657 IO-0/EL  worker_manager.cpp:131] WorkerManager: Request new FuncWorker for func_id 1 with client_id 89
I1102 19:08:17.938667 IO-0/EL  worker_manager.cpp:131] WorkerManager: Request new FuncWorker for func_id 1 with client_id 90
I1102 19:08:17.938678 IO-0/EL  worker_manager.cpp:131] WorkerManager: Request new FuncWorker for func_id 1 with client_id 91
I1102 19:08:17.938688 IO-0/EL  worker_manager.cpp:131] WorkerManager: Request new FuncWorker for func_id 1 with client_id 92
I1102 19:08:17.938699 IO-0/EL  worker_manager.cpp:131] WorkerManager: Request new FuncWorker for func_id 1 with client_id 93
I1102 19:08:17.938713 IO-0/EL  worker_manager.cpp:131] WorkerManager: Request new FuncWorker for func_id 1 with client_id 94
I1102 19:08:17.938723 IO-0/EL  worker_manager.cpp:131] WorkerManager: Request new FuncWorker for func_id 1 with client_id 95
I1102 19:08:17.938735 IO-0/EL  worker_manager.cpp:131] WorkerManager: Request new FuncWorker for func_id 1 with client_id 96
I1102 19:08:17.938749 IO-0/EL  worker_manager.cpp:131] WorkerManager: Request new FuncWorker for func_id 1 with client_id 97
I1102 19:08:17.938759 IO-0/EL  worker_manager.cpp:131] WorkerManager: Request new FuncWorker for func_id 1 with client_id 98
I1102 19:08:17.938770 IO-0/EL  worker_manager.cpp:131] WorkerManager: Request new FuncWorker for func_id 1 with client_id 99
I1102 19:08:17.938780 IO-0/EL  worker_manager.cpp:131] WorkerManager: Request new FuncWorker for func_id 1 with client_id 100
I1102 19:08:17.938792 IO-0/EL  worker_manager.cpp:131] WorkerManager: Request new FuncWorker for func_id 1 with client_id 101
I1102 19:08:17.938802 IO-0/EL  worker_manager.cpp:131] WorkerManager: Request new FuncWorker for func_id 1 with client_id 102
I1102 19:08:17.938815 IO-0/EL  worker_manager.cpp:131] WorkerManager: Request new FuncWorker for func_id 1 with client_id 103
I1102 19:08:17.938825 IO-0/EL  worker_manager.cpp:131] WorkerManager: Request new FuncWorker for func_id 1 with client_id 104
I1102 19:08:17.938836 IO-0/EL  worker_manager.cpp:131] WorkerManager: Request new FuncWorker for func_id 1 with client_id 105
I1102 19:08:17.938848 IO-0/EL  worker_manager.cpp:131] WorkerManager: Request new FuncWorker for func_id 1 with client_id 106
I1102 19:08:17.938857 IO-0/EL  worker_manager.cpp:131] WorkerManager: Request new FuncWorker for func_id 1 with client_id 107
I1102 19:08:17.938866 IO-0/EL  worker_manager.cpp:131] WorkerManager: Request new FuncWorker for func_id 1 with client_id 108
I1102 19:08:17.938878 IO-0/EL  worker_manager.cpp:131] WorkerManager: Request new FuncWorker for func_id 1 with client_id 109
I1102 19:08:17.938888 IO-0/EL  worker_manager.cpp:131] WorkerManager: Request new FuncWorker for func_id 1 with client_id 110
I1102 19:08:17.938899 IO-0/EL  worker_manager.cpp:131] WorkerManager: Request new FuncWorker for func_id 1 with client_id 111
I1102 19:08:17.938908 IO-0/EL  worker_manager.cpp:131] WorkerManager: Request new FuncWorker for func_id 1 with client_id 112
I1102 19:08:17.938920 IO-0/EL  worker_manager.cpp:131] WorkerManager: Request new FuncWorker for func_id 1 with client_id 113
I1102 19:08:17.938931 IO-0/EL  worker_manager.cpp:131] WorkerManager: Request new FuncWorker for func_id 1 with client_id 114
I1102 19:08:17.938941 IO-0/EL  worker_manager.cpp:131] WorkerManager: Request new FuncWorker for func_id 1 with client_id 115
I1102 19:08:17.938950 IO-0/EL  worker_manager.cpp:131] WorkerManager: Request new FuncWorker for func_id 1 with client_id 116
I1102 19:08:17.938962 IO-0/EL  worker_manager.cpp:131] WorkerManager: Request new FuncWorker for func_id 1 with client_id 117
I1102 19:08:17.938973 IO-0/EL  worker_manager.cpp:131] WorkerManager: Request new FuncWorker for func_id 1 with client_id 118
I1102 19:08:17.938989 IO-0/EL  worker_manager.cpp:131] WorkerManager: Request new FuncWorker for func_id 1 with client_id 119
I1102 19:08:17.938998 IO-0/EL  worker_manager.cpp:131] WorkerManager: Request new FuncWorker for func_id 1 with client_id 120
I1102 19:08:17.939013 IO-0/EL  worker_manager.cpp:131] WorkerManager: Request new FuncWorker for func_id 1 with client_id 121
I1102 19:08:17.939027 IO-0/EL  worker_manager.cpp:131] WorkerManager: Request new FuncWorker for func_id 1 with client_id 122
I1102 19:08:17.939037 IO-0/EL  worker_manager.cpp:131] WorkerManager: Request new FuncWorker for func_id 1 with client_id 123
I1102 19:08:17.939046 IO-0/EL  worker_manager.cpp:131] WorkerManager: Request new FuncWorker for func_id 1 with client_id 124
I1102 19:08:17.939057 IO-0/EL  worker_manager.cpp:131] WorkerManager: Request new FuncWorker for func_id 1 with client_id 125
I1102 19:08:17.939069 IO-0/EL  worker_manager.cpp:131] WorkerManager: Request new FuncWorker for func_id 1 with client_id 126
I1102 19:08:17.939079 IO-0/EL  worker_manager.cpp:131] WorkerManager: Request new FuncWorker for func_id 1 with client_id 127
I1102 19:08:17.939088 IO-0/EL  worker_manager.cpp:131] WorkerManager: Request new FuncWorker for func_id 1 with client_id 128
I1102 19:08:17.939194 IO-0/EL  buffer_pool.h:25] BufferPool[IO-0_Write]: Allocate new buffer, current buffer count is 1
I1102 19:08:17.939225 IO-0/EL  buffer_pool.h:25] BufferPool[IO-0_Write]: Allocate new buffer, current buffer count is 2
I1102 19:08:17.939254 IO-0/EL  message_connection.cpp:269] LauncherConnection[1]: Handshake done
I1102 19:08:17.943703 Server/E engine.cpp:674] Engine: New message connection
I1102 19:08:17.943741 IO-0/EL  engine.cpp:277] Engine: Receive new handshake message from message connection
I1102 19:08:17.943748 IO-0/EL  worker_manager.cpp:60] WorkerManager: FuncWorker of func_id 1, client_id 1 connected
I1102 19:08:17.943758 IO-0/EL  dispatcher.cpp:47] Dispatcher[1]: min_workers=128
I1102 19:08:17.943762 IO-0/EL  dispatcher.cpp:51] Dispatcher[1]: max_workers=128
I1102 19:08:17.943783 IO-0/EL  message_connection.cpp:269] FuncWorkerConnection[1-1]: Handshake done
I1102 19:08:17.944050 Server/E engine.cpp:674] Engine: New message connection
I1102 19:08:17.944075 IO-0/EL  engine.cpp:277] Engine: Receive new handshake message from message connection
I1102 19:08:17.944080 IO-0/EL  worker_manager.cpp:60] WorkerManager: FuncWorker of func_id 1, client_id 2 connected
I1102 19:08:17.944094 IO-0/EL  message_connection.cpp:269] FuncWorkerConnection[1-2]: Handshake done
I1102 19:08:17.944473 Server/E engine.cpp:674] Engine: New message connection
I1102 19:08:17.944497 IO-0/EL  engine.cpp:277] Engine: Receive new handshake message from message connection
I1102 19:08:17.944502 IO-0/EL  worker_manager.cpp:60] WorkerManager: FuncWorker of func_id 1, client_id 3 connected
I1102 19:08:17.944516 IO-0/EL  message_connection.cpp:269] FuncWorkerConnection[1-3]: Handshake done
I1102 19:08:17.946231 Server/E engine.cpp:674] Engine: New message connection
I1102 19:08:17.946259 IO-0/EL  engine.cpp:277] Engine: Receive new handshake message from message connection
I1102 19:08:17.946264 IO-0/EL  worker_manager.cpp:60] WorkerManager: FuncWorker of func_id 1, client_id 4 connected
I1102 19:08:17.946279 IO-0/EL  message_connection.cpp:269] FuncWorkerConnection[1-4]: Handshake done
I1102 19:08:17.946552 Server/E engine.cpp:674] Engine: New message connection
I1102 19:08:17.946571 IO-0/EL  engine.cpp:277] Engine: Receive new handshake message from message connection
I1102 19:08:17.946575 IO-0/EL  worker_manager.cpp:60] WorkerManager: FuncWorker of func_id 1, client_id 5 connected
I1102 19:08:17.946588 IO-0/EL  message_connection.cpp:269] FuncWorkerConnection[1-5]: Handshake done
I1102 19:08:17.947472 Server/E engine.cpp:674] Engine: New message connection
I1102 19:08:17.947544 IO-0/EL  engine.cpp:277] Engine: Receive new handshake message from message connection
I1102 19:08:17.947549 IO-0/EL  worker_manager.cpp:60] WorkerManager: FuncWorker of func_id 1, client_id 6 connected
I1102 19:08:17.947563 IO-0/EL  message_connection.cpp:269] FuncWorkerConnection[1-6]: Handshake done
I1102 19:08:17.948458 Server/E engine.cpp:674] Engine: New message connection
I1102 19:08:17.948556 IO-0/EL  engine.cpp:277] Engine: Receive new handshake message from message connection
I1102 19:08:17.948561 IO-0/EL  worker_manager.cpp:60] WorkerManager: FuncWorker of func_id 1, client_id 7 connected
I1102 19:08:17.948584 IO-0/EL  message_connection.cpp:269] FuncWorkerConnection[1-7]: Handshake done
I1102 19:08:17.949400 Server/E engine.cpp:674] Engine: New message connection
I1102 19:08:17.949490 IO-0/EL  engine.cpp:277] Engine: Receive new handshake message from message connection
I1102 19:08:17.949496 IO-0/EL  worker_manager.cpp:60] WorkerManager: FuncWorker of func_id 1, client_id 8 connected
I1102 19:08:17.949510 IO-0/EL  message_connection.cpp:269] FuncWorkerConnection[1-8]: Handshake done
I1102 19:08:17.949773 Server/E engine.cpp:674] Engine: New message connection
I1102 19:08:17.949836 IO-0/EL  engine.cpp:277] Engine: Receive new handshake message from message connection
I1102 19:08:17.949842 IO-0/EL  worker_manager.cpp:60] WorkerManager: FuncWorker of func_id 1, client_id 9 connected
I1102 19:08:17.949856 IO-0/EL  message_connection.cpp:269] FuncWorkerConnection[1-9]: Handshake done
I1102 19:08:17.950189 Server/E engine.cpp:674] Engine: New message connection
I1102 19:08:17.950238 IO-0/EL  engine.cpp:277] Engine: Receive new handshake message from message connection
I1102 19:08:17.950243 IO-0/EL  worker_manager.cpp:60] WorkerManager: FuncWorker of func_id 1, client_id 10 connected
I1102 19:08:17.950256 IO-0/EL  message_connection.cpp:269] FuncWorkerConnection[1-10]: Handshake done
I1102 19:08:17.950889 Server/E engine.cpp:674] Engine: New message connection
I1102 19:08:17.951003 IO-0/EL  engine.cpp:277] Engine: Receive new handshake message from message connection
I1102 19:08:17.951008 IO-0/EL  worker_manager.cpp:60] WorkerManager: FuncWorker of func_id 1, client_id 11 connected
I1102 19:08:17.951022 IO-0/EL  message_connection.cpp:269] FuncWorkerConnection[1-11]: Handshake done
I1102 19:08:17.951271 Server/E engine.cpp:674] Engine: New message connection
I1102 19:08:17.951333 IO-0/EL  engine.cpp:277] Engine: Receive new handshake message from message connection
I1102 19:08:17.951338 IO-0/EL  worker_manager.cpp:60] WorkerManager: FuncWorker of func_id 1, client_id 12 connected
I1102 19:08:17.951352 IO-0/EL  message_connection.cpp:269] FuncWorkerConnection[1-12]: Handshake done
I1102 19:08:17.951895 Server/E engine.cpp:674] Engine: New message connection
I1102 19:08:17.951922 IO-0/EL  engine.cpp:277] Engine: Receive new handshake message from message connection
I1102 19:08:17.951927 IO-0/EL  worker_manager.cpp:60] WorkerManager: FuncWorker of func_id 1, client_id 13 connected
I1102 19:08:17.951940 IO-0/EL  message_connection.cpp:269] FuncWorkerConnection[1-13]: Handshake done
I1102 19:08:17.952247 Server/E engine.cpp:674] Engine: New message connection
I1102 19:08:17.952274 IO-0/EL  engine.cpp:277] Engine: Receive new handshake message from message connection
I1102 19:08:17.952278 IO-0/EL  worker_manager.cpp:60] WorkerManager: FuncWorker of func_id 1, client_id 14 connected
I1102 19:08:17.952291 IO-0/EL  message_connection.cpp:269] FuncWorkerConnection[1-14]: Handshake done
I1102 19:08:17.952780 Server/E engine.cpp:674] Engine: New message connection
I1102 19:08:17.952831 IO-0/EL  engine.cpp:277] Engine: Receive new handshake message from message connection
I1102 19:08:17.952836 IO-0/EL  worker_manager.cpp:60] WorkerManager: FuncWorker of func_id 1, client_id 15 connected
I1102 19:08:17.952850 IO-0/EL  message_connection.cpp:269] FuncWorkerConnection[1-15]: Handshake done
I1102 19:08:17.953382 Server/E engine.cpp:674] Engine: New message connection
I1102 19:08:17.953423 IO-0/EL  engine.cpp:277] Engine: Receive new handshake message from message connection
I1102 19:08:17.953428 IO-0/EL  worker_manager.cpp:60] WorkerManager: FuncWorker of func_id 1, client_id 16 connected
I1102 19:08:17.953441 IO-0/EL  message_connection.cpp:269] FuncWorkerConnection[1-16]: Handshake done
I1102 19:08:17.953779 Server/E engine.cpp:674] Engine: New message connection
I1102 19:08:17.953820 IO-0/EL  engine.cpp:277] Engine: Receive new handshake message from message connection
I1102 19:08:17.953825 IO-0/EL  worker_manager.cpp:60] WorkerManager: FuncWorker of func_id 1, client_id 17 connected
I1102 19:08:17.953850 IO-0/EL  message_connection.cpp:269] FuncWorkerConnection[1-17]: Handshake done
I1102 19:08:17.954186 Server/E engine.cpp:674] Engine: New message connection
I1102 19:08:17.954225 IO-0/EL  engine.cpp:277] Engine: Receive new handshake message from message connection
I1102 19:08:17.954229 IO-0/EL  worker_manager.cpp:60] WorkerManager: FuncWorker of func_id 1, client_id 18 connected
I1102 19:08:17.954242 IO-0/EL  message_connection.cpp:269] FuncWorkerConnection[1-18]: Handshake done
I1102 19:08:17.954777 Server/E engine.cpp:674] Engine: New message connection
I1102 19:08:17.954818 IO-0/EL  engine.cpp:277] Engine: Receive new handshake message from message connection
I1102 19:08:17.954823 IO-0/EL  worker_manager.cpp:60] WorkerManager: FuncWorker of func_id 1, client_id 19 connected
I1102 19:08:17.954836 IO-0/EL  message_connection.cpp:269] FuncWorkerConnection[1-19]: Handshake done
I1102 19:08:17.955295 Server/E engine.cpp:674] Engine: New message connection
I1102 19:08:17.955331 IO-0/EL  engine.cpp:277] Engine: Receive new handshake message from message connection
I1102 19:08:17.955336 IO-0/EL  worker_manager.cpp:60] WorkerManager: FuncWorker of func_id 1, client_id 20 connected
I1102 19:08:17.955349 IO-0/EL  message_connection.cpp:269] FuncWorkerConnection[1-20]: Handshake done
I1102 19:08:17.955574 Server/E engine.cpp:674] Engine: New message connection
I1102 19:08:17.955608 IO-0/EL  engine.cpp:277] Engine: Receive new handshake message from message connection
I1102 19:08:17.955612 IO-0/EL  worker_manager.cpp:60] WorkerManager: FuncWorker of func_id 1, client_id 21 connected
I1102 19:08:17.955625 IO-0/EL  message_connection.cpp:269] FuncWorkerConnection[1-21]: Handshake done
I1102 19:08:17.956087 Server/E engine.cpp:674] Engine: New message connection
I1102 19:08:17.956123 IO-0/EL  engine.cpp:277] Engine: Receive new handshake message from message connection
I1102 19:08:17.956127 IO-0/EL  worker_manager.cpp:60] WorkerManager: FuncWorker of func_id 1, client_id 22 connected
I1102 19:08:17.956141 IO-0/EL  message_connection.cpp:269] FuncWorkerConnection[1-22]: Handshake done
I1102 19:08:17.956566 Server/E engine.cpp:674] Engine: New message connection
I1102 19:08:17.956599 IO-0/EL  engine.cpp:277] Engine: Receive new handshake message from message connection
I1102 19:08:17.956603 IO-0/EL  worker_manager.cpp:60] WorkerManager: FuncWorker of func_id 1, client_id 23 connected
I1102 19:08:17.956616 IO-0/EL  message_connection.cpp:269] FuncWorkerConnection[1-23]: Handshake done
I1102 19:08:17.957161 Server/E engine.cpp:674] Engine: New message connection
I1102 19:08:17.957202 IO-0/EL  engine.cpp:277] Engine: Receive new handshake message from message connection
I1102 19:08:17.957206 IO-0/EL  worker_manager.cpp:60] WorkerManager: FuncWorker of func_id 1, client_id 24 connected
I1102 19:08:17.957219 IO-0/EL  message_connection.cpp:269] FuncWorkerConnection[1-24]: Handshake done
I1102 19:08:17.957523 Server/E engine.cpp:674] Engine: New message connection
I1102 19:08:17.957564 IO-0/EL  engine.cpp:277] Engine: Receive new handshake message from message connection
I1102 19:08:17.957569 IO-0/EL  worker_manager.cpp:60] WorkerManager: FuncWorker of func_id 1, client_id 25 connected
I1102 19:08:17.957581 IO-0/EL  message_connection.cpp:269] FuncWorkerConnection[1-25]: Handshake done
I1102 19:08:17.958175 Server/E engine.cpp:674] Engine: New message connection
I1102 19:08:17.958217 IO-0/EL  engine.cpp:277] Engine: Receive new handshake message from message connection
I1102 19:08:17.958221 IO-0/EL  worker_manager.cpp:60] WorkerManager: FuncWorker of func_id 1, client_id 26 connected
I1102 19:08:17.958234 IO-0/EL  message_connection.cpp:269] FuncWorkerConnection[1-26]: Handshake done
I1102 19:08:17.958471 Server/E engine.cpp:674] Engine: New message connection
I1102 19:08:17.958506 IO-0/EL  engine.cpp:277] Engine: Receive new handshake message from message connection
I1102 19:08:17.958510 IO-0/EL  worker_manager.cpp:60] WorkerManager: FuncWorker of func_id 1, client_id 27 connected
I1102 19:08:17.958529 IO-0/EL  message_connection.cpp:269] FuncWorkerConnection[1-27]: Handshake done
I1102 19:08:17.959154 Server/E engine.cpp:674] Engine: New message connection
I1102 19:08:17.959195 IO-0/EL  engine.cpp:277] Engine: Receive new handshake message from message connection
I1102 19:08:17.959200 IO-0/EL  worker_manager.cpp:60] WorkerManager: FuncWorker of func_id 1, client_id 28 connected
I1102 19:08:17.959213 IO-0/EL  message_connection.cpp:269] FuncWorkerConnection[1-28]: Handshake done
I1102 19:08:17.959715 Server/E engine.cpp:674] Engine: New message connection
I1102 19:08:17.959757 IO-0/EL  engine.cpp:277] Engine: Receive new handshake message from message connection
I1102 19:08:17.959762 IO-0/EL  worker_manager.cpp:60] WorkerManager: FuncWorker of func_id 1, client_id 29 connected
I1102 19:08:17.959780 IO-0/EL  message_connection.cpp:269] FuncWorkerConnection[1-29]: Handshake done
I1102 19:08:17.959980 Server/E engine.cpp:674] Engine: New message connection
I1102 19:08:17.960022 IO-0/EL  engine.cpp:277] Engine: Receive new handshake message from message connection
I1102 19:08:17.960026 IO-0/EL  worker_manager.cpp:60] WorkerManager: FuncWorker of func_id 1, client_id 30 connected
I1102 19:08:17.960040 IO-0/EL  message_connection.cpp:269] FuncWorkerConnection[1-30]: Handshake done
I1102 19:08:17.960560 Server/E engine.cpp:674] Engine: New message connection
I1102 19:08:17.960601 IO-0/EL  engine.cpp:277] Engine: Receive new handshake message from message connection
I1102 19:08:17.960606 IO-0/EL  worker_manager.cpp:60] WorkerManager: FuncWorker of func_id 1, client_id 31 connected
I1102 19:08:17.960618 IO-0/EL  message_connection.cpp:269] FuncWorkerConnection[1-31]: Handshake done
I1102 19:08:17.960939 Server/E engine.cpp:674] Engine: New message connection
I1102 19:08:17.960974 IO-0/EL  engine.cpp:277] Engine: Receive new handshake message from message connection
I1102 19:08:17.960979 IO-0/EL  worker_manager.cpp:60] WorkerManager: FuncWorker of func_id 1, client_id 32 connected
I1102 19:08:17.960992 IO-0/EL  message_connection.cpp:269] FuncWorkerConnection[1-32]: Handshake done
I1102 19:08:17.961344 Server/E engine.cpp:674] Engine: New message connection
I1102 19:08:17.961364 IO-0/EL  engine.cpp:277] Engine: Receive new handshake message from message connection
I1102 19:08:17.961368 IO-0/EL  worker_manager.cpp:60] WorkerManager: FuncWorker of func_id 1, client_id 33 connected
I1102 19:08:17.961381 IO-0/EL  message_connection.cpp:269] FuncWorkerConnection[1-33]: Handshake done
I1102 19:08:17.961842 Server/E engine.cpp:674] Engine: New message connection
I1102 19:08:17.961874 IO-0/EL  engine.cpp:277] Engine: Receive new handshake message from message connection
I1102 19:08:17.961878 IO-0/EL  worker_manager.cpp:60] WorkerManager: FuncWorker of func_id 1, client_id 34 connected
I1102 19:08:17.961891 IO-0/EL  message_connection.cpp:269] FuncWorkerConnection[1-34]: Handshake done
I1102 19:08:17.962473 Server/E engine.cpp:674] Engine: New message connection
I1102 19:08:17.962500 IO-0/EL  engine.cpp:277] Engine: Receive new handshake message from message connection
I1102 19:08:17.962505 IO-0/EL  worker_manager.cpp:60] WorkerManager: FuncWorker of func_id 1, client_id 35 connected
I1102 19:08:17.962517 IO-0/EL  message_connection.cpp:269] FuncWorkerConnection[1-35]: Handshake done
I1102 19:08:17.962902 Server/E engine.cpp:674] Engine: New message connection
I1102 19:08:17.962933 IO-0/EL  engine.cpp:277] Engine: Receive new handshake message from message connection
I1102 19:08:17.962938 IO-0/EL  worker_manager.cpp:60] WorkerManager: FuncWorker of func_id 1, client_id 36 connected
I1102 19:08:17.962952 IO-0/EL  message_connection.cpp:269] FuncWorkerConnection[1-36]: Handshake done
I1102 19:08:17.963372 Server/E engine.cpp:674] Engine: New message connection
I1102 19:08:17.963398 IO-0/EL  engine.cpp:277] Engine: Receive new handshake message from message connection
I1102 19:08:17.963402 IO-0/EL  worker_manager.cpp:60] WorkerManager: FuncWorker of func_id 1, client_id 37 connected
I1102 19:08:17.963415 IO-0/EL  message_connection.cpp:269] FuncWorkerConnection[1-37]: Handshake done
I1102 19:08:17.963946 Server/E engine.cpp:674] Engine: New message connection
I1102 19:08:17.963977 IO-0/EL  engine.cpp:277] Engine: Receive new handshake message from message connection
I1102 19:08:17.963982 IO-0/EL  worker_manager.cpp:60] WorkerManager: FuncWorker of func_id 1, client_id 38 connected
I1102 19:08:17.963996 IO-0/EL  message_connection.cpp:269] FuncWorkerConnection[1-38]: Handshake done
I1102 19:08:17.964342 Server/E engine.cpp:674] Engine: New message connection
I1102 19:08:17.964371 IO-0/EL  engine.cpp:277] Engine: Receive new handshake message from message connection
I1102 19:08:17.964375 IO-0/EL  worker_manager.cpp:60] WorkerManager: FuncWorker of func_id 1, client_id 39 connected
I1102 19:08:17.964388 IO-0/EL  message_connection.cpp:269] FuncWorkerConnection[1-39]: Handshake done
I1102 19:08:17.964770 Server/E engine.cpp:674] Engine: New message connection
I1102 19:08:17.964802 IO-0/EL  engine.cpp:277] Engine: Receive new handshake message from message connection
I1102 19:08:17.964806 IO-0/EL  worker_manager.cpp:60] WorkerManager: FuncWorker of func_id 1, client_id 40 connected
I1102 19:08:17.964819 IO-0/EL  message_connection.cpp:269] FuncWorkerConnection[1-40]: Handshake done
I1102 19:08:17.965271 Server/E engine.cpp:674] Engine: New message connection
I1102 19:08:17.965299 IO-0/EL  engine.cpp:277] Engine: Receive new handshake message from message connection
I1102 19:08:17.965304 IO-0/EL  worker_manager.cpp:60] WorkerManager: FuncWorker of func_id 1, client_id 41 connected
I1102 19:08:17.965318 IO-0/EL  message_connection.cpp:269] FuncWorkerConnection[1-41]: Handshake done
I1102 19:08:17.965805 Server/E engine.cpp:674] Engine: New message connection
I1102 19:08:17.965834 IO-0/EL  engine.cpp:277] Engine: Receive new handshake message from message connection
I1102 19:08:17.965839 IO-0/EL  worker_manager.cpp:60] WorkerManager: FuncWorker of func_id 1, client_id 42 connected
I1102 19:08:17.965852 IO-0/EL  message_connection.cpp:269] FuncWorkerConnection[1-42]: Handshake done
I1102 19:08:17.966186 Server/E engine.cpp:674] Engine: New message connection
I1102 19:08:17.966209 IO-0/EL  engine.cpp:277] Engine: Receive new handshake message from message connection
I1102 19:08:17.966215 IO-0/EL  worker_manager.cpp:60] WorkerManager: FuncWorker of func_id 1, client_id 43 connected
I1102 19:08:17.966230 IO-0/EL  message_connection.cpp:269] FuncWorkerConnection[1-43]: Handshake done
I1102 19:08:17.966612 Server/E engine.cpp:674] Engine: New message connection
I1102 19:08:17.966646 IO-0/EL  engine.cpp:277] Engine: Receive new handshake message from message connection
I1102 19:08:17.966651 IO-0/EL  worker_manager.cpp:60] WorkerManager: FuncWorker of func_id 1, client_id 44 connected
I1102 19:08:17.966664 IO-0/EL  message_connection.cpp:269] FuncWorkerConnection[1-44]: Handshake done
I1102 19:08:17.967126 Server/E engine.cpp:674] Engine: New message connection
I1102 19:08:17.967154 IO-0/EL  engine.cpp:277] Engine: Receive new handshake message from message connection
I1102 19:08:17.967159 IO-0/EL  worker_manager.cpp:60] WorkerManager: FuncWorker of func_id 1, client_id 45 connected
I1102 19:08:17.967172 IO-0/EL  message_connection.cpp:269] FuncWorkerConnection[1-45]: Handshake done
I1102 19:08:17.967621 Server/E engine.cpp:674] Engine: New message connection
I1102 19:08:17.967643 IO-0/EL  engine.cpp:277] Engine: Receive new handshake message from message connection
I1102 19:08:17.967647 IO-0/EL  worker_manager.cpp:60] WorkerManager: FuncWorker of func_id 1, client_id 46 connected
I1102 19:08:17.967660 IO-0/EL  message_connection.cpp:269] FuncWorkerConnection[1-46]: Handshake done
I1102 19:08:17.968048 Server/E engine.cpp:674] Engine: New message connection
I1102 19:08:17.968076 IO-0/EL  engine.cpp:277] Engine: Receive new handshake message from message connection
I1102 19:08:17.968081 IO-0/EL  worker_manager.cpp:60] WorkerManager: FuncWorker of func_id 1, client_id 47 connected
I1102 19:08:17.968095 IO-0/EL  message_connection.cpp:269] FuncWorkerConnection[1-47]: Handshake done
I1102 19:08:17.968542 Server/E engine.cpp:674] Engine: New message connection
I1102 19:08:17.968563 IO-0/EL  engine.cpp:277] Engine: Receive new handshake message from message connection
I1102 19:08:17.968568 IO-0/EL  worker_manager.cpp:60] WorkerManager: FuncWorker of func_id 1, client_id 48 connected
I1102 19:08:17.968581 IO-0/EL  message_connection.cpp:269] FuncWorkerConnection[1-48]: Handshake done
I1102 19:08:17.969032 Server/E engine.cpp:674] Engine: New message connection
I1102 19:08:17.969066 IO-0/EL  engine.cpp:277] Engine: Receive new handshake message from message connection
I1102 19:08:17.969071 IO-0/EL  worker_manager.cpp:60] WorkerManager: FuncWorker of func_id 1, client_id 49 connected
I1102 19:08:17.969084 IO-0/EL  message_connection.cpp:269] FuncWorkerConnection[1-49]: Handshake done
I1102 19:08:17.969649 Server/E engine.cpp:674] Engine: New message connection
I1102 19:08:17.969678 IO-0/EL  engine.cpp:277] Engine: Receive new handshake message from message connection
I1102 19:08:17.969682 IO-0/EL  worker_manager.cpp:60] WorkerManager: FuncWorker of func_id 1, client_id 50 connected
I1102 19:08:17.969694 IO-0/EL  message_connection.cpp:269] FuncWorkerConnection[1-50]: Handshake done
I1102 19:08:17.970102 Server/E engine.cpp:674] Engine: New message connection
I1102 19:08:17.970134 IO-0/EL  engine.cpp:277] Engine: Receive new handshake message from message connection
I1102 19:08:17.970139 IO-0/EL  worker_manager.cpp:60] WorkerManager: FuncWorker of func_id 1, client_id 51 connected
I1102 19:08:17.970152 IO-0/EL  message_connection.cpp:269] FuncWorkerConnection[1-51]: Handshake done
I1102 19:08:17.970685 Server/E engine.cpp:674] Engine: New message connection
I1102 19:08:17.970715 IO-0/EL  engine.cpp:277] Engine: Receive new handshake message from message connection
I1102 19:08:17.970721 IO-0/EL  worker_manager.cpp:60] WorkerManager: FuncWorker of func_id 1, client_id 52 connected
I1102 19:08:17.970733 IO-0/EL  message_connection.cpp:269] FuncWorkerConnection[1-52]: Handshake done
I1102 19:08:17.971142 Server/E engine.cpp:674] Engine: New message connection
I1102 19:08:17.971179 IO-0/EL  engine.cpp:277] Engine: Receive new handshake message from message connection
I1102 19:08:17.971184 IO-0/EL  worker_manager.cpp:60] WorkerManager: FuncWorker of func_id 1, client_id 53 connected
I1102 19:08:17.971196 IO-0/EL  message_connection.cpp:269] FuncWorkerConnection[1-53]: Handshake done
I1102 19:08:17.971600 Server/E engine.cpp:674] Engine: New message connection
I1102 19:08:17.971638 IO-0/EL  engine.cpp:277] Engine: Receive new handshake message from message connection
I1102 19:08:17.971642 IO-0/EL  worker_manager.cpp:60] WorkerManager: FuncWorker of func_id 1, client_id 54 connected
I1102 19:08:17.971655 IO-0/EL  message_connection.cpp:269] FuncWorkerConnection[1-54]: Handshake done
I1102 19:08:17.972067 Server/E engine.cpp:674] Engine: New message connection
I1102 19:08:17.972121 IO-0/EL  engine.cpp:277] Engine: Receive new handshake message from message connection
I1102 19:08:17.972125 IO-0/EL  worker_manager.cpp:60] WorkerManager: FuncWorker of func_id 1, client_id 55 connected
I1102 19:08:17.972139 IO-0/EL  message_connection.cpp:269] FuncWorkerConnection[1-55]: Handshake done
I1102 19:08:17.972541 Server/E engine.cpp:674] Engine: New message connection
I1102 19:08:17.972585 IO-0/EL  engine.cpp:277] Engine: Receive new handshake message from message connection
I1102 19:08:17.972590 IO-0/EL  worker_manager.cpp:60] WorkerManager: FuncWorker of func_id 1, client_id 56 connected
I1102 19:08:17.972603 IO-0/EL  message_connection.cpp:269] FuncWorkerConnection[1-56]: Handshake done
I1102 19:08:17.973049 Server/E engine.cpp:674] Engine: New message connection
I1102 19:08:17.973094 IO-0/EL  engine.cpp:277] Engine: Receive new handshake message from message connection
I1102 19:08:17.973099 IO-0/EL  worker_manager.cpp:60] WorkerManager: FuncWorker of func_id 1, client_id 57 connected
I1102 19:08:17.973119 IO-0/EL  message_connection.cpp:269] FuncWorkerConnection[1-57]: Handshake done
I1102 19:08:17.973730 Server/E engine.cpp:674] Engine: New message connection
I1102 19:08:17.973765 IO-0/EL  engine.cpp:277] Engine: Receive new handshake message from message connection
I1102 19:08:17.973770 IO-0/EL  worker_manager.cpp:60] WorkerManager: FuncWorker of func_id 1, client_id 58 connected
I1102 19:08:17.973783 IO-0/EL  message_connection.cpp:269] FuncWorkerConnection[1-58]: Handshake done
I1102 19:08:17.974065 Server/E engine.cpp:674] Engine: New message connection
I1102 19:08:17.974101 IO-0/EL  engine.cpp:277] Engine: Receive new handshake message from message connection
I1102 19:08:17.974105 IO-0/EL  worker_manager.cpp:60] WorkerManager: FuncWorker of func_id 1, client_id 59 connected
I1102 19:08:17.974118 IO-0/EL  message_connection.cpp:269] FuncWorkerConnection[1-59]: Handshake done
I1102 19:08:17.974589 Server/E engine.cpp:674] Engine: New message connection
I1102 19:08:17.974632 IO-0/EL  engine.cpp:277] Engine: Receive new handshake message from message connection
I1102 19:08:17.974636 IO-0/EL  worker_manager.cpp:60] WorkerManager: FuncWorker of func_id 1, client_id 60 connected
I1102 19:08:17.974649 IO-0/EL  message_connection.cpp:269] FuncWorkerConnection[1-60]: Handshake done
I1102 19:08:17.975053 Server/E engine.cpp:674] Engine: New message connection
I1102 19:08:17.975094 IO-0/EL  engine.cpp:277] Engine: Receive new handshake message from message connection
I1102 19:08:17.975098 IO-0/EL  worker_manager.cpp:60] WorkerManager: FuncWorker of func_id 1, client_id 61 connected
I1102 19:08:17.975111 IO-0/EL  message_connection.cpp:269] FuncWorkerConnection[1-61]: Handshake done
I1102 19:08:17.975525 Server/E engine.cpp:674] Engine: New message connection
I1102 19:08:17.975565 IO-0/EL  engine.cpp:277] Engine: Receive new handshake message from message connection
I1102 19:08:17.975569 IO-0/EL  worker_manager.cpp:60] WorkerManager: FuncWorker of func_id 1, client_id 62 connected
I1102 19:08:17.975582 IO-0/EL  message_connection.cpp:269] FuncWorkerConnection[1-62]: Handshake done
I1102 19:08:17.975975 Server/E engine.cpp:674] Engine: New message connection
I1102 19:08:17.976007 IO-0/EL  engine.cpp:277] Engine: Receive new handshake message from message connection
I1102 19:08:17.976012 IO-0/EL  worker_manager.cpp:60] WorkerManager: FuncWorker of func_id 1, client_id 63 connected
I1102 19:08:17.976025 IO-0/EL  message_connection.cpp:269] FuncWorkerConnection[1-63]: Handshake done
I1102 19:08:17.976508 Server/E engine.cpp:674] Engine: New message connection
I1102 19:08:17.976551 IO-0/EL  engine.cpp:277] Engine: Receive new handshake message from message connection
I1102 19:08:17.976555 IO-0/EL  worker_manager.cpp:60] WorkerManager: FuncWorker of func_id 1, client_id 64 connected
I1102 19:08:17.976570 IO-0/EL  message_connection.cpp:269] FuncWorkerConnection[1-64]: Handshake done
I1102 19:08:17.977025 Server/E engine.cpp:674] Engine: New message connection
I1102 19:08:17.977067 IO-0/EL  engine.cpp:277] Engine: Receive new handshake message from message connection
I1102 19:08:17.977072 IO-0/EL  worker_manager.cpp:60] WorkerManager: FuncWorker of func_id 1, client_id 65 connected
I1102 19:08:17.977085 IO-0/EL  message_connection.cpp:269] FuncWorkerConnection[1-65]: Handshake done
I1102 19:08:17.977501 Server/E engine.cpp:674] Engine: New message connection
I1102 19:08:17.977527 IO-0/EL  engine.cpp:277] Engine: Receive new handshake message from message connection
I1102 19:08:17.977531 IO-0/EL  worker_manager.cpp:60] WorkerManager: FuncWorker of func_id 1, client_id 66 connected
I1102 19:08:17.977546 IO-0/EL  message_connection.cpp:269] FuncWorkerConnection[1-66]: Handshake done
I1102 19:08:17.978034 Server/E engine.cpp:674] Engine: New message connection
I1102 19:08:17.978083 IO-0/EL  engine.cpp:277] Engine: Receive new handshake message from message connection
I1102 19:08:17.978088 IO-0/EL  worker_manager.cpp:60] WorkerManager: FuncWorker of func_id 1, client_id 67 connected
I1102 19:08:17.978101 IO-0/EL  message_connection.cpp:269] FuncWorkerConnection[1-67]: Handshake done
I1102 19:08:17.978533 Server/E engine.cpp:674] Engine: New message connection
I1102 19:08:17.978585 IO-0/EL  engine.cpp:277] Engine: Receive new handshake message from message connection
I1102 19:08:17.978590 IO-0/EL  worker_manager.cpp:60] WorkerManager: FuncWorker of func_id 1, client_id 68 connected
I1102 19:08:17.978603 IO-0/EL  message_connection.cpp:269] FuncWorkerConnection[1-68]: Handshake done
I1102 19:08:17.978912 Server/E engine.cpp:674] Engine: New message connection
I1102 19:08:17.978954 IO-0/EL  engine.cpp:277] Engine: Receive new handshake message from message connection
I1102 19:08:17.978958 IO-0/EL  worker_manager.cpp:60] WorkerManager: FuncWorker of func_id 1, client_id 69 connected
I1102 19:08:17.978971 IO-0/EL  message_connection.cpp:269] FuncWorkerConnection[1-69]: Handshake done
I1102 19:08:17.979479 Server/E engine.cpp:674] Engine: New message connection
I1102 19:08:17.979517 IO-0/EL  engine.cpp:277] Engine: Receive new handshake message from message connection
I1102 19:08:17.979521 IO-0/EL  worker_manager.cpp:60] WorkerManager: FuncWorker of func_id 1, client_id 70 connected
I1102 19:08:17.979533 IO-0/EL  message_connection.cpp:269] FuncWorkerConnection[1-70]: Handshake done
I1102 19:08:17.979930 Server/E engine.cpp:674] Engine: New message connection
I1102 19:08:17.979973 IO-0/EL  engine.cpp:277] Engine: Receive new handshake message from message connection
I1102 19:08:17.979977 IO-0/EL  worker_manager.cpp:60] WorkerManager: FuncWorker of func_id 1, client_id 71 connected
I1102 19:08:17.979991 IO-0/EL  message_connection.cpp:269] FuncWorkerConnection[1-71]: Handshake done
I1102 19:08:17.980532 Server/E engine.cpp:674] Engine: New message connection
I1102 19:08:17.980570 IO-0/EL  engine.cpp:277] Engine: Receive new handshake message from message connection
I1102 19:08:17.980574 IO-0/EL  worker_manager.cpp:60] WorkerManager: FuncWorker of func_id 1, client_id 72 connected
I1102 19:08:17.980591 IO-0/EL  message_connection.cpp:269] FuncWorkerConnection[1-72]: Handshake done
I1102 19:08:17.981117 Server/E engine.cpp:674] Engine: New message connection
I1102 19:08:17.981151 IO-0/EL  engine.cpp:277] Engine: Receive new handshake message from message connection
I1102 19:08:17.981156 IO-0/EL  worker_manager.cpp:60] WorkerManager: FuncWorker of func_id 1, client_id 73 connected
I1102 19:08:17.981168 IO-0/EL  message_connection.cpp:269] FuncWorkerConnection[1-73]: Handshake done
I1102 19:08:17.981508 Server/E engine.cpp:674] Engine: New message connection
I1102 19:08:17.981546 IO-0/EL  engine.cpp:277] Engine: Receive new handshake message from message connection
I1102 19:08:17.981550 IO-0/EL  worker_manager.cpp:60] WorkerManager: FuncWorker of func_id 1, client_id 74 connected
I1102 19:08:17.981563 IO-0/EL  message_connection.cpp:269] FuncWorkerConnection[1-74]: Handshake done
I1102 19:08:17.982144 Server/E engine.cpp:674] Engine: New message connection
I1102 19:08:17.982186 IO-0/EL  engine.cpp:277] Engine: Receive new handshake message from message connection
I1102 19:08:17.982191 IO-0/EL  worker_manager.cpp:60] WorkerManager: FuncWorker of func_id 1, client_id 75 connected
I1102 19:08:17.982203 IO-0/EL  message_connection.cpp:269] FuncWorkerConnection[1-75]: Handshake done
I1102 19:08:17.982624 Server/E engine.cpp:674] Engine: New message connection
I1102 19:08:17.982657 IO-0/EL  engine.cpp:277] Engine: Receive new handshake message from message connection
I1102 19:08:17.982661 IO-0/EL  worker_manager.cpp:60] WorkerManager: FuncWorker of func_id 1, client_id 76 connected
I1102 19:08:17.982674 IO-0/EL  message_connection.cpp:269] FuncWorkerConnection[1-76]: Handshake done
I1102 19:08:17.983075 Server/E engine.cpp:674] Engine: New message connection
I1102 19:08:17.983106 IO-0/EL  engine.cpp:277] Engine: Receive new handshake message from message connection
I1102 19:08:17.983110 IO-0/EL  worker_manager.cpp:60] WorkerManager: FuncWorker of func_id 1, client_id 77 connected
I1102 19:08:17.983123 IO-0/EL  message_connection.cpp:269] FuncWorkerConnection[1-77]: Handshake done
I1102 19:08:17.983584 Server/E engine.cpp:674] Engine: New message connection
I1102 19:08:17.983662 IO-0/EL  engine.cpp:277] Engine: Receive new handshake message from message connection
I1102 19:08:17.983666 IO-0/EL  worker_manager.cpp:60] WorkerManager: FuncWorker of func_id 1, client_id 78 connected
I1102 19:08:17.983679 IO-0/EL  message_connection.cpp:269] FuncWorkerConnection[1-78]: Handshake done
I1102 19:08:17.998742 Server/E engine.cpp:674] Engine: New message connection
I1102 19:08:17.998786 Server/E engine.cpp:674] Engine: New message connection
I1102 19:08:17.998794 IO-0/EL  engine.cpp:277] Engine: Receive new handshake message from message connection
I1102 19:08:17.998799 IO-0/EL  worker_manager.cpp:60] WorkerManager: FuncWorker of func_id 1, client_id 79 connected
I1102 19:08:17.998803 Server/E engine.cpp:674] Engine: New message connection
I1102 19:08:17.998814 IO-0/EL  message_connection.cpp:269] FuncWorkerConnection[1-79]: Handshake done
I1102 19:08:17.998815 Server/E engine.cpp:674] Engine: New message connection
I1102 19:08:17.998832 Server/E engine.cpp:674] Engine: New message connection
I1102 19:08:17.998835 IO-0/EL  engine.cpp:277] Engine: Receive new handshake message from message connection
I1102 19:08:17.998839 IO-0/EL  worker_manager.cpp:60] WorkerManager: FuncWorker of func_id 1, client_id 80 connected
I1102 19:08:17.998845 Server/E engine.cpp:674] Engine: New message connection
I1102 19:08:17.998853 IO-0/EL  message_connection.cpp:269] FuncWorkerConnection[1-80]: Handshake done
I1102 19:08:17.998857 Server/E engine.cpp:674] Engine: New message connection
I1102 19:08:17.998867 IO-0/EL  engine.cpp:277] Engine: Receive new handshake message from message connection
I1102 19:08:17.998871 IO-0/EL  worker_manager.cpp:60] WorkerManager: FuncWorker of func_id 1, client_id 81 connected
I1102 19:08:17.998871 Server/E engine.cpp:674] Engine: New message connection
I1102 19:08:17.998884 IO-0/EL  message_connection.cpp:269] FuncWorkerConnection[1-81]: Handshake done
I1102 19:08:17.998893 Server/E engine.cpp:674] Engine: New message connection
I1102 19:08:17.998901 IO-0/EL  engine.cpp:277] Engine: Receive new handshake message from message connection
I1102 19:08:17.998906 IO-0/EL  worker_manager.cpp:60] WorkerManager: FuncWorker of func_id 1, client_id 82 connected
I1102 19:08:17.998907 Server/E engine.cpp:674] Engine: New message connection
I1102 19:08:17.998921 IO-0/EL  message_connection.cpp:269] FuncWorkerConnection[1-82]: Handshake done
I1102 19:08:17.998922 Server/E engine.cpp:674] Engine: New message connection
I1102 19:08:17.998934 IO-0/EL  engine.cpp:277] Engine: Receive new handshake message from message connection
I1102 19:08:17.998938 Server/E engine.cpp:674] Engine: New message connection
I1102 19:08:17.998938 IO-0/EL  worker_manager.cpp:60] WorkerManager: FuncWorker of func_id 1, client_id 83 connected
I1102 19:08:17.998952 Server/E engine.cpp:674] Engine: New message connection
I1102 19:08:17.998957 IO-0/EL  message_connection.cpp:269] FuncWorkerConnection[1-83]: Handshake done
I1102 19:08:17.998965 Server/E engine.cpp:674] Engine: New message connection
I1102 19:08:17.998975 IO-0/EL  engine.cpp:277] Engine: Receive new handshake message from message connection
I1102 19:08:17.998978 Server/E engine.cpp:674] Engine: New message connection
I1102 19:08:17.998979 IO-0/EL  worker_manager.cpp:60] WorkerManager: FuncWorker of func_id 1, client_id 84 connected
I1102 19:08:17.998998 Server/E engine.cpp:674] Engine: New message connection
I1102 19:08:17.999008 IO-0/EL  message_connection.cpp:269] FuncWorkerConnection[1-84]: Handshake done
I1102 19:08:17.999011 Server/E engine.cpp:674] Engine: New message connection
I1102 19:08:17.999022 IO-0/EL  engine.cpp:277] Engine: Receive new handshake message from message connection
I1102 19:08:17.999026 IO-0/EL  worker_manager.cpp:60] WorkerManager: FuncWorker of func_id 1, client_id 85 connected
I1102 19:08:17.999029 Server/E engine.cpp:674] Engine: New message connection
I1102 19:08:17.999043 IO-0/EL  message_connection.cpp:269] FuncWorkerConnection[1-85]: Handshake done
I1102 19:08:17.999053 Server/E engine.cpp:674] Engine: New message connection
I1102 19:08:17.999090 Server/E engine.cpp:674] Engine: New message connection
I1102 19:08:17.999059 IO-0/EL  engine.cpp:277] Engine: Receive new handshake message from message connection
I1102 19:08:17.999114 Server/E engine.cpp:674] Engine: New message connection
I1102 19:08:17.999115 IO-0/EL  worker_manager.cpp:60] WorkerManager: FuncWorker of func_id 1, client_id 86 connected
I1102 19:08:17.999140 Server/E engine.cpp:674] Engine: New message connection
I1102 19:08:17.999147 IO-0/EL  message_connection.cpp:269] FuncWorkerConnection[1-86]: Handshake done
I1102 19:08:17.999160 Server/E engine.cpp:674] Engine: New message connection
I1102 19:08:17.999167 IO-0/EL  engine.cpp:277] Engine: Receive new handshake message from message connection
I1102 19:08:17.999176 IO-0/EL  worker_manager.cpp:60] WorkerManager: FuncWorker of func_id 1, client_id 87 connected
I1102 19:08:17.999181 Server/E engine.cpp:674] Engine: New message connection
I1102 19:08:17.999193 IO-0/EL  message_connection.cpp:269] FuncWorkerConnection[1-87]: Handshake done
I1102 19:08:17.999203 Server/E engine.cpp:674] Engine: New message connection
I1102 19:08:17.999207 IO-0/EL  engine.cpp:277] Engine: Receive new handshake message from message connection
I1102 19:08:17.999221 IO-0/EL  worker_manager.cpp:60] WorkerManager: FuncWorker of func_id 1, client_id 88 connected
I1102 19:08:17.999226 Server/E engine.cpp:674] Engine: New message connection
I1102 19:08:17.999235 IO-0/EL  message_connection.cpp:269] FuncWorkerConnection[1-88]: Handshake done
I1102 19:08:17.999251 Server/E engine.cpp:674] Engine: New message connection
I1102 19:08:17.999253 IO-0/EL  engine.cpp:277] Engine: Receive new handshake message from message connection
I1102 19:08:17.999267 IO-0/EL  worker_manager.cpp:60] WorkerManager: FuncWorker of func_id 1, client_id 89 connected
I1102 19:08:17.999282 IO-0/EL  message_connection.cpp:269] FuncWorkerConnection[1-89]: Handshake done
I1102 19:08:17.999285 Server/E engine.cpp:674] Engine: New message connection
I1102 19:08:17.999297 IO-0/EL  engine.cpp:277] Engine: Receive new handshake message from message connection
I1102 19:08:17.999301 IO-0/EL  worker_manager.cpp:60] WorkerManager: FuncWorker of func_id 1, client_id 90 connected
I1102 19:08:17.999304 Server/E engine.cpp:674] Engine: New message connection
I1102 19:08:17.999314 IO-0/EL  message_connection.cpp:269] FuncWorkerConnection[1-90]: Handshake done
I1102 19:08:17.999325 Server/E engine.cpp:674] Engine: New message connection
I1102 19:08:17.999332 IO-0/EL  engine.cpp:277] Engine: Receive new handshake message from message connection
I1102 19:08:17.999337 IO-0/EL  worker_manager.cpp:60] WorkerManager: FuncWorker of func_id 1, client_id 91 connected
I1102 19:08:17.999345 Server/E engine.cpp:674] Engine: New message connection
I1102 19:08:17.999350 IO-0/EL  message_connection.cpp:269] FuncWorkerConnection[1-91]: Handshake done
I1102 19:08:17.999365 IO-0/EL  engine.cpp:277] Engine: Receive new handshake message from message connection
I1102 19:08:17.999369 IO-0/EL  worker_manager.cpp:60] WorkerManager: FuncWorker of func_id 1, client_id 92 connected
I1102 19:08:17.999369 Server/E engine.cpp:674] Engine: New message connection
I1102 19:08:17.999383 IO-0/EL  message_connection.cpp:269] FuncWorkerConnection[1-92]: Handshake done
I1102 19:08:17.999400 IO-0/EL  engine.cpp:277] Engine: Receive new handshake message from message connection
I1102 19:08:17.999404 IO-0/EL  worker_manager.cpp:60] WorkerManager: FuncWorker of func_id 1, client_id 93 connected
I1102 19:08:17.999419 IO-0/EL  message_connection.cpp:269] FuncWorkerConnection[1-93]: Handshake done
I1102 19:08:17.999432 IO-0/EL  engine.cpp:277] Engine: Receive new handshake message from message connection
I1102 19:08:17.999436 IO-0/EL  worker_manager.cpp:60] WorkerManager: FuncWorker of func_id 1, client_id 94 connected
I1102 19:08:17.999449 IO-0/EL  message_connection.cpp:269] FuncWorkerConnection[1-94]: Handshake done
I1102 19:08:17.999465 IO-0/EL  engine.cpp:277] Engine: Receive new handshake message from message connection
I1102 19:08:17.999478 IO-0/EL  worker_manager.cpp:60] WorkerManager: FuncWorker of func_id 1, client_id 95 connected
I1102 19:08:17.999492 IO-0/EL  message_connection.cpp:269] FuncWorkerConnection[1-95]: Handshake done
I1102 19:08:17.999505 IO-0/EL  engine.cpp:277] Engine: Receive new handshake message from message connection
I1102 19:08:17.999509 IO-0/EL  worker_manager.cpp:60] WorkerManager: FuncWorker of func_id 1, client_id 96 connected
I1102 19:08:17.999521 IO-0/EL  message_connection.cpp:269] FuncWorkerConnection[1-96]: Handshake done
I1102 19:08:17.999540 IO-0/EL  engine.cpp:277] Engine: Receive new handshake message from message connection
I1102 19:08:17.999547 IO-0/EL  worker_manager.cpp:60] WorkerManager: FuncWorker of func_id 1, client_id 97 connected
I1102 19:08:17.999564 IO-0/EL  message_connection.cpp:269] FuncWorkerConnection[1-97]: Handshake done
I1102 19:08:17.999586 IO-0/EL  engine.cpp:277] Engine: Receive new handshake message from message connection
I1102 19:08:17.999593 IO-0/EL  worker_manager.cpp:60] WorkerManager: FuncWorker of func_id 1, client_id 98 connected
I1102 19:08:17.999615 IO-0/EL  message_connection.cpp:269] FuncWorkerConnection[1-98]: Handshake done
I1102 19:08:17.999644 IO-0/EL  engine.cpp:277] Engine: Receive new handshake message from message connection
I1102 19:08:17.999651 IO-0/EL  worker_manager.cpp:60] WorkerManager: FuncWorker of func_id 1, client_id 99 connected
I1102 19:08:17.999655 Server/E engine.cpp:674] Engine: New message connection
I1102 19:08:17.999670 IO-0/EL  message_connection.cpp:269] FuncWorkerConnection[1-99]: Handshake done
I1102 19:08:17.999689 IO-0/EL  engine.cpp:277] Engine: Receive new handshake message from message connection
I1102 19:08:17.999696 IO-0/EL  worker_manager.cpp:60] WorkerManager: FuncWorker of func_id 1, client_id 100 connected
I1102 19:08:17.999696 Server/E engine.cpp:674] Engine: New message connection
I1102 19:08:17.999723 IO-0/EL  message_connection.cpp:269] FuncWorkerConnection[1-100]: Handshake done
I1102 19:08:17.999754 IO-0/EL  engine.cpp:277] Engine: Receive new handshake message from message connection
I1102 19:08:17.999761 IO-0/EL  worker_manager.cpp:60] WorkerManager: FuncWorker of func_id 1, client_id 101 connected
I1102 19:08:17.999782 IO-0/EL  message_connection.cpp:269] FuncWorkerConnection[1-101]: Handshake done
I1102 19:08:17.999801 IO-0/EL  engine.cpp:277] Engine: Receive new handshake message from message connection
I1102 19:08:17.999807 IO-0/EL  worker_manager.cpp:60] WorkerManager: FuncWorker of func_id 1, client_id 102 connected
I1102 19:08:17.999835 IO-0/EL  message_connection.cpp:269] FuncWorkerConnection[1-102]: Handshake done
I1102 19:08:17.999856 IO-0/EL  engine.cpp:277] Engine: Receive new handshake message from message connection
I1102 19:08:17.999861 IO-0/EL  worker_manager.cpp:60] WorkerManager: FuncWorker of func_id 1, client_id 103 connected
I1102 19:08:17.999881 IO-0/EL  message_connection.cpp:269] FuncWorkerConnection[1-103]: Handshake done
I1102 19:08:17.999907 IO-0/EL  engine.cpp:277] Engine: Receive new handshake message from message connection
I1102 19:08:17.999913 IO-0/EL  worker_manager.cpp:60] WorkerManager: FuncWorker of func_id 1, client_id 104 connected
I1102 19:08:17.999934 IO-0/EL  message_connection.cpp:269] FuncWorkerConnection[1-104]: Handshake done
I1102 19:08:17.999954 IO-0/EL  engine.cpp:277] Engine: Receive new handshake message from message connection
I1102 19:08:17.999961 IO-0/EL  worker_manager.cpp:60] WorkerManager: FuncWorker of func_id 1, client_id 105 connected
I1102 19:08:17.999982 IO-0/EL  message_connection.cpp:269] FuncWorkerConnection[1-105]: Handshake done
I1102 19:08:18.000011 IO-0/EL  engine.cpp:277] Engine: Receive new handshake message from message connection
I1102 19:08:18.000019 IO-0/EL  worker_manager.cpp:60] WorkerManager: FuncWorker of func_id 1, client_id 106 connected
I1102 19:08:18.000039 IO-0/EL  message_connection.cpp:269] FuncWorkerConnection[1-106]: Handshake done
I1102 19:08:18.000062 IO-0/EL  engine.cpp:277] Engine: Receive new handshake message from message connection
I1102 19:08:18.000078 IO-0/EL  worker_manager.cpp:60] WorkerManager: FuncWorker of func_id 1, client_id 107 connected
I1102 19:08:18.000098 IO-0/EL  message_connection.cpp:269] FuncWorkerConnection[1-107]: Handshake done
I1102 19:08:18.000128 IO-0/EL  engine.cpp:277] Engine: Receive new handshake message from message connection
I1102 19:08:18.000137 IO-0/EL  worker_manager.cpp:60] WorkerManager: FuncWorker of func_id 1, client_id 108 connected
I1102 19:08:18.000157 IO-0/EL  message_connection.cpp:269] FuncWorkerConnection[1-108]: Handshake done
I1102 19:08:18.000182 IO-0/EL  engine.cpp:277] Engine: Receive new handshake message from message connection
I1102 19:08:18.000188 IO-0/EL  worker_manager.cpp:60] WorkerManager: FuncWorker of func_id 1, client_id 109 connected
I1102 19:08:18.000208 IO-0/EL  message_connection.cpp:269] FuncWorkerConnection[1-109]: Handshake done
I1102 19:08:18.000233 IO-0/EL  engine.cpp:277] Engine: Receive new handshake message from message connection
I1102 19:08:18.000240 IO-0/EL  worker_manager.cpp:60] WorkerManager: FuncWorker of func_id 1, client_id 110 connected
I1102 19:08:18.000260 IO-0/EL  message_connection.cpp:269] FuncWorkerConnection[1-110]: Handshake done
I1102 19:08:18.000290 IO-0/EL  engine.cpp:277] Engine: Receive new handshake message from message connection
I1102 19:08:18.000296 IO-0/EL  worker_manager.cpp:60] WorkerManager: FuncWorker of func_id 1, client_id 112 connected
I1102 19:08:18.000298 Server/E engine.cpp:674] Engine: New message connection
I1102 19:08:18.000316 IO-0/EL  message_connection.cpp:269] FuncWorkerConnection[1-112]: Handshake done
I1102 19:08:18.000339 IO-0/EL  engine.cpp:277] Engine: Receive new handshake message from message connection
I1102 19:08:18.000347 IO-0/EL  worker_manager.cpp:60] WorkerManager: FuncWorker of func_id 1, client_id 111 connected
I1102 19:08:18.000371 IO-0/EL  message_connection.cpp:269] FuncWorkerConnection[1-111]: Handshake done
I1102 19:08:18.000396 IO-0/EL  engine.cpp:277] Engine: Receive new handshake message from message connection
I1102 19:08:18.000402 IO-0/EL  worker_manager.cpp:60] WorkerManager: FuncWorker of func_id 1, client_id 113 connected
I1102 19:08:18.000437 IO-0/EL  message_connection.cpp:269] FuncWorkerConnection[1-113]: Handshake done
I1102 19:08:18.000996 Server/E engine.cpp:674] Engine: New message connection
I1102 19:08:18.001050 IO-0/EL  engine.cpp:277] Engine: Receive new handshake message from message connection
I1102 19:08:18.001061 IO-0/EL  worker_manager.cpp:60] WorkerManager: FuncWorker of func_id 1, client_id 114 connected
I1102 19:08:18.001088 IO-0/EL  message_connection.cpp:269] FuncWorkerConnection[1-114]: Handshake done
I1102 19:08:18.001981 Server/E engine.cpp:674] Engine: New message connection
I1102 19:08:18.002043 IO-0/EL  engine.cpp:277] Engine: Receive new handshake message from message connection
I1102 19:08:18.002056 IO-0/EL  worker_manager.cpp:60] WorkerManager: FuncWorker of func_id 1, client_id 115 connected
I1102 19:08:18.002082 IO-0/EL  message_connection.cpp:269] FuncWorkerConnection[1-115]: Handshake done
I1102 19:08:18.002117 Server/E engine.cpp:674] Engine: New message connection
I1102 19:08:18.002147 IO-0/EL  engine.cpp:277] Engine: Receive new handshake message from message connection
I1102 19:08:18.002154 IO-0/EL  worker_manager.cpp:60] WorkerManager: FuncWorker of func_id 1, client_id 116 connected
I1102 19:08:18.002175 IO-0/EL  message_connection.cpp:269] FuncWorkerConnection[1-116]: Handshake done
I1102 19:08:18.002939 Server/E engine.cpp:674] Engine: New message connection
I1102 19:08:18.003012 IO-0/EL  engine.cpp:277] Engine: Receive new handshake message from message connection
I1102 19:08:18.003029 IO-0/EL  worker_manager.cpp:60] WorkerManager: FuncWorker of func_id 1, client_id 117 connected
I1102 19:08:18.003057 IO-0/EL  message_connection.cpp:269] FuncWorkerConnection[1-117]: Handshake done
I1102 19:08:18.004323 Server/E engine.cpp:674] Engine: New message connection
I1102 19:08:18.004374 IO-0/EL  engine.cpp:277] Engine: Receive new handshake message from message connection
I1102 19:08:18.004406 IO-0/EL  worker_manager.cpp:60] WorkerManager: FuncWorker of func_id 1, client_id 118 connected
I1102 19:08:18.004425 IO-0/EL  message_connection.cpp:269] FuncWorkerConnection[1-118]: Handshake done
I1102 19:08:18.004700 Server/E engine.cpp:674] Engine: New message connection
I1102 19:08:18.004751 IO-0/EL  engine.cpp:277] Engine: Receive new handshake message from message connection
I1102 19:08:18.004757 IO-0/EL  worker_manager.cpp:60] WorkerManager: FuncWorker of func_id 1, client_id 119 connected
I1102 19:08:18.004772 IO-0/EL  message_connection.cpp:269] FuncWorkerConnection[1-119]: Handshake done
I1102 19:08:18.024247 Server/E engine.cpp:674] Engine: New message connection
I1102 19:08:18.024280 IO-0/EL  engine.cpp:277] Engine: Receive new handshake message from message connection
I1102 19:08:18.024287 IO-0/EL  worker_manager.cpp:60] WorkerManager: FuncWorker of func_id 1, client_id 121 connected
I1102 19:08:18.024302 IO-0/EL  message_connection.cpp:269] FuncWorkerConnection[1-121]: Handshake done
I1102 19:08:18.024748 Server/E engine.cpp:674] Engine: New message connection
I1102 19:08:18.024787 Server/E engine.cpp:674] Engine: New message connection
I1102 19:08:18.024798 IO-0/EL  engine.cpp:277] Engine: Receive new handshake message from message connection
I1102 19:08:18.024803 IO-0/EL  worker_manager.cpp:60] WorkerManager: FuncWorker of func_id 1, client_id 122 connected
I1102 19:08:18.024817 IO-0/EL  message_connection.cpp:269] FuncWorkerConnection[1-122]: Handshake done
I1102 19:08:18.024831 IO-0/EL  engine.cpp:277] Engine: Receive new handshake message from message connection
I1102 19:08:18.024835 IO-0/EL  worker_manager.cpp:60] WorkerManager: FuncWorker of func_id 1, client_id 120 connected
I1102 19:08:18.024851 IO-0/EL  message_connection.cpp:269] FuncWorkerConnection[1-120]: Handshake done
I1102 19:08:18.025210 Server/E engine.cpp:674] Engine: New message connection
I1102 19:08:18.025234 IO-0/EL  engine.cpp:277] Engine: Receive new handshake message from message connection
I1102 19:08:18.025238 IO-0/EL  worker_manager.cpp:60] WorkerManager: FuncWorker of func_id 1, client_id 123 connected
I1102 19:08:18.025251 IO-0/EL  message_connection.cpp:269] FuncWorkerConnection[1-123]: Handshake done
I1102 19:08:18.025702 Server/E engine.cpp:674] Engine: New message connection
I1102 19:08:18.025730 IO-0/EL  engine.cpp:277] Engine: Receive new handshake message from message connection
I1102 19:08:18.025735 IO-0/EL  worker_manager.cpp:60] WorkerManager: FuncWorker of func_id 1, client_id 124 connected
I1102 19:08:18.025753 IO-0/EL  message_connection.cpp:269] FuncWorkerConnection[1-124]: Handshake done
I1102 19:08:18.026222 Server/E engine.cpp:674] Engine: New message connection
I1102 19:08:18.026246 IO-0/EL  engine.cpp:277] Engine: Receive new handshake message from message connection
I1102 19:08:18.026251 IO-0/EL  worker_manager.cpp:60] WorkerManager: FuncWorker of func_id 1, client_id 125 connected
I1102 19:08:18.026265 IO-0/EL  message_connection.cpp:269] FuncWorkerConnection[1-125]: Handshake done
I1102 19:08:18.026675 Server/E engine.cpp:674] Engine: New message connection
I1102 19:08:18.026702 IO-0/EL  engine.cpp:277] Engine: Receive new handshake message from message connection
I1102 19:08:18.026706 IO-0/EL  worker_manager.cpp:60] WorkerManager: FuncWorker of func_id 1, client_id 126 connected
I1102 19:08:18.026727 IO-0/EL  message_connection.cpp:269] FuncWorkerConnection[1-126]: Handshake done
I1102 19:08:18.027138 Server/E engine.cpp:674] Engine: New message connection
I1102 19:08:18.027159 IO-0/EL  engine.cpp:277] Engine: Receive new handshake message from message connection
I1102 19:08:18.027163 IO-0/EL  worker_manager.cpp:60] WorkerManager: FuncWorker of func_id 1, client_id 127 connected
I1102 19:08:18.027176 IO-0/EL  message_connection.cpp:269] FuncWorkerConnection[1-127]: Handshake done
I1102 19:08:18.027645 Server/E engine.cpp:674] Engine: New message connection
I1102 19:08:18.027673 IO-0/EL  engine.cpp:277] Engine: Receive new handshake message from message connection
I1102 19:08:18.027677 IO-0/EL  worker_manager.cpp:60] WorkerManager: FuncWorker of func_id 1, client_id 128 connected
I1102 19:08:18.027700 IO-0/EL  message_connection.cpp:269] FuncWorkerConnection[1-128]: Handshake done
I1102 19:08:25.464788 Main     server_base.cpp:35] Server: Scheduled to stop
I1102 19:08:25.464863 IO-0/EL  message_connection.cpp:284] LauncherConnection[1]: Connection closed remotely
I1102 19:08:25.464911 Server/E server_base.cpp:109] Server: Start stopping process
I1102 19:08:25.464976 IO-0/EL  io_worker.cpp:206] IO-0: Start stopping process
I1102 19:08:25.465046 Server/E server_base.cpp:55] Server: Event loop finishes
