I1102 18:13:51.776446 Main     thread.cpp:100] Register main thread: tid=1372228
E1102 18:13:51.776909 Main     docker.cpp:59] Cannot find docker's cgroup in /proc/self/cgroup
I1102 18:13:51.776967 Main     func_config.cpp:135] Load configuration for function Noop[1]
I1102 18:13:51.776978 Main     engine.cpp:109] Engine: Start 1 IO workers
I1102 18:13:51.780252 IO-0/EL  thread.cpp:40] Start thread: IO-0/EL
I1102 18:13:51.780298 IO-0/EL  io_worker.cpp:192] IO-0: Event loop starts
Checking for file descriptor...
Got a file descriptor!
I1102 18:13:53.354592 Main     engine.cpp:180] Engine: Created 1 Machnet connections to Gateway at 10.10.1.2:10007
I1102 18:13:53.354703 Main     engine.cpp:208] Engine: Listen on /dev/shm/faas_ipc/engine.sock for IPC connections
I1102 18:13:53.355104 Server/E thread.cpp:40] Start thread: Server/EL
I1102 18:13:53.355224 Server/E server_base.cpp:50] Server: Event loop starts
I1102 18:13:53.777766 Server/E engine.cpp:674] Engine: New message connection
I1102 18:13:53.781081 IO-0/EL  buffer_pool.h:25] BufferPool[IO-0_Read]: Allocate new buffer, current buffer count is 1
I1102 18:13:53.781115 IO-0/EL  engine.cpp:277] Engine: Receive new handshake message from message connection
I1102 18:13:53.781121 IO-0/EL  worker_manager.cpp:23] WorkerManager: Launcher of func_id 1 connected
I1102 18:13:53.781126 IO-0/EL  worker_manager.cpp:131] WorkerManager: Request new FuncWorker for func_id 1 with client_id 1
I1102 18:13:53.781146 IO-0/EL  worker_manager.cpp:131] WorkerManager: Request new FuncWorker for func_id 1 with client_id 2
I1102 18:13:53.781159 IO-0/EL  worker_manager.cpp:131] WorkerManager: Request new FuncWorker for func_id 1 with client_id 3
I1102 18:13:53.781169 IO-0/EL  worker_manager.cpp:131] WorkerManager: Request new FuncWorker for func_id 1 with client_id 4
I1102 18:13:53.781178 IO-0/EL  worker_manager.cpp:131] WorkerManager: Request new FuncWorker for func_id 1 with client_id 5
I1102 18:13:53.781187 IO-0/EL  worker_manager.cpp:131] WorkerManager: Request new FuncWorker for func_id 1 with client_id 6
I1102 18:13:53.781198 IO-0/EL  worker_manager.cpp:131] WorkerManager: Request new FuncWorker for func_id 1 with client_id 7
I1102 18:13:53.781208 IO-0/EL  worker_manager.cpp:131] WorkerManager: Request new FuncWorker for func_id 1 with client_id 8
I1102 18:13:53.781220 IO-0/EL  worker_manager.cpp:131] WorkerManager: Request new FuncWorker for func_id 1 with client_id 9
I1102 18:13:53.781229 IO-0/EL  worker_manager.cpp:131] WorkerManager: Request new FuncWorker for func_id 1 with client_id 10
I1102 18:13:53.781241 IO-0/EL  worker_manager.cpp:131] WorkerManager: Request new FuncWorker for func_id 1 with client_id 11
I1102 18:13:53.781250 IO-0/EL  worker_manager.cpp:131] WorkerManager: Request new FuncWorker for func_id 1 with client_id 12
I1102 18:13:53.781262 IO-0/EL  worker_manager.cpp:131] WorkerManager: Request new FuncWorker for func_id 1 with client_id 13
I1102 18:13:53.781271 IO-0/EL  worker_manager.cpp:131] WorkerManager: Request new FuncWorker for func_id 1 with client_id 14
I1102 18:13:53.781281 IO-0/EL  worker_manager.cpp:131] WorkerManager: Request new FuncWorker for func_id 1 with client_id 15
I1102 18:13:53.781292 IO-0/EL  worker_manager.cpp:131] WorkerManager: Request new FuncWorker for func_id 1 with client_id 16
I1102 18:13:53.781301 IO-0/EL  worker_manager.cpp:131] WorkerManager: Request new FuncWorker for func_id 1 with client_id 17
I1102 18:13:53.781321 IO-0/EL  worker_manager.cpp:131] WorkerManager: Request new FuncWorker for func_id 1 with client_id 18
I1102 18:13:53.781331 IO-0/EL  worker_manager.cpp:131] WorkerManager: Request new FuncWorker for func_id 1 with client_id 19
I1102 18:13:53.781342 IO-0/EL  worker_manager.cpp:131] WorkerManager: Request new FuncWorker for func_id 1 with client_id 20
I1102 18:13:53.781353 IO-0/EL  worker_manager.cpp:131] WorkerManager: Request new FuncWorker for func_id 1 with client_id 21
I1102 18:13:53.781364 IO-0/EL  worker_manager.cpp:131] WorkerManager: Request new FuncWorker for func_id 1 with client_id 22
I1102 18:13:53.781373 IO-0/EL  worker_manager.cpp:131] WorkerManager: Request new FuncWorker for func_id 1 with client_id 23
I1102 18:13:53.781400 IO-0/EL  worker_manager.cpp:131] WorkerManager: Request new FuncWorker for func_id 1 with client_id 24
I1102 18:13:53.781411 IO-0/EL  worker_manager.cpp:131] WorkerManager: Request new FuncWorker for func_id 1 with client_id 25
I1102 18:13:53.781420 IO-0/EL  worker_manager.cpp:131] WorkerManager: Request new FuncWorker for func_id 1 with client_id 26
I1102 18:13:53.781429 IO-0/EL  worker_manager.cpp:131] WorkerManager: Request new FuncWorker for func_id 1 with client_id 27
I1102 18:13:53.781442 IO-0/EL  worker_manager.cpp:131] WorkerManager: Request new FuncWorker for func_id 1 with client_id 28
I1102 18:13:53.781451 IO-0/EL  worker_manager.cpp:131] WorkerManager: Request new FuncWorker for func_id 1 with client_id 29
I1102 18:13:53.781461 IO-0/EL  worker_manager.cpp:131] WorkerManager: Request new FuncWorker for func_id 1 with client_id 30
I1102 18:13:53.781472 IO-0/EL  worker_manager.cpp:131] WorkerManager: Request new FuncWorker for func_id 1 with client_id 31
I1102 18:13:53.781481 IO-0/EL  worker_manager.cpp:131] WorkerManager: Request new FuncWorker for func_id 1 with client_id 32
I1102 18:13:53.781523 IO-0/EL  buffer_pool.h:25] BufferPool[IO-0_Write]: Allocate new buffer, current buffer count is 1
I1102 18:13:53.781553 IO-0/EL  message_connection.cpp:269] LauncherConnection[1]: Handshake done
I1102 18:13:53.785396 Server/E engine.cpp:674] Engine: New message connection
I1102 18:13:53.785426 IO-0/EL  engine.cpp:277] Engine: Receive new handshake message from message connection
I1102 18:13:53.785432 IO-0/EL  worker_manager.cpp:60] WorkerManager: FuncWorker of func_id 1, client_id 1 connected
I1102 18:13:53.785443 IO-0/EL  dispatcher.cpp:47] Dispatcher[1]: min_workers=32
I1102 18:13:53.785446 IO-0/EL  dispatcher.cpp:51] Dispatcher[1]: max_workers=32
I1102 18:13:53.785469 IO-0/EL  message_connection.cpp:269] FuncWorkerConnection[1-1]: Handshake done
I1102 18:13:53.786933 Server/E engine.cpp:674] Engine: New message connection
I1102 18:13:53.786956 IO-0/EL  engine.cpp:277] Engine: Receive new handshake message from message connection
I1102 18:13:53.786961 IO-0/EL  worker_manager.cpp:60] WorkerManager: FuncWorker of func_id 1, client_id 2 connected
I1102 18:13:53.786976 IO-0/EL  message_connection.cpp:269] FuncWorkerConnection[1-2]: Handshake done
I1102 18:13:53.787372 Server/E engine.cpp:674] Engine: New message connection
I1102 18:13:53.787394 IO-0/EL  engine.cpp:277] Engine: Receive new handshake message from message connection
I1102 18:13:53.787398 IO-0/EL  worker_manager.cpp:60] WorkerManager: FuncWorker of func_id 1, client_id 3 connected
I1102 18:13:53.787411 IO-0/EL  message_connection.cpp:269] FuncWorkerConnection[1-3]: Handshake done
I1102 18:13:53.788687 Server/E engine.cpp:674] Engine: New message connection
I1102 18:13:53.788711 IO-0/EL  engine.cpp:277] Engine: Receive new handshake message from message connection
I1102 18:13:53.788717 IO-0/EL  worker_manager.cpp:60] WorkerManager: FuncWorker of func_id 1, client_id 4 connected
I1102 18:13:53.788731 IO-0/EL  message_connection.cpp:269] FuncWorkerConnection[1-4]: Handshake done
I1102 18:13:53.789071 Server/E engine.cpp:674] Engine: New message connection
I1102 18:13:53.789091 IO-0/EL  engine.cpp:277] Engine: Receive new handshake message from message connection
I1102 18:13:53.789096 IO-0/EL  worker_manager.cpp:60] WorkerManager: FuncWorker of func_id 1, client_id 5 connected
I1102 18:13:53.789108 IO-0/EL  message_connection.cpp:269] FuncWorkerConnection[1-5]: Handshake done
I1102 18:13:53.791391 Server/E engine.cpp:674] Engine: New message connection
I1102 18:13:53.791421 IO-0/EL  engine.cpp:277] Engine: Receive new handshake message from message connection
I1102 18:13:53.791426 IO-0/EL  worker_manager.cpp:60] WorkerManager: FuncWorker of func_id 1, client_id 7 connected
I1102 18:13:53.791440 IO-0/EL  message_connection.cpp:269] FuncWorkerConnection[1-7]: Handshake done
I1102 18:13:53.791544 Server/E engine.cpp:674] Engine: New message connection
I1102 18:13:53.791576 IO-0/EL  engine.cpp:277] Engine: Receive new handshake message from message connection
I1102 18:13:53.791581 IO-0/EL  worker_manager.cpp:60] WorkerManager: FuncWorker of func_id 1, client_id 6 connected
I1102 18:13:53.791593 IO-0/EL  message_connection.cpp:269] FuncWorkerConnection[1-6]: Handshake done
I1102 18:13:53.792780 Server/E engine.cpp:674] Engine: New message connection
I1102 18:13:53.792819 IO-0/EL  engine.cpp:277] Engine: Receive new handshake message from message connection
I1102 18:13:53.792824 IO-0/EL  worker_manager.cpp:60] WorkerManager: FuncWorker of func_id 1, client_id 9 connected
I1102 18:13:53.792837 IO-0/EL  message_connection.cpp:269] FuncWorkerConnection[1-9]: Handshake done
I1102 18:13:53.792870 Server/E engine.cpp:674] Engine: New message connection
I1102 18:13:53.792896 IO-0/EL  engine.cpp:277] Engine: Receive new handshake message from message connection
I1102 18:13:53.792901 IO-0/EL  worker_manager.cpp:60] WorkerManager: FuncWorker of func_id 1, client_id 8 connected
I1102 18:13:53.792913 IO-0/EL  message_connection.cpp:269] FuncWorkerConnection[1-8]: Handshake done
I1102 18:13:53.793487 Server/E engine.cpp:674] Engine: New message connection
I1102 18:13:53.793509 IO-0/EL  engine.cpp:277] Engine: Receive new handshake message from message connection
I1102 18:13:53.793513 IO-0/EL  worker_manager.cpp:60] WorkerManager: FuncWorker of func_id 1, client_id 10 connected
I1102 18:13:53.793526 IO-0/EL  message_connection.cpp:269] FuncWorkerConnection[1-10]: Handshake done
I1102 18:13:53.794866 Server/E engine.cpp:674] Engine: New message connection
I1102 18:13:53.794917 IO-0/EL  engine.cpp:277] Engine: Receive new handshake message from message connection
I1102 18:13:53.794916 Server/E engine.cpp:674] Engine: New message connection
I1102 18:13:53.794923 IO-0/EL  worker_manager.cpp:60] WorkerManager: FuncWorker of func_id 1, client_id 11 connected
I1102 18:13:53.794959 IO-0/EL  message_connection.cpp:269] FuncWorkerConnection[1-11]: Handshake done
I1102 18:13:53.794974 IO-0/EL  engine.cpp:277] Engine: Receive new handshake message from message connection
I1102 18:13:53.794978 IO-0/EL  worker_manager.cpp:60] WorkerManager: FuncWorker of func_id 1, client_id 12 connected
I1102 18:13:53.794991 IO-0/EL  message_connection.cpp:269] FuncWorkerConnection[1-12]: Handshake done
I1102 18:13:53.795186 Server/E engine.cpp:674] Engine: New message connection
I1102 18:13:53.795229 IO-0/EL  engine.cpp:277] Engine: Receive new handshake message from message connection
I1102 18:13:53.795234 IO-0/EL  worker_manager.cpp:60] WorkerManager: FuncWorker of func_id 1, client_id 13 connected
I1102 18:13:53.795248 IO-0/EL  message_connection.cpp:269] FuncWorkerConnection[1-13]: Handshake done
I1102 18:13:53.795637 Server/E engine.cpp:674] Engine: New message connection
I1102 18:13:53.795686 IO-0/EL  engine.cpp:277] Engine: Receive new handshake message from message connection
I1102 18:13:53.795691 IO-0/EL  worker_manager.cpp:60] WorkerManager: FuncWorker of func_id 1, client_id 14 connected
I1102 18:13:53.795715 IO-0/EL  message_connection.cpp:269] FuncWorkerConnection[1-14]: Handshake done
I1102 18:13:53.796023 Server/E engine.cpp:674] Engine: New message connection
I1102 18:13:53.796077 IO-0/EL  engine.cpp:277] Engine: Receive new handshake message from message connection
I1102 18:13:53.796082 IO-0/EL  worker_manager.cpp:60] WorkerManager: FuncWorker of func_id 1, client_id 15 connected
I1102 18:13:53.796096 IO-0/EL  message_connection.cpp:269] FuncWorkerConnection[1-15]: Handshake done
I1102 18:13:53.796745 Server/E engine.cpp:674] Engine: New message connection
I1102 18:13:53.796795 IO-0/EL  engine.cpp:277] Engine: Receive new handshake message from message connection
I1102 18:13:53.796800 IO-0/EL  worker_manager.cpp:60] WorkerManager: FuncWorker of func_id 1, client_id 16 connected
I1102 18:13:53.796814 IO-0/EL  message_connection.cpp:269] FuncWorkerConnection[1-16]: Handshake done
I1102 18:13:53.797305 Server/E engine.cpp:674] Engine: New message connection
I1102 18:13:53.797350 IO-0/EL  engine.cpp:277] Engine: Receive new handshake message from message connection
I1102 18:13:53.797364 IO-0/EL  worker_manager.cpp:60] WorkerManager: FuncWorker of func_id 1, client_id 17 connected
I1102 18:13:53.797383 IO-0/EL  message_connection.cpp:269] FuncWorkerConnection[1-17]: Handshake done
I1102 18:13:53.798694 Server/E engine.cpp:674] Engine: New message connection
I1102 18:13:53.798740 IO-0/EL  engine.cpp:277] Engine: Receive new handshake message from message connection
I1102 18:13:53.798746 IO-0/EL  worker_manager.cpp:60] WorkerManager: FuncWorker of func_id 1, client_id 19 connected
I1102 18:13:53.798759 IO-0/EL  message_connection.cpp:269] FuncWorkerConnection[1-19]: Handshake done
I1102 18:13:53.799087 Server/E engine.cpp:674] Engine: New message connection
I1102 18:13:53.799116 IO-0/EL  engine.cpp:277] Engine: Receive new handshake message from message connection
I1102 18:13:53.799121 IO-0/EL  worker_manager.cpp:60] WorkerManager: FuncWorker of func_id 1, client_id 20 connected
I1102 18:13:53.799134 IO-0/EL  message_connection.cpp:269] FuncWorkerConnection[1-20]: Handshake done
I1102 18:13:53.799460 Server/E engine.cpp:674] Engine: New message connection
I1102 18:13:53.799485 IO-0/EL  engine.cpp:277] Engine: Receive new handshake message from message connection
I1102 18:13:53.799489 IO-0/EL  worker_manager.cpp:60] WorkerManager: FuncWorker of func_id 1, client_id 21 connected
I1102 18:13:53.799502 IO-0/EL  message_connection.cpp:269] FuncWorkerConnection[1-21]: Handshake done
I1102 18:13:53.800019 Server/E engine.cpp:674] Engine: New message connection
I1102 18:13:53.800054 IO-0/EL  engine.cpp:277] Engine: Receive new handshake message from message connection
I1102 18:13:53.800059 IO-0/EL  worker_manager.cpp:60] WorkerManager: FuncWorker of func_id 1, client_id 18 connected
I1102 18:13:53.800072 IO-0/EL  message_connection.cpp:269] FuncWorkerConnection[1-18]: Handshake done
I1102 18:13:53.800412 Server/E engine.cpp:674] Engine: New message connection
I1102 18:13:53.800441 IO-0/EL  engine.cpp:277] Engine: Receive new handshake message from message connection
I1102 18:13:53.800445 IO-0/EL  worker_manager.cpp:60] WorkerManager: FuncWorker of func_id 1, client_id 23 connected
I1102 18:13:53.800458 IO-0/EL  message_connection.cpp:269] FuncWorkerConnection[1-23]: Handshake done
I1102 18:13:53.800929 Server/E engine.cpp:674] Engine: New message connection
I1102 18:13:53.800963 IO-0/EL  engine.cpp:277] Engine: Receive new handshake message from message connection
I1102 18:13:53.800968 IO-0/EL  worker_manager.cpp:60] WorkerManager: FuncWorker of func_id 1, client_id 24 connected
I1102 18:13:53.800981 IO-0/EL  message_connection.cpp:269] FuncWorkerConnection[1-24]: Handshake done
I1102 18:13:53.801179 Server/E engine.cpp:674] Engine: New message connection
I1102 18:13:53.801200 IO-0/EL  engine.cpp:277] Engine: Receive new handshake message from message connection
I1102 18:13:53.801204 IO-0/EL  worker_manager.cpp:60] WorkerManager: FuncWorker of func_id 1, client_id 22 connected
I1102 18:13:53.801216 IO-0/EL  message_connection.cpp:269] FuncWorkerConnection[1-22]: Handshake done
I1102 18:13:53.801255 Server/E engine.cpp:674] Engine: New message connection
I1102 18:13:53.801279 IO-0/EL  engine.cpp:277] Engine: Receive new handshake message from message connection
I1102 18:13:53.801284 IO-0/EL  worker_manager.cpp:60] WorkerManager: FuncWorker of func_id 1, client_id 25 connected
I1102 18:13:53.801296 IO-0/EL  message_connection.cpp:269] FuncWorkerConnection[1-25]: Handshake done
I1102 18:13:53.801599 Server/E engine.cpp:674] Engine: New message connection
I1102 18:13:53.801624 IO-0/EL  engine.cpp:277] Engine: Receive new handshake message from message connection
I1102 18:13:53.801628 IO-0/EL  worker_manager.cpp:60] WorkerManager: FuncWorker of func_id 1, client_id 26 connected
I1102 18:13:53.801640 IO-0/EL  message_connection.cpp:269] FuncWorkerConnection[1-26]: Handshake done
I1102 18:13:53.802018 Server/E engine.cpp:674] Engine: New message connection
I1102 18:13:53.802046 IO-0/EL  engine.cpp:277] Engine: Receive new handshake message from message connection
I1102 18:13:53.802056 IO-0/EL  worker_manager.cpp:60] WorkerManager: FuncWorker of func_id 1, client_id 27 connected
I1102 18:13:53.802070 IO-0/EL  message_connection.cpp:269] FuncWorkerConnection[1-27]: Handshake done
I1102 18:13:53.802507 Server/E engine.cpp:674] Engine: New message connection
I1102 18:13:53.802533 IO-0/EL  engine.cpp:277] Engine: Receive new handshake message from message connection
I1102 18:13:53.802538 IO-0/EL  worker_manager.cpp:60] WorkerManager: FuncWorker of func_id 1, client_id 28 connected
I1102 18:13:53.802551 IO-0/EL  message_connection.cpp:269] FuncWorkerConnection[1-28]: Handshake done
I1102 18:13:53.802951 Server/E engine.cpp:674] Engine: New message connection
I1102 18:13:53.802972 IO-0/EL  engine.cpp:277] Engine: Receive new handshake message from message connection
I1102 18:13:53.802977 IO-0/EL  worker_manager.cpp:60] WorkerManager: FuncWorker of func_id 1, client_id 29 connected
I1102 18:13:53.802994 IO-0/EL  message_connection.cpp:269] FuncWorkerConnection[1-29]: Handshake done
I1102 18:13:53.803376 Server/E engine.cpp:674] Engine: New message connection
I1102 18:13:53.803397 IO-0/EL  engine.cpp:277] Engine: Receive new handshake message from message connection
I1102 18:13:53.803402 IO-0/EL  worker_manager.cpp:60] WorkerManager: FuncWorker of func_id 1, client_id 30 connected
I1102 18:13:53.803415 IO-0/EL  message_connection.cpp:269] FuncWorkerConnection[1-30]: Handshake done
I1102 18:13:53.803747 Server/E engine.cpp:674] Engine: New message connection
I1102 18:13:53.803768 IO-0/EL  engine.cpp:277] Engine: Receive new handshake message from message connection
I1102 18:13:53.803772 IO-0/EL  worker_manager.cpp:60] WorkerManager: FuncWorker of func_id 1, client_id 31 connected
I1102 18:13:53.803785 IO-0/EL  message_connection.cpp:269] FuncWorkerConnection[1-31]: Handshake done
I1102 18:13:53.804164 Server/E engine.cpp:674] Engine: New message connection
I1102 18:13:53.804190 IO-0/EL  engine.cpp:277] Engine: Receive new handshake message from message connection
I1102 18:13:53.804194 IO-0/EL  worker_manager.cpp:60] WorkerManager: FuncWorker of func_id 1, client_id 32 connected
I1102 18:13:53.804207 IO-0/EL  message_connection.cpp:269] FuncWorkerConnection[1-32]: Handshake done
I1102 18:13:56.404405 IO-0/EL  buffer_pool.h:25] BufferPool[IO-0_Write]: Allocate new buffer, current buffer count is 2
I1102 18:13:56.404428 IO-0/EL  buffer_pool.h:25] BufferPool[IO-0_Write]: Allocate new buffer, current buffer count is 3
I1102 18:13:56.404441 IO-0/EL  buffer_pool.h:25] BufferPool[IO-0_Write]: Allocate new buffer, current buffer count is 4
I1102 18:13:56.404450 IO-0/EL  buffer_pool.h:25] BufferPool[IO-0_Write]: Allocate new buffer, current buffer count is 5
I1102 18:13:56.404461 IO-0/EL  buffer_pool.h:25] BufferPool[IO-0_Write]: Allocate new buffer, current buffer count is 6
I1102 18:13:56.404470 IO-0/EL  buffer_pool.h:25] BufferPool[IO-0_Write]: Allocate new buffer, current buffer count is 7
I1102 18:13:56.404480 IO-0/EL  buffer_pool.h:25] BufferPool[IO-0_Write]: Allocate new buffer, current buffer count is 8
I1102 18:13:56.404491 IO-0/EL  buffer_pool.h:25] BufferPool[IO-0_Write]: Allocate new buffer, current buffer count is 9
I1102 18:13:56.404503 IO-0/EL  buffer_pool.h:25] BufferPool[IO-0_Write]: Allocate new buffer, current buffer count is 10
I1102 18:13:56.404511 IO-0/EL  buffer_pool.h:25] BufferPool[IO-0_Write]: Allocate new buffer, current buffer count is 11
I1102 18:13:56.404523 IO-0/EL  buffer_pool.h:25] BufferPool[IO-0_Write]: Allocate new buffer, current buffer count is 12
I1102 18:13:56.404531 IO-0/EL  buffer_pool.h:25] BufferPool[IO-0_Write]: Allocate new buffer, current buffer count is 13
I1102 18:13:56.404544 IO-0/EL  buffer_pool.h:25] BufferPool[IO-0_Write]: Allocate new buffer, current buffer count is 14
I1102 18:13:56.404554 IO-0/EL  buffer_pool.h:25] BufferPool[IO-0_Write]: Allocate new buffer, current buffer count is 15
I1102 18:13:56.404569 IO-0/EL  buffer_pool.h:25] BufferPool[IO-0_Write]: Allocate new buffer, current buffer count is 16
I1102 18:13:56.404581 IO-0/EL  buffer_pool.h:25] BufferPool[IO-0_Write]: Allocate new buffer, current buffer count is 17
I1102 18:13:56.404603 IO-0/EL  buffer_pool.h:25] BufferPool[IO-0_Write]: Allocate new buffer, current buffer count is 18
I1102 18:13:56.404614 IO-0/EL  buffer_pool.h:25] BufferPool[IO-0_Write]: Allocate new buffer, current buffer count is 19
I1102 18:13:56.404629 IO-0/EL  buffer_pool.h:25] BufferPool[IO-0_Write]: Allocate new buffer, current buffer count is 20
I1102 18:13:56.404640 IO-0/EL  buffer_pool.h:25] BufferPool[IO-0_Write]: Allocate new buffer, current buffer count is 21
I1102 18:13:56.404651 IO-0/EL  buffer_pool.h:25] BufferPool[IO-0_Write]: Allocate new buffer, current buffer count is 22
I1102 18:13:57.322194 IO-0/EL  buffer_pool.h:25] BufferPool[IO-0_Write]: Allocate new buffer, current buffer count is 23
I1102 18:13:57.322220 IO-0/EL  buffer_pool.h:25] BufferPool[IO-0_Write]: Allocate new buffer, current buffer count is 24
I1102 18:13:57.322234 IO-0/EL  buffer_pool.h:25] BufferPool[IO-0_Write]: Allocate new buffer, current buffer count is 25
I1102 18:13:57.322243 IO-0/EL  buffer_pool.h:25] BufferPool[IO-0_Write]: Allocate new buffer, current buffer count is 26
I1102 18:13:57.322255 IO-0/EL  buffer_pool.h:25] BufferPool[IO-0_Write]: Allocate new buffer, current buffer count is 27
I1102 18:13:57.322270 IO-0/EL  buffer_pool.h:25] BufferPool[IO-0_Write]: Allocate new buffer, current buffer count is 28
I1102 18:13:57.322280 IO-0/EL  buffer_pool.h:25] BufferPool[IO-0_Write]: Allocate new buffer, current buffer count is 29
I1102 18:13:57.322295 IO-0/EL  buffer_pool.h:25] BufferPool[IO-0_Write]: Allocate new buffer, current buffer count is 30
I1102 18:13:57.322305 IO-0/EL  buffer_pool.h:25] BufferPool[IO-0_Write]: Allocate new buffer, current buffer count is 31
I1102 18:13:57.322327 IO-0/EL  buffer_pool.h:25] BufferPool[IO-0_Write]: Allocate new buffer, current buffer count is 32
I1102 18:13:57.322337 IO-0/EL  buffer_pool.h:25] BufferPool[IO-0_Write]: Allocate new buffer, current buffer count is 33
I1102 18:13:57.322346 IO-0/EL  buffer_pool.h:25] BufferPool[IO-0_Write]: Allocate new buffer, current buffer count is 34
I1102 18:13:58.240729 IO-0/EL  buffer_pool.h:25] BufferPool[IO-0_Write]: Allocate new buffer, current buffer count is 35
I1102 18:13:58.240750 IO-0/EL  buffer_pool.h:25] BufferPool[IO-0_Write]: Allocate new buffer, current buffer count is 36
I1102 18:13:58.240761 IO-0/EL  buffer_pool.h:25] BufferPool[IO-0_Write]: Allocate new buffer, current buffer count is 37
I1102 18:13:58.240770 IO-0/EL  buffer_pool.h:25] BufferPool[IO-0_Write]: Allocate new buffer, current buffer count is 38
I1102 18:13:58.240779 IO-0/EL  buffer_pool.h:25] BufferPool[IO-0_Write]: Allocate new buffer, current buffer count is 39
I1102 18:13:58.240787 IO-0/EL  buffer_pool.h:25] BufferPool[IO-0_Write]: Allocate new buffer, current buffer count is 40
I1102 18:13:58.240797 IO-0/EL  buffer_pool.h:25] BufferPool[IO-0_Write]: Allocate new buffer, current buffer count is 41
I1102 18:13:58.240806 IO-0/EL  buffer_pool.h:25] BufferPool[IO-0_Write]: Allocate new buffer, current buffer count is 42
I1102 18:13:58.240819 IO-0/EL  buffer_pool.h:25] BufferPool[IO-0_Write]: Allocate new buffer, current buffer count is 43
I1102 18:13:58.240829 IO-0/EL  buffer_pool.h:25] BufferPool[IO-0_Write]: Allocate new buffer, current buffer count is 44
I1102 18:14:00.078982 IO-0/EL  buffer_pool.h:25] BufferPool[IO-0_Write]: Allocate new buffer, current buffer count is 45
I1102 18:14:00.079004 IO-0/EL  buffer_pool.h:25] BufferPool[IO-0_Write]: Allocate new buffer, current buffer count is 46
I1102 18:14:00.079013 IO-0/EL  buffer_pool.h:25] BufferPool[IO-0_Write]: Allocate new buffer, current buffer count is 47
I1102 18:14:00.079022 IO-0/EL  buffer_pool.h:25] BufferPool[IO-0_Write]: Allocate new buffer, current buffer count is 48
I1102 18:14:00.079031 IO-0/EL  buffer_pool.h:25] BufferPool[IO-0_Write]: Allocate new buffer, current buffer count is 49
I1102 18:14:00.079041 IO-0/EL  buffer_pool.h:25] BufferPool[IO-0_Write]: Allocate new buffer, current buffer count is 50
I1102 18:14:01.445035 Main     server_base.cpp:35] Server: Scheduled to stop
I1102 18:14:01.445145 Server/E server_base.cpp:109] Server: Start stopping process
I1102 18:14:01.445198 IO-0/EL  io_worker.cpp:206] IO-0: Start stopping process
I1102 18:14:01.445256 Server/E server_base.cpp:55] Server: Event loop finishes
