$ /users/vj2267/nightcore/benchmarks/run_bench.sh --duration 5 --workers 256 --remote vj2267@sm110p-10s10615.wisc.cloudlab.us --remote_addr 10.10.1.2 --machnet --local_machnet_ip 10.10.1.1 --mode hyperlight --target_rps 100000

=== Nightcore Stress Test (hyperlight mode) ===
Mode: hyperlight
Function: Echo
Workers: 256
Duration: 5 seconds
Target RPS (global): 100000
Input size: 64 bytes
Inflight limit per connection: 1
Engine IO workers: 1
Gateway conns per worker: 1
Warmup: 0 seconds
Stress Client: Remote (vj2267@sm110p-10s10615.wisc.cloudlab.us)
Engine Connection Address: 10.10.1.2 (explicit)
Transport: Machnet
  Remote Machnet IP: 10.10.1.2
  Local Machnet IP: 10.10.1.1

Cleaning up any existing stress_client on remote...
Starting stress_client on remote host vj2267@sm110p-10s10615.wisc.cloudlab.us...
  Remote SSH process PID: 1408521
  Output will be saved to: /users/vj2267/nightcore/benchmarks/outputs/stress_client_remote.txt
Waiting for remote stress_client to start...
I1102 19:15:51.893434 Main     thread.cpp:100] Register main thread: tid=1175835
I1102 19:15:51.893507 Main     stress_client.cpp:179] Using Machnet transport on 10.10.1.2:10007
I1102 19:15:51.893512 Main     stress_client_machnet.cpp:37] Starting Machnet event-loop thread...
[Loop Thread 124835713775296] Machnet event-loop thread started
I1102 19:15:51.896726 Server/E thread.cpp:40] Start thread: Server/EL
I1102 19:15:51.896761 Server/E server_base.cpp:50] Server: Event loop starts
I1102 19:15:52.396837 Main     stress_client.cpp:43] === Nightcore Stress Test ===
I1102 19:15:52.396876 Main     stress_client.cpp:44] Function ID: 1
I1102 19:15:52.396884 Main     stress_client.cpp:45] Method ID: 0
I1102 19:15:52.396889 Main     stress_client.cpp:46] Input size: 64 bytes
I1102 19:15:52.396894 Main     stress_client.cpp:47] Global target RPS: 100000
I1102 19:15:52.396899 Main     stress_client.cpp:50] Inflight limit per connection: 1
I1102 19:15:52.396904 Main     stress_client.cpp:51] Warmup: 0s, Duration: 5s
I1102 19:15:52.396909 Main     stress_client.cpp:53] 
I1102 19:15:52.396913 Main     stress_client.cpp:54] ========================================
I1102 19:15:52.396917 Main     stress_client.cpp:57] Waiting for Engine to connect...
Checking for file descriptor...
Got a file descriptor!
Listening on Machnet 10.10.1.2:10007 for Engine connections[Loop Thread 124835713775296] Machnet listener created
Starting Engine (connecting to 10.10.1.2:10007)...
  Engine PID: 1408531
New Machnet connection created: 168427777:1024 -> 168427778:10007
[Receive Thread 124835713775296] Handshake: pinned send flow 168427778:10007 -> 168427777:1024
[Loop Thread 124835713775296] Now sending on flow 168427778:10007 -> 168427777:1024
I1102 19:15:56.400556 Main     stress_client.cpp:71] Engine connected with 1 connection(s)
I1102 19:15:56.400591 Main     stress_client.cpp:73] Global target RPS: 100000
I1102 19:15:56.400598 Main     stress_client.cpp:76] 
I1102 19:15:56.400603 Main     stress_client.cpp:79] Waiting 3 seconds for workers to initialize...
Starting Launcher with 256 workers...
All components started. Stress test will begin after warmup...

I1102 19:16:00.405502 Main     stress_common.cpp:30] [T+1s] Sent: 99997 | Completed: 99991 | Failed: 0 | Latencies: 99991
I1102 19:16:01.407950 Main     stress_common.cpp:30] [T+2s] Sent: 200030 | Completed: 200025 | Failed: 0 | Latencies: 200025
I1102 19:16:02.409484 Main     stress_common.cpp:30] [T+3s] Sent: 300032 | Completed: 300026 | Failed: 0 | Latencies: 300026
I1102 19:16:03.410362 Main     stress_common.cpp:30] [T+4s] Sent: 400035 | Completed: 400030 | Failed: 0 | Latencies: 400030
I1102 19:16:04.411786 Main     stress_common.cpp:30] [T+5s] Sent: 499050 | Completed: 499050 | Failed: 0 | Latencies: 499050
I1102 19:16:04.411820 Main     stress_client.cpp:116] 
I1102 19:16:04.412579 Main     stress_common.cpp:42] ========================================
I1102 19:16:04.412588 Main     stress_common.cpp:43] === Stress Test Results ===
I1102 19:16:04.412593 Main     stress_common.cpp:44] ========================================
I1102 19:16:04.412597 Main     stress_common.cpp:45] Transport:         Machnet
I1102 19:16:04.412603 Main     stress_common.cpp:46] Connections:       1
I1102 19:16:04.412608 Main     stress_common.cpp:47] Duration:          5.01 seconds
I1102 19:16:04.412618 Main     stress_common.cpp:48] Total Sent:        499050
I1102 19:16:04.412623 Main     stress_common.cpp:49] Total Completed:   499050 (100.00%)
I1102 19:16:04.412629 Main     stress_common.cpp:52] Total Failed:      0 (0.00%)
I1102 19:16:04.412636 Main     stress_common.cpp:55] 
I1102 19:16:04.412641 Main     stress_common.cpp:56] Throughput:        99672.3 rps
I1102 19:16:04.412647 Main     stress_common.cpp:57] 
I1102 19:16:04.463416 Main     stress_common.cpp:71] Latency (us):
I1102 19:16:04.463428 Main     stress_common.cpp:72]   Min:    27
I1102 19:16:04.463434 Main     stress_common.cpp:73]   p50:    59
I1102 19:16:04.463438 Main     stress_common.cpp:74]   p90:    64
I1102 19:16:04.463442 Main     stress_common.cpp:75]   p99:    100
I1102 19:16:04.463446 Main     stress_common.cpp:76]   p99.9:  4935
I1102 19:16:04.463450 Main     stress_common.cpp:77]   Max:    6001
I1102 19:16:04.463455 Main     stress_common.cpp:82] ========================================
I1102 19:16:04.463460 Main     server_base.cpp:35] Server: Scheduled to stop
I1102 19:16:04.463589 Server/E server_base.cpp:109] Server: Start stopping process
[Loop Thread 124835713775296] Machnet event-loop thread finished
I1102 19:16:04.463685 Server/E server_base.cpp:55] Server: Event loop finishes
I1102 19:16:04.463798 Main     server_base.cpp:46] Server: Stopped

Stress test completed. Shutting down...

Copying results from remote host...
Remote stress_client output:
I1102 19:15:51.893434 Main     thread.cpp:100] Register main thread: tid=1175835
I1102 19:15:51.893507 Main     stress_client.cpp:179] Using Machnet transport on 10.10.1.2:10007
I1102 19:15:51.893512 Main     stress_client_machnet.cpp:37] Starting Machnet event-loop thread...
[Loop Thread 124835713775296] Machnet event-loop thread started
I1102 19:15:51.896726 Server/E thread.cpp:40] Start thread: Server/EL
I1102 19:15:51.896761 Server/E server_base.cpp:50] Server: Event loop starts
I1102 19:15:52.396837 Main     stress_client.cpp:43] === Nightcore Stress Test ===
I1102 19:15:52.396876 Main     stress_client.cpp:44] Function ID: 1
I1102 19:15:52.396884 Main     stress_client.cpp:45] Method ID: 0
I1102 19:15:52.396889 Main     stress_client.cpp:46] Input size: 64 bytes
I1102 19:15:52.396894 Main     stress_client.cpp:47] Global target RPS: 100000
I1102 19:15:52.396899 Main     stress_client.cpp:50] Inflight limit per connection: 1
I1102 19:15:52.396904 Main     stress_client.cpp:51] Warmup: 0s, Duration: 5s
I1102 19:15:52.396909 Main     stress_client.cpp:53] 
I1102 19:15:52.396913 Main     stress_client.cpp:54] ========================================
I1102 19:15:52.396917 Main     stress_client.cpp:57] Waiting for Engine to connect...
Checking for file descriptor...
Got a file descriptor!
Listening on Machnet 10.10.1.2:10007 for Engine connections[Loop Thread 124835713775296] Machnet listener created
New Machnet connection created: 168427777:1024 -> 168427778:10007
[Receive Thread 124835713775296] Handshake: pinned send flow 168427778:10007 -> 168427777:1024
[Loop Thread 124835713775296] Now sending on flow 168427778:10007 -> 168427777:1024
I1102 19:15:56.400556 Main     stress_client.cpp:71] Engine connected with 1 connection(s)
I1102 19:15:56.400591 Main     stress_client.cpp:73] Global target RPS: 100000
I1102 19:15:56.400598 Main     stress_client.cpp:76] 
I1102 19:15:56.400603 Main     stress_client.cpp:79] Waiting 3 seconds for workers to initialize...
I1102 19:16:00.405502 Main     stress_common.cpp:30] [T+1s] Sent: 99997 | Completed: 99991 | Failed: 0 | Latencies: 99991
I1102 19:16:01.407950 Main     stress_common.cpp:30] [T+2s] Sent: 200030 | Completed: 200025 | Failed: 0 | Latencies: 200025
I1102 19:16:02.409484 Main     stress_common.cpp:30] [T+3s] Sent: 300032 | Completed: 300026 | Failed: 0 | Latencies: 300026
I1102 19:16:03.410362 Main     stress_common.cpp:30] [T+4s] Sent: 400035 | Completed: 400030 | Failed: 0 | Latencies: 400030
I1102 19:16:04.411786 Main     stress_common.cpp:30] [T+5s] Sent: 499050 | Completed: 499050 | Failed: 0 | Latencies: 499050
I1102 19:16:04.411820 Main     stress_client.cpp:116] 
I1102 19:16:04.412579 Main     stress_common.cpp:42] ========================================
I1102 19:16:04.412588 Main     stress_common.cpp:43] === Stress Test Results ===
I1102 19:16:04.412593 Main     stress_common.cpp:44] ========================================
I1102 19:16:04.412597 Main     stress_common.cpp:45] Transport:         Machnet
I1102 19:16:04.412603 Main     stress_common.cpp:46] Connections:       1
I1102 19:16:04.412608 Main     stress_common.cpp:47] Duration:          5.01 seconds
I1102 19:16:04.412618 Main     stress_common.cpp:48] Total Sent:        499050
I1102 19:16:04.412623 Main     stress_common.cpp:49] Total Completed:   499050 (100.00%)
I1102 19:16:04.412629 Main     stress_common.cpp:52] Total Failed:      0 (0.00%)
I1102 19:16:04.412636 Main     stress_common.cpp:55] 
I1102 19:16:04.412641 Main     stress_common.cpp:56] Throughput:        99672.3 rps
I1102 19:16:04.412647 Main     stress_common.cpp:57] 
I1102 19:16:04.463416 Main     stress_common.cpp:71] Latency (us):
I1102 19:16:04.463428 Main     stress_common.cpp:72]   Min:    27
I1102 19:16:04.463434 Main     stress_common.cpp:73]   p50:    59
I1102 19:16:04.463438 Main     stress_common.cpp:74]   p90:    64
I1102 19:16:04.463442 Main     stress_common.cpp:75]   p99:    100
I1102 19:16:04.463446 Main     stress_common.cpp:76]   p99.9:  4935
I1102 19:16:04.463450 Main     stress_common.cpp:77]   Max:    6001
I1102 19:16:04.463455 Main     stress_common.cpp:82] ========================================
I1102 19:16:04.463460 Main     server_base.cpp:35] Server: Scheduled to stop
I1102 19:16:04.463589 Server/E server_base.cpp:109] Server: Start stopping process
[Loop Thread 124835713775296] Machnet event-loop thread finished
I1102 19:16:04.463685 Server/E server_base.cpp:55] Server: Event loop finishes
I1102 19:16:04.463798 Main     server_base.cpp:46] Server: Stopped

Cleaning up any remaining remote stress_client processes...

Logs saved to:
  Engine:   /users/vj2267/nightcore/benchmarks/outputs/engine.log
  Launcher: /users/vj2267/nightcore/benchmarks/outputs/launcher.log
  Workers:  /users/vj2267/nightcore/benchmarks/outputs/Echo_worker_*.stdout
