I1102 19:15:56.592242 Main     thread.cpp:100] Register main thread: tid=1408535
E1102 19:15:56.592380 Main     docker.cpp:59] Cannot find docker's cgroup in /proc/self/cgroup
I1102 19:15:56.595654 Launcher thread.cpp:40] Start thread: Launcher/EL
I1102 19:15:56.595704 Launcher thread.cpp:64] Does not find cpuset setting for IO threads (can be set by FAAS_IO_THREAD_CPUSET)
I1102 19:15:56.595714 Launcher thread.cpp:82] Does not find nice setting for IO threads (can be set by FAAS_IO_THREAD_NICE)
I1102 19:15:56.595719 Launcher launcher.cpp:96] Launcher: Event loop starts
I1102 19:15:56.595738 Launcher engine_connection.cpp:93] EngineConnection: Connected to engine, start writing handshake message
I1102 19:15:56.598716 Launcher buffer_pool.h:25] BufferPool[Launcher]: Allocate new buffer, current buffer count is 1
I1102 19:15:56.598744 Launcher func_config.cpp:135] Load configuration for function Echo[1]
I1102 19:15:56.598753 Launcher engine_connection.cpp:65] EngineConnection: Handshake done
I1102 19:16:04.469591 Main     launcher.cpp:44] Launcher: Scheduled to stop
E1102 19:16:04.471936 Launcher launcher.cpp:72] Launcher: Connection to engine disconnected
I1102 19:16:04.471958 Launcher launcher.cpp:44] Launcher: Scheduled to stop
W1102 19:16:04.495181 Launcher launcher.cpp:87] Launcher: Function process 30 terminated
W1102 19:16:04.518186 Launcher launcher.cpp:87] Launcher: Function process 26 terminated
W1102 19:16:04.527186 Launcher launcher.cpp:87] Launcher: Function process 95 terminated
W1102 19:16:04.527220 Launcher launcher.cpp:87] Launcher: Function process 84 terminated
W1102 19:16:04.527226 Launcher launcher.cpp:87] Launcher: Function process 82 terminated
W1102 19:16:04.527230 Launcher launcher.cpp:87] Launcher: Function process 77 terminated
W1102 19:16:04.527234 Launcher launcher.cpp:87] Launcher: Function process 73 terminated
W1102 19:16:04.527237 Launcher launcher.cpp:87] Launcher: Function process 69 terminated
W1102 19:16:04.527242 Launcher launcher.cpp:87] Launcher: Function process 66 terminated
W1102 19:16:04.527246 Launcher launcher.cpp:87] Launcher: Function process 63 terminated
W1102 19:16:04.527249 Launcher launcher.cpp:87] Launcher: Function process 61 terminated
W1102 19:16:04.527253 Launcher launcher.cpp:87] Launcher: Function process 60 terminated
W1102 19:16:04.527257 Launcher launcher.cpp:87] Launcher: Function process 58 terminated
W1102 19:16:04.527260 Launcher launcher.cpp:87] Launcher: Function process 57 terminated
W1102 19:16:04.527264 Launcher launcher.cpp:87] Launcher: Function process 56 terminated
W1102 19:16:04.527267 Launcher launcher.cpp:87] Launcher: Function process 255 terminated
W1102 19:16:04.527271 Launcher launcher.cpp:87] Launcher: Function process 253 terminated
W1102 19:16:04.527274 Launcher launcher.cpp:87] Launcher: Function process 252 terminated
W1102 19:16:04.527278 Launcher launcher.cpp:87] Launcher: Function process 251 terminated
W1102 19:16:04.527282 Launcher launcher.cpp:87] Launcher: Function process 250 terminated
W1102 19:16:04.527285 Launcher launcher.cpp:87] Launcher: Function process 249 terminated
W1102 19:16:04.527289 Launcher launcher.cpp:87] Launcher: Function process 248 terminated
W1102 19:16:04.527292 Launcher launcher.cpp:87] Launcher: Function process 247 terminated
W1102 19:16:04.527296 Launcher launcher.cpp:87] Launcher: Function process 244 terminated
W1102 19:16:04.527300 Launcher launcher.cpp:87] Launcher: Function process 243 terminated
W1102 19:16:04.527303 Launcher launcher.cpp:87] Launcher: Function process 242 terminated
W1102 19:16:04.527306 Launcher launcher.cpp:87] Launcher: Function process 241 terminated
W1102 19:16:04.527310 Launcher launcher.cpp:87] Launcher: Function process 240 terminated
W1102 19:16:04.527313 Launcher launcher.cpp:87] Launcher: Function process 239 terminated
W1102 19:16:04.527317 Launcher launcher.cpp:87] Launcher: Function process 236 terminated
W1102 19:16:04.527320 Launcher launcher.cpp:87] Launcher: Function process 235 terminated
W1102 19:16:04.527324 Launcher launcher.cpp:87] Launcher: Function process 233 terminated
W1102 19:16:04.527352 Launcher launcher.cpp:87] Launcher: Function process 230 terminated
W1102 19:16:04.527356 Launcher launcher.cpp:87] Launcher: Function process 229 terminated
W1102 19:16:04.527359 Launcher launcher.cpp:87] Launcher: Function process 228 terminated
W1102 19:16:04.527363 Launcher launcher.cpp:87] Launcher: Function process 227 terminated
W1102 19:16:04.527367 Launcher launcher.cpp:87] Launcher: Function process 226 terminated
W1102 19:16:04.527370 Launcher launcher.cpp:87] Launcher: Function process 225 terminated
W1102 19:16:04.527374 Launcher launcher.cpp:87] Launcher: Function process 223 terminated
W1102 19:16:04.527378 Launcher launcher.cpp:87] Launcher: Function process 222 terminated
W1102 19:16:04.527381 Launcher launcher.cpp:87] Launcher: Function process 221 terminated
W1102 19:16:04.527385 Launcher launcher.cpp:87] Launcher: Function process 220 terminated
W1102 19:16:04.527388 Launcher launcher.cpp:87] Launcher: Function process 219 terminated
W1102 19:16:04.527392 Launcher launcher.cpp:87] Launcher: Function process 217 terminated
W1102 19:16:04.527396 Launcher launcher.cpp:87] Launcher: Function process 216 terminated
W1102 19:16:04.527400 Launcher launcher.cpp:87] Launcher: Function process 214 terminated
W1102 19:16:04.527403 Launcher launcher.cpp:87] Launcher: Function process 213 terminated
W1102 19:16:04.527407 Launcher launcher.cpp:87] Launcher: Function process 212 terminated
W1102 19:16:04.527410 Launcher launcher.cpp:87] Launcher: Function process 211 terminated
W1102 19:16:04.527413 Launcher launcher.cpp:87] Launcher: Function process 210 terminated
W1102 19:16:04.527417 Launcher launcher.cpp:87] Launcher: Function process 209 terminated
W1102 19:16:04.527420 Launcher launcher.cpp:87] Launcher: Function process 208 terminated
W1102 19:16:04.527424 Launcher launcher.cpp:87] Launcher: Function process 207 terminated
W1102 19:16:04.527428 Launcher launcher.cpp:87] Launcher: Function process 205 terminated
W1102 19:16:04.527432 Launcher launcher.cpp:87] Launcher: Function process 204 terminated
W1102 19:16:04.527436 Launcher launcher.cpp:87] Launcher: Function process 203 terminated
W1102 19:16:04.527439 Launcher launcher.cpp:87] Launcher: Function process 202 terminated
W1102 19:16:04.527443 Launcher launcher.cpp:87] Launcher: Function process 201 terminated
W1102 19:16:04.527446 Launcher launcher.cpp:87] Launcher: Function process 200 terminated
W1102 19:16:04.527450 Launcher launcher.cpp:87] Launcher: Function process 199 terminated
W1102 19:16:04.527453 Launcher launcher.cpp:87] Launcher: Function process 198 terminated
W1102 19:16:04.527457 Launcher launcher.cpp:87] Launcher: Function process 196 terminated
W1102 19:16:04.527460 Launcher launcher.cpp:87] Launcher: Function process 195 terminated
W1102 19:16:04.527464 Launcher launcher.cpp:87] Launcher: Function process 194 terminated
W1102 19:16:04.527468 Launcher launcher.cpp:87] Launcher: Function process 193 terminated
W1102 19:16:04.527471 Launcher launcher.cpp:87] Launcher: Function process 192 terminated
W1102 19:16:04.527475 Launcher launcher.cpp:87] Launcher: Function process 191 terminated
W1102 19:16:04.527478 Launcher launcher.cpp:87] Launcher: Function process 190 terminated
W1102 19:16:04.527482 Launcher launcher.cpp:87] Launcher: Function process 189 terminated
W1102 19:16:04.527485 Launcher launcher.cpp:87] Launcher: Function process 188 terminated
W1102 19:16:04.527489 Launcher launcher.cpp:87] Launcher: Function process 187 terminated
W1102 19:16:04.527492 Launcher launcher.cpp:87] Launcher: Function process 186 terminated
W1102 19:16:04.527496 Launcher launcher.cpp:87] Launcher: Function process 185 terminated
W1102 19:16:04.527499 Launcher launcher.cpp:87] Launcher: Function process 184 terminated
W1102 19:16:04.527503 Launcher launcher.cpp:87] Launcher: Function process 183 terminated
W1102 19:16:04.527506 Launcher launcher.cpp:87] Launcher: Function process 182 terminated
W1102 19:16:04.527511 Launcher launcher.cpp:87] Launcher: Function process 180 terminated
W1102 19:16:04.527514 Launcher launcher.cpp:87] Launcher: Function process 179 terminated
W1102 19:16:04.527524 Launcher launcher.cpp:87] Launcher: Function process 178 terminated
W1102 19:16:04.527528 Launcher launcher.cpp:87] Launcher: Function process 175 terminated
W1102 19:16:04.527532 Launcher launcher.cpp:87] Launcher: Function process 174 terminated
W1102 19:16:04.527536 Launcher launcher.cpp:87] Launcher: Function process 172 terminated
W1102 19:16:04.527539 Launcher launcher.cpp:87] Launcher: Function process 170 terminated
W1102 19:16:04.527543 Launcher launcher.cpp:87] Launcher: Function process 169 terminated
W1102 19:16:04.527547 Launcher launcher.cpp:87] Launcher: Function process 167 terminated
W1102 19:16:04.527550 Launcher launcher.cpp:87] Launcher: Function process 166 terminated
W1102 19:16:04.527554 Launcher launcher.cpp:87] Launcher: Function process 165 terminated
W1102 19:16:04.527557 Launcher launcher.cpp:87] Launcher: Function process 164 terminated
W1102 19:16:04.527561 Launcher launcher.cpp:87] Launcher: Function process 163 terminated
W1102 19:16:04.527565 Launcher launcher.cpp:87] Launcher: Function process 162 terminated
W1102 19:16:04.527568 Launcher launcher.cpp:87] Launcher: Function process 161 terminated
W1102 19:16:04.527572 Launcher launcher.cpp:87] Launcher: Function process 160 terminated
W1102 19:16:04.527575 Launcher launcher.cpp:87] Launcher: Function process 158 terminated
W1102 19:16:04.527579 Launcher launcher.cpp:87] Launcher: Function process 157 terminated
W1102 19:16:04.527583 Launcher launcher.cpp:87] Launcher: Function process 154 terminated
W1102 19:16:04.527586 Launcher launcher.cpp:87] Launcher: Function process 152 terminated
W1102 19:16:04.527590 Launcher launcher.cpp:87] Launcher: Function process 151 terminated
W1102 19:16:04.527594 Launcher launcher.cpp:87] Launcher: Function process 150 terminated
W1102 19:16:04.527598 Launcher launcher.cpp:87] Launcher: Function process 148 terminated
W1102 19:16:04.527602 Launcher launcher.cpp:87] Launcher: Function process 147 terminated
W1102 19:16:04.527606 Launcher launcher.cpp:87] Launcher: Function process 146 terminated
W1102 19:16:04.527609 Launcher launcher.cpp:87] Launcher: Function process 145 terminated
W1102 19:16:04.527612 Launcher launcher.cpp:87] Launcher: Function process 144 terminated
W1102 19:16:04.527616 Launcher launcher.cpp:87] Launcher: Function process 142 terminated
W1102 19:16:04.527620 Launcher launcher.cpp:87] Launcher: Function process 141 terminated
W1102 19:16:04.527624 Launcher launcher.cpp:87] Launcher: Function process 137 terminated
W1102 19:16:04.527628 Launcher launcher.cpp:87] Launcher: Function process 135 terminated
W1102 19:16:04.527631 Launcher launcher.cpp:87] Launcher: Function process 134 terminated
W1102 19:16:04.527635 Launcher launcher.cpp:87] Launcher: Function process 133 terminated
W1102 19:16:04.527638 Launcher launcher.cpp:87] Launcher: Function process 132 terminated
W1102 19:16:04.527642 Launcher launcher.cpp:87] Launcher: Function process 131 terminated
W1102 19:16:04.527645 Launcher launcher.cpp:87] Launcher: Function process 130 terminated
W1102 19:16:04.527649 Launcher launcher.cpp:87] Launcher: Function process 129 terminated
W1102 19:16:04.527652 Launcher launcher.cpp:87] Launcher: Function process 128 terminated
W1102 19:16:04.527656 Launcher launcher.cpp:87] Launcher: Function process 127 terminated
W1102 19:16:04.527659 Launcher launcher.cpp:87] Launcher: Function process 126 terminated
W1102 19:16:04.527663 Launcher launcher.cpp:87] Launcher: Function process 125 terminated
W1102 19:16:04.527666 Launcher launcher.cpp:87] Launcher: Function process 124 terminated
W1102 19:16:04.527670 Launcher launcher.cpp:87] Launcher: Function process 123 terminated
W1102 19:16:04.527674 Launcher launcher.cpp:87] Launcher: Function process 122 terminated
W1102 19:16:04.527677 Launcher launcher.cpp:87] Launcher: Function process 121 terminated
W1102 19:16:04.527681 Launcher launcher.cpp:87] Launcher: Function process 120 terminated
W1102 19:16:04.527684 Launcher launcher.cpp:87] Launcher: Function process 119 terminated
W1102 19:16:04.527692 Launcher launcher.cpp:87] Launcher: Function process 117 terminated
W1102 19:16:04.527696 Launcher launcher.cpp:87] Launcher: Function process 116 terminated
W1102 19:16:04.527700 Launcher launcher.cpp:87] Launcher: Function process 115 terminated
W1102 19:16:04.527703 Launcher launcher.cpp:87] Launcher: Function process 114 terminated
W1102 19:16:04.527707 Launcher launcher.cpp:87] Launcher: Function process 113 terminated
W1102 19:16:04.527720 Launcher launcher.cpp:87] Launcher: Function process 112 terminated
W1102 19:16:04.527725 Launcher launcher.cpp:87] Launcher: Function process 111 terminated
W1102 19:16:04.527731 Launcher launcher.cpp:87] Launcher: Function process 110 terminated
W1102 19:16:04.527737 Launcher launcher.cpp:87] Launcher: Function process 109 terminated
W1102 19:16:04.527743 Launcher launcher.cpp:87] Launcher: Function process 107 terminated
W1102 19:16:04.527748 Launcher launcher.cpp:87] Launcher: Function process 106 terminated
W1102 19:16:04.527754 Launcher launcher.cpp:87] Launcher: Function process 102 terminated
W1102 19:16:04.527760 Launcher launcher.cpp:87] Launcher: Function process 101 terminated
W1102 19:16:04.527765 Launcher launcher.cpp:87] Launcher: Function process 100 terminated
W1102 19:16:04.527771 Launcher launcher.cpp:87] Launcher: Function process 99 terminated
W1102 19:16:04.527777 Launcher launcher.cpp:87] Launcher: Function process 98 terminated
W1102 19:16:04.527783 Launcher launcher.cpp:87] Launcher: Function process 97 terminated
W1102 19:16:04.527788 Launcher launcher.cpp:87] Launcher: Function process 96 terminated
W1102 19:16:04.527794 Launcher launcher.cpp:87] Launcher: Function process 94 terminated
W1102 19:16:04.527800 Launcher launcher.cpp:87] Launcher: Function process 92 terminated
W1102 19:16:04.527806 Launcher launcher.cpp:87] Launcher: Function process 91 terminated
W1102 19:16:04.527811 Launcher launcher.cpp:87] Launcher: Function process 90 terminated
W1102 19:16:04.527817 Launcher launcher.cpp:87] Launcher: Function process 89 terminated
W1102 19:16:04.527822 Launcher launcher.cpp:87] Launcher: Function process 88 terminated
W1102 19:16:04.527828 Launcher launcher.cpp:87] Launcher: Function process 86 terminated
W1102 19:16:04.527834 Launcher launcher.cpp:87] Launcher: Function process 85 terminated
W1102 19:16:04.527839 Launcher launcher.cpp:87] Launcher: Function process 83 terminated
W1102 19:16:04.527844 Launcher launcher.cpp:87] Launcher: Function process 81 terminated
W1102 19:16:04.527850 Launcher launcher.cpp:87] Launcher: Function process 80 terminated
W1102 19:16:04.527856 Launcher launcher.cpp:87] Launcher: Function process 79 terminated
W1102 19:16:04.527862 Launcher launcher.cpp:87] Launcher: Function process 78 terminated
W1102 19:16:04.527868 Launcher launcher.cpp:87] Launcher: Function process 76 terminated
W1102 19:16:04.527874 Launcher launcher.cpp:87] Launcher: Function process 75 terminated
W1102 19:16:04.527880 Launcher launcher.cpp:87] Launcher: Function process 74 terminated
W1102 19:16:04.527886 Launcher launcher.cpp:87] Launcher: Function process 72 terminated
W1102 19:16:04.527892 Launcher launcher.cpp:87] Launcher: Function process 71 terminated
W1102 19:16:04.527897 Launcher launcher.cpp:87] Launcher: Function process 70 terminated
W1102 19:16:04.527904 Launcher launcher.cpp:87] Launcher: Function process 68 terminated
W1102 19:16:04.527908 Launcher launcher.cpp:87] Launcher: Function process 67 terminated
W1102 19:16:04.527911 Launcher launcher.cpp:87] Launcher: Function process 64 terminated
W1102 19:16:04.527914 Launcher launcher.cpp:87] Launcher: Function process 62 terminated
W1102 19:16:04.527918 Launcher launcher.cpp:87] Launcher: Function process 59 terminated
W1102 19:16:04.527922 Launcher launcher.cpp:87] Launcher: Function process 55 terminated
W1102 19:16:04.527925 Launcher launcher.cpp:87] Launcher: Function process 54 terminated
W1102 19:16:04.527929 Launcher launcher.cpp:87] Launcher: Function process 52 terminated
W1102 19:16:04.527932 Launcher launcher.cpp:87] Launcher: Function process 51 terminated
W1102 19:16:04.527942 Launcher launcher.cpp:87] Launcher: Function process 50 terminated
W1102 19:16:04.527946 Launcher launcher.cpp:87] Launcher: Function process 48 terminated
W1102 19:16:04.527950 Launcher launcher.cpp:87] Launcher: Function process 47 terminated
W1102 19:16:04.527953 Launcher launcher.cpp:87] Launcher: Function process 46 terminated
W1102 19:16:04.527957 Launcher launcher.cpp:87] Launcher: Function process 44 terminated
W1102 19:16:04.527960 Launcher launcher.cpp:87] Launcher: Function process 43 terminated
W1102 19:16:04.527964 Launcher launcher.cpp:87] Launcher: Function process 41 terminated
W1102 19:16:04.527967 Launcher launcher.cpp:87] Launcher: Function process 40 terminated
W1102 19:16:04.527971 Launcher launcher.cpp:87] Launcher: Function process 39 terminated
W1102 19:16:04.527975 Launcher launcher.cpp:87] Launcher: Function process 38 terminated
W1102 19:16:04.527978 Launcher launcher.cpp:87] Launcher: Function process 36 terminated
W1102 19:16:04.527982 Launcher launcher.cpp:87] Launcher: Function process 34 terminated
W1102 19:16:04.527985 Launcher launcher.cpp:87] Launcher: Function process 33 terminated
W1102 19:16:04.527989 Launcher launcher.cpp:87] Launcher: Function process 32 terminated
W1102 19:16:04.527993 Launcher launcher.cpp:87] Launcher: Function process 31 terminated
W1102 19:16:04.527997 Launcher launcher.cpp:87] Launcher: Function process 29 terminated
W1102 19:16:04.528000 Launcher launcher.cpp:87] Launcher: Function process 28 terminated
W1102 19:16:04.528003 Launcher launcher.cpp:87] Launcher: Function process 27 terminated
W1102 19:16:04.528007 Launcher launcher.cpp:87] Launcher: Function process 24 terminated
W1102 19:16:04.528011 Launcher launcher.cpp:87] Launcher: Function process 23 terminated
W1102 19:16:04.528014 Launcher launcher.cpp:87] Launcher: Function process 22 terminated
W1102 19:16:04.528017 Launcher launcher.cpp:87] Launcher: Function process 21 terminated
W1102 19:16:04.528021 Launcher launcher.cpp:87] Launcher: Function process 19 terminated
W1102 19:16:04.528025 Launcher launcher.cpp:87] Launcher: Function process 18 terminated
W1102 19:16:04.528028 Launcher launcher.cpp:87] Launcher: Function process 17 terminated
W1102 19:16:04.528032 Launcher launcher.cpp:87] Launcher: Function process 16 terminated
W1102 19:16:04.528035 Launcher launcher.cpp:87] Launcher: Function process 15 terminated
W1102 19:16:04.528039 Launcher launcher.cpp:87] Launcher: Function process 14 terminated
W1102 19:16:04.528042 Launcher launcher.cpp:87] Launcher: Function process 13 terminated
W1102 19:16:04.528046 Launcher launcher.cpp:87] Launcher: Function process 12 terminated
W1102 19:16:04.528050 Launcher launcher.cpp:87] Launcher: Function process 9 terminated
W1102 19:16:04.528053 Launcher launcher.cpp:87] Launcher: Function process 8 terminated
W1102 19:16:04.528057 Launcher launcher.cpp:87] Launcher: Function process 7 terminated
W1102 19:16:04.528061 Launcher launcher.cpp:87] Launcher: Function process 6 terminated
W1102 19:16:04.528064 Launcher launcher.cpp:87] Launcher: Function process 5 terminated
W1102 19:16:04.528068 Launcher launcher.cpp:87] Launcher: Function process 4 terminated
W1102 19:16:04.528072 Launcher launcher.cpp:87] Launcher: Function process 3 terminated
W1102 19:16:04.528076 Launcher launcher.cpp:87] Launcher: Function process 2 terminated
W1102 19:16:04.528079 Launcher launcher.cpp:87] Launcher: Function process 1 terminated
W1102 19:16:04.528083 Launcher launcher.cpp:87] Launcher: Function process 254 terminated
W1102 19:16:04.528086 Launcher launcher.cpp:87] Launcher: Function process 246 terminated
W1102 19:16:04.528090 Launcher launcher.cpp:87] Launcher: Function process 245 terminated
W1102 19:16:04.528094 Launcher launcher.cpp:87] Launcher: Function process 238 terminated
W1102 19:16:04.528097 Launcher launcher.cpp:87] Launcher: Function process 237 terminated
W1102 19:16:04.528101 Launcher launcher.cpp:87] Launcher: Function process 234 terminated
W1102 19:16:04.528104 Launcher launcher.cpp:87] Launcher: Function process 232 terminated
W1102 19:16:04.528116 Launcher launcher.cpp:87] Launcher: Function process 231 terminated
W1102 19:16:04.528120 Launcher launcher.cpp:87] Launcher: Function process 224 terminated
W1102 19:16:04.528124 Launcher launcher.cpp:87] Launcher: Function process 218 terminated
W1102 19:16:04.528127 Launcher launcher.cpp:87] Launcher: Function process 215 terminated
W1102 19:16:04.528130 Launcher launcher.cpp:87] Launcher: Function process 206 terminated
W1102 19:16:04.528134 Launcher launcher.cpp:87] Launcher: Function process 197 terminated
W1102 19:16:04.528137 Launcher launcher.cpp:87] Launcher: Function process 181 terminated
W1102 19:16:04.528140 Launcher launcher.cpp:87] Launcher: Function process 177 terminated
W1102 19:16:04.528144 Launcher launcher.cpp:87] Launcher: Function process 176 terminated
W1102 19:16:04.528147 Launcher launcher.cpp:87] Launcher: Function process 173 terminated
W1102 19:16:04.528151 Launcher launcher.cpp:87] Launcher: Function process 171 terminated
W1102 19:16:04.528154 Launcher launcher.cpp:87] Launcher: Function process 168 terminated
W1102 19:16:04.528158 Launcher launcher.cpp:87] Launcher: Function process 159 terminated
W1102 19:16:04.528161 Launcher launcher.cpp:87] Launcher: Function process 156 terminated
W1102 19:16:04.528165 Launcher launcher.cpp:87] Launcher: Function process 155 terminated
W1102 19:16:04.528168 Launcher launcher.cpp:87] Launcher: Function process 153 terminated
W1102 19:16:04.528172 Launcher launcher.cpp:87] Launcher: Function process 149 terminated
W1102 19:16:04.528175 Launcher launcher.cpp:87] Launcher: Function process 143 terminated
W1102 19:16:04.528179 Launcher launcher.cpp:87] Launcher: Function process 140 terminated
W1102 19:16:04.528182 Launcher launcher.cpp:87] Launcher: Function process 139 terminated
W1102 19:16:04.528186 Launcher launcher.cpp:87] Launcher: Function process 138 terminated
W1102 19:16:04.528190 Launcher launcher.cpp:87] Launcher: Function process 136 terminated
W1102 19:16:04.528193 Launcher launcher.cpp:87] Launcher: Function process 118 terminated
W1102 19:16:04.528197 Launcher launcher.cpp:87] Launcher: Function process 108 terminated
W1102 19:16:04.528200 Launcher launcher.cpp:87] Launcher: Function process 105 terminated
W1102 19:16:04.528204 Launcher launcher.cpp:87] Launcher: Function process 104 terminated
W1102 19:16:04.528208 Launcher launcher.cpp:87] Launcher: Function process 103 terminated
W1102 19:16:04.528211 Launcher launcher.cpp:87] Launcher: Function process 93 terminated
W1102 19:16:04.528215 Launcher launcher.cpp:87] Launcher: Function process 87 terminated
W1102 19:16:04.528218 Launcher launcher.cpp:87] Launcher: Function process 65 terminated
W1102 19:16:04.528222 Launcher launcher.cpp:87] Launcher: Function process 53 terminated
W1102 19:16:04.528226 Launcher launcher.cpp:87] Launcher: Function process 49 terminated
W1102 19:16:04.528229 Launcher launcher.cpp:87] Launcher: Function process 45 terminated
W1102 19:16:04.528232 Launcher launcher.cpp:87] Launcher: Function process 42 terminated
W1102 19:16:04.528235 Launcher launcher.cpp:87] Launcher: Function process 37 terminated
W1102 19:16:04.528239 Launcher launcher.cpp:87] Launcher: Function process 35 terminated
W1102 19:16:04.528242 Launcher launcher.cpp:87] Launcher: Function process 25 terminated
W1102 19:16:04.528246 Launcher launcher.cpp:87] Launcher: Function process 20 terminated
W1102 19:16:04.528249 Launcher launcher.cpp:87] Launcher: Function process 11 terminated
W1102 19:16:04.528252 Launcher launcher.cpp:87] Launcher: Function process 10 terminated
W1102 19:16:04.528256 Launcher launcher.cpp:87] Launcher: Function process 0 terminated
I1102 19:16:04.528260 Launcher launcher.cpp:101] Launcher: Event loop finishes
I1102 19:16:04.528308 Main     launcher.cpp:68] Launcher: Stopped
