I1102 18:39:21.476487 Main     thread.cpp:100] Register main thread: tid=1386422
E1102 18:39:21.476730 Main     docker.cpp:59] Cannot find docker's cgroup in /proc/self/cgroup
I1102 18:39:21.476787 Main     func_config.cpp:135] Load configuration for function Echo[1]
I1102 18:39:21.476797 Main     engine.cpp:109] Engine: Start 1 IO workers
I1102 18:39:21.480053 IO-0/EL  thread.cpp:40] Start thread: IO-0/EL
I1102 18:39:21.480101 IO-0/EL  io_worker.cpp:192] IO-0: Event loop starts
Checking for file descriptor...
Got a file descriptor!
I1102 18:39:23.360602 Main     engine.cpp:180] Engine: Created 1 Machnet connections to Gateway at 10.10.1.2:10007
I1102 18:39:23.360735 Main     engine.cpp:208] Engine: Listen on /dev/shm/faas_ipc/engine.sock for IPC connections
I1102 18:39:23.361059 Server/E thread.cpp:40] Start thread: Server/EL
I1102 18:39:23.361178 Server/E server_base.cpp:50] Server: Event loop starts
I1102 18:39:23.478648 Server/E engine.cpp:674] Engine: New message connection
I1102 18:39:23.481881 IO-0/EL  buffer_pool.h:25] BufferPool[IO-0_Read]: Allocate new buffer, current buffer count is 1
I1102 18:39:23.481913 IO-0/EL  engine.cpp:277] Engine: Receive new handshake message from message connection
I1102 18:39:23.481919 IO-0/EL  worker_manager.cpp:23] WorkerManager: Launcher of func_id 1 connected
I1102 18:39:23.481923 IO-0/EL  worker_manager.cpp:131] WorkerManager: Request new FuncWorker for func_id 1 with client_id 1
I1102 18:39:23.481943 IO-0/EL  worker_manager.cpp:131] WorkerManager: Request new FuncWorker for func_id 1 with client_id 2
I1102 18:39:23.481969 IO-0/EL  buffer_pool.h:25] BufferPool[IO-0_Write]: Allocate new buffer, current buffer count is 1
I1102 18:39:23.481978 IO-0/EL  message_connection.cpp:269] LauncherConnection[1]: Handshake done
I1102 18:39:23.485981 Server/E engine.cpp:674] Engine: New message connection
I1102 18:39:23.486009 IO-0/EL  engine.cpp:277] Engine: Receive new handshake message from message connection
I1102 18:39:23.486014 IO-0/EL  worker_manager.cpp:60] WorkerManager: FuncWorker of func_id 1, client_id 1 connected
I1102 18:39:23.486028 IO-0/EL  dispatcher.cpp:47] Dispatcher[1]: min_workers=2
I1102 18:39:23.486032 IO-0/EL  dispatcher.cpp:51] Dispatcher[1]: max_workers=2
I1102 18:39:23.486054 IO-0/EL  message_connection.cpp:269] FuncWorkerConnection[1-1]: Handshake done
I1102 18:39:23.487161 Server/E engine.cpp:674] Engine: New message connection
I1102 18:39:23.487188 IO-0/EL  engine.cpp:277] Engine: Receive new handshake message from message connection
I1102 18:39:23.487194 IO-0/EL  worker_manager.cpp:60] WorkerManager: FuncWorker of func_id 1, client_id 2 connected
I1102 18:39:23.487209 IO-0/EL  message_connection.cpp:269] FuncWorkerConnection[1-2]: Handshake done
I1102 18:39:26.413389 IO-0/EL  buffer_pool.h:25] BufferPool[IO-0_Write]: Allocate new buffer, current buffer count is 2
I1102 18:39:28.249618 IO-0/EL  buffer_pool.h:25] BufferPool[IO-0_Write]: Allocate new buffer, current buffer count is 3
I1102 18:39:31.450482 IO-0/EL  message_connection.cpp:284] LauncherConnection[1]: Connection closed remotely
I1102 18:39:31.450484 Main     server_base.cpp:35] Server: Scheduled to stop
I1102 18:39:31.450671 Server/E worker_manager.cpp:47] WorkerManager: Launcher of func_id 1 disconnected
I1102 18:39:31.450764 Server/E engine.cpp:257] Engine: A MessageConnection is returned
I1102 18:39:31.450780 Server/E server_base.cpp:109] Server: Start stopping process
I1102 18:39:31.450794 IO-0/EL  io_worker.cpp:206] IO-0: Start stopping process
