I1102 17:49:12.512163 Main     thread.cpp:100] Register main thread: tid=1366002
E1102 17:49:12.512396 Main     docker.cpp:59] Cannot find docker's cgroup in /proc/self/cgroup
I1102 17:49:12.512449 Main     func_config.cpp:135] Load configuration for function Noop[1]
I1102 17:49:12.512460 Main     engine.cpp:109] Engine: Start 1 IO workers
I1102 17:49:12.515722 IO-0/EL  thread.cpp:40] Start thread: IO-0/EL
I1102 17:49:12.515770 IO-0/EL  io_worker.cpp:192] IO-0: Event loop starts
Checking for file descriptor...
Got a file descriptor!
I1102 17:49:14.349409 Main     engine.cpp:180] Engine: Created 1 Machnet connections to Gateway at 10.10.1.2:10007
I1102 17:49:14.349527 Main     engine.cpp:208] Engine: Listen on /dev/shm/faas_ipc/engine.sock for IPC connections
I1102 17:49:14.349762 Server/E thread.cpp:40] Start thread: Server/EL
I1102 17:49:14.349819 Server/E server_base.cpp:50] Server: Event loop starts
I1102 17:49:14.513247 Server/E engine.cpp:674] Engine: New message connection
I1102 17:49:14.516411 IO-0/EL  buffer_pool.h:25] BufferPool[IO-0_Read]: Allocate new buffer, current buffer count is 1
I1102 17:49:14.516443 IO-0/EL  engine.cpp:277] Engine: Receive new handshake message from message connection
I1102 17:49:14.516448 IO-0/EL  worker_manager.cpp:23] WorkerManager: Launcher of func_id 1 connected
I1102 17:49:14.516453 IO-0/EL  worker_manager.cpp:131] WorkerManager: Request new FuncWorker for func_id 1 with client_id 1
I1102 17:49:14.516492 IO-0/EL  buffer_pool.h:25] BufferPool[IO-0_Write]: Allocate new buffer, current buffer count is 1
I1102 17:49:14.516503 IO-0/EL  message_connection.cpp:269] LauncherConnection[1]: Handshake done
I1102 17:49:14.520261 Server/E engine.cpp:674] Engine: New message connection
I1102 17:49:14.520295 IO-0/EL  engine.cpp:277] Engine: Receive new handshake message from message connection
I1102 17:49:14.520301 IO-0/EL  worker_manager.cpp:60] WorkerManager: FuncWorker of func_id 1, client_id 1 connected
I1102 17:49:14.520311 IO-0/EL  dispatcher.cpp:47] Dispatcher[1]: min_workers=1
I1102 17:49:14.520315 IO-0/EL  dispatcher.cpp:51] Dispatcher[1]: max_workers=1
I1102 17:49:14.520337 IO-0/EL  message_connection.cpp:269] FuncWorkerConnection[1-1]: Handshake done
I1102 17:49:22.477669 Main     server_base.cpp:35] Server: Scheduled to stop
I1102 17:49:22.477761 IO-0/EL  message_connection.cpp:284] LauncherConnection[1]: Connection closed remotely
I1102 17:49:22.477850 Server/E server_base.cpp:109] Server: Start stopping process
I1102 17:49:22.477923 IO-0/EL  io_worker.cpp:206] IO-0: Start stopping process
