I1102 17:58:33.513490 Main     thread.cpp:100] Register main thread: tid=1368146
E1102 17:58:33.513736 Main     docker.cpp:59] Cannot find docker's cgroup in /proc/self/cgroup
I1102 17:58:33.513793 Main     func_config.cpp:135] Load configuration for function Noop[1]
I1102 17:58:33.513805 Main     engine.cpp:109] Engine: Start 1 IO workers
I1102 17:58:33.517052 IO-0/EL  thread.cpp:40] Start thread: IO-0/EL
I1102 17:58:33.517096 IO-0/EL  io_worker.cpp:192] IO-0: Event loop starts
Checking for file descriptor...
Got a file descriptor!
I1102 17:58:35.351173 Main     engine.cpp:180] Engine: Created 1 Machnet connections to Gateway at 10.10.1.2:10007
I1102 17:58:35.351227 Main     engine.cpp:208] Engine: Listen on /dev/shm/faas_ipc/engine.sock for IPC connections
I1102 17:58:35.351332 Server/E thread.cpp:40] Start thread: Server/EL
I1102 17:58:35.351453 Server/E server_base.cpp:50] Server: Event loop starts
I1102 17:58:35.516516 Server/E engine.cpp:674] Engine: New message connection
I1102 17:58:35.519751 IO-0/EL  buffer_pool.h:25] BufferPool[IO-0_Read]: Allocate new buffer, current buffer count is 1
I1102 17:58:35.519783 IO-0/EL  engine.cpp:277] Engine: Receive new handshake message from message connection
I1102 17:58:35.519789 IO-0/EL  worker_manager.cpp:23] WorkerManager: Launcher of func_id 1 connected
I1102 17:58:35.519793 IO-0/EL  worker_manager.cpp:131] WorkerManager: Request new FuncWorker for func_id 1 with client_id 1
I1102 17:58:35.519813 IO-0/EL  worker_manager.cpp:131] WorkerManager: Request new FuncWorker for func_id 1 with client_id 2
I1102 17:58:35.519826 IO-0/EL  worker_manager.cpp:131] WorkerManager: Request new FuncWorker for func_id 1 with client_id 3
I1102 17:58:35.519836 IO-0/EL  worker_manager.cpp:131] WorkerManager: Request new FuncWorker for func_id 1 with client_id 4
I1102 17:58:35.519862 IO-0/EL  buffer_pool.h:25] BufferPool[IO-0_Write]: Allocate new buffer, current buffer count is 1
I1102 17:58:35.519873 IO-0/EL  message_connection.cpp:269] LauncherConnection[1]: Handshake done
I1102 17:58:35.523360 Server/E engine.cpp:674] Engine: New message connection
I1102 17:58:35.523388 IO-0/EL  engine.cpp:277] Engine: Receive new handshake message from message connection
I1102 17:58:35.523393 IO-0/EL  worker_manager.cpp:60] WorkerManager: FuncWorker of func_id 1, client_id 1 connected
I1102 17:58:35.523404 IO-0/EL  dispatcher.cpp:47] Dispatcher[1]: min_workers=4
I1102 17:58:35.523412 IO-0/EL  dispatcher.cpp:51] Dispatcher[1]: max_workers=4
I1102 17:58:35.523436 IO-0/EL  message_connection.cpp:269] FuncWorkerConnection[1-1]: Handshake done
I1102 17:58:35.526065 Server/E engine.cpp:674] Engine: New message connection
I1102 17:58:35.526087 IO-0/EL  engine.cpp:277] Engine: Receive new handshake message from message connection
I1102 17:58:35.526092 IO-0/EL  worker_manager.cpp:60] WorkerManager: FuncWorker of func_id 1, client_id 2 connected
I1102 17:58:35.526106 IO-0/EL  message_connection.cpp:269] FuncWorkerConnection[1-2]: Handshake done
I1102 17:58:35.526475 Server/E engine.cpp:674] Engine: New message connection
I1102 17:58:35.526501 IO-0/EL  engine.cpp:277] Engine: Receive new handshake message from message connection
I1102 17:58:35.526505 IO-0/EL  worker_manager.cpp:60] WorkerManager: FuncWorker of func_id 1, client_id 3 connected
I1102 17:58:35.526518 IO-0/EL  message_connection.cpp:269] FuncWorkerConnection[1-3]: Handshake done
I1102 17:58:35.526836 Server/E engine.cpp:674] Engine: New message connection
I1102 17:58:35.526858 IO-0/EL  engine.cpp:277] Engine: Receive new handshake message from message connection
I1102 17:58:35.526862 IO-0/EL  worker_manager.cpp:60] WorkerManager: FuncWorker of func_id 1, client_id 4 connected
I1102 17:58:35.526875 IO-0/EL  message_connection.cpp:269] FuncWorkerConnection[1-4]: Handshake done
I1102 17:58:38.446090 IO-0/EL  buffer_pool.h:25] BufferPool[IO-0_Write]: Allocate new buffer, current buffer count is 2
I1102 17:58:38.446118 IO-0/EL  buffer_pool.h:25] BufferPool[IO-0_Write]: Allocate new buffer, current buffer count is 3
I1102 17:58:38.446129 IO-0/EL  buffer_pool.h:25] BufferPool[IO-0_Write]: Allocate new buffer, current buffer count is 4
I1102 17:58:38.675506 IO-0/EL  buffer_pool.h:25] BufferPool[IO-0_Write]: Allocate new buffer, current buffer count is 5
I1102 17:58:39.363858 IO-0/EL  buffer_pool.h:25] BufferPool[IO-0_Write]: Allocate new buffer, current buffer count is 6
I1102 17:58:43.488023 Main     server_base.cpp:35] Server: Scheduled to stop
I1102 17:58:43.488139 IO-0/EL  message_connection.cpp:284] LauncherConnection[1]: Connection closed remotely
I1102 17:58:43.488195 Server/E server_base.cpp:109] Server: Start stopping process
I1102 17:58:43.488257 IO-0/EL  io_worker.cpp:206] IO-0: Start stopping process
