$ /users/vj2267/nightcore/benchmarks/run_bench.sh --duration 5 --workers 256 --remote vj2267@sm110p-10s10615.wisc.cloudlab.us --remote_addr 10.10.1.2 --machnet --local_machnet_ip 10.10.1.1 --mode noop --target_rps 275000

=== Nightcore Stress Test (noop mode) ===
Mode: noop
Function: Noop
Workers: 256
Duration: 5 seconds
Target RPS (global): 275000
Input size: 64 bytes
Inflight limit per connection: 1
Engine IO workers: 1
Gateway conns per worker: 1
Warmup: 0 seconds
Stress Client: Remote (vj2267@sm110p-10s10615.wisc.cloudlab.us)
Engine Connection Address: 10.10.1.2 (explicit)
Transport: Machnet
  Remote Machnet IP: 10.10.1.2
  Local Machnet IP: 10.10.1.1

Cleaning up any existing stress_client on remote...
Starting stress_client on remote host vj2267@sm110p-10s10615.wisc.cloudlab.us...
  Remote SSH process PID: 1384257
  Output will be saved to: /users/vj2267/nightcore/benchmarks/outputs/stress_client_remote.txt
Waiting for remote stress_client to start...
I1102 18:31:57.255415 Main     thread.cpp:100] Register main thread: tid=1143456
I1102 18:31:57.255488 Main     stress_client.cpp:179] Using Machnet transport on 10.10.1.2:10007
I1102 18:31:57.255493 Main     stress_client_machnet.cpp:37] Starting Machnet event-loop thread...
[Loop Thread 138945652324032] Machnet event-loop thread started
I1102 18:31:57.258725 Server/E thread.cpp:40] Start thread: Server/EL
I1102 18:31:57.258767 Server/E server_base.cpp:50] Server: Event loop starts
Checking for file descriptor...
Got a file descriptor!
I1102 18:31:57.758835 Main     stress_client.cpp:43] === Nightcore Stress Test ===
I1102 18:31:57.758869 Main     stress_client.cpp:44] Function ID: 1
I1102 18:31:57.758877 Main     stress_client.cpp:45] Method ID: 0
I1102 18:31:57.758882 Main     stress_client.cpp:46] Input size: 64 bytes
I1102 18:31:57.758887 Main     stress_client.cpp:47] Global target RPS: 275000
I1102 18:31:57.758892 Main     stress_client.cpp:50] Inflight limit per connection: 1
I1102 18:31:57.758896 Main     stress_client.cpp:51] Warmup: 0s, Duration: 5s
I1102 18:31:57.758901 Main     stress_client.cpp:53] 
I1102 18:31:57.758906 Main     stress_client.cpp:54] ========================================
I1102 18:31:57.758910 Main     stress_client.cpp:57] Waiting for Engine to connect...
Listening on Machnet 10.10.1.2:10007 for Engine connections[Loop Thread 138945652324032] Machnet listener created
Starting Engine (connecting to 10.10.1.2:10007)...
  Engine PID: 1384261
New Machnet connection created: 168427777:1024 -> 168427778:10007
[Receive Thread 138945652324032] Handshake: pinned send flow 168427778:10007 -> 168427777:1024
[Loop Thread 138945652324032] Now sending on flow 168427778:10007 -> 168427777:1024
I1102 18:32:01.362344 Main     stress_client.cpp:71] Engine connected with 1 connection(s)
I1102 18:32:01.362381 Main     stress_client.cpp:73] Global target RPS: 275000
I1102 18:32:01.362388 Main     stress_client.cpp:76] 
I1102 18:32:01.362393 Main     stress_client.cpp:79] Waiting 3 seconds for workers to initialize...
Starting Launcher with 256 workers...
All components started. Stress test will begin after warmup...

I1102 18:32:05.376739 Main     stress_common.cpp:30] [T+1s] Sent: 333253 | Completed: 168037 | Failed: 0 | Latencies: 168037
I1102 18:32:06.380652 Main     stress_common.cpp:30] [T+2s] Sent: 666650 | Completed: 333443 | Failed: 0 | Latencies: 333443
I1102 18:32:07.383152 Main     stress_common.cpp:30] [T+3s] Sent: 999912 | Completed: 496343 | Failed: 0 | Latencies: 496343
I1102 18:32:08.385929 Main     stress_common.cpp:30] [T+4s] Sent: 1333166 | Completed: 656889 | Failed: 0 | Latencies: 656890
I1102 18:32:09.389149 Main     stress_common.cpp:30] [T+5s] Sent: 1658618 | Completed: 818148 | Failed: 0 | Latencies: 818148
I1102 18:32:09.389193 Main     stress_client.cpp:116] 
I1102 18:32:09.390612 Main     stress_common.cpp:42] ========================================
I1102 18:32:09.390622 Main     stress_common.cpp:43] === Stress Test Results ===
I1102 18:32:09.390627 Main     stress_common.cpp:44] ========================================
I1102 18:32:09.390631 Main     stress_common.cpp:45] Transport:         Machnet
I1102 18:32:09.390637 Main     stress_common.cpp:46] Connections:       1
I1102 18:32:09.390642 Main     stress_common.cpp:47] Duration:          5.01 seconds
I1102 18:32:09.390671 Main     stress_common.cpp:48] Total Sent:        1658618
I1102 18:32:09.390676 Main     stress_common.cpp:49] Total Completed:   818398 (49.34%)
I1102 18:32:09.390683 Main     stress_common.cpp:52] Total Failed:      0 (0.00%)
I1102 18:32:09.390690 Main     stress_common.cpp:55] 
I1102 18:32:09.390695 Main     stress_common.cpp:56] Throughput:        163214.6 rps
I1102 18:32:09.390701 Main     stress_common.cpp:57] 
I1102 18:32:09.442189 Main     stress_common.cpp:71] Latency (us):
I1102 18:32:09.442200 Main     stress_common.cpp:72]   Min:    5126
I1102 18:32:09.442205 Main     stress_common.cpp:73]   p50:    1225279
I1102 18:32:09.442209 Main     stress_common.cpp:74]   p90:    2292504
I1102 18:32:09.442213 Main     stress_common.cpp:75]   p99:    2537536
I1102 18:32:09.442217 Main     stress_common.cpp:76]   p99.9:  2549995
I1102 18:32:09.442220 Main     stress_common.cpp:77]   Max:    2553658
I1102 18:32:09.442223 Main     stress_common.cpp:82] ========================================
I1102 18:32:09.442227 Main     server_base.cpp:35] Server: Scheduled to stop
I1102 18:32:09.442356 Server/E server_base.cpp:109] Server: Start stopping process
[Loop Thread 138945652324032] Machnet event-loop thread finished
I1102 18:32:09.442508 Server/E server_base.cpp:55] Server: Event loop finishes
I1102 18:32:09.442634 Main     server_base.cpp:46] Server: Stopped

Stress test completed. Shutting down...

Copying results from remote host...
Remote stress_client output:
I1102 18:31:57.255415 Main     thread.cpp:100] Register main thread: tid=1143456
I1102 18:31:57.255488 Main     stress_client.cpp:179] Using Machnet transport on 10.10.1.2:10007
I1102 18:31:57.255493 Main     stress_client_machnet.cpp:37] Starting Machnet event-loop thread...
[Loop Thread 138945652324032] Machnet event-loop thread started
I1102 18:31:57.258725 Server/E thread.cpp:40] Start thread: Server/EL
I1102 18:31:57.258767 Server/E server_base.cpp:50] Server: Event loop starts
Checking for file descriptor...
Got a file descriptor!
I1102 18:31:57.758835 Main     stress_client.cpp:43] === Nightcore Stress Test ===
I1102 18:31:57.758869 Main     stress_client.cpp:44] Function ID: 1
I1102 18:31:57.758877 Main     stress_client.cpp:45] Method ID: 0
I1102 18:31:57.758882 Main     stress_client.cpp:46] Input size: 64 bytes
I1102 18:31:57.758887 Main     stress_client.cpp:47] Global target RPS: 275000
I1102 18:31:57.758892 Main     stress_client.cpp:50] Inflight limit per connection: 1
I1102 18:31:57.758896 Main     stress_client.cpp:51] Warmup: 0s, Duration: 5s
I1102 18:31:57.758901 Main     stress_client.cpp:53] 
I1102 18:31:57.758906 Main     stress_client.cpp:54] ========================================
I1102 18:31:57.758910 Main     stress_client.cpp:57] Waiting for Engine to connect...
Listening on Machnet 10.10.1.2:10007 for Engine connections[Loop Thread 138945652324032] Machnet listener created
New Machnet connection created: 168427777:1024 -> 168427778:10007
[Receive Thread 138945652324032] Handshake: pinned send flow 168427778:10007 -> 168427777:1024
[Loop Thread 138945652324032] Now sending on flow 168427778:10007 -> 168427777:1024
I1102 18:32:01.362344 Main     stress_client.cpp:71] Engine connected with 1 connection(s)
I1102 18:32:01.362381 Main     stress_client.cpp:73] Global target RPS: 275000
I1102 18:32:01.362388 Main     stress_client.cpp:76] 
I1102 18:32:01.362393 Main     stress_client.cpp:79] Waiting 3 seconds for workers to initialize...
I1102 18:32:05.376739 Main     stress_common.cpp:30] [T+1s] Sent: 333253 | Completed: 168037 | Failed: 0 | Latencies: 168037
I1102 18:32:06.380652 Main     stress_common.cpp:30] [T+2s] Sent: 666650 | Completed: 333443 | Failed: 0 | Latencies: 333443
I1102 18:32:07.383152 Main     stress_common.cpp:30] [T+3s] Sent: 999912 | Completed: 496343 | Failed: 0 | Latencies: 496343
I1102 18:32:08.385929 Main     stress_common.cpp:30] [T+4s] Sent: 1333166 | Completed: 656889 | Failed: 0 | Latencies: 656890
I1102 18:32:09.389149 Main     stress_common.cpp:30] [T+5s] Sent: 1658618 | Completed: 818148 | Failed: 0 | Latencies: 818148
I1102 18:32:09.389193 Main     stress_client.cpp:116] 
I1102 18:32:09.390612 Main     stress_common.cpp:42] ========================================
I1102 18:32:09.390622 Main     stress_common.cpp:43] === Stress Test Results ===
I1102 18:32:09.390627 Main     stress_common.cpp:44] ========================================
I1102 18:32:09.390631 Main     stress_common.cpp:45] Transport:         Machnet
I1102 18:32:09.390637 Main     stress_common.cpp:46] Connections:       1
I1102 18:32:09.390642 Main     stress_common.cpp:47] Duration:          5.01 seconds
I1102 18:32:09.390671 Main     stress_common.cpp:48] Total Sent:        1658618
I1102 18:32:09.390676 Main     stress_common.cpp:49] Total Completed:   818398 (49.34%)
I1102 18:32:09.390683 Main     stress_common.cpp:52] Total Failed:      0 (0.00%)
I1102 18:32:09.390690 Main     stress_common.cpp:55] 
I1102 18:32:09.390695 Main     stress_common.cpp:56] Throughput:        163214.6 rps
I1102 18:32:09.390701 Main     stress_common.cpp:57] 
I1102 18:32:09.442189 Main     stress_common.cpp:71] Latency (us):
I1102 18:32:09.442200 Main     stress_common.cpp:72]   Min:    5126
I1102 18:32:09.442205 Main     stress_common.cpp:73]   p50:    1225279
I1102 18:32:09.442209 Main     stress_common.cpp:74]   p90:    2292504
I1102 18:32:09.442213 Main     stress_common.cpp:75]   p99:    2537536
I1102 18:32:09.442217 Main     stress_common.cpp:76]   p99.9:  2549995
I1102 18:32:09.442220 Main     stress_common.cpp:77]   Max:    2553658
I1102 18:32:09.442223 Main     stress_common.cpp:82] ========================================
I1102 18:32:09.442227 Main     server_base.cpp:35] Server: Scheduled to stop
I1102 18:32:09.442356 Server/E server_base.cpp:109] Server: Start stopping process
[Loop Thread 138945652324032] Machnet event-loop thread finished
I1102 18:32:09.442508 Server/E server_base.cpp:55] Server: Event loop finishes
I1102 18:32:09.442634 Main     server_base.cpp:46] Server: Stopped

Cleaning up any remaining remote stress_client processes...

Logs saved to:
  Engine:   /users/vj2267/nightcore/benchmarks/outputs/engine.log
  Launcher: /users/vj2267/nightcore/benchmarks/outputs/launcher.log
  Workers:  /users/vj2267/nightcore/benchmarks/outputs/Noop_worker_*.stdout
