$ /users/vj2267/nightcore/benchmarks/run_bench.sh --duration 5 --workers 256 --remote vj2267@sm110p-10s10615.wisc.cloudlab.us --remote_addr 10.10.1.2 --machnet --local_machnet_ip 10.10.1.1 --mode noop --target_rps 50000

=== Nightcore Stress Test (noop mode) ===
Mode: noop
Function: Noop
Workers: 256
Duration: 5 seconds
Target RPS (global): 50000
Input size: 64 bytes
Inflight limit per connection: 1
Engine IO workers: 1
Gateway conns per worker: 1
Warmup: 0 seconds
Stress Client: Remote (vj2267@sm110p-10s10615.wisc.cloudlab.us)
Engine Connection Address: 10.10.1.2 (explicit)
Transport: Machnet
  Remote Machnet IP: 10.10.1.2
  Local Machnet IP: 10.10.1.1

Cleaning up any existing stress_client on remote...
Starting stress_client on remote host vj2267@sm110p-10s10615.wisc.cloudlab.us...
  Remote SSH process PID: 1380375
  Output will be saved to: /users/vj2267/nightcore/benchmarks/outputs/stress_client_remote.txt
Waiting for remote stress_client to start...
I1102 18:28:33.164825 Main     thread.cpp:100] Register main thread: tid=1140967
I1102 18:28:33.164896 Main     stress_client.cpp:179] Using Machnet transport on 10.10.1.2:10007
I1102 18:28:33.164901 Main     stress_client_machnet.cpp:37] Starting Machnet event-loop thread...
[Loop Thread 139738212202176] Machnet event-loop thread started
I1102 18:28:33.168124 Server/E thread.cpp:40] Start thread: Server/EL
I1102 18:28:33.168161 Server/E server_base.cpp:50] Server: Event loop starts
Checking for file descriptor...
Got a file descriptor!
I1102 18:28:33.668236 Main     stress_client.cpp:43] === Nightcore Stress Test ===
I1102 18:28:33.668272 Main     stress_client.cpp:44] Function ID: 1
I1102 18:28:33.668280 Main     stress_client.cpp:45] Method ID: 0
I1102 18:28:33.668285 Main     stress_client.cpp:46] Input size: 64 bytes
I1102 18:28:33.668289 Main     stress_client.cpp:47] Global target RPS: 50000
I1102 18:28:33.668294 Main     stress_client.cpp:50] Inflight limit per connection: 1
I1102 18:28:33.668299 Main     stress_client.cpp:51] Warmup: 0s, Duration: 5s
I1102 18:28:33.668304 Main     stress_client.cpp:53] 
I1102 18:28:33.668308 Main     stress_client.cpp:54] ========================================
I1102 18:28:33.668313 Main     stress_client.cpp:57] Waiting for Engine to connect...
Listening on Machnet 10.10.1.2:10007 for Engine connections[Loop Thread 139738212202176] Machnet listener created
Starting Engine (connecting to 10.10.1.2:10007)...
  Engine PID: 1380385
New Machnet connection created: 168427777:1024 -> 168427778:10007
[Receive Thread 139738212202176] Handshake: pinned send flow 168427778:10007 -> 168427777:1024
[Loop Thread 139738212202176] Now sending on flow 168427778:10007 -> 168427777:1024
I1102 18:28:37.371871 Main     stress_client.cpp:71] Engine connected with 1 connection(s)
I1102 18:28:37.371906 Main     stress_client.cpp:73] Global target RPS: 50000
I1102 18:28:37.371913 Main     stress_client.cpp:76] 
I1102 18:28:37.371917 Main     stress_client.cpp:79] Waiting 3 seconds for workers to initialize...
Starting Launcher with 256 workers...
All components started. Stress test will begin after warmup...

I1102 18:28:41.374856 Main     stress_common.cpp:30] [T+1s] Sent: 50004 | Completed: 50003 | Failed: 0 | Latencies: 50003
I1102 18:28:42.376138 Main     stress_common.cpp:30] [T+2s] Sent: 100018 | Completed: 100017 | Failed: 0 | Latencies: 100017
I1102 18:28:43.376945 Main     stress_common.cpp:30] [T+3s] Sent: 150027 | Completed: 150025 | Failed: 0 | Latencies: 150025
I1102 18:28:44.377873 Main     stress_common.cpp:30] [T+4s] Sent: 200032 | Completed: 200031 | Failed: 0 | Latencies: 200031
I1102 18:28:45.378828 Main     stress_common.cpp:30] [T+5s] Sent: 249739 | Completed: 249739 | Failed: 0 | Latencies: 249739
I1102 18:28:45.378863 Main     stress_client.cpp:116] 
I1102 18:28:45.379248 Main     stress_common.cpp:42] ========================================
I1102 18:28:45.379257 Main     stress_common.cpp:43] === Stress Test Results ===
I1102 18:28:45.379262 Main     stress_common.cpp:44] ========================================
I1102 18:28:45.379266 Main     stress_common.cpp:45] Transport:         Machnet
I1102 18:28:45.379272 Main     stress_common.cpp:46] Connections:       1
I1102 18:28:45.379277 Main     stress_common.cpp:47] Duration:          5.00 seconds
I1102 18:28:45.379305 Main     stress_common.cpp:48] Total Sent:        249739
I1102 18:28:45.379310 Main     stress_common.cpp:49] Total Completed:   249739 (100.00%)
I1102 18:28:45.379316 Main     stress_common.cpp:52] Total Failed:      0 (0.00%)
I1102 18:28:45.379323 Main     stress_common.cpp:55] 
I1102 18:28:45.379327 Main     stress_common.cpp:56] Throughput:        49901.6 rps
I1102 18:28:45.379333 Main     stress_common.cpp:57] 
I1102 18:28:45.401028 Main     stress_common.cpp:71] Latency (us):
I1102 18:28:45.401042 Main     stress_common.cpp:72]   Min:    17
I1102 18:28:45.401049 Main     stress_common.cpp:73]   p50:    27
I1102 18:28:45.401054 Main     stress_common.cpp:74]   p90:    32
I1102 18:28:45.401059 Main     stress_common.cpp:75]   p99:    35
I1102 18:28:45.401063 Main     stress_common.cpp:76]   p99.9:  68
I1102 18:28:45.401068 Main     stress_common.cpp:77]   Max:    1036
I1102 18:28:45.401073 Main     stress_common.cpp:82] ========================================
I1102 18:28:45.401078 Main     server_base.cpp:35] Server: Scheduled to stop
I1102 18:28:45.401202 Server/E server_base.cpp:109] Server: Start stopping process
[Loop Thread 139738212202176] Machnet event-loop thread finished
I1102 18:28:45.401374 Server/E server_base.cpp:55] Server: Event loop finishes
I1102 18:28:45.401479 Main     server_base.cpp:46] Server: Stopped

Stress test completed. Shutting down...

Copying results from remote host...
Remote stress_client output:
I1102 18:28:33.164825 Main     thread.cpp:100] Register main thread: tid=1140967
I1102 18:28:33.164896 Main     stress_client.cpp:179] Using Machnet transport on 10.10.1.2:10007
I1102 18:28:33.164901 Main     stress_client_machnet.cpp:37] Starting Machnet event-loop thread...
[Loop Thread 139738212202176] Machnet event-loop thread started
I1102 18:28:33.168124 Server/E thread.cpp:40] Start thread: Server/EL
I1102 18:28:33.168161 Server/E server_base.cpp:50] Server: Event loop starts
Checking for file descriptor...
Got a file descriptor!
I1102 18:28:33.668236 Main     stress_client.cpp:43] === Nightcore Stress Test ===
I1102 18:28:33.668272 Main     stress_client.cpp:44] Function ID: 1
I1102 18:28:33.668280 Main     stress_client.cpp:45] Method ID: 0
I1102 18:28:33.668285 Main     stress_client.cpp:46] Input size: 64 bytes
I1102 18:28:33.668289 Main     stress_client.cpp:47] Global target RPS: 50000
I1102 18:28:33.668294 Main     stress_client.cpp:50] Inflight limit per connection: 1
I1102 18:28:33.668299 Main     stress_client.cpp:51] Warmup: 0s, Duration: 5s
I1102 18:28:33.668304 Main     stress_client.cpp:53] 
I1102 18:28:33.668308 Main     stress_client.cpp:54] ========================================
I1102 18:28:33.668313 Main     stress_client.cpp:57] Waiting for Engine to connect...
Listening on Machnet 10.10.1.2:10007 for Engine connections[Loop Thread 139738212202176] Machnet listener created
New Machnet connection created: 168427777:1024 -> 168427778:10007
[Receive Thread 139738212202176] Handshake: pinned send flow 168427778:10007 -> 168427777:1024
[Loop Thread 139738212202176] Now sending on flow 168427778:10007 -> 168427777:1024
I1102 18:28:37.371871 Main     stress_client.cpp:71] Engine connected with 1 connection(s)
I1102 18:28:37.371906 Main     stress_client.cpp:73] Global target RPS: 50000
I1102 18:28:37.371913 Main     stress_client.cpp:76] 
I1102 18:28:37.371917 Main     stress_client.cpp:79] Waiting 3 seconds for workers to initialize...
I1102 18:28:41.374856 Main     stress_common.cpp:30] [T+1s] Sent: 50004 | Completed: 50003 | Failed: 0 | Latencies: 50003
I1102 18:28:42.376138 Main     stress_common.cpp:30] [T+2s] Sent: 100018 | Completed: 100017 | Failed: 0 | Latencies: 100017
I1102 18:28:43.376945 Main     stress_common.cpp:30] [T+3s] Sent: 150027 | Completed: 150025 | Failed: 0 | Latencies: 150025
I1102 18:28:44.377873 Main     stress_common.cpp:30] [T+4s] Sent: 200032 | Completed: 200031 | Failed: 0 | Latencies: 200031
I1102 18:28:45.378828 Main     stress_common.cpp:30] [T+5s] Sent: 249739 | Completed: 249739 | Failed: 0 | Latencies: 249739
I1102 18:28:45.378863 Main     stress_client.cpp:116] 
I1102 18:28:45.379248 Main     stress_common.cpp:42] ========================================
I1102 18:28:45.379257 Main     stress_common.cpp:43] === Stress Test Results ===
I1102 18:28:45.379262 Main     stress_common.cpp:44] ========================================
I1102 18:28:45.379266 Main     stress_common.cpp:45] Transport:         Machnet
I1102 18:28:45.379272 Main     stress_common.cpp:46] Connections:       1
I1102 18:28:45.379277 Main     stress_common.cpp:47] Duration:          5.00 seconds
I1102 18:28:45.379305 Main     stress_common.cpp:48] Total Sent:        249739
I1102 18:28:45.379310 Main     stress_common.cpp:49] Total Completed:   249739 (100.00%)
I1102 18:28:45.379316 Main     stress_common.cpp:52] Total Failed:      0 (0.00%)
I1102 18:28:45.379323 Main     stress_common.cpp:55] 
I1102 18:28:45.379327 Main     stress_common.cpp:56] Throughput:        49901.6 rps
I1102 18:28:45.379333 Main     stress_common.cpp:57] 
I1102 18:28:45.401028 Main     stress_common.cpp:71] Latency (us):
I1102 18:28:45.401042 Main     stress_common.cpp:72]   Min:    17
I1102 18:28:45.401049 Main     stress_common.cpp:73]   p50:    27
I1102 18:28:45.401054 Main     stress_common.cpp:74]   p90:    32
I1102 18:28:45.401059 Main     stress_common.cpp:75]   p99:    35
I1102 18:28:45.401063 Main     stress_common.cpp:76]   p99.9:  68
I1102 18:28:45.401068 Main     stress_common.cpp:77]   Max:    1036
I1102 18:28:45.401073 Main     stress_common.cpp:82] ========================================
I1102 18:28:45.401078 Main     server_base.cpp:35] Server: Scheduled to stop
I1102 18:28:45.401202 Server/E server_base.cpp:109] Server: Start stopping process
[Loop Thread 139738212202176] Machnet event-loop thread finished
I1102 18:28:45.401374 Server/E server_base.cpp:55] Server: Event loop finishes
I1102 18:28:45.401479 Main     server_base.cpp:46] Server: Stopped

Cleaning up any remaining remote stress_client processes...

Logs saved to:
  Engine:   /users/vj2267/nightcore/benchmarks/outputs/engine.log
  Launcher: /users/vj2267/nightcore/benchmarks/outputs/launcher.log
  Workers:  /users/vj2267/nightcore/benchmarks/outputs/Noop_worker_*.stdout
