I1102 19:02:01.632278 Main     thread.cpp:100] Register main thread: tid=1393448
E1102 19:02:01.632727 Main     docker.cpp:59] Cannot find docker's cgroup in /proc/self/cgroup
I1102 19:02:01.632781 Main     func_config.cpp:135] Load configuration for function Echo[1]
I1102 19:02:01.632792 Main     engine.cpp:109] Engine: Start 1 IO workers
I1102 19:02:01.636053 IO-0/EL  thread.cpp:40] Start thread: IO-0/EL
I1102 19:02:01.636105 IO-0/EL  io_worker.cpp:192] IO-0: Event loop starts
Checking for file descriptor...
Got a file descriptor!
I1102 19:02:03.365851 Main     engine.cpp:180] Engine: Created 1 Machnet connections to Gateway at 10.10.1.2:10007
I1102 19:02:03.365944 Main     engine.cpp:208] Engine: Listen on /dev/shm/faas_ipc/engine.sock for IPC connections
I1102 19:02:03.366075 Server/E thread.cpp:40] Start thread: Server/EL
I1102 19:02:03.366184 Server/E server_base.cpp:50] Server: Event loop starts
I1102 19:02:03.635115 Server/E engine.cpp:674] Engine: New message connection
I1102 19:02:03.638425 IO-0/EL  buffer_pool.h:25] BufferPool[IO-0_Read]: Allocate new buffer, current buffer count is 1
I1102 19:02:03.638457 IO-0/EL  engine.cpp:277] Engine: Receive new handshake message from message connection
I1102 19:02:03.638463 IO-0/EL  worker_manager.cpp:23] WorkerManager: Launcher of func_id 1 connected
I1102 19:02:03.638467 IO-0/EL  worker_manager.cpp:131] WorkerManager: Request new FuncWorker for func_id 1 with client_id 1
I1102 19:02:03.638487 IO-0/EL  worker_manager.cpp:131] WorkerManager: Request new FuncWorker for func_id 1 with client_id 2
I1102 19:02:03.638500 IO-0/EL  worker_manager.cpp:131] WorkerManager: Request new FuncWorker for func_id 1 with client_id 3
I1102 19:02:03.638510 IO-0/EL  worker_manager.cpp:131] WorkerManager: Request new FuncWorker for func_id 1 with client_id 4
I1102 19:02:03.638519 IO-0/EL  worker_manager.cpp:131] WorkerManager: Request new FuncWorker for func_id 1 with client_id 5
I1102 19:02:03.638528 IO-0/EL  worker_manager.cpp:131] WorkerManager: Request new FuncWorker for func_id 1 with client_id 6
I1102 19:02:03.638539 IO-0/EL  worker_manager.cpp:131] WorkerManager: Request new FuncWorker for func_id 1 with client_id 7
I1102 19:02:03.638548 IO-0/EL  worker_manager.cpp:131] WorkerManager: Request new FuncWorker for func_id 1 with client_id 8
I1102 19:02:03.638560 IO-0/EL  worker_manager.cpp:131] WorkerManager: Request new FuncWorker for func_id 1 with client_id 9
I1102 19:02:03.638569 IO-0/EL  worker_manager.cpp:131] WorkerManager: Request new FuncWorker for func_id 1 with client_id 10
I1102 19:02:03.638581 IO-0/EL  worker_manager.cpp:131] WorkerManager: Request new FuncWorker for func_id 1 with client_id 11
I1102 19:02:03.638591 IO-0/EL  worker_manager.cpp:131] WorkerManager: Request new FuncWorker for func_id 1 with client_id 12
I1102 19:02:03.638604 IO-0/EL  worker_manager.cpp:131] WorkerManager: Request new FuncWorker for func_id 1 with client_id 13
I1102 19:02:03.638613 IO-0/EL  worker_manager.cpp:131] WorkerManager: Request new FuncWorker for func_id 1 with client_id 14
I1102 19:02:03.638622 IO-0/EL  worker_manager.cpp:131] WorkerManager: Request new FuncWorker for func_id 1 with client_id 15
I1102 19:02:03.638633 IO-0/EL  worker_manager.cpp:131] WorkerManager: Request new FuncWorker for func_id 1 with client_id 16
I1102 19:02:03.638643 IO-0/EL  worker_manager.cpp:131] WorkerManager: Request new FuncWorker for func_id 1 with client_id 17
I1102 19:02:03.638664 IO-0/EL  worker_manager.cpp:131] WorkerManager: Request new FuncWorker for func_id 1 with client_id 18
I1102 19:02:03.638674 IO-0/EL  worker_manager.cpp:131] WorkerManager: Request new FuncWorker for func_id 1 with client_id 19
I1102 19:02:03.638685 IO-0/EL  worker_manager.cpp:131] WorkerManager: Request new FuncWorker for func_id 1 with client_id 20
I1102 19:02:03.638696 IO-0/EL  worker_manager.cpp:131] WorkerManager: Request new FuncWorker for func_id 1 with client_id 21
I1102 19:02:03.638706 IO-0/EL  worker_manager.cpp:131] WorkerManager: Request new FuncWorker for func_id 1 with client_id 22
I1102 19:02:03.638719 IO-0/EL  worker_manager.cpp:131] WorkerManager: Request new FuncWorker for func_id 1 with client_id 23
I1102 19:02:03.638745 IO-0/EL  worker_manager.cpp:131] WorkerManager: Request new FuncWorker for func_id 1 with client_id 24
I1102 19:02:03.638756 IO-0/EL  worker_manager.cpp:131] WorkerManager: Request new FuncWorker for func_id 1 with client_id 25
I1102 19:02:03.638765 IO-0/EL  worker_manager.cpp:131] WorkerManager: Request new FuncWorker for func_id 1 with client_id 26
I1102 19:02:03.638774 IO-0/EL  worker_manager.cpp:131] WorkerManager: Request new FuncWorker for func_id 1 with client_id 27
I1102 19:02:03.638787 IO-0/EL  worker_manager.cpp:131] WorkerManager: Request new FuncWorker for func_id 1 with client_id 28
I1102 19:02:03.638796 IO-0/EL  worker_manager.cpp:131] WorkerManager: Request new FuncWorker for func_id 1 with client_id 29
I1102 19:02:03.638806 IO-0/EL  worker_manager.cpp:131] WorkerManager: Request new FuncWorker for func_id 1 with client_id 30
I1102 19:02:03.638817 IO-0/EL  worker_manager.cpp:131] WorkerManager: Request new FuncWorker for func_id 1 with client_id 31
I1102 19:02:03.638826 IO-0/EL  worker_manager.cpp:131] WorkerManager: Request new FuncWorker for func_id 1 with client_id 32
I1102 19:02:03.638869 IO-0/EL  buffer_pool.h:25] BufferPool[IO-0_Write]: Allocate new buffer, current buffer count is 1
I1102 19:02:03.638900 IO-0/EL  message_connection.cpp:269] LauncherConnection[1]: Handshake done
I1102 19:02:03.644014 Server/E engine.cpp:674] Engine: New message connection
I1102 19:02:03.644044 IO-0/EL  engine.cpp:277] Engine: Receive new handshake message from message connection
I1102 19:02:03.644049 IO-0/EL  worker_manager.cpp:60] WorkerManager: FuncWorker of func_id 1, client_id 2 connected
I1102 19:02:03.644060 IO-0/EL  dispatcher.cpp:47] Dispatcher[1]: min_workers=32
I1102 19:02:03.644064 IO-0/EL  dispatcher.cpp:51] Dispatcher[1]: max_workers=32
I1102 19:02:03.644085 IO-0/EL  message_connection.cpp:269] FuncWorkerConnection[1-2]: Handshake done
I1102 19:02:03.644329 Server/E engine.cpp:674] Engine: New message connection
I1102 19:02:03.644349 IO-0/EL  engine.cpp:277] Engine: Receive new handshake message from message connection
I1102 19:02:03.644354 IO-0/EL  worker_manager.cpp:60] WorkerManager: FuncWorker of func_id 1, client_id 1 connected
I1102 19:02:03.644368 IO-0/EL  message_connection.cpp:269] FuncWorkerConnection[1-1]: Handshake done
I1102 19:02:03.645554 Server/E engine.cpp:674] Engine: New message connection
I1102 19:02:03.645580 IO-0/EL  engine.cpp:277] Engine: Receive new handshake message from message connection
I1102 19:02:03.645586 IO-0/EL  worker_manager.cpp:60] WorkerManager: FuncWorker of func_id 1, client_id 3 connected
I1102 19:02:03.645600 IO-0/EL  message_connection.cpp:269] FuncWorkerConnection[1-3]: Handshake done
I1102 19:02:03.645611 Server/E engine.cpp:674] Engine: New message connection
I1102 19:02:03.645632 IO-0/EL  engine.cpp:277] Engine: Receive new handshake message from message connection
I1102 19:02:03.645636 IO-0/EL  worker_manager.cpp:60] WorkerManager: FuncWorker of func_id 1, client_id 4 connected
I1102 19:02:03.645649 IO-0/EL  message_connection.cpp:269] FuncWorkerConnection[1-4]: Handshake done
I1102 19:02:03.647836 Server/E engine.cpp:674] Engine: New message connection
I1102 19:02:03.647924 IO-0/EL  engine.cpp:277] Engine: Receive new handshake message from message connection
I1102 19:02:03.647930 IO-0/EL  worker_manager.cpp:60] WorkerManager: FuncWorker of func_id 1, client_id 5 connected
I1102 19:02:03.647944 IO-0/EL  message_connection.cpp:269] FuncWorkerConnection[1-5]: Handshake done
I1102 19:02:03.648369 Server/E engine.cpp:674] Engine: New message connection
I1102 19:02:03.648429 IO-0/EL  engine.cpp:277] Engine: Receive new handshake message from message connection
I1102 19:02:03.648434 IO-0/EL  worker_manager.cpp:60] WorkerManager: FuncWorker of func_id 1, client_id 6 connected
I1102 19:02:03.648447 IO-0/EL  message_connection.cpp:269] FuncWorkerConnection[1-6]: Handshake done
I1102 19:02:03.649067 Server/E engine.cpp:674] Engine: New message connection
I1102 19:02:03.649116 IO-0/EL  engine.cpp:277] Engine: Receive new handshake message from message connection
I1102 19:02:03.649120 IO-0/EL  worker_manager.cpp:60] WorkerManager: FuncWorker of func_id 1, client_id 7 connected
I1102 19:02:03.649134 IO-0/EL  message_connection.cpp:269] FuncWorkerConnection[1-7]: Handshake done
I1102 19:02:03.649265 Server/E engine.cpp:674] Engine: New message connection
I1102 19:02:03.649287 IO-0/EL  engine.cpp:277] Engine: Receive new handshake message from message connection
I1102 19:02:03.649292 IO-0/EL  worker_manager.cpp:60] WorkerManager: FuncWorker of func_id 1, client_id 8 connected
I1102 19:02:03.649305 IO-0/EL  message_connection.cpp:269] FuncWorkerConnection[1-8]: Handshake done
I1102 19:02:03.649516 Server/E engine.cpp:674] Engine: New message connection
I1102 19:02:03.649543 IO-0/EL  engine.cpp:277] Engine: Receive new handshake message from message connection
I1102 19:02:03.649547 IO-0/EL  worker_manager.cpp:60] WorkerManager: FuncWorker of func_id 1, client_id 9 connected
I1102 19:02:03.649560 IO-0/EL  message_connection.cpp:269] FuncWorkerConnection[1-9]: Handshake done
I1102 19:02:03.650075 Server/E engine.cpp:674] Engine: New message connection
I1102 19:02:03.650115 IO-0/EL  engine.cpp:277] Engine: Receive new handshake message from message connection
I1102 19:02:03.650120 IO-0/EL  worker_manager.cpp:60] WorkerManager: FuncWorker of func_id 1, client_id 10 connected
I1102 19:02:03.650133 IO-0/EL  message_connection.cpp:269] FuncWorkerConnection[1-10]: Handshake done
I1102 19:02:03.651161 Server/E engine.cpp:674] Engine: New message connection
I1102 19:02:03.651194 IO-0/EL  engine.cpp:277] Engine: Receive new handshake message from message connection
I1102 19:02:03.651199 IO-0/EL  worker_manager.cpp:60] WorkerManager: FuncWorker of func_id 1, client_id 11 connected
I1102 19:02:03.651212 IO-0/EL  message_connection.cpp:269] FuncWorkerConnection[1-11]: Handshake done
I1102 19:02:03.651522 Server/E engine.cpp:674] Engine: New message connection
I1102 19:02:03.651550 IO-0/EL  engine.cpp:277] Engine: Receive new handshake message from message connection
I1102 19:02:03.651555 IO-0/EL  worker_manager.cpp:60] WorkerManager: FuncWorker of func_id 1, client_id 12 connected
I1102 19:02:03.651568 IO-0/EL  message_connection.cpp:269] FuncWorkerConnection[1-12]: Handshake done
I1102 19:02:03.653026 Server/E engine.cpp:674] Engine: New message connection
I1102 19:02:03.653070 IO-0/EL  engine.cpp:277] Engine: Receive new handshake message from message connection
I1102 19:02:03.653075 IO-0/EL  worker_manager.cpp:60] WorkerManager: FuncWorker of func_id 1, client_id 14 connected
I1102 19:02:03.653087 IO-0/EL  message_connection.cpp:269] FuncWorkerConnection[1-14]: Handshake done
I1102 19:02:03.653151 Server/E engine.cpp:674] Engine: New message connection
I1102 19:02:03.653197 IO-0/EL  engine.cpp:277] Engine: Receive new handshake message from message connection
I1102 19:02:03.653201 IO-0/EL  worker_manager.cpp:60] WorkerManager: FuncWorker of func_id 1, client_id 13 connected
I1102 19:02:03.653220 IO-0/EL  message_connection.cpp:269] FuncWorkerConnection[1-13]: Handshake done
I1102 19:02:03.653229 Server/E engine.cpp:674] Engine: New message connection
I1102 19:02:03.653255 IO-0/EL  engine.cpp:277] Engine: Receive new handshake message from message connection
I1102 19:02:03.653259 IO-0/EL  worker_manager.cpp:60] WorkerManager: FuncWorker of func_id 1, client_id 15 connected
I1102 19:02:03.653273 IO-0/EL  message_connection.cpp:269] FuncWorkerConnection[1-15]: Handshake done
I1102 19:02:03.653881 Server/E engine.cpp:674] Engine: New message connection
I1102 19:02:03.653928 IO-0/EL  engine.cpp:277] Engine: Receive new handshake message from message connection
I1102 19:02:03.653933 IO-0/EL  worker_manager.cpp:60] WorkerManager: FuncWorker of func_id 1, client_id 16 connected
I1102 19:02:03.653946 IO-0/EL  message_connection.cpp:269] FuncWorkerConnection[1-16]: Handshake done
I1102 19:02:03.654375 Server/E engine.cpp:674] Engine: New message connection
I1102 19:02:03.654423 IO-0/EL  engine.cpp:277] Engine: Receive new handshake message from message connection
I1102 19:02:03.654436 IO-0/EL  worker_manager.cpp:60] WorkerManager: FuncWorker of func_id 1, client_id 17 connected
I1102 19:02:03.654453 IO-0/EL  message_connection.cpp:269] FuncWorkerConnection[1-17]: Handshake done
I1102 19:02:03.654828 Server/E engine.cpp:674] Engine: New message connection
I1102 19:02:03.654873 IO-0/EL  engine.cpp:277] Engine: Receive new handshake message from message connection
I1102 19:02:03.654877 IO-0/EL  worker_manager.cpp:60] WorkerManager: FuncWorker of func_id 1, client_id 18 connected
I1102 19:02:03.654890 IO-0/EL  message_connection.cpp:269] FuncWorkerConnection[1-18]: Handshake done
I1102 19:02:03.655350 Server/E engine.cpp:674] Engine: New message connection
I1102 19:02:03.655394 IO-0/EL  engine.cpp:277] Engine: Receive new handshake message from message connection
I1102 19:02:03.655399 IO-0/EL  worker_manager.cpp:60] WorkerManager: FuncWorker of func_id 1, client_id 19 connected
I1102 19:02:03.655412 IO-0/EL  message_connection.cpp:269] FuncWorkerConnection[1-19]: Handshake done
I1102 19:02:03.655867 Server/E engine.cpp:674] Engine: New message connection
I1102 19:02:03.655909 IO-0/EL  engine.cpp:277] Engine: Receive new handshake message from message connection
I1102 19:02:03.655914 IO-0/EL  worker_manager.cpp:60] WorkerManager: FuncWorker of func_id 1, client_id 20 connected
I1102 19:02:03.655926 IO-0/EL  message_connection.cpp:269] FuncWorkerConnection[1-20]: Handshake done
I1102 19:02:03.656221 Server/E engine.cpp:674] Engine: New message connection
I1102 19:02:03.656262 IO-0/EL  engine.cpp:277] Engine: Receive new handshake message from message connection
I1102 19:02:03.656267 IO-0/EL  worker_manager.cpp:60] WorkerManager: FuncWorker of func_id 1, client_id 21 connected
I1102 19:02:03.656280 IO-0/EL  message_connection.cpp:269] FuncWorkerConnection[1-21]: Handshake done
I1102 19:02:03.656720 Server/E engine.cpp:674] Engine: New message connection
I1102 19:02:03.656761 IO-0/EL  engine.cpp:277] Engine: Receive new handshake message from message connection
I1102 19:02:03.656765 IO-0/EL  worker_manager.cpp:60] WorkerManager: FuncWorker of func_id 1, client_id 22 connected
I1102 19:02:03.656778 IO-0/EL  message_connection.cpp:269] FuncWorkerConnection[1-22]: Handshake done
I1102 19:02:03.657238 Server/E engine.cpp:674] Engine: New message connection
I1102 19:02:03.657281 IO-0/EL  engine.cpp:277] Engine: Receive new handshake message from message connection
I1102 19:02:03.657286 IO-0/EL  worker_manager.cpp:60] WorkerManager: FuncWorker of func_id 1, client_id 23 connected
I1102 19:02:03.657299 IO-0/EL  message_connection.cpp:269] FuncWorkerConnection[1-23]: Handshake done
I1102 19:02:03.657643 Server/E engine.cpp:674] Engine: New message connection
I1102 19:02:03.657679 IO-0/EL  engine.cpp:277] Engine: Receive new handshake message from message connection
I1102 19:02:03.657684 IO-0/EL  worker_manager.cpp:60] WorkerManager: FuncWorker of func_id 1, client_id 24 connected
I1102 19:02:03.657696 IO-0/EL  message_connection.cpp:269] FuncWorkerConnection[1-24]: Handshake done
I1102 19:02:03.657771 Server/E engine.cpp:674] Engine: New message connection
I1102 19:02:03.657811 IO-0/EL  engine.cpp:277] Engine: Receive new handshake message from message connection
I1102 19:02:03.657816 IO-0/EL  worker_manager.cpp:60] WorkerManager: FuncWorker of func_id 1, client_id 25 connected
I1102 19:02:03.657829 IO-0/EL  message_connection.cpp:269] FuncWorkerConnection[1-25]: Handshake done
I1102 19:02:03.658602 Server/E engine.cpp:674] Engine: New message connection
I1102 19:02:03.658642 IO-0/EL  engine.cpp:277] Engine: Receive new handshake message from message connection
I1102 19:02:03.658647 IO-0/EL  worker_manager.cpp:60] WorkerManager: FuncWorker of func_id 1, client_id 26 connected
I1102 19:02:03.658659 IO-0/EL  message_connection.cpp:269] FuncWorkerConnection[1-26]: Handshake done
I1102 19:02:03.659072 Server/E engine.cpp:674] Engine: New message connection
I1102 19:02:03.659113 IO-0/EL  engine.cpp:277] Engine: Receive new handshake message from message connection
I1102 19:02:03.659123 IO-0/EL  worker_manager.cpp:60] WorkerManager: FuncWorker of func_id 1, client_id 27 connected
I1102 19:02:03.659136 IO-0/EL  message_connection.cpp:269] FuncWorkerConnection[1-27]: Handshake done
I1102 19:02:03.659493 Server/E engine.cpp:674] Engine: New message connection
I1102 19:02:03.659535 IO-0/EL  engine.cpp:277] Engine: Receive new handshake message from message connection
I1102 19:02:03.659539 IO-0/EL  worker_manager.cpp:60] WorkerManager: FuncWorker of func_id 1, client_id 28 connected
I1102 19:02:03.659552 IO-0/EL  message_connection.cpp:269] FuncWorkerConnection[1-28]: Handshake done
I1102 19:02:03.659995 Server/E engine.cpp:674] Engine: New message connection
I1102 19:02:03.660036 IO-0/EL  engine.cpp:277] Engine: Receive new handshake message from message connection
I1102 19:02:03.660041 IO-0/EL  worker_manager.cpp:60] WorkerManager: FuncWorker of func_id 1, client_id 29 connected
I1102 19:02:03.660058 IO-0/EL  message_connection.cpp:269] FuncWorkerConnection[1-29]: Handshake done
I1102 19:02:03.660419 Server/E engine.cpp:674] Engine: New message connection
I1102 19:02:03.660456 IO-0/EL  engine.cpp:277] Engine: Receive new handshake message from message connection
I1102 19:02:03.660460 IO-0/EL  worker_manager.cpp:60] WorkerManager: FuncWorker of func_id 1, client_id 30 connected
I1102 19:02:03.660473 IO-0/EL  message_connection.cpp:269] FuncWorkerConnection[1-30]: Handshake done
I1102 19:02:03.661068 Server/E engine.cpp:674] Engine: New message connection
I1102 19:02:03.661103 IO-0/EL  engine.cpp:277] Engine: Receive new handshake message from message connection
I1102 19:02:03.661107 IO-0/EL  worker_manager.cpp:60] WorkerManager: FuncWorker of func_id 1, client_id 31 connected
I1102 19:02:03.661121 IO-0/EL  message_connection.cpp:269] FuncWorkerConnection[1-31]: Handshake done
I1102 19:02:03.661405 Server/E engine.cpp:674] Engine: New message connection
I1102 19:02:03.661443 IO-0/EL  engine.cpp:277] Engine: Receive new handshake message from message connection
I1102 19:02:03.661447 IO-0/EL  worker_manager.cpp:60] WorkerManager: FuncWorker of func_id 1, client_id 32 connected
I1102 19:02:03.661460 IO-0/EL  message_connection.cpp:269] FuncWorkerConnection[1-32]: Handshake done
I1102 19:02:06.475053 IO-0/EL  buffer_pool.h:25] BufferPool[IO-0_Write]: Allocate new buffer, current buffer count is 2
I1102 19:02:06.475082 IO-0/EL  buffer_pool.h:25] BufferPool[IO-0_Write]: Allocate new buffer, current buffer count is 3
I1102 19:02:06.475097 IO-0/EL  buffer_pool.h:25] BufferPool[IO-0_Write]: Allocate new buffer, current buffer count is 4
I1102 19:02:06.475105 IO-0/EL  buffer_pool.h:25] BufferPool[IO-0_Write]: Allocate new buffer, current buffer count is 5
I1102 19:02:06.475117 IO-0/EL  buffer_pool.h:25] BufferPool[IO-0_Write]: Allocate new buffer, current buffer count is 6
I1102 19:02:06.475126 IO-0/EL  buffer_pool.h:25] BufferPool[IO-0_Write]: Allocate new buffer, current buffer count is 7
I1102 19:02:06.475137 IO-0/EL  buffer_pool.h:25] BufferPool[IO-0_Write]: Allocate new buffer, current buffer count is 8
I1102 19:02:06.475147 IO-0/EL  buffer_pool.h:25] BufferPool[IO-0_Write]: Allocate new buffer, current buffer count is 9
I1102 19:02:06.475158 IO-0/EL  buffer_pool.h:25] BufferPool[IO-0_Write]: Allocate new buffer, current buffer count is 10
I1102 19:02:06.475168 IO-0/EL  buffer_pool.h:25] BufferPool[IO-0_Write]: Allocate new buffer, current buffer count is 11
I1102 19:02:06.475180 IO-0/EL  buffer_pool.h:25] BufferPool[IO-0_Write]: Allocate new buffer, current buffer count is 12
I1102 19:02:06.475188 IO-0/EL  buffer_pool.h:25] BufferPool[IO-0_Write]: Allocate new buffer, current buffer count is 13
I1102 19:02:06.475199 IO-0/EL  buffer_pool.h:25] BufferPool[IO-0_Write]: Allocate new buffer, current buffer count is 14
I1102 19:02:06.475212 IO-0/EL  buffer_pool.h:25] BufferPool[IO-0_Write]: Allocate new buffer, current buffer count is 15
I1102 19:02:06.475224 IO-0/EL  buffer_pool.h:25] BufferPool[IO-0_Write]: Allocate new buffer, current buffer count is 16
I1102 19:02:06.475237 IO-0/EL  buffer_pool.h:25] BufferPool[IO-0_Write]: Allocate new buffer, current buffer count is 17
I1102 19:02:06.475263 IO-0/EL  buffer_pool.h:25] BufferPool[IO-0_Write]: Allocate new buffer, current buffer count is 18
I1102 19:02:06.475274 IO-0/EL  buffer_pool.h:25] BufferPool[IO-0_Write]: Allocate new buffer, current buffer count is 19
I1102 19:02:06.475287 IO-0/EL  buffer_pool.h:25] BufferPool[IO-0_Write]: Allocate new buffer, current buffer count is 20
I1102 19:02:06.475296 IO-0/EL  buffer_pool.h:25] BufferPool[IO-0_Write]: Allocate new buffer, current buffer count is 21
I1102 19:02:06.475308 IO-0/EL  buffer_pool.h:25] BufferPool[IO-0_Write]: Allocate new buffer, current buffer count is 22
I1102 19:02:06.475319 IO-0/EL  buffer_pool.h:25] BufferPool[IO-0_Write]: Allocate new buffer, current buffer count is 23
I1102 19:02:06.475329 IO-0/EL  buffer_pool.h:25] BufferPool[IO-0_Write]: Allocate new buffer, current buffer count is 24
I1102 19:02:06.475343 IO-0/EL  buffer_pool.h:25] BufferPool[IO-0_Write]: Allocate new buffer, current buffer count is 25
I1102 19:02:06.475361 IO-0/EL  buffer_pool.h:25] BufferPool[IO-0_Write]: Allocate new buffer, current buffer count is 26
I1102 19:02:06.475379 IO-0/EL  buffer_pool.h:25] BufferPool[IO-0_Write]: Allocate new buffer, current buffer count is 27
I1102 19:02:06.475396 IO-0/EL  buffer_pool.h:25] BufferPool[IO-0_Write]: Allocate new buffer, current buffer count is 28
I1102 19:02:06.475423 IO-0/EL  buffer_pool.h:25] BufferPool[IO-0_Write]: Allocate new buffer, current buffer count is 29
I1102 19:02:06.475438 IO-0/EL  buffer_pool.h:25] BufferPool[IO-0_Write]: Allocate new buffer, current buffer count is 30
I1102 19:02:06.475455 IO-0/EL  buffer_pool.h:25] BufferPool[IO-0_Write]: Allocate new buffer, current buffer count is 31
I1102 19:02:06.475472 IO-0/EL  buffer_pool.h:25] BufferPool[IO-0_Write]: Allocate new buffer, current buffer count is 32
I1102 19:02:06.475691 IO-0/EL  buffer_pool.h:25] BufferPool[IO-0_Write]: Allocate new buffer, current buffer count is 33
I1102 19:02:06.475706 IO-0/EL  buffer_pool.h:25] BufferPool[IO-0_Write]: Allocate new buffer, current buffer count is 34
I1102 19:02:06.475719 IO-0/EL  buffer_pool.h:25] BufferPool[IO-0_Write]: Allocate new buffer, current buffer count is 35
I1102 19:02:06.475731 IO-0/EL  buffer_pool.h:25] BufferPool[IO-0_Write]: Allocate new buffer, current buffer count is 36
I1102 19:02:06.475740 IO-0/EL  buffer_pool.h:25] BufferPool[IO-0_Write]: Allocate new buffer, current buffer count is 37
I1102 19:02:06.475750 IO-0/EL  buffer_pool.h:25] BufferPool[IO-0_Write]: Allocate new buffer, current buffer count is 38
I1102 19:02:06.475763 IO-0/EL  buffer_pool.h:25] BufferPool[IO-0_Write]: Allocate new buffer, current buffer count is 39
I1102 19:02:06.475778 IO-0/EL  buffer_pool.h:25] BufferPool[IO-0_Write]: Allocate new buffer, current buffer count is 40
I1102 19:02:06.475793 IO-0/EL  buffer_pool.h:25] BufferPool[IO-0_Write]: Allocate new buffer, current buffer count is 41
I1102 19:02:06.475814 IO-0/EL  buffer_pool.h:25] BufferPool[IO-0_Write]: Allocate new buffer, current buffer count is 42
I1102 19:02:06.475825 IO-0/EL  buffer_pool.h:25] BufferPool[IO-0_Write]: Allocate new buffer, current buffer count is 43
I1102 19:02:06.475838 IO-0/EL  buffer_pool.h:25] BufferPool[IO-0_Write]: Allocate new buffer, current buffer count is 44
I1102 19:02:06.475848 IO-0/EL  buffer_pool.h:25] BufferPool[IO-0_Write]: Allocate new buffer, current buffer count is 45
I1102 19:02:06.475857 IO-0/EL  buffer_pool.h:25] BufferPool[IO-0_Write]: Allocate new buffer, current buffer count is 46
I1102 19:02:06.475867 IO-0/EL  buffer_pool.h:25] BufferPool[IO-0_Write]: Allocate new buffer, current buffer count is 47
I1102 19:02:06.475876 IO-0/EL  buffer_pool.h:25] BufferPool[IO-0_Write]: Allocate new buffer, current buffer count is 48
I1102 19:02:06.475885 IO-0/EL  buffer_pool.h:25] BufferPool[IO-0_Write]: Allocate new buffer, current buffer count is 49
I1102 19:02:06.475894 IO-0/EL  buffer_pool.h:25] BufferPool[IO-0_Write]: Allocate new buffer, current buffer count is 50
I1102 19:02:06.475912 IO-0/EL  buffer_pool.h:25] BufferPool[IO-0_Write]: Allocate new buffer, current buffer count is 51
I1102 19:02:06.475922 IO-0/EL  buffer_pool.h:25] BufferPool[IO-0_Write]: Allocate new buffer, current buffer count is 52
I1102 19:02:06.475931 IO-0/EL  buffer_pool.h:25] BufferPool[IO-0_Write]: Allocate new buffer, current buffer count is 53
I1102 19:02:06.475940 IO-0/EL  buffer_pool.h:25] BufferPool[IO-0_Write]: Allocate new buffer, current buffer count is 54
I1102 19:02:06.475949 IO-0/EL  buffer_pool.h:25] BufferPool[IO-0_Write]: Allocate new buffer, current buffer count is 55
I1102 19:02:06.475958 IO-0/EL  buffer_pool.h:25] BufferPool[IO-0_Write]: Allocate new buffer, current buffer count is 56
I1102 19:02:11.595319 Main     server_base.cpp:35] Server: Scheduled to stop
I1102 19:02:11.595410 Server/E server_base.cpp:109] Server: Start stopping process
I1102 19:02:11.595524 Server/E server_base.cpp:55] Server: Event loop finishes
I1102 19:02:11.595660 IO-0/EL  io_worker.cpp:206] IO-0: Start stopping process
