I1102 19:00:19.853959 Main     thread.cpp:100] Register main thread: tid=1392669
E1102 19:00:19.854410 Main     docker.cpp:59] Cannot find docker's cgroup in /proc/self/cgroup
I1102 19:00:19.854466 Main     func_config.cpp:135] Load configuration for function Echo[1]
I1102 19:00:19.854477 Main     engine.cpp:109] Engine: Start 1 IO workers
I1102 19:00:19.857720 IO-0/EL  thread.cpp:40] Start thread: IO-0/EL
I1102 19:00:19.857767 IO-0/EL  io_worker.cpp:192] IO-0: Event loop starts
Checking for file descriptor...
Got a file descriptor!
I1102 19:00:21.365304 Main     engine.cpp:180] Engine: Created 1 Machnet connections to Gateway at 10.10.1.2:10007
I1102 19:00:21.365355 Main     engine.cpp:208] Engine: Listen on /dev/shm/faas_ipc/engine.sock for IPC connections
I1102 19:00:21.365538 Server/E thread.cpp:40] Start thread: Server/EL
I1102 19:00:21.365655 Server/E server_base.cpp:50] Server: Event loop starts
I1102 19:00:21.859735 Server/E engine.cpp:674] Engine: New message connection
I1102 19:00:21.863016 IO-0/EL  buffer_pool.h:25] BufferPool[IO-0_Read]: Allocate new buffer, current buffer count is 1
I1102 19:00:21.863050 IO-0/EL  engine.cpp:277] Engine: Receive new handshake message from message connection
I1102 19:00:21.863056 IO-0/EL  worker_manager.cpp:23] WorkerManager: Launcher of func_id 1 connected
I1102 19:00:21.863060 IO-0/EL  worker_manager.cpp:131] WorkerManager: Request new FuncWorker for func_id 1 with client_id 1
I1102 19:00:21.863081 IO-0/EL  worker_manager.cpp:131] WorkerManager: Request new FuncWorker for func_id 1 with client_id 2
I1102 19:00:21.863093 IO-0/EL  worker_manager.cpp:131] WorkerManager: Request new FuncWorker for func_id 1 with client_id 3
I1102 19:00:21.863103 IO-0/EL  worker_manager.cpp:131] WorkerManager: Request new FuncWorker for func_id 1 with client_id 4
I1102 19:00:21.863113 IO-0/EL  worker_manager.cpp:131] WorkerManager: Request new FuncWorker for func_id 1 with client_id 5
I1102 19:00:21.863122 IO-0/EL  worker_manager.cpp:131] WorkerManager: Request new FuncWorker for func_id 1 with client_id 6
I1102 19:00:21.863133 IO-0/EL  worker_manager.cpp:131] WorkerManager: Request new FuncWorker for func_id 1 with client_id 7
I1102 19:00:21.863142 IO-0/EL  worker_manager.cpp:131] WorkerManager: Request new FuncWorker for func_id 1 with client_id 8
I1102 19:00:21.863154 IO-0/EL  worker_manager.cpp:131] WorkerManager: Request new FuncWorker for func_id 1 with client_id 9
I1102 19:00:21.863164 IO-0/EL  worker_manager.cpp:131] WorkerManager: Request new FuncWorker for func_id 1 with client_id 10
I1102 19:00:21.863175 IO-0/EL  worker_manager.cpp:131] WorkerManager: Request new FuncWorker for func_id 1 with client_id 11
I1102 19:00:21.863185 IO-0/EL  worker_manager.cpp:131] WorkerManager: Request new FuncWorker for func_id 1 with client_id 12
I1102 19:00:21.863198 IO-0/EL  worker_manager.cpp:131] WorkerManager: Request new FuncWorker for func_id 1 with client_id 13
I1102 19:00:21.863207 IO-0/EL  worker_manager.cpp:131] WorkerManager: Request new FuncWorker for func_id 1 with client_id 14
I1102 19:00:21.863217 IO-0/EL  worker_manager.cpp:131] WorkerManager: Request new FuncWorker for func_id 1 with client_id 15
I1102 19:00:21.863227 IO-0/EL  worker_manager.cpp:131] WorkerManager: Request new FuncWorker for func_id 1 with client_id 16
I1102 19:00:21.863237 IO-0/EL  worker_manager.cpp:131] WorkerManager: Request new FuncWorker for func_id 1 with client_id 17
I1102 19:00:21.863258 IO-0/EL  worker_manager.cpp:131] WorkerManager: Request new FuncWorker for func_id 1 with client_id 18
I1102 19:00:21.863268 IO-0/EL  worker_manager.cpp:131] WorkerManager: Request new FuncWorker for func_id 1 with client_id 19
I1102 19:00:21.863280 IO-0/EL  worker_manager.cpp:131] WorkerManager: Request new FuncWorker for func_id 1 with client_id 20
I1102 19:00:21.863291 IO-0/EL  worker_manager.cpp:131] WorkerManager: Request new FuncWorker for func_id 1 with client_id 21
I1102 19:00:21.863301 IO-0/EL  worker_manager.cpp:131] WorkerManager: Request new FuncWorker for func_id 1 with client_id 22
I1102 19:00:21.863310 IO-0/EL  worker_manager.cpp:131] WorkerManager: Request new FuncWorker for func_id 1 with client_id 23
I1102 19:00:21.863336 IO-0/EL  worker_manager.cpp:131] WorkerManager: Request new FuncWorker for func_id 1 with client_id 24
I1102 19:00:21.863346 IO-0/EL  worker_manager.cpp:131] WorkerManager: Request new FuncWorker for func_id 1 with client_id 25
I1102 19:00:21.863356 IO-0/EL  worker_manager.cpp:131] WorkerManager: Request new FuncWorker for func_id 1 with client_id 26
I1102 19:00:21.863365 IO-0/EL  worker_manager.cpp:131] WorkerManager: Request new FuncWorker for func_id 1 with client_id 27
I1102 19:00:21.863377 IO-0/EL  worker_manager.cpp:131] WorkerManager: Request new FuncWorker for func_id 1 with client_id 28
I1102 19:00:21.863387 IO-0/EL  worker_manager.cpp:131] WorkerManager: Request new FuncWorker for func_id 1 with client_id 29
I1102 19:00:21.863397 IO-0/EL  worker_manager.cpp:131] WorkerManager: Request new FuncWorker for func_id 1 with client_id 30
I1102 19:00:21.863409 IO-0/EL  worker_manager.cpp:131] WorkerManager: Request new FuncWorker for func_id 1 with client_id 31
I1102 19:00:21.863418 IO-0/EL  worker_manager.cpp:131] WorkerManager: Request new FuncWorker for func_id 1 with client_id 32
I1102 19:00:21.863468 IO-0/EL  buffer_pool.h:25] BufferPool[IO-0_Write]: Allocate new buffer, current buffer count is 1
I1102 19:00:21.863500 IO-0/EL  message_connection.cpp:269] LauncherConnection[1]: Handshake done
I1102 19:00:21.867502 Server/E engine.cpp:674] Engine: New message connection
I1102 19:00:21.867531 IO-0/EL  engine.cpp:277] Engine: Receive new handshake message from message connection
I1102 19:00:21.867537 IO-0/EL  worker_manager.cpp:60] WorkerManager: FuncWorker of func_id 1, client_id 1 connected
I1102 19:00:21.867548 IO-0/EL  dispatcher.cpp:47] Dispatcher[1]: min_workers=32
I1102 19:00:21.867552 IO-0/EL  dispatcher.cpp:51] Dispatcher[1]: max_workers=32
I1102 19:00:21.867574 IO-0/EL  message_connection.cpp:269] FuncWorkerConnection[1-1]: Handshake done
I1102 19:00:21.869022 Server/E engine.cpp:674] Engine: New message connection
I1102 19:00:21.869047 IO-0/EL  engine.cpp:277] Engine: Receive new handshake message from message connection
I1102 19:00:21.869053 IO-0/EL  worker_manager.cpp:60] WorkerManager: FuncWorker of func_id 1, client_id 2 connected
I1102 19:00:21.869068 IO-0/EL  message_connection.cpp:269] FuncWorkerConnection[1-2]: Handshake done
I1102 19:00:21.869476 Server/E engine.cpp:674] Engine: New message connection
I1102 19:00:21.869498 IO-0/EL  engine.cpp:277] Engine: Receive new handshake message from message connection
I1102 19:00:21.869502 IO-0/EL  worker_manager.cpp:60] WorkerManager: FuncWorker of func_id 1, client_id 3 connected
I1102 19:00:21.869515 IO-0/EL  message_connection.cpp:269] FuncWorkerConnection[1-3]: Handshake done
I1102 19:00:21.870407 Server/E engine.cpp:674] Engine: New message connection
I1102 19:00:21.870429 IO-0/EL  engine.cpp:277] Engine: Receive new handshake message from message connection
I1102 19:00:21.870434 IO-0/EL  worker_manager.cpp:60] WorkerManager: FuncWorker of func_id 1, client_id 4 connected
I1102 19:00:21.870448 IO-0/EL  message_connection.cpp:269] FuncWorkerConnection[1-4]: Handshake done
I1102 19:00:21.872469 Server/E engine.cpp:674] Engine: New message connection
I1102 19:00:21.872491 IO-0/EL  engine.cpp:277] Engine: Receive new handshake message from message connection
I1102 19:00:21.872496 IO-0/EL  worker_manager.cpp:60] WorkerManager: FuncWorker of func_id 1, client_id 5 connected
I1102 19:00:21.872509 IO-0/EL  message_connection.cpp:269] FuncWorkerConnection[1-5]: Handshake done
I1102 19:00:21.872921 Server/E engine.cpp:674] Engine: New message connection
I1102 19:00:21.872970 IO-0/EL  engine.cpp:277] Engine: Receive new handshake message from message connection
I1102 19:00:21.872975 IO-0/EL  worker_manager.cpp:60] WorkerManager: FuncWorker of func_id 1, client_id 6 connected
I1102 19:00:21.872988 IO-0/EL  message_connection.cpp:269] FuncWorkerConnection[1-6]: Handshake done
I1102 19:00:21.873256 Server/E engine.cpp:674] Engine: New message connection
I1102 19:00:21.873309 IO-0/EL  engine.cpp:277] Engine: Receive new handshake message from message connection
I1102 19:00:21.873313 IO-0/EL  worker_manager.cpp:60] WorkerManager: FuncWorker of func_id 1, client_id 7 connected
I1102 19:00:21.873326 IO-0/EL  message_connection.cpp:269] FuncWorkerConnection[1-7]: Handshake done
I1102 19:00:21.874695 Server/E engine.cpp:674] Engine: New message connection
I1102 19:00:21.874736 IO-0/EL  engine.cpp:277] Engine: Receive new handshake message from message connection
I1102 19:00:21.874741 IO-0/EL  worker_manager.cpp:60] WorkerManager: FuncWorker of func_id 1, client_id 8 connected
I1102 19:00:21.874756 IO-0/EL  message_connection.cpp:269] FuncWorkerConnection[1-8]: Handshake done
I1102 19:00:21.874905 Server/E engine.cpp:674] Engine: New message connection
I1102 19:00:21.874928 IO-0/EL  engine.cpp:277] Engine: Receive new handshake message from message connection
I1102 19:00:21.874932 IO-0/EL  worker_manager.cpp:60] WorkerManager: FuncWorker of func_id 1, client_id 9 connected
I1102 19:00:21.874945 IO-0/EL  message_connection.cpp:269] FuncWorkerConnection[1-9]: Handshake done
I1102 19:00:21.875097 Server/E engine.cpp:674] Engine: New message connection
I1102 19:00:21.875117 IO-0/EL  engine.cpp:277] Engine: Receive new handshake message from message connection
I1102 19:00:21.875121 IO-0/EL  worker_manager.cpp:60] WorkerManager: FuncWorker of func_id 1, client_id 10 connected
I1102 19:00:21.875135 IO-0/EL  message_connection.cpp:269] FuncWorkerConnection[1-10]: Handshake done
I1102 19:00:21.876587 Server/E engine.cpp:674] Engine: New message connection
I1102 19:00:21.876611 IO-0/EL  engine.cpp:277] Engine: Receive new handshake message from message connection
I1102 19:00:21.876616 IO-0/EL  worker_manager.cpp:60] WorkerManager: FuncWorker of func_id 1, client_id 11 connected
I1102 19:00:21.876630 IO-0/EL  message_connection.cpp:269] FuncWorkerConnection[1-11]: Handshake done
I1102 19:00:21.876749 Server/E engine.cpp:674] Engine: New message connection
I1102 19:00:21.876771 IO-0/EL  engine.cpp:277] Engine: Receive new handshake message from message connection
I1102 19:00:21.876776 IO-0/EL  worker_manager.cpp:60] WorkerManager: FuncWorker of func_id 1, client_id 12 connected
I1102 19:00:21.876789 IO-0/EL  message_connection.cpp:269] FuncWorkerConnection[1-12]: Handshake done
I1102 19:00:21.877362 Server/E engine.cpp:674] Engine: New message connection
I1102 19:00:21.877382 IO-0/EL  engine.cpp:277] Engine: Receive new handshake message from message connection
I1102 19:00:21.877387 IO-0/EL  worker_manager.cpp:60] WorkerManager: FuncWorker of func_id 1, client_id 13 connected
I1102 19:00:21.877400 IO-0/EL  message_connection.cpp:269] FuncWorkerConnection[1-13]: Handshake done
I1102 19:00:21.877734 Server/E engine.cpp:674] Engine: New message connection
I1102 19:00:21.877763 IO-0/EL  engine.cpp:277] Engine: Receive new handshake message from message connection
I1102 19:00:21.877770 IO-0/EL  worker_manager.cpp:60] WorkerManager: FuncWorker of func_id 1, client_id 14 connected
I1102 19:00:21.877794 IO-0/EL  message_connection.cpp:269] FuncWorkerConnection[1-14]: Handshake done
I1102 19:00:21.878197 Server/E engine.cpp:674] Engine: New message connection
I1102 19:00:21.878248 IO-0/EL  engine.cpp:277] Engine: Receive new handshake message from message connection
I1102 19:00:21.878253 IO-0/EL  worker_manager.cpp:60] WorkerManager: FuncWorker of func_id 1, client_id 15 connected
I1102 19:00:21.878267 IO-0/EL  message_connection.cpp:269] FuncWorkerConnection[1-15]: Handshake done
I1102 19:00:21.878624 Server/E engine.cpp:674] Engine: New message connection
I1102 19:00:21.878670 IO-0/EL  engine.cpp:277] Engine: Receive new handshake message from message connection
I1102 19:00:21.878675 IO-0/EL  worker_manager.cpp:60] WorkerManager: FuncWorker of func_id 1, client_id 16 connected
I1102 19:00:21.878688 IO-0/EL  message_connection.cpp:269] FuncWorkerConnection[1-16]: Handshake done
I1102 19:00:21.879196 Server/E engine.cpp:674] Engine: New message connection
I1102 19:00:21.879228 IO-0/EL  engine.cpp:277] Engine: Receive new handshake message from message connection
I1102 19:00:21.879243 IO-0/EL  worker_manager.cpp:60] WorkerManager: FuncWorker of func_id 1, client_id 17 connected
I1102 19:00:21.879263 IO-0/EL  message_connection.cpp:269] FuncWorkerConnection[1-17]: Handshake done
I1102 19:00:21.879577 Server/E engine.cpp:674] Engine: New message connection
I1102 19:00:21.879618 IO-0/EL  engine.cpp:277] Engine: Receive new handshake message from message connection
I1102 19:00:21.879623 IO-0/EL  worker_manager.cpp:60] WorkerManager: FuncWorker of func_id 1, client_id 18 connected
I1102 19:00:21.879635 IO-0/EL  message_connection.cpp:269] FuncWorkerConnection[1-18]: Handshake done
I1102 19:00:21.880095 Server/E engine.cpp:674] Engine: New message connection
I1102 19:00:21.880139 IO-0/EL  engine.cpp:277] Engine: Receive new handshake message from message connection
I1102 19:00:21.880144 IO-0/EL  worker_manager.cpp:60] WorkerManager: FuncWorker of func_id 1, client_id 19 connected
I1102 19:00:21.880157 IO-0/EL  message_connection.cpp:269] FuncWorkerConnection[1-19]: Handshake done
I1102 19:00:21.880574 Server/E engine.cpp:674] Engine: New message connection
I1102 19:00:21.880603 IO-0/EL  engine.cpp:277] Engine: Receive new handshake message from message connection
I1102 19:00:21.880608 IO-0/EL  worker_manager.cpp:60] WorkerManager: FuncWorker of func_id 1, client_id 20 connected
I1102 19:00:21.880620 IO-0/EL  message_connection.cpp:269] FuncWorkerConnection[1-20]: Handshake done
I1102 19:00:21.881013 Server/E engine.cpp:674] Engine: New message connection
I1102 19:00:21.881046 IO-0/EL  engine.cpp:277] Engine: Receive new handshake message from message connection
I1102 19:00:21.881051 IO-0/EL  worker_manager.cpp:60] WorkerManager: FuncWorker of func_id 1, client_id 21 connected
I1102 19:00:21.881064 IO-0/EL  message_connection.cpp:269] FuncWorkerConnection[1-21]: Handshake done
I1102 19:00:21.881474 Server/E engine.cpp:674] Engine: New message connection
I1102 19:00:21.881506 IO-0/EL  engine.cpp:277] Engine: Receive new handshake message from message connection
I1102 19:00:21.881511 IO-0/EL  worker_manager.cpp:60] WorkerManager: FuncWorker of func_id 1, client_id 22 connected
I1102 19:00:21.881523 IO-0/EL  message_connection.cpp:269] FuncWorkerConnection[1-22]: Handshake done
I1102 19:00:21.881910 Server/E engine.cpp:674] Engine: New message connection
I1102 19:00:21.881949 IO-0/EL  engine.cpp:277] Engine: Receive new handshake message from message connection
I1102 19:00:21.881953 IO-0/EL  worker_manager.cpp:60] WorkerManager: FuncWorker of func_id 1, client_id 23 connected
I1102 19:00:21.881967 IO-0/EL  message_connection.cpp:269] FuncWorkerConnection[1-23]: Handshake done
I1102 19:00:21.882333 Server/E engine.cpp:674] Engine: New message connection
I1102 19:00:21.882371 IO-0/EL  engine.cpp:277] Engine: Receive new handshake message from message connection
I1102 19:00:21.882375 IO-0/EL  worker_manager.cpp:60] WorkerManager: FuncWorker of func_id 1, client_id 24 connected
I1102 19:00:21.882388 IO-0/EL  message_connection.cpp:269] FuncWorkerConnection[1-24]: Handshake done
I1102 19:00:21.882849 Server/E engine.cpp:674] Engine: New message connection
I1102 19:00:21.882893 IO-0/EL  engine.cpp:277] Engine: Receive new handshake message from message connection
I1102 19:00:21.882898 IO-0/EL  worker_manager.cpp:60] WorkerManager: FuncWorker of func_id 1, client_id 25 connected
I1102 19:00:21.882911 IO-0/EL  message_connection.cpp:269] FuncWorkerConnection[1-25]: Handshake done
I1102 19:00:21.883274 Server/E engine.cpp:674] Engine: New message connection
I1102 19:00:21.883307 IO-0/EL  engine.cpp:277] Engine: Receive new handshake message from message connection
I1102 19:00:21.883311 IO-0/EL  worker_manager.cpp:60] WorkerManager: FuncWorker of func_id 1, client_id 26 connected
I1102 19:00:21.883324 IO-0/EL  message_connection.cpp:269] FuncWorkerConnection[1-26]: Handshake done
I1102 19:00:21.883804 Server/E engine.cpp:674] Engine: New message connection
I1102 19:00:21.883846 IO-0/EL  engine.cpp:277] Engine: Receive new handshake message from message connection
I1102 19:00:21.883856 IO-0/EL  worker_manager.cpp:60] WorkerManager: FuncWorker of func_id 1, client_id 27 connected
I1102 19:00:21.883870 IO-0/EL  message_connection.cpp:269] FuncWorkerConnection[1-27]: Handshake done
I1102 19:00:21.884365 Server/E engine.cpp:674] Engine: New message connection
I1102 19:00:21.884401 IO-0/EL  engine.cpp:277] Engine: Receive new handshake message from message connection
I1102 19:00:21.884406 IO-0/EL  worker_manager.cpp:60] WorkerManager: FuncWorker of func_id 1, client_id 28 connected
I1102 19:00:21.884419 IO-0/EL  message_connection.cpp:269] FuncWorkerConnection[1-28]: Handshake done
I1102 19:00:21.884957 Server/E engine.cpp:674] Engine: New message connection
I1102 19:00:21.885000 IO-0/EL  engine.cpp:277] Engine: Receive new handshake message from message connection
I1102 19:00:21.885004 IO-0/EL  worker_manager.cpp:60] WorkerManager: FuncWorker of func_id 1, client_id 29 connected
I1102 19:00:21.885024 IO-0/EL  message_connection.cpp:269] FuncWorkerConnection[1-29]: Handshake done
I1102 19:00:21.885443 Server/E engine.cpp:674] Engine: New message connection
I1102 19:00:21.885475 IO-0/EL  engine.cpp:277] Engine: Receive new handshake message from message connection
I1102 19:00:21.885479 IO-0/EL  worker_manager.cpp:60] WorkerManager: FuncWorker of func_id 1, client_id 30 connected
I1102 19:00:21.885493 IO-0/EL  message_connection.cpp:269] FuncWorkerConnection[1-30]: Handshake done
I1102 19:00:21.885872 Server/E engine.cpp:674] Engine: New message connection
I1102 19:00:21.885910 IO-0/EL  engine.cpp:277] Engine: Receive new handshake message from message connection
I1102 19:00:21.885916 IO-0/EL  worker_manager.cpp:60] WorkerManager: FuncWorker of func_id 1, client_id 31 connected
I1102 19:00:21.885930 IO-0/EL  message_connection.cpp:269] FuncWorkerConnection[1-31]: Handshake done
I1102 19:00:21.886334 Server/E engine.cpp:674] Engine: New message connection
I1102 19:00:21.886379 IO-0/EL  engine.cpp:277] Engine: Receive new handshake message from message connection
I1102 19:00:21.886384 IO-0/EL  worker_manager.cpp:60] WorkerManager: FuncWorker of func_id 1, client_id 32 connected
I1102 19:00:21.886397 IO-0/EL  message_connection.cpp:269] FuncWorkerConnection[1-32]: Handshake done
I1102 19:00:24.463911 IO-0/EL  buffer_pool.h:25] BufferPool[IO-0_Write]: Allocate new buffer, current buffer count is 2
I1102 19:00:24.463938 IO-0/EL  buffer_pool.h:25] BufferPool[IO-0_Write]: Allocate new buffer, current buffer count is 3
I1102 19:00:24.463955 IO-0/EL  buffer_pool.h:25] BufferPool[IO-0_Write]: Allocate new buffer, current buffer count is 4
I1102 19:00:24.463965 IO-0/EL  buffer_pool.h:25] BufferPool[IO-0_Write]: Allocate new buffer, current buffer count is 5
I1102 19:00:24.463978 IO-0/EL  buffer_pool.h:25] BufferPool[IO-0_Write]: Allocate new buffer, current buffer count is 6
I1102 19:00:24.463990 IO-0/EL  buffer_pool.h:25] BufferPool[IO-0_Write]: Allocate new buffer, current buffer count is 7
I1102 19:00:24.464003 IO-0/EL  buffer_pool.h:25] BufferPool[IO-0_Write]: Allocate new buffer, current buffer count is 8
I1102 19:00:24.464014 IO-0/EL  buffer_pool.h:25] BufferPool[IO-0_Write]: Allocate new buffer, current buffer count is 9
I1102 19:00:24.464028 IO-0/EL  buffer_pool.h:25] BufferPool[IO-0_Write]: Allocate new buffer, current buffer count is 10
I1102 19:00:24.464037 IO-0/EL  buffer_pool.h:25] BufferPool[IO-0_Write]: Allocate new buffer, current buffer count is 11
I1102 19:00:24.464052 IO-0/EL  buffer_pool.h:25] BufferPool[IO-0_Write]: Allocate new buffer, current buffer count is 12
I1102 19:00:24.464064 IO-0/EL  buffer_pool.h:25] BufferPool[IO-0_Write]: Allocate new buffer, current buffer count is 13
I1102 19:00:24.464079 IO-0/EL  buffer_pool.h:25] BufferPool[IO-0_Write]: Allocate new buffer, current buffer count is 14
I1102 19:00:24.464092 IO-0/EL  buffer_pool.h:25] BufferPool[IO-0_Write]: Allocate new buffer, current buffer count is 15
I1102 19:00:24.464108 IO-0/EL  buffer_pool.h:25] BufferPool[IO-0_Write]: Allocate new buffer, current buffer count is 16
I1102 19:00:24.464121 IO-0/EL  buffer_pool.h:25] BufferPool[IO-0_Write]: Allocate new buffer, current buffer count is 17
I1102 19:00:24.464146 IO-0/EL  buffer_pool.h:25] BufferPool[IO-0_Write]: Allocate new buffer, current buffer count is 18
I1102 19:00:24.464161 IO-0/EL  buffer_pool.h:25] BufferPool[IO-0_Write]: Allocate new buffer, current buffer count is 19
I1102 19:00:24.464179 IO-0/EL  buffer_pool.h:25] BufferPool[IO-0_Write]: Allocate new buffer, current buffer count is 20
I1102 19:00:24.464192 IO-0/EL  buffer_pool.h:25] BufferPool[IO-0_Write]: Allocate new buffer, current buffer count is 21
I1102 19:00:24.464206 IO-0/EL  buffer_pool.h:25] BufferPool[IO-0_Write]: Allocate new buffer, current buffer count is 22
I1102 19:00:24.464222 IO-0/EL  buffer_pool.h:25] BufferPool[IO-0_Write]: Allocate new buffer, current buffer count is 23
I1102 19:00:24.464233 IO-0/EL  buffer_pool.h:25] BufferPool[IO-0_Write]: Allocate new buffer, current buffer count is 24
I1102 19:00:24.464249 IO-0/EL  buffer_pool.h:25] BufferPool[IO-0_Write]: Allocate new buffer, current buffer count is 25
I1102 19:00:24.464261 IO-0/EL  buffer_pool.h:25] BufferPool[IO-0_Write]: Allocate new buffer, current buffer count is 26
I1102 19:00:24.464277 IO-0/EL  buffer_pool.h:25] BufferPool[IO-0_Write]: Allocate new buffer, current buffer count is 27
I1102 19:00:24.464290 IO-0/EL  buffer_pool.h:25] BufferPool[IO-0_Write]: Allocate new buffer, current buffer count is 28
I1102 19:00:24.464311 IO-0/EL  buffer_pool.h:25] BufferPool[IO-0_Write]: Allocate new buffer, current buffer count is 29
I1102 19:00:24.464325 IO-0/EL  buffer_pool.h:25] BufferPool[IO-0_Write]: Allocate new buffer, current buffer count is 30
I1102 19:00:24.464346 IO-0/EL  buffer_pool.h:25] BufferPool[IO-0_Write]: Allocate new buffer, current buffer count is 31
I1102 19:00:24.464367 IO-0/EL  buffer_pool.h:25] BufferPool[IO-0_Write]: Allocate new buffer, current buffer count is 32
I1102 19:00:24.464594 IO-0/EL  buffer_pool.h:25] BufferPool[IO-0_Write]: Allocate new buffer, current buffer count is 33
I1102 19:00:24.464618 IO-0/EL  buffer_pool.h:25] BufferPool[IO-0_Write]: Allocate new buffer, current buffer count is 34
I1102 19:00:24.464630 IO-0/EL  buffer_pool.h:25] BufferPool[IO-0_Write]: Allocate new buffer, current buffer count is 35
I1102 19:00:24.464641 IO-0/EL  buffer_pool.h:25] BufferPool[IO-0_Write]: Allocate new buffer, current buffer count is 36
I1102 19:00:24.464652 IO-0/EL  buffer_pool.h:25] BufferPool[IO-0_Write]: Allocate new buffer, current buffer count is 37
I1102 19:00:24.464663 IO-0/EL  buffer_pool.h:25] BufferPool[IO-0_Write]: Allocate new buffer, current buffer count is 38
I1102 19:00:24.464674 IO-0/EL  buffer_pool.h:25] BufferPool[IO-0_Write]: Allocate new buffer, current buffer count is 39
I1102 19:00:24.464685 IO-0/EL  buffer_pool.h:25] BufferPool[IO-0_Write]: Allocate new buffer, current buffer count is 40
I1102 19:00:24.464696 IO-0/EL  buffer_pool.h:25] BufferPool[IO-0_Write]: Allocate new buffer, current buffer count is 41
I1102 19:00:24.464707 IO-0/EL  buffer_pool.h:25] BufferPool[IO-0_Write]: Allocate new buffer, current buffer count is 42
I1102 19:00:24.464742 IO-0/EL  buffer_pool.h:25] BufferPool[IO-0_Write]: Allocate new buffer, current buffer count is 43
I1102 19:00:24.464756 IO-0/EL  buffer_pool.h:25] BufferPool[IO-0_Write]: Allocate new buffer, current buffer count is 44
I1102 19:00:24.464768 IO-0/EL  buffer_pool.h:25] BufferPool[IO-0_Write]: Allocate new buffer, current buffer count is 45
I1102 19:00:24.464780 IO-0/EL  buffer_pool.h:25] BufferPool[IO-0_Write]: Allocate new buffer, current buffer count is 46
I1102 19:00:24.464793 IO-0/EL  buffer_pool.h:25] BufferPool[IO-0_Write]: Allocate new buffer, current buffer count is 47
I1102 19:00:24.464804 IO-0/EL  buffer_pool.h:25] BufferPool[IO-0_Write]: Allocate new buffer, current buffer count is 48
I1102 19:00:24.464814 IO-0/EL  buffer_pool.h:25] BufferPool[IO-0_Write]: Allocate new buffer, current buffer count is 49
I1102 19:00:24.464826 IO-0/EL  buffer_pool.h:25] BufferPool[IO-0_Write]: Allocate new buffer, current buffer count is 50
I1102 19:00:24.464849 IO-0/EL  buffer_pool.h:25] BufferPool[IO-0_Write]: Allocate new buffer, current buffer count is 51
I1102 19:00:24.464861 IO-0/EL  buffer_pool.h:25] BufferPool[IO-0_Write]: Allocate new buffer, current buffer count is 52
I1102 19:00:24.464872 IO-0/EL  buffer_pool.h:25] BufferPool[IO-0_Write]: Allocate new buffer, current buffer count is 53
I1102 19:00:24.464883 IO-0/EL  buffer_pool.h:25] BufferPool[IO-0_Write]: Allocate new buffer, current buffer count is 54
I1102 19:00:24.464894 IO-0/EL  buffer_pool.h:25] BufferPool[IO-0_Write]: Allocate new buffer, current buffer count is 55
I1102 19:00:24.464905 IO-0/EL  buffer_pool.h:25] BufferPool[IO-0_Write]: Allocate new buffer, current buffer count is 56
I1102 19:00:24.464915 IO-0/EL  buffer_pool.h:25] BufferPool[IO-0_Write]: Allocate new buffer, current buffer count is 57
I1102 19:00:24.464926 IO-0/EL  buffer_pool.h:25] BufferPool[IO-0_Write]: Allocate new buffer, current buffer count is 58
I1102 19:00:24.464940 IO-0/EL  buffer_pool.h:25] BufferPool[IO-0_Write]: Allocate new buffer, current buffer count is 59
I1102 19:00:24.464956 IO-0/EL  buffer_pool.h:25] BufferPool[IO-0_Write]: Allocate new buffer, current buffer count is 60
I1102 19:00:24.464979 IO-0/EL  buffer_pool.h:25] BufferPool[IO-0_Write]: Allocate new buffer, current buffer count is 61
I1102 19:00:24.465003 IO-0/EL  buffer_pool.h:25] BufferPool[IO-0_Write]: Allocate new buffer, current buffer count is 62
I1102 19:00:29.525620 Main     server_base.cpp:35] Server: Scheduled to stop
I1102 19:00:29.525786 Server/E server_base.cpp:109] Server: Start stopping process
I1102 19:00:29.525821 IO-0/EL  io_worker.cpp:206] IO-0: Start stopping process
I1102 19:00:29.525847 Server/E server_base.cpp:55] Server: Event loop finishes
