I1102 18:03:41.822413 Main     thread.cpp:100] Register main thread: tid=1369346
E1102 18:03:41.822551 Main     docker.cpp:59] Cannot find docker's cgroup in /proc/self/cgroup
I1102 18:03:41.825785 Launcher thread.cpp:40] Start thread: Launcher/EL
I1102 18:03:41.825834 Launcher thread.cpp:64] Does not find cpuset setting for IO threads (can be set by FAAS_IO_THREAD_CPUSET)
I1102 18:03:41.825840 Launcher thread.cpp:82] Does not find nice setting for IO threads (can be set by FAAS_IO_THREAD_NICE)
I1102 18:03:41.825844 Launcher launcher.cpp:96] Launcher: Event loop starts
I1102 18:03:41.825864 Launcher engine_connection.cpp:93] EngineConnection: Connected to engine, start writing handshake message
I1102 18:03:41.826040 Launcher buffer_pool.h:25] BufferPool[Launcher]: Allocate new buffer, current buffer count is 1
I1102 18:03:41.826065 Launcher func_config.cpp:135] Load configuration for function Noop[1]
I1102 18:03:41.826076 Launcher engine_connection.cpp:65] EngineConnection: Handshake done
W1102 18:03:41.832871 Launcher engine_connection.cpp:166] EngineConnection: nread=0, will do nothing
I1102 18:03:49.489613 Main     launcher.cpp:44] Launcher: Scheduled to stop
E1102 18:03:49.489863 Launcher launcher.cpp:72] Launcher: Connection to engine disconnected
I1102 18:03:49.489912 Launcher launcher.cpp:44] Launcher: Scheduled to stop
W1102 18:03:49.490417 Launcher launcher.cpp:87] Launcher: Function process 3 terminated
W1102 18:03:49.490585 Launcher launcher.cpp:87] Launcher: Function process 5 terminated
W1102 18:03:49.490592 Launcher launcher.cpp:87] Launcher: Function process 4 terminated
W1102 18:03:49.490596 Launcher launcher.cpp:87] Launcher: Function process 2 terminated
W1102 18:03:49.490600 Launcher launcher.cpp:87] Launcher: Function process 7 terminated
W1102 18:03:49.490604 Launcher launcher.cpp:87] Launcher: Function process 6 terminated
W1102 18:03:49.490751 Launcher launcher.cpp:87] Launcher: Function process 1 terminated
W1102 18:03:49.490759 Launcher launcher.cpp:87] Launcher: Function process 0 terminated
I1102 18:03:49.490764 Launcher launcher.cpp:101] Launcher: Event loop finishes
I1102 18:03:49.490818 Main     launcher.cpp:68] Launcher: Stopped
