I1102 18:18:06.504127 Main     thread.cpp:100] Register main thread: tid=1373730
E1102 18:18:06.504829 Main     docker.cpp:59] Cannot find docker's cgroup in /proc/self/cgroup
I1102 18:18:06.504889 Main     func_config.cpp:135] Load configuration for function Noop[1]
I1102 18:18:06.504901 Main     engine.cpp:109] Engine: Start 1 IO workers
I1102 18:18:06.508119 IO-0/EL  thread.cpp:40] Start thread: IO-0/EL
I1102 18:18:06.508170 IO-0/EL  io_worker.cpp:192] IO-0: Event loop starts
Checking for file descriptor...
Got a file descriptor!
I1102 18:18:08.355428 Main     engine.cpp:180] Engine: Created 1 Machnet connections to Gateway at 10.10.1.2:10007
I1102 18:18:08.355502 Main     engine.cpp:208] Engine: Listen on /dev/shm/faas_ipc/engine.sock for IPC connections
I1102 18:18:08.355706 Server/E thread.cpp:40] Start thread: Server/EL
I1102 18:18:08.355862 Server/E server_base.cpp:50] Server: Event loop starts
I1102 18:18:08.507834 Server/E engine.cpp:674] Engine: New message connection
I1102 18:18:08.511149 IO-0/EL  buffer_pool.h:25] BufferPool[IO-0_Read]: Allocate new buffer, current buffer count is 1
I1102 18:18:08.511181 IO-0/EL  engine.cpp:277] Engine: Receive new handshake message from message connection
I1102 18:18:08.511186 IO-0/EL  worker_manager.cpp:23] WorkerManager: Launcher of func_id 1 connected
I1102 18:18:08.511190 IO-0/EL  worker_manager.cpp:131] WorkerManager: Request new FuncWorker for func_id 1 with client_id 1
I1102 18:18:08.511211 IO-0/EL  worker_manager.cpp:131] WorkerManager: Request new FuncWorker for func_id 1 with client_id 2
I1102 18:18:08.511224 IO-0/EL  worker_manager.cpp:131] WorkerManager: Request new FuncWorker for func_id 1 with client_id 3
I1102 18:18:08.511234 IO-0/EL  worker_manager.cpp:131] WorkerManager: Request new FuncWorker for func_id 1 with client_id 4
I1102 18:18:08.511243 IO-0/EL  worker_manager.cpp:131] WorkerManager: Request new FuncWorker for func_id 1 with client_id 5
I1102 18:18:08.511252 IO-0/EL  worker_manager.cpp:131] WorkerManager: Request new FuncWorker for func_id 1 with client_id 6
I1102 18:18:08.511262 IO-0/EL  worker_manager.cpp:131] WorkerManager: Request new FuncWorker for func_id 1 with client_id 7
I1102 18:18:08.511272 IO-0/EL  worker_manager.cpp:131] WorkerManager: Request new FuncWorker for func_id 1 with client_id 8
I1102 18:18:08.511284 IO-0/EL  worker_manager.cpp:131] WorkerManager: Request new FuncWorker for func_id 1 with client_id 9
I1102 18:18:08.511294 IO-0/EL  worker_manager.cpp:131] WorkerManager: Request new FuncWorker for func_id 1 with client_id 10
I1102 18:18:08.511306 IO-0/EL  worker_manager.cpp:131] WorkerManager: Request new FuncWorker for func_id 1 with client_id 11
I1102 18:18:08.511315 IO-0/EL  worker_manager.cpp:131] WorkerManager: Request new FuncWorker for func_id 1 with client_id 12
I1102 18:18:08.511327 IO-0/EL  worker_manager.cpp:131] WorkerManager: Request new FuncWorker for func_id 1 with client_id 13
I1102 18:18:08.511338 IO-0/EL  worker_manager.cpp:131] WorkerManager: Request new FuncWorker for func_id 1 with client_id 14
I1102 18:18:08.511347 IO-0/EL  worker_manager.cpp:131] WorkerManager: Request new FuncWorker for func_id 1 with client_id 15
I1102 18:18:08.511358 IO-0/EL  worker_manager.cpp:131] WorkerManager: Request new FuncWorker for func_id 1 with client_id 16
I1102 18:18:08.511367 IO-0/EL  worker_manager.cpp:131] WorkerManager: Request new FuncWorker for func_id 1 with client_id 17
I1102 18:18:08.511387 IO-0/EL  worker_manager.cpp:131] WorkerManager: Request new FuncWorker for func_id 1 with client_id 18
I1102 18:18:08.511397 IO-0/EL  worker_manager.cpp:131] WorkerManager: Request new FuncWorker for func_id 1 with client_id 19
I1102 18:18:08.511408 IO-0/EL  worker_manager.cpp:131] WorkerManager: Request new FuncWorker for func_id 1 with client_id 20
I1102 18:18:08.511420 IO-0/EL  worker_manager.cpp:131] WorkerManager: Request new FuncWorker for func_id 1 with client_id 21
I1102 18:18:08.511429 IO-0/EL  worker_manager.cpp:131] WorkerManager: Request new FuncWorker for func_id 1 with client_id 22
I1102 18:18:08.511439 IO-0/EL  worker_manager.cpp:131] WorkerManager: Request new FuncWorker for func_id 1 with client_id 23
I1102 18:18:08.511465 IO-0/EL  worker_manager.cpp:131] WorkerManager: Request new FuncWorker for func_id 1 with client_id 24
I1102 18:18:08.511475 IO-0/EL  worker_manager.cpp:131] WorkerManager: Request new FuncWorker for func_id 1 with client_id 25
I1102 18:18:08.511485 IO-0/EL  worker_manager.cpp:131] WorkerManager: Request new FuncWorker for func_id 1 with client_id 26
I1102 18:18:08.511494 IO-0/EL  worker_manager.cpp:131] WorkerManager: Request new FuncWorker for func_id 1 with client_id 27
I1102 18:18:08.511506 IO-0/EL  worker_manager.cpp:131] WorkerManager: Request new FuncWorker for func_id 1 with client_id 28
I1102 18:18:08.511516 IO-0/EL  worker_manager.cpp:131] WorkerManager: Request new FuncWorker for func_id 1 with client_id 29
I1102 18:18:08.511526 IO-0/EL  worker_manager.cpp:131] WorkerManager: Request new FuncWorker for func_id 1 with client_id 30
I1102 18:18:08.511536 IO-0/EL  worker_manager.cpp:131] WorkerManager: Request new FuncWorker for func_id 1 with client_id 31
I1102 18:18:08.511547 IO-0/EL  worker_manager.cpp:131] WorkerManager: Request new FuncWorker for func_id 1 with client_id 32
I1102 18:18:08.511556 IO-0/EL  worker_manager.cpp:131] WorkerManager: Request new FuncWorker for func_id 1 with client_id 33
I1102 18:18:08.511593 IO-0/EL  worker_manager.cpp:131] WorkerManager: Request new FuncWorker for func_id 1 with client_id 34
I1102 18:18:08.511604 IO-0/EL  worker_manager.cpp:131] WorkerManager: Request new FuncWorker for func_id 1 with client_id 35
I1102 18:18:08.511617 IO-0/EL  worker_manager.cpp:131] WorkerManager: Request new FuncWorker for func_id 1 with client_id 36
I1102 18:18:08.511628 IO-0/EL  worker_manager.cpp:131] WorkerManager: Request new FuncWorker for func_id 1 with client_id 37
I1102 18:18:08.511637 IO-0/EL  worker_manager.cpp:131] WorkerManager: Request new FuncWorker for func_id 1 with client_id 38
I1102 18:18:08.511650 IO-0/EL  worker_manager.cpp:131] WorkerManager: Request new FuncWorker for func_id 1 with client_id 39
I1102 18:18:08.511662 IO-0/EL  worker_manager.cpp:131] WorkerManager: Request new FuncWorker for func_id 1 with client_id 40
I1102 18:18:08.511671 IO-0/EL  worker_manager.cpp:131] WorkerManager: Request new FuncWorker for func_id 1 with client_id 41
I1102 18:18:08.511680 IO-0/EL  worker_manager.cpp:131] WorkerManager: Request new FuncWorker for func_id 1 with client_id 42
I1102 18:18:08.511691 IO-0/EL  worker_manager.cpp:131] WorkerManager: Request new FuncWorker for func_id 1 with client_id 43
I1102 18:18:08.511702 IO-0/EL  worker_manager.cpp:131] WorkerManager: Request new FuncWorker for func_id 1 with client_id 44
I1102 18:18:08.511716 IO-0/EL  worker_manager.cpp:131] WorkerManager: Request new FuncWorker for func_id 1 with client_id 45
I1102 18:18:08.511727 IO-0/EL  worker_manager.cpp:131] WorkerManager: Request new FuncWorker for func_id 1 with client_id 46
I1102 18:18:08.511738 IO-0/EL  worker_manager.cpp:131] WorkerManager: Request new FuncWorker for func_id 1 with client_id 47
I1102 18:18:08.511748 IO-0/EL  worker_manager.cpp:131] WorkerManager: Request new FuncWorker for func_id 1 with client_id 48
I1102 18:18:08.511758 IO-0/EL  worker_manager.cpp:131] WorkerManager: Request new FuncWorker for func_id 1 with client_id 49
I1102 18:18:08.511767 IO-0/EL  worker_manager.cpp:131] WorkerManager: Request new FuncWorker for func_id 1 with client_id 50
I1102 18:18:08.511778 IO-0/EL  worker_manager.cpp:131] WorkerManager: Request new FuncWorker for func_id 1 with client_id 51
I1102 18:18:08.511789 IO-0/EL  worker_manager.cpp:131] WorkerManager: Request new FuncWorker for func_id 1 with client_id 52
I1102 18:18:08.511799 IO-0/EL  worker_manager.cpp:131] WorkerManager: Request new FuncWorker for func_id 1 with client_id 53
I1102 18:18:08.511810 IO-0/EL  worker_manager.cpp:131] WorkerManager: Request new FuncWorker for func_id 1 with client_id 54
I1102 18:18:08.511819 IO-0/EL  worker_manager.cpp:131] WorkerManager: Request new FuncWorker for func_id 1 with client_id 55
I1102 18:18:08.511830 IO-0/EL  worker_manager.cpp:131] WorkerManager: Request new FuncWorker for func_id 1 with client_id 56
I1102 18:18:08.511846 IO-0/EL  worker_manager.cpp:131] WorkerManager: Request new FuncWorker for func_id 1 with client_id 57
I1102 18:18:08.511857 IO-0/EL  worker_manager.cpp:131] WorkerManager: Request new FuncWorker for func_id 1 with client_id 58
I1102 18:18:08.511866 IO-0/EL  worker_manager.cpp:131] WorkerManager: Request new FuncWorker for func_id 1 with client_id 59
I1102 18:18:08.511878 IO-0/EL  worker_manager.cpp:131] WorkerManager: Request new FuncWorker for func_id 1 with client_id 60
I1102 18:18:08.511888 IO-0/EL  worker_manager.cpp:131] WorkerManager: Request new FuncWorker for func_id 1 with client_id 61
I1102 18:18:08.511899 IO-0/EL  worker_manager.cpp:131] WorkerManager: Request new FuncWorker for func_id 1 with client_id 62
I1102 18:18:08.511908 IO-0/EL  worker_manager.cpp:131] WorkerManager: Request new FuncWorker for func_id 1 with client_id 63
I1102 18:18:08.511917 IO-0/EL  worker_manager.cpp:131] WorkerManager: Request new FuncWorker for func_id 1 with client_id 64
I1102 18:18:08.511970 IO-0/EL  buffer_pool.h:25] BufferPool[IO-0_Write]: Allocate new buffer, current buffer count is 1
I1102 18:18:08.511994 IO-0/EL  message_connection.cpp:269] LauncherConnection[1]: Handshake done
I1102 18:18:08.515567 Server/E engine.cpp:674] Engine: New message connection
I1102 18:18:08.515598 IO-0/EL  engine.cpp:277] Engine: Receive new handshake message from message connection
I1102 18:18:08.515604 IO-0/EL  worker_manager.cpp:60] WorkerManager: FuncWorker of func_id 1, client_id 1 connected
I1102 18:18:08.515615 IO-0/EL  dispatcher.cpp:47] Dispatcher[1]: min_workers=64
I1102 18:18:08.515619 IO-0/EL  dispatcher.cpp:51] Dispatcher[1]: max_workers=64
I1102 18:18:08.515639 IO-0/EL  message_connection.cpp:269] FuncWorkerConnection[1-1]: Handshake done
I1102 18:18:08.517114 Server/E engine.cpp:674] Engine: New message connection
I1102 18:18:08.517159 IO-0/EL  engine.cpp:277] Engine: Receive new handshake message from message connection
I1102 18:18:08.517164 IO-0/EL  worker_manager.cpp:60] WorkerManager: FuncWorker of func_id 1, client_id 2 connected
I1102 18:18:08.517179 IO-0/EL  message_connection.cpp:269] FuncWorkerConnection[1-2]: Handshake done
I1102 18:18:08.517962 Server/E engine.cpp:674] Engine: New message connection
I1102 18:18:08.517990 IO-0/EL  engine.cpp:277] Engine: Receive new handshake message from message connection
I1102 18:18:08.517995 IO-0/EL  worker_manager.cpp:60] WorkerManager: FuncWorker of func_id 1, client_id 3 connected
I1102 18:18:08.518009 IO-0/EL  message_connection.cpp:269] FuncWorkerConnection[1-3]: Handshake done
I1102 18:18:08.518419 Server/E engine.cpp:674] Engine: New message connection
I1102 18:18:08.518443 IO-0/EL  engine.cpp:277] Engine: Receive new handshake message from message connection
I1102 18:18:08.518448 IO-0/EL  worker_manager.cpp:60] WorkerManager: FuncWorker of func_id 1, client_id 4 connected
I1102 18:18:08.518461 IO-0/EL  message_connection.cpp:269] FuncWorkerConnection[1-4]: Handshake done
I1102 18:18:08.520547 Server/E engine.cpp:674] Engine: New message connection
I1102 18:18:08.520572 IO-0/EL  engine.cpp:277] Engine: Receive new handshake message from message connection
I1102 18:18:08.520577 IO-0/EL  worker_manager.cpp:60] WorkerManager: FuncWorker of func_id 1, client_id 5 connected
I1102 18:18:08.520591 IO-0/EL  message_connection.cpp:269] FuncWorkerConnection[1-5]: Handshake done
I1102 18:18:08.521742 Server/E engine.cpp:674] Engine: New message connection
I1102 18:18:08.521805 IO-0/EL  engine.cpp:277] Engine: Receive new handshake message from message connection
I1102 18:18:08.521810 IO-0/EL  worker_manager.cpp:60] WorkerManager: FuncWorker of func_id 1, client_id 6 connected
I1102 18:18:08.521824 IO-0/EL  message_connection.cpp:269] FuncWorkerConnection[1-6]: Handshake done
I1102 18:18:08.522159 Server/E engine.cpp:674] Engine: New message connection
I1102 18:18:08.522195 IO-0/EL  engine.cpp:277] Engine: Receive new handshake message from message connection
I1102 18:18:08.522207 IO-0/EL  worker_manager.cpp:60] WorkerManager: FuncWorker of func_id 1, client_id 7 connected
I1102 18:18:08.522220 IO-0/EL  message_connection.cpp:269] FuncWorkerConnection[1-7]: Handshake done
I1102 18:18:08.522492 Server/E engine.cpp:674] Engine: New message connection
I1102 18:18:08.522515 IO-0/EL  engine.cpp:277] Engine: Receive new handshake message from message connection
I1102 18:18:08.522519 IO-0/EL  worker_manager.cpp:60] WorkerManager: FuncWorker of func_id 1, client_id 8 connected
I1102 18:18:08.522532 IO-0/EL  message_connection.cpp:269] FuncWorkerConnection[1-8]: Handshake done
I1102 18:18:08.524281 Server/E engine.cpp:674] Engine: New message connection
I1102 18:18:08.524319 IO-0/EL  engine.cpp:277] Engine: Receive new handshake message from message connection
I1102 18:18:08.524324 IO-0/EL  worker_manager.cpp:60] WorkerManager: FuncWorker of func_id 1, client_id 10 connected
I1102 18:18:08.524338 IO-0/EL  message_connection.cpp:269] FuncWorkerConnection[1-10]: Handshake done
I1102 18:18:08.525080 Server/E engine.cpp:674] Engine: New message connection
I1102 18:18:08.525110 IO-0/EL  engine.cpp:277] Engine: Receive new handshake message from message connection
I1102 18:18:08.525115 IO-0/EL  worker_manager.cpp:60] WorkerManager: FuncWorker of func_id 1, client_id 11 connected
I1102 18:18:08.525128 IO-0/EL  message_connection.cpp:269] FuncWorkerConnection[1-11]: Handshake done
I1102 18:18:08.525137 Server/E engine.cpp:674] Engine: New message connection
I1102 18:18:08.525160 IO-0/EL  engine.cpp:277] Engine: Receive new handshake message from message connection
I1102 18:18:08.525165 IO-0/EL  worker_manager.cpp:60] WorkerManager: FuncWorker of func_id 1, client_id 9 connected
I1102 18:18:08.525179 IO-0/EL  message_connection.cpp:269] FuncWorkerConnection[1-9]: Handshake done
I1102 18:18:08.525737 Server/E engine.cpp:674] Engine: New message connection
I1102 18:18:08.525767 Server/E engine.cpp:674] Engine: New message connection
I1102 18:18:08.525772 IO-0/EL  engine.cpp:277] Engine: Receive new handshake message from message connection
I1102 18:18:08.525777 IO-0/EL  worker_manager.cpp:60] WorkerManager: FuncWorker of func_id 1, client_id 12 connected
I1102 18:18:08.525791 IO-0/EL  message_connection.cpp:269] FuncWorkerConnection[1-12]: Handshake done
I1102 18:18:08.525804 IO-0/EL  engine.cpp:277] Engine: Receive new handshake message from message connection
I1102 18:18:08.525808 IO-0/EL  worker_manager.cpp:60] WorkerManager: FuncWorker of func_id 1, client_id 13 connected
I1102 18:18:08.525821 IO-0/EL  message_connection.cpp:269] FuncWorkerConnection[1-13]: Handshake done
I1102 18:18:08.526060 Server/E engine.cpp:674] Engine: New message connection
I1102 18:18:08.526094 IO-0/EL  engine.cpp:277] Engine: Receive new handshake message from message connection
I1102 18:18:08.526099 IO-0/EL  worker_manager.cpp:60] WorkerManager: FuncWorker of func_id 1, client_id 14 connected
I1102 18:18:08.526112 IO-0/EL  message_connection.cpp:269] FuncWorkerConnection[1-14]: Handshake done
I1102 18:18:08.526692 Server/E engine.cpp:674] Engine: New message connection
I1102 18:18:08.526736 IO-0/EL  engine.cpp:277] Engine: Receive new handshake message from message connection
I1102 18:18:08.526741 IO-0/EL  worker_manager.cpp:60] WorkerManager: FuncWorker of func_id 1, client_id 15 connected
I1102 18:18:08.526755 IO-0/EL  message_connection.cpp:269] FuncWorkerConnection[1-15]: Handshake done
I1102 18:18:08.526979 Server/E engine.cpp:674] Engine: New message connection
I1102 18:18:08.527012 IO-0/EL  engine.cpp:277] Engine: Receive new handshake message from message connection
I1102 18:18:08.527016 IO-0/EL  worker_manager.cpp:60] WorkerManager: FuncWorker of func_id 1, client_id 16 connected
I1102 18:18:08.527029 IO-0/EL  message_connection.cpp:269] FuncWorkerConnection[1-16]: Handshake done
I1102 18:18:08.527447 Server/E engine.cpp:674] Engine: New message connection
I1102 18:18:08.527476 IO-0/EL  engine.cpp:277] Engine: Receive new handshake message from message connection
I1102 18:18:08.527480 IO-0/EL  worker_manager.cpp:60] WorkerManager: FuncWorker of func_id 1, client_id 17 connected
I1102 18:18:08.527506 IO-0/EL  message_connection.cpp:269] FuncWorkerConnection[1-17]: Handshake done
I1102 18:18:08.527873 Server/E engine.cpp:674] Engine: New message connection
I1102 18:18:08.527911 IO-0/EL  engine.cpp:277] Engine: Receive new handshake message from message connection
I1102 18:18:08.527915 IO-0/EL  worker_manager.cpp:60] WorkerManager: FuncWorker of func_id 1, client_id 18 connected
I1102 18:18:08.527929 IO-0/EL  message_connection.cpp:269] FuncWorkerConnection[1-18]: Handshake done
I1102 18:18:08.528393 Server/E engine.cpp:674] Engine: New message connection
I1102 18:18:08.528431 IO-0/EL  engine.cpp:277] Engine: Receive new handshake message from message connection
I1102 18:18:08.528435 IO-0/EL  worker_manager.cpp:60] WorkerManager: FuncWorker of func_id 1, client_id 19 connected
I1102 18:18:08.528448 IO-0/EL  message_connection.cpp:269] FuncWorkerConnection[1-19]: Handshake done
I1102 18:18:08.528943 Server/E engine.cpp:674] Engine: New message connection
I1102 18:18:08.528974 IO-0/EL  engine.cpp:277] Engine: Receive new handshake message from message connection
I1102 18:18:08.528979 IO-0/EL  worker_manager.cpp:60] WorkerManager: FuncWorker of func_id 1, client_id 20 connected
I1102 18:18:08.528992 IO-0/EL  message_connection.cpp:269] FuncWorkerConnection[1-20]: Handshake done
I1102 18:18:08.529418 Server/E engine.cpp:674] Engine: New message connection
I1102 18:18:08.529453 IO-0/EL  engine.cpp:277] Engine: Receive new handshake message from message connection
I1102 18:18:08.529458 IO-0/EL  worker_manager.cpp:60] WorkerManager: FuncWorker of func_id 1, client_id 21 connected
I1102 18:18:08.529470 IO-0/EL  message_connection.cpp:269] FuncWorkerConnection[1-21]: Handshake done
I1102 18:18:08.529867 Server/E engine.cpp:674] Engine: New message connection
I1102 18:18:08.529901 IO-0/EL  engine.cpp:277] Engine: Receive new handshake message from message connection
I1102 18:18:08.529906 IO-0/EL  worker_manager.cpp:60] WorkerManager: FuncWorker of func_id 1, client_id 22 connected
I1102 18:18:08.529919 IO-0/EL  message_connection.cpp:269] FuncWorkerConnection[1-22]: Handshake done
I1102 18:18:08.530141 Server/E engine.cpp:674] Engine: New message connection
I1102 18:18:08.530179 IO-0/EL  engine.cpp:277] Engine: Receive new handshake message from message connection
I1102 18:18:08.530184 IO-0/EL  worker_manager.cpp:60] WorkerManager: FuncWorker of func_id 1, client_id 23 connected
I1102 18:18:08.530197 IO-0/EL  message_connection.cpp:269] FuncWorkerConnection[1-23]: Handshake done
I1102 18:18:08.530783 Server/E engine.cpp:674] Engine: New message connection
I1102 18:18:08.530813 IO-0/EL  engine.cpp:277] Engine: Receive new handshake message from message connection
I1102 18:18:08.530818 IO-0/EL  worker_manager.cpp:60] WorkerManager: FuncWorker of func_id 1, client_id 24 connected
I1102 18:18:08.530830 IO-0/EL  message_connection.cpp:269] FuncWorkerConnection[1-24]: Handshake done
I1102 18:18:08.531215 Server/E engine.cpp:674] Engine: New message connection
I1102 18:18:08.531248 IO-0/EL  engine.cpp:277] Engine: Receive new handshake message from message connection
I1102 18:18:08.531253 IO-0/EL  worker_manager.cpp:60] WorkerManager: FuncWorker of func_id 1, client_id 25 connected
I1102 18:18:08.531266 IO-0/EL  message_connection.cpp:269] FuncWorkerConnection[1-25]: Handshake done
I1102 18:18:08.531719 Server/E engine.cpp:674] Engine: New message connection
I1102 18:18:08.531751 IO-0/EL  engine.cpp:277] Engine: Receive new handshake message from message connection
I1102 18:18:08.531756 IO-0/EL  worker_manager.cpp:60] WorkerManager: FuncWorker of func_id 1, client_id 26 connected
I1102 18:18:08.531768 IO-0/EL  message_connection.cpp:269] FuncWorkerConnection[1-26]: Handshake done
I1102 18:18:08.532177 Server/E engine.cpp:674] Engine: New message connection
I1102 18:18:08.532208 IO-0/EL  engine.cpp:277] Engine: Receive new handshake message from message connection
I1102 18:18:08.532213 IO-0/EL  worker_manager.cpp:60] WorkerManager: FuncWorker of func_id 1, client_id 27 connected
I1102 18:18:08.532232 IO-0/EL  message_connection.cpp:269] FuncWorkerConnection[1-27]: Handshake done
I1102 18:18:08.532637 Server/E engine.cpp:674] Engine: New message connection
I1102 18:18:08.532673 IO-0/EL  engine.cpp:277] Engine: Receive new handshake message from message connection
I1102 18:18:08.532678 IO-0/EL  worker_manager.cpp:60] WorkerManager: FuncWorker of func_id 1, client_id 28 connected
I1102 18:18:08.532691 IO-0/EL  message_connection.cpp:269] FuncWorkerConnection[1-28]: Handshake done
I1102 18:18:08.533088 Server/E engine.cpp:674] Engine: New message connection
I1102 18:18:08.533125 IO-0/EL  engine.cpp:277] Engine: Receive new handshake message from message connection
I1102 18:18:08.533129 IO-0/EL  worker_manager.cpp:60] WorkerManager: FuncWorker of func_id 1, client_id 29 connected
I1102 18:18:08.533146 IO-0/EL  message_connection.cpp:269] FuncWorkerConnection[1-29]: Handshake done
I1102 18:18:08.533561 Server/E engine.cpp:674] Engine: New message connection
I1102 18:18:08.533592 IO-0/EL  engine.cpp:277] Engine: Receive new handshake message from message connection
I1102 18:18:08.533597 IO-0/EL  worker_manager.cpp:60] WorkerManager: FuncWorker of func_id 1, client_id 30 connected
I1102 18:18:08.533610 IO-0/EL  message_connection.cpp:269] FuncWorkerConnection[1-30]: Handshake done
I1102 18:18:08.534067 Server/E engine.cpp:674] Engine: New message connection
I1102 18:18:08.534098 IO-0/EL  engine.cpp:277] Engine: Receive new handshake message from message connection
I1102 18:18:08.534102 IO-0/EL  worker_manager.cpp:60] WorkerManager: FuncWorker of func_id 1, client_id 31 connected
I1102 18:18:08.534115 IO-0/EL  message_connection.cpp:269] FuncWorkerConnection[1-31]: Handshake done
I1102 18:18:08.534523 Server/E engine.cpp:674] Engine: New message connection
I1102 18:18:08.534555 IO-0/EL  engine.cpp:277] Engine: Receive new handshake message from message connection
I1102 18:18:08.534560 IO-0/EL  worker_manager.cpp:60] WorkerManager: FuncWorker of func_id 1, client_id 32 connected
I1102 18:18:08.534573 IO-0/EL  message_connection.cpp:269] FuncWorkerConnection[1-32]: Handshake done
I1102 18:18:08.535014 Server/E engine.cpp:674] Engine: New message connection
I1102 18:18:08.535046 IO-0/EL  engine.cpp:277] Engine: Receive new handshake message from message connection
I1102 18:18:08.535051 IO-0/EL  worker_manager.cpp:60] WorkerManager: FuncWorker of func_id 1, client_id 33 connected
I1102 18:18:08.535064 IO-0/EL  message_connection.cpp:269] FuncWorkerConnection[1-33]: Handshake done
I1102 18:18:08.535113 Server/E engine.cpp:674] Engine: New message connection
I1102 18:18:08.535142 IO-0/EL  engine.cpp:277] Engine: Receive new handshake message from message connection
I1102 18:18:08.535147 IO-0/EL  worker_manager.cpp:60] WorkerManager: FuncWorker of func_id 1, client_id 34 connected
I1102 18:18:08.535159 IO-0/EL  message_connection.cpp:269] FuncWorkerConnection[1-34]: Handshake done
I1102 18:18:08.535882 Server/E engine.cpp:674] Engine: New message connection
I1102 18:18:08.535914 IO-0/EL  engine.cpp:277] Engine: Receive new handshake message from message connection
I1102 18:18:08.535919 IO-0/EL  worker_manager.cpp:60] WorkerManager: FuncWorker of func_id 1, client_id 35 connected
I1102 18:18:08.535932 IO-0/EL  message_connection.cpp:269] FuncWorkerConnection[1-35]: Handshake done
I1102 18:18:08.536299 Server/E engine.cpp:674] Engine: New message connection
I1102 18:18:08.536335 IO-0/EL  engine.cpp:277] Engine: Receive new handshake message from message connection
I1102 18:18:08.536340 IO-0/EL  worker_manager.cpp:60] WorkerManager: FuncWorker of func_id 1, client_id 36 connected
I1102 18:18:08.536352 IO-0/EL  message_connection.cpp:269] FuncWorkerConnection[1-36]: Handshake done
I1102 18:18:08.536803 Server/E engine.cpp:674] Engine: New message connection
I1102 18:18:08.536836 IO-0/EL  engine.cpp:277] Engine: Receive new handshake message from message connection
I1102 18:18:08.536840 IO-0/EL  worker_manager.cpp:60] WorkerManager: FuncWorker of func_id 1, client_id 37 connected
I1102 18:18:08.536859 IO-0/EL  message_connection.cpp:269] FuncWorkerConnection[1-37]: Handshake done
I1102 18:18:08.537238 Server/E engine.cpp:674] Engine: New message connection
I1102 18:18:08.537263 IO-0/EL  engine.cpp:277] Engine: Receive new handshake message from message connection
I1102 18:18:08.537267 IO-0/EL  worker_manager.cpp:60] WorkerManager: FuncWorker of func_id 1, client_id 38 connected
I1102 18:18:08.537280 IO-0/EL  message_connection.cpp:269] FuncWorkerConnection[1-38]: Handshake done
I1102 18:18:08.537742 Server/E engine.cpp:674] Engine: New message connection
I1102 18:18:08.537778 IO-0/EL  engine.cpp:277] Engine: Receive new handshake message from message connection
I1102 18:18:08.537782 IO-0/EL  worker_manager.cpp:60] WorkerManager: FuncWorker of func_id 1, client_id 39 connected
I1102 18:18:08.537795 IO-0/EL  message_connection.cpp:269] FuncWorkerConnection[1-39]: Handshake done
I1102 18:18:08.538177 Server/E engine.cpp:674] Engine: New message connection
I1102 18:18:08.538216 IO-0/EL  engine.cpp:277] Engine: Receive new handshake message from message connection
I1102 18:18:08.538220 IO-0/EL  worker_manager.cpp:60] WorkerManager: FuncWorker of func_id 1, client_id 40 connected
I1102 18:18:08.538233 IO-0/EL  message_connection.cpp:269] FuncWorkerConnection[1-40]: Handshake done
I1102 18:18:08.538661 Server/E engine.cpp:674] Engine: New message connection
I1102 18:18:08.538692 IO-0/EL  engine.cpp:277] Engine: Receive new handshake message from message connection
I1102 18:18:08.538697 IO-0/EL  worker_manager.cpp:60] WorkerManager: FuncWorker of func_id 1, client_id 41 connected
I1102 18:18:08.538714 IO-0/EL  message_connection.cpp:269] FuncWorkerConnection[1-41]: Handshake done
I1102 18:18:08.540056 Server/E engine.cpp:674] Engine: New message connection
I1102 18:18:08.540095 IO-0/EL  engine.cpp:277] Engine: Receive new handshake message from message connection
I1102 18:18:08.540100 IO-0/EL  worker_manager.cpp:60] WorkerManager: FuncWorker of func_id 1, client_id 42 connected
I1102 18:18:08.540114 IO-0/EL  message_connection.cpp:269] FuncWorkerConnection[1-42]: Handshake done
I1102 18:18:08.540131 Server/E engine.cpp:674] Engine: New message connection
I1102 18:18:08.540153 IO-0/EL  engine.cpp:277] Engine: Receive new handshake message from message connection
I1102 18:18:08.540159 IO-0/EL  worker_manager.cpp:60] WorkerManager: FuncWorker of func_id 1, client_id 43 connected
I1102 18:18:08.540173 IO-0/EL  message_connection.cpp:269] FuncWorkerConnection[1-43]: Handshake done
I1102 18:18:08.540610 Server/E engine.cpp:674] Engine: New message connection
I1102 18:18:08.540639 IO-0/EL  engine.cpp:277] Engine: Receive new handshake message from message connection
I1102 18:18:08.540643 IO-0/EL  worker_manager.cpp:60] WorkerManager: FuncWorker of func_id 1, client_id 44 connected
I1102 18:18:08.540655 IO-0/EL  message_connection.cpp:269] FuncWorkerConnection[1-44]: Handshake done
I1102 18:18:08.541053 Server/E engine.cpp:674] Engine: New message connection
I1102 18:18:08.541087 IO-0/EL  engine.cpp:277] Engine: Receive new handshake message from message connection
I1102 18:18:08.541091 IO-0/EL  worker_manager.cpp:60] WorkerManager: FuncWorker of func_id 1, client_id 45 connected
I1102 18:18:08.541105 IO-0/EL  message_connection.cpp:269] FuncWorkerConnection[1-45]: Handshake done
I1102 18:18:08.541183 Server/E engine.cpp:674] Engine: New message connection
I1102 18:18:08.541204 IO-0/EL  engine.cpp:277] Engine: Receive new handshake message from message connection
I1102 18:18:08.541209 IO-0/EL  worker_manager.cpp:60] WorkerManager: FuncWorker of func_id 1, client_id 46 connected
I1102 18:18:08.541221 IO-0/EL  message_connection.cpp:269] FuncWorkerConnection[1-46]: Handshake done
I1102 18:18:08.541939 Server/E engine.cpp:674] Engine: New message connection
I1102 18:18:08.541980 IO-0/EL  engine.cpp:277] Engine: Receive new handshake message from message connection
I1102 18:18:08.541984 IO-0/EL  worker_manager.cpp:60] WorkerManager: FuncWorker of func_id 1, client_id 47 connected
I1102 18:18:08.541998 IO-0/EL  message_connection.cpp:269] FuncWorkerConnection[1-47]: Handshake done
I1102 18:18:08.542406 Server/E engine.cpp:674] Engine: New message connection
I1102 18:18:08.542430 IO-0/EL  engine.cpp:277] Engine: Receive new handshake message from message connection
I1102 18:18:08.542435 IO-0/EL  worker_manager.cpp:60] WorkerManager: FuncWorker of func_id 1, client_id 48 connected
I1102 18:18:08.542448 IO-0/EL  message_connection.cpp:269] FuncWorkerConnection[1-48]: Handshake done
I1102 18:18:08.542879 Server/E engine.cpp:674] Engine: New message connection
I1102 18:18:08.542912 IO-0/EL  engine.cpp:277] Engine: Receive new handshake message from message connection
I1102 18:18:08.542917 IO-0/EL  worker_manager.cpp:60] WorkerManager: FuncWorker of func_id 1, client_id 49 connected
I1102 18:18:08.542929 IO-0/EL  message_connection.cpp:269] FuncWorkerConnection[1-49]: Handshake done
I1102 18:18:08.543341 Server/E engine.cpp:674] Engine: New message connection
I1102 18:18:08.543369 IO-0/EL  engine.cpp:277] Engine: Receive new handshake message from message connection
I1102 18:18:08.543374 IO-0/EL  worker_manager.cpp:60] WorkerManager: FuncWorker of func_id 1, client_id 50 connected
I1102 18:18:08.543386 IO-0/EL  message_connection.cpp:269] FuncWorkerConnection[1-50]: Handshake done
I1102 18:18:08.543843 Server/E engine.cpp:674] Engine: New message connection
I1102 18:18:08.543875 IO-0/EL  engine.cpp:277] Engine: Receive new handshake message from message connection
I1102 18:18:08.543880 IO-0/EL  worker_manager.cpp:60] WorkerManager: FuncWorker of func_id 1, client_id 51 connected
I1102 18:18:08.543892 IO-0/EL  message_connection.cpp:269] FuncWorkerConnection[1-51]: Handshake done
I1102 18:18:08.544939 Server/E engine.cpp:674] Engine: New message connection
I1102 18:18:08.544970 IO-0/EL  engine.cpp:277] Engine: Receive new handshake message from message connection
I1102 18:18:08.544975 IO-0/EL  worker_manager.cpp:60] WorkerManager: FuncWorker of func_id 1, client_id 52 connected
I1102 18:18:08.544989 IO-0/EL  message_connection.cpp:269] FuncWorkerConnection[1-52]: Handshake done
I1102 18:18:08.545148 Server/E engine.cpp:674] Engine: New message connection
I1102 18:18:08.545186 IO-0/EL  engine.cpp:277] Engine: Receive new handshake message from message connection
I1102 18:18:08.545190 IO-0/EL  worker_manager.cpp:60] WorkerManager: FuncWorker of func_id 1, client_id 53 connected
I1102 18:18:08.545203 IO-0/EL  message_connection.cpp:269] FuncWorkerConnection[1-53]: Handshake done
I1102 18:18:08.545625 Server/E engine.cpp:674] Engine: New message connection
I1102 18:18:08.545652 IO-0/EL  engine.cpp:277] Engine: Receive new handshake message from message connection
I1102 18:18:08.545657 IO-0/EL  worker_manager.cpp:60] WorkerManager: FuncWorker of func_id 1, client_id 54 connected
I1102 18:18:08.545669 IO-0/EL  message_connection.cpp:269] FuncWorkerConnection[1-54]: Handshake done
I1102 18:18:08.546108 Server/E engine.cpp:674] Engine: New message connection
I1102 18:18:08.546141 IO-0/EL  engine.cpp:277] Engine: Receive new handshake message from message connection
I1102 18:18:08.546146 IO-0/EL  worker_manager.cpp:60] WorkerManager: FuncWorker of func_id 1, client_id 55 connected
I1102 18:18:08.546159 IO-0/EL  message_connection.cpp:269] FuncWorkerConnection[1-55]: Handshake done
I1102 18:18:08.546579 Server/E engine.cpp:674] Engine: New message connection
I1102 18:18:08.546614 IO-0/EL  engine.cpp:277] Engine: Receive new handshake message from message connection
I1102 18:18:08.546619 IO-0/EL  worker_manager.cpp:60] WorkerManager: FuncWorker of func_id 1, client_id 56 connected
I1102 18:18:08.546631 IO-0/EL  message_connection.cpp:269] FuncWorkerConnection[1-56]: Handshake done
I1102 18:18:08.547051 Server/E engine.cpp:674] Engine: New message connection
I1102 18:18:08.547082 IO-0/EL  engine.cpp:277] Engine: Receive new handshake message from message connection
I1102 18:18:08.547087 IO-0/EL  worker_manager.cpp:60] WorkerManager: FuncWorker of func_id 1, client_id 57 connected
I1102 18:18:08.547107 IO-0/EL  message_connection.cpp:269] FuncWorkerConnection[1-57]: Handshake done
I1102 18:18:08.547151 Server/E engine.cpp:674] Engine: New message connection
I1102 18:18:08.547174 IO-0/EL  engine.cpp:277] Engine: Receive new handshake message from message connection
I1102 18:18:08.547179 IO-0/EL  worker_manager.cpp:60] WorkerManager: FuncWorker of func_id 1, client_id 58 connected
I1102 18:18:08.547191 IO-0/EL  message_connection.cpp:269] FuncWorkerConnection[1-58]: Handshake done
I1102 18:18:08.547964 Server/E engine.cpp:674] Engine: New message connection
I1102 18:18:08.547994 IO-0/EL  engine.cpp:277] Engine: Receive new handshake message from message connection
I1102 18:18:08.547999 IO-0/EL  worker_manager.cpp:60] WorkerManager: FuncWorker of func_id 1, client_id 59 connected
I1102 18:18:08.548012 IO-0/EL  message_connection.cpp:269] FuncWorkerConnection[1-59]: Handshake done
I1102 18:18:08.548400 Server/E engine.cpp:674] Engine: New message connection
I1102 18:18:08.548428 IO-0/EL  engine.cpp:277] Engine: Receive new handshake message from message connection
I1102 18:18:08.548433 IO-0/EL  worker_manager.cpp:60] WorkerManager: FuncWorker of func_id 1, client_id 60 connected
I1102 18:18:08.548446 IO-0/EL  message_connection.cpp:269] FuncWorkerConnection[1-60]: Handshake done
I1102 18:18:08.548900 Server/E engine.cpp:674] Engine: New message connection
I1102 18:18:08.548923 IO-0/EL  engine.cpp:277] Engine: Receive new handshake message from message connection
I1102 18:18:08.548927 IO-0/EL  worker_manager.cpp:60] WorkerManager: FuncWorker of func_id 1, client_id 61 connected
I1102 18:18:08.548939 IO-0/EL  message_connection.cpp:269] FuncWorkerConnection[1-61]: Handshake done
I1102 18:18:08.549387 Server/E engine.cpp:674] Engine: New message connection
I1102 18:18:08.549415 IO-0/EL  engine.cpp:277] Engine: Receive new handshake message from message connection
I1102 18:18:08.549420 IO-0/EL  worker_manager.cpp:60] WorkerManager: FuncWorker of func_id 1, client_id 62 connected
I1102 18:18:08.549432 IO-0/EL  message_connection.cpp:269] FuncWorkerConnection[1-62]: Handshake done
I1102 18:18:08.549493 Server/E engine.cpp:674] Engine: New message connection
I1102 18:18:08.549515 IO-0/EL  engine.cpp:277] Engine: Receive new handshake message from message connection
I1102 18:18:08.549520 IO-0/EL  worker_manager.cpp:60] WorkerManager: FuncWorker of func_id 1, client_id 63 connected
I1102 18:18:08.549533 IO-0/EL  message_connection.cpp:269] FuncWorkerConnection[1-63]: Handshake done
I1102 18:18:08.550213 Server/E engine.cpp:674] Engine: New message connection
I1102 18:18:08.550238 IO-0/EL  engine.cpp:277] Engine: Receive new handshake message from message connection
I1102 18:18:08.550243 IO-0/EL  worker_manager.cpp:60] WorkerManager: FuncWorker of func_id 1, client_id 64 connected
I1102 18:18:08.550257 IO-0/EL  message_connection.cpp:269] FuncWorkerConnection[1-64]: Handshake done
I1102 18:18:11.426155 IO-0/EL  buffer_pool.h:25] BufferPool[IO-0_Write]: Allocate new buffer, current buffer count is 2
I1102 18:18:11.426189 IO-0/EL  buffer_pool.h:25] BufferPool[IO-0_Write]: Allocate new buffer, current buffer count is 3
I1102 18:18:11.426201 IO-0/EL  buffer_pool.h:25] BufferPool[IO-0_Write]: Allocate new buffer, current buffer count is 4
I1102 18:18:11.426212 IO-0/EL  buffer_pool.h:25] BufferPool[IO-0_Write]: Allocate new buffer, current buffer count is 5
I1102 18:18:12.245450 IO-0/EL  buffer_pool.h:25] BufferPool[IO-0_Write]: Allocate new buffer, current buffer count is 6
I1102 18:18:12.245473 IO-0/EL  buffer_pool.h:25] BufferPool[IO-0_Write]: Allocate new buffer, current buffer count is 7
I1102 18:18:12.245482 IO-0/EL  buffer_pool.h:25] BufferPool[IO-0_Write]: Allocate new buffer, current buffer count is 8
I1102 18:18:13.064910 IO-0/EL  buffer_pool.h:25] BufferPool[IO-0_Write]: Allocate new buffer, current buffer count is 9
I1102 18:18:13.064933 IO-0/EL  buffer_pool.h:25] BufferPool[IO-0_Write]: Allocate new buffer, current buffer count is 10
I1102 18:18:13.064943 IO-0/EL  buffer_pool.h:25] BufferPool[IO-0_Write]: Allocate new buffer, current buffer count is 11
I1102 18:18:13.064954 IO-0/EL  buffer_pool.h:25] BufferPool[IO-0_Write]: Allocate new buffer, current buffer count is 12
I1102 18:18:13.064972 IO-0/EL  buffer_pool.h:25] BufferPool[IO-0_Write]: Allocate new buffer, current buffer count is 13
I1102 18:18:13.064984 IO-0/EL  buffer_pool.h:25] BufferPool[IO-0_Write]: Allocate new buffer, current buffer count is 14
I1102 18:18:13.064997 IO-0/EL  buffer_pool.h:25] BufferPool[IO-0_Write]: Allocate new buffer, current buffer count is 15
I1102 18:18:13.065009 IO-0/EL  buffer_pool.h:25] BufferPool[IO-0_Write]: Allocate new buffer, current buffer count is 16
I1102 18:18:14.704073 IO-0/EL  buffer_pool.h:25] BufferPool[IO-0_Write]: Allocate new buffer, current buffer count is 17
I1102 18:18:14.704105 IO-0/EL  buffer_pool.h:25] BufferPool[IO-0_Write]: Allocate new buffer, current buffer count is 18
I1102 18:18:14.704119 IO-0/EL  buffer_pool.h:25] BufferPool[IO-0_Write]: Allocate new buffer, current buffer count is 19
I1102 18:18:14.704130 IO-0/EL  buffer_pool.h:25] BufferPool[IO-0_Write]: Allocate new buffer, current buffer count is 20
I1102 18:18:14.704142 IO-0/EL  buffer_pool.h:25] BufferPool[IO-0_Write]: Allocate new buffer, current buffer count is 21
I1102 18:18:14.704154 IO-0/EL  buffer_pool.h:25] BufferPool[IO-0_Write]: Allocate new buffer, current buffer count is 22
I1102 18:18:14.704169 IO-0/EL  buffer_pool.h:25] BufferPool[IO-0_Write]: Allocate new buffer, current buffer count is 23
I1102 18:18:14.704179 IO-0/EL  buffer_pool.h:25] BufferPool[IO-0_Write]: Allocate new buffer, current buffer count is 24
I1102 18:18:14.704191 IO-0/EL  buffer_pool.h:25] BufferPool[IO-0_Write]: Allocate new buffer, current buffer count is 25
I1102 18:18:14.704201 IO-0/EL  buffer_pool.h:25] BufferPool[IO-0_Write]: Allocate new buffer, current buffer count is 26
I1102 18:18:14.704217 IO-0/EL  buffer_pool.h:25] BufferPool[IO-0_Write]: Allocate new buffer, current buffer count is 27
I1102 18:18:14.704227 IO-0/EL  buffer_pool.h:25] BufferPool[IO-0_Write]: Allocate new buffer, current buffer count is 28
I1102 18:18:14.704240 IO-0/EL  buffer_pool.h:25] BufferPool[IO-0_Write]: Allocate new buffer, current buffer count is 29
I1102 18:18:14.704253 IO-0/EL  buffer_pool.h:25] BufferPool[IO-0_Write]: Allocate new buffer, current buffer count is 30
I1102 18:18:14.704263 IO-0/EL  buffer_pool.h:25] BufferPool[IO-0_Write]: Allocate new buffer, current buffer count is 31
I1102 18:18:14.704276 IO-0/EL  buffer_pool.h:25] BufferPool[IO-0_Write]: Allocate new buffer, current buffer count is 32
I1102 18:18:14.704285 IO-0/EL  buffer_pool.h:25] BufferPool[IO-0_Write]: Allocate new buffer, current buffer count is 33
I1102 18:18:14.704299 IO-0/EL  buffer_pool.h:25] BufferPool[IO-0_Write]: Allocate new buffer, current buffer count is 34
I1102 18:18:16.447867 Main     server_base.cpp:35] Server: Scheduled to stop
I1102 18:18:16.448025 IO-0/EL  message_connection.cpp:284] LauncherConnection[1]: Connection closed remotely
I1102 18:18:16.448009 Server/E server_base.cpp:109] Server: Start stopping process
I1102 18:18:16.448095 IO-0/EL  io_worker.cpp:206] IO-0: Start stopping process
I1102 18:18:16.448158 Server/E server_base.cpp:55] Server: Event loop finishes
