I1102 17:56:51.778413 Main     thread.cpp:100] Register main thread: tid=1367700
E1102 17:56:51.778656 Main     docker.cpp:59] Cannot find docker's cgroup in /proc/self/cgroup
I1102 17:56:51.778708 Main     func_config.cpp:135] Load configuration for function Noop[1]
I1102 17:56:51.778727 Main     engine.cpp:109] Engine: Start 1 IO workers
I1102 17:56:51.781988 IO-0/EL  thread.cpp:40] Start thread: IO-0/EL
I1102 17:56:51.782035 IO-0/EL  io_worker.cpp:192] IO-0: Event loop starts
Checking for file descriptor...
Got a file descriptor!
I1102 17:56:53.350967 Main     engine.cpp:180] Engine: Created 1 Machnet connections to Gateway at 10.10.1.2:10007
I1102 17:56:53.351074 Main     engine.cpp:208] Engine: Listen on /dev/shm/faas_ipc/engine.sock for IPC connections
I1102 17:56:53.351308 Server/E thread.cpp:40] Start thread: Server/EL
I1102 17:56:53.351431 Server/E server_base.cpp:50] Server: Event loop starts
I1102 17:56:53.780646 Server/E engine.cpp:674] Engine: New message connection
I1102 17:56:53.783939 IO-0/EL  buffer_pool.h:25] BufferPool[IO-0_Read]: Allocate new buffer, current buffer count is 1
I1102 17:56:53.783984 IO-0/EL  engine.cpp:277] Engine: Receive new handshake message from message connection
I1102 17:56:53.783990 IO-0/EL  worker_manager.cpp:23] WorkerManager: Launcher of func_id 1 connected
I1102 17:56:53.783994 IO-0/EL  worker_manager.cpp:131] WorkerManager: Request new FuncWorker for func_id 1 with client_id 1
I1102 17:56:53.784014 IO-0/EL  worker_manager.cpp:131] WorkerManager: Request new FuncWorker for func_id 1 with client_id 2
I1102 17:56:53.784026 IO-0/EL  worker_manager.cpp:131] WorkerManager: Request new FuncWorker for func_id 1 with client_id 3
I1102 17:56:53.784036 IO-0/EL  worker_manager.cpp:131] WorkerManager: Request new FuncWorker for func_id 1 with client_id 4
I1102 17:56:53.784061 IO-0/EL  buffer_pool.h:25] BufferPool[IO-0_Write]: Allocate new buffer, current buffer count is 1
I1102 17:56:53.784073 IO-0/EL  message_connection.cpp:269] LauncherConnection[1]: Handshake done
I1102 17:56:53.788645 Server/E engine.cpp:674] Engine: New message connection
I1102 17:56:53.788675 IO-0/EL  engine.cpp:277] Engine: Receive new handshake message from message connection
I1102 17:56:53.788680 IO-0/EL  worker_manager.cpp:60] WorkerManager: FuncWorker of func_id 1, client_id 1 connected
I1102 17:56:53.788691 IO-0/EL  dispatcher.cpp:47] Dispatcher[1]: min_workers=4
I1102 17:56:53.788699 IO-0/EL  dispatcher.cpp:51] Dispatcher[1]: max_workers=4
I1102 17:56:53.788723 IO-0/EL  message_connection.cpp:269] FuncWorkerConnection[1-1]: Handshake done
I1102 17:56:53.789451 Server/E engine.cpp:674] Engine: New message connection
I1102 17:56:53.789472 IO-0/EL  engine.cpp:277] Engine: Receive new handshake message from message connection
I1102 17:56:53.789477 IO-0/EL  worker_manager.cpp:60] WorkerManager: FuncWorker of func_id 1, client_id 3 connected
I1102 17:56:53.789491 IO-0/EL  message_connection.cpp:269] FuncWorkerConnection[1-3]: Handshake done
I1102 17:56:53.790326 Server/E engine.cpp:674] Engine: New message connection
I1102 17:56:53.790354 IO-0/EL  engine.cpp:277] Engine: Receive new handshake message from message connection
I1102 17:56:53.790359 IO-0/EL  worker_manager.cpp:60] WorkerManager: FuncWorker of func_id 1, client_id 2 connected
I1102 17:56:53.790373 IO-0/EL  message_connection.cpp:269] FuncWorkerConnection[1-2]: Handshake done
I1102 17:56:53.791138 Server/E engine.cpp:674] Engine: New message connection
I1102 17:56:53.791161 IO-0/EL  engine.cpp:277] Engine: Receive new handshake message from message connection
I1102 17:56:53.791166 IO-0/EL  worker_manager.cpp:60] WorkerManager: FuncWorker of func_id 1, client_id 4 connected
I1102 17:56:53.791179 IO-0/EL  message_connection.cpp:269] FuncWorkerConnection[1-4]: Handshake done
I1102 17:56:59.670316 IO-0/EL  buffer_pool.h:25] BufferPool[IO-0_Write]: Allocate new buffer, current buffer count is 2
I1102 17:57:01.403741 Main     server_base.cpp:35] Server: Scheduled to stop
I1102 17:57:01.403925 Server/E server_base.cpp:109] Server: Start stopping process
I1102 17:57:01.403995 IO-0/EL  io_worker.cpp:206] IO-0: Start stopping process
I1102 17:57:01.404052 Server/E server_base.cpp:55] Server: Event loop finishes
