I1102 18:11:54.518219 Main     thread.cpp:100] Register main thread: tid=1371483
E1102 18:11:54.518361 Main     docker.cpp:59] Cannot find docker's cgroup in /proc/self/cgroup
I1102 18:11:54.521583 Launcher thread.cpp:40] Start thread: Launcher/EL
I1102 18:11:54.521637 Launcher thread.cpp:64] Does not find cpuset setting for IO threads (can be set by FAAS_IO_THREAD_CPUSET)
I1102 18:11:54.521643 Launcher thread.cpp:82] Does not find nice setting for IO threads (can be set by FAAS_IO_THREAD_NICE)
I1102 18:11:54.521646 Launcher launcher.cpp:96] Launcher: Event loop starts
I1102 18:11:54.521665 Launcher engine_connection.cpp:93] EngineConnection: Connected to engine, start writing handshake message
I1102 18:11:54.521920 Launcher buffer_pool.h:25] BufferPool[Launcher]: Allocate new buffer, current buffer count is 1
I1102 18:11:54.521947 Launcher func_config.cpp:135] Load configuration for function Noop[1]
I1102 18:11:54.521957 Launcher engine_connection.cpp:65] EngineConnection: Handshake done
W1102 18:11:54.535004 Launcher engine_connection.cpp:166] EngineConnection: nread=0, will do nothing
I1102 18:12:02.547411 Main     launcher.cpp:44] Launcher: Scheduled to stop
E1102 18:12:02.547678 Launcher launcher.cpp:72] Launcher: Connection to engine disconnected
I1102 18:12:02.547733 Launcher launcher.cpp:44] Launcher: Scheduled to stop
W1102 18:12:02.548186 Launcher launcher.cpp:87] Launcher: Function process 8 terminated
W1102 18:12:02.548200 Launcher launcher.cpp:87] Launcher: Function process 12 terminated
W1102 18:12:02.548205 Launcher launcher.cpp:87] Launcher: Function process 6 terminated
W1102 18:12:02.548210 Launcher launcher.cpp:87] Launcher: Function process 3 terminated
W1102 18:12:02.548349 Launcher launcher.cpp:87] Launcher: Function process 15 terminated
W1102 18:12:02.548356 Launcher launcher.cpp:87] Launcher: Function process 11 terminated
W1102 18:12:02.548361 Launcher launcher.cpp:87] Launcher: Function process 10 terminated
W1102 18:12:02.548459 Launcher launcher.cpp:87] Launcher: Function process 14 terminated
W1102 18:12:02.548623 Launcher launcher.cpp:87] Launcher: Function process 13 terminated
W1102 18:12:02.548631 Launcher launcher.cpp:87] Launcher: Function process 9 terminated
W1102 18:12:02.548635 Launcher launcher.cpp:87] Launcher: Function process 4 terminated
W1102 18:12:02.548640 Launcher launcher.cpp:87] Launcher: Function process 1 terminated
W1102 18:12:02.548772 Launcher launcher.cpp:87] Launcher: Function process 7 terminated
W1102 18:12:02.548779 Launcher launcher.cpp:87] Launcher: Function process 5 terminated
W1102 18:12:02.548784 Launcher launcher.cpp:87] Launcher: Function process 2 terminated
W1102 18:12:02.548789 Launcher launcher.cpp:87] Launcher: Function process 0 terminated
I1102 18:12:02.548794 Launcher launcher.cpp:101] Launcher: Event loop finishes
I1102 18:12:02.548850 Main     launcher.cpp:68] Launcher: Stopped
