I1102 18:02:33.836328 Main     thread.cpp:100] Register main thread: tid=1369105
E1102 18:02:33.836468 Main     docker.cpp:59] Cannot find docker's cgroup in /proc/self/cgroup
I1102 18:02:33.839715 Launcher thread.cpp:40] Start thread: Launcher/EL
I1102 18:02:33.839764 Launcher thread.cpp:64] Does not find cpuset setting for IO threads (can be set by FAAS_IO_THREAD_CPUSET)
I1102 18:02:33.839770 Launcher thread.cpp:82] Does not find nice setting for IO threads (can be set by FAAS_IO_THREAD_NICE)
I1102 18:02:33.839773 Launcher launcher.cpp:96] Launcher: Event loop starts
I1102 18:02:33.839793 Launcher engine_connection.cpp:93] EngineConnection: Connected to engine, start writing handshake message
I1102 18:02:33.839957 Launcher buffer_pool.h:25] BufferPool[Launcher]: Allocate new buffer, current buffer count is 1
I1102 18:02:33.839985 Launcher func_config.cpp:135] Load configuration for function Noop[1]
I1102 18:02:33.839995 Launcher engine_connection.cpp:65] EngineConnection: Handshake done
W1102 18:02:33.847954 Launcher engine_connection.cpp:166] EngineConnection: nread=0, will do nothing
I1102 18:02:41.382767 Main     launcher.cpp:44] Launcher: Scheduled to stop
E1102 18:02:41.382953 Launcher launcher.cpp:72] Launcher: Connection to engine disconnected
I1102 18:02:41.383003 Launcher launcher.cpp:44] Launcher: Scheduled to stop
W1102 18:02:41.383325 Launcher launcher.cpp:87] Launcher: Function process 7 terminated
W1102 18:02:41.383443 Launcher launcher.cpp:87] Launcher: Function process 6 terminated
W1102 18:02:41.383770 Launcher launcher.cpp:87] Launcher: Function process 3 terminated
W1102 18:02:41.383785 Launcher launcher.cpp:87] Launcher: Function process 2 terminated
W1102 18:02:41.383793 Launcher launcher.cpp:87] Launcher: Function process 1 terminated
W1102 18:02:41.383800 Launcher launcher.cpp:87] Launcher: Function process 0 terminated
W1102 18:02:41.383906 Launcher launcher.cpp:87] Launcher: Function process 5 terminated
W1102 18:02:41.383915 Launcher launcher.cpp:87] Launcher: Function process 4 terminated
I1102 18:02:41.383923 Launcher launcher.cpp:101] Launcher: Event loop finishes
I1102 18:02:41.383980 Main     launcher.cpp:68] Launcher: Stopped
