$ /users/vj2267/nightcore/benchmarks/run_bench.sh --duration 5 --workers 64 --remote vj2267@sm110p-10s10615.wisc.cloudlab.us --remote_addr 10.10.1.2 --machnet --local_machnet_ip 10.10.1.1 --mode noop --target_rps 60000

=== Nightcore Stress Test (noop mode) ===
Mode: noop
Function: Noop
Workers: 64
Duration: 5 seconds
Target RPS (global): 60000
Input size: 64 bytes
Inflight limit per connection: 1
Engine IO workers: 1
Gateway conns per worker: 1
Warmup: 0 seconds
Stress Client: Remote (vj2267@sm110p-10s10615.wisc.cloudlab.us)
Engine Connection Address: 10.10.1.2 (explicit)
Transport: Machnet
  Remote Machnet IP: 10.10.1.2
  Local Machnet IP: 10.10.1.1

Cleaning up any existing stress_client on remote...
Starting stress_client on remote host vj2267@sm110p-10s10615.wisc.cloudlab.us...
  Remote SSH process PID: 1373955
  Output will be saved to: /users/vj2267/nightcore/benchmarks/outputs/stress_client_remote.txt
Waiting for remote stress_client to start...
I1102 18:18:37.820611 Main     thread.cpp:100] Register main thread: tid=1133649
I1102 18:18:37.820686 Main     stress_client.cpp:179] Using Machnet transport on 10.10.1.2:10007
I1102 18:18:37.820691 Main     stress_client_machnet.cpp:37] Starting Machnet event-loop thread...
[Loop Thread 129418525669056] Machnet event-loop thread started
I1102 18:18:37.823924 Server/E thread.cpp:40] Start thread: Server/EL
I1102 18:18:37.823959 Server/E server_base.cpp:50] Server: Event loop starts
I1102 18:18:38.324040 Main     stress_client.cpp:43] === Nightcore Stress Test ===
I1102 18:18:38.324077 Main     stress_client.cpp:44] Function ID: 1
I1102 18:18:38.324085 Main     stress_client.cpp:45] Method ID: 0
I1102 18:18:38.324090 Main     stress_client.cpp:46] Input size: 64 bytes
I1102 18:18:38.324095 Main     stress_client.cpp:47] Global target RPS: 60000
I1102 18:18:38.324101 Main     stress_client.cpp:50] Inflight limit per connection: 1
I1102 18:18:38.324105 Main     stress_client.cpp:51] Warmup: 0s, Duration: 5s
I1102 18:18:38.324111 Main     stress_client.cpp:53] 
I1102 18:18:38.324146 Main     stress_client.cpp:54] ========================================
I1102 18:18:38.324152 Main     stress_client.cpp:57] Waiting for Engine to connect...
Checking for file descriptor...
Got a file descriptor!
Listening on Machnet 10.10.1.2:10007 for Engine connections[Loop Thread 129418525669056] Machnet listener created
Starting Engine (connecting to 10.10.1.2:10007)...
  Engine PID: 1373963
New Machnet connection created: 168427777:1024 -> 168427778:10007
[Receive Thread 129418525669056] Handshake: pinned send flow 168427778:10007 -> 168427777:1024
[Loop Thread 129418525669056] Now sending on flow 168427778:10007 -> 168427777:1024
I1102 18:18:42.428138 Main     stress_client.cpp:71] Engine connected with 1 connection(s)
I1102 18:18:42.428172 Main     stress_client.cpp:73] Global target RPS: 60000
I1102 18:18:42.428178 Main     stress_client.cpp:76] 
I1102 18:18:42.428183 Main     stress_client.cpp:79] Waiting 3 seconds for workers to initialize...
Starting Launcher with 64 workers...
All components started. Stress test will begin after warmup...

I1102 18:18:46.431722 Main     stress_common.cpp:30] [T+1s] Sent: 62505 | Completed: 62503 | Failed: 0 | Latencies: 62503
I1102 18:18:47.433263 Main     stress_common.cpp:30] [T+2s] Sent: 125022 | Completed: 125021 | Failed: 0 | Latencies: 125021
I1102 18:18:48.434249 Main     stress_common.cpp:30] [T+3s] Sent: 187528 | Completed: 187527 | Failed: 0 | Latencies: 187527
I1102 18:18:49.435372 Main     stress_common.cpp:30] [T+4s] Sent: 250035 | Completed: 250033 | Failed: 0 | Latencies: 250033
I1102 18:18:50.436490 Main     stress_common.cpp:30] [T+5s] Sent: 312088 | Completed: 312088 | Failed: 0 | Latencies: 300000
I1102 18:18:50.436525 Main     stress_client.cpp:116] 
I1102 18:18:50.436971 Main     stress_common.cpp:42] ========================================
I1102 18:18:50.436979 Main     stress_common.cpp:43] === Stress Test Results ===
I1102 18:18:50.436984 Main     stress_common.cpp:44] ========================================
I1102 18:18:50.436989 Main     stress_common.cpp:45] Transport:         Machnet
I1102 18:18:50.436995 Main     stress_common.cpp:46] Connections:       1
I1102 18:18:50.437000 Main     stress_common.cpp:47] Duration:          5.01 seconds
I1102 18:18:50.437026 Main     stress_common.cpp:48] Total Sent:        312088
I1102 18:18:50.437031 Main     stress_common.cpp:49] Total Completed:   312088 (100.00%)
I1102 18:18:50.437037 Main     stress_common.cpp:52] Total Failed:      0 (0.00%)
I1102 18:18:50.437044 Main     stress_common.cpp:55] 
I1102 18:18:50.437049 Main     stress_common.cpp:56] Throughput:        62348.3 rps
I1102 18:18:50.437055 Main     stress_common.cpp:57] 
I1102 18:18:50.459631 Main     stress_common.cpp:71] Latency (us):
I1102 18:18:50.459645 Main     stress_common.cpp:72]   Min:    16
I1102 18:18:50.459652 Main     stress_common.cpp:73]   p50:    28
I1102 18:18:50.459658 Main     stress_common.cpp:74]   p90:    29
I1102 18:18:50.459662 Main     stress_common.cpp:75]   p99:    35
I1102 18:18:50.459667 Main     stress_common.cpp:76]   p99.9:  129
I1102 18:18:50.459672 Main     stress_common.cpp:77]   Max:    1542
I1102 18:18:50.459678 Main     stress_common.cpp:82] ========================================
I1102 18:18:50.459683 Main     server_base.cpp:35] Server: Scheduled to stop
I1102 18:18:50.459762 Server/E server_base.cpp:109] Server: Start stopping process
[Loop Thread 129418525669056] Machnet event-loop thread finished
I1102 18:18:50.459877 Server/E server_base.cpp:55] Server: Event loop finishes
I1102 18:18:50.459980 Main     server_base.cpp:46] Server: Stopped

Stress test completed. Shutting down...

Copying results from remote host...
Remote stress_client output:
I1102 18:18:37.820611 Main     thread.cpp:100] Register main thread: tid=1133649
I1102 18:18:37.820686 Main     stress_client.cpp:179] Using Machnet transport on 10.10.1.2:10007
I1102 18:18:37.820691 Main     stress_client_machnet.cpp:37] Starting Machnet event-loop thread...
[Loop Thread 129418525669056] Machnet event-loop thread started
I1102 18:18:37.823924 Server/E thread.cpp:40] Start thread: Server/EL
I1102 18:18:37.823959 Server/E server_base.cpp:50] Server: Event loop starts
I1102 18:18:38.324040 Main     stress_client.cpp:43] === Nightcore Stress Test ===
I1102 18:18:38.324077 Main     stress_client.cpp:44] Function ID: 1
I1102 18:18:38.324085 Main     stress_client.cpp:45] Method ID: 0
I1102 18:18:38.324090 Main     stress_client.cpp:46] Input size: 64 bytes
I1102 18:18:38.324095 Main     stress_client.cpp:47] Global target RPS: 60000
I1102 18:18:38.324101 Main     stress_client.cpp:50] Inflight limit per connection: 1
I1102 18:18:38.324105 Main     stress_client.cpp:51] Warmup: 0s, Duration: 5s
I1102 18:18:38.324111 Main     stress_client.cpp:53] 
I1102 18:18:38.324146 Main     stress_client.cpp:54] ========================================
I1102 18:18:38.324152 Main     stress_client.cpp:57] Waiting for Engine to connect...
Checking for file descriptor...
Got a file descriptor!
Listening on Machnet 10.10.1.2:10007 for Engine connections[Loop Thread 129418525669056] Machnet listener created
New Machnet connection created: 168427777:1024 -> 168427778:10007
[Receive Thread 129418525669056] Handshake: pinned send flow 168427778:10007 -> 168427777:1024
[Loop Thread 129418525669056] Now sending on flow 168427778:10007 -> 168427777:1024
I1102 18:18:42.428138 Main     stress_client.cpp:71] Engine connected with 1 connection(s)
I1102 18:18:42.428172 Main     stress_client.cpp:73] Global target RPS: 60000
I1102 18:18:42.428178 Main     stress_client.cpp:76] 
I1102 18:18:42.428183 Main     stress_client.cpp:79] Waiting 3 seconds for workers to initialize...
I1102 18:18:46.431722 Main     stress_common.cpp:30] [T+1s] Sent: 62505 | Completed: 62503 | Failed: 0 | Latencies: 62503
I1102 18:18:47.433263 Main     stress_common.cpp:30] [T+2s] Sent: 125022 | Completed: 125021 | Failed: 0 | Latencies: 125021
I1102 18:18:48.434249 Main     stress_common.cpp:30] [T+3s] Sent: 187528 | Completed: 187527 | Failed: 0 | Latencies: 187527
I1102 18:18:49.435372 Main     stress_common.cpp:30] [T+4s] Sent: 250035 | Completed: 250033 | Failed: 0 | Latencies: 250033
I1102 18:18:50.436490 Main     stress_common.cpp:30] [T+5s] Sent: 312088 | Completed: 312088 | Failed: 0 | Latencies: 300000
I1102 18:18:50.436525 Main     stress_client.cpp:116] 
I1102 18:18:50.436971 Main     stress_common.cpp:42] ========================================
I1102 18:18:50.436979 Main     stress_common.cpp:43] === Stress Test Results ===
I1102 18:18:50.436984 Main     stress_common.cpp:44] ========================================
I1102 18:18:50.436989 Main     stress_common.cpp:45] Transport:         Machnet
I1102 18:18:50.436995 Main     stress_common.cpp:46] Connections:       1
I1102 18:18:50.437000 Main     stress_common.cpp:47] Duration:          5.01 seconds
I1102 18:18:50.437026 Main     stress_common.cpp:48] Total Sent:        312088
I1102 18:18:50.437031 Main     stress_common.cpp:49] Total Completed:   312088 (100.00%)
I1102 18:18:50.437037 Main     stress_common.cpp:52] Total Failed:      0 (0.00%)
I1102 18:18:50.437044 Main     stress_common.cpp:55] 
I1102 18:18:50.437049 Main     stress_common.cpp:56] Throughput:        62348.3 rps
I1102 18:18:50.437055 Main     stress_common.cpp:57] 
I1102 18:18:50.459631 Main     stress_common.cpp:71] Latency (us):
I1102 18:18:50.459645 Main     stress_common.cpp:72]   Min:    16
I1102 18:18:50.459652 Main     stress_common.cpp:73]   p50:    28
I1102 18:18:50.459658 Main     stress_common.cpp:74]   p90:    29
I1102 18:18:50.459662 Main     stress_common.cpp:75]   p99:    35
I1102 18:18:50.459667 Main     stress_common.cpp:76]   p99.9:  129
I1102 18:18:50.459672 Main     stress_common.cpp:77]   Max:    1542
I1102 18:18:50.459678 Main     stress_common.cpp:82] ========================================
I1102 18:18:50.459683 Main     server_base.cpp:35] Server: Scheduled to stop
I1102 18:18:50.459762 Server/E server_base.cpp:109] Server: Start stopping process
[Loop Thread 129418525669056] Machnet event-loop thread finished
I1102 18:18:50.459877 Server/E server_base.cpp:55] Server: Event loop finishes
I1102 18:18:50.459980 Main     server_base.cpp:46] Server: Stopped

Cleaning up any remaining remote stress_client processes...

Logs saved to:
  Engine:   /users/vj2267/nightcore/benchmarks/outputs/engine.log
  Launcher: /users/vj2267/nightcore/benchmarks/outputs/launcher.log
  Workers:  /users/vj2267/nightcore/benchmarks/outputs/Noop_worker_*.stdout
