I1102 18:04:13.497461 Main     thread.cpp:100] Register main thread: tid=1369477
E1102 18:04:13.497752 Main     docker.cpp:59] Cannot find docker's cgroup in /proc/self/cgroup
I1102 18:04:13.497810 Main     func_config.cpp:135] Load configuration for function Noop[1]
I1102 18:04:13.497821 Main     engine.cpp:109] Engine: Start 1 IO workers
I1102 18:04:13.501052 IO-0/EL  thread.cpp:40] Start thread: IO-0/EL
I1102 18:04:13.501098 IO-0/EL  io_worker.cpp:192] IO-0: Event loop starts
Checking for file descriptor...
Got a file descriptor!
I1102 18:04:15.352569 Main     engine.cpp:180] Engine: Created 1 Machnet connections to Gateway at 10.10.1.2:10007
I1102 18:04:15.352660 Main     engine.cpp:208] Engine: Listen on /dev/shm/faas_ipc/engine.sock for IPC connections
I1102 18:04:15.352810 Server/E thread.cpp:40] Start thread: Server/EL
I1102 18:04:15.352937 Server/E server_base.cpp:50] Server: Event loop starts
I1102 18:04:15.500081 Server/E engine.cpp:674] Engine: New message connection
I1102 18:04:15.503346 IO-0/EL  buffer_pool.h:25] BufferPool[IO-0_Read]: Allocate new buffer, current buffer count is 1
I1102 18:04:15.503377 IO-0/EL  engine.cpp:277] Engine: Receive new handshake message from message connection
I1102 18:04:15.503382 IO-0/EL  worker_manager.cpp:23] WorkerManager: Launcher of func_id 1 connected
I1102 18:04:15.503386 IO-0/EL  worker_manager.cpp:131] WorkerManager: Request new FuncWorker for func_id 1 with client_id 1
I1102 18:04:15.503405 IO-0/EL  worker_manager.cpp:131] WorkerManager: Request new FuncWorker for func_id 1 with client_id 2
I1102 18:04:15.503418 IO-0/EL  worker_manager.cpp:131] WorkerManager: Request new FuncWorker for func_id 1 with client_id 3
I1102 18:04:15.503428 IO-0/EL  worker_manager.cpp:131] WorkerManager: Request new FuncWorker for func_id 1 with client_id 4
I1102 18:04:15.503437 IO-0/EL  worker_manager.cpp:131] WorkerManager: Request new FuncWorker for func_id 1 with client_id 5
I1102 18:04:15.503446 IO-0/EL  worker_manager.cpp:131] WorkerManager: Request new FuncWorker for func_id 1 with client_id 6
I1102 18:04:15.503458 IO-0/EL  worker_manager.cpp:131] WorkerManager: Request new FuncWorker for func_id 1 with client_id 7
I1102 18:04:15.503467 IO-0/EL  worker_manager.cpp:131] WorkerManager: Request new FuncWorker for func_id 1 with client_id 8
I1102 18:04:15.503503 IO-0/EL  buffer_pool.h:25] BufferPool[IO-0_Write]: Allocate new buffer, current buffer count is 1
I1102 18:04:15.503518 IO-0/EL  message_connection.cpp:269] LauncherConnection[1]: Handshake done
I1102 18:04:15.507348 Server/E engine.cpp:674] Engine: New message connection
I1102 18:04:15.507384 IO-0/EL  engine.cpp:277] Engine: Receive new handshake message from message connection
I1102 18:04:15.507389 IO-0/EL  worker_manager.cpp:60] WorkerManager: FuncWorker of func_id 1, client_id 1 connected
I1102 18:04:15.507400 IO-0/EL  dispatcher.cpp:47] Dispatcher[1]: min_workers=8
I1102 18:04:15.507403 IO-0/EL  dispatcher.cpp:51] Dispatcher[1]: max_workers=8
I1102 18:04:15.507425 IO-0/EL  message_connection.cpp:269] FuncWorkerConnection[1-1]: Handshake done
I1102 18:04:15.507767 Server/E engine.cpp:674] Engine: New message connection
I1102 18:04:15.507798 IO-0/EL  engine.cpp:277] Engine: Receive new handshake message from message connection
I1102 18:04:15.507804 IO-0/EL  worker_manager.cpp:60] WorkerManager: FuncWorker of func_id 1, client_id 2 connected
I1102 18:04:15.507818 IO-0/EL  message_connection.cpp:269] FuncWorkerConnection[1-2]: Handshake done
I1102 18:04:15.510124 Server/E engine.cpp:674] Engine: New message connection
I1102 18:04:15.510149 IO-0/EL  engine.cpp:277] Engine: Receive new handshake message from message connection
I1102 18:04:15.510154 IO-0/EL  worker_manager.cpp:60] WorkerManager: FuncWorker of func_id 1, client_id 3 connected
I1102 18:04:15.510168 IO-0/EL  message_connection.cpp:269] FuncWorkerConnection[1-3]: Handshake done
I1102 18:04:15.510547 Server/E engine.cpp:674] Engine: New message connection
I1102 18:04:15.510577 IO-0/EL  engine.cpp:277] Engine: Receive new handshake message from message connection
I1102 18:04:15.510582 IO-0/EL  worker_manager.cpp:60] WorkerManager: FuncWorker of func_id 1, client_id 4 connected
I1102 18:04:15.510612 IO-0/EL  message_connection.cpp:269] FuncWorkerConnection[1-4]: Handshake done
I1102 18:04:15.510961 Server/E engine.cpp:674] Engine: New message connection
I1102 18:04:15.510983 IO-0/EL  engine.cpp:277] Engine: Receive new handshake message from message connection
I1102 18:04:15.510987 IO-0/EL  worker_manager.cpp:60] WorkerManager: FuncWorker of func_id 1, client_id 5 connected
I1102 18:04:15.511000 IO-0/EL  message_connection.cpp:269] FuncWorkerConnection[1-5]: Handshake done
I1102 18:04:15.511357 Server/E engine.cpp:674] Engine: New message connection
I1102 18:04:15.511389 IO-0/EL  engine.cpp:277] Engine: Receive new handshake message from message connection
I1102 18:04:15.511394 IO-0/EL  worker_manager.cpp:60] WorkerManager: FuncWorker of func_id 1, client_id 6 connected
I1102 18:04:15.511407 IO-0/EL  message_connection.cpp:269] FuncWorkerConnection[1-6]: Handshake done
I1102 18:04:15.511764 Server/E engine.cpp:674] Engine: New message connection
I1102 18:04:15.511787 IO-0/EL  engine.cpp:277] Engine: Receive new handshake message from message connection
I1102 18:04:15.511792 IO-0/EL  worker_manager.cpp:60] WorkerManager: FuncWorker of func_id 1, client_id 7 connected
I1102 18:04:15.511804 IO-0/EL  message_connection.cpp:269] FuncWorkerConnection[1-7]: Handshake done
I1102 18:04:15.513145 Server/E engine.cpp:674] Engine: New message connection
I1102 18:04:15.513174 IO-0/EL  engine.cpp:277] Engine: Receive new handshake message from message connection
I1102 18:04:15.513179 IO-0/EL  worker_manager.cpp:60] WorkerManager: FuncWorker of func_id 1, client_id 8 connected
I1102 18:04:15.513193 IO-0/EL  message_connection.cpp:269] FuncWorkerConnection[1-8]: Handshake done
I1102 18:04:18.398634 IO-0/EL  buffer_pool.h:25] BufferPool[IO-0_Write]: Allocate new buffer, current buffer count is 2
I1102 18:04:18.398657 IO-0/EL  buffer_pool.h:25] BufferPool[IO-0_Write]: Allocate new buffer, current buffer count is 3
I1102 18:04:18.398667 IO-0/EL  buffer_pool.h:25] BufferPool[IO-0_Write]: Allocate new buffer, current buffer count is 4
I1102 18:04:18.398681 IO-0/EL  buffer_pool.h:25] BufferPool[IO-0_Write]: Allocate new buffer, current buffer count is 5
I1102 18:04:18.398692 IO-0/EL  buffer_pool.h:25] BufferPool[IO-0_Write]: Allocate new buffer, current buffer count is 6
I1102 18:04:18.398706 IO-0/EL  buffer_pool.h:25] BufferPool[IO-0_Write]: Allocate new buffer, current buffer count is 7
I1102 18:04:18.398718 IO-0/EL  buffer_pool.h:25] BufferPool[IO-0_Write]: Allocate new buffer, current buffer count is 8
I1102 18:04:18.578926 IO-0/EL  buffer_pool.h:25] BufferPool[IO-0_Write]: Allocate new buffer, current buffer count is 9
I1102 18:04:18.759234 IO-0/EL  buffer_pool.h:25] BufferPool[IO-0_Write]: Allocate new buffer, current buffer count is 10
I1102 18:04:19.842009 IO-0/EL  buffer_pool.h:25] BufferPool[IO-0_Write]: Allocate new buffer, current buffer count is 11
I1102 18:04:23.456145 Main     server_base.cpp:35] Server: Scheduled to stop
I1102 18:04:23.456175 IO-0/EL  message_connection.cpp:284] LauncherConnection[1]: Connection closed remotely
I1102 18:04:23.456409 Server/E server_base.cpp:109] Server: Start stopping process
I1102 18:04:23.456485 IO-0/EL  io_worker.cpp:206] IO-0: Start stopping process
