$ /users/vj2267/nightcore/benchmarks/run_bench.sh --duration 5 --workers 64 --remote vj2267@sm110p-10s10615.wisc.cloudlab.us --remote_addr 10.10.1.2 --machnet --local_machnet_ip 10.10.1.1 --mode hyperlight --target_rps 175000

=== Nightcore Stress Test (hyperlight mode) ===
Mode: hyperlight
Function: Echo
Workers: 64
Duration: 5 seconds
Target RPS (global): 175000
Input size: 64 bytes
Inflight limit per connection: 1
Engine IO workers: 1
Gateway conns per worker: 1
Warmup: 0 seconds
Stress Client: Remote (vj2267@sm110p-10s10615.wisc.cloudlab.us)
Engine Connection Address: 10.10.1.2 (explicit)
Transport: Machnet
  Remote Machnet IP: 10.10.1.2
  Local Machnet IP: 10.10.1.1

Cleaning up any existing stress_client on remote...
Starting stress_client on remote host vj2267@sm110p-10s10615.wisc.cloudlab.us...
  Remote SSH process PID: 1396240
  Output will be saved to: /users/vj2267/nightcore/benchmarks/outputs/stress_client_remote.txt
Waiting for remote stress_client to start...
I1102 19:06:30.922634 Main     thread.cpp:100] Register main thread: tid=1168954
I1102 19:06:30.922708 Main     stress_client.cpp:179] Using Machnet transport on 10.10.1.2:10007
I1102 19:06:30.922713 Main     stress_client_machnet.cpp:37] Starting Machnet event-loop thread...
[Loop Thread 125230859155136] Machnet event-loop thread started
I1102 19:06:30.925926 Server/E thread.cpp:40] Start thread: Server/EL
I1102 19:06:30.925962 Server/E server_base.cpp:50] Server: Event loop starts
I1102 19:06:31.426030 Main     stress_client.cpp:43] === Nightcore Stress Test ===
I1102 19:06:31.426066 Main     stress_client.cpp:44] Function ID: 1
I1102 19:06:31.426074 Main     stress_client.cpp:45] Method ID: 0
I1102 19:06:31.426079 Main     stress_client.cpp:46] Input size: 64 bytes
I1102 19:06:31.426084 Main     stress_client.cpp:47] Global target RPS: 175000
I1102 19:06:31.426089 Main     stress_client.cpp:50] Inflight limit per connection: 1
I1102 19:06:31.426094 Main     stress_client.cpp:51] Warmup: 0s, Duration: 5s
I1102 19:06:31.426099 Main     stress_client.cpp:53] 
I1102 19:06:31.426103 Main     stress_client.cpp:54] ========================================
I1102 19:06:31.426107 Main     stress_client.cpp:57] Waiting for Engine to connect...
Checking for file descriptor...
Got a file descriptor!
Listening on Machnet 10.10.1.2:10007 for Engine connections[Loop Thread 125230859155136] Machnet listener created
Starting Engine (connecting to 10.10.1.2:10007)...
  Engine PID: 1396248
New Machnet connection created: 168427777:1024 -> 168427778:10007
[Receive Thread 125230859155136] Handshake: pinned send flow 168427778:10007 -> 168427777:1024
[Loop Thread 125230859155136] Now sending on flow 168427778:10007 -> 168427777:1024
I1102 19:06:35.429932 Main     stress_client.cpp:71] Engine connected with 1 connection(s)
I1102 19:06:35.429966 Main     stress_client.cpp:73] Global target RPS: 175000
I1102 19:06:35.429973 Main     stress_client.cpp:76] 
I1102 19:06:35.429978 Main     stress_client.cpp:79] Waiting 3 seconds for workers to initialize...
Starting Launcher with 64 workers...
All components started. Stress test will begin after warmup...

I1102 19:06:39.440228 Main     stress_common.cpp:30] [T+1s] Sent: 200010 | Completed: 199996 | Failed: 0 | Latencies: 199996
I1102 19:06:40.445004 Main     stress_common.cpp:30] [T+2s] Sent: 400061 | Completed: 400049 | Failed: 0 | Latencies: 400049
I1102 19:06:41.448069 Main     stress_common.cpp:30] [T+3s] Sent: 600077 | Completed: 600065 | Failed: 0 | Latencies: 600065
I1102 19:06:42.451482 Main     stress_common.cpp:30] [T+4s] Sent: 800068 | Completed: 800052 | Failed: 0 | Latencies: 800052
I1102 19:06:43.453730 Main     stress_common.cpp:30] [T+5s] Sent: 995775 | Completed: 995775 | Failed: 0 | Latencies: 875000
I1102 19:06:43.453767 Main     stress_client.cpp:116] 
I1102 19:06:43.455141 Main     stress_common.cpp:42] ========================================
I1102 19:06:43.455151 Main     stress_common.cpp:43] === Stress Test Results ===
I1102 19:06:43.455157 Main     stress_common.cpp:44] ========================================
I1102 19:06:43.455163 Main     stress_common.cpp:45] Transport:         Machnet
I1102 19:06:43.455169 Main     stress_common.cpp:46] Connections:       1
I1102 19:06:43.455174 Main     stress_common.cpp:47] Duration:          5.02 seconds
I1102 19:06:43.455184 Main     stress_common.cpp:48] Total Sent:        995775
I1102 19:06:43.455189 Main     stress_common.cpp:49] Total Completed:   995775 (100.00%)
I1102 19:06:43.455195 Main     stress_common.cpp:52] Total Failed:      0 (0.00%)
I1102 19:06:43.455202 Main     stress_common.cpp:55] 
I1102 19:06:43.455207 Main     stress_common.cpp:56] Throughput:        198533.1 rps
I1102 19:06:43.455213 Main     stress_common.cpp:57] 
I1102 19:06:43.536467 Main     stress_common.cpp:71] Latency (us):
I1102 19:06:43.536475 Main     stress_common.cpp:72]   Min:    27
I1102 19:06:43.536478 Main     stress_common.cpp:73]   p50:    64
I1102 19:06:43.536480 Main     stress_common.cpp:74]   p90:    115
I1102 19:06:43.536482 Main     stress_common.cpp:75]   p99:    4901
I1102 19:06:43.536485 Main     stress_common.cpp:76]   p99.9:  5510
I1102 19:06:43.536487 Main     stress_common.cpp:77]   Max:    5819
I1102 19:06:43.536490 Main     stress_common.cpp:82] ========================================
I1102 19:06:43.536493 Main     server_base.cpp:35] Server: Scheduled to stop
I1102 19:06:43.536636 Server/E server_base.cpp:109] Server: Start stopping process
[Loop Thread 125230859155136] Machnet event-loop thread finished
I1102 19:06:43.536780 Server/E server_base.cpp:55] Server: Event loop finishes
I1102 19:06:43.536859 Main     server_base.cpp:46] Server: Stopped

Stress test completed. Shutting down...

Copying results from remote host...
Remote stress_client output:
I1102 19:06:30.922634 Main     thread.cpp:100] Register main thread: tid=1168954
I1102 19:06:30.922708 Main     stress_client.cpp:179] Using Machnet transport on 10.10.1.2:10007
I1102 19:06:30.922713 Main     stress_client_machnet.cpp:37] Starting Machnet event-loop thread...
[Loop Thread 125230859155136] Machnet event-loop thread started
I1102 19:06:30.925926 Server/E thread.cpp:40] Start thread: Server/EL
I1102 19:06:30.925962 Server/E server_base.cpp:50] Server: Event loop starts
I1102 19:06:31.426030 Main     stress_client.cpp:43] === Nightcore Stress Test ===
I1102 19:06:31.426066 Main     stress_client.cpp:44] Function ID: 1
I1102 19:06:31.426074 Main     stress_client.cpp:45] Method ID: 0
I1102 19:06:31.426079 Main     stress_client.cpp:46] Input size: 64 bytes
I1102 19:06:31.426084 Main     stress_client.cpp:47] Global target RPS: 175000
I1102 19:06:31.426089 Main     stress_client.cpp:50] Inflight limit per connection: 1
I1102 19:06:31.426094 Main     stress_client.cpp:51] Warmup: 0s, Duration: 5s
I1102 19:06:31.426099 Main     stress_client.cpp:53] 
I1102 19:06:31.426103 Main     stress_client.cpp:54] ========================================
I1102 19:06:31.426107 Main     stress_client.cpp:57] Waiting for Engine to connect...
Checking for file descriptor...
Got a file descriptor!
Listening on Machnet 10.10.1.2:10007 for Engine connections[Loop Thread 125230859155136] Machnet listener created
New Machnet connection created: 168427777:1024 -> 168427778:10007
[Receive Thread 125230859155136] Handshake: pinned send flow 168427778:10007 -> 168427777:1024
[Loop Thread 125230859155136] Now sending on flow 168427778:10007 -> 168427777:1024
I1102 19:06:35.429932 Main     stress_client.cpp:71] Engine connected with 1 connection(s)
I1102 19:06:35.429966 Main     stress_client.cpp:73] Global target RPS: 175000
I1102 19:06:35.429973 Main     stress_client.cpp:76] 
I1102 19:06:35.429978 Main     stress_client.cpp:79] Waiting 3 seconds for workers to initialize...
I1102 19:06:39.440228 Main     stress_common.cpp:30] [T+1s] Sent: 200010 | Completed: 199996 | Failed: 0 | Latencies: 199996
I1102 19:06:40.445004 Main     stress_common.cpp:30] [T+2s] Sent: 400061 | Completed: 400049 | Failed: 0 | Latencies: 400049
I1102 19:06:41.448069 Main     stress_common.cpp:30] [T+3s] Sent: 600077 | Completed: 600065 | Failed: 0 | Latencies: 600065
I1102 19:06:42.451482 Main     stress_common.cpp:30] [T+4s] Sent: 800068 | Completed: 800052 | Failed: 0 | Latencies: 800052
I1102 19:06:43.453730 Main     stress_common.cpp:30] [T+5s] Sent: 995775 | Completed: 995775 | Failed: 0 | Latencies: 875000
I1102 19:06:43.453767 Main     stress_client.cpp:116] 
I1102 19:06:43.455141 Main     stress_common.cpp:42] ========================================
I1102 19:06:43.455151 Main     stress_common.cpp:43] === Stress Test Results ===
I1102 19:06:43.455157 Main     stress_common.cpp:44] ========================================
I1102 19:06:43.455163 Main     stress_common.cpp:45] Transport:         Machnet
I1102 19:06:43.455169 Main     stress_common.cpp:46] Connections:       1
I1102 19:06:43.455174 Main     stress_common.cpp:47] Duration:          5.02 seconds
I1102 19:06:43.455184 Main     stress_common.cpp:48] Total Sent:        995775
I1102 19:06:43.455189 Main     stress_common.cpp:49] Total Completed:   995775 (100.00%)
I1102 19:06:43.455195 Main     stress_common.cpp:52] Total Failed:      0 (0.00%)
I1102 19:06:43.455202 Main     stress_common.cpp:55] 
I1102 19:06:43.455207 Main     stress_common.cpp:56] Throughput:        198533.1 rps
I1102 19:06:43.455213 Main     stress_common.cpp:57] 
I1102 19:06:43.536467 Main     stress_common.cpp:71] Latency (us):
I1102 19:06:43.536475 Main     stress_common.cpp:72]   Min:    27
I1102 19:06:43.536478 Main     stress_common.cpp:73]   p50:    64
I1102 19:06:43.536480 Main     stress_common.cpp:74]   p90:    115
I1102 19:06:43.536482 Main     stress_common.cpp:75]   p99:    4901
I1102 19:06:43.536485 Main     stress_common.cpp:76]   p99.9:  5510
I1102 19:06:43.536487 Main     stress_common.cpp:77]   Max:    5819
I1102 19:06:43.536490 Main     stress_common.cpp:82] ========================================
I1102 19:06:43.536493 Main     server_base.cpp:35] Server: Scheduled to stop
I1102 19:06:43.536636 Server/E server_base.cpp:109] Server: Start stopping process
[Loop Thread 125230859155136] Machnet event-loop thread finished
I1102 19:06:43.536780 Server/E server_base.cpp:55] Server: Event loop finishes
I1102 19:06:43.536859 Main     server_base.cpp:46] Server: Stopped

Cleaning up any remaining remote stress_client processes...

Logs saved to:
  Engine:   /users/vj2267/nightcore/benchmarks/outputs/engine.log
  Launcher: /users/vj2267/nightcore/benchmarks/outputs/launcher.log
  Workers:  /users/vj2267/nightcore/benchmarks/outputs/Echo_worker_*.stdout
