I1102 17:53:27.796049 Main     thread.cpp:100] Register main thread: tid=1366937
E1102 17:53:27.796289 Main     docker.cpp:59] Cannot find docker's cgroup in /proc/self/cgroup
I1102 17:53:27.796345 Main     func_config.cpp:135] Load configuration for function Noop[1]
I1102 17:53:27.796356 Main     engine.cpp:109] Engine: Start 1 IO workers
I1102 17:53:27.799589 IO-0/EL  thread.cpp:40] Start thread: IO-0/EL
I1102 17:53:27.799637 IO-0/EL  io_worker.cpp:192] IO-0: Event loop starts
Checking for file descriptor...
Got a file descriptor!
I1102 17:53:29.350220 Main     engine.cpp:180] Engine: Created 1 Machnet connections to Gateway at 10.10.1.2:10007
I1102 17:53:29.350378 Main     engine.cpp:208] Engine: Listen on /dev/shm/faas_ipc/engine.sock for IPC connections
I1102 17:53:29.350760 Server/E thread.cpp:40] Start thread: Server/EL
I1102 17:53:29.350901 Server/E server_base.cpp:50] Server: Event loop starts
I1102 17:53:29.800013 Server/E engine.cpp:674] Engine: New message connection
I1102 17:53:29.803285 IO-0/EL  buffer_pool.h:25] BufferPool[IO-0_Read]: Allocate new buffer, current buffer count is 1
I1102 17:53:29.803321 IO-0/EL  engine.cpp:277] Engine: Receive new handshake message from message connection
I1102 17:53:29.803329 IO-0/EL  worker_manager.cpp:23] WorkerManager: Launcher of func_id 1 connected
I1102 17:53:29.803333 IO-0/EL  worker_manager.cpp:131] WorkerManager: Request new FuncWorker for func_id 1 with client_id 1
I1102 17:53:29.803356 IO-0/EL  worker_manager.cpp:131] WorkerManager: Request new FuncWorker for func_id 1 with client_id 2
I1102 17:53:29.803383 IO-0/EL  buffer_pool.h:25] BufferPool[IO-0_Write]: Allocate new buffer, current buffer count is 1
I1102 17:53:29.803392 IO-0/EL  message_connection.cpp:269] LauncherConnection[1]: Handshake done
I1102 17:53:29.808393 Server/E engine.cpp:674] Engine: New message connection
I1102 17:53:29.808428 IO-0/EL  engine.cpp:277] Engine: Receive new handshake message from message connection
I1102 17:53:29.808434 IO-0/EL  worker_manager.cpp:60] WorkerManager: FuncWorker of func_id 1, client_id 1 connected
I1102 17:53:29.808450 IO-0/EL  dispatcher.cpp:47] Dispatcher[1]: min_workers=2
I1102 17:53:29.808452 Server/E engine.cpp:674] Engine: New message connection
I1102 17:53:29.808454 IO-0/EL  dispatcher.cpp:51] Dispatcher[1]: max_workers=2
I1102 17:53:29.808481 IO-0/EL  message_connection.cpp:269] FuncWorkerConnection[1-1]: Handshake done
I1102 17:53:29.808496 IO-0/EL  engine.cpp:277] Engine: Receive new handshake message from message connection
I1102 17:53:29.808500 IO-0/EL  worker_manager.cpp:60] WorkerManager: FuncWorker of func_id 1, client_id 2 connected
I1102 17:53:29.808514 IO-0/EL  message_connection.cpp:269] FuncWorkerConnection[1-2]: Handshake done
I1102 17:53:32.418756 IO-0/EL  buffer_pool.h:25] BufferPool[IO-0_Write]: Allocate new buffer, current buffer count is 2
I1102 17:53:33.336489 IO-0/EL  buffer_pool.h:25] BufferPool[IO-0_Write]: Allocate new buffer, current buffer count is 3
I1102 17:53:37.461070 Main     server_base.cpp:35] Server: Scheduled to stop
I1102 17:53:37.461140 Server/E server_base.cpp:109] Server: Start stopping process
I1102 17:53:37.461210 IO-0/EL  io_worker.cpp:206] IO-0: Start stopping process
