$ /users/vj2267/nightcore/benchmarks/run_bench.sh --duration 5 --workers 8 --remote vj2267@sm110p-10s10615.wisc.cloudlab.us --remote_addr 10.10.1.2 --machnet --local_machnet_ip 10.10.1.1 --mode noop --target_rps 125000

=== Nightcore Stress Test (noop mode) ===
Mode: noop
Function: Noop
Workers: 8
Duration: 5 seconds
Target RPS (global): 125000
Input size: 64 bytes
Inflight limit per connection: 1
Engine IO workers: 1
Gateway conns per worker: 1
Warmup: 0 seconds
Stress Client: Remote (vj2267@sm110p-10s10615.wisc.cloudlab.us)
Engine Connection Address: 10.10.1.2 (explicit)
Transport: Machnet
  Remote Machnet IP: 10.10.1.2
  Local Machnet IP: 10.10.1.1

Cleaning up any existing stress_client on remote...
Starting stress_client on remote host vj2267@sm110p-10s10615.wisc.cloudlab.us...
  Remote SSH process PID: 1369591
  Output will be saved to: /users/vj2267/nightcore/benchmarks/outputs/stress_client_remote.txt
Waiting for remote stress_client to start...
I1102 18:04:45.185563 Main     thread.cpp:100] Register main thread: tid=1123432
I1102 18:04:45.185638 Main     stress_client.cpp:179] Using Machnet transport on 10.10.1.2:10007
I1102 18:04:45.185643 Main     stress_client_machnet.cpp:37] Starting Machnet event-loop thread...
[Loop Thread 125943142151872] Machnet event-loop thread started
I1102 18:04:45.188860 Server/E thread.cpp:40] Start thread: Server/EL
I1102 18:04:45.188901 Server/E server_base.cpp:50] Server: Event loop starts
Checking for file descriptor...
Got a file descriptor!
I1102 18:04:45.688971 Main     stress_client.cpp:43] === Nightcore Stress Test ===
I1102 18:04:45.689005 Main     stress_client.cpp:44] Function ID: 1
I1102 18:04:45.689012 Main     stress_client.cpp:45] Method ID: 0
I1102 18:04:45.689017 Main     stress_client.cpp:46] Input size: 64 bytes
I1102 18:04:45.689022 Main     stress_client.cpp:47] Global target RPS: 125000
I1102 18:04:45.689027 Main     stress_client.cpp:50] Inflight limit per connection: 1
I1102 18:04:45.689032 Main     stress_client.cpp:51] Warmup: 0s, Duration: 5s
I1102 18:04:45.689037 Main     stress_client.cpp:53] 
I1102 18:04:45.689041 Main     stress_client.cpp:54] ========================================
I1102 18:04:45.689046 Main     stress_client.cpp:57] Waiting for Engine to connect...
Listening on Machnet 10.10.1.2:10007 for Engine connections[Loop Thread 125943142151872] Machnet listener created
Starting Engine (connecting to 10.10.1.2:10007)...
  Engine PID: 1369614
New Machnet connection created: 168427777:1024 -> 168427778:10007
[Receive Thread 125943142151872] Handshake: pinned send flow 168427778:10007 -> 168427777:1024
[Loop Thread 125943142151872] Now sending on flow 168427778:10007 -> 168427777:1024
I1102 18:04:49.392547 Main     stress_client.cpp:71] Engine connected with 1 connection(s)
I1102 18:04:49.392581 Main     stress_client.cpp:73] Global target RPS: 125000
I1102 18:04:49.392588 Main     stress_client.cpp:76] 
I1102 18:04:49.392593 Main     stress_client.cpp:79] Waiting 3 seconds for workers to initialize...
Starting Launcher with 8 workers...
All components started. Stress test will begin after warmup...

I1102 18:04:53.399519 Main     stress_common.cpp:30] [T+1s] Sent: 124997 | Completed: 124993 | Failed: 0 | Latencies: 124993
I1102 18:04:54.402396 Main     stress_common.cpp:30] [T+2s] Sent: 250032 | Completed: 250029 | Failed: 0 | Latencies: 250029
I1102 18:04:55.404214 Main     stress_common.cpp:30] [T+3s] Sent: 375030 | Completed: 375026 | Failed: 0 | Latencies: 375026
I1102 18:04:56.406236 Main     stress_common.cpp:30] [T+4s] Sent: 500035 | Completed: 500032 | Failed: 0 | Latencies: 500032
I1102 18:04:57.408500 Main     stress_common.cpp:30] [T+5s] Sent: 623320 | Completed: 623320 | Failed: 0 | Latencies: 623320
I1102 18:04:57.408535 Main     stress_client.cpp:116] 
I1102 18:04:57.409487 Main     stress_common.cpp:42] ========================================
I1102 18:04:57.409496 Main     stress_common.cpp:43] === Stress Test Results ===
I1102 18:04:57.409501 Main     stress_common.cpp:44] ========================================
I1102 18:04:57.409505 Main     stress_common.cpp:45] Transport:         Machnet
I1102 18:04:57.409511 Main     stress_common.cpp:46] Connections:       1
I1102 18:04:57.409516 Main     stress_common.cpp:47] Duration:          5.01 seconds
I1102 18:04:57.409526 Main     stress_common.cpp:48] Total Sent:        623320
I1102 18:04:57.409531 Main     stress_common.cpp:49] Total Completed:   623320 (100.00%)
I1102 18:04:57.409537 Main     stress_common.cpp:52] Total Failed:      0 (0.00%)
I1102 18:04:57.409543 Main     stress_common.cpp:55] 
I1102 18:04:57.409548 Main     stress_common.cpp:56] Throughput:        124405.9 rps
I1102 18:04:57.409554 Main     stress_common.cpp:57] 
I1102 18:04:57.459974 Main     stress_common.cpp:71] Latency (us):
I1102 18:04:57.459985 Main     stress_common.cpp:72]   Min:    17
I1102 18:04:57.459990 Main     stress_common.cpp:73]   p50:    29
I1102 18:04:57.459994 Main     stress_common.cpp:74]   p90:    30
I1102 18:04:57.459998 Main     stress_common.cpp:75]   p99:    40
I1102 18:04:57.460001 Main     stress_common.cpp:76]   p99.9:  711
I1102 18:04:57.460004 Main     stress_common.cpp:77]   Max:    2662
I1102 18:04:57.460007 Main     stress_common.cpp:82] ========================================
I1102 18:04:57.460011 Main     server_base.cpp:35] Server: Scheduled to stop
I1102 18:04:57.460152 Server/E server_base.cpp:109] Server: Start stopping process
[Loop Thread 125943142151872] Machnet event-loop thread finished
I1102 18:04:57.460273 Server/E server_base.cpp:55] Server: Event loop finishes
I1102 18:04:57.460388 Main     server_base.cpp:46] Server: Stopped

Stress test completed. Shutting down...

Copying results from remote host...
Remote stress_client output:
I1102 18:04:45.185563 Main     thread.cpp:100] Register main thread: tid=1123432
I1102 18:04:45.185638 Main     stress_client.cpp:179] Using Machnet transport on 10.10.1.2:10007
I1102 18:04:45.185643 Main     stress_client_machnet.cpp:37] Starting Machnet event-loop thread...
[Loop Thread 125943142151872] Machnet event-loop thread started
I1102 18:04:45.188860 Server/E thread.cpp:40] Start thread: Server/EL
I1102 18:04:45.188901 Server/E server_base.cpp:50] Server: Event loop starts
Checking for file descriptor...
Got a file descriptor!
I1102 18:04:45.688971 Main     stress_client.cpp:43] === Nightcore Stress Test ===
I1102 18:04:45.689005 Main     stress_client.cpp:44] Function ID: 1
I1102 18:04:45.689012 Main     stress_client.cpp:45] Method ID: 0
I1102 18:04:45.689017 Main     stress_client.cpp:46] Input size: 64 bytes
I1102 18:04:45.689022 Main     stress_client.cpp:47] Global target RPS: 125000
I1102 18:04:45.689027 Main     stress_client.cpp:50] Inflight limit per connection: 1
I1102 18:04:45.689032 Main     stress_client.cpp:51] Warmup: 0s, Duration: 5s
I1102 18:04:45.689037 Main     stress_client.cpp:53] 
I1102 18:04:45.689041 Main     stress_client.cpp:54] ========================================
I1102 18:04:45.689046 Main     stress_client.cpp:57] Waiting for Engine to connect...
Listening on Machnet 10.10.1.2:10007 for Engine connections[Loop Thread 125943142151872] Machnet listener created
New Machnet connection created: 168427777:1024 -> 168427778:10007
[Receive Thread 125943142151872] Handshake: pinned send flow 168427778:10007 -> 168427777:1024
[Loop Thread 125943142151872] Now sending on flow 168427778:10007 -> 168427777:1024
I1102 18:04:49.392547 Main     stress_client.cpp:71] Engine connected with 1 connection(s)
I1102 18:04:49.392581 Main     stress_client.cpp:73] Global target RPS: 125000
I1102 18:04:49.392588 Main     stress_client.cpp:76] 
I1102 18:04:49.392593 Main     stress_client.cpp:79] Waiting 3 seconds for workers to initialize...
I1102 18:04:53.399519 Main     stress_common.cpp:30] [T+1s] Sent: 124997 | Completed: 124993 | Failed: 0 | Latencies: 124993
I1102 18:04:54.402396 Main     stress_common.cpp:30] [T+2s] Sent: 250032 | Completed: 250029 | Failed: 0 | Latencies: 250029
I1102 18:04:55.404214 Main     stress_common.cpp:30] [T+3s] Sent: 375030 | Completed: 375026 | Failed: 0 | Latencies: 375026
I1102 18:04:56.406236 Main     stress_common.cpp:30] [T+4s] Sent: 500035 | Completed: 500032 | Failed: 0 | Latencies: 500032
I1102 18:04:57.408500 Main     stress_common.cpp:30] [T+5s] Sent: 623320 | Completed: 623320 | Failed: 0 | Latencies: 623320
I1102 18:04:57.408535 Main     stress_client.cpp:116] 
I1102 18:04:57.409487 Main     stress_common.cpp:42] ========================================
I1102 18:04:57.409496 Main     stress_common.cpp:43] === Stress Test Results ===
I1102 18:04:57.409501 Main     stress_common.cpp:44] ========================================
I1102 18:04:57.409505 Main     stress_common.cpp:45] Transport:         Machnet
I1102 18:04:57.409511 Main     stress_common.cpp:46] Connections:       1
I1102 18:04:57.409516 Main     stress_common.cpp:47] Duration:          5.01 seconds
I1102 18:04:57.409526 Main     stress_common.cpp:48] Total Sent:        623320
I1102 18:04:57.409531 Main     stress_common.cpp:49] Total Completed:   623320 (100.00%)
I1102 18:04:57.409537 Main     stress_common.cpp:52] Total Failed:      0 (0.00%)
I1102 18:04:57.409543 Main     stress_common.cpp:55] 
I1102 18:04:57.409548 Main     stress_common.cpp:56] Throughput:        124405.9 rps
I1102 18:04:57.409554 Main     stress_common.cpp:57] 
I1102 18:04:57.459974 Main     stress_common.cpp:71] Latency (us):
I1102 18:04:57.459985 Main     stress_common.cpp:72]   Min:    17
I1102 18:04:57.459990 Main     stress_common.cpp:73]   p50:    29
I1102 18:04:57.459994 Main     stress_common.cpp:74]   p90:    30
I1102 18:04:57.459998 Main     stress_common.cpp:75]   p99:    40
I1102 18:04:57.460001 Main     stress_common.cpp:76]   p99.9:  711
I1102 18:04:57.460004 Main     stress_common.cpp:77]   Max:    2662
I1102 18:04:57.460007 Main     stress_common.cpp:82] ========================================
I1102 18:04:57.460011 Main     server_base.cpp:35] Server: Scheduled to stop
I1102 18:04:57.460152 Server/E server_base.cpp:109] Server: Start stopping process
[Loop Thread 125943142151872] Machnet event-loop thread finished
I1102 18:04:57.460273 Server/E server_base.cpp:55] Server: Event loop finishes
I1102 18:04:57.460388 Main     server_base.cpp:46] Server: Stopped

Cleaning up any remaining remote stress_client processes...

Logs saved to:
  Engine:   /users/vj2267/nightcore/benchmarks/outputs/engine.log
  Launcher: /users/vj2267/nightcore/benchmarks/outputs/launcher.log
  Workers:  /users/vj2267/nightcore/benchmarks/outputs/Noop_worker_*.stdout
