I1102 18:24:03.880406 Main     thread.cpp:100] Register main thread: tid=1376774
E1102 18:24:03.881564 Main     docker.cpp:59] Cannot find docker's cgroup in /proc/self/cgroup
I1102 18:24:03.881622 Main     func_config.cpp:135] Load configuration for function Noop[1]
I1102 18:24:03.881633 Main     engine.cpp:109] Engine: Start 1 IO workers
I1102 18:24:03.884921 IO-0/EL  thread.cpp:40] Start thread: IO-0/EL
I1102 18:24:03.884972 IO-0/EL  io_worker.cpp:192] IO-0: Event loop starts
Checking for file descriptor...
Got a file descriptor!
I1102 18:24:05.356801 Main     engine.cpp:180] Engine: Created 1 Machnet connections to Gateway at 10.10.1.2:10007
I1102 18:24:05.356918 Main     engine.cpp:208] Engine: Listen on /dev/shm/faas_ipc/engine.sock for IPC connections
I1102 18:24:05.357092 Server/E thread.cpp:40] Start thread: Server/EL
I1102 18:24:05.357208 Server/E server_base.cpp:50] Server: Event loop starts
I1102 18:24:05.884348 Server/E engine.cpp:674] Engine: New message connection
I1102 18:24:05.887685 IO-0/EL  buffer_pool.h:25] BufferPool[IO-0_Read]: Allocate new buffer, current buffer count is 1
I1102 18:24:05.887715 IO-0/EL  engine.cpp:277] Engine: Receive new handshake message from message connection
I1102 18:24:05.887719 IO-0/EL  worker_manager.cpp:23] WorkerManager: Launcher of func_id 1 connected
I1102 18:24:05.887723 IO-0/EL  worker_manager.cpp:131] WorkerManager: Request new FuncWorker for func_id 1 with client_id 1
I1102 18:24:05.887739 IO-0/EL  worker_manager.cpp:131] WorkerManager: Request new FuncWorker for func_id 1 with client_id 2
I1102 18:24:05.887748 IO-0/EL  worker_manager.cpp:131] WorkerManager: Request new FuncWorker for func_id 1 with client_id 3
I1102 18:24:05.887755 IO-0/EL  worker_manager.cpp:131] WorkerManager: Request new FuncWorker for func_id 1 with client_id 4
I1102 18:24:05.887761 IO-0/EL  worker_manager.cpp:131] WorkerManager: Request new FuncWorker for func_id 1 with client_id 5
I1102 18:24:05.887768 IO-0/EL  worker_manager.cpp:131] WorkerManager: Request new FuncWorker for func_id 1 with client_id 6
I1102 18:24:05.887776 IO-0/EL  worker_manager.cpp:131] WorkerManager: Request new FuncWorker for func_id 1 with client_id 7
I1102 18:24:05.887783 IO-0/EL  worker_manager.cpp:131] WorkerManager: Request new FuncWorker for func_id 1 with client_id 8
I1102 18:24:05.887792 IO-0/EL  worker_manager.cpp:131] WorkerManager: Request new FuncWorker for func_id 1 with client_id 9
I1102 18:24:05.887799 IO-0/EL  worker_manager.cpp:131] WorkerManager: Request new FuncWorker for func_id 1 with client_id 10
I1102 18:24:05.887807 IO-0/EL  worker_manager.cpp:131] WorkerManager: Request new FuncWorker for func_id 1 with client_id 11
I1102 18:24:05.887814 IO-0/EL  worker_manager.cpp:131] WorkerManager: Request new FuncWorker for func_id 1 with client_id 12
I1102 18:24:05.887823 IO-0/EL  worker_manager.cpp:131] WorkerManager: Request new FuncWorker for func_id 1 with client_id 13
I1102 18:24:05.887829 IO-0/EL  worker_manager.cpp:131] WorkerManager: Request new FuncWorker for func_id 1 with client_id 14
I1102 18:24:05.887837 IO-0/EL  worker_manager.cpp:131] WorkerManager: Request new FuncWorker for func_id 1 with client_id 15
I1102 18:24:05.887845 IO-0/EL  worker_manager.cpp:131] WorkerManager: Request new FuncWorker for func_id 1 with client_id 16
I1102 18:24:05.887852 IO-0/EL  worker_manager.cpp:131] WorkerManager: Request new FuncWorker for func_id 1 with client_id 17
I1102 18:24:05.887868 IO-0/EL  worker_manager.cpp:131] WorkerManager: Request new FuncWorker for func_id 1 with client_id 18
I1102 18:24:05.887875 IO-0/EL  worker_manager.cpp:131] WorkerManager: Request new FuncWorker for func_id 1 with client_id 19
I1102 18:24:05.887884 IO-0/EL  worker_manager.cpp:131] WorkerManager: Request new FuncWorker for func_id 1 with client_id 20
I1102 18:24:05.887892 IO-0/EL  worker_manager.cpp:131] WorkerManager: Request new FuncWorker for func_id 1 with client_id 21
I1102 18:24:05.887900 IO-0/EL  worker_manager.cpp:131] WorkerManager: Request new FuncWorker for func_id 1 with client_id 22
I1102 18:24:05.887907 IO-0/EL  worker_manager.cpp:131] WorkerManager: Request new FuncWorker for func_id 1 with client_id 23
I1102 18:24:05.887928 IO-0/EL  worker_manager.cpp:131] WorkerManager: Request new FuncWorker for func_id 1 with client_id 24
I1102 18:24:05.887936 IO-0/EL  worker_manager.cpp:131] WorkerManager: Request new FuncWorker for func_id 1 with client_id 25
I1102 18:24:05.887944 IO-0/EL  worker_manager.cpp:131] WorkerManager: Request new FuncWorker for func_id 1 with client_id 26
I1102 18:24:05.887950 IO-0/EL  worker_manager.cpp:131] WorkerManager: Request new FuncWorker for func_id 1 with client_id 27
I1102 18:24:05.887959 IO-0/EL  worker_manager.cpp:131] WorkerManager: Request new FuncWorker for func_id 1 with client_id 28
I1102 18:24:05.887966 IO-0/EL  worker_manager.cpp:131] WorkerManager: Request new FuncWorker for func_id 1 with client_id 29
I1102 18:24:05.887973 IO-0/EL  worker_manager.cpp:131] WorkerManager: Request new FuncWorker for func_id 1 with client_id 30
I1102 18:24:05.887981 IO-0/EL  worker_manager.cpp:131] WorkerManager: Request new FuncWorker for func_id 1 with client_id 31
I1102 18:24:05.887988 IO-0/EL  worker_manager.cpp:131] WorkerManager: Request new FuncWorker for func_id 1 with client_id 32
I1102 18:24:05.887995 IO-0/EL  worker_manager.cpp:131] WorkerManager: Request new FuncWorker for func_id 1 with client_id 33
I1102 18:24:05.888020 IO-0/EL  worker_manager.cpp:131] WorkerManager: Request new FuncWorker for func_id 1 with client_id 34
I1102 18:24:05.888027 IO-0/EL  worker_manager.cpp:131] WorkerManager: Request new FuncWorker for func_id 1 with client_id 35
I1102 18:24:05.888036 IO-0/EL  worker_manager.cpp:131] WorkerManager: Request new FuncWorker for func_id 1 with client_id 36
I1102 18:24:05.888043 IO-0/EL  worker_manager.cpp:131] WorkerManager: Request new FuncWorker for func_id 1 with client_id 37
I1102 18:24:05.888049 IO-0/EL  worker_manager.cpp:131] WorkerManager: Request new FuncWorker for func_id 1 with client_id 38
I1102 18:24:05.888057 IO-0/EL  worker_manager.cpp:131] WorkerManager: Request new FuncWorker for func_id 1 with client_id 39
I1102 18:24:05.888065 IO-0/EL  worker_manager.cpp:131] WorkerManager: Request new FuncWorker for func_id 1 with client_id 40
I1102 18:24:05.888071 IO-0/EL  worker_manager.cpp:131] WorkerManager: Request new FuncWorker for func_id 1 with client_id 41
I1102 18:24:05.888078 IO-0/EL  worker_manager.cpp:131] WorkerManager: Request new FuncWorker for func_id 1 with client_id 42
I1102 18:24:05.888087 IO-0/EL  worker_manager.cpp:131] WorkerManager: Request new FuncWorker for func_id 1 with client_id 43
I1102 18:24:05.888096 IO-0/EL  worker_manager.cpp:131] WorkerManager: Request new FuncWorker for func_id 1 with client_id 44
I1102 18:24:05.888103 IO-0/EL  worker_manager.cpp:131] WorkerManager: Request new FuncWorker for func_id 1 with client_id 45
I1102 18:24:05.888111 IO-0/EL  worker_manager.cpp:131] WorkerManager: Request new FuncWorker for func_id 1 with client_id 46
I1102 18:24:05.888118 IO-0/EL  worker_manager.cpp:131] WorkerManager: Request new FuncWorker for func_id 1 with client_id 47
I1102 18:24:05.888126 IO-0/EL  worker_manager.cpp:131] WorkerManager: Request new FuncWorker for func_id 1 with client_id 48
I1102 18:24:05.888133 IO-0/EL  worker_manager.cpp:131] WorkerManager: Request new FuncWorker for func_id 1 with client_id 49
I1102 18:24:05.888140 IO-0/EL  worker_manager.cpp:131] WorkerManager: Request new FuncWorker for func_id 1 with client_id 50
I1102 18:24:05.888147 IO-0/EL  worker_manager.cpp:131] WorkerManager: Request new FuncWorker for func_id 1 with client_id 51
I1102 18:24:05.888156 IO-0/EL  worker_manager.cpp:131] WorkerManager: Request new FuncWorker for func_id 1 with client_id 52
I1102 18:24:05.888163 IO-0/EL  worker_manager.cpp:131] WorkerManager: Request new FuncWorker for func_id 1 with client_id 53
I1102 18:24:05.888170 IO-0/EL  worker_manager.cpp:131] WorkerManager: Request new FuncWorker for func_id 1 with client_id 54
I1102 18:24:05.888177 IO-0/EL  worker_manager.cpp:131] WorkerManager: Request new FuncWorker for func_id 1 with client_id 55
I1102 18:24:05.888185 IO-0/EL  worker_manager.cpp:131] WorkerManager: Request new FuncWorker for func_id 1 with client_id 56
I1102 18:24:05.888197 IO-0/EL  worker_manager.cpp:131] WorkerManager: Request new FuncWorker for func_id 1 with client_id 57
I1102 18:24:05.888204 IO-0/EL  worker_manager.cpp:131] WorkerManager: Request new FuncWorker for func_id 1 with client_id 58
I1102 18:24:05.888211 IO-0/EL  worker_manager.cpp:131] WorkerManager: Request new FuncWorker for func_id 1 with client_id 59
I1102 18:24:05.888219 IO-0/EL  worker_manager.cpp:131] WorkerManager: Request new FuncWorker for func_id 1 with client_id 60
I1102 18:24:05.888227 IO-0/EL  worker_manager.cpp:131] WorkerManager: Request new FuncWorker for func_id 1 with client_id 61
I1102 18:24:05.888234 IO-0/EL  worker_manager.cpp:131] WorkerManager: Request new FuncWorker for func_id 1 with client_id 62
I1102 18:24:05.888240 IO-0/EL  worker_manager.cpp:131] WorkerManager: Request new FuncWorker for func_id 1 with client_id 63
I1102 18:24:05.888246 IO-0/EL  worker_manager.cpp:131] WorkerManager: Request new FuncWorker for func_id 1 with client_id 64
I1102 18:24:05.888253 IO-0/EL  worker_manager.cpp:131] WorkerManager: Request new FuncWorker for func_id 1 with client_id 65
I1102 18:24:05.888291 IO-0/EL  worker_manager.cpp:131] WorkerManager: Request new FuncWorker for func_id 1 with client_id 66
I1102 18:24:05.888299 IO-0/EL  worker_manager.cpp:131] WorkerManager: Request new FuncWorker for func_id 1 with client_id 67
I1102 18:24:05.888306 IO-0/EL  worker_manager.cpp:131] WorkerManager: Request new FuncWorker for func_id 1 with client_id 68
I1102 18:24:05.888316 IO-0/EL  worker_manager.cpp:131] WorkerManager: Request new FuncWorker for func_id 1 with client_id 69
I1102 18:24:05.888323 IO-0/EL  worker_manager.cpp:131] WorkerManager: Request new FuncWorker for func_id 1 with client_id 70
I1102 18:24:05.888330 IO-0/EL  worker_manager.cpp:131] WorkerManager: Request new FuncWorker for func_id 1 with client_id 71
I1102 18:24:05.888337 IO-0/EL  worker_manager.cpp:131] WorkerManager: Request new FuncWorker for func_id 1 with client_id 72
I1102 18:24:05.888347 IO-0/EL  worker_manager.cpp:131] WorkerManager: Request new FuncWorker for func_id 1 with client_id 73
I1102 18:24:05.888354 IO-0/EL  worker_manager.cpp:131] WorkerManager: Request new FuncWorker for func_id 1 with client_id 74
I1102 18:24:05.888361 IO-0/EL  worker_manager.cpp:131] WorkerManager: Request new FuncWorker for func_id 1 with client_id 75
I1102 18:24:05.888370 IO-0/EL  worker_manager.cpp:131] WorkerManager: Request new FuncWorker for func_id 1 with client_id 76
I1102 18:24:05.888379 IO-0/EL  worker_manager.cpp:131] WorkerManager: Request new FuncWorker for func_id 1 with client_id 77
I1102 18:24:05.888386 IO-0/EL  worker_manager.cpp:131] WorkerManager: Request new FuncWorker for func_id 1 with client_id 78
I1102 18:24:05.888393 IO-0/EL  worker_manager.cpp:131] WorkerManager: Request new FuncWorker for func_id 1 with client_id 79
I1102 18:24:05.888400 IO-0/EL  worker_manager.cpp:131] WorkerManager: Request new FuncWorker for func_id 1 with client_id 80
I1102 18:24:05.888410 IO-0/EL  worker_manager.cpp:131] WorkerManager: Request new FuncWorker for func_id 1 with client_id 81
I1102 18:24:05.888417 IO-0/EL  worker_manager.cpp:131] WorkerManager: Request new FuncWorker for func_id 1 with client_id 82
I1102 18:24:05.888424 IO-0/EL  worker_manager.cpp:131] WorkerManager: Request new FuncWorker for func_id 1 with client_id 83
I1102 18:24:05.888432 IO-0/EL  worker_manager.cpp:131] WorkerManager: Request new FuncWorker for func_id 1 with client_id 84
I1102 18:24:05.888441 IO-0/EL  worker_manager.cpp:131] WorkerManager: Request new FuncWorker for func_id 1 with client_id 85
I1102 18:24:05.888448 IO-0/EL  worker_manager.cpp:131] WorkerManager: Request new FuncWorker for func_id 1 with client_id 86
I1102 18:24:05.888455 IO-0/EL  worker_manager.cpp:131] WorkerManager: Request new FuncWorker for func_id 1 with client_id 87
I1102 18:24:05.888463 IO-0/EL  worker_manager.cpp:131] WorkerManager: Request new FuncWorker for func_id 1 with client_id 88
I1102 18:24:05.888476 IO-0/EL  worker_manager.cpp:131] WorkerManager: Request new FuncWorker for func_id 1 with client_id 89
I1102 18:24:05.888483 IO-0/EL  worker_manager.cpp:131] WorkerManager: Request new FuncWorker for func_id 1 with client_id 90
I1102 18:24:05.888492 IO-0/EL  worker_manager.cpp:131] WorkerManager: Request new FuncWorker for func_id 1 with client_id 91
I1102 18:24:05.888499 IO-0/EL  worker_manager.cpp:131] WorkerManager: Request new FuncWorker for func_id 1 with client_id 92
I1102 18:24:05.888507 IO-0/EL  worker_manager.cpp:131] WorkerManager: Request new FuncWorker for func_id 1 with client_id 93
I1102 18:24:05.888515 IO-0/EL  worker_manager.cpp:131] WorkerManager: Request new FuncWorker for func_id 1 with client_id 94
I1102 18:24:05.888522 IO-0/EL  worker_manager.cpp:131] WorkerManager: Request new FuncWorker for func_id 1 with client_id 95
I1102 18:24:05.888530 IO-0/EL  worker_manager.cpp:131] WorkerManager: Request new FuncWorker for func_id 1 with client_id 96
I1102 18:24:05.888538 IO-0/EL  worker_manager.cpp:131] WorkerManager: Request new FuncWorker for func_id 1 with client_id 97
I1102 18:24:05.888546 IO-0/EL  worker_manager.cpp:131] WorkerManager: Request new FuncWorker for func_id 1 with client_id 98
I1102 18:24:05.888554 IO-0/EL  worker_manager.cpp:131] WorkerManager: Request new FuncWorker for func_id 1 with client_id 99
I1102 18:24:05.888561 IO-0/EL  worker_manager.cpp:131] WorkerManager: Request new FuncWorker for func_id 1 with client_id 100
I1102 18:24:05.888570 IO-0/EL  worker_manager.cpp:131] WorkerManager: Request new FuncWorker for func_id 1 with client_id 101
I1102 18:24:05.888577 IO-0/EL  worker_manager.cpp:131] WorkerManager: Request new FuncWorker for func_id 1 with client_id 102
I1102 18:24:05.888586 IO-0/EL  worker_manager.cpp:131] WorkerManager: Request new FuncWorker for func_id 1 with client_id 103
I1102 18:24:05.888593 IO-0/EL  worker_manager.cpp:131] WorkerManager: Request new FuncWorker for func_id 1 with client_id 104
I1102 18:24:05.888601 IO-0/EL  worker_manager.cpp:131] WorkerManager: Request new FuncWorker for func_id 1 with client_id 105
I1102 18:24:05.888609 IO-0/EL  worker_manager.cpp:131] WorkerManager: Request new FuncWorker for func_id 1 with client_id 106
I1102 18:24:05.888616 IO-0/EL  worker_manager.cpp:131] WorkerManager: Request new FuncWorker for func_id 1 with client_id 107
I1102 18:24:05.888623 IO-0/EL  worker_manager.cpp:131] WorkerManager: Request new FuncWorker for func_id 1 with client_id 108
I1102 18:24:05.888631 IO-0/EL  worker_manager.cpp:131] WorkerManager: Request new FuncWorker for func_id 1 with client_id 109
I1102 18:24:05.888638 IO-0/EL  worker_manager.cpp:131] WorkerManager: Request new FuncWorker for func_id 1 with client_id 110
I1102 18:24:05.888646 IO-0/EL  worker_manager.cpp:131] WorkerManager: Request new FuncWorker for func_id 1 with client_id 111
I1102 18:24:05.888654 IO-0/EL  worker_manager.cpp:131] WorkerManager: Request new FuncWorker for func_id 1 with client_id 112
I1102 18:24:05.888663 IO-0/EL  worker_manager.cpp:131] WorkerManager: Request new FuncWorker for func_id 1 with client_id 113
I1102 18:24:05.888671 IO-0/EL  worker_manager.cpp:131] WorkerManager: Request new FuncWorker for func_id 1 with client_id 114
I1102 18:24:05.888678 IO-0/EL  worker_manager.cpp:131] WorkerManager: Request new FuncWorker for func_id 1 with client_id 115
I1102 18:24:05.888685 IO-0/EL  worker_manager.cpp:131] WorkerManager: Request new FuncWorker for func_id 1 with client_id 116
I1102 18:24:05.888693 IO-0/EL  worker_manager.cpp:131] WorkerManager: Request new FuncWorker for func_id 1 with client_id 117
I1102 18:24:05.888701 IO-0/EL  worker_manager.cpp:131] WorkerManager: Request new FuncWorker for func_id 1 with client_id 118
I1102 18:24:05.888713 IO-0/EL  worker_manager.cpp:131] WorkerManager: Request new FuncWorker for func_id 1 with client_id 119
I1102 18:24:05.888722 IO-0/EL  worker_manager.cpp:131] WorkerManager: Request new FuncWorker for func_id 1 with client_id 120
I1102 18:24:05.888735 IO-0/EL  worker_manager.cpp:131] WorkerManager: Request new FuncWorker for func_id 1 with client_id 121
I1102 18:24:05.888746 IO-0/EL  worker_manager.cpp:131] WorkerManager: Request new FuncWorker for func_id 1 with client_id 122
I1102 18:24:05.888753 IO-0/EL  worker_manager.cpp:131] WorkerManager: Request new FuncWorker for func_id 1 with client_id 123
I1102 18:24:05.888759 IO-0/EL  worker_manager.cpp:131] WorkerManager: Request new FuncWorker for func_id 1 with client_id 124
I1102 18:24:05.888769 IO-0/EL  worker_manager.cpp:131] WorkerManager: Request new FuncWorker for func_id 1 with client_id 125
I1102 18:24:05.888777 IO-0/EL  worker_manager.cpp:131] WorkerManager: Request new FuncWorker for func_id 1 with client_id 126
I1102 18:24:05.888784 IO-0/EL  worker_manager.cpp:131] WorkerManager: Request new FuncWorker for func_id 1 with client_id 127
I1102 18:24:05.888792 IO-0/EL  worker_manager.cpp:131] WorkerManager: Request new FuncWorker for func_id 1 with client_id 128
I1102 18:24:05.888877 IO-0/EL  buffer_pool.h:25] BufferPool[IO-0_Write]: Allocate new buffer, current buffer count is 1
I1102 18:24:05.888905 IO-0/EL  buffer_pool.h:25] BufferPool[IO-0_Write]: Allocate new buffer, current buffer count is 2
I1102 18:24:05.888929 IO-0/EL  message_connection.cpp:269] LauncherConnection[1]: Handshake done
I1102 18:24:05.893509 Server/E engine.cpp:674] Engine: New message connection
I1102 18:24:05.893541 IO-0/EL  engine.cpp:277] Engine: Receive new handshake message from message connection
I1102 18:24:05.893546 IO-0/EL  worker_manager.cpp:60] WorkerManager: FuncWorker of func_id 1, client_id 1 connected
I1102 18:24:05.893555 IO-0/EL  dispatcher.cpp:47] Dispatcher[1]: min_workers=128
I1102 18:24:05.893558 IO-0/EL  dispatcher.cpp:51] Dispatcher[1]: max_workers=128
I1102 18:24:05.893576 IO-0/EL  message_connection.cpp:269] FuncWorkerConnection[1-1]: Handshake done
I1102 18:24:05.894217 Server/E engine.cpp:674] Engine: New message connection
I1102 18:24:05.894240 IO-0/EL  engine.cpp:277] Engine: Receive new handshake message from message connection
I1102 18:24:05.894244 IO-0/EL  worker_manager.cpp:60] WorkerManager: FuncWorker of func_id 1, client_id 3 connected
I1102 18:24:05.894257 IO-0/EL  message_connection.cpp:269] FuncWorkerConnection[1-3]: Handshake done
I1102 18:24:05.895735 Server/E engine.cpp:674] Engine: New message connection
I1102 18:24:05.895758 IO-0/EL  engine.cpp:277] Engine: Receive new handshake message from message connection
I1102 18:24:05.895762 IO-0/EL  worker_manager.cpp:60] WorkerManager: FuncWorker of func_id 1, client_id 5 connected
I1102 18:24:05.895773 IO-0/EL  message_connection.cpp:269] FuncWorkerConnection[1-5]: Handshake done
I1102 18:24:05.896074 Server/E engine.cpp:674] Engine: New message connection
I1102 18:24:05.896097 IO-0/EL  engine.cpp:277] Engine: Receive new handshake message from message connection
I1102 18:24:05.896101 IO-0/EL  worker_manager.cpp:60] WorkerManager: FuncWorker of func_id 1, client_id 2 connected
I1102 18:24:05.896112 IO-0/EL  message_connection.cpp:269] FuncWorkerConnection[1-2]: Handshake done
I1102 18:24:05.897034 Server/E engine.cpp:674] Engine: New message connection
I1102 18:24:05.897070 IO-0/EL  engine.cpp:277] Engine: Receive new handshake message from message connection
I1102 18:24:05.897074 IO-0/EL  worker_manager.cpp:60] WorkerManager: FuncWorker of func_id 1, client_id 4 connected
I1102 18:24:05.897086 IO-0/EL  message_connection.cpp:269] FuncWorkerConnection[1-4]: Handshake done
I1102 18:24:05.897628 Server/E engine.cpp:674] Engine: New message connection
I1102 18:24:05.897680 IO-0/EL  engine.cpp:277] Engine: Receive new handshake message from message connection
I1102 18:24:05.897685 IO-0/EL  worker_manager.cpp:60] WorkerManager: FuncWorker of func_id 1, client_id 6 connected
I1102 18:24:05.897697 IO-0/EL  message_connection.cpp:269] FuncWorkerConnection[1-6]: Handshake done
I1102 18:24:05.898007 Server/E engine.cpp:674] Engine: New message connection
I1102 18:24:05.898049 IO-0/EL  engine.cpp:277] Engine: Receive new handshake message from message connection
I1102 18:24:05.898054 IO-0/EL  worker_manager.cpp:60] WorkerManager: FuncWorker of func_id 1, client_id 7 connected
I1102 18:24:05.898072 IO-0/EL  message_connection.cpp:269] FuncWorkerConnection[1-7]: Handshake done
I1102 18:24:05.899040 Server/E engine.cpp:674] Engine: New message connection
I1102 18:24:05.899077 IO-0/EL  engine.cpp:277] Engine: Receive new handshake message from message connection
I1102 18:24:05.899082 IO-0/EL  worker_manager.cpp:60] WorkerManager: FuncWorker of func_id 1, client_id 8 connected
I1102 18:24:05.899093 IO-0/EL  message_connection.cpp:269] FuncWorkerConnection[1-8]: Handshake done
I1102 18:24:05.899411 Server/E engine.cpp:674] Engine: New message connection
I1102 18:24:05.899438 IO-0/EL  engine.cpp:277] Engine: Receive new handshake message from message connection
I1102 18:24:05.899442 IO-0/EL  worker_manager.cpp:60] WorkerManager: FuncWorker of func_id 1, client_id 9 connected
I1102 18:24:05.899453 IO-0/EL  message_connection.cpp:269] FuncWorkerConnection[1-9]: Handshake done
I1102 18:24:05.900470 Server/E engine.cpp:674] Engine: New message connection
I1102 18:24:05.900512 IO-0/EL  engine.cpp:277] Engine: Receive new handshake message from message connection
I1102 18:24:05.900516 IO-0/EL  worker_manager.cpp:60] WorkerManager: FuncWorker of func_id 1, client_id 10 connected
I1102 18:24:05.900528 IO-0/EL  message_connection.cpp:269] FuncWorkerConnection[1-10]: Handshake done
I1102 18:24:05.901814 Server/E engine.cpp:674] Engine: New message connection
I1102 18:24:05.901865 IO-0/EL  engine.cpp:277] Engine: Receive new handshake message from message connection
I1102 18:24:05.901870 IO-0/EL  worker_manager.cpp:60] WorkerManager: FuncWorker of func_id 1, client_id 11 connected
I1102 18:24:05.901882 IO-0/EL  message_connection.cpp:269] FuncWorkerConnection[1-11]: Handshake done
I1102 18:24:05.902287 Server/E engine.cpp:674] Engine: New message connection
I1102 18:24:05.902335 IO-0/EL  engine.cpp:277] Engine: Receive new handshake message from message connection
I1102 18:24:05.902333 Server/E engine.cpp:674] Engine: New message connection
I1102 18:24:05.902339 IO-0/EL  worker_manager.cpp:60] WorkerManager: FuncWorker of func_id 1, client_id 12 connected
I1102 18:24:05.902373 IO-0/EL  message_connection.cpp:269] FuncWorkerConnection[1-12]: Handshake done
I1102 18:24:05.902390 IO-0/EL  engine.cpp:277] Engine: Receive new handshake message from message connection
I1102 18:24:05.902393 IO-0/EL  worker_manager.cpp:60] WorkerManager: FuncWorker of func_id 1, client_id 13 connected
I1102 18:24:05.902405 IO-0/EL  message_connection.cpp:269] FuncWorkerConnection[1-13]: Handshake done
I1102 18:24:05.902747 Server/E engine.cpp:674] Engine: New message connection
I1102 18:24:05.902798 IO-0/EL  engine.cpp:277] Engine: Receive new handshake message from message connection
I1102 18:24:05.902803 IO-0/EL  worker_manager.cpp:60] WorkerManager: FuncWorker of func_id 1, client_id 14 connected
I1102 18:24:05.902815 IO-0/EL  message_connection.cpp:269] FuncWorkerConnection[1-14]: Handshake done
I1102 18:24:05.903213 Server/E engine.cpp:674] Engine: New message connection
I1102 18:24:05.903261 IO-0/EL  engine.cpp:277] Engine: Receive new handshake message from message connection
I1102 18:24:05.903265 IO-0/EL  worker_manager.cpp:60] WorkerManager: FuncWorker of func_id 1, client_id 15 connected
I1102 18:24:05.903277 IO-0/EL  message_connection.cpp:269] FuncWorkerConnection[1-15]: Handshake done
I1102 18:24:05.903810 Server/E engine.cpp:674] Engine: New message connection
I1102 18:24:05.903844 IO-0/EL  engine.cpp:277] Engine: Receive new handshake message from message connection
I1102 18:24:05.903848 IO-0/EL  worker_manager.cpp:60] WorkerManager: FuncWorker of func_id 1, client_id 16 connected
I1102 18:24:05.903860 IO-0/EL  message_connection.cpp:269] FuncWorkerConnection[1-16]: Handshake done
I1102 18:24:05.904161 Server/E engine.cpp:674] Engine: New message connection
I1102 18:24:05.904183 IO-0/EL  engine.cpp:277] Engine: Receive new handshake message from message connection
I1102 18:24:05.904187 IO-0/EL  worker_manager.cpp:60] WorkerManager: FuncWorker of func_id 1, client_id 17 connected
I1102 18:24:05.904207 IO-0/EL  message_connection.cpp:269] FuncWorkerConnection[1-17]: Handshake done
I1102 18:24:05.904534 Server/E engine.cpp:674] Engine: New message connection
I1102 18:24:05.904555 IO-0/EL  engine.cpp:277] Engine: Receive new handshake message from message connection
I1102 18:24:05.904559 IO-0/EL  worker_manager.cpp:60] WorkerManager: FuncWorker of func_id 1, client_id 18 connected
I1102 18:24:05.904570 IO-0/EL  message_connection.cpp:269] FuncWorkerConnection[1-18]: Handshake done
I1102 18:24:05.904947 Server/E engine.cpp:674] Engine: New message connection
I1102 18:24:05.904970 IO-0/EL  engine.cpp:277] Engine: Receive new handshake message from message connection
I1102 18:24:05.904975 IO-0/EL  worker_manager.cpp:60] WorkerManager: FuncWorker of func_id 1, client_id 19 connected
I1102 18:24:05.904986 IO-0/EL  message_connection.cpp:269] FuncWorkerConnection[1-19]: Handshake done
I1102 18:24:05.905495 Server/E engine.cpp:674] Engine: New message connection
I1102 18:24:05.905527 IO-0/EL  engine.cpp:277] Engine: Receive new handshake message from message connection
I1102 18:24:05.905531 IO-0/EL  worker_manager.cpp:60] WorkerManager: FuncWorker of func_id 1, client_id 20 connected
I1102 18:24:05.905542 IO-0/EL  message_connection.cpp:269] FuncWorkerConnection[1-20]: Handshake done
I1102 18:24:05.906863 Server/E engine.cpp:674] Engine: New message connection
I1102 18:24:05.906890 IO-0/EL  engine.cpp:277] Engine: Receive new handshake message from message connection
I1102 18:24:05.906894 IO-0/EL  worker_manager.cpp:60] WorkerManager: FuncWorker of func_id 1, client_id 22 connected
I1102 18:24:05.906906 IO-0/EL  message_connection.cpp:269] FuncWorkerConnection[1-22]: Handshake done
I1102 18:24:05.907202 Server/E engine.cpp:674] Engine: New message connection
I1102 18:24:05.907223 IO-0/EL  engine.cpp:277] Engine: Receive new handshake message from message connection
I1102 18:24:05.907227 IO-0/EL  worker_manager.cpp:60] WorkerManager: FuncWorker of func_id 1, client_id 21 connected
I1102 18:24:05.907238 IO-0/EL  message_connection.cpp:269] FuncWorkerConnection[1-21]: Handshake done
I1102 18:24:05.907396 Server/E engine.cpp:674] Engine: New message connection
I1102 18:24:05.907421 IO-0/EL  engine.cpp:277] Engine: Receive new handshake message from message connection
I1102 18:24:05.907425 IO-0/EL  worker_manager.cpp:60] WorkerManager: FuncWorker of func_id 1, client_id 23 connected
I1102 18:24:05.907436 IO-0/EL  message_connection.cpp:269] FuncWorkerConnection[1-23]: Handshake done
I1102 18:24:05.907684 Server/E engine.cpp:674] Engine: New message connection
I1102 18:24:05.907703 IO-0/EL  engine.cpp:277] Engine: Receive new handshake message from message connection
I1102 18:24:05.907707 IO-0/EL  worker_manager.cpp:60] WorkerManager: FuncWorker of func_id 1, client_id 24 connected
I1102 18:24:05.907721 IO-0/EL  message_connection.cpp:269] FuncWorkerConnection[1-24]: Handshake done
I1102 18:24:05.908125 Server/E engine.cpp:674] Engine: New message connection
I1102 18:24:05.908150 IO-0/EL  engine.cpp:277] Engine: Receive new handshake message from message connection
I1102 18:24:05.908154 IO-0/EL  worker_manager.cpp:60] WorkerManager: FuncWorker of func_id 1, client_id 25 connected
I1102 18:24:05.908165 IO-0/EL  message_connection.cpp:269] FuncWorkerConnection[1-25]: Handshake done
I1102 18:24:05.908546 Server/E engine.cpp:674] Engine: New message connection
I1102 18:24:05.908570 IO-0/EL  engine.cpp:277] Engine: Receive new handshake message from message connection
I1102 18:24:05.908574 IO-0/EL  worker_manager.cpp:60] WorkerManager: FuncWorker of func_id 1, client_id 26 connected
I1102 18:24:05.908585 IO-0/EL  message_connection.cpp:269] FuncWorkerConnection[1-26]: Handshake done
I1102 18:24:05.908984 Server/E engine.cpp:674] Engine: New message connection
I1102 18:24:05.909009 IO-0/EL  engine.cpp:277] Engine: Receive new handshake message from message connection
I1102 18:24:05.909013 IO-0/EL  worker_manager.cpp:60] WorkerManager: FuncWorker of func_id 1, client_id 27 connected
I1102 18:24:05.909030 IO-0/EL  message_connection.cpp:269] FuncWorkerConnection[1-27]: Handshake done
I1102 18:24:05.909458 Server/E engine.cpp:674] Engine: New message connection
I1102 18:24:05.909494 IO-0/EL  engine.cpp:277] Engine: Receive new handshake message from message connection
I1102 18:24:05.909498 IO-0/EL  worker_manager.cpp:60] WorkerManager: FuncWorker of func_id 1, client_id 28 connected
I1102 18:24:05.909510 IO-0/EL  message_connection.cpp:269] FuncWorkerConnection[1-28]: Handshake done
I1102 18:24:05.909858 Server/E engine.cpp:674] Engine: New message connection
I1102 18:24:05.909882 IO-0/EL  engine.cpp:277] Engine: Receive new handshake message from message connection
I1102 18:24:05.909886 IO-0/EL  worker_manager.cpp:60] WorkerManager: FuncWorker of func_id 1, client_id 29 connected
I1102 18:24:05.909900 IO-0/EL  message_connection.cpp:269] FuncWorkerConnection[1-29]: Handshake done
I1102 18:24:05.910343 Server/E engine.cpp:674] Engine: New message connection
I1102 18:24:05.910383 IO-0/EL  engine.cpp:277] Engine: Receive new handshake message from message connection
I1102 18:24:05.910387 IO-0/EL  worker_manager.cpp:60] WorkerManager: FuncWorker of func_id 1, client_id 30 connected
I1102 18:24:05.910398 IO-0/EL  message_connection.cpp:269] FuncWorkerConnection[1-30]: Handshake done
I1102 18:24:05.910751 Server/E engine.cpp:674] Engine: New message connection
I1102 18:24:05.910776 IO-0/EL  engine.cpp:277] Engine: Receive new handshake message from message connection
I1102 18:24:05.910780 IO-0/EL  worker_manager.cpp:60] WorkerManager: FuncWorker of func_id 1, client_id 31 connected
I1102 18:24:05.910792 IO-0/EL  message_connection.cpp:269] FuncWorkerConnection[1-31]: Handshake done
I1102 18:24:05.911188 Server/E engine.cpp:674] Engine: New message connection
I1102 18:24:05.911212 IO-0/EL  engine.cpp:277] Engine: Receive new handshake message from message connection
I1102 18:24:05.911216 IO-0/EL  worker_manager.cpp:60] WorkerManager: FuncWorker of func_id 1, client_id 32 connected
I1102 18:24:05.911227 IO-0/EL  message_connection.cpp:269] FuncWorkerConnection[1-32]: Handshake done
I1102 18:24:05.911696 Server/E engine.cpp:674] Engine: New message connection
I1102 18:24:05.911717 IO-0/EL  engine.cpp:277] Engine: Receive new handshake message from message connection
I1102 18:24:05.911722 IO-0/EL  worker_manager.cpp:60] WorkerManager: FuncWorker of func_id 1, client_id 33 connected
I1102 18:24:05.911733 IO-0/EL  message_connection.cpp:269] FuncWorkerConnection[1-33]: Handshake done
I1102 18:24:05.912097 Server/E engine.cpp:674] Engine: New message connection
I1102 18:24:05.912147 IO-0/EL  engine.cpp:277] Engine: Receive new handshake message from message connection
I1102 18:24:05.912151 IO-0/EL  worker_manager.cpp:60] WorkerManager: FuncWorker of func_id 1, client_id 34 connected
I1102 18:24:05.912164 IO-0/EL  message_connection.cpp:269] FuncWorkerConnection[1-34]: Handshake done
I1102 18:24:05.912542 Server/E engine.cpp:674] Engine: New message connection
I1102 18:24:05.912585 IO-0/EL  engine.cpp:277] Engine: Receive new handshake message from message connection
I1102 18:24:05.912590 IO-0/EL  worker_manager.cpp:60] WorkerManager: FuncWorker of func_id 1, client_id 35 connected
I1102 18:24:05.912601 IO-0/EL  message_connection.cpp:269] FuncWorkerConnection[1-35]: Handshake done
I1102 18:24:05.912990 Server/E engine.cpp:674] Engine: New message connection
I1102 18:24:05.913039 IO-0/EL  engine.cpp:277] Engine: Receive new handshake message from message connection
I1102 18:24:05.913044 IO-0/EL  worker_manager.cpp:60] WorkerManager: FuncWorker of func_id 1, client_id 36 connected
I1102 18:24:05.913055 IO-0/EL  message_connection.cpp:269] FuncWorkerConnection[1-36]: Handshake done
I1102 18:24:05.913425 Server/E engine.cpp:674] Engine: New message connection
I1102 18:24:05.913469 IO-0/EL  engine.cpp:277] Engine: Receive new handshake message from message connection
I1102 18:24:05.913474 IO-0/EL  worker_manager.cpp:60] WorkerManager: FuncWorker of func_id 1, client_id 37 connected
I1102 18:24:05.913485 IO-0/EL  message_connection.cpp:269] FuncWorkerConnection[1-37]: Handshake done
I1102 18:24:05.913892 Server/E engine.cpp:674] Engine: New message connection
I1102 18:24:05.913925 IO-0/EL  engine.cpp:277] Engine: Receive new handshake message from message connection
I1102 18:24:05.913929 IO-0/EL  worker_manager.cpp:60] WorkerManager: FuncWorker of func_id 1, client_id 38 connected
I1102 18:24:05.913940 IO-0/EL  message_connection.cpp:269] FuncWorkerConnection[1-38]: Handshake done
I1102 18:24:05.914508 Server/E engine.cpp:674] Engine: New message connection
I1102 18:24:05.914530 IO-0/EL  engine.cpp:277] Engine: Receive new handshake message from message connection
I1102 18:24:05.914534 IO-0/EL  worker_manager.cpp:60] WorkerManager: FuncWorker of func_id 1, client_id 39 connected
I1102 18:24:05.914545 IO-0/EL  message_connection.cpp:269] FuncWorkerConnection[1-39]: Handshake done
I1102 18:24:05.914825 Server/E engine.cpp:674] Engine: New message connection
I1102 18:24:05.914849 IO-0/EL  engine.cpp:277] Engine: Receive new handshake message from message connection
I1102 18:24:05.914854 IO-0/EL  worker_manager.cpp:60] WorkerManager: FuncWorker of func_id 1, client_id 40 connected
I1102 18:24:05.914865 IO-0/EL  message_connection.cpp:269] FuncWorkerConnection[1-40]: Handshake done
I1102 18:24:05.915329 Server/E engine.cpp:674] Engine: New message connection
I1102 18:24:05.915348 IO-0/EL  engine.cpp:277] Engine: Receive new handshake message from message connection
I1102 18:24:05.915352 IO-0/EL  worker_manager.cpp:60] WorkerManager: FuncWorker of func_id 1, client_id 41 connected
I1102 18:24:05.915364 IO-0/EL  message_connection.cpp:269] FuncWorkerConnection[1-41]: Handshake done
I1102 18:24:05.915722 Server/E engine.cpp:674] Engine: New message connection
I1102 18:24:05.915760 IO-0/EL  engine.cpp:277] Engine: Receive new handshake message from message connection
I1102 18:24:05.915764 IO-0/EL  worker_manager.cpp:60] WorkerManager: FuncWorker of func_id 1, client_id 42 connected
I1102 18:24:05.915776 IO-0/EL  message_connection.cpp:269] FuncWorkerConnection[1-42]: Handshake done
I1102 18:24:05.917164 Server/E engine.cpp:674] Engine: New message connection
I1102 18:24:05.917197 Server/E engine.cpp:674] Engine: New message connection
I1102 18:24:05.917201 IO-0/EL  engine.cpp:277] Engine: Receive new handshake message from message connection
I1102 18:24:05.917206 IO-0/EL  worker_manager.cpp:60] WorkerManager: FuncWorker of func_id 1, client_id 44 connected
I1102 18:24:05.917222 IO-0/EL  message_connection.cpp:269] FuncWorkerConnection[1-44]: Handshake done
I1102 18:24:05.917233 IO-0/EL  engine.cpp:277] Engine: Receive new handshake message from message connection
I1102 18:24:05.917237 IO-0/EL  worker_manager.cpp:60] WorkerManager: FuncWorker of func_id 1, client_id 43 connected
I1102 18:24:05.917248 IO-0/EL  message_connection.cpp:269] FuncWorkerConnection[1-43]: Handshake done
I1102 18:24:05.917578 Server/E engine.cpp:674] Engine: New message connection
I1102 18:24:05.917627 IO-0/EL  engine.cpp:277] Engine: Receive new handshake message from message connection
I1102 18:24:05.917632 IO-0/EL  worker_manager.cpp:60] WorkerManager: FuncWorker of func_id 1, client_id 45 connected
I1102 18:24:05.917643 IO-0/EL  message_connection.cpp:269] FuncWorkerConnection[1-45]: Handshake done
I1102 18:24:05.918108 Server/E engine.cpp:674] Engine: New message connection
I1102 18:24:05.918156 IO-0/EL  engine.cpp:277] Engine: Receive new handshake message from message connection
I1102 18:24:05.918161 IO-0/EL  worker_manager.cpp:60] WorkerManager: FuncWorker of func_id 1, client_id 46 connected
I1102 18:24:05.918173 IO-0/EL  message_connection.cpp:269] FuncWorkerConnection[1-46]: Handshake done
I1102 18:24:05.918693 Server/E engine.cpp:674] Engine: New message connection
I1102 18:24:05.918739 IO-0/EL  engine.cpp:277] Engine: Receive new handshake message from message connection
I1102 18:24:05.918743 IO-0/EL  worker_manager.cpp:60] WorkerManager: FuncWorker of func_id 1, client_id 47 connected
I1102 18:24:05.918754 IO-0/EL  message_connection.cpp:269] FuncWorkerConnection[1-47]: Handshake done
I1102 18:24:05.919026 Server/E engine.cpp:674] Engine: New message connection
I1102 18:24:05.919050 IO-0/EL  engine.cpp:277] Engine: Receive new handshake message from message connection
I1102 18:24:05.919054 IO-0/EL  worker_manager.cpp:60] WorkerManager: FuncWorker of func_id 1, client_id 48 connected
I1102 18:24:05.919065 IO-0/EL  message_connection.cpp:269] FuncWorkerConnection[1-48]: Handshake done
I1102 18:24:05.919489 Server/E engine.cpp:674] Engine: New message connection
I1102 18:24:05.919519 IO-0/EL  engine.cpp:277] Engine: Receive new handshake message from message connection
I1102 18:24:05.919523 IO-0/EL  worker_manager.cpp:60] WorkerManager: FuncWorker of func_id 1, client_id 49 connected
I1102 18:24:05.919534 IO-0/EL  message_connection.cpp:269] FuncWorkerConnection[1-49]: Handshake done
I1102 18:24:05.919914 Server/E engine.cpp:674] Engine: New message connection
I1102 18:24:05.919942 IO-0/EL  engine.cpp:277] Engine: Receive new handshake message from message connection
I1102 18:24:05.919946 IO-0/EL  worker_manager.cpp:60] WorkerManager: FuncWorker of func_id 1, client_id 50 connected
I1102 18:24:05.919957 IO-0/EL  message_connection.cpp:269] FuncWorkerConnection[1-50]: Handshake done
I1102 18:24:05.920426 Server/E engine.cpp:674] Engine: New message connection
I1102 18:24:05.920456 IO-0/EL  engine.cpp:277] Engine: Receive new handshake message from message connection
I1102 18:24:05.920460 IO-0/EL  worker_manager.cpp:60] WorkerManager: FuncWorker of func_id 1, client_id 51 connected
I1102 18:24:05.920471 IO-0/EL  message_connection.cpp:269] FuncWorkerConnection[1-51]: Handshake done
I1102 18:24:05.921438 Server/E engine.cpp:674] Engine: New message connection
I1102 18:24:05.921468 IO-0/EL  engine.cpp:277] Engine: Receive new handshake message from message connection
I1102 18:24:05.921473 IO-0/EL  worker_manager.cpp:60] WorkerManager: FuncWorker of func_id 1, client_id 52 connected
I1102 18:24:05.921484 IO-0/EL  message_connection.cpp:269] FuncWorkerConnection[1-52]: Handshake done
I1102 18:24:05.921705 Server/E engine.cpp:674] Engine: New message connection
I1102 18:24:05.921756 IO-0/EL  engine.cpp:277] Engine: Receive new handshake message from message connection
I1102 18:24:05.921761 IO-0/EL  worker_manager.cpp:60] WorkerManager: FuncWorker of func_id 1, client_id 53 connected
I1102 18:24:05.921772 IO-0/EL  message_connection.cpp:269] FuncWorkerConnection[1-53]: Handshake done
I1102 18:24:05.922139 Server/E engine.cpp:674] Engine: New message connection
I1102 18:24:05.922162 IO-0/EL  engine.cpp:277] Engine: Receive new handshake message from message connection
I1102 18:24:05.922165 IO-0/EL  worker_manager.cpp:60] WorkerManager: FuncWorker of func_id 1, client_id 54 connected
I1102 18:24:05.922176 IO-0/EL  message_connection.cpp:269] FuncWorkerConnection[1-54]: Handshake done
I1102 18:24:05.922631 Server/E engine.cpp:674] Engine: New message connection
I1102 18:24:05.922658 IO-0/EL  engine.cpp:277] Engine: Receive new handshake message from message connection
I1102 18:24:05.922662 IO-0/EL  worker_manager.cpp:60] WorkerManager: FuncWorker of func_id 1, client_id 55 connected
I1102 18:24:05.922672 IO-0/EL  message_connection.cpp:269] FuncWorkerConnection[1-55]: Handshake done
I1102 18:24:05.923089 Server/E engine.cpp:674] Engine: New message connection
I1102 18:24:05.923115 IO-0/EL  engine.cpp:277] Engine: Receive new handshake message from message connection
I1102 18:24:05.923119 IO-0/EL  worker_manager.cpp:60] WorkerManager: FuncWorker of func_id 1, client_id 56 connected
I1102 18:24:05.923131 IO-0/EL  message_connection.cpp:269] FuncWorkerConnection[1-56]: Handshake done
I1102 18:24:05.923582 Server/E engine.cpp:674] Engine: New message connection
I1102 18:24:05.923605 IO-0/EL  engine.cpp:277] Engine: Receive new handshake message from message connection
I1102 18:24:05.923609 IO-0/EL  worker_manager.cpp:60] WorkerManager: FuncWorker of func_id 1, client_id 57 connected
I1102 18:24:05.923627 IO-0/EL  message_connection.cpp:269] FuncWorkerConnection[1-57]: Handshake done
I1102 18:24:05.924480 Server/E engine.cpp:674] Engine: New message connection
I1102 18:24:05.924510 IO-0/EL  engine.cpp:277] Engine: Receive new handshake message from message connection
I1102 18:24:05.924515 IO-0/EL  worker_manager.cpp:60] WorkerManager: FuncWorker of func_id 1, client_id 58 connected
I1102 18:24:05.924527 IO-0/EL  message_connection.cpp:269] FuncWorkerConnection[1-58]: Handshake done
I1102 18:24:05.924572 Server/E engine.cpp:674] Engine: New message connection
I1102 18:24:05.924590 IO-0/EL  engine.cpp:277] Engine: Receive new handshake message from message connection
I1102 18:24:05.924594 IO-0/EL  worker_manager.cpp:60] WorkerManager: FuncWorker of func_id 1, client_id 59 connected
I1102 18:24:05.924606 IO-0/EL  message_connection.cpp:269] FuncWorkerConnection[1-59]: Handshake done
I1102 18:24:05.925033 Server/E engine.cpp:674] Engine: New message connection
I1102 18:24:05.925062 IO-0/EL  engine.cpp:277] Engine: Receive new handshake message from message connection
I1102 18:24:05.925066 IO-0/EL  worker_manager.cpp:60] WorkerManager: FuncWorker of func_id 1, client_id 60 connected
I1102 18:24:05.925078 IO-0/EL  message_connection.cpp:269] FuncWorkerConnection[1-60]: Handshake done
I1102 18:24:05.925524 Server/E engine.cpp:674] Engine: New message connection
I1102 18:24:05.925545 IO-0/EL  engine.cpp:277] Engine: Receive new handshake message from message connection
I1102 18:24:05.925549 IO-0/EL  worker_manager.cpp:60] WorkerManager: FuncWorker of func_id 1, client_id 61 connected
I1102 18:24:05.925560 IO-0/EL  message_connection.cpp:269] FuncWorkerConnection[1-61]: Handshake done
I1102 18:24:05.926007 Server/E engine.cpp:674] Engine: New message connection
I1102 18:24:05.926033 IO-0/EL  engine.cpp:277] Engine: Receive new handshake message from message connection
I1102 18:24:05.926037 IO-0/EL  worker_manager.cpp:60] WorkerManager: FuncWorker of func_id 1, client_id 62 connected
I1102 18:24:05.926049 IO-0/EL  message_connection.cpp:269] FuncWorkerConnection[1-62]: Handshake done
I1102 18:24:05.926453 Server/E engine.cpp:674] Engine: New message connection
I1102 18:24:05.926476 IO-0/EL  engine.cpp:277] Engine: Receive new handshake message from message connection
I1102 18:24:05.926479 IO-0/EL  worker_manager.cpp:60] WorkerManager: FuncWorker of func_id 1, client_id 63 connected
I1102 18:24:05.926490 IO-0/EL  message_connection.cpp:269] FuncWorkerConnection[1-63]: Handshake done
I1102 18:24:05.926905 Server/E engine.cpp:674] Engine: New message connection
I1102 18:24:05.926930 IO-0/EL  engine.cpp:277] Engine: Receive new handshake message from message connection
I1102 18:24:05.926934 IO-0/EL  worker_manager.cpp:60] WorkerManager: FuncWorker of func_id 1, client_id 64 connected
I1102 18:24:05.926946 IO-0/EL  message_connection.cpp:269] FuncWorkerConnection[1-64]: Handshake done
I1102 18:24:05.927435 Server/E engine.cpp:674] Engine: New message connection
I1102 18:24:05.927459 IO-0/EL  engine.cpp:277] Engine: Receive new handshake message from message connection
I1102 18:24:05.927463 IO-0/EL  worker_manager.cpp:60] WorkerManager: FuncWorker of func_id 1, client_id 65 connected
I1102 18:24:05.927474 IO-0/EL  message_connection.cpp:269] FuncWorkerConnection[1-65]: Handshake done
I1102 18:24:05.928833 Server/E engine.cpp:674] Engine: New message connection
I1102 18:24:05.928855 IO-0/EL  engine.cpp:277] Engine: Receive new handshake message from message connection
I1102 18:24:05.928860 IO-0/EL  worker_manager.cpp:60] WorkerManager: FuncWorker of func_id 1, client_id 67 connected
I1102 18:24:05.928871 IO-0/EL  message_connection.cpp:269] FuncWorkerConnection[1-67]: Handshake done
I1102 18:24:05.929283 Server/E engine.cpp:674] Engine: New message connection
I1102 18:24:05.929308 IO-0/EL  engine.cpp:277] Engine: Receive new handshake message from message connection
I1102 18:24:05.929312 IO-0/EL  worker_manager.cpp:60] WorkerManager: FuncWorker of func_id 1, client_id 68 connected
I1102 18:24:05.929323 IO-0/EL  message_connection.cpp:269] FuncWorkerConnection[1-68]: Handshake done
I1102 18:24:05.929996 Server/E engine.cpp:674] Engine: New message connection
I1102 18:24:05.930034 IO-0/EL  engine.cpp:277] Engine: Receive new handshake message from message connection
I1102 18:24:05.930039 IO-0/EL  worker_manager.cpp:60] WorkerManager: FuncWorker of func_id 1, client_id 69 connected
I1102 18:24:05.930051 IO-0/EL  message_connection.cpp:269] FuncWorkerConnection[1-69]: Handshake done
I1102 18:24:05.930267 Server/E engine.cpp:674] Engine: New message connection
I1102 18:24:05.930291 IO-0/EL  engine.cpp:277] Engine: Receive new handshake message from message connection
I1102 18:24:05.930295 IO-0/EL  worker_manager.cpp:60] WorkerManager: FuncWorker of func_id 1, client_id 66 connected
I1102 18:24:05.930306 IO-0/EL  message_connection.cpp:269] FuncWorkerConnection[1-66]: Handshake done
I1102 18:24:05.930616 Server/E engine.cpp:674] Engine: New message connection
I1102 18:24:05.930638 IO-0/EL  engine.cpp:277] Engine: Receive new handshake message from message connection
I1102 18:24:05.930641 IO-0/EL  worker_manager.cpp:60] WorkerManager: FuncWorker of func_id 1, client_id 70 connected
I1102 18:24:05.930652 IO-0/EL  message_connection.cpp:269] FuncWorkerConnection[1-70]: Handshake done
I1102 18:24:05.930670 Server/E engine.cpp:674] Engine: New message connection
I1102 18:24:05.930692 IO-0/EL  engine.cpp:277] Engine: Receive new handshake message from message connection
I1102 18:24:05.930696 IO-0/EL  worker_manager.cpp:60] WorkerManager: FuncWorker of func_id 1, client_id 71 connected
I1102 18:24:05.930707 IO-0/EL  message_connection.cpp:269] FuncWorkerConnection[1-71]: Handshake done
I1102 18:24:05.931270 Server/E engine.cpp:674] Engine: New message connection
I1102 18:24:05.931294 IO-0/EL  engine.cpp:277] Engine: Receive new handshake message from message connection
I1102 18:24:05.931297 IO-0/EL  worker_manager.cpp:60] WorkerManager: FuncWorker of func_id 1, client_id 72 connected
I1102 18:24:05.931311 IO-0/EL  message_connection.cpp:269] FuncWorkerConnection[1-72]: Handshake done
I1102 18:24:05.931837 Server/E engine.cpp:674] Engine: New message connection
I1102 18:24:05.931861 IO-0/EL  engine.cpp:277] Engine: Receive new handshake message from message connection
I1102 18:24:05.931865 IO-0/EL  worker_manager.cpp:60] WorkerManager: FuncWorker of func_id 1, client_id 73 connected
I1102 18:24:05.931876 IO-0/EL  message_connection.cpp:269] FuncWorkerConnection[1-73]: Handshake done
I1102 18:24:05.932413 Server/E engine.cpp:674] Engine: New message connection
I1102 18:24:05.932435 IO-0/EL  engine.cpp:277] Engine: Receive new handshake message from message connection
I1102 18:24:05.932439 IO-0/EL  worker_manager.cpp:60] WorkerManager: FuncWorker of func_id 1, client_id 74 connected
I1102 18:24:05.932450 IO-0/EL  message_connection.cpp:269] FuncWorkerConnection[1-74]: Handshake done
I1102 18:24:05.932998 Server/E engine.cpp:674] Engine: New message connection
I1102 18:24:05.933022 IO-0/EL  engine.cpp:277] Engine: Receive new handshake message from message connection
I1102 18:24:05.933025 IO-0/EL  worker_manager.cpp:60] WorkerManager: FuncWorker of func_id 1, client_id 75 connected
I1102 18:24:05.933036 IO-0/EL  message_connection.cpp:269] FuncWorkerConnection[1-75]: Handshake done
I1102 18:24:05.933461 Server/E engine.cpp:674] Engine: New message connection
I1102 18:24:05.933484 IO-0/EL  engine.cpp:277] Engine: Receive new handshake message from message connection
I1102 18:24:05.933488 IO-0/EL  worker_manager.cpp:60] WorkerManager: FuncWorker of func_id 1, client_id 76 connected
I1102 18:24:05.933499 IO-0/EL  message_connection.cpp:269] FuncWorkerConnection[1-76]: Handshake done
I1102 18:24:05.933902 Server/E engine.cpp:674] Engine: New message connection
I1102 18:24:05.933926 IO-0/EL  engine.cpp:277] Engine: Receive new handshake message from message connection
I1102 18:24:05.933930 IO-0/EL  worker_manager.cpp:60] WorkerManager: FuncWorker of func_id 1, client_id 77 connected
I1102 18:24:05.933940 IO-0/EL  message_connection.cpp:269] FuncWorkerConnection[1-77]: Handshake done
I1102 18:24:05.934375 Server/E engine.cpp:674] Engine: New message connection
I1102 18:24:05.934423 IO-0/EL  engine.cpp:277] Engine: Receive new handshake message from message connection
I1102 18:24:05.934427 IO-0/EL  worker_manager.cpp:60] WorkerManager: FuncWorker of func_id 1, client_id 78 connected
I1102 18:24:05.934439 IO-0/EL  message_connection.cpp:269] FuncWorkerConnection[1-78]: Handshake done
I1102 18:24:05.945736 Server/E engine.cpp:674] Engine: New message connection
I1102 18:24:05.945772 Server/E engine.cpp:674] Engine: New message connection
I1102 18:24:05.945778 IO-0/EL  engine.cpp:277] Engine: Receive new handshake message from message connection
I1102 18:24:05.945783 IO-0/EL  worker_manager.cpp:60] WorkerManager: FuncWorker of func_id 1, client_id 79 connected
I1102 18:24:05.945787 Server/E engine.cpp:674] Engine: New message connection
I1102 18:24:05.945797 IO-0/EL  message_connection.cpp:269] FuncWorkerConnection[1-79]: Handshake done
I1102 18:24:05.945800 Server/E engine.cpp:674] Engine: New message connection
I1102 18:24:05.945813 Server/E engine.cpp:674] Engine: New message connection
I1102 18:24:05.945815 IO-0/EL  engine.cpp:277] Engine: Receive new handshake message from message connection
I1102 18:24:05.945821 IO-0/EL  worker_manager.cpp:60] WorkerManager: FuncWorker of func_id 1, client_id 80 connected
I1102 18:24:05.945827 Server/E engine.cpp:674] Engine: New message connection
I1102 18:24:05.945835 IO-0/EL  message_connection.cpp:269] FuncWorkerConnection[1-80]: Handshake done
I1102 18:24:05.945841 Server/E engine.cpp:674] Engine: New message connection
I1102 18:24:05.945848 IO-0/EL  engine.cpp:277] Engine: Receive new handshake message from message connection
I1102 18:24:05.945851 IO-0/EL  worker_manager.cpp:60] WorkerManager: FuncWorker of func_id 1, client_id 81 connected
I1102 18:24:05.945856 Server/E engine.cpp:674] Engine: New message connection
I1102 18:24:05.945862 IO-0/EL  message_connection.cpp:269] FuncWorkerConnection[1-81]: Handshake done
I1102 18:24:05.945869 Server/E engine.cpp:674] Engine: New message connection
I1102 18:24:05.945877 IO-0/EL  engine.cpp:277] Engine: Receive new handshake message from message connection
I1102 18:24:05.945881 IO-0/EL  worker_manager.cpp:60] WorkerManager: FuncWorker of func_id 1, client_id 82 connected
I1102 18:24:05.945885 Server/E engine.cpp:674] Engine: New message connection
I1102 18:24:05.945891 IO-0/EL  message_connection.cpp:269] FuncWorkerConnection[1-82]: Handshake done
I1102 18:24:05.945899 Server/E engine.cpp:674] Engine: New message connection
I1102 18:24:05.945903 IO-0/EL  engine.cpp:277] Engine: Receive new handshake message from message connection
I1102 18:24:05.945907 IO-0/EL  worker_manager.cpp:60] WorkerManager: FuncWorker of func_id 1, client_id 83 connected
I1102 18:24:05.945914 Server/E engine.cpp:674] Engine: New message connection
I1102 18:24:05.945918 IO-0/EL  message_connection.cpp:269] FuncWorkerConnection[1-83]: Handshake done
I1102 18:24:05.945929 Server/E engine.cpp:674] Engine: New message connection
I1102 18:24:05.945932 IO-0/EL  engine.cpp:277] Engine: Receive new handshake message from message connection
I1102 18:24:05.945937 IO-0/EL  worker_manager.cpp:60] WorkerManager: FuncWorker of func_id 1, client_id 84 connected
I1102 18:24:05.945942 Server/E engine.cpp:674] Engine: New message connection
I1102 18:24:05.945948 IO-0/EL  message_connection.cpp:269] FuncWorkerConnection[1-84]: Handshake done
I1102 18:24:05.945956 Server/E engine.cpp:674] Engine: New message connection
I1102 18:24:05.945959 IO-0/EL  engine.cpp:277] Engine: Receive new handshake message from message connection
I1102 18:24:05.945963 IO-0/EL  worker_manager.cpp:60] WorkerManager: FuncWorker of func_id 1, client_id 85 connected
I1102 18:24:05.945971 Server/E engine.cpp:674] Engine: New message connection
I1102 18:24:05.945976 IO-0/EL  message_connection.cpp:269] FuncWorkerConnection[1-85]: Handshake done
I1102 18:24:05.945983 Server/E engine.cpp:674] Engine: New message connection
I1102 18:24:05.945989 IO-0/EL  engine.cpp:277] Engine: Receive new handshake message from message connection
I1102 18:24:05.945993 IO-0/EL  worker_manager.cpp:60] WorkerManager: FuncWorker of func_id 1, client_id 87 connected
I1102 18:24:05.945996 Server/E engine.cpp:674] Engine: New message connection
I1102 18:24:05.946015 IO-0/EL  message_connection.cpp:269] FuncWorkerConnection[1-87]: Handshake done
I1102 18:24:05.946027 Server/E engine.cpp:674] Engine: New message connection
I1102 18:24:05.946027 IO-0/EL  engine.cpp:277] Engine: Receive new handshake message from message connection
I1102 18:24:05.946042 Server/E engine.cpp:674] Engine: New message connection
I1102 18:24:05.946043 IO-0/EL  worker_manager.cpp:60] WorkerManager: FuncWorker of func_id 1, client_id 86 connected
I1102 18:24:05.946057 Server/E engine.cpp:674] Engine: New message connection
I1102 18:24:05.946067 IO-0/EL  message_connection.cpp:269] FuncWorkerConnection[1-86]: Handshake done
I1102 18:24:05.946072 Server/E engine.cpp:674] Engine: New message connection
I1102 18:24:05.946079 IO-0/EL  engine.cpp:277] Engine: Receive new handshake message from message connection
I1102 18:24:05.946083 IO-0/EL  worker_manager.cpp:60] WorkerManager: FuncWorker of func_id 1, client_id 88 connected
I1102 18:24:05.946084 Server/E engine.cpp:674] Engine: New message connection
I1102 18:24:05.946095 IO-0/EL  message_connection.cpp:269] FuncWorkerConnection[1-88]: Handshake done
I1102 18:24:05.946098 Server/E engine.cpp:674] Engine: New message connection
I1102 18:24:05.946110 IO-0/EL  engine.cpp:277] Engine: Receive new handshake message from message connection
I1102 18:24:05.946112 Server/E engine.cpp:674] Engine: New message connection
I1102 18:24:05.946114 IO-0/EL  worker_manager.cpp:60] WorkerManager: FuncWorker of func_id 1, client_id 89 connected
I1102 18:24:05.946133 IO-0/EL  message_connection.cpp:269] FuncWorkerConnection[1-89]: Handshake done
I1102 18:24:05.946144 IO-0/EL  engine.cpp:277] Engine: Receive new handshake message from message connection
I1102 18:24:05.946147 IO-0/EL  worker_manager.cpp:60] WorkerManager: FuncWorker of func_id 1, client_id 90 connected
I1102 18:24:05.946158 IO-0/EL  message_connection.cpp:269] FuncWorkerConnection[1-90]: Handshake done
I1102 18:24:05.946172 IO-0/EL  engine.cpp:277] Engine: Receive new handshake message from message connection
I1102 18:24:05.946175 IO-0/EL  worker_manager.cpp:60] WorkerManager: FuncWorker of func_id 1, client_id 91 connected
I1102 18:24:05.946186 IO-0/EL  message_connection.cpp:269] FuncWorkerConnection[1-91]: Handshake done
I1102 18:24:05.946197 IO-0/EL  engine.cpp:277] Engine: Receive new handshake message from message connection
I1102 18:24:05.946200 IO-0/EL  worker_manager.cpp:60] WorkerManager: FuncWorker of func_id 1, client_id 92 connected
I1102 18:24:05.946211 IO-0/EL  message_connection.cpp:269] FuncWorkerConnection[1-92]: Handshake done
I1102 18:24:05.946224 IO-0/EL  engine.cpp:277] Engine: Receive new handshake message from message connection
I1102 18:24:05.946227 IO-0/EL  worker_manager.cpp:60] WorkerManager: FuncWorker of func_id 1, client_id 93 connected
I1102 18:24:05.946238 IO-0/EL  message_connection.cpp:269] FuncWorkerConnection[1-93]: Handshake done
I1102 18:24:05.946249 IO-0/EL  engine.cpp:277] Engine: Receive new handshake message from message connection
I1102 18:24:05.946252 IO-0/EL  worker_manager.cpp:60] WorkerManager: FuncWorker of func_id 1, client_id 94 connected
I1102 18:24:05.946262 IO-0/EL  message_connection.cpp:269] FuncWorkerConnection[1-94]: Handshake done
I1102 18:24:05.946277 IO-0/EL  engine.cpp:277] Engine: Receive new handshake message from message connection
I1102 18:24:05.946280 IO-0/EL  worker_manager.cpp:60] WorkerManager: FuncWorker of func_id 1, client_id 95 connected
I1102 18:24:05.946292 IO-0/EL  message_connection.cpp:269] FuncWorkerConnection[1-95]: Handshake done
I1102 18:24:05.946302 IO-0/EL  engine.cpp:277] Engine: Receive new handshake message from message connection
I1102 18:24:05.946306 IO-0/EL  worker_manager.cpp:60] WorkerManager: FuncWorker of func_id 1, client_id 96 connected
I1102 18:24:05.946319 IO-0/EL  message_connection.cpp:269] FuncWorkerConnection[1-96]: Handshake done
I1102 18:24:05.946338 IO-0/EL  engine.cpp:277] Engine: Receive new handshake message from message connection
I1102 18:24:05.946342 IO-0/EL  worker_manager.cpp:60] WorkerManager: FuncWorker of func_id 1, client_id 97 connected
I1102 18:24:05.946353 IO-0/EL  message_connection.cpp:269] FuncWorkerConnection[1-97]: Handshake done
I1102 18:24:05.946363 IO-0/EL  engine.cpp:277] Engine: Receive new handshake message from message connection
I1102 18:24:05.946366 IO-0/EL  worker_manager.cpp:60] WorkerManager: FuncWorker of func_id 1, client_id 98 connected
I1102 18:24:05.946377 IO-0/EL  message_connection.cpp:269] FuncWorkerConnection[1-98]: Handshake done
I1102 18:24:05.946391 IO-0/EL  engine.cpp:277] Engine: Receive new handshake message from message connection
I1102 18:24:05.946394 IO-0/EL  worker_manager.cpp:60] WorkerManager: FuncWorker of func_id 1, client_id 99 connected
I1102 18:24:05.946405 IO-0/EL  message_connection.cpp:269] FuncWorkerConnection[1-99]: Handshake done
I1102 18:24:05.946415 IO-0/EL  engine.cpp:277] Engine: Receive new handshake message from message connection
I1102 18:24:05.946418 IO-0/EL  worker_manager.cpp:60] WorkerManager: FuncWorker of func_id 1, client_id 100 connected
I1102 18:24:05.946429 IO-0/EL  message_connection.cpp:269] FuncWorkerConnection[1-100]: Handshake done
I1102 18:24:05.946444 IO-0/EL  engine.cpp:277] Engine: Receive new handshake message from message connection
I1102 18:24:05.946448 IO-0/EL  worker_manager.cpp:60] WorkerManager: FuncWorker of func_id 1, client_id 101 connected
I1102 18:24:05.946459 IO-0/EL  message_connection.cpp:269] FuncWorkerConnection[1-101]: Handshake done
I1102 18:24:05.946469 IO-0/EL  engine.cpp:277] Engine: Receive new handshake message from message connection
I1102 18:24:05.946473 IO-0/EL  worker_manager.cpp:60] WorkerManager: FuncWorker of func_id 1, client_id 102 connected
I1102 18:24:05.946482 Server/E engine.cpp:674] Engine: New message connection
I1102 18:24:05.946487 IO-0/EL  message_connection.cpp:269] FuncWorkerConnection[1-102]: Handshake done
I1102 18:24:05.946497 IO-0/EL  engine.cpp:277] Engine: Receive new handshake message from message connection
I1102 18:24:05.946501 IO-0/EL  worker_manager.cpp:60] WorkerManager: FuncWorker of func_id 1, client_id 103 connected
I1102 18:24:05.946512 IO-0/EL  message_connection.cpp:269] FuncWorkerConnection[1-103]: Handshake done
I1102 18:24:05.946524 IO-0/EL  engine.cpp:277] Engine: Receive new handshake message from message connection
I1102 18:24:05.946527 IO-0/EL  worker_manager.cpp:60] WorkerManager: FuncWorker of func_id 1, client_id 104 connected
I1102 18:24:05.946541 IO-0/EL  message_connection.cpp:269] FuncWorkerConnection[1-104]: Handshake done
I1102 18:24:05.946960 Server/E engine.cpp:674] Engine: New message connection
I1102 18:24:05.946985 IO-0/EL  engine.cpp:277] Engine: Receive new handshake message from message connection
I1102 18:24:05.946989 IO-0/EL  worker_manager.cpp:60] WorkerManager: FuncWorker of func_id 1, client_id 105 connected
I1102 18:24:05.947000 IO-0/EL  message_connection.cpp:269] FuncWorkerConnection[1-105]: Handshake done
I1102 18:24:05.947557 Server/E engine.cpp:674] Engine: New message connection
I1102 18:24:05.947580 IO-0/EL  engine.cpp:277] Engine: Receive new handshake message from message connection
I1102 18:24:05.947584 IO-0/EL  worker_manager.cpp:60] WorkerManager: FuncWorker of func_id 1, client_id 106 connected
I1102 18:24:05.947595 IO-0/EL  message_connection.cpp:269] FuncWorkerConnection[1-106]: Handshake done
I1102 18:24:05.947878 Server/E engine.cpp:674] Engine: New message connection
I1102 18:24:05.947900 IO-0/EL  engine.cpp:277] Engine: Receive new handshake message from message connection
I1102 18:24:05.947904 IO-0/EL  worker_manager.cpp:60] WorkerManager: FuncWorker of func_id 1, client_id 107 connected
I1102 18:24:05.947914 IO-0/EL  message_connection.cpp:269] FuncWorkerConnection[1-107]: Handshake done
I1102 18:24:05.948308 Server/E engine.cpp:674] Engine: New message connection
I1102 18:24:05.948330 IO-0/EL  engine.cpp:277] Engine: Receive new handshake message from message connection
I1102 18:24:05.948338 IO-0/EL  worker_manager.cpp:60] WorkerManager: FuncWorker of func_id 1, client_id 108 connected
I1102 18:24:05.948349 IO-0/EL  message_connection.cpp:269] FuncWorkerConnection[1-108]: Handshake done
I1102 18:24:05.948902 Server/E engine.cpp:674] Engine: New message connection
I1102 18:24:05.948926 IO-0/EL  engine.cpp:277] Engine: Receive new handshake message from message connection
I1102 18:24:05.948930 IO-0/EL  worker_manager.cpp:60] WorkerManager: FuncWorker of func_id 1, client_id 109 connected
I1102 18:24:05.948941 IO-0/EL  message_connection.cpp:269] FuncWorkerConnection[1-109]: Handshake done
I1102 18:24:05.949329 Server/E engine.cpp:674] Engine: New message connection
I1102 18:24:05.949354 IO-0/EL  engine.cpp:277] Engine: Receive new handshake message from message connection
I1102 18:24:05.949358 IO-0/EL  worker_manager.cpp:60] WorkerManager: FuncWorker of func_id 1, client_id 110 connected
I1102 18:24:05.949369 IO-0/EL  message_connection.cpp:269] FuncWorkerConnection[1-110]: Handshake done
I1102 18:24:05.949830 Server/E engine.cpp:674] Engine: New message connection
I1102 18:24:05.949851 IO-0/EL  engine.cpp:277] Engine: Receive new handshake message from message connection
I1102 18:24:05.949855 IO-0/EL  worker_manager.cpp:60] WorkerManager: FuncWorker of func_id 1, client_id 111 connected
I1102 18:24:05.949866 IO-0/EL  message_connection.cpp:269] FuncWorkerConnection[1-111]: Handshake done
I1102 18:24:05.950248 Server/E engine.cpp:674] Engine: New message connection
I1102 18:24:05.950278 IO-0/EL  engine.cpp:277] Engine: Receive new handshake message from message connection
I1102 18:24:05.950282 IO-0/EL  worker_manager.cpp:60] WorkerManager: FuncWorker of func_id 1, client_id 112 connected
I1102 18:24:05.950295 IO-0/EL  message_connection.cpp:269] FuncWorkerConnection[1-112]: Handshake done
I1102 18:24:05.950743 Server/E engine.cpp:674] Engine: New message connection
I1102 18:24:05.950765 IO-0/EL  engine.cpp:277] Engine: Receive new handshake message from message connection
I1102 18:24:05.950769 IO-0/EL  worker_manager.cpp:60] WorkerManager: FuncWorker of func_id 1, client_id 113 connected
I1102 18:24:05.950789 IO-0/EL  message_connection.cpp:269] FuncWorkerConnection[1-113]: Handshake done
I1102 18:24:05.951243 Server/E engine.cpp:674] Engine: New message connection
I1102 18:24:05.951266 IO-0/EL  engine.cpp:277] Engine: Receive new handshake message from message connection
I1102 18:24:05.951270 IO-0/EL  worker_manager.cpp:60] WorkerManager: FuncWorker of func_id 1, client_id 114 connected
I1102 18:24:05.951281 IO-0/EL  message_connection.cpp:269] FuncWorkerConnection[1-114]: Handshake done
I1102 18:24:05.951642 Server/E engine.cpp:674] Engine: New message connection
I1102 18:24:05.951664 IO-0/EL  engine.cpp:277] Engine: Receive new handshake message from message connection
I1102 18:24:05.951668 IO-0/EL  worker_manager.cpp:60] WorkerManager: FuncWorker of func_id 1, client_id 115 connected
I1102 18:24:05.951679 IO-0/EL  message_connection.cpp:269] FuncWorkerConnection[1-115]: Handshake done
I1102 18:24:05.952136 Server/E engine.cpp:674] Engine: New message connection
I1102 18:24:05.952159 IO-0/EL  engine.cpp:277] Engine: Receive new handshake message from message connection
I1102 18:24:05.952163 IO-0/EL  worker_manager.cpp:60] WorkerManager: FuncWorker of func_id 1, client_id 116 connected
I1102 18:24:05.952175 IO-0/EL  message_connection.cpp:269] FuncWorkerConnection[1-116]: Handshake done
I1102 18:24:05.952634 Server/E engine.cpp:674] Engine: New message connection
I1102 18:24:05.952656 IO-0/EL  engine.cpp:277] Engine: Receive new handshake message from message connection
I1102 18:24:05.952659 IO-0/EL  worker_manager.cpp:60] WorkerManager: FuncWorker of func_id 1, client_id 117 connected
I1102 18:24:05.952670 IO-0/EL  message_connection.cpp:269] FuncWorkerConnection[1-117]: Handshake done
I1102 18:24:05.953216 Server/E engine.cpp:674] Engine: New message connection
I1102 18:24:05.953235 IO-0/EL  engine.cpp:277] Engine: Receive new handshake message from message connection
I1102 18:24:05.953253 IO-0/EL  worker_manager.cpp:60] WorkerManager: FuncWorker of func_id 1, client_id 118 connected
I1102 18:24:05.953265 IO-0/EL  message_connection.cpp:269] FuncWorkerConnection[1-118]: Handshake done
I1102 18:24:05.953553 Server/E engine.cpp:674] Engine: New message connection
I1102 18:24:05.953577 IO-0/EL  engine.cpp:277] Engine: Receive new handshake message from message connection
I1102 18:24:05.953581 IO-0/EL  worker_manager.cpp:60] WorkerManager: FuncWorker of func_id 1, client_id 119 connected
I1102 18:24:05.953591 IO-0/EL  message_connection.cpp:269] FuncWorkerConnection[1-119]: Handshake done
I1102 18:24:05.964677 Server/E engine.cpp:674] Engine: New message connection
I1102 18:24:05.964729 IO-0/EL  engine.cpp:277] Engine: Receive new handshake message from message connection
I1102 18:24:05.964733 IO-0/EL  worker_manager.cpp:60] WorkerManager: FuncWorker of func_id 1, client_id 121 connected
I1102 18:24:05.964746 IO-0/EL  message_connection.cpp:269] FuncWorkerConnection[1-121]: Handshake done
I1102 18:24:05.965133 Server/E engine.cpp:674] Engine: New message connection
I1102 18:24:05.965164 IO-0/EL  engine.cpp:277] Engine: Receive new handshake message from message connection
I1102 18:24:05.965168 IO-0/EL  worker_manager.cpp:60] WorkerManager: FuncWorker of func_id 1, client_id 122 connected
I1102 18:24:05.965180 IO-0/EL  message_connection.cpp:269] FuncWorkerConnection[1-122]: Handshake done
I1102 18:24:05.965609 Server/E engine.cpp:674] Engine: New message connection
I1102 18:24:05.965660 IO-0/EL  engine.cpp:277] Engine: Receive new handshake message from message connection
I1102 18:24:05.965664 IO-0/EL  worker_manager.cpp:60] WorkerManager: FuncWorker of func_id 1, client_id 123 connected
I1102 18:24:05.965677 IO-0/EL  message_connection.cpp:269] FuncWorkerConnection[1-123]: Handshake done
I1102 18:24:05.966127 Server/E engine.cpp:674] Engine: New message connection
I1102 18:24:05.966159 Server/E engine.cpp:674] Engine: New message connection
I1102 18:24:05.966161 IO-0/EL  engine.cpp:277] Engine: Receive new handshake message from message connection
I1102 18:24:05.966188 IO-0/EL  worker_manager.cpp:60] WorkerManager: FuncWorker of func_id 1, client_id 120 connected
I1102 18:24:05.966202 IO-0/EL  message_connection.cpp:269] FuncWorkerConnection[1-120]: Handshake done
I1102 18:24:05.966216 IO-0/EL  engine.cpp:277] Engine: Receive new handshake message from message connection
I1102 18:24:05.966219 IO-0/EL  worker_manager.cpp:60] WorkerManager: FuncWorker of func_id 1, client_id 124 connected
I1102 18:24:05.966233 IO-0/EL  message_connection.cpp:269] FuncWorkerConnection[1-124]: Handshake done
I1102 18:24:05.966528 Server/E engine.cpp:674] Engine: New message connection
I1102 18:24:05.966551 IO-0/EL  engine.cpp:277] Engine: Receive new handshake message from message connection
I1102 18:24:05.966554 IO-0/EL  worker_manager.cpp:60] WorkerManager: FuncWorker of func_id 1, client_id 125 connected
I1102 18:24:05.966565 IO-0/EL  message_connection.cpp:269] FuncWorkerConnection[1-125]: Handshake done
I1102 18:24:05.967166 Server/E engine.cpp:674] Engine: New message connection
I1102 18:24:05.967192 IO-0/EL  engine.cpp:277] Engine: Receive new handshake message from message connection
I1102 18:24:05.967196 IO-0/EL  worker_manager.cpp:60] WorkerManager: FuncWorker of func_id 1, client_id 126 connected
I1102 18:24:05.967208 IO-0/EL  message_connection.cpp:269] FuncWorkerConnection[1-126]: Handshake done
I1102 18:24:05.967577 Server/E engine.cpp:674] Engine: New message connection
I1102 18:24:05.967598 IO-0/EL  engine.cpp:277] Engine: Receive new handshake message from message connection
I1102 18:24:05.967601 IO-0/EL  worker_manager.cpp:60] WorkerManager: FuncWorker of func_id 1, client_id 127 connected
I1102 18:24:05.967612 IO-0/EL  message_connection.cpp:269] FuncWorkerConnection[1-127]: Handshake done
I1102 18:24:05.968210 Server/E engine.cpp:674] Engine: New message connection
I1102 18:24:05.968235 IO-0/EL  engine.cpp:277] Engine: Receive new handshake message from message connection
I1102 18:24:05.968239 IO-0/EL  worker_manager.cpp:60] WorkerManager: FuncWorker of func_id 1, client_id 128 connected
I1102 18:24:05.968258 IO-0/EL  message_connection.cpp:269] FuncWorkerConnection[1-128]: Handshake done
I1102 18:24:08.394503 IO-0/EL  buffer_pool.h:25] BufferPool[IO-0_Write]: Allocate new buffer, current buffer count is 3
I1102 18:24:08.394526 IO-0/EL  buffer_pool.h:25] BufferPool[IO-0_Write]: Allocate new buffer, current buffer count is 4
I1102 18:24:08.394538 IO-0/EL  buffer_pool.h:25] BufferPool[IO-0_Write]: Allocate new buffer, current buffer count is 5
I1102 18:24:08.394546 IO-0/EL  buffer_pool.h:25] BufferPool[IO-0_Write]: Allocate new buffer, current buffer count is 6
I1102 18:24:08.394556 IO-0/EL  buffer_pool.h:25] BufferPool[IO-0_Write]: Allocate new buffer, current buffer count is 7
I1102 18:24:08.394564 IO-0/EL  buffer_pool.h:25] BufferPool[IO-0_Write]: Allocate new buffer, current buffer count is 8
I1102 18:24:08.394577 IO-0/EL  buffer_pool.h:25] BufferPool[IO-0_Write]: Allocate new buffer, current buffer count is 9
I1102 18:24:08.394585 IO-0/EL  buffer_pool.h:25] BufferPool[IO-0_Write]: Allocate new buffer, current buffer count is 10
I1102 18:24:08.394595 IO-0/EL  buffer_pool.h:25] BufferPool[IO-0_Write]: Allocate new buffer, current buffer count is 11
I1102 18:24:08.853380 IO-0/EL  buffer_pool.h:25] BufferPool[IO-0_Write]: Allocate new buffer, current buffer count is 12
I1102 18:24:08.853398 IO-0/EL  buffer_pool.h:25] BufferPool[IO-0_Write]: Allocate new buffer, current buffer count is 13
I1102 18:24:08.853405 IO-0/EL  buffer_pool.h:25] BufferPool[IO-0_Write]: Allocate new buffer, current buffer count is 14
I1102 18:24:08.853413 IO-0/EL  buffer_pool.h:25] BufferPool[IO-0_Write]: Allocate new buffer, current buffer count is 15
I1102 18:24:08.853421 IO-0/EL  buffer_pool.h:25] BufferPool[IO-0_Write]: Allocate new buffer, current buffer count is 16
I1102 18:24:09.312258 IO-0/EL  buffer_pool.h:25] BufferPool[IO-0_Write]: Allocate new buffer, current buffer count is 17
I1102 18:24:09.312282 IO-0/EL  buffer_pool.h:25] BufferPool[IO-0_Write]: Allocate new buffer, current buffer count is 18
I1102 18:24:09.312291 IO-0/EL  buffer_pool.h:25] BufferPool[IO-0_Write]: Allocate new buffer, current buffer count is 19
I1102 18:24:09.312303 IO-0/EL  buffer_pool.h:25] BufferPool[IO-0_Write]: Allocate new buffer, current buffer count is 20
I1102 18:24:09.312313 IO-0/EL  buffer_pool.h:25] BufferPool[IO-0_Write]: Allocate new buffer, current buffer count is 21
I1102 18:24:09.312323 IO-0/EL  buffer_pool.h:25] BufferPool[IO-0_Write]: Allocate new buffer, current buffer count is 22
I1102 18:24:09.312335 IO-0/EL  buffer_pool.h:25] BufferPool[IO-0_Write]: Allocate new buffer, current buffer count is 23
I1102 18:24:09.312346 IO-0/EL  buffer_pool.h:25] BufferPool[IO-0_Write]: Allocate new buffer, current buffer count is 24
I1102 18:24:09.312360 IO-0/EL  buffer_pool.h:25] BufferPool[IO-0_Write]: Allocate new buffer, current buffer count is 25
I1102 18:24:09.312371 IO-0/EL  buffer_pool.h:25] BufferPool[IO-0_Write]: Allocate new buffer, current buffer count is 26
I1102 18:24:09.312384 IO-0/EL  buffer_pool.h:25] BufferPool[IO-0_Write]: Allocate new buffer, current buffer count is 27
I1102 18:24:09.312399 IO-0/EL  buffer_pool.h:25] BufferPool[IO-0_Write]: Allocate new buffer, current buffer count is 28
I1102 18:24:09.312408 IO-0/EL  buffer_pool.h:25] BufferPool[IO-0_Write]: Allocate new buffer, current buffer count is 29
I1102 18:24:09.312420 IO-0/EL  buffer_pool.h:25] BufferPool[IO-0_Write]: Allocate new buffer, current buffer count is 30
I1102 18:24:09.312429 IO-0/EL  buffer_pool.h:25] BufferPool[IO-0_Write]: Allocate new buffer, current buffer count is 31
I1102 18:24:09.312443 IO-0/EL  buffer_pool.h:25] BufferPool[IO-0_Write]: Allocate new buffer, current buffer count is 32
I1102 18:24:09.312455 IO-0/EL  buffer_pool.h:25] BufferPool[IO-0_Write]: Allocate new buffer, current buffer count is 33
I1102 18:24:09.312468 IO-0/EL  buffer_pool.h:25] BufferPool[IO-0_Write]: Allocate new buffer, current buffer count is 34
I1102 18:24:09.312478 IO-0/EL  buffer_pool.h:25] BufferPool[IO-0_Write]: Allocate new buffer, current buffer count is 35
I1102 18:24:09.312504 IO-0/EL  buffer_pool.h:25] BufferPool[IO-0_Write]: Allocate new buffer, current buffer count is 36
I1102 18:24:09.312513 IO-0/EL  buffer_pool.h:25] BufferPool[IO-0_Write]: Allocate new buffer, current buffer count is 37
I1102 18:24:09.312527 IO-0/EL  buffer_pool.h:25] BufferPool[IO-0_Write]: Allocate new buffer, current buffer count is 38
I1102 18:24:09.312538 IO-0/EL  buffer_pool.h:25] BufferPool[IO-0_Write]: Allocate new buffer, current buffer count is 39
I1102 18:24:09.312548 IO-0/EL  buffer_pool.h:25] BufferPool[IO-0_Write]: Allocate new buffer, current buffer count is 40
I1102 18:24:09.312562 IO-0/EL  buffer_pool.h:25] BufferPool[IO-0_Write]: Allocate new buffer, current buffer count is 41
I1102 18:24:09.312571 IO-0/EL  buffer_pool.h:25] BufferPool[IO-0_Write]: Allocate new buffer, current buffer count is 42
I1102 18:24:09.312584 IO-0/EL  buffer_pool.h:25] BufferPool[IO-0_Write]: Allocate new buffer, current buffer count is 43
I1102 18:24:09.312595 IO-0/EL  buffer_pool.h:25] BufferPool[IO-0_Write]: Allocate new buffer, current buffer count is 44
I1102 18:24:09.312608 IO-0/EL  buffer_pool.h:25] BufferPool[IO-0_Write]: Allocate new buffer, current buffer count is 45
I1102 18:24:09.312620 IO-0/EL  buffer_pool.h:25] BufferPool[IO-0_Write]: Allocate new buffer, current buffer count is 46
I1102 18:24:09.312632 IO-0/EL  buffer_pool.h:25] BufferPool[IO-0_Write]: Allocate new buffer, current buffer count is 47
I1102 18:24:09.312642 IO-0/EL  buffer_pool.h:25] BufferPool[IO-0_Write]: Allocate new buffer, current buffer count is 48
I1102 18:24:09.312654 IO-0/EL  buffer_pool.h:25] BufferPool[IO-0_Write]: Allocate new buffer, current buffer count is 49
I1102 18:24:09.312663 IO-0/EL  buffer_pool.h:25] BufferPool[IO-0_Write]: Allocate new buffer, current buffer count is 50
I1102 18:24:09.312675 IO-0/EL  buffer_pool.h:25] BufferPool[IO-0_Write]: Allocate new buffer, current buffer count is 51
I1102 18:24:09.312687 IO-0/EL  buffer_pool.h:25] BufferPool[IO-0_Write]: Allocate new buffer, current buffer count is 52
I1102 18:24:09.312697 IO-0/EL  buffer_pool.h:25] BufferPool[IO-0_Write]: Allocate new buffer, current buffer count is 53
I1102 18:24:09.312716 IO-0/EL  buffer_pool.h:25] BufferPool[IO-0_Write]: Allocate new buffer, current buffer count is 54
I1102 18:24:09.312727 IO-0/EL  buffer_pool.h:25] BufferPool[IO-0_Write]: Allocate new buffer, current buffer count is 55
I1102 18:24:09.312744 IO-0/EL  buffer_pool.h:25] BufferPool[IO-0_Write]: Allocate new buffer, current buffer count is 56
I1102 18:24:09.312756 IO-0/EL  buffer_pool.h:25] BufferPool[IO-0_Write]: Allocate new buffer, current buffer count is 57
I1102 18:24:09.312770 IO-0/EL  buffer_pool.h:25] BufferPool[IO-0_Write]: Allocate new buffer, current buffer count is 58
I1102 18:24:09.312779 IO-0/EL  buffer_pool.h:25] BufferPool[IO-0_Write]: Allocate new buffer, current buffer count is 59
I1102 18:24:09.312789 IO-0/EL  buffer_pool.h:25] BufferPool[IO-0_Write]: Allocate new buffer, current buffer count is 60
I1102 18:24:09.312803 IO-0/EL  buffer_pool.h:25] BufferPool[IO-0_Write]: Allocate new buffer, current buffer count is 61
I1102 18:24:09.312814 IO-0/EL  buffer_pool.h:25] BufferPool[IO-0_Write]: Allocate new buffer, current buffer count is 62
I1102 18:24:10.231040 IO-0/EL  buffer_pool.h:25] BufferPool[IO-0_Write]: Allocate new buffer, current buffer count is 63
I1102 18:24:10.231061 IO-0/EL  buffer_pool.h:25] BufferPool[IO-0_Write]: Allocate new buffer, current buffer count is 64
I1102 18:24:10.231074 IO-0/EL  buffer_pool.h:25] BufferPool[IO-0_Write]: Allocate new buffer, current buffer count is 65
I1102 18:24:10.231083 IO-0/EL  buffer_pool.h:25] BufferPool[IO-0_Write]: Allocate new buffer, current buffer count is 66
I1102 18:24:10.231096 IO-0/EL  buffer_pool.h:25] BufferPool[IO-0_Write]: Allocate new buffer, current buffer count is 67
I1102 18:24:10.231106 IO-0/EL  buffer_pool.h:25] BufferPool[IO-0_Write]: Allocate new buffer, current buffer count is 68
I1102 18:24:10.231125 IO-0/EL  buffer_pool.h:25] BufferPool[IO-0_Write]: Allocate new buffer, current buffer count is 69
I1102 18:24:10.231138 IO-0/EL  buffer_pool.h:25] BufferPool[IO-0_Write]: Allocate new buffer, current buffer count is 70
I1102 18:24:10.231149 IO-0/EL  buffer_pool.h:25] BufferPool[IO-0_Write]: Allocate new buffer, current buffer count is 71
I1102 18:24:10.231161 IO-0/EL  buffer_pool.h:25] BufferPool[IO-0_Write]: Allocate new buffer, current buffer count is 72
I1102 18:24:10.231172 IO-0/EL  buffer_pool.h:25] BufferPool[IO-0_Write]: Allocate new buffer, current buffer count is 73
I1102 18:24:10.231186 IO-0/EL  buffer_pool.h:25] BufferPool[IO-0_Write]: Allocate new buffer, current buffer count is 74
I1102 18:24:12.069115 IO-0/EL  buffer_pool.h:25] BufferPool[IO-0_Write]: Allocate new buffer, current buffer count is 75
I1102 18:24:12.069139 IO-0/EL  buffer_pool.h:25] BufferPool[IO-0_Write]: Allocate new buffer, current buffer count is 76
I1102 18:24:12.069151 IO-0/EL  buffer_pool.h:25] BufferPool[IO-0_Write]: Allocate new buffer, current buffer count is 77
I1102 18:24:12.069163 IO-0/EL  buffer_pool.h:25] BufferPool[IO-0_Write]: Allocate new buffer, current buffer count is 78
I1102 18:24:12.069174 IO-0/EL  buffer_pool.h:25] BufferPool[IO-0_Write]: Allocate new buffer, current buffer count is 79
I1102 18:24:12.069183 IO-0/EL  buffer_pool.h:25] BufferPool[IO-0_Write]: Allocate new buffer, current buffer count is 80
I1102 18:24:12.069192 IO-0/EL  buffer_pool.h:25] BufferPool[IO-0_Write]: Allocate new buffer, current buffer count is 81
I1102 18:24:12.069205 IO-0/EL  buffer_pool.h:25] BufferPool[IO-0_Write]: Allocate new buffer, current buffer count is 82
I1102 18:24:12.069216 IO-0/EL  buffer_pool.h:25] BufferPool[IO-0_Write]: Allocate new buffer, current buffer count is 83
I1102 18:24:12.069228 IO-0/EL  buffer_pool.h:25] BufferPool[IO-0_Write]: Allocate new buffer, current buffer count is 84
I1102 18:24:12.069238 IO-0/EL  buffer_pool.h:25] BufferPool[IO-0_Write]: Allocate new buffer, current buffer count is 85
I1102 18:24:12.069252 IO-0/EL  buffer_pool.h:25] BufferPool[IO-0_Write]: Allocate new buffer, current buffer count is 86
I1102 18:24:12.069261 IO-0/EL  buffer_pool.h:25] BufferPool[IO-0_Write]: Allocate new buffer, current buffer count is 87
I1102 18:24:12.069274 IO-0/EL  buffer_pool.h:25] BufferPool[IO-0_Write]: Allocate new buffer, current buffer count is 88
I1102 18:24:12.069284 IO-0/EL  buffer_pool.h:25] BufferPool[IO-0_Write]: Allocate new buffer, current buffer count is 89
I1102 18:24:12.069299 IO-0/EL  buffer_pool.h:25] BufferPool[IO-0_Write]: Allocate new buffer, current buffer count is 90
I1102 18:24:12.069310 IO-0/EL  buffer_pool.h:25] BufferPool[IO-0_Write]: Allocate new buffer, current buffer count is 91
I1102 18:24:12.069322 IO-0/EL  buffer_pool.h:25] BufferPool[IO-0_Write]: Allocate new buffer, current buffer count is 92
I1102 18:24:12.069333 IO-0/EL  buffer_pool.h:25] BufferPool[IO-0_Write]: Allocate new buffer, current buffer count is 93
I1102 18:24:12.069342 IO-0/EL  buffer_pool.h:25] BufferPool[IO-0_Write]: Allocate new buffer, current buffer count is 94
I1102 18:24:12.069354 IO-0/EL  buffer_pool.h:25] BufferPool[IO-0_Write]: Allocate new buffer, current buffer count is 95
I1102 18:24:12.069364 IO-0/EL  buffer_pool.h:25] BufferPool[IO-0_Write]: Allocate new buffer, current buffer count is 96
I1102 18:24:12.069378 IO-0/EL  buffer_pool.h:25] BufferPool[IO-0_Write]: Allocate new buffer, current buffer count is 97
I1102 18:24:12.069388 IO-0/EL  buffer_pool.h:25] BufferPool[IO-0_Write]: Allocate new buffer, current buffer count is 98
I1102 18:24:12.069402 IO-0/EL  buffer_pool.h:25] BufferPool[IO-0_Write]: Allocate new buffer, current buffer count is 99
I1102 18:24:12.069412 IO-0/EL  buffer_pool.h:25] BufferPool[IO-0_Write]: Allocate new buffer, current buffer count is 100
I1102 18:24:12.069423 IO-0/EL  buffer_pool.h:25] BufferPool[IO-0_Write]: Allocate new buffer, current buffer count is 101
I1102 18:24:12.069432 IO-0/EL  buffer_pool.h:25] BufferPool[IO-0_Write]: Allocate new buffer, current buffer count is 102
I1102 18:24:12.069454 IO-0/EL  buffer_pool.h:25] BufferPool[IO-0_Write]: Allocate new buffer, current buffer count is 103
I1102 18:24:12.069464 IO-0/EL  buffer_pool.h:25] BufferPool[IO-0_Write]: Allocate new buffer, current buffer count is 104
I1102 18:24:12.069476 IO-0/EL  buffer_pool.h:25] BufferPool[IO-0_Write]: Allocate new buffer, current buffer count is 105
I1102 18:24:12.069489 IO-0/EL  buffer_pool.h:25] BufferPool[IO-0_Write]: Allocate new buffer, current buffer count is 106
I1102 18:24:12.069498 IO-0/EL  buffer_pool.h:25] BufferPool[IO-0_Write]: Allocate new buffer, current buffer count is 107
I1102 18:24:12.069511 IO-0/EL  buffer_pool.h:25] BufferPool[IO-0_Write]: Allocate new buffer, current buffer count is 108
I1102 18:24:12.069520 IO-0/EL  buffer_pool.h:25] BufferPool[IO-0_Write]: Allocate new buffer, current buffer count is 109
I1102 18:24:12.069532 IO-0/EL  buffer_pool.h:25] BufferPool[IO-0_Write]: Allocate new buffer, current buffer count is 110
I1102 18:24:12.069542 IO-0/EL  buffer_pool.h:25] BufferPool[IO-0_Write]: Allocate new buffer, current buffer count is 111
I1102 18:24:12.069558 IO-0/EL  buffer_pool.h:25] BufferPool[IO-0_Write]: Allocate new buffer, current buffer count is 112
I1102 18:24:12.069576 IO-0/EL  buffer_pool.h:25] BufferPool[IO-0_Write]: Allocate new buffer, current buffer count is 113
I1102 18:24:12.069586 IO-0/EL  buffer_pool.h:25] BufferPool[IO-0_Write]: Allocate new buffer, current buffer count is 114
I1102 18:24:12.069597 IO-0/EL  buffer_pool.h:25] BufferPool[IO-0_Write]: Allocate new buffer, current buffer count is 115
I1102 18:24:12.069609 IO-0/EL  buffer_pool.h:25] BufferPool[IO-0_Write]: Allocate new buffer, current buffer count is 116
I1102 18:24:12.069620 IO-0/EL  buffer_pool.h:25] BufferPool[IO-0_Write]: Allocate new buffer, current buffer count is 117
I1102 18:24:12.069629 IO-0/EL  buffer_pool.h:25] BufferPool[IO-0_Write]: Allocate new buffer, current buffer count is 118
I1102 18:24:12.069640 IO-0/EL  buffer_pool.h:25] BufferPool[IO-0_Write]: Allocate new buffer, current buffer count is 119
I1102 18:24:12.069656 IO-0/EL  buffer_pool.h:25] BufferPool[IO-0_Write]: Allocate new buffer, current buffer count is 120
I1102 18:24:12.069666 IO-0/EL  buffer_pool.h:25] BufferPool[IO-0_Write]: Allocate new buffer, current buffer count is 121
I1102 18:24:12.069679 IO-0/EL  buffer_pool.h:25] BufferPool[IO-0_Write]: Allocate new buffer, current buffer count is 122
I1102 18:24:12.069688 IO-0/EL  buffer_pool.h:25] BufferPool[IO-0_Write]: Allocate new buffer, current buffer count is 123
I1102 18:24:12.069701 IO-0/EL  buffer_pool.h:25] BufferPool[IO-0_Write]: Allocate new buffer, current buffer count is 124
I1102 18:24:12.069717 IO-0/EL  buffer_pool.h:25] BufferPool[IO-0_Write]: Allocate new buffer, current buffer count is 125
I1102 18:24:12.069729 IO-0/EL  buffer_pool.h:25] BufferPool[IO-0_Write]: Allocate new buffer, current buffer count is 126
I1102 18:24:12.069741 IO-0/EL  buffer_pool.h:25] BufferPool[IO-0_Write]: Allocate new buffer, current buffer count is 127
I1102 18:24:12.069752 IO-0/EL  buffer_pool.h:25] BufferPool[IO-0_Write]: Allocate new buffer, current buffer count is 128
I1102 18:24:12.069809 IO-0/EL  buffer_pool.h:25] BufferPool[IO-0_Write]: Allocate new buffer, current buffer count is 129
I1102 18:24:12.069820 IO-0/EL  buffer_pool.h:25] BufferPool[IO-0_Write]: Allocate new buffer, current buffer count is 130
I1102 18:24:12.069830 IO-0/EL  buffer_pool.h:25] BufferPool[IO-0_Write]: Allocate new buffer, current buffer count is 131
I1102 18:24:12.069839 IO-0/EL  buffer_pool.h:25] BufferPool[IO-0_Write]: Allocate new buffer, current buffer count is 132
I1102 18:24:12.069847 IO-0/EL  buffer_pool.h:25] BufferPool[IO-0_Write]: Allocate new buffer, current buffer count is 133
I1102 18:24:12.069859 IO-0/EL  buffer_pool.h:25] BufferPool[IO-0_Write]: Allocate new buffer, current buffer count is 134
I1102 18:24:12.069876 IO-0/EL  buffer_pool.h:25] BufferPool[IO-0_Write]: Allocate new buffer, current buffer count is 135
I1102 18:24:12.069891 IO-0/EL  buffer_pool.h:25] BufferPool[IO-0_Write]: Allocate new buffer, current buffer count is 136
I1102 18:24:12.069909 IO-0/EL  buffer_pool.h:25] BufferPool[IO-0_Write]: Allocate new buffer, current buffer count is 137
I1102 18:24:12.069921 IO-0/EL  buffer_pool.h:25] BufferPool[IO-0_Write]: Allocate new buffer, current buffer count is 138
I1102 18:24:12.069930 IO-0/EL  buffer_pool.h:25] BufferPool[IO-0_Write]: Allocate new buffer, current buffer count is 139
I1102 18:24:12.069941 IO-0/EL  buffer_pool.h:25] BufferPool[IO-0_Write]: Allocate new buffer, current buffer count is 140
I1102 18:24:12.069954 IO-0/EL  buffer_pool.h:25] BufferPool[IO-0_Write]: Allocate new buffer, current buffer count is 141
I1102 18:24:12.069966 IO-0/EL  buffer_pool.h:25] BufferPool[IO-0_Write]: Allocate new buffer, current buffer count is 142
I1102 18:24:12.069976 IO-0/EL  buffer_pool.h:25] BufferPool[IO-0_Write]: Allocate new buffer, current buffer count is 143
I1102 18:24:12.069986 IO-0/EL  buffer_pool.h:25] BufferPool[IO-0_Write]: Allocate new buffer, current buffer count is 144
I1102 18:24:13.436348 Main     server_base.cpp:35] Server: Scheduled to stop
I1102 18:24:13.436523 Server/E server_base.cpp:109] Server: Start stopping process
I1102 18:24:13.436555 IO-0/EL  message_connection.cpp:284] LauncherConnection[1]: Connection closed remotely
