I1102 18:41:03.803308 Main     thread.cpp:100] Register main thread: tid=1386821
E1102 18:41:03.803553 Main     docker.cpp:59] Cannot find docker's cgroup in /proc/self/cgroup
I1102 18:41:03.803606 Main     func_config.cpp:135] Load configuration for function Echo[1]
I1102 18:41:03.803616 Main     engine.cpp:109] Engine: Start 1 IO workers
I1102 18:41:03.806854 IO-0/EL  thread.cpp:40] Start thread: IO-0/EL
I1102 18:41:03.806900 IO-0/EL  io_worker.cpp:192] IO-0: Event loop starts
Checking for file descriptor...
Got a file descriptor!
I1102 18:41:05.360930 Main     engine.cpp:180] Engine: Created 1 Machnet connections to Gateway at 10.10.1.2:10007
I1102 18:41:05.361040 Main     engine.cpp:208] Engine: Listen on /dev/shm/faas_ipc/engine.sock for IPC connections
I1102 18:41:05.361317 Server/E thread.cpp:40] Start thread: Server/EL
I1102 18:41:05.361423 Server/E server_base.cpp:50] Server: Event loop starts
I1102 18:41:05.805438 Server/E engine.cpp:674] Engine: New message connection
I1102 18:41:05.808755 IO-0/EL  buffer_pool.h:25] BufferPool[IO-0_Read]: Allocate new buffer, current buffer count is 1
I1102 18:41:05.808788 IO-0/EL  engine.cpp:277] Engine: Receive new handshake message from message connection
I1102 18:41:05.808794 IO-0/EL  worker_manager.cpp:23] WorkerManager: Launcher of func_id 1 connected
I1102 18:41:05.808798 IO-0/EL  worker_manager.cpp:131] WorkerManager: Request new FuncWorker for func_id 1 with client_id 1
I1102 18:41:05.808819 IO-0/EL  worker_manager.cpp:131] WorkerManager: Request new FuncWorker for func_id 1 with client_id 2
I1102 18:41:05.808846 IO-0/EL  buffer_pool.h:25] BufferPool[IO-0_Write]: Allocate new buffer, current buffer count is 1
I1102 18:41:05.808856 IO-0/EL  message_connection.cpp:269] LauncherConnection[1]: Handshake done
I1102 18:41:05.812959 Server/E engine.cpp:674] Engine: New message connection
I1102 18:41:05.812988 IO-0/EL  engine.cpp:277] Engine: Receive new handshake message from message connection
I1102 18:41:05.812993 IO-0/EL  worker_manager.cpp:60] WorkerManager: FuncWorker of func_id 1, client_id 1 connected
I1102 18:41:05.813007 IO-0/EL  dispatcher.cpp:47] Dispatcher[1]: min_workers=2
I1102 18:41:05.813011 IO-0/EL  dispatcher.cpp:51] Dispatcher[1]: max_workers=2
I1102 18:41:05.813032 IO-0/EL  message_connection.cpp:269] FuncWorkerConnection[1-1]: Handshake done
I1102 18:41:05.814036 Server/E engine.cpp:674] Engine: New message connection
I1102 18:41:05.814065 IO-0/EL  engine.cpp:277] Engine: Receive new handshake message from message connection
I1102 18:41:05.814071 IO-0/EL  worker_manager.cpp:60] WorkerManager: FuncWorker of func_id 1, client_id 2 connected
I1102 18:41:05.814086 IO-0/EL  message_connection.cpp:269] FuncWorkerConnection[1-2]: Handshake done
I1102 18:41:08.441291 IO-0/EL  buffer_pool.h:25] BufferPool[IO-0_Write]: Allocate new buffer, current buffer count is 2
I1102 18:41:13.493596 Main     server_base.cpp:35] Server: Scheduled to stop
I1102 18:41:13.493734 Server/E server_base.cpp:109] Server: Start stopping process
I1102 18:41:13.493788 IO-0/EL  io_worker.cpp:206] IO-0: Start stopping process
I1102 18:41:13.493840 Server/E server_base.cpp:55] Server: Event loop finishes
