I1102 18:55:32.495055 Main     thread.cpp:100] Register main thread: tid=1390825
E1102 18:55:32.495194 Main     docker.cpp:59] Cannot find docker's cgroup in /proc/self/cgroup
I1102 18:55:32.498452 Launcher thread.cpp:40] Start thread: Launcher/EL
I1102 18:55:32.498504 Launcher thread.cpp:64] Does not find cpuset setting for IO threads (can be set by FAAS_IO_THREAD_CPUSET)
I1102 18:55:32.498509 Launcher thread.cpp:82] Does not find nice setting for IO threads (can be set by FAAS_IO_THREAD_NICE)
I1102 18:55:32.498514 Launcher launcher.cpp:96] Launcher: Event loop starts
I1102 18:55:32.498533 Launcher engine_connection.cpp:93] EngineConnection: Connected to engine, start writing handshake message
I1102 18:55:32.498778 Launcher buffer_pool.h:25] BufferPool[Launcher]: Allocate new buffer, current buffer count is 1
I1102 18:55:32.498805 Launcher func_config.cpp:135] Load configuration for function Echo[1]
I1102 18:55:32.498815 Launcher engine_connection.cpp:65] EngineConnection: Handshake done
W1102 18:55:32.511344 Launcher engine_connection.cpp:166] EngineConnection: nread=0, will do nothing
I1102 18:55:40.476716 Main     launcher.cpp:44] Launcher: Scheduled to stop
E1102 18:55:40.476975 Launcher launcher.cpp:72] Launcher: Connection to engine disconnected
I1102 18:55:40.477011 Launcher launcher.cpp:44] Launcher: Scheduled to stop
W1102 18:55:40.500232 Launcher launcher.cpp:87] Launcher: Function process 1 terminated
W1102 18:55:40.513104 Launcher launcher.cpp:87] Launcher: Function process 11 terminated
W1102 18:55:40.513119 Launcher launcher.cpp:87] Launcher: Function process 9 terminated
W1102 18:55:40.513313 Launcher launcher.cpp:87] Launcher: Function process 15 terminated
W1102 18:55:40.513322 Launcher launcher.cpp:87] Launcher: Function process 12 terminated
W1102 18:55:40.513328 Launcher launcher.cpp:87] Launcher: Function process 8 terminated
W1102 18:55:40.513334 Launcher launcher.cpp:87] Launcher: Function process 4 terminated
W1102 18:55:40.513519 Launcher launcher.cpp:87] Launcher: Function process 13 terminated
W1102 18:55:40.513529 Launcher launcher.cpp:87] Launcher: Function process 10 terminated
W1102 18:55:40.513656 Launcher launcher.cpp:87] Launcher: Function process 14 terminated
W1102 18:55:40.513664 Launcher launcher.cpp:87] Launcher: Function process 7 terminated
W1102 18:55:40.513671 Launcher launcher.cpp:87] Launcher: Function process 3 terminated
W1102 18:55:40.513849 Launcher launcher.cpp:87] Launcher: Function process 6 terminated
W1102 18:55:40.513861 Launcher launcher.cpp:87] Launcher: Function process 5 terminated
W1102 18:55:40.513867 Launcher launcher.cpp:87] Launcher: Function process 2 terminated
W1102 18:55:40.513872 Launcher launcher.cpp:87] Launcher: Function process 0 terminated
I1102 18:55:40.513878 Launcher launcher.cpp:101] Launcher: Event loop finishes
I1102 18:55:40.513957 Main     launcher.cpp:68] Launcher: Stopped
