$ /users/vj2267/nightcore/benchmarks/run_bench.sh --duration 5 --workers 32 --remote vj2267@sm110p-10s10615.wisc.cloudlab.us --remote_addr 10.10.1.2 --machnet --local_machnet_ip 10.10.1.1 --mode hyperlight --target_rps 70000

=== Nightcore Stress Test (hyperlight mode) ===
Mode: hyperlight
Function: Echo
Workers: 32
Duration: 5 seconds
Target RPS (global): 70000
Input size: 64 bytes
Inflight limit per connection: 1
Engine IO workers: 1
Gateway conns per worker: 1
Warmup: 0 seconds
Stress Client: Remote (vj2267@sm110p-10s10615.wisc.cloudlab.us)
Engine Connection Address: 10.10.1.2 (explicit)
Transport: Machnet
  Remote Machnet IP: 10.10.1.2
  Local Machnet IP: 10.10.1.1

Cleaning up any existing stress_client on remote...
Starting stress_client on remote host vj2267@sm110p-10s10615.wisc.cloudlab.us...
  Remote SSH process PID: 1392392
  Output will be saved to: /users/vj2267/nightcore/benchmarks/outputs/stress_client_remote.txt
Waiting for remote stress_client to start...
I1102 18:59:42.820458 Main     thread.cpp:100] Register main thread: tid=1163953
I1102 18:59:42.820531 Main     stress_client.cpp:179] Using Machnet transport on 10.10.1.2:10007
I1102 18:59:42.820536 Main     stress_client_machnet.cpp:37] Starting Machnet event-loop thread...
[Loop Thread 128261629671104] Machnet event-loop thread started
I1102 18:59:42.823781 Server/E thread.cpp:40] Start thread: Server/EL
I1102 18:59:42.823823 Server/E server_base.cpp:50] Server: Event loop starts
I1102 18:59:43.323881 Main     stress_client.cpp:43] === Nightcore Stress Test ===
I1102 18:59:43.323918 Main     stress_client.cpp:44] Function ID: 1
I1102 18:59:43.323926 Main     stress_client.cpp:45] Method ID: 0
I1102 18:59:43.323930 Main     stress_client.cpp:46] Input size: 64 bytes
I1102 18:59:43.323935 Main     stress_client.cpp:47] Global target RPS: 70000
I1102 18:59:43.323941 Main     stress_client.cpp:50] Inflight limit per connection: 1
I1102 18:59:43.323946 Main     stress_client.cpp:51] Warmup: 0s, Duration: 5s
I1102 18:59:43.323951 Main     stress_client.cpp:53] 
I1102 18:59:43.323956 Main     stress_client.cpp:54] ========================================
I1102 18:59:43.323960 Main     stress_client.cpp:57] Waiting for Engine to connect...
Checking for file descriptor...
Got a file descriptor!
Listening on Machnet 10.10.1.2:10007 for Engine connections[Loop Thread 128261629671104] Machnet listener created
Starting Engine (connecting to 10.10.1.2:10007)...
  Engine PID: 1392403
New Machnet connection created: 168427777:1024 -> 168427778:10007
[Receive Thread 128261629671104] Handshake: pinned send flow 168427778:10007 -> 168427777:1024
[Loop Thread 128261629671104] Now sending on flow 168427778:10007 -> 168427777:1024
I1102 18:59:47.427614 Main     stress_client.cpp:71] Engine connected with 1 connection(s)
I1102 18:59:47.427648 Main     stress_client.cpp:73] Global target RPS: 70000
I1102 18:59:47.427654 Main     stress_client.cpp:76] 
I1102 18:59:47.427659 Main     stress_client.cpp:79] Waiting 3 seconds for workers to initialize...
Starting Launcher with 32 workers...
All components started. Stress test will begin after warmup...

I1102 18:59:51.431673 Main     stress_common.cpp:30] [T+1s] Sent: 71433 | Completed: 71429 | Failed: 0 | Latencies: 71429
I1102 18:59:52.433352 Main     stress_common.cpp:30] [T+2s] Sent: 142878 | Completed: 142875 | Failed: 0 | Latencies: 142875
I1102 18:59:53.434392 Main     stress_common.cpp:30] [T+3s] Sent: 214307 | Completed: 214304 | Failed: 0 | Latencies: 214304
I1102 18:59:54.435579 Main     stress_common.cpp:30] [T+4s] Sent: 285739 | Completed: 285735 | Failed: 0 | Latencies: 285735
I1102 18:59:55.436835 Main     stress_common.cpp:30] [T+5s] Sent: 356603 | Completed: 356603 | Failed: 0 | Latencies: 350000
I1102 18:59:55.436858 Main     stress_client.cpp:116] 
I1102 18:59:55.437414 Main     stress_common.cpp:42] ========================================
I1102 18:59:55.437422 Main     stress_common.cpp:43] === Stress Test Results ===
I1102 18:59:55.437427 Main     stress_common.cpp:44] ========================================
I1102 18:59:55.437432 Main     stress_common.cpp:45] Transport:         Machnet
I1102 18:59:55.437438 Main     stress_common.cpp:46] Connections:       1
I1102 18:59:55.437443 Main     stress_common.cpp:47] Duration:          5.01 seconds
I1102 18:59:55.437470 Main     stress_common.cpp:48] Total Sent:        356603
I1102 18:59:55.437475 Main     stress_common.cpp:49] Total Completed:   356603 (100.00%)
I1102 18:59:55.437482 Main     stress_common.cpp:52] Total Failed:      0 (0.00%)
I1102 18:59:55.437489 Main     stress_common.cpp:55] 
I1102 18:59:55.437493 Main     stress_common.cpp:56] Throughput:        71235.3 rps
I1102 18:59:55.437499 Main     stress_common.cpp:57] 
I1102 18:59:55.472588 Main     stress_common.cpp:71] Latency (us):
I1102 18:59:55.472605 Main     stress_common.cpp:72]   Min:    27
I1102 18:59:55.472613 Main     stress_common.cpp:73]   p50:    58
I1102 18:59:55.472619 Main     stress_common.cpp:74]   p90:    62
I1102 18:59:55.472624 Main     stress_common.cpp:75]   p99:    70
I1102 18:59:55.472629 Main     stress_common.cpp:76]   p99.9:  138
I1102 18:59:55.472633 Main     stress_common.cpp:77]   Max:    1564
I1102 18:59:55.472639 Main     stress_common.cpp:82] ========================================
I1102 18:59:55.472646 Main     server_base.cpp:35] Server: Scheduled to stop
I1102 18:59:55.472775 Server/E server_base.cpp:109] Server: Start stopping process
[Loop Thread 128261629671104] Machnet event-loop thread finished
I1102 18:59:55.472879 Server/E server_base.cpp:55] Server: Event loop finishes
I1102 18:59:55.472986 Main     server_base.cpp:46] Server: Stopped

Stress test completed. Shutting down...

Copying results from remote host...
Remote stress_client output:
I1102 18:59:42.820458 Main     thread.cpp:100] Register main thread: tid=1163953
I1102 18:59:42.820531 Main     stress_client.cpp:179] Using Machnet transport on 10.10.1.2:10007
I1102 18:59:42.820536 Main     stress_client_machnet.cpp:37] Starting Machnet event-loop thread...
[Loop Thread 128261629671104] Machnet event-loop thread started
I1102 18:59:42.823781 Server/E thread.cpp:40] Start thread: Server/EL
I1102 18:59:42.823823 Server/E server_base.cpp:50] Server: Event loop starts
I1102 18:59:43.323881 Main     stress_client.cpp:43] === Nightcore Stress Test ===
I1102 18:59:43.323918 Main     stress_client.cpp:44] Function ID: 1
I1102 18:59:43.323926 Main     stress_client.cpp:45] Method ID: 0
I1102 18:59:43.323930 Main     stress_client.cpp:46] Input size: 64 bytes
I1102 18:59:43.323935 Main     stress_client.cpp:47] Global target RPS: 70000
I1102 18:59:43.323941 Main     stress_client.cpp:50] Inflight limit per connection: 1
I1102 18:59:43.323946 Main     stress_client.cpp:51] Warmup: 0s, Duration: 5s
I1102 18:59:43.323951 Main     stress_client.cpp:53] 
I1102 18:59:43.323956 Main     stress_client.cpp:54] ========================================
I1102 18:59:43.323960 Main     stress_client.cpp:57] Waiting for Engine to connect...
Checking for file descriptor...
Got a file descriptor!
Listening on Machnet 10.10.1.2:10007 for Engine connections[Loop Thread 128261629671104] Machnet listener created
New Machnet connection created: 168427777:1024 -> 168427778:10007
[Receive Thread 128261629671104] Handshake: pinned send flow 168427778:10007 -> 168427777:1024
[Loop Thread 128261629671104] Now sending on flow 168427778:10007 -> 168427777:1024
I1102 18:59:47.427614 Main     stress_client.cpp:71] Engine connected with 1 connection(s)
I1102 18:59:47.427648 Main     stress_client.cpp:73] Global target RPS: 70000
I1102 18:59:47.427654 Main     stress_client.cpp:76] 
I1102 18:59:47.427659 Main     stress_client.cpp:79] Waiting 3 seconds for workers to initialize...
I1102 18:59:51.431673 Main     stress_common.cpp:30] [T+1s] Sent: 71433 | Completed: 71429 | Failed: 0 | Latencies: 71429
I1102 18:59:52.433352 Main     stress_common.cpp:30] [T+2s] Sent: 142878 | Completed: 142875 | Failed: 0 | Latencies: 142875
I1102 18:59:53.434392 Main     stress_common.cpp:30] [T+3s] Sent: 214307 | Completed: 214304 | Failed: 0 | Latencies: 214304
I1102 18:59:54.435579 Main     stress_common.cpp:30] [T+4s] Sent: 285739 | Completed: 285735 | Failed: 0 | Latencies: 285735
I1102 18:59:55.436835 Main     stress_common.cpp:30] [T+5s] Sent: 356603 | Completed: 356603 | Failed: 0 | Latencies: 350000
I1102 18:59:55.436858 Main     stress_client.cpp:116] 
I1102 18:59:55.437414 Main     stress_common.cpp:42] ========================================
I1102 18:59:55.437422 Main     stress_common.cpp:43] === Stress Test Results ===
I1102 18:59:55.437427 Main     stress_common.cpp:44] ========================================
I1102 18:59:55.437432 Main     stress_common.cpp:45] Transport:         Machnet
I1102 18:59:55.437438 Main     stress_common.cpp:46] Connections:       1
I1102 18:59:55.437443 Main     stress_common.cpp:47] Duration:          5.01 seconds
I1102 18:59:55.437470 Main     stress_common.cpp:48] Total Sent:        356603
I1102 18:59:55.437475 Main     stress_common.cpp:49] Total Completed:   356603 (100.00%)
I1102 18:59:55.437482 Main     stress_common.cpp:52] Total Failed:      0 (0.00%)
I1102 18:59:55.437489 Main     stress_common.cpp:55] 
I1102 18:59:55.437493 Main     stress_common.cpp:56] Throughput:        71235.3 rps
I1102 18:59:55.437499 Main     stress_common.cpp:57] 
I1102 18:59:55.472588 Main     stress_common.cpp:71] Latency (us):
I1102 18:59:55.472605 Main     stress_common.cpp:72]   Min:    27
I1102 18:59:55.472613 Main     stress_common.cpp:73]   p50:    58
I1102 18:59:55.472619 Main     stress_common.cpp:74]   p90:    62
I1102 18:59:55.472624 Main     stress_common.cpp:75]   p99:    70
I1102 18:59:55.472629 Main     stress_common.cpp:76]   p99.9:  138
I1102 18:59:55.472633 Main     stress_common.cpp:77]   Max:    1564
I1102 18:59:55.472639 Main     stress_common.cpp:82] ========================================
I1102 18:59:55.472646 Main     server_base.cpp:35] Server: Scheduled to stop
I1102 18:59:55.472775 Server/E server_base.cpp:109] Server: Start stopping process
[Loop Thread 128261629671104] Machnet event-loop thread finished
I1102 18:59:55.472879 Server/E server_base.cpp:55] Server: Event loop finishes
I1102 18:59:55.472986 Main     server_base.cpp:46] Server: Stopped

Cleaning up any remaining remote stress_client processes...

Logs saved to:
  Engine:   /users/vj2267/nightcore/benchmarks/outputs/engine.log
  Launcher: /users/vj2267/nightcore/benchmarks/outputs/launcher.log
  Workers:  /users/vj2267/nightcore/benchmarks/outputs/Echo_worker_*.stdout
