I1102 18:00:34.571588 Main     thread.cpp:100] Register main thread: tid=1368545
E1102 18:00:34.571736 Main     docker.cpp:59] Cannot find docker's cgroup in /proc/self/cgroup
I1102 18:00:34.574986 Launcher thread.cpp:40] Start thread: Launcher/EL
I1102 18:00:34.575034 Launcher thread.cpp:64] Does not find cpuset setting for IO threads (can be set by FAAS_IO_THREAD_CPUSET)
I1102 18:00:34.575040 Launcher thread.cpp:82] Does not find nice setting for IO threads (can be set by FAAS_IO_THREAD_NICE)
I1102 18:00:34.575044 Launcher launcher.cpp:96] Launcher: Event loop starts
I1102 18:00:34.575063 Launcher engine_connection.cpp:93] EngineConnection: Connected to engine, start writing handshake message
I1102 18:00:34.575190 Launcher buffer_pool.h:25] BufferPool[Launcher]: Allocate new buffer, current buffer count is 1
I1102 18:00:34.575216 Launcher func_config.cpp:135] Load configuration for function Noop[1]
I1102 18:00:34.575226 Launcher engine_connection.cpp:65] EngineConnection: Handshake done
W1102 18:00:34.579406 Launcher engine_connection.cpp:166] EngineConnection: nread=0, will do nothing
I1102 18:00:42.509571 Main     launcher.cpp:44] Launcher: Scheduled to stop
E1102 18:00:42.509796 Launcher launcher.cpp:72] Launcher: Connection to engine disconnected
I1102 18:00:42.509846 Launcher launcher.cpp:44] Launcher: Scheduled to stop
W1102 18:00:42.510399 Launcher launcher.cpp:87] Launcher: Function process 3 terminated
W1102 18:00:42.510413 Launcher launcher.cpp:87] Launcher: Function process 2 terminated
W1102 18:00:42.510420 Launcher launcher.cpp:87] Launcher: Function process 0 terminated
W1102 18:00:42.510463 Launcher launcher.cpp:87] Launcher: Function process 1 terminated
I1102 18:00:42.510470 Launcher launcher.cpp:101] Launcher: Event loop finishes
I1102 18:00:42.510531 Main     launcher.cpp:68] Launcher: Stopped
