I1102 18:42:11.882366 Main     thread.cpp:100] Register main thread: tid=1387136
E1102 18:42:11.882612 Main     docker.cpp:59] Cannot find docker's cgroup in /proc/self/cgroup
I1102 18:42:11.882660 Main     func_config.cpp:135] Load configuration for function Echo[1]
I1102 18:42:11.882670 Main     engine.cpp:109] Engine: Start 1 IO workers
I1102 18:42:11.885923 IO-0/EL  thread.cpp:40] Start thread: IO-0/EL
I1102 18:42:11.885967 IO-0/EL  io_worker.cpp:192] IO-0: Event loop starts
Checking for file descriptor...
Got a file descriptor!
I1102 18:42:13.361091 Main     engine.cpp:180] Engine: Created 1 Machnet connections to Gateway at 10.10.1.2:10007
I1102 18:42:13.361156 Main     engine.cpp:208] Engine: Listen on /dev/shm/faas_ipc/engine.sock for IPC connections
I1102 18:42:13.361374 Server/E thread.cpp:40] Start thread: Server/EL
I1102 18:42:13.361470 Server/E server_base.cpp:50] Server: Event loop starts
I1102 18:42:13.883262 Server/E engine.cpp:674] Engine: New message connection
I1102 18:42:13.886546 IO-0/EL  buffer_pool.h:25] BufferPool[IO-0_Read]: Allocate new buffer, current buffer count is 1
I1102 18:42:13.886583 IO-0/EL  engine.cpp:277] Engine: Receive new handshake message from message connection
I1102 18:42:13.886588 IO-0/EL  worker_manager.cpp:23] WorkerManager: Launcher of func_id 1 connected
I1102 18:42:13.886593 IO-0/EL  worker_manager.cpp:131] WorkerManager: Request new FuncWorker for func_id 1 with client_id 1
I1102 18:42:13.886615 IO-0/EL  worker_manager.cpp:131] WorkerManager: Request new FuncWorker for func_id 1 with client_id 2
I1102 18:42:13.886642 IO-0/EL  buffer_pool.h:25] BufferPool[IO-0_Write]: Allocate new buffer, current buffer count is 1
I1102 18:42:13.886652 IO-0/EL  message_connection.cpp:269] LauncherConnection[1]: Handshake done
I1102 18:42:13.889549 Server/E engine.cpp:674] Engine: New message connection
I1102 18:42:13.889576 IO-0/EL  engine.cpp:277] Engine: Receive new handshake message from message connection
I1102 18:42:13.889582 IO-0/EL  worker_manager.cpp:60] WorkerManager: FuncWorker of func_id 1, client_id 1 connected
I1102 18:42:13.889598 IO-0/EL  dispatcher.cpp:47] Dispatcher[1]: min_workers=2
I1102 18:42:13.889602 IO-0/EL  dispatcher.cpp:51] Dispatcher[1]: max_workers=2
I1102 18:42:13.889623 IO-0/EL  message_connection.cpp:269] FuncWorkerConnection[1-1]: Handshake done
I1102 18:42:13.890403 Server/E engine.cpp:674] Engine: New message connection
I1102 18:42:13.890427 IO-0/EL  engine.cpp:277] Engine: Receive new handshake message from message connection
I1102 18:42:13.890436 IO-0/EL  worker_manager.cpp:60] WorkerManager: FuncWorker of func_id 1, client_id 2 connected
I1102 18:42:13.890460 IO-0/EL  message_connection.cpp:269] FuncWorkerConnection[1-2]: Handshake done
I1102 18:42:16.414951 IO-0/EL  buffer_pool.h:25] BufferPool[IO-0_Write]: Allocate new buffer, current buffer count is 2
I1102 18:42:21.463619 Main     server_base.cpp:35] Server: Scheduled to stop
I1102 18:42:21.463814 Server/E server_base.cpp:109] Server: Start stopping process
I1102 18:42:21.463887 IO-0/EL  io_worker.cpp:206] IO-0: Start stopping process
