I1102 18:46:26.544491 Main     thread.cpp:100] Register main thread: tid=1388184
E1102 18:46:26.544748 Main     docker.cpp:59] Cannot find docker's cgroup in /proc/self/cgroup
I1102 18:46:26.544807 Main     func_config.cpp:135] Load configuration for function Echo[1]
I1102 18:46:26.544818 Main     engine.cpp:109] Engine: Start 1 IO workers
I1102 18:46:26.548052 IO-0/EL  thread.cpp:40] Start thread: IO-0/EL
I1102 18:46:26.548096 IO-0/EL  io_worker.cpp:192] IO-0: Event loop starts
Checking for file descriptor...
Got a file descriptor!
I1102 18:46:28.362157 Main     engine.cpp:180] Engine: Created 1 Machnet connections to Gateway at 10.10.1.2:10007
I1102 18:46:28.362273 Main     engine.cpp:208] Engine: Listen on /dev/shm/faas_ipc/engine.sock for IPC connections
I1102 18:46:28.362470 Server/E thread.cpp:40] Start thread: Server/EL
I1102 18:46:28.362596 Server/E server_base.cpp:50] Server: Event loop starts
I1102 18:46:28.544923 Server/E engine.cpp:674] Engine: New message connection
I1102 18:46:28.548213 IO-0/EL  buffer_pool.h:25] BufferPool[IO-0_Read]: Allocate new buffer, current buffer count is 1
I1102 18:46:28.548244 IO-0/EL  engine.cpp:277] Engine: Receive new handshake message from message connection
I1102 18:46:28.548250 IO-0/EL  worker_manager.cpp:23] WorkerManager: Launcher of func_id 1 connected
I1102 18:46:28.548254 IO-0/EL  worker_manager.cpp:131] WorkerManager: Request new FuncWorker for func_id 1 with client_id 1
I1102 18:46:28.548273 IO-0/EL  worker_manager.cpp:131] WorkerManager: Request new FuncWorker for func_id 1 with client_id 2
I1102 18:46:28.548285 IO-0/EL  worker_manager.cpp:131] WorkerManager: Request new FuncWorker for func_id 1 with client_id 3
I1102 18:46:28.548295 IO-0/EL  worker_manager.cpp:131] WorkerManager: Request new FuncWorker for func_id 1 with client_id 4
I1102 18:46:28.548320 IO-0/EL  buffer_pool.h:25] BufferPool[IO-0_Write]: Allocate new buffer, current buffer count is 1
I1102 18:46:28.548332 IO-0/EL  message_connection.cpp:269] LauncherConnection[1]: Handshake done
I1102 18:46:28.553039 Server/E engine.cpp:674] Engine: New message connection
I1102 18:46:28.553070 IO-0/EL  engine.cpp:277] Engine: Receive new handshake message from message connection
I1102 18:46:28.553076 IO-0/EL  worker_manager.cpp:60] WorkerManager: FuncWorker of func_id 1, client_id 1 connected
I1102 18:46:28.553086 IO-0/EL  dispatcher.cpp:47] Dispatcher[1]: min_workers=4
I1102 18:46:28.553095 IO-0/EL  dispatcher.cpp:51] Dispatcher[1]: max_workers=4
I1102 18:46:28.553118 IO-0/EL  message_connection.cpp:269] FuncWorkerConnection[1-1]: Handshake done
I1102 18:46:28.554300 Server/E engine.cpp:674] Engine: New message connection
I1102 18:46:28.554325 IO-0/EL  engine.cpp:277] Engine: Receive new handshake message from message connection
I1102 18:46:28.554330 IO-0/EL  worker_manager.cpp:60] WorkerManager: FuncWorker of func_id 1, client_id 3 connected
I1102 18:46:28.554347 IO-0/EL  message_connection.cpp:269] FuncWorkerConnection[1-3]: Handshake done
I1102 18:46:28.554396 Server/E engine.cpp:674] Engine: New message connection
I1102 18:46:28.554423 IO-0/EL  engine.cpp:277] Engine: Receive new handshake message from message connection
I1102 18:46:28.554430 IO-0/EL  worker_manager.cpp:60] WorkerManager: FuncWorker of func_id 1, client_id 4 connected
I1102 18:46:28.554446 IO-0/EL  message_connection.cpp:269] FuncWorkerConnection[1-4]: Handshake done
I1102 18:46:28.555198 Server/E engine.cpp:674] Engine: New message connection
I1102 18:46:28.555220 IO-0/EL  engine.cpp:277] Engine: Receive new handshake message from message connection
I1102 18:46:28.555225 IO-0/EL  worker_manager.cpp:60] WorkerManager: FuncWorker of func_id 1, client_id 2 connected
I1102 18:46:28.555239 IO-0/EL  message_connection.cpp:269] FuncWorkerConnection[1-2]: Handshake done
I1102 18:46:31.374960 IO-0/EL  buffer_pool.h:25] BufferPool[IO-0_Write]: Allocate new buffer, current buffer count is 2
I1102 18:46:31.374988 IO-0/EL  buffer_pool.h:25] BufferPool[IO-0_Write]: Allocate new buffer, current buffer count is 3
I1102 18:46:31.374999 IO-0/EL  buffer_pool.h:25] BufferPool[IO-0_Write]: Allocate new buffer, current buffer count is 4
I1102 18:46:36.529882 Main     server_base.cpp:35] Server: Scheduled to stop
I1102 18:46:36.530095 Server/E server_base.cpp:109] Server: Start stopping process
I1102 18:46:36.530145 IO-0/EL  message_connection.cpp:284] LauncherConnection[1]: Connection closed remotely
