I1102 18:46:28.544742 Main     thread.cpp:100] Register main thread: tid=1388189
E1102 18:46:28.544874 Main     docker.cpp:59] Cannot find docker's cgroup in /proc/self/cgroup
I1102 18:46:28.548118 Launcher thread.cpp:40] Start thread: Launcher/EL
I1102 18:46:28.548167 Launcher thread.cpp:64] Does not find cpuset setting for IO threads (can be set by FAAS_IO_THREAD_CPUSET)
I1102 18:46:28.548173 Launcher thread.cpp:82] Does not find nice setting for IO threads (can be set by FAAS_IO_THREAD_NICE)
I1102 18:46:28.548176 Launcher launcher.cpp:96] Launcher: Event loop starts
I1102 18:46:28.548195 Launcher engine_connection.cpp:93] EngineConnection: Connected to engine, start writing handshake message
I1102 18:46:28.548317 Launcher buffer_pool.h:25] BufferPool[Launcher]: Allocate new buffer, current buffer count is 1
I1102 18:46:28.548349 Launcher func_config.cpp:135] Load configuration for function Echo[1]
I1102 18:46:28.548359 Launcher engine_connection.cpp:65] EngineConnection: Handshake done
W1102 18:46:28.552109 Launcher engine_connection.cpp:166] EngineConnection: nread=0, will do nothing
I1102 18:46:36.529958 Main     launcher.cpp:44] Launcher: Scheduled to stop
E1102 18:46:36.530183 Launcher launcher.cpp:72] Launcher: Connection to engine disconnected
I1102 18:46:36.530232 Launcher launcher.cpp:44] Launcher: Scheduled to stop
W1102 18:46:36.560121 Launcher launcher.cpp:87] Launcher: Function process 1 terminated
W1102 18:46:36.573100 Launcher launcher.cpp:87] Launcher: Function process 2 terminated
W1102 18:46:36.573166 Launcher launcher.cpp:87] Launcher: Function process 0 terminated
W1102 18:46:36.573416 Launcher launcher.cpp:87] Launcher: Function process 3 terminated
I1102 18:46:36.573428 Launcher launcher.cpp:101] Launcher: Event loop finishes
I1102 18:46:36.573514 Main     launcher.cpp:68] Launcher: Stopped
