$ /users/vj2267/nightcore/benchmarks/run_bench.sh --duration 5 --workers 4 --remote vj2267@sm110p-10s10615.wisc.cloudlab.us --remote_addr 10.10.1.2 --machnet --local_machnet_ip 10.10.1.1 --mode hyperlight --target_rps 50000

=== Nightcore Stress Test (hyperlight mode) ===
Mode: hyperlight
Function: Echo
Workers: 4
Duration: 5 seconds
Target RPS (global): 50000
Input size: 64 bytes
Inflight limit per connection: 1
Engine IO workers: 1
Gateway conns per worker: 1
Warmup: 0 seconds
Stress Client: Remote (vj2267@sm110p-10s10615.wisc.cloudlab.us)
Engine Connection Address: 10.10.1.2 (explicit)
Transport: Machnet
  Remote Machnet IP: 10.10.1.2
  Local Machnet IP: 10.10.1.1

Cleaning up any existing stress_client on remote...
Starting stress_client on remote host vj2267@sm110p-10s10615.wisc.cloudlab.us...
  Remote SSH process PID: 1387562
  Output will be saved to: /users/vj2267/nightcore/benchmarks/outputs/stress_client_remote.txt
Waiting for remote stress_client to start...
I1102 18:43:50.751064 Main     thread.cpp:100] Register main thread: tid=1152237
I1102 18:43:50.751144 Main     stress_client.cpp:179] Using Machnet transport on 10.10.1.2:10007
I1102 18:43:50.751148 Main     stress_client_machnet.cpp:37] Starting Machnet event-loop thread...
[Loop Thread 123406001370816] Machnet event-loop thread started
I1102 18:43:50.754393 Server/E thread.cpp:40] Start thread: Server/EL
I1102 18:43:50.754435 Server/E server_base.cpp:50] Server: Event loop starts
I1102 18:43:51.254504 Main     stress_client.cpp:43] === Nightcore Stress Test ===
I1102 18:43:51.254541 Main     stress_client.cpp:44] Function ID: 1
I1102 18:43:51.254549 Main     stress_client.cpp:45] Method ID: 0
I1102 18:43:51.254554 Main     stress_client.cpp:46] Input size: 64 bytes
I1102 18:43:51.254559 Main     stress_client.cpp:47] Global target RPS: 50000
I1102 18:43:51.254564 Main     stress_client.cpp:50] Inflight limit per connection: 1
I1102 18:43:51.254569 Main     stress_client.cpp:51] Warmup: 0s, Duration: 5s
I1102 18:43:51.254574 Main     stress_client.cpp:53] 
I1102 18:43:51.254579 Main     stress_client.cpp:54] ========================================
I1102 18:43:51.254583 Main     stress_client.cpp:57] Waiting for Engine to connect...
Checking for file descriptor...
Got a file descriptor!
Listening on Machnet 10.10.1.2:10007 for Engine connections[Loop Thread 123406001370816] Machnet listener created
Starting Engine (connecting to 10.10.1.2:10007)...
  Engine PID: 1387564
New Machnet connection created: 168427777:1024 -> 168427778:10007
[Receive Thread 123406001370816] Handshake: pinned send flow 168427778:10007 -> 168427777:1024
[Loop Thread 123406001370816] Now sending on flow 168427778:10007 -> 168427777:1024
Starting Launcher with 4 workers...
All components started. Stress test will begin after warmup...

I1102 18:43:55.458551 Main     stress_client.cpp:71] Engine connected with 1 connection(s)
I1102 18:43:55.458585 Main     stress_client.cpp:73] Global target RPS: 50000
I1102 18:43:55.458591 Main     stress_client.cpp:76] 
I1102 18:43:55.458596 Main     stress_client.cpp:79] Waiting 3 seconds for workers to initialize...
I1102 18:43:59.461496 Main     stress_common.cpp:30] [T+1s] Sent: 50004 | Completed: 50002 | Failed: 0 | Latencies: 50002
I1102 18:44:00.462773 Main     stress_common.cpp:30] [T+2s] Sent: 100018 | Completed: 100016 | Failed: 0 | Latencies: 100016
I1102 18:44:01.463572 Main     stress_common.cpp:30] [T+3s] Sent: 150022 | Completed: 150020 | Failed: 0 | Latencies: 150020
I1102 18:44:02.464472 Main     stress_common.cpp:30] [T+4s] Sent: 200027 | Completed: 200025 | Failed: 0 | Latencies: 200025
I1102 18:44:03.465460 Main     stress_common.cpp:30] [T+5s] Sent: 249737 | Completed: 249737 | Failed: 0 | Latencies: 249737
I1102 18:44:03.465494 Main     stress_client.cpp:116] 
I1102 18:44:03.465866 Main     stress_common.cpp:42] ========================================
I1102 18:44:03.465874 Main     stress_common.cpp:43] === Stress Test Results ===
I1102 18:44:03.465879 Main     stress_common.cpp:44] ========================================
I1102 18:44:03.465883 Main     stress_common.cpp:45] Transport:         Machnet
I1102 18:44:03.465889 Main     stress_common.cpp:46] Connections:       1
I1102 18:44:03.465894 Main     stress_common.cpp:47] Duration:          5.00 seconds
I1102 18:44:03.465905 Main     stress_common.cpp:48] Total Sent:        249737
I1102 18:44:03.465910 Main     stress_common.cpp:49] Total Completed:   249737 (100.00%)
I1102 18:44:03.465916 Main     stress_common.cpp:52] Total Failed:      0 (0.00%)
I1102 18:44:03.465923 Main     stress_common.cpp:55] 
I1102 18:44:03.465928 Main     stress_common.cpp:56] Throughput:        49900.9 rps
I1102 18:44:03.465934 Main     stress_common.cpp:57] 
I1102 18:44:03.483779 Main     stress_common.cpp:71] Latency (us):
I1102 18:44:03.483793 Main     stress_common.cpp:72]   Min:    30
I1102 18:44:03.483800 Main     stress_common.cpp:73]   p50:    39
I1102 18:44:03.483806 Main     stress_common.cpp:74]   p90:    41
I1102 18:44:03.483810 Main     stress_common.cpp:75]   p99:    45
I1102 18:44:03.483815 Main     stress_common.cpp:76]   p99.9:  77
I1102 18:44:03.483820 Main     stress_common.cpp:77]   Max:    1109
I1102 18:44:03.483825 Main     stress_common.cpp:82] ========================================
I1102 18:44:03.483830 Main     server_base.cpp:35] Server: Scheduled to stop
I1102 18:44:03.483884 Server/E server_base.cpp:109] Server: Start stopping process
[Loop Thread 123406001370816] Machnet event-loop thread finished
I1102 18:44:03.483992 Server/E server_base.cpp:55] Server: Event loop finishes
I1102 18:44:03.484101 Main     server_base.cpp:46] Server: Stopped

Stress test completed. Shutting down...

Copying results from remote host...
Remote stress_client output:
I1102 18:43:50.751064 Main     thread.cpp:100] Register main thread: tid=1152237
I1102 18:43:50.751144 Main     stress_client.cpp:179] Using Machnet transport on 10.10.1.2:10007
I1102 18:43:50.751148 Main     stress_client_machnet.cpp:37] Starting Machnet event-loop thread...
[Loop Thread 123406001370816] Machnet event-loop thread started
I1102 18:43:50.754393 Server/E thread.cpp:40] Start thread: Server/EL
I1102 18:43:50.754435 Server/E server_base.cpp:50] Server: Event loop starts
I1102 18:43:51.254504 Main     stress_client.cpp:43] === Nightcore Stress Test ===
I1102 18:43:51.254541 Main     stress_client.cpp:44] Function ID: 1
I1102 18:43:51.254549 Main     stress_client.cpp:45] Method ID: 0
I1102 18:43:51.254554 Main     stress_client.cpp:46] Input size: 64 bytes
I1102 18:43:51.254559 Main     stress_client.cpp:47] Global target RPS: 50000
I1102 18:43:51.254564 Main     stress_client.cpp:50] Inflight limit per connection: 1
I1102 18:43:51.254569 Main     stress_client.cpp:51] Warmup: 0s, Duration: 5s
I1102 18:43:51.254574 Main     stress_client.cpp:53] 
I1102 18:43:51.254579 Main     stress_client.cpp:54] ========================================
I1102 18:43:51.254583 Main     stress_client.cpp:57] Waiting for Engine to connect...
Checking for file descriptor...
Got a file descriptor!
Listening on Machnet 10.10.1.2:10007 for Engine connections[Loop Thread 123406001370816] Machnet listener created
New Machnet connection created: 168427777:1024 -> 168427778:10007
[Receive Thread 123406001370816] Handshake: pinned send flow 168427778:10007 -> 168427777:1024
[Loop Thread 123406001370816] Now sending on flow 168427778:10007 -> 168427777:1024
I1102 18:43:55.458551 Main     stress_client.cpp:71] Engine connected with 1 connection(s)
I1102 18:43:55.458585 Main     stress_client.cpp:73] Global target RPS: 50000
I1102 18:43:55.458591 Main     stress_client.cpp:76] 
I1102 18:43:55.458596 Main     stress_client.cpp:79] Waiting 3 seconds for workers to initialize...
I1102 18:43:59.461496 Main     stress_common.cpp:30] [T+1s] Sent: 50004 | Completed: 50002 | Failed: 0 | Latencies: 50002
I1102 18:44:00.462773 Main     stress_common.cpp:30] [T+2s] Sent: 100018 | Completed: 100016 | Failed: 0 | Latencies: 100016
I1102 18:44:01.463572 Main     stress_common.cpp:30] [T+3s] Sent: 150022 | Completed: 150020 | Failed: 0 | Latencies: 150020
I1102 18:44:02.464472 Main     stress_common.cpp:30] [T+4s] Sent: 200027 | Completed: 200025 | Failed: 0 | Latencies: 200025
I1102 18:44:03.465460 Main     stress_common.cpp:30] [T+5s] Sent: 249737 | Completed: 249737 | Failed: 0 | Latencies: 249737
I1102 18:44:03.465494 Main     stress_client.cpp:116] 
I1102 18:44:03.465866 Main     stress_common.cpp:42] ========================================
I1102 18:44:03.465874 Main     stress_common.cpp:43] === Stress Test Results ===
I1102 18:44:03.465879 Main     stress_common.cpp:44] ========================================
I1102 18:44:03.465883 Main     stress_common.cpp:45] Transport:         Machnet
I1102 18:44:03.465889 Main     stress_common.cpp:46] Connections:       1
I1102 18:44:03.465894 Main     stress_common.cpp:47] Duration:          5.00 seconds
I1102 18:44:03.465905 Main     stress_common.cpp:48] Total Sent:        249737
I1102 18:44:03.465910 Main     stress_common.cpp:49] Total Completed:   249737 (100.00%)
I1102 18:44:03.465916 Main     stress_common.cpp:52] Total Failed:      0 (0.00%)
I1102 18:44:03.465923 Main     stress_common.cpp:55] 
I1102 18:44:03.465928 Main     stress_common.cpp:56] Throughput:        49900.9 rps
I1102 18:44:03.465934 Main     stress_common.cpp:57] 
I1102 18:44:03.483779 Main     stress_common.cpp:71] Latency (us):
I1102 18:44:03.483793 Main     stress_common.cpp:72]   Min:    30
I1102 18:44:03.483800 Main     stress_common.cpp:73]   p50:    39
I1102 18:44:03.483806 Main     stress_common.cpp:74]   p90:    41
I1102 18:44:03.483810 Main     stress_common.cpp:75]   p99:    45
I1102 18:44:03.483815 Main     stress_common.cpp:76]   p99.9:  77
I1102 18:44:03.483820 Main     stress_common.cpp:77]   Max:    1109
I1102 18:44:03.483825 Main     stress_common.cpp:82] ========================================
I1102 18:44:03.483830 Main     server_base.cpp:35] Server: Scheduled to stop
I1102 18:44:03.483884 Server/E server_base.cpp:109] Server: Start stopping process
[Loop Thread 123406001370816] Machnet event-loop thread finished
I1102 18:44:03.483992 Server/E server_base.cpp:55] Server: Event loop finishes
I1102 18:44:03.484101 Main     server_base.cpp:46] Server: Stopped

Cleaning up any remaining remote stress_client processes...

Logs saved to:
  Engine:   /users/vj2267/nightcore/benchmarks/outputs/engine.log
  Launcher: /users/vj2267/nightcore/benchmarks/outputs/launcher.log
  Workers:  /users/vj2267/nightcore/benchmarks/outputs/Echo_worker_*.stdout
