I1102 18:43:55.430550 Main     thread.cpp:100] Register main thread: tid=1387576
E1102 18:43:55.430686 Main     docker.cpp:59] Cannot find docker's cgroup in /proc/self/cgroup
I1102 18:43:55.433918 Launcher thread.cpp:40] Start thread: Launcher/EL
I1102 18:43:55.433963 Launcher thread.cpp:64] Does not find cpuset setting for IO threads (can be set by FAAS_IO_THREAD_CPUSET)
I1102 18:43:55.433969 Launcher thread.cpp:82] Does not find nice setting for IO threads (can be set by FAAS_IO_THREAD_NICE)
I1102 18:43:55.433973 Launcher launcher.cpp:96] Launcher: Event loop starts
I1102 18:43:55.433992 Launcher engine_connection.cpp:93] EngineConnection: Connected to engine, start writing handshake message
I1102 18:43:55.434114 Launcher buffer_pool.h:25] BufferPool[Launcher]: Allocate new buffer, current buffer count is 1
I1102 18:43:55.434140 Launcher func_config.cpp:135] Load configuration for function Echo[1]
I1102 18:43:55.434150 Launcher engine_connection.cpp:65] EngineConnection: Handshake done
W1102 18:43:55.438084 Launcher engine_connection.cpp:166] EngineConnection: nread=0, will do nothing
I1102 18:44:03.489705 Main     launcher.cpp:44] Launcher: Scheduled to stop
E1102 18:44:03.489952 Launcher launcher.cpp:72] Launcher: Connection to engine disconnected
I1102 18:44:03.489987 Launcher launcher.cpp:44] Launcher: Scheduled to stop
W1102 18:44:03.505117 Launcher launcher.cpp:87] Launcher: Function process 0 terminated
W1102 18:44:03.513323 Launcher launcher.cpp:87] Launcher: Function process 3 terminated
W1102 18:44:03.513372 Launcher launcher.cpp:87] Launcher: Function process 2 terminated
W1102 18:44:03.513384 Launcher launcher.cpp:87] Launcher: Function process 1 terminated
I1102 18:44:03.513395 Launcher launcher.cpp:101] Launcher: Event loop finishes
I1102 18:44:03.513465 Main     launcher.cpp:68] Launcher: Stopped
