$ /users/vj2267/nightcore/benchmarks/run_bench.sh --duration 5 --workers 64 --remote vj2267@sm110p-10s10615.wisc.cloudlab.us --remote_addr 10.10.1.2 --machnet --local_machnet_ip 10.10.1.1 --mode noop --target_rps 275000

=== Nightcore Stress Test (noop mode) ===
Mode: noop
Function: Noop
Workers: 64
Duration: 5 seconds
Target RPS (global): 275000
Input size: 64 bytes
Inflight limit per connection: 1
Engine IO workers: 1
Gateway conns per worker: 1
Warmup: 0 seconds
Stress Client: Remote (vj2267@sm110p-10s10615.wisc.cloudlab.us)
Engine Connection Address: 10.10.1.2 (explicit)
Transport: Machnet
  Remote Machnet IP: 10.10.1.2
  Local Machnet IP: 10.10.1.1

Cleaning up any existing stress_client on remote...
Starting stress_client on remote host vj2267@sm110p-10s10615.wisc.cloudlab.us...
  Remote SSH process PID: 1375327
  Output will be saved to: /users/vj2267/nightcore/benchmarks/outputs/stress_client_remote.txt
Waiting for remote stress_client to start...
I1102 18:21:45.286802 Main     thread.cpp:100] Register main thread: tid=1135941
I1102 18:21:45.286877 Main     stress_client.cpp:179] Using Machnet transport on 10.10.1.2:10007
I1102 18:21:45.286882 Main     stress_client_machnet.cpp:37] Starting Machnet event-loop thread...
[Loop Thread 129178349336256] Machnet event-loop thread started
I1102 18:21:45.290127 Server/E thread.cpp:40] Start thread: Server/EL
I1102 18:21:45.290163 Server/E server_base.cpp:50] Server: Event loop starts
Checking for file descriptor...
Got a file descriptor!
I1102 18:21:45.790202 Main     stress_client.cpp:43] === Nightcore Stress Test ===
I1102 18:21:45.790221 Main     stress_client.cpp:44] Function ID: 1
I1102 18:21:45.790224 Main     stress_client.cpp:45] Method ID: 0
I1102 18:21:45.790226 Main     stress_client.cpp:46] Input size: 64 bytes
I1102 18:21:45.790228 Main     stress_client.cpp:47] Global target RPS: 275000
I1102 18:21:45.790230 Main     stress_client.cpp:50] Inflight limit per connection: 1
I1102 18:21:45.790232 Main     stress_client.cpp:51] Warmup: 0s, Duration: 5s
I1102 18:21:45.790234 Main     stress_client.cpp:53] 
I1102 18:21:45.790235 Main     stress_client.cpp:54] ========================================
I1102 18:21:45.790237 Main     stress_client.cpp:57] Waiting for Engine to connect...
Listening on Machnet 10.10.1.2:10007 for Engine connections[Loop Thread 129178349336256] Machnet listener created
Starting Engine (connecting to 10.10.1.2:10007)...
  Engine PID: 1375353
New Machnet connection created: 168427777:1024 -> 168427778:10007
[Receive Thread 129178349336256] Handshake: pinned send flow 168427778:10007 -> 168427777:1024
[Loop Thread 129178349336256] Now sending on flow 168427778:10007 -> 168427777:1024
I1102 18:21:49.393685 Main     stress_client.cpp:71] Engine connected with 1 connection(s)
I1102 18:21:49.393721 Main     stress_client.cpp:73] Global target RPS: 275000
I1102 18:21:49.393727 Main     stress_client.cpp:76] 
I1102 18:21:49.393732 Main     stress_client.cpp:79] Waiting 3 seconds for workers to initialize...
Starting Launcher with 64 workers...
All components started. Stress test will begin after warmup...

I1102 18:21:53.407744 Main     stress_common.cpp:30] [T+1s] Sent: 333226 | Completed: 179952 | Failed: 0 | Latencies: 179952
I1102 18:21:54.411785 Main     stress_common.cpp:30] [T+2s] Sent: 666638 | Completed: 350888 | Failed: 0 | Latencies: 350888
I1102 18:21:55.414385 Main     stress_common.cpp:30] [T+3s] Sent: 999924 | Completed: 520590 | Failed: 0 | Latencies: 520590
I1102 18:21:56.417256 Main     stress_common.cpp:30] [T+4s] Sent: 1333196 | Completed: 683871 | Failed: 0 | Latencies: 683871
I1102 18:21:57.420499 Main     stress_common.cpp:30] [T+5s] Sent: 1658657 | Completed: 851693 | Failed: 0 | Latencies: 851693
I1102 18:21:57.420541 Main     stress_client.cpp:116] 
I1102 18:21:57.422045 Main     stress_common.cpp:42] ========================================
I1102 18:21:57.422055 Main     stress_common.cpp:43] === Stress Test Results ===
I1102 18:21:57.422061 Main     stress_common.cpp:44] ========================================
I1102 18:21:57.422067 Main     stress_common.cpp:45] Transport:         Machnet
I1102 18:21:57.422074 Main     stress_common.cpp:46] Connections:       1
I1102 18:21:57.422082 Main     stress_common.cpp:47] Duration:          5.01 seconds
I1102 18:21:57.422092 Main     stress_common.cpp:48] Total Sent:        1658657
I1102 18:21:57.422099 Main     stress_common.cpp:49] Total Completed:   851967 (51.36%)
I1102 18:21:57.422110 Main     stress_common.cpp:52] Total Failed:      0 (0.00%)
I1102 18:21:57.422125 Main     stress_common.cpp:55] 
I1102 18:21:57.422129 Main     stress_common.cpp:56] Throughput:        169892.0 rps
I1102 18:21:57.422136 Main     stress_common.cpp:57] 
I1102 18:21:57.477965 Main     stress_common.cpp:71] Latency (us):
I1102 18:21:57.477978 Main     stress_common.cpp:72]   Min:    1349
I1102 18:21:57.477983 Main     stress_common.cpp:73]   p50:    1148511
I1102 18:21:57.477986 Main     stress_common.cpp:74]   p90:    2232302
I1102 18:21:57.477989 Main     stress_common.cpp:75]   p99:    2442651
I1102 18:21:57.477992 Main     stress_common.cpp:76]   p99.9:  2449874
I1102 18:21:57.477995 Main     stress_common.cpp:77]   Max:    2453370
I1102 18:21:57.477998 Main     stress_common.cpp:82] ========================================
I1102 18:21:57.478002 Main     server_base.cpp:35] Server: Scheduled to stop
I1102 18:21:57.478138 Server/E server_base.cpp:109] Server: Start stopping process
[Loop Thread 129178349336256] Machnet event-loop thread finished
I1102 18:21:57.478241 Server/E server_base.cpp:55] Server: Event loop finishes
I1102 18:21:57.478357 Main     server_base.cpp:46] Server: Stopped

Stress test completed. Shutting down...
/users/vj2267/nightcore/benchmarks/run_bench.sh: line 416: 1375353 Segmentation fault      (core dumped) $ENGINE_CMD > $BASE_DIR/outputs/engine.log 2>&1

Copying results from remote host...
Remote stress_client output:
I1102 18:21:45.286802 Main     thread.cpp:100] Register main thread: tid=1135941
I1102 18:21:45.286877 Main     stress_client.cpp:179] Using Machnet transport on 10.10.1.2:10007
I1102 18:21:45.286882 Main     stress_client_machnet.cpp:37] Starting Machnet event-loop thread...
[Loop Thread 129178349336256] Machnet event-loop thread started
I1102 18:21:45.290127 Server/E thread.cpp:40] Start thread: Server/EL
I1102 18:21:45.290163 Server/E server_base.cpp:50] Server: Event loop starts
Checking for file descriptor...
Got a file descriptor!
I1102 18:21:45.790202 Main     stress_client.cpp:43] === Nightcore Stress Test ===
I1102 18:21:45.790221 Main     stress_client.cpp:44] Function ID: 1
I1102 18:21:45.790224 Main     stress_client.cpp:45] Method ID: 0
I1102 18:21:45.790226 Main     stress_client.cpp:46] Input size: 64 bytes
I1102 18:21:45.790228 Main     stress_client.cpp:47] Global target RPS: 275000
I1102 18:21:45.790230 Main     stress_client.cpp:50] Inflight limit per connection: 1
I1102 18:21:45.790232 Main     stress_client.cpp:51] Warmup: 0s, Duration: 5s
I1102 18:21:45.790234 Main     stress_client.cpp:53] 
I1102 18:21:45.790235 Main     stress_client.cpp:54] ========================================
I1102 18:21:45.790237 Main     stress_client.cpp:57] Waiting for Engine to connect...
Listening on Machnet 10.10.1.2:10007 for Engine connections[Loop Thread 129178349336256] Machnet listener created
New Machnet connection created: 168427777:1024 -> 168427778:10007
[Receive Thread 129178349336256] Handshake: pinned send flow 168427778:10007 -> 168427777:1024
[Loop Thread 129178349336256] Now sending on flow 168427778:10007 -> 168427777:1024
I1102 18:21:49.393685 Main     stress_client.cpp:71] Engine connected with 1 connection(s)
I1102 18:21:49.393721 Main     stress_client.cpp:73] Global target RPS: 275000
I1102 18:21:49.393727 Main     stress_client.cpp:76] 
I1102 18:21:49.393732 Main     stress_client.cpp:79] Waiting 3 seconds for workers to initialize...
I1102 18:21:53.407744 Main     stress_common.cpp:30] [T+1s] Sent: 333226 | Completed: 179952 | Failed: 0 | Latencies: 179952
I1102 18:21:54.411785 Main     stress_common.cpp:30] [T+2s] Sent: 666638 | Completed: 350888 | Failed: 0 | Latencies: 350888
I1102 18:21:55.414385 Main     stress_common.cpp:30] [T+3s] Sent: 999924 | Completed: 520590 | Failed: 0 | Latencies: 520590
I1102 18:21:56.417256 Main     stress_common.cpp:30] [T+4s] Sent: 1333196 | Completed: 683871 | Failed: 0 | Latencies: 683871
I1102 18:21:57.420499 Main     stress_common.cpp:30] [T+5s] Sent: 1658657 | Completed: 851693 | Failed: 0 | Latencies: 851693
I1102 18:21:57.420541 Main     stress_client.cpp:116] 
I1102 18:21:57.422045 Main     stress_common.cpp:42] ========================================
I1102 18:21:57.422055 Main     stress_common.cpp:43] === Stress Test Results ===
I1102 18:21:57.422061 Main     stress_common.cpp:44] ========================================
I1102 18:21:57.422067 Main     stress_common.cpp:45] Transport:         Machnet
I1102 18:21:57.422074 Main     stress_common.cpp:46] Connections:       1
I1102 18:21:57.422082 Main     stress_common.cpp:47] Duration:          5.01 seconds
I1102 18:21:57.422092 Main     stress_common.cpp:48] Total Sent:        1658657
I1102 18:21:57.422099 Main     stress_common.cpp:49] Total Completed:   851967 (51.36%)
I1102 18:21:57.422110 Main     stress_common.cpp:52] Total Failed:      0 (0.00%)
I1102 18:21:57.422125 Main     stress_common.cpp:55] 
I1102 18:21:57.422129 Main     stress_common.cpp:56] Throughput:        169892.0 rps
I1102 18:21:57.422136 Main     stress_common.cpp:57] 
I1102 18:21:57.477965 Main     stress_common.cpp:71] Latency (us):
I1102 18:21:57.477978 Main     stress_common.cpp:72]   Min:    1349
I1102 18:21:57.477983 Main     stress_common.cpp:73]   p50:    1148511
I1102 18:21:57.477986 Main     stress_common.cpp:74]   p90:    2232302
I1102 18:21:57.477989 Main     stress_common.cpp:75]   p99:    2442651
I1102 18:21:57.477992 Main     stress_common.cpp:76]   p99.9:  2449874
I1102 18:21:57.477995 Main     stress_common.cpp:77]   Max:    2453370
I1102 18:21:57.477998 Main     stress_common.cpp:82] ========================================
I1102 18:21:57.478002 Main     server_base.cpp:35] Server: Scheduled to stop
I1102 18:21:57.478138 Server/E server_base.cpp:109] Server: Start stopping process
[Loop Thread 129178349336256] Machnet event-loop thread finished
I1102 18:21:57.478241 Server/E server_base.cpp:55] Server: Event loop finishes
I1102 18:21:57.478357 Main     server_base.cpp:46] Server: Stopped

Cleaning up any remaining remote stress_client processes...

Logs saved to:
  Engine:   /users/vj2267/nightcore/benchmarks/outputs/engine.log
  Launcher: /users/vj2267/nightcore/benchmarks/outputs/launcher.log
  Workers:  /users/vj2267/nightcore/benchmarks/outputs/Noop_worker_*.stdout
