I1102 18:15:33.533866 Main     thread.cpp:100] Register main thread: tid=1372736
E1102 18:15:33.534317 Main     docker.cpp:59] Cannot find docker's cgroup in /proc/self/cgroup
I1102 18:15:33.534375 Main     func_config.cpp:135] Load configuration for function Noop[1]
I1102 18:15:33.534385 Main     engine.cpp:109] Engine: Start 1 IO workers
I1102 18:15:33.537634 IO-0/EL  thread.cpp:40] Start thread: IO-0/EL
I1102 18:15:33.537663 IO-0/EL  io_worker.cpp:192] IO-0: Event loop starts
Checking for file descriptor...
Got a file descriptor!
I1102 18:15:35.354999 Main     engine.cpp:180] Engine: Created 1 Machnet connections to Gateway at 10.10.1.2:10007
I1102 18:15:35.355112 Main     engine.cpp:208] Engine: Listen on /dev/shm/faas_ipc/engine.sock for IPC connections
I1102 18:15:35.355384 Server/E thread.cpp:40] Start thread: Server/EL
I1102 18:15:35.355509 Server/E server_base.cpp:50] Server: Event loop starts
I1102 18:15:35.536645 Server/E engine.cpp:674] Engine: New message connection
I1102 18:15:35.539897 IO-0/EL  buffer_pool.h:25] BufferPool[IO-0_Read]: Allocate new buffer, current buffer count is 1
I1102 18:15:35.539923 IO-0/EL  engine.cpp:277] Engine: Receive new handshake message from message connection
I1102 18:15:35.539927 IO-0/EL  worker_manager.cpp:23] WorkerManager: Launcher of func_id 1 connected
I1102 18:15:35.539931 IO-0/EL  worker_manager.cpp:131] WorkerManager: Request new FuncWorker for func_id 1 with client_id 1
I1102 18:15:35.539947 IO-0/EL  worker_manager.cpp:131] WorkerManager: Request new FuncWorker for func_id 1 with client_id 2
I1102 18:15:35.539956 IO-0/EL  worker_manager.cpp:131] WorkerManager: Request new FuncWorker for func_id 1 with client_id 3
I1102 18:15:35.539963 IO-0/EL  worker_manager.cpp:131] WorkerManager: Request new FuncWorker for func_id 1 with client_id 4
I1102 18:15:35.539971 IO-0/EL  worker_manager.cpp:131] WorkerManager: Request new FuncWorker for func_id 1 with client_id 5
I1102 18:15:35.539978 IO-0/EL  worker_manager.cpp:131] WorkerManager: Request new FuncWorker for func_id 1 with client_id 6
I1102 18:15:35.539986 IO-0/EL  worker_manager.cpp:131] WorkerManager: Request new FuncWorker for func_id 1 with client_id 7
I1102 18:15:35.539994 IO-0/EL  worker_manager.cpp:131] WorkerManager: Request new FuncWorker for func_id 1 with client_id 8
I1102 18:15:35.540004 IO-0/EL  worker_manager.cpp:131] WorkerManager: Request new FuncWorker for func_id 1 with client_id 9
I1102 18:15:35.540012 IO-0/EL  worker_manager.cpp:131] WorkerManager: Request new FuncWorker for func_id 1 with client_id 10
I1102 18:15:35.540020 IO-0/EL  worker_manager.cpp:131] WorkerManager: Request new FuncWorker for func_id 1 with client_id 11
I1102 18:15:35.540027 IO-0/EL  worker_manager.cpp:131] WorkerManager: Request new FuncWorker for func_id 1 with client_id 12
I1102 18:15:35.540036 IO-0/EL  worker_manager.cpp:131] WorkerManager: Request new FuncWorker for func_id 1 with client_id 13
I1102 18:15:35.540044 IO-0/EL  worker_manager.cpp:131] WorkerManager: Request new FuncWorker for func_id 1 with client_id 14
I1102 18:15:35.540051 IO-0/EL  worker_manager.cpp:131] WorkerManager: Request new FuncWorker for func_id 1 with client_id 15
I1102 18:15:35.540059 IO-0/EL  worker_manager.cpp:131] WorkerManager: Request new FuncWorker for func_id 1 with client_id 16
I1102 18:15:35.540067 IO-0/EL  worker_manager.cpp:131] WorkerManager: Request new FuncWorker for func_id 1 with client_id 17
I1102 18:15:35.540081 IO-0/EL  worker_manager.cpp:131] WorkerManager: Request new FuncWorker for func_id 1 with client_id 18
I1102 18:15:35.540088 IO-0/EL  worker_manager.cpp:131] WorkerManager: Request new FuncWorker for func_id 1 with client_id 19
I1102 18:15:35.540097 IO-0/EL  worker_manager.cpp:131] WorkerManager: Request new FuncWorker for func_id 1 with client_id 20
I1102 18:15:35.540105 IO-0/EL  worker_manager.cpp:131] WorkerManager: Request new FuncWorker for func_id 1 with client_id 21
I1102 18:15:35.540112 IO-0/EL  worker_manager.cpp:131] WorkerManager: Request new FuncWorker for func_id 1 with client_id 22
I1102 18:15:35.540120 IO-0/EL  worker_manager.cpp:131] WorkerManager: Request new FuncWorker for func_id 1 with client_id 23
I1102 18:15:35.540143 IO-0/EL  worker_manager.cpp:131] WorkerManager: Request new FuncWorker for func_id 1 with client_id 24
I1102 18:15:35.540151 IO-0/EL  worker_manager.cpp:131] WorkerManager: Request new FuncWorker for func_id 1 with client_id 25
I1102 18:15:35.540158 IO-0/EL  worker_manager.cpp:131] WorkerManager: Request new FuncWorker for func_id 1 with client_id 26
I1102 18:15:35.540166 IO-0/EL  worker_manager.cpp:131] WorkerManager: Request new FuncWorker for func_id 1 with client_id 27
I1102 18:15:35.540176 IO-0/EL  worker_manager.cpp:131] WorkerManager: Request new FuncWorker for func_id 1 with client_id 28
I1102 18:15:35.540185 IO-0/EL  worker_manager.cpp:131] WorkerManager: Request new FuncWorker for func_id 1 with client_id 29
I1102 18:15:35.540192 IO-0/EL  worker_manager.cpp:131] WorkerManager: Request new FuncWorker for func_id 1 with client_id 30
I1102 18:15:35.540200 IO-0/EL  worker_manager.cpp:131] WorkerManager: Request new FuncWorker for func_id 1 with client_id 31
I1102 18:15:35.540208 IO-0/EL  worker_manager.cpp:131] WorkerManager: Request new FuncWorker for func_id 1 with client_id 32
I1102 18:15:35.540244 IO-0/EL  buffer_pool.h:25] BufferPool[IO-0_Write]: Allocate new buffer, current buffer count is 1
I1102 18:15:35.540268 IO-0/EL  message_connection.cpp:269] LauncherConnection[1]: Handshake done
I1102 18:15:35.544274 Server/E engine.cpp:674] Engine: New message connection
I1102 18:15:35.544303 IO-0/EL  engine.cpp:277] Engine: Receive new handshake message from message connection
I1102 18:15:35.544308 IO-0/EL  worker_manager.cpp:60] WorkerManager: FuncWorker of func_id 1, client_id 1 connected
I1102 18:15:35.544317 IO-0/EL  dispatcher.cpp:47] Dispatcher[1]: min_workers=32
I1102 18:15:35.544321 IO-0/EL  dispatcher.cpp:51] Dispatcher[1]: max_workers=32
I1102 18:15:35.544340 IO-0/EL  message_connection.cpp:269] FuncWorkerConnection[1-1]: Handshake done
I1102 18:15:35.545499 Server/E engine.cpp:674] Engine: New message connection
I1102 18:15:35.545520 IO-0/EL  engine.cpp:277] Engine: Receive new handshake message from message connection
I1102 18:15:35.545525 IO-0/EL  worker_manager.cpp:60] WorkerManager: FuncWorker of func_id 1, client_id 2 connected
I1102 18:15:35.545537 IO-0/EL  message_connection.cpp:269] FuncWorkerConnection[1-2]: Handshake done
I1102 18:15:35.545945 Server/E engine.cpp:674] Engine: New message connection
I1102 18:15:35.545967 IO-0/EL  engine.cpp:277] Engine: Receive new handshake message from message connection
I1102 18:15:35.545971 IO-0/EL  worker_manager.cpp:60] WorkerManager: FuncWorker of func_id 1, client_id 3 connected
I1102 18:15:35.545983 IO-0/EL  message_connection.cpp:269] FuncWorkerConnection[1-3]: Handshake done
I1102 18:15:35.546340 Server/E engine.cpp:674] Engine: New message connection
I1102 18:15:35.546360 IO-0/EL  engine.cpp:277] Engine: Receive new handshake message from message connection
I1102 18:15:35.546364 IO-0/EL  worker_manager.cpp:60] WorkerManager: FuncWorker of func_id 1, client_id 4 connected
I1102 18:15:35.546375 IO-0/EL  message_connection.cpp:269] FuncWorkerConnection[1-4]: Handshake done
I1102 18:15:35.547912 Server/E engine.cpp:674] Engine: New message connection
I1102 18:15:35.547933 IO-0/EL  engine.cpp:277] Engine: Receive new handshake message from message connection
I1102 18:15:35.547937 IO-0/EL  worker_manager.cpp:60] WorkerManager: FuncWorker of func_id 1, client_id 5 connected
I1102 18:15:35.547948 IO-0/EL  message_connection.cpp:269] FuncWorkerConnection[1-5]: Handshake done
I1102 18:15:35.548845 Server/E engine.cpp:674] Engine: New message connection
I1102 18:15:35.548873 IO-0/EL  engine.cpp:277] Engine: Receive new handshake message from message connection
I1102 18:15:35.548877 IO-0/EL  worker_manager.cpp:60] WorkerManager: FuncWorker of func_id 1, client_id 6 connected
I1102 18:15:35.548888 IO-0/EL  message_connection.cpp:269] FuncWorkerConnection[1-6]: Handshake done
I1102 18:15:35.549797 Server/E engine.cpp:674] Engine: New message connection
I1102 18:15:35.549833 IO-0/EL  engine.cpp:277] Engine: Receive new handshake message from message connection
I1102 18:15:35.549837 IO-0/EL  worker_manager.cpp:60] WorkerManager: FuncWorker of func_id 1, client_id 7 connected
I1102 18:15:35.549848 IO-0/EL  message_connection.cpp:269] FuncWorkerConnection[1-7]: Handshake done
I1102 18:15:35.550294 Server/E engine.cpp:674] Engine: New message connection
I1102 18:15:35.550334 IO-0/EL  engine.cpp:277] Engine: Receive new handshake message from message connection
I1102 18:15:35.550337 IO-0/EL  worker_manager.cpp:60] WorkerManager: FuncWorker of func_id 1, client_id 8 connected
I1102 18:15:35.550348 IO-0/EL  message_connection.cpp:269] FuncWorkerConnection[1-8]: Handshake done
I1102 18:15:35.552398 Server/E engine.cpp:674] Engine: New message connection
I1102 18:15:35.552433 IO-0/EL  engine.cpp:277] Engine: Receive new handshake message from message connection
I1102 18:15:35.552438 IO-0/EL  worker_manager.cpp:60] WorkerManager: FuncWorker of func_id 1, client_id 9 connected
I1102 18:15:35.552449 IO-0/EL  message_connection.cpp:269] FuncWorkerConnection[1-9]: Handshake done
I1102 18:15:35.552691 Server/E engine.cpp:674] Engine: New message connection
I1102 18:15:35.552716 IO-0/EL  engine.cpp:277] Engine: Receive new handshake message from message connection
I1102 18:15:35.552720 IO-0/EL  worker_manager.cpp:60] WorkerManager: FuncWorker of func_id 1, client_id 11 connected
I1102 18:15:35.552731 IO-0/EL  message_connection.cpp:269] FuncWorkerConnection[1-11]: Handshake done
I1102 18:15:35.552790 Server/E engine.cpp:674] Engine: New message connection
I1102 18:15:35.552814 IO-0/EL  engine.cpp:277] Engine: Receive new handshake message from message connection
I1102 18:15:35.552818 IO-0/EL  worker_manager.cpp:60] WorkerManager: FuncWorker of func_id 1, client_id 10 connected
I1102 18:15:35.552829 IO-0/EL  message_connection.cpp:269] FuncWorkerConnection[1-10]: Handshake done
I1102 18:15:35.553587 Server/E engine.cpp:674] Engine: New message connection
I1102 18:15:35.553637 IO-0/EL  engine.cpp:277] Engine: Receive new handshake message from message connection
I1102 18:15:35.553642 IO-0/EL  worker_manager.cpp:60] WorkerManager: FuncWorker of func_id 1, client_id 13 connected
I1102 18:15:35.553653 IO-0/EL  message_connection.cpp:269] FuncWorkerConnection[1-13]: Handshake done
I1102 18:15:35.553737 Server/E engine.cpp:674] Engine: New message connection
I1102 18:15:35.553760 IO-0/EL  engine.cpp:277] Engine: Receive new handshake message from message connection
I1102 18:15:35.553765 IO-0/EL  worker_manager.cpp:60] WorkerManager: FuncWorker of func_id 1, client_id 12 connected
I1102 18:15:35.553776 IO-0/EL  message_connection.cpp:269] FuncWorkerConnection[1-12]: Handshake done
I1102 18:15:35.553894 Server/E engine.cpp:674] Engine: New message connection
I1102 18:15:35.553918 IO-0/EL  engine.cpp:277] Engine: Receive new handshake message from message connection
I1102 18:15:35.553922 IO-0/EL  worker_manager.cpp:60] WorkerManager: FuncWorker of func_id 1, client_id 14 connected
I1102 18:15:35.553938 IO-0/EL  message_connection.cpp:269] FuncWorkerConnection[1-14]: Handshake done
I1102 18:15:35.554506 Server/E engine.cpp:674] Engine: New message connection
I1102 18:15:35.554551 IO-0/EL  engine.cpp:277] Engine: Receive new handshake message from message connection
I1102 18:15:35.554555 IO-0/EL  worker_manager.cpp:60] WorkerManager: FuncWorker of func_id 1, client_id 15 connected
I1102 18:15:35.554567 IO-0/EL  message_connection.cpp:269] FuncWorkerConnection[1-15]: Handshake done
I1102 18:15:35.554884 Server/E engine.cpp:674] Engine: New message connection
I1102 18:15:35.554934 IO-0/EL  engine.cpp:277] Engine: Receive new handshake message from message connection
I1102 18:15:35.554938 IO-0/EL  worker_manager.cpp:60] WorkerManager: FuncWorker of func_id 1, client_id 16 connected
I1102 18:15:35.554950 IO-0/EL  message_connection.cpp:269] FuncWorkerConnection[1-16]: Handshake done
I1102 18:15:35.555358 Server/E engine.cpp:674] Engine: New message connection
I1102 18:15:35.555392 IO-0/EL  engine.cpp:277] Engine: Receive new handshake message from message connection
I1102 18:15:35.555402 IO-0/EL  worker_manager.cpp:60] WorkerManager: FuncWorker of func_id 1, client_id 17 connected
I1102 18:15:35.555417 IO-0/EL  message_connection.cpp:269] FuncWorkerConnection[1-17]: Handshake done
I1102 18:15:35.555737 Server/E engine.cpp:674] Engine: New message connection
I1102 18:15:35.555763 IO-0/EL  engine.cpp:277] Engine: Receive new handshake message from message connection
I1102 18:15:35.555767 IO-0/EL  worker_manager.cpp:60] WorkerManager: FuncWorker of func_id 1, client_id 18 connected
I1102 18:15:35.555778 IO-0/EL  message_connection.cpp:269] FuncWorkerConnection[1-18]: Handshake done
I1102 18:15:35.556223 Server/E engine.cpp:674] Engine: New message connection
I1102 18:15:35.556246 IO-0/EL  engine.cpp:277] Engine: Receive new handshake message from message connection
I1102 18:15:35.556250 IO-0/EL  worker_manager.cpp:60] WorkerManager: FuncWorker of func_id 1, client_id 19 connected
I1102 18:15:35.556261 IO-0/EL  message_connection.cpp:269] FuncWorkerConnection[1-19]: Handshake done
I1102 18:15:35.556668 Server/E engine.cpp:674] Engine: New message connection
I1102 18:15:35.556690 IO-0/EL  engine.cpp:277] Engine: Receive new handshake message from message connection
I1102 18:15:35.556694 IO-0/EL  worker_manager.cpp:60] WorkerManager: FuncWorker of func_id 1, client_id 20 connected
I1102 18:15:35.556704 IO-0/EL  message_connection.cpp:269] FuncWorkerConnection[1-20]: Handshake done
I1102 18:15:35.557199 Server/E engine.cpp:674] Engine: New message connection
I1102 18:15:35.557223 IO-0/EL  engine.cpp:277] Engine: Receive new handshake message from message connection
I1102 18:15:35.557227 IO-0/EL  worker_manager.cpp:60] WorkerManager: FuncWorker of func_id 1, client_id 21 connected
I1102 18:15:35.557238 IO-0/EL  message_connection.cpp:269] FuncWorkerConnection[1-21]: Handshake done
I1102 18:15:35.558365 Server/E engine.cpp:674] Engine: New message connection
I1102 18:15:35.558388 IO-0/EL  engine.cpp:277] Engine: Receive new handshake message from message connection
I1102 18:15:35.558393 IO-0/EL  worker_manager.cpp:60] WorkerManager: FuncWorker of func_id 1, client_id 22 connected
I1102 18:15:35.558404 IO-0/EL  message_connection.cpp:269] FuncWorkerConnection[1-22]: Handshake done
I1102 18:15:35.559027 Server/E engine.cpp:674] Engine: New message connection
I1102 18:15:35.559056 IO-0/EL  engine.cpp:277] Engine: Receive new handshake message from message connection
I1102 18:15:35.559060 IO-0/EL  worker_manager.cpp:60] WorkerManager: FuncWorker of func_id 1, client_id 24 connected
I1102 18:15:35.559072 IO-0/EL  message_connection.cpp:269] FuncWorkerConnection[1-24]: Handshake done
I1102 18:15:35.559790 Server/E engine.cpp:674] Engine: New message connection
I1102 18:15:35.559812 IO-0/EL  engine.cpp:277] Engine: Receive new handshake message from message connection
I1102 18:15:35.559816 IO-0/EL  worker_manager.cpp:60] WorkerManager: FuncWorker of func_id 1, client_id 25 connected
I1102 18:15:35.559827 IO-0/EL  message_connection.cpp:269] FuncWorkerConnection[1-25]: Handshake done
I1102 18:15:35.560240 Server/E engine.cpp:674] Engine: New message connection
I1102 18:15:35.560265 IO-0/EL  engine.cpp:277] Engine: Receive new handshake message from message connection
I1102 18:15:35.560269 IO-0/EL  worker_manager.cpp:60] WorkerManager: FuncWorker of func_id 1, client_id 26 connected
I1102 18:15:35.560279 IO-0/EL  message_connection.cpp:269] FuncWorkerConnection[1-26]: Handshake done
I1102 18:15:35.560675 Server/E engine.cpp:674] Engine: New message connection
I1102 18:15:35.560694 IO-0/EL  engine.cpp:277] Engine: Receive new handshake message from message connection
I1102 18:15:35.560698 IO-0/EL  worker_manager.cpp:60] WorkerManager: FuncWorker of func_id 1, client_id 27 connected
I1102 18:15:35.560711 IO-0/EL  message_connection.cpp:269] FuncWorkerConnection[1-27]: Handshake done
I1102 18:15:35.561135 Server/E engine.cpp:674] Engine: New message connection
I1102 18:15:35.561161 IO-0/EL  engine.cpp:277] Engine: Receive new handshake message from message connection
I1102 18:15:35.561169 IO-0/EL  worker_manager.cpp:60] WorkerManager: FuncWorker of func_id 1, client_id 28 connected
I1102 18:15:35.561182 IO-0/EL  message_connection.cpp:269] FuncWorkerConnection[1-28]: Handshake done
I1102 18:15:35.561314 Server/E engine.cpp:674] Engine: New message connection
I1102 18:15:35.561340 IO-0/EL  engine.cpp:277] Engine: Receive new handshake message from message connection
I1102 18:15:35.561344 IO-0/EL  worker_manager.cpp:60] WorkerManager: FuncWorker of func_id 1, client_id 23 connected
I1102 18:15:35.561355 IO-0/EL  message_connection.cpp:269] FuncWorkerConnection[1-23]: Handshake done
I1102 18:15:35.561540 Server/E engine.cpp:674] Engine: New message connection
I1102 18:15:35.561562 IO-0/EL  engine.cpp:277] Engine: Receive new handshake message from message connection
I1102 18:15:35.561566 IO-0/EL  worker_manager.cpp:60] WorkerManager: FuncWorker of func_id 1, client_id 29 connected
I1102 18:15:35.561580 IO-0/EL  message_connection.cpp:269] FuncWorkerConnection[1-29]: Handshake done
I1102 18:15:35.561986 Server/E engine.cpp:674] Engine: New message connection
I1102 18:15:35.562010 IO-0/EL  engine.cpp:277] Engine: Receive new handshake message from message connection
I1102 18:15:35.562014 IO-0/EL  worker_manager.cpp:60] WorkerManager: FuncWorker of func_id 1, client_id 30 connected
I1102 18:15:35.562025 IO-0/EL  message_connection.cpp:269] FuncWorkerConnection[1-30]: Handshake done
I1102 18:15:35.562447 Server/E engine.cpp:674] Engine: New message connection
I1102 18:15:35.562468 IO-0/EL  engine.cpp:277] Engine: Receive new handshake message from message connection
I1102 18:15:35.562471 IO-0/EL  worker_manager.cpp:60] WorkerManager: FuncWorker of func_id 1, client_id 31 connected
I1102 18:15:35.562482 IO-0/EL  message_connection.cpp:269] FuncWorkerConnection[1-31]: Handshake done
I1102 18:15:35.562908 Server/E engine.cpp:674] Engine: New message connection
I1102 18:15:35.562934 IO-0/EL  engine.cpp:277] Engine: Receive new handshake message from message connection
I1102 18:15:35.562938 IO-0/EL  worker_manager.cpp:60] WorkerManager: FuncWorker of func_id 1, client_id 32 connected
I1102 18:15:35.562949 IO-0/EL  message_connection.cpp:269] FuncWorkerConnection[1-32]: Handshake done
I1102 18:15:38.374176 IO-0/EL  buffer_pool.h:25] BufferPool[IO-0_Write]: Allocate new buffer, current buffer count is 2
I1102 18:15:38.374203 IO-0/EL  buffer_pool.h:25] BufferPool[IO-0_Write]: Allocate new buffer, current buffer count is 3
I1102 18:15:38.374215 IO-0/EL  buffer_pool.h:25] BufferPool[IO-0_Write]: Allocate new buffer, current buffer count is 4
I1102 18:15:38.374223 IO-0/EL  buffer_pool.h:25] BufferPool[IO-0_Write]: Allocate new buffer, current buffer count is 5
I1102 18:15:38.374235 IO-0/EL  buffer_pool.h:25] BufferPool[IO-0_Write]: Allocate new buffer, current buffer count is 6
I1102 18:15:38.374244 IO-0/EL  buffer_pool.h:25] BufferPool[IO-0_Write]: Allocate new buffer, current buffer count is 7
I1102 18:15:38.374253 IO-0/EL  buffer_pool.h:25] BufferPool[IO-0_Write]: Allocate new buffer, current buffer count is 8
I1102 18:15:38.374263 IO-0/EL  buffer_pool.h:25] BufferPool[IO-0_Write]: Allocate new buffer, current buffer count is 9
I1102 18:15:38.374274 IO-0/EL  buffer_pool.h:25] BufferPool[IO-0_Write]: Allocate new buffer, current buffer count is 10
I1102 18:15:38.374282 IO-0/EL  buffer_pool.h:25] BufferPool[IO-0_Write]: Allocate new buffer, current buffer count is 11
I1102 18:15:38.374293 IO-0/EL  buffer_pool.h:25] BufferPool[IO-0_Write]: Allocate new buffer, current buffer count is 12
I1102 18:15:38.374302 IO-0/EL  buffer_pool.h:25] BufferPool[IO-0_Write]: Allocate new buffer, current buffer count is 13
I1102 18:15:38.374314 IO-0/EL  buffer_pool.h:25] BufferPool[IO-0_Write]: Allocate new buffer, current buffer count is 14
I1102 18:15:38.374326 IO-0/EL  buffer_pool.h:25] BufferPool[IO-0_Write]: Allocate new buffer, current buffer count is 15
I1102 18:15:38.374339 IO-0/EL  buffer_pool.h:25] BufferPool[IO-0_Write]: Allocate new buffer, current buffer count is 16
I1102 18:15:38.374351 IO-0/EL  buffer_pool.h:25] BufferPool[IO-0_Write]: Allocate new buffer, current buffer count is 17
I1102 18:15:38.374370 IO-0/EL  buffer_pool.h:25] BufferPool[IO-0_Write]: Allocate new buffer, current buffer count is 18
I1102 18:15:38.374379 IO-0/EL  buffer_pool.h:25] BufferPool[IO-0_Write]: Allocate new buffer, current buffer count is 19
I1102 18:15:38.374395 IO-0/EL  buffer_pool.h:25] BufferPool[IO-0_Write]: Allocate new buffer, current buffer count is 20
I1102 18:15:38.374406 IO-0/EL  buffer_pool.h:25] BufferPool[IO-0_Write]: Allocate new buffer, current buffer count is 21
I1102 18:15:38.374418 IO-0/EL  buffer_pool.h:25] BufferPool[IO-0_Write]: Allocate new buffer, current buffer count is 22
I1102 18:15:38.374429 IO-0/EL  buffer_pool.h:25] BufferPool[IO-0_Write]: Allocate new buffer, current buffer count is 23
I1102 18:15:38.374439 IO-0/EL  buffer_pool.h:25] BufferPool[IO-0_Write]: Allocate new buffer, current buffer count is 24
I1102 18:15:38.374452 IO-0/EL  buffer_pool.h:25] BufferPool[IO-0_Write]: Allocate new buffer, current buffer count is 25
I1102 18:15:38.374462 IO-0/EL  buffer_pool.h:25] BufferPool[IO-0_Write]: Allocate new buffer, current buffer count is 26
I1102 18:15:38.374475 IO-0/EL  buffer_pool.h:25] BufferPool[IO-0_Write]: Allocate new buffer, current buffer count is 27
I1102 18:15:38.374486 IO-0/EL  buffer_pool.h:25] BufferPool[IO-0_Write]: Allocate new buffer, current buffer count is 28
I1102 18:15:38.374506 IO-0/EL  buffer_pool.h:25] BufferPool[IO-0_Write]: Allocate new buffer, current buffer count is 29
I1102 18:15:38.374517 IO-0/EL  buffer_pool.h:25] BufferPool[IO-0_Write]: Allocate new buffer, current buffer count is 30
I1102 18:15:38.374528 IO-0/EL  buffer_pool.h:25] BufferPool[IO-0_Write]: Allocate new buffer, current buffer count is 31
I1102 18:15:38.374540 IO-0/EL  buffer_pool.h:25] BufferPool[IO-0_Write]: Allocate new buffer, current buffer count is 32
I1102 18:15:38.374660 IO-0/EL  buffer_pool.h:25] BufferPool[IO-0_Write]: Allocate new buffer, current buffer count is 33
I1102 18:15:38.374673 IO-0/EL  buffer_pool.h:25] BufferPool[IO-0_Write]: Allocate new buffer, current buffer count is 34
I1102 18:15:38.374682 IO-0/EL  buffer_pool.h:25] BufferPool[IO-0_Write]: Allocate new buffer, current buffer count is 35
I1102 18:15:38.374691 IO-0/EL  buffer_pool.h:25] BufferPool[IO-0_Write]: Allocate new buffer, current buffer count is 36
I1102 18:15:38.374700 IO-0/EL  buffer_pool.h:25] BufferPool[IO-0_Write]: Allocate new buffer, current buffer count is 37
I1102 18:15:38.374713 IO-0/EL  buffer_pool.h:25] BufferPool[IO-0_Write]: Allocate new buffer, current buffer count is 38
I1102 18:15:38.374724 IO-0/EL  buffer_pool.h:25] BufferPool[IO-0_Write]: Allocate new buffer, current buffer count is 39
I1102 18:15:38.374734 IO-0/EL  buffer_pool.h:25] BufferPool[IO-0_Write]: Allocate new buffer, current buffer count is 40
I1102 18:15:38.374745 IO-0/EL  buffer_pool.h:25] BufferPool[IO-0_Write]: Allocate new buffer, current buffer count is 41
I1102 18:15:38.374757 IO-0/EL  buffer_pool.h:25] BufferPool[IO-0_Write]: Allocate new buffer, current buffer count is 42
I1102 18:15:38.374769 IO-0/EL  buffer_pool.h:25] BufferPool[IO-0_Write]: Allocate new buffer, current buffer count is 43
I1102 18:15:38.374778 IO-0/EL  buffer_pool.h:25] BufferPool[IO-0_Write]: Allocate new buffer, current buffer count is 44
I1102 18:15:38.374787 IO-0/EL  buffer_pool.h:25] BufferPool[IO-0_Write]: Allocate new buffer, current buffer count is 45
I1102 18:15:38.374796 IO-0/EL  buffer_pool.h:25] BufferPool[IO-0_Write]: Allocate new buffer, current buffer count is 46
I1102 18:15:38.374806 IO-0/EL  buffer_pool.h:25] BufferPool[IO-0_Write]: Allocate new buffer, current buffer count is 47
I1102 18:15:38.374814 IO-0/EL  buffer_pool.h:25] BufferPool[IO-0_Write]: Allocate new buffer, current buffer count is 48
I1102 18:15:38.374823 IO-0/EL  buffer_pool.h:25] BufferPool[IO-0_Write]: Allocate new buffer, current buffer count is 49
I1102 18:15:38.374833 IO-0/EL  buffer_pool.h:25] BufferPool[IO-0_Write]: Allocate new buffer, current buffer count is 50
I1102 18:15:38.374850 IO-0/EL  buffer_pool.h:25] BufferPool[IO-0_Write]: Allocate new buffer, current buffer count is 51
I1102 18:15:38.374859 IO-0/EL  buffer_pool.h:25] BufferPool[IO-0_Write]: Allocate new buffer, current buffer count is 52
I1102 18:15:38.374869 IO-0/EL  buffer_pool.h:25] BufferPool[IO-0_Write]: Allocate new buffer, current buffer count is 53
I1102 18:15:38.374878 IO-0/EL  buffer_pool.h:25] BufferPool[IO-0_Write]: Allocate new buffer, current buffer count is 54
I1102 18:15:38.374887 IO-0/EL  buffer_pool.h:25] BufferPool[IO-0_Write]: Allocate new buffer, current buffer count is 55
I1102 18:15:38.374896 IO-0/EL  buffer_pool.h:25] BufferPool[IO-0_Write]: Allocate new buffer, current buffer count is 56
I1102 18:15:38.374905 IO-0/EL  buffer_pool.h:25] BufferPool[IO-0_Write]: Allocate new buffer, current buffer count is 57
I1102 18:15:38.374916 IO-0/EL  buffer_pool.h:25] BufferPool[IO-0_Write]: Allocate new buffer, current buffer count is 58
I1102 18:15:38.374927 IO-0/EL  buffer_pool.h:25] BufferPool[IO-0_Write]: Allocate new buffer, current buffer count is 59
I1102 18:15:38.374937 IO-0/EL  buffer_pool.h:25] BufferPool[IO-0_Write]: Allocate new buffer, current buffer count is 60
I1102 18:15:38.374949 IO-0/EL  buffer_pool.h:25] BufferPool[IO-0_Write]: Allocate new buffer, current buffer count is 61
I1102 18:15:38.374957 IO-0/EL  buffer_pool.h:25] BufferPool[IO-0_Write]: Allocate new buffer, current buffer count is 62
I1102 18:15:38.374967 IO-0/EL  buffer_pool.h:25] BufferPool[IO-0_Write]: Allocate new buffer, current buffer count is 63
I1102 18:15:38.374976 IO-0/EL  buffer_pool.h:25] BufferPool[IO-0_Write]: Allocate new buffer, current buffer count is 64
I1102 18:15:43.468028 Main     server_base.cpp:35] Server: Scheduled to stop
I1102 18:15:43.468130 Server/E server_base.cpp:109] Server: Start stopping process
I1102 18:15:43.468200 IO-0/EL  io_worker.cpp:206] IO-0: Start stopping process
I1102 18:15:43.468261 Server/E server_base.cpp:55] Server: Event loop finishes
