I1102 18:15:35.536429 Main     thread.cpp:100] Register main thread: tid=1372740
E1102 18:15:35.536566 Main     docker.cpp:59] Cannot find docker's cgroup in /proc/self/cgroup
I1102 18:15:35.539787 Launcher thread.cpp:40] Start thread: Launcher/EL
I1102 18:15:35.539851 Launcher thread.cpp:64] Does not find cpuset setting for IO threads (can be set by FAAS_IO_THREAD_CPUSET)
I1102 18:15:35.539857 Launcher thread.cpp:82] Does not find nice setting for IO threads (can be set by FAAS_IO_THREAD_NICE)
I1102 18:15:35.539860 Launcher launcher.cpp:96] Launcher: Event loop starts
I1102 18:15:35.539879 Launcher engine_connection.cpp:93] EngineConnection: Connected to engine, start writing handshake message
I1102 18:15:35.540228 Launcher buffer_pool.h:25] BufferPool[Launcher]: Allocate new buffer, current buffer count is 1
I1102 18:15:35.540255 Launcher func_config.cpp:135] Load configuration for function Noop[1]
I1102 18:15:35.540266 Launcher engine_connection.cpp:65] EngineConnection: Handshake done
W1102 18:15:35.560833 Launcher engine_connection.cpp:166] EngineConnection: nread=0, will do nothing
I1102 18:15:43.467983 Main     launcher.cpp:44] Launcher: Scheduled to stop
E1102 18:15:43.468438 Launcher launcher.cpp:72] Launcher: Connection to engine disconnected
I1102 18:15:43.468473 Launcher launcher.cpp:44] Launcher: Scheduled to stop
W1102 18:15:43.468781 Launcher launcher.cpp:87] Launcher: Function process 24 terminated
W1102 18:15:43.468796 Launcher launcher.cpp:87] Launcher: Function process 17 terminated
W1102 18:15:43.468899 Launcher launcher.cpp:87] Launcher: Function process 16 terminated
W1102 18:15:43.468904 Launcher launcher.cpp:87] Launcher: Function process 15 terminated
W1102 18:15:43.468907 Launcher launcher.cpp:87] Launcher: Function process 8 terminated
W1102 18:15:43.469128 Launcher launcher.cpp:87] Launcher: Function process 5 terminated
W1102 18:15:43.469146 Launcher launcher.cpp:87] Launcher: Function process 1 terminated
W1102 18:15:43.469182 Launcher launcher.cpp:87] Launcher: Function process 3 terminated
W1102 18:15:43.469245 Launcher launcher.cpp:87] Launcher: Function process 28 terminated
W1102 18:15:43.469302 Launcher launcher.cpp:87] Launcher: Function process 12 terminated
W1102 18:15:43.469441 Launcher launcher.cpp:87] Launcher: Function process 29 terminated
W1102 18:15:43.469446 Launcher launcher.cpp:87] Launcher: Function process 14 terminated
W1102 18:15:43.469937 Launcher launcher.cpp:87] Launcher: Function process 27 terminated
W1102 18:15:43.469944 Launcher launcher.cpp:87] Launcher: Function process 7 terminated
W1102 18:15:43.469951 Launcher launcher.cpp:87] Launcher: Function process 6 terminated
W1102 18:15:43.469955 Launcher launcher.cpp:87] Launcher: Function process 2 terminated
W1102 18:15:43.469958 Launcher launcher.cpp:87] Launcher: Function process 31 terminated
W1102 18:15:43.469960 Launcher launcher.cpp:87] Launcher: Function process 30 terminated
W1102 18:15:43.469964 Launcher launcher.cpp:87] Launcher: Function process 26 terminated
W1102 18:15:43.469966 Launcher launcher.cpp:87] Launcher: Function process 25 terminated
W1102 18:15:43.469970 Launcher launcher.cpp:87] Launcher: Function process 23 terminated
W1102 18:15:43.469973 Launcher launcher.cpp:87] Launcher: Function process 21 terminated
W1102 18:15:43.469975 Launcher launcher.cpp:87] Launcher: Function process 20 terminated
W1102 18:15:43.469978 Launcher launcher.cpp:87] Launcher: Function process 19 terminated
W1102 18:15:43.469981 Launcher launcher.cpp:87] Launcher: Function process 18 terminated
W1102 18:15:43.469984 Launcher launcher.cpp:87] Launcher: Function process 13 terminated
W1102 18:15:43.469987 Launcher launcher.cpp:87] Launcher: Function process 11 terminated
W1102 18:15:43.469990 Launcher launcher.cpp:87] Launcher: Function process 10 terminated
W1102 18:15:43.469993 Launcher launcher.cpp:87] Launcher: Function process 4 terminated
W1102 18:15:43.469996 Launcher launcher.cpp:87] Launcher: Function process 0 terminated
W1102 18:15:43.470025 Launcher launcher.cpp:87] Launcher: Function process 9 terminated
W1102 18:15:43.470279 Launcher launcher.cpp:87] Launcher: Function process 22 terminated
I1102 18:15:43.470285 Launcher launcher.cpp:101] Launcher: Event loop finishes
I1102 18:15:43.470324 Main     launcher.cpp:68] Launcher: Stopped
