I1102 18:49:01.775296 Main     thread.cpp:100] Register main thread: tid=1388879
E1102 18:49:01.775439 Main     docker.cpp:59] Cannot find docker's cgroup in /proc/self/cgroup
I1102 18:49:01.778719 Launcher thread.cpp:40] Start thread: Launcher/EL
I1102 18:49:01.778767 Launcher thread.cpp:64] Does not find cpuset setting for IO threads (can be set by FAAS_IO_THREAD_CPUSET)
I1102 18:49:01.778772 Launcher thread.cpp:82] Does not find nice setting for IO threads (can be set by FAAS_IO_THREAD_NICE)
I1102 18:49:01.778777 Launcher launcher.cpp:96] Launcher: Event loop starts
I1102 18:49:01.778796 Launcher engine_connection.cpp:93] EngineConnection: Connected to engine, start writing handshake message
I1102 18:49:01.778930 Launcher buffer_pool.h:25] BufferPool[Launcher]: Allocate new buffer, current buffer count is 1
I1102 18:49:01.778963 Launcher func_config.cpp:135] Load configuration for function Echo[1]
I1102 18:49:01.778973 Launcher engine_connection.cpp:65] EngineConnection: Handshake done
W1102 18:49:01.786160 Launcher engine_connection.cpp:166] EngineConnection: nread=0, will do nothing
I1102 18:49:09.426478 Main     launcher.cpp:44] Launcher: Scheduled to stop
E1102 18:49:09.426775 Launcher launcher.cpp:72] Launcher: Connection to engine disconnected
I1102 18:49:09.426832 Launcher launcher.cpp:44] Launcher: Scheduled to stop
W1102 18:49:09.441225 Launcher launcher.cpp:87] Launcher: Function process 3 terminated
W1102 18:49:09.448168 Launcher launcher.cpp:87] Launcher: Function process 7 terminated
W1102 18:49:09.448402 Launcher launcher.cpp:87] Launcher: Function process 6 terminated
W1102 18:49:09.448412 Launcher launcher.cpp:87] Launcher: Function process 4 terminated
W1102 18:49:09.448419 Launcher launcher.cpp:87] Launcher: Function process 2 terminated
W1102 18:49:09.448425 Launcher launcher.cpp:87] Launcher: Function process 1 terminated
W1102 18:49:09.448431 Launcher launcher.cpp:87] Launcher: Function process 0 terminated
W1102 18:49:09.448518 Launcher launcher.cpp:87] Launcher: Function process 5 terminated
I1102 18:49:09.448527 Launcher launcher.cpp:101] Launcher: Event loop finishes
I1102 18:49:09.448596 Main     launcher.cpp:68] Launcher: Stopped
