I1102 17:59:43.497606 Main     thread.cpp:100] Register main thread: tid=1368380
E1102 17:59:43.497754 Main     docker.cpp:59] Cannot find docker's cgroup in /proc/self/cgroup
I1102 17:59:43.500986 Launcher thread.cpp:40] Start thread: Launcher/EL
I1102 17:59:43.501034 Launcher thread.cpp:64] Does not find cpuset setting for IO threads (can be set by FAAS_IO_THREAD_CPUSET)
I1102 17:59:43.501039 Launcher thread.cpp:82] Does not find nice setting for IO threads (can be set by FAAS_IO_THREAD_NICE)
I1102 17:59:43.501043 Launcher launcher.cpp:96] Launcher: Event loop starts
I1102 17:59:43.501062 Launcher engine_connection.cpp:93] EngineConnection: Connected to engine, start writing handshake message
I1102 17:59:43.501186 Launcher buffer_pool.h:25] BufferPool[Launcher]: Allocate new buffer, current buffer count is 1
I1102 17:59:43.501217 Launcher func_config.cpp:135] Load configuration for function Noop[1]
I1102 17:59:43.501227 Launcher engine_connection.cpp:65] EngineConnection: Handshake done
W1102 17:59:43.505336 Launcher engine_connection.cpp:166] EngineConnection: nread=0, will do nothing
I1102 17:59:51.499654 Main     launcher.cpp:44] Launcher: Scheduled to stop
E1102 17:59:51.499978 Launcher launcher.cpp:72] Launcher: Connection to engine disconnected
I1102 17:59:51.500028 Launcher launcher.cpp:44] Launcher: Scheduled to stop
W1102 17:59:51.500333 Launcher launcher.cpp:87] Launcher: Function process 1 terminated
W1102 17:59:51.500535 Launcher launcher.cpp:87] Launcher: Function process 0 terminated
W1102 17:59:51.500618 Launcher launcher.cpp:87] Launcher: Function process 3 terminated
W1102 17:59:51.500624 Launcher launcher.cpp:87] Launcher: Function process 2 terminated
I1102 17:59:51.500628 Launcher launcher.cpp:101] Launcher: Event loop finishes
I1102 17:59:51.500691 Main     launcher.cpp:68] Launcher: Stopped
