I1102 19:00:02.506475 Main     thread.cpp:100] Register main thread: tid=1392550
E1102 19:00:02.506949 Main     docker.cpp:59] Cannot find docker's cgroup in /proc/self/cgroup
I1102 19:00:02.506999 Main     func_config.cpp:135] Load configuration for function Echo[1]
I1102 19:00:02.507010 Main     engine.cpp:109] Engine: Start 1 IO workers
I1102 19:00:02.510253 IO-0/EL  thread.cpp:40] Start thread: IO-0/EL
I1102 19:00:02.510301 IO-0/EL  io_worker.cpp:192] IO-0: Event loop starts
Checking for file descriptor...
Got a file descriptor!
I1102 19:00:04.365251 Main     engine.cpp:180] Engine: Created 1 Machnet connections to Gateway at 10.10.1.2:10007
I1102 19:00:04.365372 Main     engine.cpp:208] Engine: Listen on /dev/shm/faas_ipc/engine.sock for IPC connections
I1102 19:00:04.365662 Server/E thread.cpp:40] Start thread: Server/EL
I1102 19:00:04.365810 Server/E server_base.cpp:50] Server: Event loop starts
I1102 19:00:04.508866 Server/E engine.cpp:674] Engine: New message connection
I1102 19:00:04.512084 IO-0/EL  buffer_pool.h:25] BufferPool[IO-0_Read]: Allocate new buffer, current buffer count is 1
I1102 19:00:04.512118 IO-0/EL  engine.cpp:277] Engine: Receive new handshake message from message connection
I1102 19:00:04.512124 IO-0/EL  worker_manager.cpp:23] WorkerManager: Launcher of func_id 1 connected
I1102 19:00:04.512128 IO-0/EL  worker_manager.cpp:131] WorkerManager: Request new FuncWorker for func_id 1 with client_id 1
I1102 19:00:04.512150 IO-0/EL  worker_manager.cpp:131] WorkerManager: Request new FuncWorker for func_id 1 with client_id 2
I1102 19:00:04.512162 IO-0/EL  worker_manager.cpp:131] WorkerManager: Request new FuncWorker for func_id 1 with client_id 3
I1102 19:00:04.512172 IO-0/EL  worker_manager.cpp:131] WorkerManager: Request new FuncWorker for func_id 1 with client_id 4
I1102 19:00:04.512180 IO-0/EL  worker_manager.cpp:131] WorkerManager: Request new FuncWorker for func_id 1 with client_id 5
I1102 19:00:04.512189 IO-0/EL  worker_manager.cpp:131] WorkerManager: Request new FuncWorker for func_id 1 with client_id 6
I1102 19:00:04.512200 IO-0/EL  worker_manager.cpp:131] WorkerManager: Request new FuncWorker for func_id 1 with client_id 7
I1102 19:00:04.512210 IO-0/EL  worker_manager.cpp:131] WorkerManager: Request new FuncWorker for func_id 1 with client_id 8
I1102 19:00:04.512222 IO-0/EL  worker_manager.cpp:131] WorkerManager: Request new FuncWorker for func_id 1 with client_id 9
I1102 19:00:04.512231 IO-0/EL  worker_manager.cpp:131] WorkerManager: Request new FuncWorker for func_id 1 with client_id 10
I1102 19:00:04.512243 IO-0/EL  worker_manager.cpp:131] WorkerManager: Request new FuncWorker for func_id 1 with client_id 11
I1102 19:00:04.512253 IO-0/EL  worker_manager.cpp:131] WorkerManager: Request new FuncWorker for func_id 1 with client_id 12
I1102 19:00:04.512265 IO-0/EL  worker_manager.cpp:131] WorkerManager: Request new FuncWorker for func_id 1 with client_id 13
I1102 19:00:04.512275 IO-0/EL  worker_manager.cpp:131] WorkerManager: Request new FuncWorker for func_id 1 with client_id 14
I1102 19:00:04.512284 IO-0/EL  worker_manager.cpp:131] WorkerManager: Request new FuncWorker for func_id 1 with client_id 15
I1102 19:00:04.512296 IO-0/EL  worker_manager.cpp:131] WorkerManager: Request new FuncWorker for func_id 1 with client_id 16
I1102 19:00:04.512305 IO-0/EL  worker_manager.cpp:131] WorkerManager: Request new FuncWorker for func_id 1 with client_id 17
I1102 19:00:04.512325 IO-0/EL  worker_manager.cpp:131] WorkerManager: Request new FuncWorker for func_id 1 with client_id 18
I1102 19:00:04.512335 IO-0/EL  worker_manager.cpp:131] WorkerManager: Request new FuncWorker for func_id 1 with client_id 19
I1102 19:00:04.512346 IO-0/EL  worker_manager.cpp:131] WorkerManager: Request new FuncWorker for func_id 1 with client_id 20
I1102 19:00:04.512357 IO-0/EL  worker_manager.cpp:131] WorkerManager: Request new FuncWorker for func_id 1 with client_id 21
I1102 19:00:04.512366 IO-0/EL  worker_manager.cpp:131] WorkerManager: Request new FuncWorker for func_id 1 with client_id 22
I1102 19:00:04.512375 IO-0/EL  worker_manager.cpp:131] WorkerManager: Request new FuncWorker for func_id 1 with client_id 23
I1102 19:00:04.512403 IO-0/EL  worker_manager.cpp:131] WorkerManager: Request new FuncWorker for func_id 1 with client_id 24
I1102 19:00:04.512413 IO-0/EL  worker_manager.cpp:131] WorkerManager: Request new FuncWorker for func_id 1 with client_id 25
I1102 19:00:04.512423 IO-0/EL  worker_manager.cpp:131] WorkerManager: Request new FuncWorker for func_id 1 with client_id 26
I1102 19:00:04.512432 IO-0/EL  worker_manager.cpp:131] WorkerManager: Request new FuncWorker for func_id 1 with client_id 27
I1102 19:00:04.512444 IO-0/EL  worker_manager.cpp:131] WorkerManager: Request new FuncWorker for func_id 1 with client_id 28
I1102 19:00:04.512454 IO-0/EL  worker_manager.cpp:131] WorkerManager: Request new FuncWorker for func_id 1 with client_id 29
I1102 19:00:04.512463 IO-0/EL  worker_manager.cpp:131] WorkerManager: Request new FuncWorker for func_id 1 with client_id 30
I1102 19:00:04.512474 IO-0/EL  worker_manager.cpp:131] WorkerManager: Request new FuncWorker for func_id 1 with client_id 31
I1102 19:00:04.512483 IO-0/EL  worker_manager.cpp:131] WorkerManager: Request new FuncWorker for func_id 1 with client_id 32
I1102 19:00:04.512531 IO-0/EL  buffer_pool.h:25] BufferPool[IO-0_Write]: Allocate new buffer, current buffer count is 1
I1102 19:00:04.512562 IO-0/EL  message_connection.cpp:269] LauncherConnection[1]: Handshake done
I1102 19:00:04.516380 Server/E engine.cpp:674] Engine: New message connection
I1102 19:00:04.516436 IO-0/EL  engine.cpp:277] Engine: Receive new handshake message from message connection
I1102 19:00:04.516442 IO-0/EL  worker_manager.cpp:60] WorkerManager: FuncWorker of func_id 1, client_id 1 connected
I1102 19:00:04.516453 IO-0/EL  dispatcher.cpp:47] Dispatcher[1]: min_workers=32
I1102 19:00:04.516457 IO-0/EL  dispatcher.cpp:51] Dispatcher[1]: max_workers=32
I1102 19:00:04.516481 IO-0/EL  message_connection.cpp:269] FuncWorkerConnection[1-1]: Handshake done
I1102 19:00:04.517762 Server/E engine.cpp:674] Engine: New message connection
I1102 19:00:04.517794 IO-0/EL  engine.cpp:277] Engine: Receive new handshake message from message connection
I1102 19:00:04.517800 IO-0/EL  worker_manager.cpp:60] WorkerManager: FuncWorker of func_id 1, client_id 3 connected
I1102 19:00:04.517816 IO-0/EL  message_connection.cpp:269] FuncWorkerConnection[1-3]: Handshake done
I1102 19:00:04.518092 Server/E engine.cpp:674] Engine: New message connection
I1102 19:00:04.518118 IO-0/EL  engine.cpp:277] Engine: Receive new handshake message from message connection
I1102 19:00:04.518123 IO-0/EL  worker_manager.cpp:60] WorkerManager: FuncWorker of func_id 1, client_id 2 connected
I1102 19:00:04.518136 IO-0/EL  message_connection.cpp:269] FuncWorkerConnection[1-2]: Handshake done
I1102 19:00:04.519067 Server/E engine.cpp:674] Engine: New message connection
I1102 19:00:04.519093 IO-0/EL  engine.cpp:277] Engine: Receive new handshake message from message connection
I1102 19:00:04.519098 IO-0/EL  worker_manager.cpp:60] WorkerManager: FuncWorker of func_id 1, client_id 4 connected
I1102 19:00:04.519112 IO-0/EL  message_connection.cpp:269] FuncWorkerConnection[1-4]: Handshake done
I1102 19:00:04.519454 Server/E engine.cpp:674] Engine: New message connection
I1102 19:00:04.519476 IO-0/EL  engine.cpp:277] Engine: Receive new handshake message from message connection
I1102 19:00:04.519480 IO-0/EL  worker_manager.cpp:60] WorkerManager: FuncWorker of func_id 1, client_id 5 connected
I1102 19:00:04.519493 IO-0/EL  message_connection.cpp:269] FuncWorkerConnection[1-5]: Handshake done
I1102 19:00:04.521497 Server/E engine.cpp:674] Engine: New message connection
I1102 19:00:04.521527 IO-0/EL  engine.cpp:277] Engine: Receive new handshake message from message connection
I1102 19:00:04.521532 IO-0/EL  worker_manager.cpp:60] WorkerManager: FuncWorker of func_id 1, client_id 6 connected
I1102 19:00:04.521546 IO-0/EL  message_connection.cpp:269] FuncWorkerConnection[1-6]: Handshake done
I1102 19:00:04.522018 Server/E engine.cpp:674] Engine: New message connection
I1102 19:00:04.522052 IO-0/EL  engine.cpp:277] Engine: Receive new handshake message from message connection
I1102 19:00:04.522057 IO-0/EL  worker_manager.cpp:60] WorkerManager: FuncWorker of func_id 1, client_id 8 connected
I1102 19:00:04.522070 IO-0/EL  message_connection.cpp:269] FuncWorkerConnection[1-8]: Handshake done
I1102 19:00:04.522708 Server/E engine.cpp:674] Engine: New message connection
I1102 19:00:04.522738 IO-0/EL  engine.cpp:277] Engine: Receive new handshake message from message connection
I1102 19:00:04.522743 IO-0/EL  worker_manager.cpp:60] WorkerManager: FuncWorker of func_id 1, client_id 9 connected
I1102 19:00:04.522756 IO-0/EL  message_connection.cpp:269] FuncWorkerConnection[1-9]: Handshake done
I1102 19:00:04.522867 Server/E engine.cpp:674] Engine: New message connection
I1102 19:00:04.522888 IO-0/EL  engine.cpp:277] Engine: Receive new handshake message from message connection
I1102 19:00:04.522893 IO-0/EL  worker_manager.cpp:60] WorkerManager: FuncWorker of func_id 1, client_id 7 connected
I1102 19:00:04.522906 IO-0/EL  message_connection.cpp:269] FuncWorkerConnection[1-7]: Handshake done
I1102 19:00:04.523113 Server/E engine.cpp:674] Engine: New message connection
I1102 19:00:04.523133 IO-0/EL  engine.cpp:277] Engine: Receive new handshake message from message connection
I1102 19:00:04.523138 IO-0/EL  worker_manager.cpp:60] WorkerManager: FuncWorker of func_id 1, client_id 10 connected
I1102 19:00:04.523151 IO-0/EL  message_connection.cpp:269] FuncWorkerConnection[1-10]: Handshake done
I1102 19:00:04.523634 Server/E engine.cpp:674] Engine: New message connection
I1102 19:00:04.523676 IO-0/EL  engine.cpp:277] Engine: Receive new handshake message from message connection
I1102 19:00:04.523680 IO-0/EL  worker_manager.cpp:60] WorkerManager: FuncWorker of func_id 1, client_id 11 connected
I1102 19:00:04.523693 IO-0/EL  message_connection.cpp:269] FuncWorkerConnection[1-11]: Handshake done
I1102 19:00:04.524602 Server/E engine.cpp:674] Engine: New message connection
I1102 19:00:04.524648 IO-0/EL  engine.cpp:277] Engine: Receive new handshake message from message connection
I1102 19:00:04.524653 IO-0/EL  worker_manager.cpp:60] WorkerManager: FuncWorker of func_id 1, client_id 12 connected
I1102 19:00:04.524667 IO-0/EL  message_connection.cpp:269] FuncWorkerConnection[1-12]: Handshake done
I1102 19:00:04.525109 Server/E engine.cpp:674] Engine: New message connection
I1102 19:00:04.525148 IO-0/EL  engine.cpp:277] Engine: Receive new handshake message from message connection
I1102 19:00:04.525153 IO-0/EL  worker_manager.cpp:60] WorkerManager: FuncWorker of func_id 1, client_id 13 connected
I1102 19:00:04.525166 IO-0/EL  message_connection.cpp:269] FuncWorkerConnection[1-13]: Handshake done
I1102 19:00:04.525513 Server/E engine.cpp:674] Engine: New message connection
I1102 19:00:04.525552 IO-0/EL  engine.cpp:277] Engine: Receive new handshake message from message connection
I1102 19:00:04.525557 IO-0/EL  worker_manager.cpp:60] WorkerManager: FuncWorker of func_id 1, client_id 14 connected
I1102 19:00:04.525576 IO-0/EL  message_connection.cpp:269] FuncWorkerConnection[1-14]: Handshake done
I1102 19:00:04.525937 Server/E engine.cpp:674] Engine: New message connection
I1102 19:00:04.525976 IO-0/EL  engine.cpp:277] Engine: Receive new handshake message from message connection
I1102 19:00:04.525981 IO-0/EL  worker_manager.cpp:60] WorkerManager: FuncWorker of func_id 1, client_id 15 connected
I1102 19:00:04.525994 IO-0/EL  message_connection.cpp:269] FuncWorkerConnection[1-15]: Handshake done
I1102 19:00:04.526377 Server/E engine.cpp:674] Engine: New message connection
I1102 19:00:04.526417 IO-0/EL  engine.cpp:277] Engine: Receive new handshake message from message connection
I1102 19:00:04.526421 IO-0/EL  worker_manager.cpp:60] WorkerManager: FuncWorker of func_id 1, client_id 16 connected
I1102 19:00:04.526434 IO-0/EL  message_connection.cpp:269] FuncWorkerConnection[1-16]: Handshake done
I1102 19:00:04.526824 Server/E engine.cpp:674] Engine: New message connection
I1102 19:00:04.526869 IO-0/EL  engine.cpp:277] Engine: Receive new handshake message from message connection
I1102 19:00:04.526882 IO-0/EL  worker_manager.cpp:60] WorkerManager: FuncWorker of func_id 1, client_id 17 connected
I1102 19:00:04.526900 IO-0/EL  message_connection.cpp:269] FuncWorkerConnection[1-17]: Handshake done
I1102 19:00:04.527308 Server/E engine.cpp:674] Engine: New message connection
I1102 19:00:04.527346 IO-0/EL  engine.cpp:277] Engine: Receive new handshake message from message connection
I1102 19:00:04.527350 IO-0/EL  worker_manager.cpp:60] WorkerManager: FuncWorker of func_id 1, client_id 18 connected
I1102 19:00:04.527363 IO-0/EL  message_connection.cpp:269] FuncWorkerConnection[1-18]: Handshake done
I1102 19:00:04.527880 Server/E engine.cpp:674] Engine: New message connection
I1102 19:00:04.527917 IO-0/EL  engine.cpp:277] Engine: Receive new handshake message from message connection
I1102 19:00:04.527922 IO-0/EL  worker_manager.cpp:60] WorkerManager: FuncWorker of func_id 1, client_id 19 connected
I1102 19:00:04.527935 IO-0/EL  message_connection.cpp:269] FuncWorkerConnection[1-19]: Handshake done
I1102 19:00:04.528321 Server/E engine.cpp:674] Engine: New message connection
I1102 19:00:04.528357 IO-0/EL  engine.cpp:277] Engine: Receive new handshake message from message connection
I1102 19:00:04.528362 IO-0/EL  worker_manager.cpp:60] WorkerManager: FuncWorker of func_id 1, client_id 20 connected
I1102 19:00:04.528374 IO-0/EL  message_connection.cpp:269] FuncWorkerConnection[1-20]: Handshake done
I1102 19:00:04.528821 Server/E engine.cpp:674] Engine: New message connection
I1102 19:00:04.528859 IO-0/EL  engine.cpp:277] Engine: Receive new handshake message from message connection
I1102 19:00:04.528864 IO-0/EL  worker_manager.cpp:60] WorkerManager: FuncWorker of func_id 1, client_id 21 connected
I1102 19:00:04.528877 IO-0/EL  message_connection.cpp:269] FuncWorkerConnection[1-21]: Handshake done
I1102 19:00:04.529206 Server/E engine.cpp:674] Engine: New message connection
I1102 19:00:04.529231 IO-0/EL  engine.cpp:277] Engine: Receive new handshake message from message connection
I1102 19:00:04.529236 IO-0/EL  worker_manager.cpp:60] WorkerManager: FuncWorker of func_id 1, client_id 22 connected
I1102 19:00:04.529248 IO-0/EL  message_connection.cpp:269] FuncWorkerConnection[1-22]: Handshake done
I1102 19:00:04.529770 Server/E engine.cpp:674] Engine: New message connection
I1102 19:00:04.529799 IO-0/EL  engine.cpp:277] Engine: Receive new handshake message from message connection
I1102 19:00:04.529804 IO-0/EL  worker_manager.cpp:60] WorkerManager: FuncWorker of func_id 1, client_id 23 connected
I1102 19:00:04.529816 IO-0/EL  message_connection.cpp:269] FuncWorkerConnection[1-23]: Handshake done
I1102 19:00:04.530190 Server/E engine.cpp:674] Engine: New message connection
I1102 19:00:04.530222 IO-0/EL  engine.cpp:277] Engine: Receive new handshake message from message connection
I1102 19:00:04.530226 IO-0/EL  worker_manager.cpp:60] WorkerManager: FuncWorker of func_id 1, client_id 24 connected
I1102 19:00:04.530239 IO-0/EL  message_connection.cpp:269] FuncWorkerConnection[1-24]: Handshake done
I1102 19:00:04.530699 Server/E engine.cpp:674] Engine: New message connection
I1102 19:00:04.530743 IO-0/EL  engine.cpp:277] Engine: Receive new handshake message from message connection
I1102 19:00:04.530748 IO-0/EL  worker_manager.cpp:60] WorkerManager: FuncWorker of func_id 1, client_id 25 connected
I1102 19:00:04.530761 IO-0/EL  message_connection.cpp:269] FuncWorkerConnection[1-25]: Handshake done
I1102 19:00:04.531175 Server/E engine.cpp:674] Engine: New message connection
I1102 19:00:04.531209 IO-0/EL  engine.cpp:277] Engine: Receive new handshake message from message connection
I1102 19:00:04.531213 IO-0/EL  worker_manager.cpp:60] WorkerManager: FuncWorker of func_id 1, client_id 26 connected
I1102 19:00:04.531226 IO-0/EL  message_connection.cpp:269] FuncWorkerConnection[1-26]: Handshake done
I1102 19:00:04.531807 Server/E engine.cpp:674] Engine: New message connection
I1102 19:00:04.531850 IO-0/EL  engine.cpp:277] Engine: Receive new handshake message from message connection
I1102 19:00:04.531861 IO-0/EL  worker_manager.cpp:60] WorkerManager: FuncWorker of func_id 1, client_id 27 connected
I1102 19:00:04.531874 IO-0/EL  message_connection.cpp:269] FuncWorkerConnection[1-27]: Handshake done
I1102 19:00:04.532249 Server/E engine.cpp:674] Engine: New message connection
I1102 19:00:04.532280 IO-0/EL  engine.cpp:277] Engine: Receive new handshake message from message connection
I1102 19:00:04.532285 IO-0/EL  worker_manager.cpp:60] WorkerManager: FuncWorker of func_id 1, client_id 28 connected
I1102 19:00:04.532298 IO-0/EL  message_connection.cpp:269] FuncWorkerConnection[1-28]: Handshake done
I1102 19:00:04.532754 Server/E engine.cpp:674] Engine: New message connection
I1102 19:00:04.532777 IO-0/EL  engine.cpp:277] Engine: Receive new handshake message from message connection
I1102 19:00:04.532782 IO-0/EL  worker_manager.cpp:60] WorkerManager: FuncWorker of func_id 1, client_id 29 connected
I1102 19:00:04.532799 IO-0/EL  message_connection.cpp:269] FuncWorkerConnection[1-29]: Handshake done
I1102 19:00:04.533223 Server/E engine.cpp:674] Engine: New message connection
I1102 19:00:04.533249 IO-0/EL  engine.cpp:277] Engine: Receive new handshake message from message connection
I1102 19:00:04.533254 IO-0/EL  worker_manager.cpp:60] WorkerManager: FuncWorker of func_id 1, client_id 30 connected
I1102 19:00:04.533266 IO-0/EL  message_connection.cpp:269] FuncWorkerConnection[1-30]: Handshake done
I1102 19:00:04.533674 Server/E engine.cpp:674] Engine: New message connection
I1102 19:00:04.533712 IO-0/EL  engine.cpp:277] Engine: Receive new handshake message from message connection
I1102 19:00:04.533717 IO-0/EL  worker_manager.cpp:60] WorkerManager: FuncWorker of func_id 1, client_id 31 connected
I1102 19:00:04.533730 IO-0/EL  message_connection.cpp:269] FuncWorkerConnection[1-31]: Handshake done
I1102 19:00:04.534261 Server/E engine.cpp:674] Engine: New message connection
I1102 19:00:04.534294 IO-0/EL  engine.cpp:277] Engine: Receive new handshake message from message connection
I1102 19:00:04.534298 IO-0/EL  worker_manager.cpp:60] WorkerManager: FuncWorker of func_id 1, client_id 32 connected
I1102 19:00:04.534311 IO-0/EL  message_connection.cpp:269] FuncWorkerConnection[1-32]: Handshake done
I1102 19:00:07.438353 IO-0/EL  buffer_pool.h:25] BufferPool[IO-0_Write]: Allocate new buffer, current buffer count is 2
I1102 19:00:07.438377 IO-0/EL  buffer_pool.h:25] BufferPool[IO-0_Write]: Allocate new buffer, current buffer count is 3
I1102 19:00:07.438391 IO-0/EL  buffer_pool.h:25] BufferPool[IO-0_Write]: Allocate new buffer, current buffer count is 4
I1102 19:00:07.438399 IO-0/EL  buffer_pool.h:25] BufferPool[IO-0_Write]: Allocate new buffer, current buffer count is 5
I1102 19:00:07.438409 IO-0/EL  buffer_pool.h:25] BufferPool[IO-0_Write]: Allocate new buffer, current buffer count is 6
I1102 19:00:07.438418 IO-0/EL  buffer_pool.h:25] BufferPool[IO-0_Write]: Allocate new buffer, current buffer count is 7
I1102 19:00:07.438428 IO-0/EL  buffer_pool.h:25] BufferPool[IO-0_Write]: Allocate new buffer, current buffer count is 8
I1102 19:00:07.438438 IO-0/EL  buffer_pool.h:25] BufferPool[IO-0_Write]: Allocate new buffer, current buffer count is 9
I1102 19:00:07.438449 IO-0/EL  buffer_pool.h:25] BufferPool[IO-0_Write]: Allocate new buffer, current buffer count is 10
I1102 19:00:07.438457 IO-0/EL  buffer_pool.h:25] BufferPool[IO-0_Write]: Allocate new buffer, current buffer count is 11
I1102 19:00:07.438469 IO-0/EL  buffer_pool.h:25] BufferPool[IO-0_Write]: Allocate new buffer, current buffer count is 12
I1102 19:00:07.438478 IO-0/EL  buffer_pool.h:25] BufferPool[IO-0_Write]: Allocate new buffer, current buffer count is 13
I1102 19:00:07.438488 IO-0/EL  buffer_pool.h:25] BufferPool[IO-0_Write]: Allocate new buffer, current buffer count is 14
I1102 19:00:07.438499 IO-0/EL  buffer_pool.h:25] BufferPool[IO-0_Write]: Allocate new buffer, current buffer count is 15
I1102 19:00:07.438512 IO-0/EL  buffer_pool.h:25] BufferPool[IO-0_Write]: Allocate new buffer, current buffer count is 16
I1102 19:00:07.438524 IO-0/EL  buffer_pool.h:25] BufferPool[IO-0_Write]: Allocate new buffer, current buffer count is 17
I1102 19:00:07.438548 IO-0/EL  buffer_pool.h:25] BufferPool[IO-0_Write]: Allocate new buffer, current buffer count is 18
I1102 19:00:07.438560 IO-0/EL  buffer_pool.h:25] BufferPool[IO-0_Write]: Allocate new buffer, current buffer count is 19
I1102 19:00:07.438573 IO-0/EL  buffer_pool.h:25] BufferPool[IO-0_Write]: Allocate new buffer, current buffer count is 20
I1102 19:00:07.438583 IO-0/EL  buffer_pool.h:25] BufferPool[IO-0_Write]: Allocate new buffer, current buffer count is 21
I1102 19:00:07.438595 IO-0/EL  buffer_pool.h:25] BufferPool[IO-0_Write]: Allocate new buffer, current buffer count is 22
I1102 19:00:07.438606 IO-0/EL  buffer_pool.h:25] BufferPool[IO-0_Write]: Allocate new buffer, current buffer count is 23
I1102 19:00:07.438616 IO-0/EL  buffer_pool.h:25] BufferPool[IO-0_Write]: Allocate new buffer, current buffer count is 24
I1102 19:00:07.438629 IO-0/EL  buffer_pool.h:25] BufferPool[IO-0_Write]: Allocate new buffer, current buffer count is 25
I1102 19:00:07.438641 IO-0/EL  buffer_pool.h:25] BufferPool[IO-0_Write]: Allocate new buffer, current buffer count is 26
I1102 19:00:07.438658 IO-0/EL  buffer_pool.h:25] BufferPool[IO-0_Write]: Allocate new buffer, current buffer count is 27
I1102 19:00:07.438674 IO-0/EL  buffer_pool.h:25] BufferPool[IO-0_Write]: Allocate new buffer, current buffer count is 28
I1102 19:00:07.438698 IO-0/EL  buffer_pool.h:25] BufferPool[IO-0_Write]: Allocate new buffer, current buffer count is 29
I1102 19:00:07.438721 IO-0/EL  buffer_pool.h:25] BufferPool[IO-0_Write]: Allocate new buffer, current buffer count is 30
I1102 19:00:07.438742 IO-0/EL  buffer_pool.h:25] BufferPool[IO-0_Write]: Allocate new buffer, current buffer count is 31
I1102 19:00:07.438763 IO-0/EL  buffer_pool.h:25] BufferPool[IO-0_Write]: Allocate new buffer, current buffer count is 32
I1102 19:00:07.438808 IO-0/EL  buffer_pool.h:25] BufferPool[IO-0_Write]: Allocate new buffer, current buffer count is 33
I1102 19:00:07.438830 IO-0/EL  buffer_pool.h:25] BufferPool[IO-0_Write]: Allocate new buffer, current buffer count is 34
I1102 19:00:09.012923 IO-0/EL  buffer_pool.h:25] BufferPool[IO-0_Write]: Allocate new buffer, current buffer count is 35
I1102 19:00:09.012963 IO-0/EL  buffer_pool.h:25] BufferPool[IO-0_Write]: Allocate new buffer, current buffer count is 36
I1102 19:00:09.012975 IO-0/EL  buffer_pool.h:25] BufferPool[IO-0_Write]: Allocate new buffer, current buffer count is 37
I1102 19:00:09.012987 IO-0/EL  buffer_pool.h:25] BufferPool[IO-0_Write]: Allocate new buffer, current buffer count is 38
I1102 19:00:09.012998 IO-0/EL  buffer_pool.h:25] BufferPool[IO-0_Write]: Allocate new buffer, current buffer count is 39
I1102 19:00:09.013009 IO-0/EL  buffer_pool.h:25] BufferPool[IO-0_Write]: Allocate new buffer, current buffer count is 40
I1102 19:00:09.013022 IO-0/EL  buffer_pool.h:25] BufferPool[IO-0_Write]: Allocate new buffer, current buffer count is 41
I1102 19:00:09.013038 IO-0/EL  buffer_pool.h:25] BufferPool[IO-0_Write]: Allocate new buffer, current buffer count is 42
I1102 19:00:09.013053 IO-0/EL  buffer_pool.h:25] BufferPool[IO-0_Write]: Allocate new buffer, current buffer count is 43
I1102 19:00:09.013071 IO-0/EL  buffer_pool.h:25] BufferPool[IO-0_Write]: Allocate new buffer, current buffer count is 44
I1102 19:00:10.589619 IO-0/EL  buffer_pool.h:25] BufferPool[IO-0_Write]: Allocate new buffer, current buffer count is 45
I1102 19:00:10.589657 IO-0/EL  buffer_pool.h:25] BufferPool[IO-0_Write]: Allocate new buffer, current buffer count is 46
I1102 19:00:12.491413 Main     server_base.cpp:35] Server: Scheduled to stop
I1102 19:00:12.491506 Server/E server_base.cpp:109] Server: Start stopping process
I1102 19:00:12.491574 IO-0/EL  io_worker.cpp:206] IO-0: Start stopping process
I1102 19:00:12.491641 Server/E server_base.cpp:55] Server: Event loop finishes
