I1102 19:00:04.508611 Main     thread.cpp:100] Register main thread: tid=1392560
E1102 19:00:04.508761 Main     docker.cpp:59] Cannot find docker's cgroup in /proc/self/cgroup
I1102 19:00:04.511986 Launcher thread.cpp:40] Start thread: Launcher/EL
I1102 19:00:04.512035 Launcher thread.cpp:64] Does not find cpuset setting for IO threads (can be set by FAAS_IO_THREAD_CPUSET)
I1102 19:00:04.512041 Launcher thread.cpp:82] Does not find nice setting for IO threads (can be set by FAAS_IO_THREAD_NICE)
I1102 19:00:04.512045 Launcher launcher.cpp:96] Launcher: Event loop starts
I1102 19:00:04.512064 Launcher engine_connection.cpp:93] EngineConnection: Connected to engine, start writing handshake message
I1102 19:00:04.512506 Launcher buffer_pool.h:25] BufferPool[Launcher]: Allocate new buffer, current buffer count is 1
I1102 19:00:04.512540 Launcher func_config.cpp:135] Load configuration for function Echo[1]
I1102 19:00:04.512551 Launcher engine_connection.cpp:65] EngineConnection: Handshake done
W1102 19:00:04.532040 Launcher engine_connection.cpp:166] EngineConnection: nread=0, will do nothing
I1102 19:00:12.491436 Main     launcher.cpp:44] Launcher: Scheduled to stop
E1102 19:00:12.491984 Launcher launcher.cpp:72] Launcher: Connection to engine disconnected
I1102 19:00:12.492017 Launcher launcher.cpp:44] Launcher: Scheduled to stop
W1102 19:00:12.513968 Launcher launcher.cpp:87] Launcher: Function process 28 terminated
W1102 19:00:12.523099 Launcher launcher.cpp:87] Launcher: Function process 31 terminated
W1102 19:00:12.523119 Launcher launcher.cpp:87] Launcher: Function process 24 terminated
W1102 19:00:12.524346 Launcher launcher.cpp:87] Launcher: Function process 7 terminated
W1102 19:00:12.524362 Launcher launcher.cpp:87] Launcher: Function process 5 terminated
W1102 19:00:12.524367 Launcher launcher.cpp:87] Launcher: Function process 4 terminated
W1102 19:00:12.524371 Launcher launcher.cpp:87] Launcher: Function process 3 terminated
W1102 19:00:12.524376 Launcher launcher.cpp:87] Launcher: Function process 2 terminated
W1102 19:00:12.524381 Launcher launcher.cpp:87] Launcher: Function process 30 terminated
W1102 19:00:12.524386 Launcher launcher.cpp:87] Launcher: Function process 29 terminated
W1102 19:00:12.524391 Launcher launcher.cpp:87] Launcher: Function process 27 terminated
W1102 19:00:12.524395 Launcher launcher.cpp:87] Launcher: Function process 26 terminated
W1102 19:00:12.524400 Launcher launcher.cpp:87] Launcher: Function process 25 terminated
W1102 19:00:12.524405 Launcher launcher.cpp:87] Launcher: Function process 23 terminated
W1102 19:00:12.524409 Launcher launcher.cpp:87] Launcher: Function process 22 terminated
W1102 19:00:12.524414 Launcher launcher.cpp:87] Launcher: Function process 17 terminated
W1102 19:00:12.524418 Launcher launcher.cpp:87] Launcher: Function process 16 terminated
W1102 19:00:12.524423 Launcher launcher.cpp:87] Launcher: Function process 15 terminated
W1102 19:00:12.524428 Launcher launcher.cpp:87] Launcher: Function process 14 terminated
W1102 19:00:12.524432 Launcher launcher.cpp:87] Launcher: Function process 13 terminated
W1102 19:00:12.524437 Launcher launcher.cpp:87] Launcher: Function process 12 terminated
W1102 19:00:12.524441 Launcher launcher.cpp:87] Launcher: Function process 11 terminated
W1102 19:00:12.524446 Launcher launcher.cpp:87] Launcher: Function process 10 terminated
W1102 19:00:12.524451 Launcher launcher.cpp:87] Launcher: Function process 8 terminated
W1102 19:00:12.524455 Launcher launcher.cpp:87] Launcher: Function process 6 terminated
W1102 19:00:12.524460 Launcher launcher.cpp:87] Launcher: Function process 1 terminated
W1102 19:00:12.524465 Launcher launcher.cpp:87] Launcher: Function process 21 terminated
W1102 19:00:12.524469 Launcher launcher.cpp:87] Launcher: Function process 20 terminated
W1102 19:00:12.524474 Launcher launcher.cpp:87] Launcher: Function process 19 terminated
W1102 19:00:12.524479 Launcher launcher.cpp:87] Launcher: Function process 18 terminated
W1102 19:00:12.524483 Launcher launcher.cpp:87] Launcher: Function process 9 terminated
W1102 19:00:12.524509 Launcher launcher.cpp:87] Launcher: Function process 0 terminated
I1102 19:00:12.524515 Launcher launcher.cpp:101] Launcher: Event loop finishes
I1102 19:00:12.524566 Main     launcher.cpp:68] Launcher: Stopped
