I1102 19:04:00.467604 Main     thread.cpp:100] Register main thread: tid=1394530
E1102 19:04:00.468279 Main     docker.cpp:59] Cannot find docker's cgroup in /proc/self/cgroup
I1102 19:04:00.468337 Main     func_config.cpp:135] Load configuration for function Echo[1]
I1102 19:04:00.468348 Main     engine.cpp:109] Engine: Start 1 IO workers
I1102 19:04:00.471588 IO-0/EL  thread.cpp:40] Start thread: IO-0/EL
I1102 19:04:00.471642 IO-0/EL  io_worker.cpp:192] IO-0: Event loop starts
Checking for file descriptor...
Got a file descriptor!
I1102 19:04:02.366346 Main     engine.cpp:180] Engine: Created 1 Machnet connections to Gateway at 10.10.1.2:10007
I1102 19:04:02.366456 Main     engine.cpp:208] Engine: Listen on /dev/shm/faas_ipc/engine.sock for IPC connections
I1102 19:04:02.366660 Server/E thread.cpp:40] Start thread: Server/EL
I1102 19:04:02.366806 Server/E server_base.cpp:50] Server: Event loop starts
I1102 19:04:02.468928 Server/E engine.cpp:674] Engine: New message connection
I1102 19:04:02.472149 IO-0/EL  buffer_pool.h:25] BufferPool[IO-0_Read]: Allocate new buffer, current buffer count is 1
I1102 19:04:02.472181 IO-0/EL  engine.cpp:277] Engine: Receive new handshake message from message connection
I1102 19:04:02.472187 IO-0/EL  worker_manager.cpp:23] WorkerManager: Launcher of func_id 1 connected
I1102 19:04:02.472191 IO-0/EL  worker_manager.cpp:131] WorkerManager: Request new FuncWorker for func_id 1 with client_id 1
I1102 19:04:02.472210 IO-0/EL  worker_manager.cpp:131] WorkerManager: Request new FuncWorker for func_id 1 with client_id 2
I1102 19:04:02.472222 IO-0/EL  worker_manager.cpp:131] WorkerManager: Request new FuncWorker for func_id 1 with client_id 3
I1102 19:04:02.472232 IO-0/EL  worker_manager.cpp:131] WorkerManager: Request new FuncWorker for func_id 1 with client_id 4
I1102 19:04:02.472241 IO-0/EL  worker_manager.cpp:131] WorkerManager: Request new FuncWorker for func_id 1 with client_id 5
I1102 19:04:02.472250 IO-0/EL  worker_manager.cpp:131] WorkerManager: Request new FuncWorker for func_id 1 with client_id 6
I1102 19:04:02.472261 IO-0/EL  worker_manager.cpp:131] WorkerManager: Request new FuncWorker for func_id 1 with client_id 7
I1102 19:04:02.472270 IO-0/EL  worker_manager.cpp:131] WorkerManager: Request new FuncWorker for func_id 1 with client_id 8
I1102 19:04:02.472282 IO-0/EL  worker_manager.cpp:131] WorkerManager: Request new FuncWorker for func_id 1 with client_id 9
I1102 19:04:02.472291 IO-0/EL  worker_manager.cpp:131] WorkerManager: Request new FuncWorker for func_id 1 with client_id 10
I1102 19:04:02.472302 IO-0/EL  worker_manager.cpp:131] WorkerManager: Request new FuncWorker for func_id 1 with client_id 11
I1102 19:04:02.472312 IO-0/EL  worker_manager.cpp:131] WorkerManager: Request new FuncWorker for func_id 1 with client_id 12
I1102 19:04:02.472323 IO-0/EL  worker_manager.cpp:131] WorkerManager: Request new FuncWorker for func_id 1 with client_id 13
I1102 19:04:02.472333 IO-0/EL  worker_manager.cpp:131] WorkerManager: Request new FuncWorker for func_id 1 with client_id 14
I1102 19:04:02.472342 IO-0/EL  worker_manager.cpp:131] WorkerManager: Request new FuncWorker for func_id 1 with client_id 15
I1102 19:04:02.472353 IO-0/EL  worker_manager.cpp:131] WorkerManager: Request new FuncWorker for func_id 1 with client_id 16
I1102 19:04:02.472363 IO-0/EL  worker_manager.cpp:131] WorkerManager: Request new FuncWorker for func_id 1 with client_id 17
I1102 19:04:02.472382 IO-0/EL  worker_manager.cpp:131] WorkerManager: Request new FuncWorker for func_id 1 with client_id 18
I1102 19:04:02.472392 IO-0/EL  worker_manager.cpp:131] WorkerManager: Request new FuncWorker for func_id 1 with client_id 19
I1102 19:04:02.472403 IO-0/EL  worker_manager.cpp:131] WorkerManager: Request new FuncWorker for func_id 1 with client_id 20
I1102 19:04:02.472413 IO-0/EL  worker_manager.cpp:131] WorkerManager: Request new FuncWorker for func_id 1 with client_id 21
I1102 19:04:02.472422 IO-0/EL  worker_manager.cpp:131] WorkerManager: Request new FuncWorker for func_id 1 with client_id 22
I1102 19:04:02.472432 IO-0/EL  worker_manager.cpp:131] WorkerManager: Request new FuncWorker for func_id 1 with client_id 23
I1102 19:04:02.472457 IO-0/EL  worker_manager.cpp:131] WorkerManager: Request new FuncWorker for func_id 1 with client_id 24
I1102 19:04:02.472467 IO-0/EL  worker_manager.cpp:131] WorkerManager: Request new FuncWorker for func_id 1 with client_id 25
I1102 19:04:02.472475 IO-0/EL  worker_manager.cpp:131] WorkerManager: Request new FuncWorker for func_id 1 with client_id 26
I1102 19:04:02.472484 IO-0/EL  worker_manager.cpp:131] WorkerManager: Request new FuncWorker for func_id 1 with client_id 27
I1102 19:04:02.472497 IO-0/EL  worker_manager.cpp:131] WorkerManager: Request new FuncWorker for func_id 1 with client_id 28
I1102 19:04:02.472506 IO-0/EL  worker_manager.cpp:131] WorkerManager: Request new FuncWorker for func_id 1 with client_id 29
I1102 19:04:02.472515 IO-0/EL  worker_manager.cpp:131] WorkerManager: Request new FuncWorker for func_id 1 with client_id 30
I1102 19:04:02.472526 IO-0/EL  worker_manager.cpp:131] WorkerManager: Request new FuncWorker for func_id 1 with client_id 31
I1102 19:04:02.472536 IO-0/EL  worker_manager.cpp:131] WorkerManager: Request new FuncWorker for func_id 1 with client_id 32
I1102 19:04:02.472544 IO-0/EL  worker_manager.cpp:131] WorkerManager: Request new FuncWorker for func_id 1 with client_id 33
I1102 19:04:02.472577 IO-0/EL  worker_manager.cpp:131] WorkerManager: Request new FuncWorker for func_id 1 with client_id 34
I1102 19:04:02.472587 IO-0/EL  worker_manager.cpp:131] WorkerManager: Request new FuncWorker for func_id 1 with client_id 35
I1102 19:04:02.472599 IO-0/EL  worker_manager.cpp:131] WorkerManager: Request new FuncWorker for func_id 1 with client_id 36
I1102 19:04:02.472608 IO-0/EL  worker_manager.cpp:131] WorkerManager: Request new FuncWorker for func_id 1 with client_id 37
I1102 19:04:02.472617 IO-0/EL  worker_manager.cpp:131] WorkerManager: Request new FuncWorker for func_id 1 with client_id 38
I1102 19:04:02.472627 IO-0/EL  worker_manager.cpp:131] WorkerManager: Request new FuncWorker for func_id 1 with client_id 39
I1102 19:04:02.472637 IO-0/EL  worker_manager.cpp:131] WorkerManager: Request new FuncWorker for func_id 1 with client_id 40
I1102 19:04:02.472647 IO-0/EL  worker_manager.cpp:131] WorkerManager: Request new FuncWorker for func_id 1 with client_id 41
I1102 19:04:02.472655 IO-0/EL  worker_manager.cpp:131] WorkerManager: Request new FuncWorker for func_id 1 with client_id 42
I1102 19:04:02.472666 IO-0/EL  worker_manager.cpp:131] WorkerManager: Request new FuncWorker for func_id 1 with client_id 43
I1102 19:04:02.472678 IO-0/EL  worker_manager.cpp:131] WorkerManager: Request new FuncWorker for func_id 1 with client_id 44
I1102 19:04:02.472687 IO-0/EL  worker_manager.cpp:131] WorkerManager: Request new FuncWorker for func_id 1 with client_id 45
I1102 19:04:02.472697 IO-0/EL  worker_manager.cpp:131] WorkerManager: Request new FuncWorker for func_id 1 with client_id 46
I1102 19:04:02.472707 IO-0/EL  worker_manager.cpp:131] WorkerManager: Request new FuncWorker for func_id 1 with client_id 47
I1102 19:04:02.472722 IO-0/EL  worker_manager.cpp:131] WorkerManager: Request new FuncWorker for func_id 1 with client_id 48
I1102 19:04:02.472732 IO-0/EL  worker_manager.cpp:131] WorkerManager: Request new FuncWorker for func_id 1 with client_id 49
I1102 19:04:02.472741 IO-0/EL  worker_manager.cpp:131] WorkerManager: Request new FuncWorker for func_id 1 with client_id 50
I1102 19:04:02.472752 IO-0/EL  worker_manager.cpp:131] WorkerManager: Request new FuncWorker for func_id 1 with client_id 51
I1102 19:04:02.472763 IO-0/EL  worker_manager.cpp:131] WorkerManager: Request new FuncWorker for func_id 1 with client_id 52
I1102 19:04:02.472772 IO-0/EL  worker_manager.cpp:131] WorkerManager: Request new FuncWorker for func_id 1 with client_id 53
I1102 19:04:02.472782 IO-0/EL  worker_manager.cpp:131] WorkerManager: Request new FuncWorker for func_id 1 with client_id 54
I1102 19:04:02.472791 IO-0/EL  worker_manager.cpp:131] WorkerManager: Request new FuncWorker for func_id 1 with client_id 55
I1102 19:04:02.472802 IO-0/EL  worker_manager.cpp:131] WorkerManager: Request new FuncWorker for func_id 1 with client_id 56
I1102 19:04:02.472816 IO-0/EL  worker_manager.cpp:131] WorkerManager: Request new FuncWorker for func_id 1 with client_id 57
I1102 19:04:02.472827 IO-0/EL  worker_manager.cpp:131] WorkerManager: Request new FuncWorker for func_id 1 with client_id 58
I1102 19:04:02.472836 IO-0/EL  worker_manager.cpp:131] WorkerManager: Request new FuncWorker for func_id 1 with client_id 59
I1102 19:04:02.472848 IO-0/EL  worker_manager.cpp:131] WorkerManager: Request new FuncWorker for func_id 1 with client_id 60
I1102 19:04:02.472858 IO-0/EL  worker_manager.cpp:131] WorkerManager: Request new FuncWorker for func_id 1 with client_id 61
I1102 19:04:02.472867 IO-0/EL  worker_manager.cpp:131] WorkerManager: Request new FuncWorker for func_id 1 with client_id 62
I1102 19:04:02.472876 IO-0/EL  worker_manager.cpp:131] WorkerManager: Request new FuncWorker for func_id 1 with client_id 63
I1102 19:04:02.472885 IO-0/EL  worker_manager.cpp:131] WorkerManager: Request new FuncWorker for func_id 1 with client_id 64
I1102 19:04:02.472938 IO-0/EL  buffer_pool.h:25] BufferPool[IO-0_Write]: Allocate new buffer, current buffer count is 1
I1102 19:04:02.472961 IO-0/EL  message_connection.cpp:269] LauncherConnection[1]: Handshake done
I1102 19:04:02.477025 Server/E engine.cpp:674] Engine: New message connection
I1102 19:04:02.477082 IO-0/EL  engine.cpp:277] Engine: Receive new handshake message from message connection
I1102 19:04:02.477087 IO-0/EL  worker_manager.cpp:60] WorkerManager: FuncWorker of func_id 1, client_id 1 connected
I1102 19:04:02.477098 IO-0/EL  dispatcher.cpp:47] Dispatcher[1]: min_workers=64
I1102 19:04:02.477102 IO-0/EL  dispatcher.cpp:51] Dispatcher[1]: max_workers=64
I1102 19:04:02.477122 IO-0/EL  message_connection.cpp:269] FuncWorkerConnection[1-1]: Handshake done
I1102 19:04:02.479608 Server/E engine.cpp:674] Engine: New message connection
I1102 19:04:02.479637 IO-0/EL  engine.cpp:277] Engine: Receive new handshake message from message connection
I1102 19:04:02.479643 IO-0/EL  worker_manager.cpp:60] WorkerManager: FuncWorker of func_id 1, client_id 4 connected
I1102 19:04:02.479659 IO-0/EL  message_connection.cpp:269] FuncWorkerConnection[1-4]: Handshake done
I1102 19:04:02.479886 Server/E engine.cpp:674] Engine: New message connection
I1102 19:04:02.479913 IO-0/EL  engine.cpp:277] Engine: Receive new handshake message from message connection
I1102 19:04:02.479917 IO-0/EL  worker_manager.cpp:60] WorkerManager: FuncWorker of func_id 1, client_id 2 connected
I1102 19:04:02.479931 IO-0/EL  message_connection.cpp:269] FuncWorkerConnection[1-2]: Handshake done
I1102 19:04:02.479961 Server/E engine.cpp:674] Engine: New message connection
I1102 19:04:02.479986 IO-0/EL  engine.cpp:277] Engine: Receive new handshake message from message connection
I1102 19:04:02.479990 IO-0/EL  worker_manager.cpp:60] WorkerManager: FuncWorker of func_id 1, client_id 3 connected
I1102 19:04:02.480003 IO-0/EL  message_connection.cpp:269] FuncWorkerConnection[1-3]: Handshake done
I1102 19:04:02.480957 Server/E engine.cpp:674] Engine: New message connection
I1102 19:04:02.480981 IO-0/EL  engine.cpp:277] Engine: Receive new handshake message from message connection
I1102 19:04:02.480986 IO-0/EL  worker_manager.cpp:60] WorkerManager: FuncWorker of func_id 1, client_id 5 connected
I1102 19:04:02.481000 IO-0/EL  message_connection.cpp:269] FuncWorkerConnection[1-5]: Handshake done
I1102 19:04:02.481380 Server/E engine.cpp:674] Engine: New message connection
I1102 19:04:02.481428 IO-0/EL  engine.cpp:277] Engine: Receive new handshake message from message connection
I1102 19:04:02.481433 IO-0/EL  worker_manager.cpp:60] WorkerManager: FuncWorker of func_id 1, client_id 6 connected
I1102 19:04:02.481445 IO-0/EL  message_connection.cpp:269] FuncWorkerConnection[1-6]: Handshake done
I1102 19:04:02.483134 Server/E engine.cpp:674] Engine: New message connection
I1102 19:04:02.483172 IO-0/EL  engine.cpp:277] Engine: Receive new handshake message from message connection
I1102 19:04:02.483184 IO-0/EL  worker_manager.cpp:60] WorkerManager: FuncWorker of func_id 1, client_id 7 connected
I1102 19:04:02.483197 IO-0/EL  message_connection.cpp:269] FuncWorkerConnection[1-7]: Handshake done
I1102 19:04:02.483502 Server/E engine.cpp:674] Engine: New message connection
I1102 19:04:02.483529 IO-0/EL  engine.cpp:277] Engine: Receive new handshake message from message connection
I1102 19:04:02.483534 IO-0/EL  worker_manager.cpp:60] WorkerManager: FuncWorker of func_id 1, client_id 8 connected
I1102 19:04:02.483547 IO-0/EL  message_connection.cpp:269] FuncWorkerConnection[1-8]: Handshake done
I1102 19:04:02.484069 Server/E engine.cpp:674] Engine: New message connection
I1102 19:04:02.484098 IO-0/EL  engine.cpp:277] Engine: Receive new handshake message from message connection
I1102 19:04:02.484103 IO-0/EL  worker_manager.cpp:60] WorkerManager: FuncWorker of func_id 1, client_id 9 connected
I1102 19:04:02.484116 IO-0/EL  message_connection.cpp:269] FuncWorkerConnection[1-9]: Handshake done
I1102 19:04:02.484266 Server/E engine.cpp:674] Engine: New message connection
I1102 19:04:02.484303 IO-0/EL  engine.cpp:277] Engine: Receive new handshake message from message connection
I1102 19:04:02.484307 IO-0/EL  worker_manager.cpp:60] WorkerManager: FuncWorker of func_id 1, client_id 10 connected
I1102 19:04:02.484320 IO-0/EL  message_connection.cpp:269] FuncWorkerConnection[1-10]: Handshake done
I1102 19:04:02.484695 Server/E engine.cpp:674] Engine: New message connection
I1102 19:04:02.484720 IO-0/EL  engine.cpp:277] Engine: Receive new handshake message from message connection
I1102 19:04:02.484726 IO-0/EL  worker_manager.cpp:60] WorkerManager: FuncWorker of func_id 1, client_id 11 connected
I1102 19:04:02.484740 IO-0/EL  message_connection.cpp:269] FuncWorkerConnection[1-11]: Handshake done
I1102 19:04:02.485688 Server/E engine.cpp:674] Engine: New message connection
I1102 19:04:02.485764 IO-0/EL  engine.cpp:277] Engine: Receive new handshake message from message connection
I1102 19:04:02.485769 IO-0/EL  worker_manager.cpp:60] WorkerManager: FuncWorker of func_id 1, client_id 12 connected
I1102 19:04:02.485783 IO-0/EL  message_connection.cpp:269] FuncWorkerConnection[1-12]: Handshake done
I1102 19:04:02.485903 Server/E engine.cpp:674] Engine: New message connection
I1102 19:04:02.485936 IO-0/EL  engine.cpp:277] Engine: Receive new handshake message from message connection
I1102 19:04:02.485940 IO-0/EL  worker_manager.cpp:60] WorkerManager: FuncWorker of func_id 1, client_id 13 connected
I1102 19:04:02.485953 IO-0/EL  message_connection.cpp:269] FuncWorkerConnection[1-13]: Handshake done
I1102 19:04:02.486555 Server/E engine.cpp:674] Engine: New message connection
I1102 19:04:02.486593 IO-0/EL  engine.cpp:277] Engine: Receive new handshake message from message connection
I1102 19:04:02.486598 IO-0/EL  worker_manager.cpp:60] WorkerManager: FuncWorker of func_id 1, client_id 14 connected
I1102 19:04:02.486610 IO-0/EL  message_connection.cpp:269] FuncWorkerConnection[1-14]: Handshake done
I1102 19:04:02.487004 Server/E engine.cpp:674] Engine: New message connection
I1102 19:04:02.487050 IO-0/EL  engine.cpp:277] Engine: Receive new handshake message from message connection
I1102 19:04:02.487055 IO-0/EL  worker_manager.cpp:60] WorkerManager: FuncWorker of func_id 1, client_id 15 connected
I1102 19:04:02.487069 IO-0/EL  message_connection.cpp:269] FuncWorkerConnection[1-15]: Handshake done
I1102 19:04:02.487317 Server/E engine.cpp:674] Engine: New message connection
I1102 19:04:02.487357 IO-0/EL  engine.cpp:277] Engine: Receive new handshake message from message connection
I1102 19:04:02.487362 IO-0/EL  worker_manager.cpp:60] WorkerManager: FuncWorker of func_id 1, client_id 16 connected
I1102 19:04:02.487375 IO-0/EL  message_connection.cpp:269] FuncWorkerConnection[1-16]: Handshake done
I1102 19:04:02.487914 Server/E engine.cpp:674] Engine: New message connection
I1102 19:04:02.487957 IO-0/EL  engine.cpp:277] Engine: Receive new handshake message from message connection
I1102 19:04:02.487961 IO-0/EL  worker_manager.cpp:60] WorkerManager: FuncWorker of func_id 1, client_id 17 connected
I1102 19:04:02.487988 IO-0/EL  message_connection.cpp:269] FuncWorkerConnection[1-17]: Handshake done
I1102 19:04:02.488225 Server/E engine.cpp:674] Engine: New message connection
I1102 19:04:02.488258 IO-0/EL  engine.cpp:277] Engine: Receive new handshake message from message connection
I1102 19:04:02.488263 IO-0/EL  worker_manager.cpp:60] WorkerManager: FuncWorker of func_id 1, client_id 18 connected
I1102 19:04:02.488276 IO-0/EL  message_connection.cpp:269] FuncWorkerConnection[1-18]: Handshake done
I1102 19:04:02.488730 Server/E engine.cpp:674] Engine: New message connection
I1102 19:04:02.488758 IO-0/EL  engine.cpp:277] Engine: Receive new handshake message from message connection
I1102 19:04:02.488763 IO-0/EL  worker_manager.cpp:60] WorkerManager: FuncWorker of func_id 1, client_id 19 connected
I1102 19:04:02.488776 IO-0/EL  message_connection.cpp:269] FuncWorkerConnection[1-19]: Handshake done
I1102 19:04:02.489209 Server/E engine.cpp:674] Engine: New message connection
I1102 19:04:02.489253 IO-0/EL  engine.cpp:277] Engine: Receive new handshake message from message connection
I1102 19:04:02.489258 IO-0/EL  worker_manager.cpp:60] WorkerManager: FuncWorker of func_id 1, client_id 20 connected
I1102 19:04:02.489270 IO-0/EL  message_connection.cpp:269] FuncWorkerConnection[1-20]: Handshake done
I1102 19:04:02.489802 Server/E engine.cpp:674] Engine: New message connection
I1102 19:04:02.489835 IO-0/EL  engine.cpp:277] Engine: Receive new handshake message from message connection
I1102 19:04:02.489840 IO-0/EL  worker_manager.cpp:60] WorkerManager: FuncWorker of func_id 1, client_id 21 connected
I1102 19:04:02.489853 IO-0/EL  message_connection.cpp:269] FuncWorkerConnection[1-21]: Handshake done
I1102 19:04:02.490155 Server/E engine.cpp:674] Engine: New message connection
I1102 19:04:02.490183 IO-0/EL  engine.cpp:277] Engine: Receive new handshake message from message connection
I1102 19:04:02.490187 IO-0/EL  worker_manager.cpp:60] WorkerManager: FuncWorker of func_id 1, client_id 22 connected
I1102 19:04:02.490200 IO-0/EL  message_connection.cpp:269] FuncWorkerConnection[1-22]: Handshake done
I1102 19:04:02.490674 Server/E engine.cpp:674] Engine: New message connection
I1102 19:04:02.490704 IO-0/EL  engine.cpp:277] Engine: Receive new handshake message from message connection
I1102 19:04:02.490712 IO-0/EL  worker_manager.cpp:60] WorkerManager: FuncWorker of func_id 1, client_id 23 connected
I1102 19:04:02.490726 IO-0/EL  message_connection.cpp:269] FuncWorkerConnection[1-23]: Handshake done
I1102 19:04:02.491237 Server/E engine.cpp:674] Engine: New message connection
I1102 19:04:02.491262 IO-0/EL  engine.cpp:277] Engine: Receive new handshake message from message connection
I1102 19:04:02.491267 IO-0/EL  worker_manager.cpp:60] WorkerManager: FuncWorker of func_id 1, client_id 24 connected
I1102 19:04:02.491279 IO-0/EL  message_connection.cpp:269] FuncWorkerConnection[1-24]: Handshake done
I1102 19:04:02.491605 Server/E engine.cpp:674] Engine: New message connection
I1102 19:04:02.491635 IO-0/EL  engine.cpp:277] Engine: Receive new handshake message from message connection
I1102 19:04:02.491640 IO-0/EL  worker_manager.cpp:60] WorkerManager: FuncWorker of func_id 1, client_id 25 connected
I1102 19:04:02.491653 IO-0/EL  message_connection.cpp:269] FuncWorkerConnection[1-25]: Handshake done
I1102 19:04:02.492095 Server/E engine.cpp:674] Engine: New message connection
I1102 19:04:02.492123 IO-0/EL  engine.cpp:277] Engine: Receive new handshake message from message connection
I1102 19:04:02.492127 IO-0/EL  worker_manager.cpp:60] WorkerManager: FuncWorker of func_id 1, client_id 26 connected
I1102 19:04:02.492140 IO-0/EL  message_connection.cpp:269] FuncWorkerConnection[1-26]: Handshake done
I1102 19:04:02.492564 Server/E engine.cpp:674] Engine: New message connection
I1102 19:04:02.492593 IO-0/EL  engine.cpp:277] Engine: Receive new handshake message from message connection
I1102 19:04:02.492598 IO-0/EL  worker_manager.cpp:60] WorkerManager: FuncWorker of func_id 1, client_id 27 connected
I1102 19:04:02.492617 IO-0/EL  message_connection.cpp:269] FuncWorkerConnection[1-27]: Handshake done
I1102 19:04:02.492788 Server/E engine.cpp:674] Engine: New message connection
I1102 19:04:02.492819 IO-0/EL  engine.cpp:277] Engine: Receive new handshake message from message connection
I1102 19:04:02.492824 IO-0/EL  worker_manager.cpp:60] WorkerManager: FuncWorker of func_id 1, client_id 28 connected
I1102 19:04:02.492837 IO-0/EL  message_connection.cpp:269] FuncWorkerConnection[1-28]: Handshake done
I1102 19:04:02.493498 Server/E engine.cpp:674] Engine: New message connection
I1102 19:04:02.493530 IO-0/EL  engine.cpp:277] Engine: Receive new handshake message from message connection
I1102 19:04:02.493534 IO-0/EL  worker_manager.cpp:60] WorkerManager: FuncWorker of func_id 1, client_id 29 connected
I1102 19:04:02.493552 IO-0/EL  message_connection.cpp:269] FuncWorkerConnection[1-29]: Handshake done
I1102 19:04:02.493984 Server/E engine.cpp:674] Engine: New message connection
I1102 19:04:02.494014 IO-0/EL  engine.cpp:277] Engine: Receive new handshake message from message connection
I1102 19:04:02.494019 IO-0/EL  worker_manager.cpp:60] WorkerManager: FuncWorker of func_id 1, client_id 30 connected
I1102 19:04:02.494032 IO-0/EL  message_connection.cpp:269] FuncWorkerConnection[1-30]: Handshake done
I1102 19:04:02.494524 Server/E engine.cpp:674] Engine: New message connection
I1102 19:04:02.494551 IO-0/EL  engine.cpp:277] Engine: Receive new handshake message from message connection
I1102 19:04:02.494555 IO-0/EL  worker_manager.cpp:60] WorkerManager: FuncWorker of func_id 1, client_id 31 connected
I1102 19:04:02.494568 IO-0/EL  message_connection.cpp:269] FuncWorkerConnection[1-31]: Handshake done
I1102 19:04:02.495032 Server/E engine.cpp:674] Engine: New message connection
I1102 19:04:02.495065 IO-0/EL  engine.cpp:277] Engine: Receive new handshake message from message connection
I1102 19:04:02.495070 IO-0/EL  worker_manager.cpp:60] WorkerManager: FuncWorker of func_id 1, client_id 32 connected
I1102 19:04:02.495083 IO-0/EL  message_connection.cpp:269] FuncWorkerConnection[1-32]: Handshake done
I1102 19:04:02.495493 Server/E engine.cpp:674] Engine: New message connection
I1102 19:04:02.495518 IO-0/EL  engine.cpp:277] Engine: Receive new handshake message from message connection
I1102 19:04:02.495523 IO-0/EL  worker_manager.cpp:60] WorkerManager: FuncWorker of func_id 1, client_id 33 connected
I1102 19:04:02.495535 IO-0/EL  message_connection.cpp:269] FuncWorkerConnection[1-33]: Handshake done
I1102 19:04:02.495979 Server/E engine.cpp:674] Engine: New message connection
I1102 19:04:02.496013 IO-0/EL  engine.cpp:277] Engine: Receive new handshake message from message connection
I1102 19:04:02.496019 IO-0/EL  worker_manager.cpp:60] WorkerManager: FuncWorker of func_id 1, client_id 34 connected
I1102 19:04:02.496034 IO-0/EL  message_connection.cpp:269] FuncWorkerConnection[1-34]: Handshake done
I1102 19:04:02.496398 Server/E engine.cpp:674] Engine: New message connection
I1102 19:04:02.496424 IO-0/EL  engine.cpp:277] Engine: Receive new handshake message from message connection
I1102 19:04:02.496429 IO-0/EL  worker_manager.cpp:60] WorkerManager: FuncWorker of func_id 1, client_id 35 connected
I1102 19:04:02.496441 IO-0/EL  message_connection.cpp:269] FuncWorkerConnection[1-35]: Handshake done
I1102 19:04:02.496524 Server/E engine.cpp:674] Engine: New message connection
I1102 19:04:02.496550 IO-0/EL  engine.cpp:277] Engine: Receive new handshake message from message connection
I1102 19:04:02.496554 IO-0/EL  worker_manager.cpp:60] WorkerManager: FuncWorker of func_id 1, client_id 36 connected
I1102 19:04:02.496567 IO-0/EL  message_connection.cpp:269] FuncWorkerConnection[1-36]: Handshake done
I1102 19:04:02.497345 Server/E engine.cpp:674] Engine: New message connection
I1102 19:04:02.497376 IO-0/EL  engine.cpp:277] Engine: Receive new handshake message from message connection
I1102 19:04:02.497381 IO-0/EL  worker_manager.cpp:60] WorkerManager: FuncWorker of func_id 1, client_id 37 connected
I1102 19:04:02.497402 IO-0/EL  message_connection.cpp:269] FuncWorkerConnection[1-37]: Handshake done
I1102 19:04:02.497754 Server/E engine.cpp:674] Engine: New message connection
I1102 19:04:02.497784 IO-0/EL  engine.cpp:277] Engine: Receive new handshake message from message connection
I1102 19:04:02.497789 IO-0/EL  worker_manager.cpp:60] WorkerManager: FuncWorker of func_id 1, client_id 38 connected
I1102 19:04:02.497802 IO-0/EL  message_connection.cpp:269] FuncWorkerConnection[1-38]: Handshake done
I1102 19:04:02.498208 Server/E engine.cpp:674] Engine: New message connection
I1102 19:04:02.498236 IO-0/EL  engine.cpp:277] Engine: Receive new handshake message from message connection
I1102 19:04:02.498240 IO-0/EL  worker_manager.cpp:60] WorkerManager: FuncWorker of func_id 1, client_id 39 connected
I1102 19:04:02.498253 IO-0/EL  message_connection.cpp:269] FuncWorkerConnection[1-39]: Handshake done
I1102 19:04:02.498654 Server/E engine.cpp:674] Engine: New message connection
I1102 19:04:02.498685 IO-0/EL  engine.cpp:277] Engine: Receive new handshake message from message connection
I1102 19:04:02.498690 IO-0/EL  worker_manager.cpp:60] WorkerManager: FuncWorker of func_id 1, client_id 40 connected
I1102 19:04:02.498702 IO-0/EL  message_connection.cpp:269] FuncWorkerConnection[1-40]: Handshake done
I1102 19:04:02.499167 Server/E engine.cpp:674] Engine: New message connection
I1102 19:04:02.499195 IO-0/EL  engine.cpp:277] Engine: Receive new handshake message from message connection
I1102 19:04:02.499200 IO-0/EL  worker_manager.cpp:60] WorkerManager: FuncWorker of func_id 1, client_id 41 connected
I1102 19:04:02.499214 IO-0/EL  message_connection.cpp:269] FuncWorkerConnection[1-41]: Handshake done
I1102 19:04:02.499638 Server/E engine.cpp:674] Engine: New message connection
I1102 19:04:02.499668 IO-0/EL  engine.cpp:277] Engine: Receive new handshake message from message connection
I1102 19:04:02.499673 IO-0/EL  worker_manager.cpp:60] WorkerManager: FuncWorker of func_id 1, client_id 42 connected
I1102 19:04:02.499686 IO-0/EL  message_connection.cpp:269] FuncWorkerConnection[1-42]: Handshake done
I1102 19:04:02.499793 Server/E engine.cpp:674] Engine: New message connection
I1102 19:04:02.499818 IO-0/EL  engine.cpp:277] Engine: Receive new handshake message from message connection
I1102 19:04:02.499824 IO-0/EL  worker_manager.cpp:60] WorkerManager: FuncWorker of func_id 1, client_id 43 connected
I1102 19:04:02.499840 IO-0/EL  message_connection.cpp:269] FuncWorkerConnection[1-43]: Handshake done
I1102 19:04:02.500581 Server/E engine.cpp:674] Engine: New message connection
I1102 19:04:02.500611 IO-0/EL  engine.cpp:277] Engine: Receive new handshake message from message connection
I1102 19:04:02.500616 IO-0/EL  worker_manager.cpp:60] WorkerManager: FuncWorker of func_id 1, client_id 44 connected
I1102 19:04:02.500629 IO-0/EL  message_connection.cpp:269] FuncWorkerConnection[1-44]: Handshake done
I1102 19:04:02.501104 Server/E engine.cpp:674] Engine: New message connection
I1102 19:04:02.501140 IO-0/EL  engine.cpp:277] Engine: Receive new handshake message from message connection
I1102 19:04:02.501145 IO-0/EL  worker_manager.cpp:60] WorkerManager: FuncWorker of func_id 1, client_id 45 connected
I1102 19:04:02.501157 IO-0/EL  message_connection.cpp:269] FuncWorkerConnection[1-45]: Handshake done
I1102 19:04:02.501579 Server/E engine.cpp:674] Engine: New message connection
I1102 19:04:02.501605 IO-0/EL  engine.cpp:277] Engine: Receive new handshake message from message connection
I1102 19:04:02.501610 IO-0/EL  worker_manager.cpp:60] WorkerManager: FuncWorker of func_id 1, client_id 46 connected
I1102 19:04:02.501622 IO-0/EL  message_connection.cpp:269] FuncWorkerConnection[1-46]: Handshake done
I1102 19:04:02.501845 Server/E engine.cpp:674] Engine: New message connection
I1102 19:04:02.501883 IO-0/EL  engine.cpp:277] Engine: Receive new handshake message from message connection
I1102 19:04:02.501888 IO-0/EL  worker_manager.cpp:60] WorkerManager: FuncWorker of func_id 1, client_id 47 connected
I1102 19:04:02.501901 IO-0/EL  message_connection.cpp:269] FuncWorkerConnection[1-47]: Handshake done
I1102 19:04:02.502535 Server/E engine.cpp:674] Engine: New message connection
I1102 19:04:02.502563 IO-0/EL  engine.cpp:277] Engine: Receive new handshake message from message connection
I1102 19:04:02.502568 IO-0/EL  worker_manager.cpp:60] WorkerManager: FuncWorker of func_id 1, client_id 48 connected
I1102 19:04:02.502581 IO-0/EL  message_connection.cpp:269] FuncWorkerConnection[1-48]: Handshake done
I1102 19:04:02.503092 Server/E engine.cpp:674] Engine: New message connection
I1102 19:04:02.503123 IO-0/EL  engine.cpp:277] Engine: Receive new handshake message from message connection
I1102 19:04:02.503128 IO-0/EL  worker_manager.cpp:60] WorkerManager: FuncWorker of func_id 1, client_id 49 connected
I1102 19:04:02.503141 IO-0/EL  message_connection.cpp:269] FuncWorkerConnection[1-49]: Handshake done
I1102 19:04:02.503547 Server/E engine.cpp:674] Engine: New message connection
I1102 19:04:02.503574 IO-0/EL  engine.cpp:277] Engine: Receive new handshake message from message connection
I1102 19:04:02.503579 IO-0/EL  worker_manager.cpp:60] WorkerManager: FuncWorker of func_id 1, client_id 50 connected
I1102 19:04:02.503594 IO-0/EL  message_connection.cpp:269] FuncWorkerConnection[1-50]: Handshake done
I1102 19:04:02.504093 Server/E engine.cpp:674] Engine: New message connection
I1102 19:04:02.504123 IO-0/EL  engine.cpp:277] Engine: Receive new handshake message from message connection
I1102 19:04:02.504128 IO-0/EL  worker_manager.cpp:60] WorkerManager: FuncWorker of func_id 1, client_id 51 connected
I1102 19:04:02.504141 IO-0/EL  message_connection.cpp:269] FuncWorkerConnection[1-51]: Handshake done
I1102 19:04:02.504485 Server/E engine.cpp:674] Engine: New message connection
I1102 19:04:02.504512 IO-0/EL  engine.cpp:277] Engine: Receive new handshake message from message connection
I1102 19:04:02.504516 IO-0/EL  worker_manager.cpp:60] WorkerManager: FuncWorker of func_id 1, client_id 52 connected
I1102 19:04:02.504530 IO-0/EL  message_connection.cpp:269] FuncWorkerConnection[1-52]: Handshake done
I1102 19:04:02.505025 Server/E engine.cpp:674] Engine: New message connection
I1102 19:04:02.505057 IO-0/EL  engine.cpp:277] Engine: Receive new handshake message from message connection
I1102 19:04:02.505062 IO-0/EL  worker_manager.cpp:60] WorkerManager: FuncWorker of func_id 1, client_id 53 connected
I1102 19:04:02.505075 IO-0/EL  message_connection.cpp:269] FuncWorkerConnection[1-53]: Handshake done
I1102 19:04:02.505495 Server/E engine.cpp:674] Engine: New message connection
I1102 19:04:02.505520 IO-0/EL  engine.cpp:277] Engine: Receive new handshake message from message connection
I1102 19:04:02.505524 IO-0/EL  worker_manager.cpp:60] WorkerManager: FuncWorker of func_id 1, client_id 54 connected
I1102 19:04:02.505537 IO-0/EL  message_connection.cpp:269] FuncWorkerConnection[1-54]: Handshake done
I1102 19:04:02.505590 Server/E engine.cpp:674] Engine: New message connection
I1102 19:04:02.505617 IO-0/EL  engine.cpp:277] Engine: Receive new handshake message from message connection
I1102 19:04:02.505622 IO-0/EL  worker_manager.cpp:60] WorkerManager: FuncWorker of func_id 1, client_id 55 connected
I1102 19:04:02.505634 IO-0/EL  message_connection.cpp:269] FuncWorkerConnection[1-55]: Handshake done
I1102 19:04:02.506416 Server/E engine.cpp:674] Engine: New message connection
I1102 19:04:02.506449 IO-0/EL  engine.cpp:277] Engine: Receive new handshake message from message connection
I1102 19:04:02.506455 IO-0/EL  worker_manager.cpp:60] WorkerManager: FuncWorker of func_id 1, client_id 56 connected
I1102 19:04:02.506468 IO-0/EL  message_connection.cpp:269] FuncWorkerConnection[1-56]: Handshake done
I1102 19:04:02.506931 Server/E engine.cpp:674] Engine: New message connection
I1102 19:04:02.506965 IO-0/EL  engine.cpp:277] Engine: Receive new handshake message from message connection
I1102 19:04:02.506970 IO-0/EL  worker_manager.cpp:60] WorkerManager: FuncWorker of func_id 1, client_id 57 connected
I1102 19:04:02.506991 IO-0/EL  message_connection.cpp:269] FuncWorkerConnection[1-57]: Handshake done
I1102 19:04:02.507339 Server/E engine.cpp:674] Engine: New message connection
I1102 19:04:02.507365 IO-0/EL  engine.cpp:277] Engine: Receive new handshake message from message connection
I1102 19:04:02.507369 IO-0/EL  worker_manager.cpp:60] WorkerManager: FuncWorker of func_id 1, client_id 58 connected
I1102 19:04:02.507382 IO-0/EL  message_connection.cpp:269] FuncWorkerConnection[1-58]: Handshake done
I1102 19:04:02.507867 Server/E engine.cpp:674] Engine: New message connection
I1102 19:04:02.507900 IO-0/EL  engine.cpp:277] Engine: Receive new handshake message from message connection
I1102 19:04:02.507905 IO-0/EL  worker_manager.cpp:60] WorkerManager: FuncWorker of func_id 1, client_id 59 connected
I1102 19:04:02.507918 IO-0/EL  message_connection.cpp:269] FuncWorkerConnection[1-59]: Handshake done
I1102 19:04:02.508340 Server/E engine.cpp:674] Engine: New message connection
I1102 19:04:02.508374 IO-0/EL  engine.cpp:277] Engine: Receive new handshake message from message connection
I1102 19:04:02.508379 IO-0/EL  worker_manager.cpp:60] WorkerManager: FuncWorker of func_id 1, client_id 60 connected
I1102 19:04:02.508392 IO-0/EL  message_connection.cpp:269] FuncWorkerConnection[1-60]: Handshake done
I1102 19:04:02.508835 Server/E engine.cpp:674] Engine: New message connection
I1102 19:04:02.508863 IO-0/EL  engine.cpp:277] Engine: Receive new handshake message from message connection
I1102 19:04:02.508868 IO-0/EL  worker_manager.cpp:60] WorkerManager: FuncWorker of func_id 1, client_id 61 connected
I1102 19:04:02.508881 IO-0/EL  message_connection.cpp:269] FuncWorkerConnection[1-61]: Handshake done
I1102 19:04:02.509273 Server/E engine.cpp:674] Engine: New message connection
I1102 19:04:02.509307 IO-0/EL  engine.cpp:277] Engine: Receive new handshake message from message connection
I1102 19:04:02.509311 IO-0/EL  worker_manager.cpp:60] WorkerManager: FuncWorker of func_id 1, client_id 62 connected
I1102 19:04:02.509325 IO-0/EL  message_connection.cpp:269] FuncWorkerConnection[1-62]: Handshake done
I1102 19:04:02.509602 Server/E engine.cpp:674] Engine: New message connection
I1102 19:04:02.509628 IO-0/EL  engine.cpp:277] Engine: Receive new handshake message from message connection
I1102 19:04:02.509632 IO-0/EL  worker_manager.cpp:60] WorkerManager: FuncWorker of func_id 1, client_id 63 connected
I1102 19:04:02.509644 IO-0/EL  message_connection.cpp:269] FuncWorkerConnection[1-63]: Handshake done
I1102 19:04:02.510172 Server/E engine.cpp:674] Engine: New message connection
I1102 19:04:02.510205 IO-0/EL  engine.cpp:277] Engine: Receive new handshake message from message connection
I1102 19:04:02.510209 IO-0/EL  worker_manager.cpp:60] WorkerManager: FuncWorker of func_id 1, client_id 64 connected
I1102 19:04:02.510223 IO-0/EL  message_connection.cpp:269] FuncWorkerConnection[1-64]: Handshake done
I1102 19:04:05.601349 IO-0/EL  buffer_pool.h:25] BufferPool[IO-0_Write]: Allocate new buffer, current buffer count is 2
I1102 19:04:05.601372 IO-0/EL  buffer_pool.h:25] BufferPool[IO-0_Write]: Allocate new buffer, current buffer count is 3
I1102 19:04:05.806191 IO-0/EL  buffer_pool.h:25] BufferPool[IO-0_Write]: Allocate new buffer, current buffer count is 4
I1102 19:04:06.215852 IO-0/EL  buffer_pool.h:25] BufferPool[IO-0_Write]: Allocate new buffer, current buffer count is 5
I1102 19:04:06.215868 IO-0/EL  buffer_pool.h:25] BufferPool[IO-0_Write]: Allocate new buffer, current buffer count is 6
I1102 19:04:06.215876 IO-0/EL  buffer_pool.h:25] BufferPool[IO-0_Write]: Allocate new buffer, current buffer count is 7
I1102 19:04:06.215883 IO-0/EL  buffer_pool.h:25] BufferPool[IO-0_Write]: Allocate new buffer, current buffer count is 8
I1102 19:04:07.035586 IO-0/EL  buffer_pool.h:25] BufferPool[IO-0_Write]: Allocate new buffer, current buffer count is 9
I1102 19:04:07.035601 IO-0/EL  buffer_pool.h:25] BufferPool[IO-0_Write]: Allocate new buffer, current buffer count is 10
I1102 19:04:07.035608 IO-0/EL  buffer_pool.h:25] BufferPool[IO-0_Write]: Allocate new buffer, current buffer count is 11
I1102 19:04:07.035617 IO-0/EL  buffer_pool.h:25] BufferPool[IO-0_Write]: Allocate new buffer, current buffer count is 12
I1102 19:04:07.035641 IO-0/EL  buffer_pool.h:25] BufferPool[IO-0_Write]: Allocate new buffer, current buffer count is 13
I1102 19:04:07.035650 IO-0/EL  buffer_pool.h:25] BufferPool[IO-0_Write]: Allocate new buffer, current buffer count is 14
I1102 19:04:07.035658 IO-0/EL  buffer_pool.h:25] BufferPool[IO-0_Write]: Allocate new buffer, current buffer count is 15
I1102 19:04:08.675773 IO-0/EL  buffer_pool.h:25] BufferPool[IO-0_Write]: Allocate new buffer, current buffer count is 16
I1102 19:04:08.675797 IO-0/EL  buffer_pool.h:25] BufferPool[IO-0_Write]: Allocate new buffer, current buffer count is 17
I1102 19:04:08.675806 IO-0/EL  buffer_pool.h:25] BufferPool[IO-0_Write]: Allocate new buffer, current buffer count is 18
I1102 19:04:08.675814 IO-0/EL  buffer_pool.h:25] BufferPool[IO-0_Write]: Allocate new buffer, current buffer count is 19
I1102 19:04:08.675828 IO-0/EL  buffer_pool.h:25] BufferPool[IO-0_Write]: Allocate new buffer, current buffer count is 20
I1102 19:04:08.675840 IO-0/EL  buffer_pool.h:25] BufferPool[IO-0_Write]: Allocate new buffer, current buffer count is 21
I1102 19:04:08.675852 IO-0/EL  buffer_pool.h:25] BufferPool[IO-0_Write]: Allocate new buffer, current buffer count is 22
I1102 19:04:08.675862 IO-0/EL  buffer_pool.h:25] BufferPool[IO-0_Write]: Allocate new buffer, current buffer count is 23
I1102 19:04:08.675875 IO-0/EL  buffer_pool.h:25] BufferPool[IO-0_Write]: Allocate new buffer, current buffer count is 24
I1102 19:04:08.675885 IO-0/EL  buffer_pool.h:25] BufferPool[IO-0_Write]: Allocate new buffer, current buffer count is 25
I1102 19:04:08.675897 IO-0/EL  buffer_pool.h:25] BufferPool[IO-0_Write]: Allocate new buffer, current buffer count is 26
I1102 19:04:08.675907 IO-0/EL  buffer_pool.h:25] BufferPool[IO-0_Write]: Allocate new buffer, current buffer count is 27
I1102 19:04:08.675921 IO-0/EL  buffer_pool.h:25] BufferPool[IO-0_Write]: Allocate new buffer, current buffer count is 28
I1102 19:04:08.675937 IO-0/EL  buffer_pool.h:25] BufferPool[IO-0_Write]: Allocate new buffer, current buffer count is 29
I1102 19:04:08.675951 IO-0/EL  buffer_pool.h:25] BufferPool[IO-0_Write]: Allocate new buffer, current buffer count is 30
I1102 19:04:08.675968 IO-0/EL  buffer_pool.h:25] BufferPool[IO-0_Write]: Allocate new buffer, current buffer count is 31
I1102 19:04:08.675982 IO-0/EL  buffer_pool.h:25] BufferPool[IO-0_Write]: Allocate new buffer, current buffer count is 32
I1102 19:04:08.676004 IO-0/EL  buffer_pool.h:25] BufferPool[IO-0_Write]: Allocate new buffer, current buffer count is 33
I1102 19:04:08.676020 IO-0/EL  buffer_pool.h:25] BufferPool[IO-0_Write]: Allocate new buffer, current buffer count is 34
I1102 19:04:10.424217 Main     server_base.cpp:35] Server: Scheduled to stop
I1102 19:04:10.424254 IO-0/EL  message_connection.cpp:284] LauncherConnection[1]: Connection closed remotely
I1102 19:04:10.424432 Server/E server_base.cpp:109] Server: Start stopping process
I1102 19:04:10.424508 IO-0/EL  io_worker.cpp:206] IO-0: Start stopping process
I1102 19:04:10.424577 Server/E server_base.cpp:55] Server: Event loop finishes
