$ /users/vj2267/nightcore/benchmarks/run_bench.sh --duration 5 --workers 32 --remote vj2267@sm110p-10s10615.wisc.cloudlab.us --remote_addr 10.10.1.2 --machnet --local_machnet_ip 10.10.1.1 --mode noop --target_rps 10000

=== Nightcore Stress Test (noop mode) ===
Mode: noop
Function: Noop
Workers: 32
Duration: 5 seconds
Target RPS (global): 10000
Input size: 64 bytes
Inflight limit per connection: 1
Engine IO workers: 1
Gateway conns per worker: 1
Warmup: 0 seconds
Stress Client: Remote (vj2267@sm110p-10s10615.wisc.cloudlab.us)
Engine Connection Address: 10.10.1.2 (explicit)
Transport: Machnet
  Remote Machnet IP: 10.10.1.2
  Local Machnet IP: 10.10.1.1

Cleaning up any existing stress_client on remote...
Starting stress_client on remote host vj2267@sm110p-10s10615.wisc.cloudlab.us...
  Remote SSH process PID: 1371543
  Output will be saved to: /users/vj2267/nightcore/benchmarks/outputs/stress_client_remote.txt
Waiting for remote stress_client to start...
I1102 18:12:06.937711 Main     thread.cpp:100] Register main thread: tid=1128846
I1102 18:12:06.937782 Main     stress_client.cpp:179] Using Machnet transport on 10.10.1.2:10007
I1102 18:12:06.937787 Main     stress_client_machnet.cpp:37] Starting Machnet event-loop thread...
[Loop Thread 139363230938816] Machnet event-loop thread started
I1102 18:12:06.941061 Server/E thread.cpp:40] Start thread: Server/EL
I1102 18:12:06.941107 Server/E server_base.cpp:50] Server: Event loop starts
I1102 18:12:07.441168 Main     stress_client.cpp:43] === Nightcore Stress Test ===
I1102 18:12:07.441204 Main     stress_client.cpp:44] Function ID: 1
I1102 18:12:07.441212 Main     stress_client.cpp:45] Method ID: 0
I1102 18:12:07.441216 Main     stress_client.cpp:46] Input size: 64 bytes
I1102 18:12:07.441221 Main     stress_client.cpp:47] Global target RPS: 10000
I1102 18:12:07.441226 Main     stress_client.cpp:50] Inflight limit per connection: 1
I1102 18:12:07.441231 Main     stress_client.cpp:51] Warmup: 0s, Duration: 5s
I1102 18:12:07.441236 Main     stress_client.cpp:53] 
I1102 18:12:07.441240 Main     stress_client.cpp:54] ========================================
I1102 18:12:07.441245 Main     stress_client.cpp:57] Waiting for Engine to connect...
Checking for file descriptor...
Got a file descriptor!
Listening on Machnet 10.10.1.2:10007 for Engine connections[Loop Thread 139363230938816] Machnet listener created
Starting Engine (connecting to 10.10.1.2:10007)...
  Engine PID: 1371552
New Machnet connection created: 168427777:1024 -> 168427778:10007
[Receive Thread 139363230938816] Handshake: pinned send flow 168427778:10007 -> 168427777:1024
[Loop Thread 139363230938816] Now sending on flow 168427778:10007 -> 168427777:1024
I1102 18:12:11.444029 Main     stress_client.cpp:71] Engine connected with 1 connection(s)
I1102 18:12:11.444063 Main     stress_client.cpp:73] Global target RPS: 10000
I1102 18:12:11.444073 Main     stress_client.cpp:76] 
I1102 18:12:11.444078 Main     stress_client.cpp:79] Waiting 3 seconds for workers to initialize...
Starting Launcher with 32 workers...
All components started. Stress test will begin after warmup...

I1102 18:12:15.444816 Main     stress_common.cpp:30] [T+1s] Sent: 10001 | Completed: 10001 | Failed: 0 | Latencies: 10001
I1102 18:12:16.445195 Main     stress_common.cpp:30] [T+2s] Sent: 20004 | Completed: 20003 | Failed: 0 | Latencies: 20003
I1102 18:12:17.445418 Main     stress_common.cpp:30] [T+3s] Sent: 30005 | Completed: 30005 | Failed: 0 | Latencies: 30005
I1102 18:12:18.445656 Main     stress_common.cpp:30] [T+4s] Sent: 40007 | Completed: 40007 | Failed: 0 | Latencies: 40007
I1102 18:12:19.445897 Main     stress_common.cpp:30] [T+5s] Sent: 49993 | Completed: 49993 | Failed: 0 | Latencies: 49993
I1102 18:12:19.445916 Main     stress_client.cpp:116] 
I1102 18:12:19.445968 Main     stress_common.cpp:42] ========================================
I1102 18:12:19.445973 Main     stress_common.cpp:43] === Stress Test Results ===
I1102 18:12:19.445977 Main     stress_common.cpp:44] ========================================
I1102 18:12:19.445982 Main     stress_common.cpp:45] Transport:         Machnet
I1102 18:12:19.445987 Main     stress_common.cpp:46] Connections:       1
I1102 18:12:19.445993 Main     stress_common.cpp:47] Duration:          5.00 seconds
I1102 18:12:19.446016 Main     stress_common.cpp:48] Total Sent:        49993
I1102 18:12:19.446021 Main     stress_common.cpp:49] Total Completed:   49993 (100.00%)
I1102 18:12:19.446028 Main     stress_common.cpp:52] Total Failed:      0 (0.00%)
I1102 18:12:19.446035 Main     stress_common.cpp:55] 
I1102 18:12:19.446039 Main     stress_common.cpp:56] Throughput:        9996.0 rps
I1102 18:12:19.446045 Main     stress_common.cpp:57] 
I1102 18:12:19.449744 Main     stress_common.cpp:71] Latency (us):
I1102 18:12:19.449759 Main     stress_common.cpp:72]   Min:    27
I1102 18:12:19.449766 Main     stress_common.cpp:73]   p50:    29
I1102 18:12:19.449772 Main     stress_common.cpp:74]   p90:    31
I1102 18:12:19.449777 Main     stress_common.cpp:75]   p99:    39
I1102 18:12:19.449782 Main     stress_common.cpp:76]   p99.9:  45
I1102 18:12:19.449786 Main     stress_common.cpp:77]   Max:    199
I1102 18:12:19.449792 Main     stress_common.cpp:82] ========================================
I1102 18:12:19.449797 Main     server_base.cpp:35] Server: Scheduled to stop
I1102 18:12:19.449929 Server/E server_base.cpp:109] Server: Start stopping process
[Loop Thread 139363230938816] Machnet event-loop thread finished
I1102 18:12:19.450094 Server/E server_base.cpp:55] Server: Event loop finishes
I1102 18:12:19.450216 Main     server_base.cpp:46] Server: Stopped

Stress test completed. Shutting down...

Copying results from remote host...
Remote stress_client output:
I1102 18:12:06.937711 Main     thread.cpp:100] Register main thread: tid=1128846
I1102 18:12:06.937782 Main     stress_client.cpp:179] Using Machnet transport on 10.10.1.2:10007
I1102 18:12:06.937787 Main     stress_client_machnet.cpp:37] Starting Machnet event-loop thread...
[Loop Thread 139363230938816] Machnet event-loop thread started
I1102 18:12:06.941061 Server/E thread.cpp:40] Start thread: Server/EL
I1102 18:12:06.941107 Server/E server_base.cpp:50] Server: Event loop starts
I1102 18:12:07.441168 Main     stress_client.cpp:43] === Nightcore Stress Test ===
I1102 18:12:07.441204 Main     stress_client.cpp:44] Function ID: 1
I1102 18:12:07.441212 Main     stress_client.cpp:45] Method ID: 0
I1102 18:12:07.441216 Main     stress_client.cpp:46] Input size: 64 bytes
I1102 18:12:07.441221 Main     stress_client.cpp:47] Global target RPS: 10000
I1102 18:12:07.441226 Main     stress_client.cpp:50] Inflight limit per connection: 1
I1102 18:12:07.441231 Main     stress_client.cpp:51] Warmup: 0s, Duration: 5s
I1102 18:12:07.441236 Main     stress_client.cpp:53] 
I1102 18:12:07.441240 Main     stress_client.cpp:54] ========================================
I1102 18:12:07.441245 Main     stress_client.cpp:57] Waiting for Engine to connect...
Checking for file descriptor...
Got a file descriptor!
Listening on Machnet 10.10.1.2:10007 for Engine connections[Loop Thread 139363230938816] Machnet listener created
New Machnet connection created: 168427777:1024 -> 168427778:10007
[Receive Thread 139363230938816] Handshake: pinned send flow 168427778:10007 -> 168427777:1024
[Loop Thread 139363230938816] Now sending on flow 168427778:10007 -> 168427777:1024
I1102 18:12:11.444029 Main     stress_client.cpp:71] Engine connected with 1 connection(s)
I1102 18:12:11.444063 Main     stress_client.cpp:73] Global target RPS: 10000
I1102 18:12:11.444073 Main     stress_client.cpp:76] 
I1102 18:12:11.444078 Main     stress_client.cpp:79] Waiting 3 seconds for workers to initialize...
I1102 18:12:15.444816 Main     stress_common.cpp:30] [T+1s] Sent: 10001 | Completed: 10001 | Failed: 0 | Latencies: 10001
I1102 18:12:16.445195 Main     stress_common.cpp:30] [T+2s] Sent: 20004 | Completed: 20003 | Failed: 0 | Latencies: 20003
I1102 18:12:17.445418 Main     stress_common.cpp:30] [T+3s] Sent: 30005 | Completed: 30005 | Failed: 0 | Latencies: 30005
I1102 18:12:18.445656 Main     stress_common.cpp:30] [T+4s] Sent: 40007 | Completed: 40007 | Failed: 0 | Latencies: 40007
I1102 18:12:19.445897 Main     stress_common.cpp:30] [T+5s] Sent: 49993 | Completed: 49993 | Failed: 0 | Latencies: 49993
I1102 18:12:19.445916 Main     stress_client.cpp:116] 
I1102 18:12:19.445968 Main     stress_common.cpp:42] ========================================
I1102 18:12:19.445973 Main     stress_common.cpp:43] === Stress Test Results ===
I1102 18:12:19.445977 Main     stress_common.cpp:44] ========================================
I1102 18:12:19.445982 Main     stress_common.cpp:45] Transport:         Machnet
I1102 18:12:19.445987 Main     stress_common.cpp:46] Connections:       1
I1102 18:12:19.445993 Main     stress_common.cpp:47] Duration:          5.00 seconds
I1102 18:12:19.446016 Main     stress_common.cpp:48] Total Sent:        49993
I1102 18:12:19.446021 Main     stress_common.cpp:49] Total Completed:   49993 (100.00%)
I1102 18:12:19.446028 Main     stress_common.cpp:52] Total Failed:      0 (0.00%)
I1102 18:12:19.446035 Main     stress_common.cpp:55] 
I1102 18:12:19.446039 Main     stress_common.cpp:56] Throughput:        9996.0 rps
I1102 18:12:19.446045 Main     stress_common.cpp:57] 
I1102 18:12:19.449744 Main     stress_common.cpp:71] Latency (us):
I1102 18:12:19.449759 Main     stress_common.cpp:72]   Min:    27
I1102 18:12:19.449766 Main     stress_common.cpp:73]   p50:    29
I1102 18:12:19.449772 Main     stress_common.cpp:74]   p90:    31
I1102 18:12:19.449777 Main     stress_common.cpp:75]   p99:    39
I1102 18:12:19.449782 Main     stress_common.cpp:76]   p99.9:  45
I1102 18:12:19.449786 Main     stress_common.cpp:77]   Max:    199
I1102 18:12:19.449792 Main     stress_common.cpp:82] ========================================
I1102 18:12:19.449797 Main     server_base.cpp:35] Server: Scheduled to stop
I1102 18:12:19.449929 Server/E server_base.cpp:109] Server: Start stopping process
[Loop Thread 139363230938816] Machnet event-loop thread finished
I1102 18:12:19.450094 Server/E server_base.cpp:55] Server: Event loop finishes
I1102 18:12:19.450216 Main     server_base.cpp:46] Server: Stopped

Cleaning up any remaining remote stress_client processes...

Logs saved to:
  Engine:   /users/vj2267/nightcore/benchmarks/outputs/engine.log
  Launcher: /users/vj2267/nightcore/benchmarks/outputs/launcher.log
  Workers:  /users/vj2267/nightcore/benchmarks/outputs/Noop_worker_*.stdout
