I1102 18:12:09.631259 Main     thread.cpp:100] Register main thread: tid=1371552
E1102 18:12:09.631595 Main     docker.cpp:59] Cannot find docker's cgroup in /proc/self/cgroup
I1102 18:12:09.631647 Main     func_config.cpp:135] Load configuration for function Noop[1]
I1102 18:12:09.631659 Main     engine.cpp:109] Engine: Start 1 IO workers
I1102 18:12:09.634921 IO-0/EL  thread.cpp:40] Start thread: IO-0/EL
I1102 18:12:09.634982 IO-0/EL  io_worker.cpp:192] IO-0: Event loop starts
Checking for file descriptor...
Got a file descriptor!
I1102 18:12:11.354237 Main     engine.cpp:180] Engine: Created 1 Machnet connections to Gateway at 10.10.1.2:10007
I1102 18:12:11.354346 Main     engine.cpp:208] Engine: Listen on /dev/shm/faas_ipc/engine.sock for IPC connections
I1102 18:12:11.354600 Server/E thread.cpp:40] Start thread: Server/EL
I1102 18:12:11.354779 Server/E server_base.cpp:50] Server: Event loop starts
I1102 18:12:11.632777 Server/E engine.cpp:674] Engine: New message connection
I1102 18:12:11.636086 IO-0/EL  buffer_pool.h:25] BufferPool[IO-0_Read]: Allocate new buffer, current buffer count is 1
I1102 18:12:11.636120 IO-0/EL  engine.cpp:277] Engine: Receive new handshake message from message connection
I1102 18:12:11.636125 IO-0/EL  worker_manager.cpp:23] WorkerManager: Launcher of func_id 1 connected
I1102 18:12:11.636130 IO-0/EL  worker_manager.cpp:131] WorkerManager: Request new FuncWorker for func_id 1 with client_id 1
I1102 18:12:11.636149 IO-0/EL  worker_manager.cpp:131] WorkerManager: Request new FuncWorker for func_id 1 with client_id 2
I1102 18:12:11.636161 IO-0/EL  worker_manager.cpp:131] WorkerManager: Request new FuncWorker for func_id 1 with client_id 3
I1102 18:12:11.636170 IO-0/EL  worker_manager.cpp:131] WorkerManager: Request new FuncWorker for func_id 1 with client_id 4
I1102 18:12:11.636180 IO-0/EL  worker_manager.cpp:131] WorkerManager: Request new FuncWorker for func_id 1 with client_id 5
I1102 18:12:11.636189 IO-0/EL  worker_manager.cpp:131] WorkerManager: Request new FuncWorker for func_id 1 with client_id 6
I1102 18:12:11.636200 IO-0/EL  worker_manager.cpp:131] WorkerManager: Request new FuncWorker for func_id 1 with client_id 7
I1102 18:12:11.636209 IO-0/EL  worker_manager.cpp:131] WorkerManager: Request new FuncWorker for func_id 1 with client_id 8
I1102 18:12:11.636222 IO-0/EL  worker_manager.cpp:131] WorkerManager: Request new FuncWorker for func_id 1 with client_id 9
I1102 18:12:11.636232 IO-0/EL  worker_manager.cpp:131] WorkerManager: Request new FuncWorker for func_id 1 with client_id 10
I1102 18:12:11.636244 IO-0/EL  worker_manager.cpp:131] WorkerManager: Request new FuncWorker for func_id 1 with client_id 11
I1102 18:12:11.636254 IO-0/EL  worker_manager.cpp:131] WorkerManager: Request new FuncWorker for func_id 1 with client_id 12
I1102 18:12:11.636266 IO-0/EL  worker_manager.cpp:131] WorkerManager: Request new FuncWorker for func_id 1 with client_id 13
I1102 18:12:11.636276 IO-0/EL  worker_manager.cpp:131] WorkerManager: Request new FuncWorker for func_id 1 with client_id 14
I1102 18:12:11.636285 IO-0/EL  worker_manager.cpp:131] WorkerManager: Request new FuncWorker for func_id 1 with client_id 15
I1102 18:12:11.636296 IO-0/EL  worker_manager.cpp:131] WorkerManager: Request new FuncWorker for func_id 1 with client_id 16
I1102 18:12:11.636305 IO-0/EL  worker_manager.cpp:131] WorkerManager: Request new FuncWorker for func_id 1 with client_id 17
I1102 18:12:11.636325 IO-0/EL  worker_manager.cpp:131] WorkerManager: Request new FuncWorker for func_id 1 with client_id 18
I1102 18:12:11.636335 IO-0/EL  worker_manager.cpp:131] WorkerManager: Request new FuncWorker for func_id 1 with client_id 19
I1102 18:12:11.636346 IO-0/EL  worker_manager.cpp:131] WorkerManager: Request new FuncWorker for func_id 1 with client_id 20
I1102 18:12:11.636358 IO-0/EL  worker_manager.cpp:131] WorkerManager: Request new FuncWorker for func_id 1 with client_id 21
I1102 18:12:11.636369 IO-0/EL  worker_manager.cpp:131] WorkerManager: Request new FuncWorker for func_id 1 with client_id 22
I1102 18:12:11.636378 IO-0/EL  worker_manager.cpp:131] WorkerManager: Request new FuncWorker for func_id 1 with client_id 23
I1102 18:12:11.636405 IO-0/EL  worker_manager.cpp:131] WorkerManager: Request new FuncWorker for func_id 1 with client_id 24
I1102 18:12:11.636415 IO-0/EL  worker_manager.cpp:131] WorkerManager: Request new FuncWorker for func_id 1 with client_id 25
I1102 18:12:11.636424 IO-0/EL  worker_manager.cpp:131] WorkerManager: Request new FuncWorker for func_id 1 with client_id 26
I1102 18:12:11.636433 IO-0/EL  worker_manager.cpp:131] WorkerManager: Request new FuncWorker for func_id 1 with client_id 27
I1102 18:12:11.636446 IO-0/EL  worker_manager.cpp:131] WorkerManager: Request new FuncWorker for func_id 1 with client_id 28
I1102 18:12:11.636455 IO-0/EL  worker_manager.cpp:131] WorkerManager: Request new FuncWorker for func_id 1 with client_id 29
I1102 18:12:11.636465 IO-0/EL  worker_manager.cpp:131] WorkerManager: Request new FuncWorker for func_id 1 with client_id 30
I1102 18:12:11.636476 IO-0/EL  worker_manager.cpp:131] WorkerManager: Request new FuncWorker for func_id 1 with client_id 31
I1102 18:12:11.636485 IO-0/EL  worker_manager.cpp:131] WorkerManager: Request new FuncWorker for func_id 1 with client_id 32
I1102 18:12:11.636534 IO-0/EL  buffer_pool.h:25] BufferPool[IO-0_Write]: Allocate new buffer, current buffer count is 1
I1102 18:12:11.636565 IO-0/EL  message_connection.cpp:269] LauncherConnection[1]: Handshake done
I1102 18:12:11.640784 Server/E engine.cpp:674] Engine: New message connection
I1102 18:12:11.640815 IO-0/EL  engine.cpp:277] Engine: Receive new handshake message from message connection
I1102 18:12:11.640821 IO-0/EL  worker_manager.cpp:60] WorkerManager: FuncWorker of func_id 1, client_id 1 connected
I1102 18:12:11.640832 IO-0/EL  dispatcher.cpp:47] Dispatcher[1]: min_workers=32
I1102 18:12:11.640836 IO-0/EL  dispatcher.cpp:51] Dispatcher[1]: max_workers=32
I1102 18:12:11.640859 IO-0/EL  message_connection.cpp:269] FuncWorkerConnection[1-1]: Handshake done
I1102 18:12:11.641136 Server/E engine.cpp:674] Engine: New message connection
I1102 18:12:11.641157 IO-0/EL  engine.cpp:277] Engine: Receive new handshake message from message connection
I1102 18:12:11.641162 IO-0/EL  worker_manager.cpp:60] WorkerManager: FuncWorker of func_id 1, client_id 2 connected
I1102 18:12:11.641176 IO-0/EL  message_connection.cpp:269] FuncWorkerConnection[1-2]: Handshake done
I1102 18:12:11.642300 Server/E engine.cpp:674] Engine: New message connection
I1102 18:12:11.642323 IO-0/EL  engine.cpp:277] Engine: Receive new handshake message from message connection
I1102 18:12:11.642329 IO-0/EL  worker_manager.cpp:60] WorkerManager: FuncWorker of func_id 1, client_id 3 connected
I1102 18:12:11.642344 IO-0/EL  message_connection.cpp:269] FuncWorkerConnection[1-3]: Handshake done
I1102 18:12:11.644282 Server/E engine.cpp:674] Engine: New message connection
I1102 18:12:11.644306 IO-0/EL  engine.cpp:277] Engine: Receive new handshake message from message connection
I1102 18:12:11.644312 IO-0/EL  worker_manager.cpp:60] WorkerManager: FuncWorker of func_id 1, client_id 5 connected
I1102 18:12:11.644327 IO-0/EL  message_connection.cpp:269] FuncWorkerConnection[1-5]: Handshake done
I1102 18:12:11.644402 Server/E engine.cpp:674] Engine: New message connection
I1102 18:12:11.644421 IO-0/EL  engine.cpp:277] Engine: Receive new handshake message from message connection
I1102 18:12:11.644425 IO-0/EL  worker_manager.cpp:60] WorkerManager: FuncWorker of func_id 1, client_id 4 connected
I1102 18:12:11.644438 IO-0/EL  message_connection.cpp:269] FuncWorkerConnection[1-4]: Handshake done
I1102 18:12:11.644527 Server/E engine.cpp:674] Engine: New message connection
I1102 18:12:11.644556 IO-0/EL  engine.cpp:277] Engine: Receive new handshake message from message connection
I1102 18:12:11.644560 IO-0/EL  worker_manager.cpp:60] WorkerManager: FuncWorker of func_id 1, client_id 6 connected
I1102 18:12:11.644573 IO-0/EL  message_connection.cpp:269] FuncWorkerConnection[1-6]: Handshake done
I1102 18:12:11.645416 Server/E engine.cpp:674] Engine: New message connection
I1102 18:12:11.645466 IO-0/EL  engine.cpp:277] Engine: Receive new handshake message from message connection
I1102 18:12:11.645471 IO-0/EL  worker_manager.cpp:60] WorkerManager: FuncWorker of func_id 1, client_id 7 connected
I1102 18:12:11.645484 IO-0/EL  message_connection.cpp:269] FuncWorkerConnection[1-7]: Handshake done
I1102 18:12:11.647489 Server/E engine.cpp:674] Engine: New message connection
I1102 18:12:11.647527 IO-0/EL  engine.cpp:277] Engine: Receive new handshake message from message connection
I1102 18:12:11.647533 IO-0/EL  worker_manager.cpp:60] WorkerManager: FuncWorker of func_id 1, client_id 8 connected
I1102 18:12:11.647547 IO-0/EL  message_connection.cpp:269] FuncWorkerConnection[1-8]: Handshake done
I1102 18:12:11.647949 Server/E engine.cpp:674] Engine: New message connection
I1102 18:12:11.647988 IO-0/EL  engine.cpp:277] Engine: Receive new handshake message from message connection
I1102 18:12:11.647993 IO-0/EL  worker_manager.cpp:60] WorkerManager: FuncWorker of func_id 1, client_id 10 connected
I1102 18:12:11.648006 IO-0/EL  message_connection.cpp:269] FuncWorkerConnection[1-10]: Handshake done
I1102 18:12:11.648462 Server/E engine.cpp:674] Engine: New message connection
I1102 18:12:11.648492 IO-0/EL  engine.cpp:277] Engine: Receive new handshake message from message connection
I1102 18:12:11.648496 IO-0/EL  worker_manager.cpp:60] WorkerManager: FuncWorker of func_id 1, client_id 9 connected
I1102 18:12:11.648509 IO-0/EL  message_connection.cpp:269] FuncWorkerConnection[1-9]: Handshake done
I1102 18:12:11.649026 Server/E engine.cpp:674] Engine: New message connection
I1102 18:12:11.649057 IO-0/EL  engine.cpp:277] Engine: Receive new handshake message from message connection
I1102 18:12:11.649062 IO-0/EL  worker_manager.cpp:60] WorkerManager: FuncWorker of func_id 1, client_id 11 connected
I1102 18:12:11.649074 IO-0/EL  message_connection.cpp:269] FuncWorkerConnection[1-11]: Handshake done
I1102 18:12:11.650196 Server/E engine.cpp:674] Engine: New message connection
I1102 18:12:11.650227 IO-0/EL  engine.cpp:277] Engine: Receive new handshake message from message connection
I1102 18:12:11.650232 IO-0/EL  worker_manager.cpp:60] WorkerManager: FuncWorker of func_id 1, client_id 12 connected
I1102 18:12:11.650245 IO-0/EL  message_connection.cpp:269] FuncWorkerConnection[1-12]: Handshake done
I1102 18:12:11.650761 Server/E engine.cpp:674] Engine: New message connection
I1102 18:12:11.650791 IO-0/EL  engine.cpp:277] Engine: Receive new handshake message from message connection
I1102 18:12:11.650796 IO-0/EL  worker_manager.cpp:60] WorkerManager: FuncWorker of func_id 1, client_id 14 connected
I1102 18:12:11.650809 IO-0/EL  message_connection.cpp:269] FuncWorkerConnection[1-14]: Handshake done
I1102 18:12:11.650963 Server/E engine.cpp:674] Engine: New message connection
I1102 18:12:11.650997 IO-0/EL  engine.cpp:277] Engine: Receive new handshake message from message connection
I1102 18:12:11.651002 IO-0/EL  worker_manager.cpp:60] WorkerManager: FuncWorker of func_id 1, client_id 13 connected
I1102 18:12:11.651023 IO-0/EL  message_connection.cpp:269] FuncWorkerConnection[1-13]: Handshake done
I1102 18:12:11.651224 Server/E engine.cpp:674] Engine: New message connection
I1102 18:12:11.651248 IO-0/EL  engine.cpp:277] Engine: Receive new handshake message from message connection
I1102 18:12:11.651252 IO-0/EL  worker_manager.cpp:60] WorkerManager: FuncWorker of func_id 1, client_id 15 connected
I1102 18:12:11.651265 IO-0/EL  message_connection.cpp:269] FuncWorkerConnection[1-15]: Handshake done
I1102 18:12:11.651662 Server/E engine.cpp:674] Engine: New message connection
I1102 18:12:11.651689 IO-0/EL  engine.cpp:277] Engine: Receive new handshake message from message connection
I1102 18:12:11.651694 IO-0/EL  worker_manager.cpp:60] WorkerManager: FuncWorker of func_id 1, client_id 16 connected
I1102 18:12:11.651707 IO-0/EL  message_connection.cpp:269] FuncWorkerConnection[1-16]: Handshake done
I1102 18:12:11.652154 Server/E engine.cpp:674] Engine: New message connection
I1102 18:12:11.652177 IO-0/EL  engine.cpp:277] Engine: Receive new handshake message from message connection
I1102 18:12:11.652191 IO-0/EL  worker_manager.cpp:60] WorkerManager: FuncWorker of func_id 1, client_id 17 connected
I1102 18:12:11.652211 IO-0/EL  message_connection.cpp:269] FuncWorkerConnection[1-17]: Handshake done
I1102 18:12:11.653080 Server/E engine.cpp:674] Engine: New message connection
I1102 18:12:11.653098 Server/E engine.cpp:674] Engine: New message connection
I1102 18:12:11.653104 IO-0/EL  engine.cpp:277] Engine: Receive new handshake message from message connection
I1102 18:12:11.653109 IO-0/EL  worker_manager.cpp:60] WorkerManager: FuncWorker of func_id 1, client_id 18 connected
I1102 18:12:11.653123 IO-0/EL  message_connection.cpp:269] FuncWorkerConnection[1-18]: Handshake done
I1102 18:12:11.653142 IO-0/EL  engine.cpp:277] Engine: Receive new handshake message from message connection
I1102 18:12:11.653147 IO-0/EL  worker_manager.cpp:60] WorkerManager: FuncWorker of func_id 1, client_id 19 connected
I1102 18:12:11.653161 IO-0/EL  message_connection.cpp:269] FuncWorkerConnection[1-19]: Handshake done
I1102 18:12:11.653483 Server/E engine.cpp:674] Engine: New message connection
I1102 18:12:11.653515 IO-0/EL  engine.cpp:277] Engine: Receive new handshake message from message connection
I1102 18:12:11.653520 IO-0/EL  worker_manager.cpp:60] WorkerManager: FuncWorker of func_id 1, client_id 20 connected
I1102 18:12:11.653533 IO-0/EL  message_connection.cpp:269] FuncWorkerConnection[1-20]: Handshake done
I1102 18:12:11.653965 Server/E engine.cpp:674] Engine: New message connection
I1102 18:12:11.654003 IO-0/EL  engine.cpp:277] Engine: Receive new handshake message from message connection
I1102 18:12:11.654008 IO-0/EL  worker_manager.cpp:60] WorkerManager: FuncWorker of func_id 1, client_id 21 connected
I1102 18:12:11.654021 IO-0/EL  message_connection.cpp:269] FuncWorkerConnection[1-21]: Handshake done
I1102 18:12:11.654423 Server/E engine.cpp:674] Engine: New message connection
I1102 18:12:11.654452 IO-0/EL  engine.cpp:277] Engine: Receive new handshake message from message connection
I1102 18:12:11.654457 IO-0/EL  worker_manager.cpp:60] WorkerManager: FuncWorker of func_id 1, client_id 22 connected
I1102 18:12:11.654469 IO-0/EL  message_connection.cpp:269] FuncWorkerConnection[1-22]: Handshake done
I1102 18:12:11.654918 Server/E engine.cpp:674] Engine: New message connection
I1102 18:12:11.654956 IO-0/EL  engine.cpp:277] Engine: Receive new handshake message from message connection
I1102 18:12:11.654962 IO-0/EL  worker_manager.cpp:60] WorkerManager: FuncWorker of func_id 1, client_id 23 connected
I1102 18:12:11.654978 IO-0/EL  message_connection.cpp:269] FuncWorkerConnection[1-23]: Handshake done
I1102 18:12:11.655276 Server/E engine.cpp:674] Engine: New message connection
I1102 18:12:11.655304 IO-0/EL  engine.cpp:277] Engine: Receive new handshake message from message connection
I1102 18:12:11.655308 IO-0/EL  worker_manager.cpp:60] WorkerManager: FuncWorker of func_id 1, client_id 24 connected
I1102 18:12:11.655321 IO-0/EL  message_connection.cpp:269] FuncWorkerConnection[1-24]: Handshake done
I1102 18:12:11.655736 Server/E engine.cpp:674] Engine: New message connection
I1102 18:12:11.655773 IO-0/EL  engine.cpp:277] Engine: Receive new handshake message from message connection
I1102 18:12:11.655778 IO-0/EL  worker_manager.cpp:60] WorkerManager: FuncWorker of func_id 1, client_id 25 connected
I1102 18:12:11.655791 IO-0/EL  message_connection.cpp:269] FuncWorkerConnection[1-25]: Handshake done
I1102 18:12:11.656186 Server/E engine.cpp:674] Engine: New message connection
I1102 18:12:11.656215 IO-0/EL  engine.cpp:277] Engine: Receive new handshake message from message connection
I1102 18:12:11.656220 IO-0/EL  worker_manager.cpp:60] WorkerManager: FuncWorker of func_id 1, client_id 26 connected
I1102 18:12:11.656232 IO-0/EL  message_connection.cpp:269] FuncWorkerConnection[1-26]: Handshake done
I1102 18:12:11.656600 Server/E engine.cpp:674] Engine: New message connection
I1102 18:12:11.656632 IO-0/EL  engine.cpp:277] Engine: Receive new handshake message from message connection
I1102 18:12:11.656643 IO-0/EL  worker_manager.cpp:60] WorkerManager: FuncWorker of func_id 1, client_id 27 connected
I1102 18:12:11.656657 IO-0/EL  message_connection.cpp:269] FuncWorkerConnection[1-27]: Handshake done
I1102 18:12:11.657045 Server/E engine.cpp:674] Engine: New message connection
I1102 18:12:11.657079 IO-0/EL  engine.cpp:277] Engine: Receive new handshake message from message connection
I1102 18:12:11.657084 IO-0/EL  worker_manager.cpp:60] WorkerManager: FuncWorker of func_id 1, client_id 28 connected
I1102 18:12:11.657098 IO-0/EL  message_connection.cpp:269] FuncWorkerConnection[1-28]: Handshake done
I1102 18:12:11.657508 Server/E engine.cpp:674] Engine: New message connection
I1102 18:12:11.657531 IO-0/EL  engine.cpp:277] Engine: Receive new handshake message from message connection
I1102 18:12:11.657535 IO-0/EL  worker_manager.cpp:60] WorkerManager: FuncWorker of func_id 1, client_id 29 connected
I1102 18:12:11.657555 IO-0/EL  message_connection.cpp:269] FuncWorkerConnection[1-29]: Handshake done
I1102 18:12:11.657926 Server/E engine.cpp:674] Engine: New message connection
I1102 18:12:11.657954 IO-0/EL  engine.cpp:277] Engine: Receive new handshake message from message connection
I1102 18:12:11.657959 IO-0/EL  worker_manager.cpp:60] WorkerManager: FuncWorker of func_id 1, client_id 30 connected
I1102 18:12:11.657972 IO-0/EL  message_connection.cpp:269] FuncWorkerConnection[1-30]: Handshake done
I1102 18:12:11.658367 Server/E engine.cpp:674] Engine: New message connection
I1102 18:12:11.658391 IO-0/EL  engine.cpp:277] Engine: Receive new handshake message from message connection
I1102 18:12:11.658396 IO-0/EL  worker_manager.cpp:60] WorkerManager: FuncWorker of func_id 1, client_id 31 connected
I1102 18:12:11.658408 IO-0/EL  message_connection.cpp:269] FuncWorkerConnection[1-31]: Handshake done
I1102 18:12:11.658820 Server/E engine.cpp:674] Engine: New message connection
I1102 18:12:11.658851 IO-0/EL  engine.cpp:277] Engine: Receive new handshake message from message connection
I1102 18:12:11.658856 IO-0/EL  worker_manager.cpp:60] WorkerManager: FuncWorker of func_id 1, client_id 32 connected
I1102 18:12:11.658870 IO-0/EL  message_connection.cpp:269] FuncWorkerConnection[1-32]: Handshake done
I1102 18:12:17.721701 IO-0/EL  buffer_pool.h:25] BufferPool[IO-0_Write]: Allocate new buffer, current buffer count is 2
I1102 18:12:19.454132 Main     server_base.cpp:35] Server: Scheduled to stop
I1102 18:12:19.454298 IO-0/EL  message_connection.cpp:284] LauncherConnection[1]: Connection closed remotely
I1102 18:12:19.454285 Server/E server_base.cpp:109] Server: Start stopping process
I1102 18:12:19.454349 IO-0/EL  io_worker.cpp:206] IO-0: Start stopping process
I1102 18:12:19.454408 Server/E server_base.cpp:55] Server: Event loop finishes
