I1102 18:12:11.632585 Main     thread.cpp:100] Register main thread: tid=1371556
E1102 18:12:11.632726 Main     docker.cpp:59] Cannot find docker's cgroup in /proc/self/cgroup
I1102 18:12:11.635985 Launcher thread.cpp:40] Start thread: Launcher/EL
I1102 18:12:11.636038 Launcher thread.cpp:64] Does not find cpuset setting for IO threads (can be set by FAAS_IO_THREAD_CPUSET)
I1102 18:12:11.636044 Launcher thread.cpp:82] Does not find nice setting for IO threads (can be set by FAAS_IO_THREAD_NICE)
I1102 18:12:11.636048 Launcher launcher.cpp:96] Launcher: Event loop starts
I1102 18:12:11.636067 Launcher engine_connection.cpp:93] EngineConnection: Connected to engine, start writing handshake message
I1102 18:12:11.636508 Launcher buffer_pool.h:25] BufferPool[Launcher]: Allocate new buffer, current buffer count is 1
I1102 18:12:11.636540 Launcher func_config.cpp:135] Load configuration for function Noop[1]
I1102 18:12:11.636550 Launcher engine_connection.cpp:65] EngineConnection: Handshake done
W1102 18:12:11.656782 Launcher engine_connection.cpp:166] EngineConnection: nread=0, will do nothing
I1102 18:12:19.454190 Main     launcher.cpp:44] Launcher: Scheduled to stop
E1102 18:12:19.454545 Launcher launcher.cpp:72] Launcher: Connection to engine disconnected
I1102 18:12:19.454594 Launcher launcher.cpp:44] Launcher: Scheduled to stop
W1102 18:12:19.454794 Launcher launcher.cpp:87] Launcher: Function process 9 terminated
W1102 18:12:19.455205 Launcher launcher.cpp:87] Launcher: Function process 24 terminated
W1102 18:12:19.455218 Launcher launcher.cpp:87] Launcher: Function process 22 terminated
W1102 18:12:19.455223 Launcher launcher.cpp:87] Launcher: Function process 16 terminated
W1102 18:12:19.455235 Launcher launcher.cpp:87] Launcher: Function process 5 terminated
W1102 18:12:19.455240 Launcher launcher.cpp:87] Launcher: Function process 4 terminated
W1102 18:12:19.455245 Launcher launcher.cpp:87] Launcher: Function process 3 terminated
W1102 18:12:19.455251 Launcher launcher.cpp:87] Launcher: Function process 30 terminated
W1102 18:12:19.455257 Launcher launcher.cpp:87] Launcher: Function process 21 terminated
W1102 18:12:19.455267 Launcher launcher.cpp:87] Launcher: Function process 19 terminated
W1102 18:12:19.455802 Launcher launcher.cpp:87] Launcher: Function process 31 terminated
W1102 18:12:19.455812 Launcher launcher.cpp:87] Launcher: Function process 29 terminated
W1102 18:12:19.455816 Launcher launcher.cpp:87] Launcher: Function process 28 terminated
W1102 18:12:19.455821 Launcher launcher.cpp:87] Launcher: Function process 27 terminated
W1102 18:12:19.455826 Launcher launcher.cpp:87] Launcher: Function process 26 terminated
W1102 18:12:19.455831 Launcher launcher.cpp:87] Launcher: Function process 25 terminated
W1102 18:12:19.455837 Launcher launcher.cpp:87] Launcher: Function process 23 terminated
W1102 18:12:19.455842 Launcher launcher.cpp:87] Launcher: Function process 20 terminated
W1102 18:12:19.455847 Launcher launcher.cpp:87] Launcher: Function process 18 terminated
W1102 18:12:19.455852 Launcher launcher.cpp:87] Launcher: Function process 17 terminated
W1102 18:12:19.455858 Launcher launcher.cpp:87] Launcher: Function process 15 terminated
W1102 18:12:19.455863 Launcher launcher.cpp:87] Launcher: Function process 14 terminated
W1102 18:12:19.455868 Launcher launcher.cpp:87] Launcher: Function process 13 terminated
W1102 18:12:19.455873 Launcher launcher.cpp:87] Launcher: Function process 12 terminated
W1102 18:12:19.455877 Launcher launcher.cpp:87] Launcher: Function process 11 terminated
W1102 18:12:19.455882 Launcher launcher.cpp:87] Launcher: Function process 10 terminated
W1102 18:12:19.455887 Launcher launcher.cpp:87] Launcher: Function process 8 terminated
W1102 18:12:19.455893 Launcher launcher.cpp:87] Launcher: Function process 7 terminated
W1102 18:12:19.455898 Launcher launcher.cpp:87] Launcher: Function process 6 terminated
W1102 18:12:19.455903 Launcher launcher.cpp:87] Launcher: Function process 2 terminated
W1102 18:12:19.455908 Launcher launcher.cpp:87] Launcher: Function process 1 terminated
W1102 18:12:19.455930 Launcher launcher.cpp:87] Launcher: Function process 0 terminated
I1102 18:12:19.455936 Launcher launcher.cpp:101] Launcher: Event loop finishes
I1102 18:12:19.455984 Main     launcher.cpp:68] Launcher: Stopped
