I1102 18:38:47.791347 Main     thread.cpp:100] Register main thread: tid=1386286
E1102 18:38:47.791594 Main     docker.cpp:59] Cannot find docker's cgroup in /proc/self/cgroup
I1102 18:38:47.791649 Main     func_config.cpp:135] Load configuration for function Echo[1]
I1102 18:38:47.791660 Main     engine.cpp:109] Engine: Start 1 IO workers
I1102 18:38:47.794919 IO-0/EL  thread.cpp:40] Start thread: IO-0/EL
I1102 18:38:47.794970 IO-0/EL  io_worker.cpp:192] IO-0: Event loop starts
Checking for file descriptor...
Got a file descriptor!
I1102 18:38:49.360451 Main     engine.cpp:180] Engine: Created 1 Machnet connections to Gateway at 10.10.1.2:10007
I1102 18:38:49.360554 Main     engine.cpp:208] Engine: Listen on /dev/shm/faas_ipc/engine.sock for IPC connections
I1102 18:38:49.360782 Server/E thread.cpp:40] Start thread: Server/EL
I1102 18:38:49.360908 Server/E server_base.cpp:50] Server: Event loop starts
I1102 18:38:49.795241 Server/E engine.cpp:674] Engine: New message connection
I1102 18:38:49.798556 IO-0/EL  buffer_pool.h:25] BufferPool[IO-0_Read]: Allocate new buffer, current buffer count is 1
I1102 18:38:49.798601 IO-0/EL  engine.cpp:277] Engine: Receive new handshake message from message connection
I1102 18:38:49.798610 IO-0/EL  worker_manager.cpp:23] WorkerManager: Launcher of func_id 1 connected
I1102 18:38:49.798617 IO-0/EL  worker_manager.cpp:131] WorkerManager: Request new FuncWorker for func_id 1 with client_id 1
I1102 18:38:49.798645 IO-0/EL  worker_manager.cpp:131] WorkerManager: Request new FuncWorker for func_id 1 with client_id 2
I1102 18:38:49.798691 IO-0/EL  buffer_pool.h:25] BufferPool[IO-0_Write]: Allocate new buffer, current buffer count is 1
I1102 18:38:49.798706 IO-0/EL  message_connection.cpp:269] LauncherConnection[1]: Handshake done
I1102 18:38:49.802257 Server/E engine.cpp:674] Engine: New message connection
I1102 18:38:49.802294 IO-0/EL  engine.cpp:277] Engine: Receive new handshake message from message connection
I1102 18:38:49.802305 IO-0/EL  worker_manager.cpp:60] WorkerManager: FuncWorker of func_id 1, client_id 1 connected
I1102 18:38:49.802336 IO-0/EL  dispatcher.cpp:47] Dispatcher[1]: min_workers=2
I1102 18:38:49.802343 IO-0/EL  dispatcher.cpp:51] Dispatcher[1]: max_workers=2
I1102 18:38:49.802375 IO-0/EL  message_connection.cpp:269] FuncWorkerConnection[1-1]: Handshake done
I1102 18:38:49.803274 Server/E engine.cpp:674] Engine: New message connection
I1102 18:38:49.803304 IO-0/EL  engine.cpp:277] Engine: Receive new handshake message from message connection
I1102 18:38:49.803313 IO-0/EL  worker_manager.cpp:60] WorkerManager: FuncWorker of func_id 1, client_id 2 connected
I1102 18:38:49.803337 IO-0/EL  message_connection.cpp:269] FuncWorkerConnection[1-2]: Handshake done
I1102 18:38:52.419975 IO-0/EL  buffer_pool.h:25] BufferPool[IO-0_Write]: Allocate new buffer, current buffer count is 2
I1102 18:38:55.043460 IO-0/EL  buffer_pool.h:25] BufferPool[IO-0_Write]: Allocate new buffer, current buffer count is 3
I1102 18:38:57.450043 Main     server_base.cpp:35] Server: Scheduled to stop
I1102 18:38:57.450225 IO-0/EL  message_connection.cpp:284] LauncherConnection[1]: Connection closed remotely
I1102 18:38:57.450233 Server/E server_base.cpp:109] Server: Start stopping process
I1102 18:38:57.450298 IO-0/EL  io_worker.cpp:206] IO-0: Start stopping process
