I1102 18:47:53.938469 Main     thread.cpp:100] Register main thread: tid=1388574
E1102 18:47:53.938623 Main     docker.cpp:59] Cannot find docker's cgroup in /proc/self/cgroup
I1102 18:47:53.941853 Launcher thread.cpp:40] Start thread: Launcher/EL
I1102 18:47:53.941901 Launcher thread.cpp:64] Does not find cpuset setting for IO threads (can be set by FAAS_IO_THREAD_CPUSET)
I1102 18:47:53.941907 Launcher thread.cpp:82] Does not find nice setting for IO threads (can be set by FAAS_IO_THREAD_NICE)
I1102 18:47:53.941911 Launcher launcher.cpp:96] Launcher: Event loop starts
I1102 18:47:53.941930 Launcher engine_connection.cpp:93] EngineConnection: Connected to engine, start writing handshake message
I1102 18:47:53.942067 Launcher buffer_pool.h:25] BufferPool[Launcher]: Allocate new buffer, current buffer count is 1
I1102 18:47:53.942094 Launcher func_config.cpp:135] Load configuration for function Echo[1]
I1102 18:47:53.942104 Launcher engine_connection.cpp:65] EngineConnection: Handshake done
W1102 18:47:53.949655 Launcher engine_connection.cpp:166] EngineConnection: nread=0, will do nothing
I1102 18:48:01.445527 Main     launcher.cpp:44] Launcher: Scheduled to stop
E1102 18:48:01.445755 Launcher launcher.cpp:72] Launcher: Connection to engine disconnected
I1102 18:48:01.445805 Launcher launcher.cpp:44] Launcher: Scheduled to stop
W1102 18:48:01.467959 Launcher launcher.cpp:87] Launcher: Function process 0 terminated
W1102 18:48:01.478918 Launcher launcher.cpp:87] Launcher: Function process 3 terminated
W1102 18:48:01.479366 Launcher launcher.cpp:87] Launcher: Function process 7 terminated
W1102 18:48:01.479378 Launcher launcher.cpp:87] Launcher: Function process 6 terminated
W1102 18:48:01.479384 Launcher launcher.cpp:87] Launcher: Function process 5 terminated
W1102 18:48:01.479390 Launcher launcher.cpp:87] Launcher: Function process 4 terminated
W1102 18:48:01.479396 Launcher launcher.cpp:87] Launcher: Function process 2 terminated
W1102 18:48:01.479402 Launcher launcher.cpp:87] Launcher: Function process 1 terminated
I1102 18:48:01.479408 Launcher launcher.cpp:101] Launcher: Event loop finishes
I1102 18:48:01.479479 Main     launcher.cpp:68] Launcher: Stopped
