$ /users/vj2267/nightcore/benchmarks/run_bench.sh --duration 5 --workers 4 --remote vj2267@sm110p-10s10615.wisc.cloudlab.us --remote_addr 10.10.1.2 --machnet --local_machnet_ip 10.10.1.1 --mode noop --target_rps 100000

=== Nightcore Stress Test (noop mode) ===
Mode: noop
Function: Noop
Workers: 4
Duration: 5 seconds
Target RPS (global): 100000
Input size: 64 bytes
Inflight limit per connection: 1
Engine IO workers: 1
Gateway conns per worker: 1
Warmup: 0 seconds
Stress Client: Remote (vj2267@sm110p-10s10615.wisc.cloudlab.us)
Engine Connection Address: 10.10.1.2 (explicit)
Transport: Machnet
  Remote Machnet IP: 10.10.1.2
  Local Machnet IP: 10.10.1.1

Cleaning up any existing stress_client on remote...
Starting stress_client on remote host vj2267@sm110p-10s10615.wisc.cloudlab.us...
  Remote SSH process PID: 1368309
  Output will be saved to: /users/vj2267/nightcore/benchmarks/outputs/stress_client_remote.txt
Waiting for remote stress_client to start...
I1102 17:59:21.891147 Main     thread.cpp:100] Register main thread: tid=1119494
I1102 17:59:21.891219 Main     stress_client.cpp:179] Using Machnet transport on 10.10.1.2:10007
I1102 17:59:21.891224 Main     stress_client_machnet.cpp:37] Starting Machnet event-loop thread...
[Loop Thread 123747491116736] Machnet event-loop thread started
I1102 17:59:21.894459 Server/E thread.cpp:40] Start thread: Server/EL
I1102 17:59:21.894506 Server/E server_base.cpp:50] Server: Event loop starts
I1102 17:59:22.394568 Main     stress_client.cpp:43] === Nightcore Stress Test ===
I1102 17:59:22.394605 Main     stress_client.cpp:44] Function ID: 1
I1102 17:59:22.394613 Main     stress_client.cpp:45] Method ID: 0
I1102 17:59:22.394618 Main     stress_client.cpp:46] Input size: 64 bytes
I1102 17:59:22.394623 Main     stress_client.cpp:47] Global target RPS: 100000
I1102 17:59:22.394628 Main     stress_client.cpp:50] Inflight limit per connection: 1
I1102 17:59:22.394633 Main     stress_client.cpp:51] Warmup: 0s, Duration: 5s
I1102 17:59:22.394639 Main     stress_client.cpp:53] 
I1102 17:59:22.394643 Main     stress_client.cpp:54] ========================================
I1102 17:59:22.394648 Main     stress_client.cpp:57] Waiting for Engine to connect...
Checking for file descriptor...
Got a file descriptor!
Listening on Machnet 10.10.1.2:10007 for Engine connections[Loop Thread 123747491116736] Machnet listener created
Starting Engine (connecting to 10.10.1.2:10007)...
  Engine PID: 1368311
New Machnet connection created: 168427777:1024 -> 168427778:10007
[Receive Thread 123747491116736] Handshake: pinned send flow 168427778:10007 -> 168427777:1024
[Loop Thread 123747491116736] Now sending on flow 168427778:10007 -> 168427777:1024
I1102 17:59:26.398431 Main     stress_client.cpp:71] Engine connected with 1 connection(s)
I1102 17:59:26.398465 Main     stress_client.cpp:73] Global target RPS: 100000
I1102 17:59:26.398472 Main     stress_client.cpp:76] 
I1102 17:59:26.398476 Main     stress_client.cpp:79] Waiting 3 seconds for workers to initialize...
Starting Launcher with 4 workers...
All components started. Stress test will begin after warmup...

I1102 17:59:30.404424 Main     stress_common.cpp:30] [T+1s] Sent: 100011 | Completed: 100008 | Failed: 0 | Latencies: 100008
I1102 17:59:31.406789 Main     stress_common.cpp:30] [T+2s] Sent: 200040 | Completed: 200037 | Failed: 0 | Latencies: 200037
I1102 17:59:32.408313 Main     stress_common.cpp:30] [T+3s] Sent: 300045 | Completed: 300042 | Failed: 0 | Latencies: 300042
I1102 17:59:33.409980 Main     stress_common.cpp:30] [T+4s] Sent: 400048 | Completed: 400046 | Failed: 0 | Latencies: 400046
I1102 17:59:34.411801 Main     stress_common.cpp:30] [T+5s] Sent: 498902 | Completed: 498902 | Failed: 0 | Latencies: 498902
I1102 17:59:34.411836 Main     stress_client.cpp:116] 
I1102 17:59:34.412588 Main     stress_common.cpp:42] ========================================
I1102 17:59:34.412597 Main     stress_common.cpp:43] === Stress Test Results ===
I1102 17:59:34.412603 Main     stress_common.cpp:44] ========================================
I1102 17:59:34.412607 Main     stress_common.cpp:45] Transport:         Machnet
I1102 17:59:34.412613 Main     stress_common.cpp:46] Connections:       1
I1102 17:59:34.412618 Main     stress_common.cpp:47] Duration:          5.01 seconds
I1102 17:59:34.412645 Main     stress_common.cpp:48] Total Sent:        498902
I1102 17:59:34.412651 Main     stress_common.cpp:49] Total Completed:   498902 (100.00%)
I1102 17:59:34.412657 Main     stress_common.cpp:52] Total Failed:      0 (0.00%)
I1102 17:59:34.412663 Main     stress_common.cpp:55] 
I1102 17:59:34.412667 Main     stress_common.cpp:56] Throughput:        99609.4 rps
I1102 17:59:34.412674 Main     stress_common.cpp:57] 
I1102 17:59:34.457414 Main     stress_common.cpp:71] Latency (us):
I1102 17:59:34.457426 Main     stress_common.cpp:72]   Min:    16
I1102 17:59:34.457432 Main     stress_common.cpp:73]   p50:    27
I1102 17:59:34.457436 Main     stress_common.cpp:74]   p90:    29
I1102 17:59:34.457440 Main     stress_common.cpp:75]   p99:    36
I1102 17:59:34.457444 Main     stress_common.cpp:76]   p99.9:  134
I1102 17:59:34.457447 Main     stress_common.cpp:77]   Max:    2153
I1102 17:59:34.457451 Main     stress_common.cpp:82] ========================================
I1102 17:59:34.457456 Main     server_base.cpp:35] Server: Scheduled to stop
I1102 17:59:34.457537 Server/E server_base.cpp:109] Server: Start stopping process
[Loop Thread 123747491116736] Machnet event-loop thread finished
I1102 17:59:34.457674 Server/E server_base.cpp:55] Server: Event loop finishes
I1102 17:59:34.457781 Main     server_base.cpp:46] Server: Stopped

Stress test completed. Shutting down...

Copying results from remote host...
Remote stress_client output:
I1102 17:59:21.891147 Main     thread.cpp:100] Register main thread: tid=1119494
I1102 17:59:21.891219 Main     stress_client.cpp:179] Using Machnet transport on 10.10.1.2:10007
I1102 17:59:21.891224 Main     stress_client_machnet.cpp:37] Starting Machnet event-loop thread...
[Loop Thread 123747491116736] Machnet event-loop thread started
I1102 17:59:21.894459 Server/E thread.cpp:40] Start thread: Server/EL
I1102 17:59:21.894506 Server/E server_base.cpp:50] Server: Event loop starts
I1102 17:59:22.394568 Main     stress_client.cpp:43] === Nightcore Stress Test ===
I1102 17:59:22.394605 Main     stress_client.cpp:44] Function ID: 1
I1102 17:59:22.394613 Main     stress_client.cpp:45] Method ID: 0
I1102 17:59:22.394618 Main     stress_client.cpp:46] Input size: 64 bytes
I1102 17:59:22.394623 Main     stress_client.cpp:47] Global target RPS: 100000
I1102 17:59:22.394628 Main     stress_client.cpp:50] Inflight limit per connection: 1
I1102 17:59:22.394633 Main     stress_client.cpp:51] Warmup: 0s, Duration: 5s
I1102 17:59:22.394639 Main     stress_client.cpp:53] 
I1102 17:59:22.394643 Main     stress_client.cpp:54] ========================================
I1102 17:59:22.394648 Main     stress_client.cpp:57] Waiting for Engine to connect...
Checking for file descriptor...
Got a file descriptor!
Listening on Machnet 10.10.1.2:10007 for Engine connections[Loop Thread 123747491116736] Machnet listener created
New Machnet connection created: 168427777:1024 -> 168427778:10007
[Receive Thread 123747491116736] Handshake: pinned send flow 168427778:10007 -> 168427777:1024
[Loop Thread 123747491116736] Now sending on flow 168427778:10007 -> 168427777:1024
I1102 17:59:26.398431 Main     stress_client.cpp:71] Engine connected with 1 connection(s)
I1102 17:59:26.398465 Main     stress_client.cpp:73] Global target RPS: 100000
I1102 17:59:26.398472 Main     stress_client.cpp:76] 
I1102 17:59:26.398476 Main     stress_client.cpp:79] Waiting 3 seconds for workers to initialize...
I1102 17:59:30.404424 Main     stress_common.cpp:30] [T+1s] Sent: 100011 | Completed: 100008 | Failed: 0 | Latencies: 100008
I1102 17:59:31.406789 Main     stress_common.cpp:30] [T+2s] Sent: 200040 | Completed: 200037 | Failed: 0 | Latencies: 200037
I1102 17:59:32.408313 Main     stress_common.cpp:30] [T+3s] Sent: 300045 | Completed: 300042 | Failed: 0 | Latencies: 300042
I1102 17:59:33.409980 Main     stress_common.cpp:30] [T+4s] Sent: 400048 | Completed: 400046 | Failed: 0 | Latencies: 400046
I1102 17:59:34.411801 Main     stress_common.cpp:30] [T+5s] Sent: 498902 | Completed: 498902 | Failed: 0 | Latencies: 498902
I1102 17:59:34.411836 Main     stress_client.cpp:116] 
I1102 17:59:34.412588 Main     stress_common.cpp:42] ========================================
I1102 17:59:34.412597 Main     stress_common.cpp:43] === Stress Test Results ===
I1102 17:59:34.412603 Main     stress_common.cpp:44] ========================================
I1102 17:59:34.412607 Main     stress_common.cpp:45] Transport:         Machnet
I1102 17:59:34.412613 Main     stress_common.cpp:46] Connections:       1
I1102 17:59:34.412618 Main     stress_common.cpp:47] Duration:          5.01 seconds
I1102 17:59:34.412645 Main     stress_common.cpp:48] Total Sent:        498902
I1102 17:59:34.412651 Main     stress_common.cpp:49] Total Completed:   498902 (100.00%)
I1102 17:59:34.412657 Main     stress_common.cpp:52] Total Failed:      0 (0.00%)
I1102 17:59:34.412663 Main     stress_common.cpp:55] 
I1102 17:59:34.412667 Main     stress_common.cpp:56] Throughput:        99609.4 rps
I1102 17:59:34.412674 Main     stress_common.cpp:57] 
I1102 17:59:34.457414 Main     stress_common.cpp:71] Latency (us):
I1102 17:59:34.457426 Main     stress_common.cpp:72]   Min:    16
I1102 17:59:34.457432 Main     stress_common.cpp:73]   p50:    27
I1102 17:59:34.457436 Main     stress_common.cpp:74]   p90:    29
I1102 17:59:34.457440 Main     stress_common.cpp:75]   p99:    36
I1102 17:59:34.457444 Main     stress_common.cpp:76]   p99.9:  134
I1102 17:59:34.457447 Main     stress_common.cpp:77]   Max:    2153
I1102 17:59:34.457451 Main     stress_common.cpp:82] ========================================
I1102 17:59:34.457456 Main     server_base.cpp:35] Server: Scheduled to stop
I1102 17:59:34.457537 Server/E server_base.cpp:109] Server: Start stopping process
[Loop Thread 123747491116736] Machnet event-loop thread finished
I1102 17:59:34.457674 Server/E server_base.cpp:55] Server: Event loop finishes
I1102 17:59:34.457781 Main     server_base.cpp:46] Server: Stopped

Cleaning up any remaining remote stress_client processes...

Logs saved to:
  Engine:   /users/vj2267/nightcore/benchmarks/outputs/engine.log
  Launcher: /users/vj2267/nightcore/benchmarks/outputs/launcher.log
  Workers:  /users/vj2267/nightcore/benchmarks/outputs/Noop_worker_*.stdout
