I1102 19:03:43.858557 Main     thread.cpp:100] Register main thread: tid=1394322
E1102 19:03:43.859247 Main     docker.cpp:59] Cannot find docker's cgroup in /proc/self/cgroup
I1102 19:03:43.859298 Main     func_config.cpp:135] Load configuration for function Echo[1]
I1102 19:03:43.859309 Main     engine.cpp:109] Engine: Start 1 IO workers
I1102 19:03:43.862586 IO-0/EL  thread.cpp:40] Start thread: IO-0/EL
I1102 19:03:43.862637 IO-0/EL  io_worker.cpp:192] IO-0: Event loop starts
Checking for file descriptor...
Got a file descriptor!
I1102 19:03:45.366208 Main     engine.cpp:180] Engine: Created 1 Machnet connections to Gateway at 10.10.1.2:10007
I1102 19:03:45.366318 Main     engine.cpp:208] Engine: Listen on /dev/shm/faas_ipc/engine.sock for IPC connections
I1102 19:03:45.366481 Server/E thread.cpp:40] Start thread: Server/EL
I1102 19:03:45.366522 Server/E server_base.cpp:50] Server: Event loop starts
I1102 19:03:45.861208 Server/E engine.cpp:674] Engine: New message connection
I1102 19:03:45.864534 IO-0/EL  buffer_pool.h:25] BufferPool[IO-0_Read]: Allocate new buffer, current buffer count is 1
I1102 19:03:45.864566 IO-0/EL  engine.cpp:277] Engine: Receive new handshake message from message connection
I1102 19:03:45.864572 IO-0/EL  worker_manager.cpp:23] WorkerManager: Launcher of func_id 1 connected
I1102 19:03:45.864576 IO-0/EL  worker_manager.cpp:131] WorkerManager: Request new FuncWorker for func_id 1 with client_id 1
I1102 19:03:45.864595 IO-0/EL  worker_manager.cpp:131] WorkerManager: Request new FuncWorker for func_id 1 with client_id 2
I1102 19:03:45.864607 IO-0/EL  worker_manager.cpp:131] WorkerManager: Request new FuncWorker for func_id 1 with client_id 3
I1102 19:03:45.864616 IO-0/EL  worker_manager.cpp:131] WorkerManager: Request new FuncWorker for func_id 1 with client_id 4
I1102 19:03:45.864625 IO-0/EL  worker_manager.cpp:131] WorkerManager: Request new FuncWorker for func_id 1 with client_id 5
I1102 19:03:45.864634 IO-0/EL  worker_manager.cpp:131] WorkerManager: Request new FuncWorker for func_id 1 with client_id 6
I1102 19:03:45.864644 IO-0/EL  worker_manager.cpp:131] WorkerManager: Request new FuncWorker for func_id 1 with client_id 7
I1102 19:03:45.864654 IO-0/EL  worker_manager.cpp:131] WorkerManager: Request new FuncWorker for func_id 1 with client_id 8
I1102 19:03:45.864667 IO-0/EL  worker_manager.cpp:131] WorkerManager: Request new FuncWorker for func_id 1 with client_id 9
I1102 19:03:45.864676 IO-0/EL  worker_manager.cpp:131] WorkerManager: Request new FuncWorker for func_id 1 with client_id 10
I1102 19:03:45.864687 IO-0/EL  worker_manager.cpp:131] WorkerManager: Request new FuncWorker for func_id 1 with client_id 11
I1102 19:03:45.864696 IO-0/EL  worker_manager.cpp:131] WorkerManager: Request new FuncWorker for func_id 1 with client_id 12
I1102 19:03:45.864708 IO-0/EL  worker_manager.cpp:131] WorkerManager: Request new FuncWorker for func_id 1 with client_id 13
I1102 19:03:45.864722 IO-0/EL  worker_manager.cpp:131] WorkerManager: Request new FuncWorker for func_id 1 with client_id 14
I1102 19:03:45.864731 IO-0/EL  worker_manager.cpp:131] WorkerManager: Request new FuncWorker for func_id 1 with client_id 15
I1102 19:03:45.864742 IO-0/EL  worker_manager.cpp:131] WorkerManager: Request new FuncWorker for func_id 1 with client_id 16
I1102 19:03:45.864751 IO-0/EL  worker_manager.cpp:131] WorkerManager: Request new FuncWorker for func_id 1 with client_id 17
I1102 19:03:45.864772 IO-0/EL  worker_manager.cpp:131] WorkerManager: Request new FuncWorker for func_id 1 with client_id 18
I1102 19:03:45.864781 IO-0/EL  worker_manager.cpp:131] WorkerManager: Request new FuncWorker for func_id 1 with client_id 19
I1102 19:03:45.864792 IO-0/EL  worker_manager.cpp:131] WorkerManager: Request new FuncWorker for func_id 1 with client_id 20
I1102 19:03:45.864804 IO-0/EL  worker_manager.cpp:131] WorkerManager: Request new FuncWorker for func_id 1 with client_id 21
I1102 19:03:45.864813 IO-0/EL  worker_manager.cpp:131] WorkerManager: Request new FuncWorker for func_id 1 with client_id 22
I1102 19:03:45.864822 IO-0/EL  worker_manager.cpp:131] WorkerManager: Request new FuncWorker for func_id 1 with client_id 23
I1102 19:03:45.864849 IO-0/EL  worker_manager.cpp:131] WorkerManager: Request new FuncWorker for func_id 1 with client_id 24
I1102 19:03:45.864859 IO-0/EL  worker_manager.cpp:131] WorkerManager: Request new FuncWorker for func_id 1 with client_id 25
I1102 19:03:45.864868 IO-0/EL  worker_manager.cpp:131] WorkerManager: Request new FuncWorker for func_id 1 with client_id 26
I1102 19:03:45.864877 IO-0/EL  worker_manager.cpp:131] WorkerManager: Request new FuncWorker for func_id 1 with client_id 27
I1102 19:03:45.864889 IO-0/EL  worker_manager.cpp:131] WorkerManager: Request new FuncWorker for func_id 1 with client_id 28
I1102 19:03:45.864898 IO-0/EL  worker_manager.cpp:131] WorkerManager: Request new FuncWorker for func_id 1 with client_id 29
I1102 19:03:45.864907 IO-0/EL  worker_manager.cpp:131] WorkerManager: Request new FuncWorker for func_id 1 with client_id 30
I1102 19:03:45.864917 IO-0/EL  worker_manager.cpp:131] WorkerManager: Request new FuncWorker for func_id 1 with client_id 31
I1102 19:03:45.864927 IO-0/EL  worker_manager.cpp:131] WorkerManager: Request new FuncWorker for func_id 1 with client_id 32
I1102 19:03:45.864936 IO-0/EL  worker_manager.cpp:131] WorkerManager: Request new FuncWorker for func_id 1 with client_id 33
I1102 19:03:45.864970 IO-0/EL  worker_manager.cpp:131] WorkerManager: Request new FuncWorker for func_id 1 with client_id 34
I1102 19:03:45.864980 IO-0/EL  worker_manager.cpp:131] WorkerManager: Request new FuncWorker for func_id 1 with client_id 35
I1102 19:03:45.864992 IO-0/EL  worker_manager.cpp:131] WorkerManager: Request new FuncWorker for func_id 1 with client_id 36
I1102 19:03:45.865001 IO-0/EL  worker_manager.cpp:131] WorkerManager: Request new FuncWorker for func_id 1 with client_id 37
I1102 19:03:45.865010 IO-0/EL  worker_manager.cpp:131] WorkerManager: Request new FuncWorker for func_id 1 with client_id 38
I1102 19:03:45.865021 IO-0/EL  worker_manager.cpp:131] WorkerManager: Request new FuncWorker for func_id 1 with client_id 39
I1102 19:03:45.865032 IO-0/EL  worker_manager.cpp:131] WorkerManager: Request new FuncWorker for func_id 1 with client_id 40
I1102 19:03:45.865041 IO-0/EL  worker_manager.cpp:131] WorkerManager: Request new FuncWorker for func_id 1 with client_id 41
I1102 19:03:45.865050 IO-0/EL  worker_manager.cpp:131] WorkerManager: Request new FuncWorker for func_id 1 with client_id 42
I1102 19:03:45.865060 IO-0/EL  worker_manager.cpp:131] WorkerManager: Request new FuncWorker for func_id 1 with client_id 43
I1102 19:03:45.865072 IO-0/EL  worker_manager.cpp:131] WorkerManager: Request new FuncWorker for func_id 1 with client_id 44
I1102 19:03:45.865082 IO-0/EL  worker_manager.cpp:131] WorkerManager: Request new FuncWorker for func_id 1 with client_id 45
I1102 19:03:45.865093 IO-0/EL  worker_manager.cpp:131] WorkerManager: Request new FuncWorker for func_id 1 with client_id 46
I1102 19:03:45.865102 IO-0/EL  worker_manager.cpp:131] WorkerManager: Request new FuncWorker for func_id 1 with client_id 47
I1102 19:03:45.865113 IO-0/EL  worker_manager.cpp:131] WorkerManager: Request new FuncWorker for func_id 1 with client_id 48
I1102 19:03:45.865122 IO-0/EL  worker_manager.cpp:131] WorkerManager: Request new FuncWorker for func_id 1 with client_id 49
I1102 19:03:45.865131 IO-0/EL  worker_manager.cpp:131] WorkerManager: Request new FuncWorker for func_id 1 with client_id 50
I1102 19:03:45.865142 IO-0/EL  worker_manager.cpp:131] WorkerManager: Request new FuncWorker for func_id 1 with client_id 51
I1102 19:03:45.865152 IO-0/EL  worker_manager.cpp:131] WorkerManager: Request new FuncWorker for func_id 1 with client_id 52
I1102 19:03:45.865161 IO-0/EL  worker_manager.cpp:131] WorkerManager: Request new FuncWorker for func_id 1 with client_id 53
I1102 19:03:45.865172 IO-0/EL  worker_manager.cpp:131] WorkerManager: Request new FuncWorker for func_id 1 with client_id 54
I1102 19:03:45.865180 IO-0/EL  worker_manager.cpp:131] WorkerManager: Request new FuncWorker for func_id 1 with client_id 55
I1102 19:03:45.865191 IO-0/EL  worker_manager.cpp:131] WorkerManager: Request new FuncWorker for func_id 1 with client_id 56
I1102 19:03:45.865206 IO-0/EL  worker_manager.cpp:131] WorkerManager: Request new FuncWorker for func_id 1 with client_id 57
I1102 19:03:45.865217 IO-0/EL  worker_manager.cpp:131] WorkerManager: Request new FuncWorker for func_id 1 with client_id 58
I1102 19:03:45.865227 IO-0/EL  worker_manager.cpp:131] WorkerManager: Request new FuncWorker for func_id 1 with client_id 59
I1102 19:03:45.865238 IO-0/EL  worker_manager.cpp:131] WorkerManager: Request new FuncWorker for func_id 1 with client_id 60
I1102 19:03:45.865249 IO-0/EL  worker_manager.cpp:131] WorkerManager: Request new FuncWorker for func_id 1 with client_id 61
I1102 19:03:45.865258 IO-0/EL  worker_manager.cpp:131] WorkerManager: Request new FuncWorker for func_id 1 with client_id 62
I1102 19:03:45.865267 IO-0/EL  worker_manager.cpp:131] WorkerManager: Request new FuncWorker for func_id 1 with client_id 63
I1102 19:03:45.865276 IO-0/EL  worker_manager.cpp:131] WorkerManager: Request new FuncWorker for func_id 1 with client_id 64
I1102 19:03:45.865327 IO-0/EL  buffer_pool.h:25] BufferPool[IO-0_Write]: Allocate new buffer, current buffer count is 1
I1102 19:03:45.865351 IO-0/EL  message_connection.cpp:269] LauncherConnection[1]: Handshake done
I1102 19:03:45.869406 Server/E engine.cpp:674] Engine: New message connection
I1102 19:03:45.869435 IO-0/EL  engine.cpp:277] Engine: Receive new handshake message from message connection
I1102 19:03:45.869441 IO-0/EL  worker_manager.cpp:60] WorkerManager: FuncWorker of func_id 1, client_id 1 connected
I1102 19:03:45.869452 IO-0/EL  dispatcher.cpp:47] Dispatcher[1]: min_workers=64
I1102 19:03:45.869456 IO-0/EL  dispatcher.cpp:51] Dispatcher[1]: max_workers=64
I1102 19:03:45.869475 IO-0/EL  message_connection.cpp:269] FuncWorkerConnection[1-1]: Handshake done
I1102 19:03:45.870239 Server/E engine.cpp:674] Engine: New message connection
I1102 19:03:45.870263 IO-0/EL  engine.cpp:277] Engine: Receive new handshake message from message connection
I1102 19:03:45.870270 IO-0/EL  worker_manager.cpp:60] WorkerManager: FuncWorker of func_id 1, client_id 2 connected
I1102 19:03:45.870285 IO-0/EL  message_connection.cpp:269] FuncWorkerConnection[1-2]: Handshake done
I1102 19:03:45.871213 Server/E engine.cpp:674] Engine: New message connection
I1102 19:03:45.871238 IO-0/EL  engine.cpp:277] Engine: Receive new handshake message from message connection
I1102 19:03:45.871243 IO-0/EL  worker_manager.cpp:60] WorkerManager: FuncWorker of func_id 1, client_id 3 connected
I1102 19:03:45.871258 IO-0/EL  message_connection.cpp:269] FuncWorkerConnection[1-3]: Handshake done
I1102 19:03:45.872319 Server/E engine.cpp:674] Engine: New message connection
I1102 19:03:45.872361 IO-0/EL  engine.cpp:277] Engine: Receive new handshake message from message connection
I1102 19:03:45.872367 IO-0/EL  worker_manager.cpp:60] WorkerManager: FuncWorker of func_id 1, client_id 4 connected
I1102 19:03:45.872380 IO-0/EL  message_connection.cpp:269] FuncWorkerConnection[1-4]: Handshake done
I1102 19:03:45.873958 Server/E engine.cpp:674] Engine: New message connection
I1102 19:03:45.873995 IO-0/EL  engine.cpp:277] Engine: Receive new handshake message from message connection
I1102 19:03:45.874000 IO-0/EL  worker_manager.cpp:60] WorkerManager: FuncWorker of func_id 1, client_id 5 connected
I1102 19:03:45.874013 IO-0/EL  message_connection.cpp:269] FuncWorkerConnection[1-5]: Handshake done
I1102 19:03:45.874363 Server/E engine.cpp:674] Engine: New message connection
I1102 19:03:45.874390 IO-0/EL  engine.cpp:277] Engine: Receive new handshake message from message connection
I1102 19:03:45.874394 IO-0/EL  worker_manager.cpp:60] WorkerManager: FuncWorker of func_id 1, client_id 6 connected
I1102 19:03:45.874407 IO-0/EL  message_connection.cpp:269] FuncWorkerConnection[1-6]: Handshake done
I1102 19:03:45.875316 Server/E engine.cpp:674] Engine: New message connection
I1102 19:03:45.875342 IO-0/EL  engine.cpp:277] Engine: Receive new handshake message from message connection
I1102 19:03:45.875354 IO-0/EL  worker_manager.cpp:60] WorkerManager: FuncWorker of func_id 1, client_id 8 connected
I1102 19:03:45.875368 IO-0/EL  message_connection.cpp:269] FuncWorkerConnection[1-8]: Handshake done
I1102 19:03:45.875373 Server/E engine.cpp:674] Engine: New message connection
I1102 19:03:45.875393 IO-0/EL  engine.cpp:277] Engine: Receive new handshake message from message connection
I1102 19:03:45.875398 IO-0/EL  worker_manager.cpp:60] WorkerManager: FuncWorker of func_id 1, client_id 7 connected
I1102 19:03:45.875411 IO-0/EL  message_connection.cpp:269] FuncWorkerConnection[1-7]: Handshake done
I1102 19:03:45.875831 Server/E engine.cpp:674] Engine: New message connection
I1102 19:03:45.875853 IO-0/EL  engine.cpp:277] Engine: Receive new handshake message from message connection
I1102 19:03:45.875858 IO-0/EL  worker_manager.cpp:60] WorkerManager: FuncWorker of func_id 1, client_id 9 connected
I1102 19:03:45.875871 IO-0/EL  message_connection.cpp:269] FuncWorkerConnection[1-9]: Handshake done
I1102 19:03:45.876355 Server/E engine.cpp:674] Engine: New message connection
I1102 19:03:45.876375 IO-0/EL  engine.cpp:277] Engine: Receive new handshake message from message connection
I1102 19:03:45.876379 IO-0/EL  worker_manager.cpp:60] WorkerManager: FuncWorker of func_id 1, client_id 10 connected
I1102 19:03:45.876392 IO-0/EL  message_connection.cpp:269] FuncWorkerConnection[1-10]: Handshake done
I1102 19:03:45.876846 Server/E engine.cpp:674] Engine: New message connection
I1102 19:03:45.876877 IO-0/EL  engine.cpp:277] Engine: Receive new handshake message from message connection
I1102 19:03:45.876882 IO-0/EL  worker_manager.cpp:60] WorkerManager: FuncWorker of func_id 1, client_id 11 connected
I1102 19:03:45.876895 IO-0/EL  message_connection.cpp:269] FuncWorkerConnection[1-11]: Handshake done
I1102 19:03:45.877228 Server/E engine.cpp:674] Engine: New message connection
I1102 19:03:45.877256 IO-0/EL  engine.cpp:277] Engine: Receive new handshake message from message connection
I1102 19:03:45.877260 IO-0/EL  worker_manager.cpp:60] WorkerManager: FuncWorker of func_id 1, client_id 12 connected
I1102 19:03:45.877272 IO-0/EL  message_connection.cpp:269] FuncWorkerConnection[1-12]: Handshake done
I1102 19:03:45.877786 Server/E engine.cpp:674] Engine: New message connection
I1102 19:03:45.877832 IO-0/EL  engine.cpp:277] Engine: Receive new handshake message from message connection
I1102 19:03:45.877837 IO-0/EL  worker_manager.cpp:60] WorkerManager: FuncWorker of func_id 1, client_id 13 connected
I1102 19:03:45.877850 IO-0/EL  message_connection.cpp:269] FuncWorkerConnection[1-13]: Handshake done
I1102 19:03:45.877976 Server/E engine.cpp:674] Engine: New message connection
I1102 19:03:45.878012 IO-0/EL  engine.cpp:277] Engine: Receive new handshake message from message connection
I1102 19:03:45.878017 IO-0/EL  worker_manager.cpp:60] WorkerManager: FuncWorker of func_id 1, client_id 14 connected
I1102 19:03:45.878030 IO-0/EL  message_connection.cpp:269] FuncWorkerConnection[1-14]: Handshake done
I1102 19:03:45.878674 Server/E engine.cpp:674] Engine: New message connection
I1102 19:03:45.878722 IO-0/EL  engine.cpp:277] Engine: Receive new handshake message from message connection
I1102 19:03:45.878727 IO-0/EL  worker_manager.cpp:60] WorkerManager: FuncWorker of func_id 1, client_id 15 connected
I1102 19:03:45.878742 IO-0/EL  message_connection.cpp:269] FuncWorkerConnection[1-15]: Handshake done
I1102 19:03:45.879190 Server/E engine.cpp:674] Engine: New message connection
I1102 19:03:45.879233 IO-0/EL  engine.cpp:277] Engine: Receive new handshake message from message connection
I1102 19:03:45.879238 IO-0/EL  worker_manager.cpp:60] WorkerManager: FuncWorker of func_id 1, client_id 16 connected
I1102 19:03:45.879252 IO-0/EL  message_connection.cpp:269] FuncWorkerConnection[1-16]: Handshake done
I1102 19:03:45.879642 Server/E engine.cpp:674] Engine: New message connection
I1102 19:03:45.879680 IO-0/EL  engine.cpp:277] Engine: Receive new handshake message from message connection
I1102 19:03:45.879684 IO-0/EL  worker_manager.cpp:60] WorkerManager: FuncWorker of func_id 1, client_id 17 connected
I1102 19:03:45.879714 IO-0/EL  message_connection.cpp:269] FuncWorkerConnection[1-17]: Handshake done
I1102 19:03:45.880194 Server/E engine.cpp:674] Engine: New message connection
I1102 19:03:45.880238 IO-0/EL  engine.cpp:277] Engine: Receive new handshake message from message connection
I1102 19:03:45.880242 IO-0/EL  worker_manager.cpp:60] WorkerManager: FuncWorker of func_id 1, client_id 18 connected
I1102 19:03:45.880256 IO-0/EL  message_connection.cpp:269] FuncWorkerConnection[1-18]: Handshake done
I1102 19:03:45.880570 Server/E engine.cpp:674] Engine: New message connection
I1102 19:03:45.880611 IO-0/EL  engine.cpp:277] Engine: Receive new handshake message from message connection
I1102 19:03:45.880615 IO-0/EL  worker_manager.cpp:60] WorkerManager: FuncWorker of func_id 1, client_id 19 connected
I1102 19:03:45.880628 IO-0/EL  message_connection.cpp:269] FuncWorkerConnection[1-19]: Handshake done
I1102 19:03:45.881085 Server/E engine.cpp:674] Engine: New message connection
I1102 19:03:45.881127 IO-0/EL  engine.cpp:277] Engine: Receive new handshake message from message connection
I1102 19:03:45.881132 IO-0/EL  worker_manager.cpp:60] WorkerManager: FuncWorker of func_id 1, client_id 20 connected
I1102 19:03:45.881145 IO-0/EL  message_connection.cpp:269] FuncWorkerConnection[1-20]: Handshake done
I1102 19:03:45.881613 Server/E engine.cpp:674] Engine: New message connection
I1102 19:03:45.881655 IO-0/EL  engine.cpp:277] Engine: Receive new handshake message from message connection
I1102 19:03:45.881660 IO-0/EL  worker_manager.cpp:60] WorkerManager: FuncWorker of func_id 1, client_id 21 connected
I1102 19:03:45.881659 Server/E engine.cpp:674] Engine: New message connection
I1102 19:03:45.881673 IO-0/EL  message_connection.cpp:269] FuncWorkerConnection[1-21]: Handshake done
I1102 19:03:45.881688 IO-0/EL  engine.cpp:277] Engine: Receive new handshake message from message connection
I1102 19:03:45.881692 IO-0/EL  worker_manager.cpp:60] WorkerManager: FuncWorker of func_id 1, client_id 22 connected
I1102 19:03:45.881705 IO-0/EL  message_connection.cpp:269] FuncWorkerConnection[1-22]: Handshake done
I1102 19:03:45.882405 Server/E engine.cpp:674] Engine: New message connection
I1102 19:03:45.882452 IO-0/EL  engine.cpp:277] Engine: Receive new handshake message from message connection
I1102 19:03:45.882457 IO-0/EL  worker_manager.cpp:60] WorkerManager: FuncWorker of func_id 1, client_id 23 connected
I1102 19:03:45.882471 IO-0/EL  message_connection.cpp:269] FuncWorkerConnection[1-23]: Handshake done
I1102 19:03:45.883293 Server/E engine.cpp:674] Engine: New message connection
I1102 19:03:45.883330 IO-0/EL  engine.cpp:277] Engine: Receive new handshake message from message connection
I1102 19:03:45.883335 IO-0/EL  worker_manager.cpp:60] WorkerManager: FuncWorker of func_id 1, client_id 24 connected
I1102 19:03:45.883348 IO-0/EL  message_connection.cpp:269] FuncWorkerConnection[1-24]: Handshake done
I1102 19:03:45.883478 Server/E engine.cpp:674] Engine: New message connection
I1102 19:03:45.883514 IO-0/EL  engine.cpp:277] Engine: Receive new handshake message from message connection
I1102 19:03:45.883518 IO-0/EL  worker_manager.cpp:60] WorkerManager: FuncWorker of func_id 1, client_id 25 connected
I1102 19:03:45.883531 IO-0/EL  message_connection.cpp:269] FuncWorkerConnection[1-25]: Handshake done
I1102 19:03:45.883916 Server/E engine.cpp:674] Engine: New message connection
I1102 19:03:45.883956 IO-0/EL  engine.cpp:277] Engine: Receive new handshake message from message connection
I1102 19:03:45.883961 IO-0/EL  worker_manager.cpp:60] WorkerManager: FuncWorker of func_id 1, client_id 26 connected
I1102 19:03:45.883973 IO-0/EL  message_connection.cpp:269] FuncWorkerConnection[1-26]: Handshake done
I1102 19:03:45.884402 Server/E engine.cpp:674] Engine: New message connection
I1102 19:03:45.884440 IO-0/EL  engine.cpp:277] Engine: Receive new handshake message from message connection
I1102 19:03:45.884445 IO-0/EL  worker_manager.cpp:60] WorkerManager: FuncWorker of func_id 1, client_id 27 connected
I1102 19:03:45.884464 IO-0/EL  message_connection.cpp:269] FuncWorkerConnection[1-27]: Handshake done
I1102 19:03:45.884808 Server/E engine.cpp:674] Engine: New message connection
I1102 19:03:45.884855 IO-0/EL  engine.cpp:277] Engine: Receive new handshake message from message connection
I1102 19:03:45.884860 IO-0/EL  worker_manager.cpp:60] WorkerManager: FuncWorker of func_id 1, client_id 28 connected
I1102 19:03:45.884874 IO-0/EL  message_connection.cpp:269] FuncWorkerConnection[1-28]: Handshake done
I1102 19:03:45.884882 Server/E engine.cpp:674] Engine: New message connection
I1102 19:03:45.884907 IO-0/EL  engine.cpp:277] Engine: Receive new handshake message from message connection
I1102 19:03:45.884912 IO-0/EL  worker_manager.cpp:60] WorkerManager: FuncWorker of func_id 1, client_id 29 connected
I1102 19:03:45.884929 IO-0/EL  message_connection.cpp:269] FuncWorkerConnection[1-29]: Handshake done
I1102 19:03:45.885647 Server/E engine.cpp:674] Engine: New message connection
I1102 19:03:45.885700 IO-0/EL  engine.cpp:277] Engine: Receive new handshake message from message connection
I1102 19:03:45.885705 IO-0/EL  worker_manager.cpp:60] WorkerManager: FuncWorker of func_id 1, client_id 30 connected
I1102 19:03:45.885722 IO-0/EL  message_connection.cpp:269] FuncWorkerConnection[1-30]: Handshake done
I1102 19:03:45.886059 Server/E engine.cpp:674] Engine: New message connection
I1102 19:03:45.886086 IO-0/EL  engine.cpp:277] Engine: Receive new handshake message from message connection
I1102 19:03:45.886091 IO-0/EL  worker_manager.cpp:60] WorkerManager: FuncWorker of func_id 1, client_id 31 connected
I1102 19:03:45.886104 IO-0/EL  message_connection.cpp:269] FuncWorkerConnection[1-31]: Handshake done
I1102 19:03:45.886622 Server/E engine.cpp:674] Engine: New message connection
I1102 19:03:45.886650 IO-0/EL  engine.cpp:277] Engine: Receive new handshake message from message connection
I1102 19:03:45.886655 IO-0/EL  worker_manager.cpp:60] WorkerManager: FuncWorker of func_id 1, client_id 32 connected
I1102 19:03:45.886668 IO-0/EL  message_connection.cpp:269] FuncWorkerConnection[1-32]: Handshake done
I1102 19:03:45.887195 Server/E engine.cpp:674] Engine: New message connection
I1102 19:03:45.887222 IO-0/EL  engine.cpp:277] Engine: Receive new handshake message from message connection
I1102 19:03:45.887227 IO-0/EL  worker_manager.cpp:60] WorkerManager: FuncWorker of func_id 1, client_id 33 connected
I1102 19:03:45.887240 IO-0/EL  message_connection.cpp:269] FuncWorkerConnection[1-33]: Handshake done
I1102 19:03:45.887394 Server/E engine.cpp:674] Engine: New message connection
I1102 19:03:45.887424 IO-0/EL  engine.cpp:277] Engine: Receive new handshake message from message connection
I1102 19:03:45.887429 IO-0/EL  worker_manager.cpp:60] WorkerManager: FuncWorker of func_id 1, client_id 34 connected
I1102 19:03:45.887442 IO-0/EL  message_connection.cpp:269] FuncWorkerConnection[1-34]: Handshake done
I1102 19:03:45.888036 Server/E engine.cpp:674] Engine: New message connection
I1102 19:03:45.888063 IO-0/EL  engine.cpp:277] Engine: Receive new handshake message from message connection
I1102 19:03:45.888067 IO-0/EL  worker_manager.cpp:60] WorkerManager: FuncWorker of func_id 1, client_id 35 connected
I1102 19:03:45.888080 IO-0/EL  message_connection.cpp:269] FuncWorkerConnection[1-35]: Handshake done
I1102 19:03:45.888135 Server/E engine.cpp:674] Engine: New message connection
I1102 19:03:45.888161 IO-0/EL  engine.cpp:277] Engine: Receive new handshake message from message connection
I1102 19:03:45.888166 IO-0/EL  worker_manager.cpp:60] WorkerManager: FuncWorker of func_id 1, client_id 36 connected
I1102 19:03:45.888178 IO-0/EL  message_connection.cpp:269] FuncWorkerConnection[1-36]: Handshake done
I1102 19:03:45.888939 Server/E engine.cpp:674] Engine: New message connection
I1102 19:03:45.888966 IO-0/EL  engine.cpp:277] Engine: Receive new handshake message from message connection
I1102 19:03:45.888971 IO-0/EL  worker_manager.cpp:60] WorkerManager: FuncWorker of func_id 1, client_id 37 connected
I1102 19:03:45.888993 IO-0/EL  message_connection.cpp:269] FuncWorkerConnection[1-37]: Handshake done
I1102 19:03:45.889396 Server/E engine.cpp:674] Engine: New message connection
I1102 19:03:45.889423 IO-0/EL  engine.cpp:277] Engine: Receive new handshake message from message connection
I1102 19:03:45.889428 IO-0/EL  worker_manager.cpp:60] WorkerManager: FuncWorker of func_id 1, client_id 38 connected
I1102 19:03:45.889441 IO-0/EL  message_connection.cpp:269] FuncWorkerConnection[1-38]: Handshake done
I1102 19:03:45.889810 Server/E engine.cpp:674] Engine: New message connection
I1102 19:03:45.889838 IO-0/EL  engine.cpp:277] Engine: Receive new handshake message from message connection
I1102 19:03:45.889842 IO-0/EL  worker_manager.cpp:60] WorkerManager: FuncWorker of func_id 1, client_id 39 connected
I1102 19:03:45.889854 IO-0/EL  message_connection.cpp:269] FuncWorkerConnection[1-39]: Handshake done
I1102 19:03:45.890819 Server/E engine.cpp:674] Engine: New message connection
I1102 19:03:45.890853 IO-0/EL  engine.cpp:277] Engine: Receive new handshake message from message connection
I1102 19:03:45.890858 IO-0/EL  worker_manager.cpp:60] WorkerManager: FuncWorker of func_id 1, client_id 40 connected
I1102 19:03:45.890871 IO-0/EL  message_connection.cpp:269] FuncWorkerConnection[1-40]: Handshake done
I1102 19:03:45.890925 Server/E engine.cpp:674] Engine: New message connection
I1102 19:03:45.890948 IO-0/EL  engine.cpp:277] Engine: Receive new handshake message from message connection
I1102 19:03:45.890952 IO-0/EL  worker_manager.cpp:60] WorkerManager: FuncWorker of func_id 1, client_id 41 connected
I1102 19:03:45.890966 IO-0/EL  message_connection.cpp:269] FuncWorkerConnection[1-41]: Handshake done
I1102 19:03:45.891587 Server/E engine.cpp:674] Engine: New message connection
I1102 19:03:45.891615 IO-0/EL  engine.cpp:277] Engine: Receive new handshake message from message connection
I1102 19:03:45.891619 IO-0/EL  worker_manager.cpp:60] WorkerManager: FuncWorker of func_id 1, client_id 42 connected
I1102 19:03:45.891632 IO-0/EL  message_connection.cpp:269] FuncWorkerConnection[1-42]: Handshake done
I1102 19:03:45.892109 Server/E engine.cpp:674] Engine: New message connection
I1102 19:03:45.892213 IO-0/EL  engine.cpp:277] Engine: Receive new handshake message from message connection
I1102 19:03:45.892221 IO-0/EL  worker_manager.cpp:60] WorkerManager: FuncWorker of func_id 1, client_id 43 connected
I1102 19:03:45.892236 IO-0/EL  message_connection.cpp:269] FuncWorkerConnection[1-43]: Handshake done
I1102 19:03:45.892572 Server/E engine.cpp:674] Engine: New message connection
I1102 19:03:45.892600 IO-0/EL  engine.cpp:277] Engine: Receive new handshake message from message connection
I1102 19:03:45.892604 IO-0/EL  worker_manager.cpp:60] WorkerManager: FuncWorker of func_id 1, client_id 44 connected
I1102 19:03:45.892617 IO-0/EL  message_connection.cpp:269] FuncWorkerConnection[1-44]: Handshake done
I1102 19:03:45.893182 Server/E engine.cpp:674] Engine: New message connection
I1102 19:03:45.893216 IO-0/EL  engine.cpp:277] Engine: Receive new handshake message from message connection
I1102 19:03:45.893222 IO-0/EL  worker_manager.cpp:60] WorkerManager: FuncWorker of func_id 1, client_id 45 connected
I1102 19:03:45.893236 IO-0/EL  message_connection.cpp:269] FuncWorkerConnection[1-45]: Handshake done
I1102 19:03:45.893406 Server/E engine.cpp:674] Engine: New message connection
I1102 19:03:45.893432 IO-0/EL  engine.cpp:277] Engine: Receive new handshake message from message connection
I1102 19:03:45.893436 IO-0/EL  worker_manager.cpp:60] WorkerManager: FuncWorker of func_id 1, client_id 46 connected
I1102 19:03:45.893448 IO-0/EL  message_connection.cpp:269] FuncWorkerConnection[1-46]: Handshake done
I1102 19:03:45.894467 Server/E engine.cpp:674] Engine: New message connection
I1102 19:03:45.894502 IO-0/EL  engine.cpp:277] Engine: Receive new handshake message from message connection
I1102 19:03:45.894507 IO-0/EL  worker_manager.cpp:60] WorkerManager: FuncWorker of func_id 1, client_id 47 connected
I1102 19:03:45.894521 IO-0/EL  message_connection.cpp:269] FuncWorkerConnection[1-47]: Handshake done
I1102 19:03:45.895097 Server/E engine.cpp:674] Engine: New message connection
I1102 19:03:45.895124 IO-0/EL  engine.cpp:277] Engine: Receive new handshake message from message connection
I1102 19:03:45.895129 IO-0/EL  worker_manager.cpp:60] WorkerManager: FuncWorker of func_id 1, client_id 48 connected
I1102 19:03:45.895142 IO-0/EL  message_connection.cpp:269] FuncWorkerConnection[1-48]: Handshake done
I1102 19:03:45.895658 Server/E engine.cpp:674] Engine: New message connection
I1102 19:03:45.895690 IO-0/EL  engine.cpp:277] Engine: Receive new handshake message from message connection
I1102 19:03:45.895695 IO-0/EL  worker_manager.cpp:60] WorkerManager: FuncWorker of func_id 1, client_id 49 connected
I1102 19:03:45.895708 IO-0/EL  message_connection.cpp:269] FuncWorkerConnection[1-49]: Handshake done
I1102 19:03:45.896158 Server/E engine.cpp:674] Engine: New message connection
I1102 19:03:45.896187 IO-0/EL  engine.cpp:277] Engine: Receive new handshake message from message connection
I1102 19:03:45.896192 IO-0/EL  worker_manager.cpp:60] WorkerManager: FuncWorker of func_id 1, client_id 50 connected
I1102 19:03:45.896205 IO-0/EL  message_connection.cpp:269] FuncWorkerConnection[1-50]: Handshake done
I1102 19:03:45.896629 Server/E engine.cpp:674] Engine: New message connection
I1102 19:03:45.896659 IO-0/EL  engine.cpp:277] Engine: Receive new handshake message from message connection
I1102 19:03:45.896663 IO-0/EL  worker_manager.cpp:60] WorkerManager: FuncWorker of func_id 1, client_id 51 connected
I1102 19:03:45.896676 IO-0/EL  message_connection.cpp:269] FuncWorkerConnection[1-51]: Handshake done
I1102 19:03:45.897108 Server/E engine.cpp:674] Engine: New message connection
I1102 19:03:45.897138 IO-0/EL  engine.cpp:277] Engine: Receive new handshake message from message connection
I1102 19:03:45.897143 IO-0/EL  worker_manager.cpp:60] WorkerManager: FuncWorker of func_id 1, client_id 52 connected
I1102 19:03:45.897157 IO-0/EL  message_connection.cpp:269] FuncWorkerConnection[1-52]: Handshake done
I1102 19:03:45.897591 Server/E engine.cpp:674] Engine: New message connection
I1102 19:03:45.897624 IO-0/EL  engine.cpp:277] Engine: Receive new handshake message from message connection
I1102 19:03:45.897628 IO-0/EL  worker_manager.cpp:60] WorkerManager: FuncWorker of func_id 1, client_id 53 connected
I1102 19:03:45.897642 IO-0/EL  message_connection.cpp:269] FuncWorkerConnection[1-53]: Handshake done
I1102 19:03:45.897668 Server/E engine.cpp:674] Engine: New message connection
I1102 19:03:45.897690 IO-0/EL  engine.cpp:277] Engine: Receive new handshake message from message connection
I1102 19:03:45.897695 IO-0/EL  worker_manager.cpp:60] WorkerManager: FuncWorker of func_id 1, client_id 54 connected
I1102 19:03:45.897707 IO-0/EL  message_connection.cpp:269] FuncWorkerConnection[1-54]: Handshake done
I1102 19:03:45.898428 Server/E engine.cpp:674] Engine: New message connection
I1102 19:03:45.898461 IO-0/EL  engine.cpp:277] Engine: Receive new handshake message from message connection
I1102 19:03:45.898466 IO-0/EL  worker_manager.cpp:60] WorkerManager: FuncWorker of func_id 1, client_id 55 connected
I1102 19:03:45.898480 IO-0/EL  message_connection.cpp:269] FuncWorkerConnection[1-55]: Handshake done
I1102 19:03:45.898898 Server/E engine.cpp:674] Engine: New message connection
I1102 19:03:45.898932 IO-0/EL  engine.cpp:277] Engine: Receive new handshake message from message connection
I1102 19:03:45.898937 IO-0/EL  worker_manager.cpp:60] WorkerManager: FuncWorker of func_id 1, client_id 56 connected
I1102 19:03:45.898951 IO-0/EL  message_connection.cpp:269] FuncWorkerConnection[1-56]: Handshake done
I1102 19:03:45.899417 Server/E engine.cpp:674] Engine: New message connection
I1102 19:03:45.899446 IO-0/EL  engine.cpp:277] Engine: Receive new handshake message from message connection
I1102 19:03:45.899451 IO-0/EL  worker_manager.cpp:60] WorkerManager: FuncWorker of func_id 1, client_id 57 connected
I1102 19:03:45.899471 IO-0/EL  message_connection.cpp:269] FuncWorkerConnection[1-57]: Handshake done
I1102 19:03:45.899996 Server/E engine.cpp:674] Engine: New message connection
I1102 19:03:45.900031 IO-0/EL  engine.cpp:277] Engine: Receive new handshake message from message connection
I1102 19:03:45.900037 IO-0/EL  worker_manager.cpp:60] WorkerManager: FuncWorker of func_id 1, client_id 58 connected
I1102 19:03:45.900050 IO-0/EL  message_connection.cpp:269] FuncWorkerConnection[1-58]: Handshake done
I1102 19:03:45.900431 Server/E engine.cpp:674] Engine: New message connection
I1102 19:03:45.900455 IO-0/EL  engine.cpp:277] Engine: Receive new handshake message from message connection
I1102 19:03:45.900460 IO-0/EL  worker_manager.cpp:60] WorkerManager: FuncWorker of func_id 1, client_id 59 connected
I1102 19:03:45.900475 IO-0/EL  message_connection.cpp:269] FuncWorkerConnection[1-59]: Handshake done
I1102 19:03:45.900918 Server/E engine.cpp:674] Engine: New message connection
I1102 19:03:45.900949 IO-0/EL  engine.cpp:277] Engine: Receive new handshake message from message connection
I1102 19:03:45.900955 IO-0/EL  worker_manager.cpp:60] WorkerManager: FuncWorker of func_id 1, client_id 60 connected
I1102 19:03:45.900969 IO-0/EL  message_connection.cpp:269] FuncWorkerConnection[1-60]: Handshake done
I1102 19:03:45.901430 Server/E engine.cpp:674] Engine: New message connection
I1102 19:03:45.901454 IO-0/EL  engine.cpp:277] Engine: Receive new handshake message from message connection
I1102 19:03:45.901459 IO-0/EL  worker_manager.cpp:60] WorkerManager: FuncWorker of func_id 1, client_id 61 connected
I1102 19:03:45.901472 IO-0/EL  message_connection.cpp:269] FuncWorkerConnection[1-61]: Handshake done
I1102 19:03:45.901938 Server/E engine.cpp:674] Engine: New message connection
I1102 19:03:45.901969 IO-0/EL  engine.cpp:277] Engine: Receive new handshake message from message connection
I1102 19:03:45.901974 IO-0/EL  worker_manager.cpp:60] WorkerManager: FuncWorker of func_id 1, client_id 62 connected
I1102 19:03:45.901988 IO-0/EL  message_connection.cpp:269] FuncWorkerConnection[1-62]: Handshake done
I1102 19:03:45.902352 Server/E engine.cpp:674] Engine: New message connection
I1102 19:03:45.902377 IO-0/EL  engine.cpp:277] Engine: Receive new handshake message from message connection
I1102 19:03:45.902382 IO-0/EL  worker_manager.cpp:60] WorkerManager: FuncWorker of func_id 1, client_id 63 connected
I1102 19:03:45.902394 IO-0/EL  message_connection.cpp:269] FuncWorkerConnection[1-63]: Handshake done
I1102 19:03:45.902900 Server/E engine.cpp:674] Engine: New message connection
I1102 19:03:45.902927 IO-0/EL  engine.cpp:277] Engine: Receive new handshake message from message connection
I1102 19:03:45.902932 IO-0/EL  worker_manager.cpp:60] WorkerManager: FuncWorker of func_id 1, client_id 64 connected
I1102 19:03:45.902946 IO-0/EL  message_connection.cpp:269] FuncWorkerConnection[1-64]: Handshake done
I1102 19:03:48.388744 IO-0/EL  buffer_pool.h:25] BufferPool[IO-0_Write]: Allocate new buffer, current buffer count is 2
I1102 19:03:48.388779 IO-0/EL  buffer_pool.h:25] BufferPool[IO-0_Write]: Allocate new buffer, current buffer count is 3
I1102 19:03:48.388791 IO-0/EL  buffer_pool.h:25] BufferPool[IO-0_Write]: Allocate new buffer, current buffer count is 4
I1102 19:03:49.470494 IO-0/EL  buffer_pool.h:25] BufferPool[IO-0_Write]: Allocate new buffer, current buffer count is 5
I1102 19:03:49.470517 IO-0/EL  buffer_pool.h:25] BufferPool[IO-0_Write]: Allocate new buffer, current buffer count is 6
I1102 19:03:49.470527 IO-0/EL  buffer_pool.h:25] BufferPool[IO-0_Write]: Allocate new buffer, current buffer count is 7
I1102 19:03:50.552542 IO-0/EL  buffer_pool.h:25] BufferPool[IO-0_Write]: Allocate new buffer, current buffer count is 8
I1102 19:03:50.552559 IO-0/EL  buffer_pool.h:25] BufferPool[IO-0_Write]: Allocate new buffer, current buffer count is 9
I1102 19:03:50.552567 IO-0/EL  buffer_pool.h:25] BufferPool[IO-0_Write]: Allocate new buffer, current buffer count is 10
I1102 19:03:52.716461 IO-0/EL  buffer_pool.h:25] BufferPool[IO-0_Write]: Allocate new buffer, current buffer count is 11
I1102 19:03:52.716485 IO-0/EL  buffer_pool.h:25] BufferPool[IO-0_Write]: Allocate new buffer, current buffer count is 12
I1102 19:03:52.716509 IO-0/EL  buffer_pool.h:25] BufferPool[IO-0_Write]: Allocate new buffer, current buffer count is 13
I1102 19:03:52.716518 IO-0/EL  buffer_pool.h:25] BufferPool[IO-0_Write]: Allocate new buffer, current buffer count is 14
I1102 19:03:52.716528 IO-0/EL  buffer_pool.h:25] BufferPool[IO-0_Write]: Allocate new buffer, current buffer count is 15
I1102 19:03:52.716537 IO-0/EL  buffer_pool.h:25] BufferPool[IO-0_Write]: Allocate new buffer, current buffer count is 16
I1102 19:03:52.716547 IO-0/EL  buffer_pool.h:25] BufferPool[IO-0_Write]: Allocate new buffer, current buffer count is 17
I1102 19:03:52.716562 IO-0/EL  buffer_pool.h:25] BufferPool[IO-0_Write]: Allocate new buffer, current buffer count is 18
I1102 19:03:52.716573 IO-0/EL  buffer_pool.h:25] BufferPool[IO-0_Write]: Allocate new buffer, current buffer count is 19
I1102 19:03:52.716586 IO-0/EL  buffer_pool.h:25] BufferPool[IO-0_Write]: Allocate new buffer, current buffer count is 20
I1102 19:03:52.716597 IO-0/EL  buffer_pool.h:25] BufferPool[IO-0_Write]: Allocate new buffer, current buffer count is 21
I1102 19:03:52.716609 IO-0/EL  buffer_pool.h:25] BufferPool[IO-0_Write]: Allocate new buffer, current buffer count is 22
I1102 19:03:53.409519 Main     server_base.cpp:35] Server: Scheduled to stop
I1102 19:03:53.409657 Server/E server_base.cpp:109] Server: Start stopping process
I1102 19:03:53.409739 IO-0/EL  io_worker.cpp:206] IO-0: Start stopping process
I1102 19:03:53.409796 Server/E server_base.cpp:55] Server: Event loop finishes
