$ /users/vj2267/nightcore/benchmarks/run_bench.sh --duration 5 --workers 8 --remote vj2267@sm110p-10s10615.wisc.cloudlab.us --remote_addr 10.10.1.2 --machnet --local_machnet_ip 10.10.1.1 --mode noop --target_rps 275000

=== Nightcore Stress Test (noop mode) ===
Mode: noop
Function: Noop
Workers: 8
Duration: 5 seconds
Target RPS (global): 275000
Input size: 64 bytes
Inflight limit per connection: 1
Engine IO workers: 1
Gateway conns per worker: 1
Warmup: 0 seconds
Stress Client: Remote (vj2267@sm110p-10s10615.wisc.cloudlab.us)
Engine Connection Address: 10.10.1.2 (explicit)
Transport: Machnet
  Remote Machnet IP: 10.10.1.2
  Local Machnet IP: 10.10.1.1

Cleaning up any existing stress_client on remote...
Starting stress_client on remote host vj2267@sm110p-10s10615.wisc.cloudlab.us...
  Remote SSH process PID: 1370020
  Output will be saved to: /users/vj2267/nightcore/benchmarks/outputs/stress_client_remote.txt
Waiting for remote stress_client to start...
I1102 18:06:26.919166 Main     thread.cpp:100] Register main thread: tid=1124685
I1102 18:06:26.919240 Main     stress_client.cpp:179] Using Machnet transport on 10.10.1.2:10007
I1102 18:06:26.919245 Main     stress_client_machnet.cpp:37] Starting Machnet event-loop thread...
[Loop Thread 123674975794880] Machnet event-loop thread started
I1102 18:06:26.922458 Server/E thread.cpp:40] Start thread: Server/EL
I1102 18:06:26.922501 Server/E server_base.cpp:50] Server: Event loop starts
I1102 18:06:27.422568 Main     stress_client.cpp:43] === Nightcore Stress Test ===
I1102 18:06:27.422606 Main     stress_client.cpp:44] Function ID: 1
I1102 18:06:27.422614 Main     stress_client.cpp:45] Method ID: 0
I1102 18:06:27.422619 Main     stress_client.cpp:46] Input size: 64 bytes
I1102 18:06:27.422624 Main     stress_client.cpp:47] Global target RPS: 275000
I1102 18:06:27.422629 Main     stress_client.cpp:50] Inflight limit per connection: 1
I1102 18:06:27.422634 Main     stress_client.cpp:51] Warmup: 0s, Duration: 5s
I1102 18:06:27.422639 Main     stress_client.cpp:53] 
I1102 18:06:27.422643 Main     stress_client.cpp:54] ========================================
I1102 18:06:27.422648 Main     stress_client.cpp:57] Waiting for Engine to connect...
Checking for file descriptor...
Got a file descriptor!
Listening on Machnet 10.10.1.2:10007 for Engine connections[Loop Thread 123674975794880] Machnet listener created
Starting Engine (connecting to 10.10.1.2:10007)...
  Engine PID: 1370025
New Machnet connection created: 168427777:1024 -> 168427778:10007
[Receive Thread 123674975794880] Handshake: pinned send flow 168427778:10007 -> 168427777:1024
[Loop Thread 123674975794880] Now sending on flow 168427778:10007 -> 168427777:1024
I1102 18:06:31.426523 Main     stress_client.cpp:71] Engine connected with 1 connection(s)
I1102 18:06:31.426559 Main     stress_client.cpp:73] Global target RPS: 275000
I1102 18:06:31.426566 Main     stress_client.cpp:76] 
I1102 18:06:31.426570 Main     stress_client.cpp:79] Waiting 3 seconds for workers to initialize...
Starting Launcher with 8 workers...
All components started. Stress test will begin after warmup...

I1102 18:06:35.441253 Main     stress_common.cpp:30] [T+1s] Sent: 333125 | Completed: 194961 | Failed: 0 | Latencies: 194962
I1102 18:06:36.445567 Main     stress_common.cpp:30] [T+2s] Sent: 666495 | Completed: 375760 | Failed: 0 | Latencies: 375760
I1102 18:06:37.448293 Main     stress_common.cpp:30] [T+3s] Sent: 999723 | Completed: 553309 | Failed: 0 | Latencies: 553309
I1102 18:06:38.451257 Main     stress_common.cpp:30] [T+4s] Sent: 1332989 | Completed: 721348 | Failed: 0 | Latencies: 721348
I1102 18:06:39.454570 Main     stress_common.cpp:30] [T+5s] Sent: 1658001 | Completed: 896183 | Failed: 0 | Latencies: 896183
I1102 18:06:39.454610 Main     stress_client.cpp:116] 
I1102 18:06:39.456196 Main     stress_common.cpp:42] ========================================
I1102 18:06:39.456206 Main     stress_common.cpp:43] === Stress Test Results ===
I1102 18:06:39.456212 Main     stress_common.cpp:44] ========================================
I1102 18:06:39.456216 Main     stress_common.cpp:45] Transport:         Machnet
I1102 18:06:39.456223 Main     stress_common.cpp:46] Connections:       1
I1102 18:06:39.456227 Main     stress_common.cpp:47] Duration:          5.02 seconds
I1102 18:06:39.456237 Main     stress_common.cpp:48] Total Sent:        1658001
I1102 18:06:39.456244 Main     stress_common.cpp:49] Total Completed:   896392 (54.06%)
I1102 18:06:39.456251 Main     stress_common.cpp:52] Total Failed:      0 (0.00%)
I1102 18:06:39.456257 Main     stress_common.cpp:55] 
I1102 18:06:39.456262 Main     stress_common.cpp:56] Throughput:        178716.1 rps
I1102 18:06:39.456269 Main     stress_common.cpp:57] 
I1102 18:06:39.517431 Main     stress_common.cpp:71] Latency (us):
I1102 18:06:39.517441 Main     stress_common.cpp:72]   Min:    273
I1102 18:06:39.517445 Main     stress_common.cpp:73]   p50:    1055849
I1102 18:06:39.517448 Main     stress_common.cpp:74]   p90:    2076490
I1102 18:06:39.517451 Main     stress_common.cpp:75]   p99:    2303928
I1102 18:06:39.517454 Main     stress_common.cpp:76]   p99.9:  2315759
I1102 18:06:39.517457 Main     stress_common.cpp:77]   Max:    2319603
I1102 18:06:39.517460 Main     stress_common.cpp:82] ========================================
I1102 18:06:39.517464 Main     server_base.cpp:35] Server: Scheduled to stop
I1102 18:06:39.517593 Server/E server_base.cpp:109] Server: Start stopping process
[Loop Thread 123674975794880] Machnet event-loop thread finished
I1102 18:06:39.517706 Server/E server_base.cpp:55] Server: Event loop finishes
I1102 18:06:39.517820 Main     server_base.cpp:46] Server: Stopped

Stress test completed. Shutting down...

Copying results from remote host...
Remote stress_client output:
I1102 18:06:26.919166 Main     thread.cpp:100] Register main thread: tid=1124685
I1102 18:06:26.919240 Main     stress_client.cpp:179] Using Machnet transport on 10.10.1.2:10007
I1102 18:06:26.919245 Main     stress_client_machnet.cpp:37] Starting Machnet event-loop thread...
[Loop Thread 123674975794880] Machnet event-loop thread started
I1102 18:06:26.922458 Server/E thread.cpp:40] Start thread: Server/EL
I1102 18:06:26.922501 Server/E server_base.cpp:50] Server: Event loop starts
I1102 18:06:27.422568 Main     stress_client.cpp:43] === Nightcore Stress Test ===
I1102 18:06:27.422606 Main     stress_client.cpp:44] Function ID: 1
I1102 18:06:27.422614 Main     stress_client.cpp:45] Method ID: 0
I1102 18:06:27.422619 Main     stress_client.cpp:46] Input size: 64 bytes
I1102 18:06:27.422624 Main     stress_client.cpp:47] Global target RPS: 275000
I1102 18:06:27.422629 Main     stress_client.cpp:50] Inflight limit per connection: 1
I1102 18:06:27.422634 Main     stress_client.cpp:51] Warmup: 0s, Duration: 5s
I1102 18:06:27.422639 Main     stress_client.cpp:53] 
I1102 18:06:27.422643 Main     stress_client.cpp:54] ========================================
I1102 18:06:27.422648 Main     stress_client.cpp:57] Waiting for Engine to connect...
Checking for file descriptor...
Got a file descriptor!
Listening on Machnet 10.10.1.2:10007 for Engine connections[Loop Thread 123674975794880] Machnet listener created
New Machnet connection created: 168427777:1024 -> 168427778:10007
[Receive Thread 123674975794880] Handshake: pinned send flow 168427778:10007 -> 168427777:1024
[Loop Thread 123674975794880] Now sending on flow 168427778:10007 -> 168427777:1024
I1102 18:06:31.426523 Main     stress_client.cpp:71] Engine connected with 1 connection(s)
I1102 18:06:31.426559 Main     stress_client.cpp:73] Global target RPS: 275000
I1102 18:06:31.426566 Main     stress_client.cpp:76] 
I1102 18:06:31.426570 Main     stress_client.cpp:79] Waiting 3 seconds for workers to initialize...
I1102 18:06:35.441253 Main     stress_common.cpp:30] [T+1s] Sent: 333125 | Completed: 194961 | Failed: 0 | Latencies: 194962
I1102 18:06:36.445567 Main     stress_common.cpp:30] [T+2s] Sent: 666495 | Completed: 375760 | Failed: 0 | Latencies: 375760
I1102 18:06:37.448293 Main     stress_common.cpp:30] [T+3s] Sent: 999723 | Completed: 553309 | Failed: 0 | Latencies: 553309
I1102 18:06:38.451257 Main     stress_common.cpp:30] [T+4s] Sent: 1332989 | Completed: 721348 | Failed: 0 | Latencies: 721348
I1102 18:06:39.454570 Main     stress_common.cpp:30] [T+5s] Sent: 1658001 | Completed: 896183 | Failed: 0 | Latencies: 896183
I1102 18:06:39.454610 Main     stress_client.cpp:116] 
I1102 18:06:39.456196 Main     stress_common.cpp:42] ========================================
I1102 18:06:39.456206 Main     stress_common.cpp:43] === Stress Test Results ===
I1102 18:06:39.456212 Main     stress_common.cpp:44] ========================================
I1102 18:06:39.456216 Main     stress_common.cpp:45] Transport:         Machnet
I1102 18:06:39.456223 Main     stress_common.cpp:46] Connections:       1
I1102 18:06:39.456227 Main     stress_common.cpp:47] Duration:          5.02 seconds
I1102 18:06:39.456237 Main     stress_common.cpp:48] Total Sent:        1658001
I1102 18:06:39.456244 Main     stress_common.cpp:49] Total Completed:   896392 (54.06%)
I1102 18:06:39.456251 Main     stress_common.cpp:52] Total Failed:      0 (0.00%)
I1102 18:06:39.456257 Main     stress_common.cpp:55] 
I1102 18:06:39.456262 Main     stress_common.cpp:56] Throughput:        178716.1 rps
I1102 18:06:39.456269 Main     stress_common.cpp:57] 
I1102 18:06:39.517431 Main     stress_common.cpp:71] Latency (us):
I1102 18:06:39.517441 Main     stress_common.cpp:72]   Min:    273
I1102 18:06:39.517445 Main     stress_common.cpp:73]   p50:    1055849
I1102 18:06:39.517448 Main     stress_common.cpp:74]   p90:    2076490
I1102 18:06:39.517451 Main     stress_common.cpp:75]   p99:    2303928
I1102 18:06:39.517454 Main     stress_common.cpp:76]   p99.9:  2315759
I1102 18:06:39.517457 Main     stress_common.cpp:77]   Max:    2319603
I1102 18:06:39.517460 Main     stress_common.cpp:82] ========================================
I1102 18:06:39.517464 Main     server_base.cpp:35] Server: Scheduled to stop
I1102 18:06:39.517593 Server/E server_base.cpp:109] Server: Start stopping process
[Loop Thread 123674975794880] Machnet event-loop thread finished
I1102 18:06:39.517706 Server/E server_base.cpp:55] Server: Event loop finishes
I1102 18:06:39.517820 Main     server_base.cpp:46] Server: Stopped

Cleaning up any remaining remote stress_client processes...

Logs saved to:
  Engine:   /users/vj2267/nightcore/benchmarks/outputs/engine.log
  Launcher: /users/vj2267/nightcore/benchmarks/outputs/launcher.log
  Workers:  /users/vj2267/nightcore/benchmarks/outputs/Noop_worker_*.stdout
