$ /users/vj2267/nightcore/benchmarks/run_bench.sh --duration 5 --workers 4 --remote vj2267@sm110p-10s10615.wisc.cloudlab.us --remote_addr 10.10.1.2 --machnet --local_machnet_ip 10.10.1.1 --mode noop --target_rps 30000

=== Nightcore Stress Test (noop mode) ===
Mode: noop
Function: Noop
Workers: 4
Duration: 5 seconds
Target RPS (global): 30000
Input size: 64 bytes
Inflight limit per connection: 1
Engine IO workers: 1
Gateway conns per worker: 1
Warmup: 0 seconds
Stress Client: Remote (vj2267@sm110p-10s10615.wisc.cloudlab.us)
Engine Connection Address: 10.10.1.2 (explicit)
Transport: Machnet
  Remote Machnet IP: 10.10.1.2
  Local Machnet IP: 10.10.1.1

Cleaning up any existing stress_client on remote...
Starting stress_client on remote host vj2267@sm110p-10s10615.wisc.cloudlab.us...
  Remote SSH process PID: 1367800
  Output will be saved to: /users/vj2267/nightcore/benchmarks/outputs/stress_client_remote.txt
Waiting for remote stress_client to start...
I1102 17:57:22.829951 Main     thread.cpp:100] Register main thread: tid=1118041
I1102 17:57:22.830025 Main     stress_client.cpp:179] Using Machnet transport on 10.10.1.2:10007
I1102 17:57:22.830029 Main     stress_client_machnet.cpp:37] Starting Machnet event-loop thread...
[Loop Thread 131375688578752] Machnet event-loop thread started
I1102 17:57:22.833260 Server/E thread.cpp:40] Start thread: Server/EL
I1102 17:57:22.833302 Server/E server_base.cpp:50] Server: Event loop starts
I1102 17:57:23.333369 Main     stress_client.cpp:43] === Nightcore Stress Test ===
I1102 17:57:23.333387 Main     stress_client.cpp:44] Function ID: 1
I1102 17:57:23.333392 Main     stress_client.cpp:45] Method ID: 0
I1102 17:57:23.333393 Main     stress_client.cpp:46] Input size: 64 bytes
I1102 17:57:23.333395 Main     stress_client.cpp:47] Global target RPS: 30000
I1102 17:57:23.333397 Main     stress_client.cpp:50] Inflight limit per connection: 1
I1102 17:57:23.333398 Main     stress_client.cpp:51] Warmup: 0s, Duration: 5s
I1102 17:57:23.333400 Main     stress_client.cpp:53] 
I1102 17:57:23.333402 Main     stress_client.cpp:54] ========================================
I1102 17:57:23.333403 Main     stress_client.cpp:57] Waiting for Engine to connect...
Checking for file descriptor...
Got a file descriptor!
Listening on Machnet 10.10.1.2:10007 for Engine connections[Loop Thread 131375688578752] Machnet listener created
Starting Engine (connecting to 10.10.1.2:10007)...
  Engine PID: 1367808
New Machnet connection created: 168427777:1024 -> 168427778:10007
[Receive Thread 131375688578752] Handshake: pinned send flow 168427778:10007 -> 168427777:1024
[Loop Thread 131375688578752] Now sending on flow 168427778:10007 -> 168427777:1024
I1102 17:57:27.437334 Main     stress_client.cpp:71] Engine connected with 1 connection(s)
I1102 17:57:27.437368 Main     stress_client.cpp:73] Global target RPS: 30000
I1102 17:57:27.437375 Main     stress_client.cpp:76] 
I1102 17:57:27.437379 Main     stress_client.cpp:79] Waiting 3 seconds for workers to initialize...
Starting Launcher with 4 workers...
All components started. Stress test will begin after warmup...

I1102 17:57:31.439328 Main     stress_common.cpp:30] [T+1s] Sent: 30306 | Completed: 30305 | Failed: 0 | Latencies: 30305
I1102 17:57:32.440210 Main     stress_common.cpp:30] [T+2s] Sent: 60617 | Completed: 60616 | Failed: 0 | Latencies: 60616
I1102 17:57:33.440760 Main     stress_common.cpp:30] [T+3s] Sent: 90923 | Completed: 90922 | Failed: 0 | Latencies: 90922
I1102 17:57:34.441367 Main     stress_common.cpp:30] [T+4s] Sent: 121230 | Completed: 121229 | Failed: 0 | Latencies: 121229
I1102 17:57:35.441998 Main     stress_common.cpp:30] [T+5s] Sent: 151415 | Completed: 151415 | Failed: 0 | Latencies: 150000
I1102 17:57:35.442032 Main     stress_client.cpp:116] 
I1102 17:57:35.442274 Main     stress_common.cpp:42] ========================================
I1102 17:57:35.442283 Main     stress_common.cpp:43] === Stress Test Results ===
I1102 17:57:35.442287 Main     stress_common.cpp:44] ========================================
I1102 17:57:35.442292 Main     stress_common.cpp:45] Transport:         Machnet
I1102 17:57:35.442298 Main     stress_common.cpp:46] Connections:       1
I1102 17:57:35.442304 Main     stress_common.cpp:47] Duration:          5.00 seconds
I1102 17:57:35.442329 Main     stress_common.cpp:48] Total Sent:        151415
I1102 17:57:35.442334 Main     stress_common.cpp:49] Total Completed:   151415 (100.00%)
I1102 17:57:35.442341 Main     stress_common.cpp:52] Total Failed:      0 (0.00%)
I1102 17:57:35.442347 Main     stress_common.cpp:55] 
I1102 17:57:35.442353 Main     stress_common.cpp:56] Throughput:        30263.9 rps
I1102 17:57:35.442359 Main     stress_common.cpp:57] 
I1102 17:57:35.453511 Main     stress_common.cpp:71] Latency (us):
I1102 17:57:35.453524 Main     stress_common.cpp:72]   Min:    17
I1102 17:57:35.453531 Main     stress_common.cpp:73]   p50:    28
I1102 17:57:35.453537 Main     stress_common.cpp:74]   p90:    29
I1102 17:57:35.453541 Main     stress_common.cpp:75]   p99:    35
I1102 17:57:35.453546 Main     stress_common.cpp:76]   p99.9:  61
I1102 17:57:35.453550 Main     stress_common.cpp:77]   Max:    631
I1102 17:57:35.453555 Main     stress_common.cpp:82] ========================================
I1102 17:57:35.453560 Main     server_base.cpp:35] Server: Scheduled to stop
I1102 17:57:35.453683 Server/E server_base.cpp:109] Server: Start stopping process
[Loop Thread 131375688578752] Machnet event-loop thread finished
I1102 17:57:35.453785 Server/E server_base.cpp:55] Server: Event loop finishes
I1102 17:57:35.453908 Main     server_base.cpp:46] Server: Stopped

Stress test completed. Shutting down...

Copying results from remote host...
Remote stress_client output:
I1102 17:57:22.829951 Main     thread.cpp:100] Register main thread: tid=1118041
I1102 17:57:22.830025 Main     stress_client.cpp:179] Using Machnet transport on 10.10.1.2:10007
I1102 17:57:22.830029 Main     stress_client_machnet.cpp:37] Starting Machnet event-loop thread...
[Loop Thread 131375688578752] Machnet event-loop thread started
I1102 17:57:22.833260 Server/E thread.cpp:40] Start thread: Server/EL
I1102 17:57:22.833302 Server/E server_base.cpp:50] Server: Event loop starts
I1102 17:57:23.333369 Main     stress_client.cpp:43] === Nightcore Stress Test ===
I1102 17:57:23.333387 Main     stress_client.cpp:44] Function ID: 1
I1102 17:57:23.333392 Main     stress_client.cpp:45] Method ID: 0
I1102 17:57:23.333393 Main     stress_client.cpp:46] Input size: 64 bytes
I1102 17:57:23.333395 Main     stress_client.cpp:47] Global target RPS: 30000
I1102 17:57:23.333397 Main     stress_client.cpp:50] Inflight limit per connection: 1
I1102 17:57:23.333398 Main     stress_client.cpp:51] Warmup: 0s, Duration: 5s
I1102 17:57:23.333400 Main     stress_client.cpp:53] 
I1102 17:57:23.333402 Main     stress_client.cpp:54] ========================================
I1102 17:57:23.333403 Main     stress_client.cpp:57] Waiting for Engine to connect...
Checking for file descriptor...
Got a file descriptor!
Listening on Machnet 10.10.1.2:10007 for Engine connections[Loop Thread 131375688578752] Machnet listener created
New Machnet connection created: 168427777:1024 -> 168427778:10007
[Receive Thread 131375688578752] Handshake: pinned send flow 168427778:10007 -> 168427777:1024
[Loop Thread 131375688578752] Now sending on flow 168427778:10007 -> 168427777:1024
I1102 17:57:27.437334 Main     stress_client.cpp:71] Engine connected with 1 connection(s)
I1102 17:57:27.437368 Main     stress_client.cpp:73] Global target RPS: 30000
I1102 17:57:27.437375 Main     stress_client.cpp:76] 
I1102 17:57:27.437379 Main     stress_client.cpp:79] Waiting 3 seconds for workers to initialize...
I1102 17:57:31.439328 Main     stress_common.cpp:30] [T+1s] Sent: 30306 | Completed: 30305 | Failed: 0 | Latencies: 30305
I1102 17:57:32.440210 Main     stress_common.cpp:30] [T+2s] Sent: 60617 | Completed: 60616 | Failed: 0 | Latencies: 60616
I1102 17:57:33.440760 Main     stress_common.cpp:30] [T+3s] Sent: 90923 | Completed: 90922 | Failed: 0 | Latencies: 90922
I1102 17:57:34.441367 Main     stress_common.cpp:30] [T+4s] Sent: 121230 | Completed: 121229 | Failed: 0 | Latencies: 121229
I1102 17:57:35.441998 Main     stress_common.cpp:30] [T+5s] Sent: 151415 | Completed: 151415 | Failed: 0 | Latencies: 150000
I1102 17:57:35.442032 Main     stress_client.cpp:116] 
I1102 17:57:35.442274 Main     stress_common.cpp:42] ========================================
I1102 17:57:35.442283 Main     stress_common.cpp:43] === Stress Test Results ===
I1102 17:57:35.442287 Main     stress_common.cpp:44] ========================================
I1102 17:57:35.442292 Main     stress_common.cpp:45] Transport:         Machnet
I1102 17:57:35.442298 Main     stress_common.cpp:46] Connections:       1
I1102 17:57:35.442304 Main     stress_common.cpp:47] Duration:          5.00 seconds
I1102 17:57:35.442329 Main     stress_common.cpp:48] Total Sent:        151415
I1102 17:57:35.442334 Main     stress_common.cpp:49] Total Completed:   151415 (100.00%)
I1102 17:57:35.442341 Main     stress_common.cpp:52] Total Failed:      0 (0.00%)
I1102 17:57:35.442347 Main     stress_common.cpp:55] 
I1102 17:57:35.442353 Main     stress_common.cpp:56] Throughput:        30263.9 rps
I1102 17:57:35.442359 Main     stress_common.cpp:57] 
I1102 17:57:35.453511 Main     stress_common.cpp:71] Latency (us):
I1102 17:57:35.453524 Main     stress_common.cpp:72]   Min:    17
I1102 17:57:35.453531 Main     stress_common.cpp:73]   p50:    28
I1102 17:57:35.453537 Main     stress_common.cpp:74]   p90:    29
I1102 17:57:35.453541 Main     stress_common.cpp:75]   p99:    35
I1102 17:57:35.453546 Main     stress_common.cpp:76]   p99.9:  61
I1102 17:57:35.453550 Main     stress_common.cpp:77]   Max:    631
I1102 17:57:35.453555 Main     stress_common.cpp:82] ========================================
I1102 17:57:35.453560 Main     server_base.cpp:35] Server: Scheduled to stop
I1102 17:57:35.453683 Server/E server_base.cpp:109] Server: Start stopping process
[Loop Thread 131375688578752] Machnet event-loop thread finished
I1102 17:57:35.453785 Server/E server_base.cpp:55] Server: Event loop finishes
I1102 17:57:35.453908 Main     server_base.cpp:46] Server: Stopped

Cleaning up any remaining remote stress_client processes...

Logs saved to:
  Engine:   /users/vj2267/nightcore/benchmarks/outputs/engine.log
  Launcher: /users/vj2267/nightcore/benchmarks/outputs/launcher.log
  Workers:  /users/vj2267/nightcore/benchmarks/outputs/Noop_worker_*.stdout
