I1102 18:58:03.967719 Main     thread.cpp:100] Register main thread: tid=1391670
E1102 18:58:03.968050 Main     docker.cpp:59] Cannot find docker's cgroup in /proc/self/cgroup
I1102 18:58:03.968104 Main     func_config.cpp:135] Load configuration for function Echo[1]
I1102 18:58:03.968116 Main     engine.cpp:109] Engine: Start 1 IO workers
I1102 18:58:03.971387 IO-0/EL  thread.cpp:40] Start thread: IO-0/EL
I1102 18:58:03.971444 IO-0/EL  io_worker.cpp:192] IO-0: Event loop starts
Checking for file descriptor...
Got a file descriptor!
I1102 18:58:05.364765 Main     engine.cpp:180] Engine: Created 1 Machnet connections to Gateway at 10.10.1.2:10007
I1102 18:58:05.364879 Main     engine.cpp:208] Engine: Listen on /dev/shm/faas_ipc/engine.sock for IPC connections
I1102 18:58:05.365139 Server/E thread.cpp:40] Start thread: Server/EL
I1102 18:58:05.365273 Server/E server_base.cpp:50] Server: Event loop starts
I1102 18:58:05.970350 Server/E engine.cpp:674] Engine: New message connection
I1102 18:58:05.973673 IO-0/EL  buffer_pool.h:25] BufferPool[IO-0_Read]: Allocate new buffer, current buffer count is 1
I1102 18:58:05.973705 IO-0/EL  engine.cpp:277] Engine: Receive new handshake message from message connection
I1102 18:58:05.973715 IO-0/EL  worker_manager.cpp:23] WorkerManager: Launcher of func_id 1 connected
I1102 18:58:05.973720 IO-0/EL  worker_manager.cpp:131] WorkerManager: Request new FuncWorker for func_id 1 with client_id 1
I1102 18:58:05.973740 IO-0/EL  worker_manager.cpp:131] WorkerManager: Request new FuncWorker for func_id 1 with client_id 2
I1102 18:58:05.973752 IO-0/EL  worker_manager.cpp:131] WorkerManager: Request new FuncWorker for func_id 1 with client_id 3
I1102 18:58:05.973761 IO-0/EL  worker_manager.cpp:131] WorkerManager: Request new FuncWorker for func_id 1 with client_id 4
I1102 18:58:05.973771 IO-0/EL  worker_manager.cpp:131] WorkerManager: Request new FuncWorker for func_id 1 with client_id 5
I1102 18:58:05.973780 IO-0/EL  worker_manager.cpp:131] WorkerManager: Request new FuncWorker for func_id 1 with client_id 6
I1102 18:58:05.973791 IO-0/EL  worker_manager.cpp:131] WorkerManager: Request new FuncWorker for func_id 1 with client_id 7
I1102 18:58:05.973800 IO-0/EL  worker_manager.cpp:131] WorkerManager: Request new FuncWorker for func_id 1 with client_id 8
I1102 18:58:05.973812 IO-0/EL  worker_manager.cpp:131] WorkerManager: Request new FuncWorker for func_id 1 with client_id 9
I1102 18:58:05.973821 IO-0/EL  worker_manager.cpp:131] WorkerManager: Request new FuncWorker for func_id 1 with client_id 10
I1102 18:58:05.973832 IO-0/EL  worker_manager.cpp:131] WorkerManager: Request new FuncWorker for func_id 1 with client_id 11
I1102 18:58:05.973841 IO-0/EL  worker_manager.cpp:131] WorkerManager: Request new FuncWorker for func_id 1 with client_id 12
I1102 18:58:05.973853 IO-0/EL  worker_manager.cpp:131] WorkerManager: Request new FuncWorker for func_id 1 with client_id 13
I1102 18:58:05.973863 IO-0/EL  worker_manager.cpp:131] WorkerManager: Request new FuncWorker for func_id 1 with client_id 14
I1102 18:58:05.973873 IO-0/EL  worker_manager.cpp:131] WorkerManager: Request new FuncWorker for func_id 1 with client_id 15
I1102 18:58:05.973885 IO-0/EL  worker_manager.cpp:131] WorkerManager: Request new FuncWorker for func_id 1 with client_id 16
I1102 18:58:05.973894 IO-0/EL  worker_manager.cpp:131] WorkerManager: Request new FuncWorker for func_id 1 with client_id 17
I1102 18:58:05.973913 IO-0/EL  worker_manager.cpp:131] WorkerManager: Request new FuncWorker for func_id 1 with client_id 18
I1102 18:58:05.973923 IO-0/EL  worker_manager.cpp:131] WorkerManager: Request new FuncWorker for func_id 1 with client_id 19
I1102 18:58:05.973933 IO-0/EL  worker_manager.cpp:131] WorkerManager: Request new FuncWorker for func_id 1 with client_id 20
I1102 18:58:05.973944 IO-0/EL  worker_manager.cpp:131] WorkerManager: Request new FuncWorker for func_id 1 with client_id 21
I1102 18:58:05.973954 IO-0/EL  worker_manager.cpp:131] WorkerManager: Request new FuncWorker for func_id 1 with client_id 22
I1102 18:58:05.973963 IO-0/EL  worker_manager.cpp:131] WorkerManager: Request new FuncWorker for func_id 1 with client_id 23
I1102 18:58:05.973989 IO-0/EL  worker_manager.cpp:131] WorkerManager: Request new FuncWorker for func_id 1 with client_id 24
I1102 18:58:05.973999 IO-0/EL  worker_manager.cpp:131] WorkerManager: Request new FuncWorker for func_id 1 with client_id 25
I1102 18:58:05.974008 IO-0/EL  worker_manager.cpp:131] WorkerManager: Request new FuncWorker for func_id 1 with client_id 26
I1102 18:58:05.974018 IO-0/EL  worker_manager.cpp:131] WorkerManager: Request new FuncWorker for func_id 1 with client_id 27
I1102 18:58:05.974030 IO-0/EL  worker_manager.cpp:131] WorkerManager: Request new FuncWorker for func_id 1 with client_id 28
I1102 18:58:05.974039 IO-0/EL  worker_manager.cpp:131] WorkerManager: Request new FuncWorker for func_id 1 with client_id 29
I1102 18:58:05.974048 IO-0/EL  worker_manager.cpp:131] WorkerManager: Request new FuncWorker for func_id 1 with client_id 30
I1102 18:58:05.974060 IO-0/EL  worker_manager.cpp:131] WorkerManager: Request new FuncWorker for func_id 1 with client_id 31
I1102 18:58:05.974069 IO-0/EL  worker_manager.cpp:131] WorkerManager: Request new FuncWorker for func_id 1 with client_id 32
I1102 18:58:05.974113 IO-0/EL  buffer_pool.h:25] BufferPool[IO-0_Write]: Allocate new buffer, current buffer count is 1
I1102 18:58:05.974149 IO-0/EL  message_connection.cpp:269] LauncherConnection[1]: Handshake done
I1102 18:58:05.978329 Server/E engine.cpp:674] Engine: New message connection
I1102 18:58:05.978358 IO-0/EL  engine.cpp:277] Engine: Receive new handshake message from message connection
I1102 18:58:05.978363 IO-0/EL  worker_manager.cpp:60] WorkerManager: FuncWorker of func_id 1, client_id 1 connected
I1102 18:58:05.978374 IO-0/EL  dispatcher.cpp:47] Dispatcher[1]: min_workers=32
I1102 18:58:05.978378 IO-0/EL  dispatcher.cpp:51] Dispatcher[1]: max_workers=32
I1102 18:58:05.978400 IO-0/EL  message_connection.cpp:269] FuncWorkerConnection[1-1]: Handshake done
I1102 18:58:05.978666 Server/E engine.cpp:674] Engine: New message connection
I1102 18:58:05.978686 IO-0/EL  engine.cpp:277] Engine: Receive new handshake message from message connection
I1102 18:58:05.978691 IO-0/EL  worker_manager.cpp:60] WorkerManager: FuncWorker of func_id 1, client_id 2 connected
I1102 18:58:05.978704 IO-0/EL  message_connection.cpp:269] FuncWorkerConnection[1-2]: Handshake done
I1102 18:58:05.979766 Server/E engine.cpp:674] Engine: New message connection
I1102 18:58:05.979792 IO-0/EL  engine.cpp:277] Engine: Receive new handshake message from message connection
I1102 18:58:05.979798 IO-0/EL  worker_manager.cpp:60] WorkerManager: FuncWorker of func_id 1, client_id 3 connected
I1102 18:58:05.979812 IO-0/EL  message_connection.cpp:269] FuncWorkerConnection[1-3]: Handshake done
I1102 18:58:05.980466 Server/E engine.cpp:674] Engine: New message connection
I1102 18:58:05.980488 IO-0/EL  engine.cpp:277] Engine: Receive new handshake message from message connection
I1102 18:58:05.980493 IO-0/EL  worker_manager.cpp:60] WorkerManager: FuncWorker of func_id 1, client_id 4 connected
I1102 18:58:05.980506 IO-0/EL  message_connection.cpp:269] FuncWorkerConnection[1-4]: Handshake done
I1102 18:58:05.982127 Server/E engine.cpp:674] Engine: New message connection
I1102 18:58:05.982149 IO-0/EL  engine.cpp:277] Engine: Receive new handshake message from message connection
I1102 18:58:05.982154 IO-0/EL  worker_manager.cpp:60] WorkerManager: FuncWorker of func_id 1, client_id 5 connected
I1102 18:58:05.982167 IO-0/EL  message_connection.cpp:269] FuncWorkerConnection[1-5]: Handshake done
I1102 18:58:05.982568 Server/E engine.cpp:674] Engine: New message connection
I1102 18:58:05.982611 IO-0/EL  engine.cpp:277] Engine: Receive new handshake message from message connection
I1102 18:58:05.982616 IO-0/EL  worker_manager.cpp:60] WorkerManager: FuncWorker of func_id 1, client_id 6 connected
I1102 18:58:05.982628 IO-0/EL  message_connection.cpp:269] FuncWorkerConnection[1-6]: Handshake done
I1102 18:58:05.984871 Server/E engine.cpp:674] Engine: New message connection
I1102 18:58:05.984924 IO-0/EL  engine.cpp:277] Engine: Receive new handshake message from message connection
I1102 18:58:05.984930 IO-0/EL  worker_manager.cpp:60] WorkerManager: FuncWorker of func_id 1, client_id 7 connected
I1102 18:58:05.984944 IO-0/EL  message_connection.cpp:269] FuncWorkerConnection[1-7]: Handshake done
I1102 18:58:05.985061 Server/E engine.cpp:674] Engine: New message connection
I1102 18:58:05.985083 IO-0/EL  engine.cpp:277] Engine: Receive new handshake message from message connection
I1102 18:58:05.985087 IO-0/EL  worker_manager.cpp:60] WorkerManager: FuncWorker of func_id 1, client_id 9 connected
I1102 18:58:05.985100 IO-0/EL  message_connection.cpp:269] FuncWorkerConnection[1-9]: Handshake done
I1102 18:58:05.985365 Server/E engine.cpp:674] Engine: New message connection
I1102 18:58:05.985387 IO-0/EL  engine.cpp:277] Engine: Receive new handshake message from message connection
I1102 18:58:05.985391 IO-0/EL  worker_manager.cpp:60] WorkerManager: FuncWorker of func_id 1, client_id 10 connected
I1102 18:58:05.985404 IO-0/EL  message_connection.cpp:269] FuncWorkerConnection[1-10]: Handshake done
I1102 18:58:05.985639 Server/E engine.cpp:674] Engine: New message connection
I1102 18:58:05.985660 IO-0/EL  engine.cpp:277] Engine: Receive new handshake message from message connection
I1102 18:58:05.985664 IO-0/EL  worker_manager.cpp:60] WorkerManager: FuncWorker of func_id 1, client_id 8 connected
I1102 18:58:05.985676 IO-0/EL  message_connection.cpp:269] FuncWorkerConnection[1-8]: Handshake done
I1102 18:58:05.986248 Server/E engine.cpp:674] Engine: New message connection
I1102 18:58:05.986273 IO-0/EL  engine.cpp:277] Engine: Receive new handshake message from message connection
I1102 18:58:05.986277 IO-0/EL  worker_manager.cpp:60] WorkerManager: FuncWorker of func_id 1, client_id 11 connected
I1102 18:58:05.986290 IO-0/EL  message_connection.cpp:269] FuncWorkerConnection[1-11]: Handshake done
I1102 18:58:05.987518 Server/E engine.cpp:674] Engine: New message connection
I1102 18:58:05.987541 IO-0/EL  engine.cpp:277] Engine: Receive new handshake message from message connection
I1102 18:58:05.987546 IO-0/EL  worker_manager.cpp:60] WorkerManager: FuncWorker of func_id 1, client_id 13 connected
I1102 18:58:05.987560 IO-0/EL  message_connection.cpp:269] FuncWorkerConnection[1-13]: Handshake done
I1102 18:58:05.988105 Server/E engine.cpp:674] Engine: New message connection
I1102 18:58:05.988128 IO-0/EL  engine.cpp:277] Engine: Receive new handshake message from message connection
I1102 18:58:05.988132 IO-0/EL  worker_manager.cpp:60] WorkerManager: FuncWorker of func_id 1, client_id 14 connected
I1102 18:58:05.988144 IO-0/EL  message_connection.cpp:269] FuncWorkerConnection[1-14]: Handshake done
I1102 18:58:05.988348 Server/E engine.cpp:674] Engine: New message connection
I1102 18:58:05.988373 IO-0/EL  engine.cpp:277] Engine: Receive new handshake message from message connection
I1102 18:58:05.988377 IO-0/EL  worker_manager.cpp:60] WorkerManager: FuncWorker of func_id 1, client_id 15 connected
I1102 18:58:05.988396 IO-0/EL  message_connection.cpp:269] FuncWorkerConnection[1-15]: Handshake done
I1102 18:58:05.988561 Server/E engine.cpp:674] Engine: New message connection
I1102 18:58:05.988588 IO-0/EL  engine.cpp:277] Engine: Receive new handshake message from message connection
I1102 18:58:05.988592 IO-0/EL  worker_manager.cpp:60] WorkerManager: FuncWorker of func_id 1, client_id 12 connected
I1102 18:58:05.988606 IO-0/EL  message_connection.cpp:269] FuncWorkerConnection[1-12]: Handshake done
I1102 18:58:05.989184 Server/E engine.cpp:674] Engine: New message connection
I1102 18:58:05.989221 IO-0/EL  engine.cpp:277] Engine: Receive new handshake message from message connection
I1102 18:58:05.989226 IO-0/EL  worker_manager.cpp:60] WorkerManager: FuncWorker of func_id 1, client_id 16 connected
I1102 18:58:05.989240 IO-0/EL  message_connection.cpp:269] FuncWorkerConnection[1-16]: Handshake done
I1102 18:58:05.989876 Server/E engine.cpp:674] Engine: New message connection
I1102 18:58:05.989913 IO-0/EL  engine.cpp:277] Engine: Receive new handshake message from message connection
I1102 18:58:05.989926 IO-0/EL  worker_manager.cpp:60] WorkerManager: FuncWorker of func_id 1, client_id 17 connected
I1102 18:58:05.989945 IO-0/EL  message_connection.cpp:269] FuncWorkerConnection[1-17]: Handshake done
I1102 18:58:05.990364 Server/E engine.cpp:674] Engine: New message connection
I1102 18:58:05.990395 IO-0/EL  engine.cpp:277] Engine: Receive new handshake message from message connection
I1102 18:58:05.990400 IO-0/EL  worker_manager.cpp:60] WorkerManager: FuncWorker of func_id 1, client_id 18 connected
I1102 18:58:05.990413 IO-0/EL  message_connection.cpp:269] FuncWorkerConnection[1-18]: Handshake done
I1102 18:58:05.990869 Server/E engine.cpp:674] Engine: New message connection
I1102 18:58:05.990912 IO-0/EL  engine.cpp:277] Engine: Receive new handshake message from message connection
I1102 18:58:05.990916 IO-0/EL  worker_manager.cpp:60] WorkerManager: FuncWorker of func_id 1, client_id 19 connected
I1102 18:58:05.990929 IO-0/EL  message_connection.cpp:269] FuncWorkerConnection[1-19]: Handshake done
I1102 18:58:05.991216 Server/E engine.cpp:674] Engine: New message connection
I1102 18:58:05.991256 IO-0/EL  engine.cpp:277] Engine: Receive new handshake message from message connection
I1102 18:58:05.991260 IO-0/EL  worker_manager.cpp:60] WorkerManager: FuncWorker of func_id 1, client_id 20 connected
I1102 18:58:05.991272 IO-0/EL  message_connection.cpp:269] FuncWorkerConnection[1-20]: Handshake done
I1102 18:58:05.991771 Server/E engine.cpp:674] Engine: New message connection
I1102 18:58:05.991817 IO-0/EL  engine.cpp:277] Engine: Receive new handshake message from message connection
I1102 18:58:05.991822 IO-0/EL  worker_manager.cpp:60] WorkerManager: FuncWorker of func_id 1, client_id 21 connected
I1102 18:58:05.991835 IO-0/EL  message_connection.cpp:269] FuncWorkerConnection[1-21]: Handshake done
I1102 18:58:05.992278 Server/E engine.cpp:674] Engine: New message connection
I1102 18:58:05.992317 IO-0/EL  engine.cpp:277] Engine: Receive new handshake message from message connection
I1102 18:58:05.992322 IO-0/EL  worker_manager.cpp:60] WorkerManager: FuncWorker of func_id 1, client_id 22 connected
I1102 18:58:05.992335 IO-0/EL  message_connection.cpp:269] FuncWorkerConnection[1-22]: Handshake done
I1102 18:58:05.992854 Server/E engine.cpp:674] Engine: New message connection
I1102 18:58:05.992897 IO-0/EL  engine.cpp:277] Engine: Receive new handshake message from message connection
I1102 18:58:05.992901 IO-0/EL  worker_manager.cpp:60] WorkerManager: FuncWorker of func_id 1, client_id 23 connected
I1102 18:58:05.992914 IO-0/EL  message_connection.cpp:269] FuncWorkerConnection[1-23]: Handshake done
I1102 18:58:05.993347 Server/E engine.cpp:674] Engine: New message connection
I1102 18:58:05.993386 IO-0/EL  engine.cpp:277] Engine: Receive new handshake message from message connection
I1102 18:58:05.993390 IO-0/EL  worker_manager.cpp:60] WorkerManager: FuncWorker of func_id 1, client_id 24 connected
I1102 18:58:05.993403 IO-0/EL  message_connection.cpp:269] FuncWorkerConnection[1-24]: Handshake done
I1102 18:58:05.993742 Server/E engine.cpp:674] Engine: New message connection
I1102 18:58:05.993786 IO-0/EL  engine.cpp:277] Engine: Receive new handshake message from message connection
I1102 18:58:05.993791 IO-0/EL  worker_manager.cpp:60] WorkerManager: FuncWorker of func_id 1, client_id 25 connected
I1102 18:58:05.993803 IO-0/EL  message_connection.cpp:269] FuncWorkerConnection[1-25]: Handshake done
I1102 18:58:05.994261 Server/E engine.cpp:674] Engine: New message connection
I1102 18:58:05.994299 IO-0/EL  engine.cpp:277] Engine: Receive new handshake message from message connection
I1102 18:58:05.994303 IO-0/EL  worker_manager.cpp:60] WorkerManager: FuncWorker of func_id 1, client_id 26 connected
I1102 18:58:05.994317 IO-0/EL  message_connection.cpp:269] FuncWorkerConnection[1-26]: Handshake done
I1102 18:58:05.994827 Server/E engine.cpp:674] Engine: New message connection
I1102 18:58:05.994878 IO-0/EL  engine.cpp:277] Engine: Receive new handshake message from message connection
I1102 18:58:05.994889 IO-0/EL  worker_manager.cpp:60] WorkerManager: FuncWorker of func_id 1, client_id 27 connected
I1102 18:58:05.994903 IO-0/EL  message_connection.cpp:269] FuncWorkerConnection[1-27]: Handshake done
I1102 18:58:05.995307 Server/E engine.cpp:674] Engine: New message connection
I1102 18:58:05.995353 IO-0/EL  engine.cpp:277] Engine: Receive new handshake message from message connection
I1102 18:58:05.995358 IO-0/EL  worker_manager.cpp:60] WorkerManager: FuncWorker of func_id 1, client_id 28 connected
I1102 18:58:05.995370 IO-0/EL  message_connection.cpp:269] FuncWorkerConnection[1-28]: Handshake done
I1102 18:58:05.995807 Server/E engine.cpp:674] Engine: New message connection
I1102 18:58:05.995847 IO-0/EL  engine.cpp:277] Engine: Receive new handshake message from message connection
I1102 18:58:05.995851 IO-0/EL  worker_manager.cpp:60] WorkerManager: FuncWorker of func_id 1, client_id 29 connected
I1102 18:58:05.995868 IO-0/EL  message_connection.cpp:269] FuncWorkerConnection[1-29]: Handshake done
I1102 18:58:05.996372 Server/E engine.cpp:674] Engine: New message connection
I1102 18:58:05.996409 IO-0/EL  engine.cpp:277] Engine: Receive new handshake message from message connection
I1102 18:58:05.996414 IO-0/EL  worker_manager.cpp:60] WorkerManager: FuncWorker of func_id 1, client_id 30 connected
I1102 18:58:05.996426 IO-0/EL  message_connection.cpp:269] FuncWorkerConnection[1-30]: Handshake done
I1102 18:58:05.996809 Server/E engine.cpp:674] Engine: New message connection
I1102 18:58:05.996850 IO-0/EL  engine.cpp:277] Engine: Receive new handshake message from message connection
I1102 18:58:05.996855 IO-0/EL  worker_manager.cpp:60] WorkerManager: FuncWorker of func_id 1, client_id 31 connected
I1102 18:58:05.996867 IO-0/EL  message_connection.cpp:269] FuncWorkerConnection[1-31]: Handshake done
I1102 18:58:05.997215 Server/E engine.cpp:674] Engine: New message connection
I1102 18:58:05.997255 IO-0/EL  engine.cpp:277] Engine: Receive new handshake message from message connection
I1102 18:58:05.997260 IO-0/EL  worker_manager.cpp:60] WorkerManager: FuncWorker of func_id 1, client_id 32 connected
I1102 18:58:05.997273 IO-0/EL  message_connection.cpp:269] FuncWorkerConnection[1-32]: Handshake done
I1102 18:58:10.039476 IO-0/EL  buffer_pool.h:25] BufferPool[IO-0_Write]: Allocate new buffer, current buffer count is 2
I1102 18:58:13.410543 Main     server_base.cpp:35] Server: Scheduled to stop
I1102 18:58:13.410600 Server/E server_base.cpp:109] Server: Start stopping process
I1102 18:58:13.410623 IO-0/EL  io_worker.cpp:206] IO-0: Start stopping process
I1102 18:58:13.410651 Server/E server_base.cpp:55] Server: Event loop finishes
