I1102 18:12:45.823521 Main     thread.cpp:100] Register main thread: tid=1371866
E1102 18:12:45.823666 Main     docker.cpp:59] Cannot find docker's cgroup in /proc/self/cgroup
I1102 18:12:45.826919 Launcher thread.cpp:40] Start thread: Launcher/EL
I1102 18:12:45.826967 Launcher thread.cpp:64] Does not find cpuset setting for IO threads (can be set by FAAS_IO_THREAD_CPUSET)
I1102 18:12:45.826973 Launcher thread.cpp:82] Does not find nice setting for IO threads (can be set by FAAS_IO_THREAD_NICE)
I1102 18:12:45.826977 Launcher launcher.cpp:96] Launcher: Event loop starts
I1102 18:12:45.826996 Launcher engine_connection.cpp:93] EngineConnection: Connected to engine, start writing handshake message
I1102 18:12:45.827435 Launcher buffer_pool.h:25] BufferPool[Launcher]: Allocate new buffer, current buffer count is 1
I1102 18:12:45.827466 Launcher func_config.cpp:135] Load configuration for function Noop[1]
I1102 18:12:45.827477 Launcher engine_connection.cpp:65] EngineConnection: Handshake done
W1102 18:12:45.847911 Launcher engine_connection.cpp:166] EngineConnection: nread=0, will do nothing
I1102 18:12:53.466443 Main     launcher.cpp:44] Launcher: Scheduled to stop
E1102 18:12:53.466794 Launcher launcher.cpp:72] Launcher: Connection to engine disconnected
I1102 18:12:53.466860 Launcher launcher.cpp:44] Launcher: Scheduled to stop
W1102 18:12:53.468366 Launcher launcher.cpp:87] Launcher: Function process 31 terminated
W1102 18:12:53.468388 Launcher launcher.cpp:87] Launcher: Function process 29 terminated
W1102 18:12:53.468394 Launcher launcher.cpp:87] Launcher: Function process 28 terminated
W1102 18:12:53.468399 Launcher launcher.cpp:87] Launcher: Function process 27 terminated
W1102 18:12:53.468404 Launcher launcher.cpp:87] Launcher: Function process 26 terminated
W1102 18:12:53.468409 Launcher launcher.cpp:87] Launcher: Function process 25 terminated
W1102 18:12:53.468413 Launcher launcher.cpp:87] Launcher: Function process 24 terminated
W1102 18:12:53.468418 Launcher launcher.cpp:87] Launcher: Function process 23 terminated
W1102 18:12:53.468423 Launcher launcher.cpp:87] Launcher: Function process 22 terminated
W1102 18:12:53.468428 Launcher launcher.cpp:87] Launcher: Function process 21 terminated
W1102 18:12:53.468433 Launcher launcher.cpp:87] Launcher: Function process 19 terminated
W1102 18:12:53.468438 Launcher launcher.cpp:87] Launcher: Function process 17 terminated
W1102 18:12:53.468442 Launcher launcher.cpp:87] Launcher: Function process 16 terminated
W1102 18:12:53.468447 Launcher launcher.cpp:87] Launcher: Function process 13 terminated
W1102 18:12:53.468452 Launcher launcher.cpp:87] Launcher: Function process 10 terminated
W1102 18:12:53.468457 Launcher launcher.cpp:87] Launcher: Function process 9 terminated
W1102 18:12:53.468462 Launcher launcher.cpp:87] Launcher: Function process 8 terminated
W1102 18:12:53.468466 Launcher launcher.cpp:87] Launcher: Function process 7 terminated
W1102 18:12:53.468471 Launcher launcher.cpp:87] Launcher: Function process 6 terminated
W1102 18:12:53.468476 Launcher launcher.cpp:87] Launcher: Function process 5 terminated
W1102 18:12:53.468481 Launcher launcher.cpp:87] Launcher: Function process 4 terminated
W1102 18:12:53.468485 Launcher launcher.cpp:87] Launcher: Function process 3 terminated
W1102 18:12:53.468490 Launcher launcher.cpp:87] Launcher: Function process 2 terminated
W1102 18:12:53.468495 Launcher launcher.cpp:87] Launcher: Function process 0 terminated
W1102 18:12:53.468500 Launcher launcher.cpp:87] Launcher: Function process 30 terminated
W1102 18:12:53.468504 Launcher launcher.cpp:87] Launcher: Function process 20 terminated
W1102 18:12:53.468509 Launcher launcher.cpp:87] Launcher: Function process 18 terminated
W1102 18:12:53.468514 Launcher launcher.cpp:87] Launcher: Function process 15 terminated
W1102 18:12:53.468519 Launcher launcher.cpp:87] Launcher: Function process 14 terminated
W1102 18:12:53.468524 Launcher launcher.cpp:87] Launcher: Function process 12 terminated
W1102 18:12:53.468529 Launcher launcher.cpp:87] Launcher: Function process 11 terminated
W1102 18:12:53.468552 Launcher launcher.cpp:87] Launcher: Function process 1 terminated
I1102 18:12:53.468557 Launcher launcher.cpp:101] Launcher: Event loop finishes
I1102 18:12:53.468663 Main     launcher.cpp:68] Launcher: Stopped
