I1102 18:58:56.471747 Main     thread.cpp:100] Register main thread: tid=1392057
E1102 18:58:56.471884 Main     docker.cpp:59] Cannot find docker's cgroup in /proc/self/cgroup
I1102 18:58:56.475120 Launcher thread.cpp:40] Start thread: Launcher/EL
I1102 18:58:56.475167 Launcher thread.cpp:64] Does not find cpuset setting for IO threads (can be set by FAAS_IO_THREAD_CPUSET)
I1102 18:58:56.475173 Launcher thread.cpp:82] Does not find nice setting for IO threads (can be set by FAAS_IO_THREAD_NICE)
I1102 18:58:56.475177 Launcher launcher.cpp:96] Launcher: Event loop starts
I1102 18:58:56.475197 Launcher engine_connection.cpp:93] EngineConnection: Connected to engine, start writing handshake message
I1102 18:58:56.475527 Launcher buffer_pool.h:25] BufferPool[Launcher]: Allocate new buffer, current buffer count is 1
I1102 18:58:56.475560 Launcher func_config.cpp:135] Load configuration for function Echo[1]
I1102 18:58:56.475571 Launcher engine_connection.cpp:65] EngineConnection: Handshake done
W1102 18:58:56.495139 Launcher engine_connection.cpp:166] EngineConnection: nread=0, will do nothing
I1102 18:59:04.429591 Main     launcher.cpp:44] Launcher: Scheduled to stop
E1102 18:59:04.430109 Launcher launcher.cpp:72] Launcher: Connection to engine disconnected
I1102 18:59:04.430137 Launcher launcher.cpp:44] Launcher: Scheduled to stop
W1102 18:59:04.445160 Launcher launcher.cpp:87] Launcher: Function process 4 terminated
W1102 18:59:04.460185 Launcher launcher.cpp:87] Launcher: Function process 13 terminated
W1102 18:59:04.461926 Launcher launcher.cpp:87] Launcher: Function process 17 terminated
W1102 18:59:04.461953 Launcher launcher.cpp:87] Launcher: Function process 15 terminated
W1102 18:59:04.461961 Launcher launcher.cpp:87] Launcher: Function process 14 terminated
W1102 18:59:04.461969 Launcher launcher.cpp:87] Launcher: Function process 9 terminated
W1102 18:59:04.461977 Launcher launcher.cpp:87] Launcher: Function process 6 terminated
W1102 18:59:04.461985 Launcher launcher.cpp:87] Launcher: Function process 5 terminated
W1102 18:59:04.461993 Launcher launcher.cpp:87] Launcher: Function process 3 terminated
W1102 18:59:04.462000 Launcher launcher.cpp:87] Launcher: Function process 2 terminated
W1102 18:59:04.462008 Launcher launcher.cpp:87] Launcher: Function process 1 terminated
W1102 18:59:04.462015 Launcher launcher.cpp:87] Launcher: Function process 31 terminated
W1102 18:59:04.462022 Launcher launcher.cpp:87] Launcher: Function process 30 terminated
W1102 18:59:04.462030 Launcher launcher.cpp:87] Launcher: Function process 29 terminated
W1102 18:59:04.462037 Launcher launcher.cpp:87] Launcher: Function process 28 terminated
W1102 18:59:04.462044 Launcher launcher.cpp:87] Launcher: Function process 27 terminated
W1102 18:59:04.462052 Launcher launcher.cpp:87] Launcher: Function process 26 terminated
W1102 18:59:04.462059 Launcher launcher.cpp:87] Launcher: Function process 25 terminated
W1102 18:59:04.462066 Launcher launcher.cpp:87] Launcher: Function process 24 terminated
W1102 18:59:04.462073 Launcher launcher.cpp:87] Launcher: Function process 23 terminated
W1102 18:59:04.462081 Launcher launcher.cpp:87] Launcher: Function process 22 terminated
W1102 18:59:04.462088 Launcher launcher.cpp:87] Launcher: Function process 21 terminated
W1102 18:59:04.462096 Launcher launcher.cpp:87] Launcher: Function process 20 terminated
W1102 18:59:04.462103 Launcher launcher.cpp:87] Launcher: Function process 19 terminated
W1102 18:59:04.462110 Launcher launcher.cpp:87] Launcher: Function process 18 terminated
W1102 18:59:04.462118 Launcher launcher.cpp:87] Launcher: Function process 16 terminated
W1102 18:59:04.462125 Launcher launcher.cpp:87] Launcher: Function process 12 terminated
W1102 18:59:04.462132 Launcher launcher.cpp:87] Launcher: Function process 11 terminated
W1102 18:59:04.462140 Launcher launcher.cpp:87] Launcher: Function process 10 terminated
W1102 18:59:04.462147 Launcher launcher.cpp:87] Launcher: Function process 8 terminated
W1102 18:59:04.462154 Launcher launcher.cpp:87] Launcher: Function process 7 terminated
W1102 18:59:04.462197 Launcher launcher.cpp:87] Launcher: Function process 0 terminated
I1102 18:59:04.462206 Launcher launcher.cpp:101] Launcher: Event loop finishes
I1102 18:59:04.462275 Main     launcher.cpp:68] Launcher: Stopped
