I1102 19:08:49.575468 Main     thread.cpp:100] Register main thread: tid=1398074
E1102 19:08:49.576629 Main     docker.cpp:59] Cannot find docker's cgroup in /proc/self/cgroup
I1102 19:08:49.576680 Main     func_config.cpp:135] Load configuration for function Echo[1]
I1102 19:08:49.576692 Main     engine.cpp:109] Engine: Start 1 IO workers
I1102 19:08:49.579919 IO-0/EL  thread.cpp:40] Start thread: IO-0/EL
I1102 19:08:49.579967 IO-0/EL  io_worker.cpp:192] IO-0: Event loop starts
Checking for file descriptor...
Got a file descriptor!
I1102 19:08:51.367395 Main     engine.cpp:180] Engine: Created 1 Machnet connections to Gateway at 10.10.1.2:10007
I1102 19:08:51.367461 Main     engine.cpp:208] Engine: Listen on /dev/shm/faas_ipc/engine.sock for IPC connections
I1102 19:08:51.367663 Server/E thread.cpp:40] Start thread: Server/EL
I1102 19:08:51.367812 Server/E server_base.cpp:50] Server: Event loop starts
I1102 19:08:51.578529 Server/E engine.cpp:674] Engine: New message connection
I1102 19:08:51.581814 IO-0/EL  buffer_pool.h:25] BufferPool[IO-0_Read]: Allocate new buffer, current buffer count is 1
I1102 19:08:51.581846 IO-0/EL  engine.cpp:277] Engine: Receive new handshake message from message connection
I1102 19:08:51.581852 IO-0/EL  worker_manager.cpp:23] WorkerManager: Launcher of func_id 1 connected
I1102 19:08:51.581856 IO-0/EL  worker_manager.cpp:131] WorkerManager: Request new FuncWorker for func_id 1 with client_id 1
I1102 19:08:51.581877 IO-0/EL  worker_manager.cpp:131] WorkerManager: Request new FuncWorker for func_id 1 with client_id 2
I1102 19:08:51.581890 IO-0/EL  worker_manager.cpp:131] WorkerManager: Request new FuncWorker for func_id 1 with client_id 3
I1102 19:08:51.581899 IO-0/EL  worker_manager.cpp:131] WorkerManager: Request new FuncWorker for func_id 1 with client_id 4
I1102 19:08:51.581908 IO-0/EL  worker_manager.cpp:131] WorkerManager: Request new FuncWorker for func_id 1 with client_id 5
I1102 19:08:51.581917 IO-0/EL  worker_manager.cpp:131] WorkerManager: Request new FuncWorker for func_id 1 with client_id 6
I1102 19:08:51.581928 IO-0/EL  worker_manager.cpp:131] WorkerManager: Request new FuncWorker for func_id 1 with client_id 7
I1102 19:08:51.581937 IO-0/EL  worker_manager.cpp:131] WorkerManager: Request new FuncWorker for func_id 1 with client_id 8
I1102 19:08:51.581949 IO-0/EL  worker_manager.cpp:131] WorkerManager: Request new FuncWorker for func_id 1 with client_id 9
I1102 19:08:51.581959 IO-0/EL  worker_manager.cpp:131] WorkerManager: Request new FuncWorker for func_id 1 with client_id 10
I1102 19:08:51.581970 IO-0/EL  worker_manager.cpp:131] WorkerManager: Request new FuncWorker for func_id 1 with client_id 11
I1102 19:08:51.581979 IO-0/EL  worker_manager.cpp:131] WorkerManager: Request new FuncWorker for func_id 1 with client_id 12
I1102 19:08:51.581991 IO-0/EL  worker_manager.cpp:131] WorkerManager: Request new FuncWorker for func_id 1 with client_id 13
I1102 19:08:51.582000 IO-0/EL  worker_manager.cpp:131] WorkerManager: Request new FuncWorker for func_id 1 with client_id 14
I1102 19:08:51.582009 IO-0/EL  worker_manager.cpp:131] WorkerManager: Request new FuncWorker for func_id 1 with client_id 15
I1102 19:08:51.582020 IO-0/EL  worker_manager.cpp:131] WorkerManager: Request new FuncWorker for func_id 1 with client_id 16
I1102 19:08:51.582030 IO-0/EL  worker_manager.cpp:131] WorkerManager: Request new FuncWorker for func_id 1 with client_id 17
I1102 19:08:51.582050 IO-0/EL  worker_manager.cpp:131] WorkerManager: Request new FuncWorker for func_id 1 with client_id 18
I1102 19:08:51.582059 IO-0/EL  worker_manager.cpp:131] WorkerManager: Request new FuncWorker for func_id 1 with client_id 19
I1102 19:08:51.582070 IO-0/EL  worker_manager.cpp:131] WorkerManager: Request new FuncWorker for func_id 1 with client_id 20
I1102 19:08:51.582081 IO-0/EL  worker_manager.cpp:131] WorkerManager: Request new FuncWorker for func_id 1 with client_id 21
I1102 19:08:51.582091 IO-0/EL  worker_manager.cpp:131] WorkerManager: Request new FuncWorker for func_id 1 with client_id 22
I1102 19:08:51.582101 IO-0/EL  worker_manager.cpp:131] WorkerManager: Request new FuncWorker for func_id 1 with client_id 23
I1102 19:08:51.582128 IO-0/EL  worker_manager.cpp:131] WorkerManager: Request new FuncWorker for func_id 1 with client_id 24
I1102 19:08:51.582138 IO-0/EL  worker_manager.cpp:131] WorkerManager: Request new FuncWorker for func_id 1 with client_id 25
I1102 19:08:51.582148 IO-0/EL  worker_manager.cpp:131] WorkerManager: Request new FuncWorker for func_id 1 with client_id 26
I1102 19:08:51.582157 IO-0/EL  worker_manager.cpp:131] WorkerManager: Request new FuncWorker for func_id 1 with client_id 27
I1102 19:08:51.582170 IO-0/EL  worker_manager.cpp:131] WorkerManager: Request new FuncWorker for func_id 1 with client_id 28
I1102 19:08:51.582180 IO-0/EL  worker_manager.cpp:131] WorkerManager: Request new FuncWorker for func_id 1 with client_id 29
I1102 19:08:51.582190 IO-0/EL  worker_manager.cpp:131] WorkerManager: Request new FuncWorker for func_id 1 with client_id 30
I1102 19:08:51.582200 IO-0/EL  worker_manager.cpp:131] WorkerManager: Request new FuncWorker for func_id 1 with client_id 31
I1102 19:08:51.582210 IO-0/EL  worker_manager.cpp:131] WorkerManager: Request new FuncWorker for func_id 1 with client_id 32
I1102 19:08:51.582219 IO-0/EL  worker_manager.cpp:131] WorkerManager: Request new FuncWorker for func_id 1 with client_id 33
I1102 19:08:51.582256 IO-0/EL  worker_manager.cpp:131] WorkerManager: Request new FuncWorker for func_id 1 with client_id 34
I1102 19:08:51.582268 IO-0/EL  worker_manager.cpp:131] WorkerManager: Request new FuncWorker for func_id 1 with client_id 35
I1102 19:08:51.582280 IO-0/EL  worker_manager.cpp:131] WorkerManager: Request new FuncWorker for func_id 1 with client_id 36
I1102 19:08:51.582290 IO-0/EL  worker_manager.cpp:131] WorkerManager: Request new FuncWorker for func_id 1 with client_id 37
I1102 19:08:51.582299 IO-0/EL  worker_manager.cpp:131] WorkerManager: Request new FuncWorker for func_id 1 with client_id 38
I1102 19:08:51.582310 IO-0/EL  worker_manager.cpp:131] WorkerManager: Request new FuncWorker for func_id 1 with client_id 39
I1102 19:08:51.582321 IO-0/EL  worker_manager.cpp:131] WorkerManager: Request new FuncWorker for func_id 1 with client_id 40
I1102 19:08:51.582330 IO-0/EL  worker_manager.cpp:131] WorkerManager: Request new FuncWorker for func_id 1 with client_id 41
I1102 19:08:51.582340 IO-0/EL  worker_manager.cpp:131] WorkerManager: Request new FuncWorker for func_id 1 with client_id 42
I1102 19:08:51.582350 IO-0/EL  worker_manager.cpp:131] WorkerManager: Request new FuncWorker for func_id 1 with client_id 43
I1102 19:08:51.582362 IO-0/EL  worker_manager.cpp:131] WorkerManager: Request new FuncWorker for func_id 1 with client_id 44
I1102 19:08:51.582371 IO-0/EL  worker_manager.cpp:131] WorkerManager: Request new FuncWorker for func_id 1 with client_id 45
I1102 19:08:51.582382 IO-0/EL  worker_manager.cpp:131] WorkerManager: Request new FuncWorker for func_id 1 with client_id 46
I1102 19:08:51.582391 IO-0/EL  worker_manager.cpp:131] WorkerManager: Request new FuncWorker for func_id 1 with client_id 47
I1102 19:08:51.582402 IO-0/EL  worker_manager.cpp:131] WorkerManager: Request new FuncWorker for func_id 1 with client_id 48
I1102 19:08:51.582411 IO-0/EL  worker_manager.cpp:131] WorkerManager: Request new FuncWorker for func_id 1 with client_id 49
I1102 19:08:51.582420 IO-0/EL  worker_manager.cpp:131] WorkerManager: Request new FuncWorker for func_id 1 with client_id 50
I1102 19:08:51.582432 IO-0/EL  worker_manager.cpp:131] WorkerManager: Request new FuncWorker for func_id 1 with client_id 51
I1102 19:08:51.582442 IO-0/EL  worker_manager.cpp:131] WorkerManager: Request new FuncWorker for func_id 1 with client_id 52
I1102 19:08:51.582452 IO-0/EL  worker_manager.cpp:131] WorkerManager: Request new FuncWorker for func_id 1 with client_id 53
I1102 19:08:51.582462 IO-0/EL  worker_manager.cpp:131] WorkerManager: Request new FuncWorker for func_id 1 with client_id 54
I1102 19:08:51.582472 IO-0/EL  worker_manager.cpp:131] WorkerManager: Request new FuncWorker for func_id 1 with client_id 55
I1102 19:08:51.582484 IO-0/EL  worker_manager.cpp:131] WorkerManager: Request new FuncWorker for func_id 1 with client_id 56
I1102 19:08:51.582499 IO-0/EL  worker_manager.cpp:131] WorkerManager: Request new FuncWorker for func_id 1 with client_id 57
I1102 19:08:51.582509 IO-0/EL  worker_manager.cpp:131] WorkerManager: Request new FuncWorker for func_id 1 with client_id 58
I1102 19:08:51.582519 IO-0/EL  worker_manager.cpp:131] WorkerManager: Request new FuncWorker for func_id 1 with client_id 59
I1102 19:08:51.582529 IO-0/EL  worker_manager.cpp:131] WorkerManager: Request new FuncWorker for func_id 1 with client_id 60
I1102 19:08:51.582540 IO-0/EL  worker_manager.cpp:131] WorkerManager: Request new FuncWorker for func_id 1 with client_id 61
I1102 19:08:51.582549 IO-0/EL  worker_manager.cpp:131] WorkerManager: Request new FuncWorker for func_id 1 with client_id 62
I1102 19:08:51.582559 IO-0/EL  worker_manager.cpp:131] WorkerManager: Request new FuncWorker for func_id 1 with client_id 63
I1102 19:08:51.582568 IO-0/EL  worker_manager.cpp:131] WorkerManager: Request new FuncWorker for func_id 1 with client_id 64
I1102 19:08:51.582578 IO-0/EL  worker_manager.cpp:131] WorkerManager: Request new FuncWorker for func_id 1 with client_id 65
I1102 19:08:51.582629 IO-0/EL  worker_manager.cpp:131] WorkerManager: Request new FuncWorker for func_id 1 with client_id 66
I1102 19:08:51.582640 IO-0/EL  worker_manager.cpp:131] WorkerManager: Request new FuncWorker for func_id 1 with client_id 67
I1102 19:08:51.582650 IO-0/EL  worker_manager.cpp:131] WorkerManager: Request new FuncWorker for func_id 1 with client_id 68
I1102 19:08:51.582662 IO-0/EL  worker_manager.cpp:131] WorkerManager: Request new FuncWorker for func_id 1 with client_id 69
I1102 19:08:51.582672 IO-0/EL  worker_manager.cpp:131] WorkerManager: Request new FuncWorker for func_id 1 with client_id 70
I1102 19:08:51.582681 IO-0/EL  worker_manager.cpp:131] WorkerManager: Request new FuncWorker for func_id 1 with client_id 71
I1102 19:08:51.582690 IO-0/EL  worker_manager.cpp:131] WorkerManager: Request new FuncWorker for func_id 1 with client_id 72
I1102 19:08:51.582703 IO-0/EL  worker_manager.cpp:131] WorkerManager: Request new FuncWorker for func_id 1 with client_id 73
I1102 19:08:51.582718 IO-0/EL  worker_manager.cpp:131] WorkerManager: Request new FuncWorker for func_id 1 with client_id 74
I1102 19:08:51.582728 IO-0/EL  worker_manager.cpp:131] WorkerManager: Request new FuncWorker for func_id 1 with client_id 75
I1102 19:08:51.582740 IO-0/EL  worker_manager.cpp:131] WorkerManager: Request new FuncWorker for func_id 1 with client_id 76
I1102 19:08:51.582751 IO-0/EL  worker_manager.cpp:131] WorkerManager: Request new FuncWorker for func_id 1 with client_id 77
I1102 19:08:51.582760 IO-0/EL  worker_manager.cpp:131] WorkerManager: Request new FuncWorker for func_id 1 with client_id 78
I1102 19:08:51.582769 IO-0/EL  worker_manager.cpp:131] WorkerManager: Request new FuncWorker for func_id 1 with client_id 79
I1102 19:08:51.582778 IO-0/EL  worker_manager.cpp:131] WorkerManager: Request new FuncWorker for func_id 1 with client_id 80
I1102 19:08:51.582791 IO-0/EL  worker_manager.cpp:131] WorkerManager: Request new FuncWorker for func_id 1 with client_id 81
I1102 19:08:51.582801 IO-0/EL  worker_manager.cpp:131] WorkerManager: Request new FuncWorker for func_id 1 with client_id 82
I1102 19:08:51.582810 IO-0/EL  worker_manager.cpp:131] WorkerManager: Request new FuncWorker for func_id 1 with client_id 83
I1102 19:08:51.582821 IO-0/EL  worker_manager.cpp:131] WorkerManager: Request new FuncWorker for func_id 1 with client_id 84
I1102 19:08:51.582834 IO-0/EL  worker_manager.cpp:131] WorkerManager: Request new FuncWorker for func_id 1 with client_id 85
I1102 19:08:51.582843 IO-0/EL  worker_manager.cpp:131] WorkerManager: Request new FuncWorker for func_id 1 with client_id 86
I1102 19:08:51.582854 IO-0/EL  worker_manager.cpp:131] WorkerManager: Request new FuncWorker for func_id 1 with client_id 87
I1102 19:08:51.582864 IO-0/EL  worker_manager.cpp:131] WorkerManager: Request new FuncWorker for func_id 1 with client_id 88
I1102 19:08:51.582882 IO-0/EL  worker_manager.cpp:131] WorkerManager: Request new FuncWorker for func_id 1 with client_id 89
I1102 19:08:51.582892 IO-0/EL  worker_manager.cpp:131] WorkerManager: Request new FuncWorker for func_id 1 with client_id 90
I1102 19:08:51.582902 IO-0/EL  worker_manager.cpp:131] WorkerManager: Request new FuncWorker for func_id 1 with client_id 91
I1102 19:08:51.582912 IO-0/EL  worker_manager.cpp:131] WorkerManager: Request new FuncWorker for func_id 1 with client_id 92
I1102 19:08:51.582923 IO-0/EL  worker_manager.cpp:131] WorkerManager: Request new FuncWorker for func_id 1 with client_id 93
I1102 19:08:51.582932 IO-0/EL  worker_manager.cpp:131] WorkerManager: Request new FuncWorker for func_id 1 with client_id 94
I1102 19:08:51.582941 IO-0/EL  worker_manager.cpp:131] WorkerManager: Request new FuncWorker for func_id 1 with client_id 95
I1102 19:08:51.582952 IO-0/EL  worker_manager.cpp:131] WorkerManager: Request new FuncWorker for func_id 1 with client_id 96
I1102 19:08:51.582963 IO-0/EL  worker_manager.cpp:131] WorkerManager: Request new FuncWorker for func_id 1 with client_id 97
I1102 19:08:51.582973 IO-0/EL  worker_manager.cpp:131] WorkerManager: Request new FuncWorker for func_id 1 with client_id 98
I1102 19:08:51.582984 IO-0/EL  worker_manager.cpp:131] WorkerManager: Request new FuncWorker for func_id 1 with client_id 99
I1102 19:08:51.582993 IO-0/EL  worker_manager.cpp:131] WorkerManager: Request new FuncWorker for func_id 1 with client_id 100
I1102 19:08:51.583005 IO-0/EL  worker_manager.cpp:131] WorkerManager: Request new FuncWorker for func_id 1 with client_id 101
I1102 19:08:51.583015 IO-0/EL  worker_manager.cpp:131] WorkerManager: Request new FuncWorker for func_id 1 with client_id 102
I1102 19:08:51.583025 IO-0/EL  worker_manager.cpp:131] WorkerManager: Request new FuncWorker for func_id 1 with client_id 103
I1102 19:08:51.583034 IO-0/EL  worker_manager.cpp:131] WorkerManager: Request new FuncWorker for func_id 1 with client_id 104
I1102 19:08:51.583045 IO-0/EL  worker_manager.cpp:131] WorkerManager: Request new FuncWorker for func_id 1 with client_id 105
I1102 19:08:51.583056 IO-0/EL  worker_manager.cpp:131] WorkerManager: Request new FuncWorker for func_id 1 with client_id 106
I1102 19:08:51.583065 IO-0/EL  worker_manager.cpp:131] WorkerManager: Request new FuncWorker for func_id 1 with client_id 107
I1102 19:08:51.583075 IO-0/EL  worker_manager.cpp:131] WorkerManager: Request new FuncWorker for func_id 1 with client_id 108
I1102 19:08:51.583086 IO-0/EL  worker_manager.cpp:131] WorkerManager: Request new FuncWorker for func_id 1 with client_id 109
I1102 19:08:51.583095 IO-0/EL  worker_manager.cpp:131] WorkerManager: Request new FuncWorker for func_id 1 with client_id 110
I1102 19:08:51.583106 IO-0/EL  worker_manager.cpp:131] WorkerManager: Request new FuncWorker for func_id 1 with client_id 111
I1102 19:08:51.583115 IO-0/EL  worker_manager.cpp:131] WorkerManager: Request new FuncWorker for func_id 1 with client_id 112
I1102 19:08:51.583126 IO-0/EL  worker_manager.cpp:131] WorkerManager: Request new FuncWorker for func_id 1 with client_id 113
I1102 19:08:51.583137 IO-0/EL  worker_manager.cpp:131] WorkerManager: Request new FuncWorker for func_id 1 with client_id 114
I1102 19:08:51.583146 IO-0/EL  worker_manager.cpp:131] WorkerManager: Request new FuncWorker for func_id 1 with client_id 115
I1102 19:08:51.583155 IO-0/EL  worker_manager.cpp:131] WorkerManager: Request new FuncWorker for func_id 1 with client_id 116
I1102 19:08:51.583166 IO-0/EL  worker_manager.cpp:131] WorkerManager: Request new FuncWorker for func_id 1 with client_id 117
I1102 19:08:51.583177 IO-0/EL  worker_manager.cpp:131] WorkerManager: Request new FuncWorker for func_id 1 with client_id 118
I1102 19:08:51.583187 IO-0/EL  worker_manager.cpp:131] WorkerManager: Request new FuncWorker for func_id 1 with client_id 119
I1102 19:08:51.583196 IO-0/EL  worker_manager.cpp:131] WorkerManager: Request new FuncWorker for func_id 1 with client_id 120
I1102 19:08:51.583210 IO-0/EL  worker_manager.cpp:131] WorkerManager: Request new FuncWorker for func_id 1 with client_id 121
I1102 19:08:51.583225 IO-0/EL  worker_manager.cpp:131] WorkerManager: Request new FuncWorker for func_id 1 with client_id 122
I1102 19:08:51.583235 IO-0/EL  worker_manager.cpp:131] WorkerManager: Request new FuncWorker for func_id 1 with client_id 123
I1102 19:08:51.583244 IO-0/EL  worker_manager.cpp:131] WorkerManager: Request new FuncWorker for func_id 1 with client_id 124
I1102 19:08:51.583255 IO-0/EL  worker_manager.cpp:131] WorkerManager: Request new FuncWorker for func_id 1 with client_id 125
I1102 19:08:51.583267 IO-0/EL  worker_manager.cpp:131] WorkerManager: Request new FuncWorker for func_id 1 with client_id 126
I1102 19:08:51.583276 IO-0/EL  worker_manager.cpp:131] WorkerManager: Request new FuncWorker for func_id 1 with client_id 127
I1102 19:08:51.583285 IO-0/EL  worker_manager.cpp:131] WorkerManager: Request new FuncWorker for func_id 1 with client_id 128
I1102 19:08:51.583397 IO-0/EL  buffer_pool.h:25] BufferPool[IO-0_Write]: Allocate new buffer, current buffer count is 1
I1102 19:08:51.583430 IO-0/EL  buffer_pool.h:25] BufferPool[IO-0_Write]: Allocate new buffer, current buffer count is 2
I1102 19:08:51.583460 IO-0/EL  message_connection.cpp:269] LauncherConnection[1]: Handshake done
I1102 19:08:51.586794 Server/E engine.cpp:674] Engine: New message connection
I1102 19:08:51.586830 IO-0/EL  engine.cpp:277] Engine: Receive new handshake message from message connection
I1102 19:08:51.586836 IO-0/EL  worker_manager.cpp:60] WorkerManager: FuncWorker of func_id 1, client_id 1 connected
I1102 19:08:51.586848 IO-0/EL  dispatcher.cpp:47] Dispatcher[1]: min_workers=128
I1102 19:08:51.586852 IO-0/EL  dispatcher.cpp:51] Dispatcher[1]: max_workers=128
I1102 19:08:51.586872 IO-0/EL  message_connection.cpp:269] FuncWorkerConnection[1-1]: Handshake done
I1102 19:08:51.588941 Server/E engine.cpp:674] Engine: New message connection
I1102 19:08:51.588973 IO-0/EL  engine.cpp:277] Engine: Receive new handshake message from message connection
I1102 19:08:51.588979 IO-0/EL  worker_manager.cpp:60] WorkerManager: FuncWorker of func_id 1, client_id 2 connected
I1102 19:08:51.588995 IO-0/EL  message_connection.cpp:269] FuncWorkerConnection[1-2]: Handshake done
I1102 19:08:51.589994 Server/E engine.cpp:674] Engine: New message connection
I1102 19:08:51.590017 IO-0/EL  engine.cpp:277] Engine: Receive new handshake message from message connection
I1102 19:08:51.590022 IO-0/EL  worker_manager.cpp:60] WorkerManager: FuncWorker of func_id 1, client_id 4 connected
I1102 19:08:51.590036 IO-0/EL  message_connection.cpp:269] FuncWorkerConnection[1-4]: Handshake done
I1102 19:08:51.590504 Server/E engine.cpp:674] Engine: New message connection
I1102 19:08:51.590531 IO-0/EL  engine.cpp:277] Engine: Receive new handshake message from message connection
I1102 19:08:51.590535 IO-0/EL  worker_manager.cpp:60] WorkerManager: FuncWorker of func_id 1, client_id 5 connected
I1102 19:08:51.590548 IO-0/EL  message_connection.cpp:269] FuncWorkerConnection[1-5]: Handshake done
I1102 19:08:51.592025 Server/E engine.cpp:674] Engine: New message connection
I1102 19:08:51.592066 IO-0/EL  engine.cpp:277] Engine: Receive new handshake message from message connection
I1102 19:08:51.592070 IO-0/EL  worker_manager.cpp:60] WorkerManager: FuncWorker of func_id 1, client_id 3 connected
I1102 19:08:51.592084 IO-0/EL  message_connection.cpp:269] FuncWorkerConnection[1-3]: Handshake done
I1102 19:08:51.592094 Server/E engine.cpp:674] Engine: New message connection
I1102 19:08:51.592125 IO-0/EL  engine.cpp:277] Engine: Receive new handshake message from message connection
I1102 19:08:51.592129 IO-0/EL  worker_manager.cpp:60] WorkerManager: FuncWorker of func_id 1, client_id 6 connected
I1102 19:08:51.592142 IO-0/EL  message_connection.cpp:269] FuncWorkerConnection[1-6]: Handshake done
I1102 19:08:51.593693 Server/E engine.cpp:674] Engine: New message connection
I1102 19:08:51.593729 IO-0/EL  engine.cpp:277] Engine: Receive new handshake message from message connection
I1102 19:08:51.593735 IO-0/EL  worker_manager.cpp:60] WorkerManager: FuncWorker of func_id 1, client_id 8 connected
I1102 19:08:51.593757 IO-0/EL  message_connection.cpp:269] FuncWorkerConnection[1-8]: Handshake done
I1102 19:08:51.593815 Server/E engine.cpp:674] Engine: New message connection
I1102 19:08:51.593844 IO-0/EL  engine.cpp:277] Engine: Receive new handshake message from message connection
I1102 19:08:51.593849 IO-0/EL  worker_manager.cpp:60] WorkerManager: FuncWorker of func_id 1, client_id 7 connected
I1102 19:08:51.593862 IO-0/EL  message_connection.cpp:269] FuncWorkerConnection[1-7]: Handshake done
I1102 19:08:51.594110 Server/E engine.cpp:674] Engine: New message connection
I1102 19:08:51.594143 IO-0/EL  engine.cpp:277] Engine: Receive new handshake message from message connection
I1102 19:08:51.594148 IO-0/EL  worker_manager.cpp:60] WorkerManager: FuncWorker of func_id 1, client_id 9 connected
I1102 19:08:51.594161 IO-0/EL  message_connection.cpp:269] FuncWorkerConnection[1-9]: Handshake done
I1102 19:08:51.594717 Server/E engine.cpp:674] Engine: New message connection
I1102 19:08:51.594745 IO-0/EL  engine.cpp:277] Engine: Receive new handshake message from message connection
I1102 19:08:51.594750 IO-0/EL  worker_manager.cpp:60] WorkerManager: FuncWorker of func_id 1, client_id 10 connected
I1102 19:08:51.594763 IO-0/EL  message_connection.cpp:269] FuncWorkerConnection[1-10]: Handshake done
I1102 19:08:51.595071 Server/E engine.cpp:674] Engine: New message connection
I1102 19:08:51.595103 IO-0/EL  engine.cpp:277] Engine: Receive new handshake message from message connection
I1102 19:08:51.595108 IO-0/EL  worker_manager.cpp:60] WorkerManager: FuncWorker of func_id 1, client_id 11 connected
I1102 19:08:51.595121 IO-0/EL  message_connection.cpp:269] FuncWorkerConnection[1-11]: Handshake done
I1102 19:08:51.595308 Server/E engine.cpp:674] Engine: New message connection
I1102 19:08:51.595354 IO-0/EL  engine.cpp:277] Engine: Receive new handshake message from message connection
I1102 19:08:51.595359 IO-0/EL  worker_manager.cpp:60] WorkerManager: FuncWorker of func_id 1, client_id 12 connected
I1102 19:08:51.595371 IO-0/EL  message_connection.cpp:269] FuncWorkerConnection[1-12]: Handshake done
I1102 19:08:51.595931 Server/E engine.cpp:674] Engine: New message connection
I1102 19:08:51.595968 IO-0/EL  engine.cpp:277] Engine: Receive new handshake message from message connection
I1102 19:08:51.595973 IO-0/EL  worker_manager.cpp:60] WorkerManager: FuncWorker of func_id 1, client_id 13 connected
I1102 19:08:51.595987 IO-0/EL  message_connection.cpp:269] FuncWorkerConnection[1-13]: Handshake done
I1102 19:08:51.596459 Server/E engine.cpp:674] Engine: New message connection
I1102 19:08:51.596504 IO-0/EL  engine.cpp:277] Engine: Receive new handshake message from message connection
I1102 19:08:51.596508 IO-0/EL  worker_manager.cpp:60] WorkerManager: FuncWorker of func_id 1, client_id 14 connected
I1102 19:08:51.596521 IO-0/EL  message_connection.cpp:269] FuncWorkerConnection[1-14]: Handshake done
I1102 19:08:51.597028 Server/E engine.cpp:674] Engine: New message connection
I1102 19:08:51.597073 IO-0/EL  engine.cpp:277] Engine: Receive new handshake message from message connection
I1102 19:08:51.597078 IO-0/EL  worker_manager.cpp:60] WorkerManager: FuncWorker of func_id 1, client_id 15 connected
I1102 19:08:51.597092 IO-0/EL  message_connection.cpp:269] FuncWorkerConnection[1-15]: Handshake done
I1102 19:08:51.597824 Server/E engine.cpp:674] Engine: New message connection
I1102 19:08:51.597871 IO-0/EL  engine.cpp:277] Engine: Receive new handshake message from message connection
I1102 19:08:51.597876 IO-0/EL  worker_manager.cpp:60] WorkerManager: FuncWorker of func_id 1, client_id 16 connected
I1102 19:08:51.597891 IO-0/EL  message_connection.cpp:269] FuncWorkerConnection[1-16]: Handshake done
I1102 19:08:51.597950 Server/E engine.cpp:674] Engine: New message connection
I1102 19:08:51.597982 IO-0/EL  engine.cpp:277] Engine: Receive new handshake message from message connection
I1102 19:08:51.597987 IO-0/EL  worker_manager.cpp:60] WorkerManager: FuncWorker of func_id 1, client_id 17 connected
I1102 19:08:51.598014 IO-0/EL  message_connection.cpp:269] FuncWorkerConnection[1-17]: Handshake done
I1102 19:08:51.598385 Server/E engine.cpp:674] Engine: New message connection
I1102 19:08:51.598411 IO-0/EL  engine.cpp:277] Engine: Receive new handshake message from message connection
I1102 19:08:51.598416 IO-0/EL  worker_manager.cpp:60] WorkerManager: FuncWorker of func_id 1, client_id 18 connected
I1102 19:08:51.598429 IO-0/EL  message_connection.cpp:269] FuncWorkerConnection[1-18]: Handshake done
I1102 19:08:51.598837 Server/E engine.cpp:674] Engine: New message connection
I1102 19:08:51.598865 IO-0/EL  engine.cpp:277] Engine: Receive new handshake message from message connection
I1102 19:08:51.598870 IO-0/EL  worker_manager.cpp:60] WorkerManager: FuncWorker of func_id 1, client_id 19 connected
I1102 19:08:51.598883 IO-0/EL  message_connection.cpp:269] FuncWorkerConnection[1-19]: Handshake done
I1102 19:08:51.599494 Server/E engine.cpp:674] Engine: New message connection
I1102 19:08:51.599535 IO-0/EL  engine.cpp:277] Engine: Receive new handshake message from message connection
I1102 19:08:51.599539 IO-0/EL  worker_manager.cpp:60] WorkerManager: FuncWorker of func_id 1, client_id 20 connected
I1102 19:08:51.599552 IO-0/EL  message_connection.cpp:269] FuncWorkerConnection[1-20]: Handshake done
I1102 19:08:51.599929 Server/E engine.cpp:674] Engine: New message connection
I1102 19:08:51.599965 IO-0/EL  engine.cpp:277] Engine: Receive new handshake message from message connection
I1102 19:08:51.599970 IO-0/EL  worker_manager.cpp:60] WorkerManager: FuncWorker of func_id 1, client_id 21 connected
I1102 19:08:51.599984 IO-0/EL  message_connection.cpp:269] FuncWorkerConnection[1-21]: Handshake done
I1102 19:08:51.600667 Server/E engine.cpp:674] Engine: New message connection
I1102 19:08:51.600716 IO-0/EL  engine.cpp:277] Engine: Receive new handshake message from message connection
I1102 19:08:51.600721 IO-0/EL  worker_manager.cpp:60] WorkerManager: FuncWorker of func_id 1, client_id 22 connected
I1102 19:08:51.600734 IO-0/EL  message_connection.cpp:269] FuncWorkerConnection[1-22]: Handshake done
I1102 19:08:51.601014 Server/E engine.cpp:674] Engine: New message connection
I1102 19:08:51.601045 IO-0/EL  engine.cpp:277] Engine: Receive new handshake message from message connection
I1102 19:08:51.601050 IO-0/EL  worker_manager.cpp:60] WorkerManager: FuncWorker of func_id 1, client_id 23 connected
I1102 19:08:51.601064 IO-0/EL  message_connection.cpp:269] FuncWorkerConnection[1-23]: Handshake done
I1102 19:08:51.601697 Server/E engine.cpp:674] Engine: New message connection
I1102 19:08:51.601729 IO-0/EL  engine.cpp:277] Engine: Receive new handshake message from message connection
I1102 19:08:51.601734 IO-0/EL  worker_manager.cpp:60] WorkerManager: FuncWorker of func_id 1, client_id 24 connected
I1102 19:08:51.601747 IO-0/EL  message_connection.cpp:269] FuncWorkerConnection[1-24]: Handshake done
I1102 19:08:51.601888 Server/E engine.cpp:674] Engine: New message connection
I1102 19:08:51.601919 IO-0/EL  engine.cpp:277] Engine: Receive new handshake message from message connection
I1102 19:08:51.601924 IO-0/EL  worker_manager.cpp:60] WorkerManager: FuncWorker of func_id 1, client_id 25 connected
I1102 19:08:51.601937 IO-0/EL  message_connection.cpp:269] FuncWorkerConnection[1-25]: Handshake done
I1102 19:08:51.602655 Server/E engine.cpp:674] Engine: New message connection
I1102 19:08:51.602678 IO-0/EL  engine.cpp:277] Engine: Receive new handshake message from message connection
I1102 19:08:51.602682 IO-0/EL  worker_manager.cpp:60] WorkerManager: FuncWorker of func_id 1, client_id 26 connected
I1102 19:08:51.602696 IO-0/EL  message_connection.cpp:269] FuncWorkerConnection[1-26]: Handshake done
I1102 19:08:51.603230 Server/E engine.cpp:674] Engine: New message connection
I1102 19:08:51.603275 IO-0/EL  engine.cpp:277] Engine: Receive new handshake message from message connection
I1102 19:08:51.603280 IO-0/EL  worker_manager.cpp:60] WorkerManager: FuncWorker of func_id 1, client_id 27 connected
I1102 19:08:51.603299 IO-0/EL  message_connection.cpp:269] FuncWorkerConnection[1-27]: Handshake done
I1102 19:08:51.603783 Server/E engine.cpp:674] Engine: New message connection
I1102 19:08:51.603820 IO-0/EL  engine.cpp:277] Engine: Receive new handshake message from message connection
I1102 19:08:51.603825 IO-0/EL  worker_manager.cpp:60] WorkerManager: FuncWorker of func_id 1, client_id 28 connected
I1102 19:08:51.603838 IO-0/EL  message_connection.cpp:269] FuncWorkerConnection[1-28]: Handshake done
I1102 19:08:51.604304 Server/E engine.cpp:674] Engine: New message connection
I1102 19:08:51.604327 IO-0/EL  engine.cpp:277] Engine: Receive new handshake message from message connection
I1102 19:08:51.604331 IO-0/EL  worker_manager.cpp:60] WorkerManager: FuncWorker of func_id 1, client_id 29 connected
I1102 19:08:51.604351 IO-0/EL  message_connection.cpp:269] FuncWorkerConnection[1-29]: Handshake done
I1102 19:08:51.604841 Server/E engine.cpp:674] Engine: New message connection
I1102 19:08:51.604870 IO-0/EL  engine.cpp:277] Engine: Receive new handshake message from message connection
I1102 19:08:51.604875 IO-0/EL  worker_manager.cpp:60] WorkerManager: FuncWorker of func_id 1, client_id 30 connected
I1102 19:08:51.604889 IO-0/EL  message_connection.cpp:269] FuncWorkerConnection[1-30]: Handshake done
I1102 19:08:51.605267 Server/E engine.cpp:674] Engine: New message connection
I1102 19:08:51.605296 IO-0/EL  engine.cpp:277] Engine: Receive new handshake message from message connection
I1102 19:08:51.605300 IO-0/EL  worker_manager.cpp:60] WorkerManager: FuncWorker of func_id 1, client_id 31 connected
I1102 19:08:51.605312 IO-0/EL  message_connection.cpp:269] FuncWorkerConnection[1-31]: Handshake done
I1102 19:08:51.605375 Server/E engine.cpp:674] Engine: New message connection
I1102 19:08:51.605403 IO-0/EL  engine.cpp:277] Engine: Receive new handshake message from message connection
I1102 19:08:51.605407 IO-0/EL  worker_manager.cpp:60] WorkerManager: FuncWorker of func_id 1, client_id 32 connected
I1102 19:08:51.605422 IO-0/EL  message_connection.cpp:269] FuncWorkerConnection[1-32]: Handshake done
I1102 19:08:51.606189 Server/E engine.cpp:674] Engine: New message connection
I1102 19:08:51.606216 IO-0/EL  engine.cpp:277] Engine: Receive new handshake message from message connection
I1102 19:08:51.606221 IO-0/EL  worker_manager.cpp:60] WorkerManager: FuncWorker of func_id 1, client_id 33 connected
I1102 19:08:51.606236 IO-0/EL  message_connection.cpp:269] FuncWorkerConnection[1-33]: Handshake done
I1102 19:08:51.606604 Server/E engine.cpp:674] Engine: New message connection
I1102 19:08:51.606634 IO-0/EL  engine.cpp:277] Engine: Receive new handshake message from message connection
I1102 19:08:51.606639 IO-0/EL  worker_manager.cpp:60] WorkerManager: FuncWorker of func_id 1, client_id 34 connected
I1102 19:08:51.606652 IO-0/EL  message_connection.cpp:269] FuncWorkerConnection[1-34]: Handshake done
I1102 19:08:51.607244 Server/E engine.cpp:674] Engine: New message connection
I1102 19:08:51.607270 IO-0/EL  engine.cpp:277] Engine: Receive new handshake message from message connection
I1102 19:08:51.607274 IO-0/EL  worker_manager.cpp:60] WorkerManager: FuncWorker of func_id 1, client_id 35 connected
I1102 19:08:51.607287 IO-0/EL  message_connection.cpp:269] FuncWorkerConnection[1-35]: Handshake done
I1102 19:08:51.607558 Server/E engine.cpp:674] Engine: New message connection
I1102 19:08:51.607591 IO-0/EL  engine.cpp:277] Engine: Receive new handshake message from message connection
I1102 19:08:51.607596 IO-0/EL  worker_manager.cpp:60] WorkerManager: FuncWorker of func_id 1, client_id 36 connected
I1102 19:08:51.607609 IO-0/EL  message_connection.cpp:269] FuncWorkerConnection[1-36]: Handshake done
I1102 19:08:51.608056 Server/E engine.cpp:674] Engine: New message connection
I1102 19:08:51.608085 IO-0/EL  engine.cpp:277] Engine: Receive new handshake message from message connection
I1102 19:08:51.608089 IO-0/EL  worker_manager.cpp:60] WorkerManager: FuncWorker of func_id 1, client_id 37 connected
I1102 19:08:51.608102 IO-0/EL  message_connection.cpp:269] FuncWorkerConnection[1-37]: Handshake done
I1102 19:08:51.608648 Server/E engine.cpp:674] Engine: New message connection
I1102 19:08:51.608679 IO-0/EL  engine.cpp:277] Engine: Receive new handshake message from message connection
I1102 19:08:51.608684 IO-0/EL  worker_manager.cpp:60] WorkerManager: FuncWorker of func_id 1, client_id 38 connected
I1102 19:08:51.608697 IO-0/EL  message_connection.cpp:269] FuncWorkerConnection[1-38]: Handshake done
I1102 19:08:51.608882 Server/E engine.cpp:674] Engine: New message connection
I1102 19:08:51.608909 IO-0/EL  engine.cpp:277] Engine: Receive new handshake message from message connection
I1102 19:08:51.608913 IO-0/EL  worker_manager.cpp:60] WorkerManager: FuncWorker of func_id 1, client_id 39 connected
I1102 19:08:51.608926 IO-0/EL  message_connection.cpp:269] FuncWorkerConnection[1-39]: Handshake done
I1102 19:08:51.609820 Server/E engine.cpp:674] Engine: New message connection
I1102 19:08:51.609854 IO-0/EL  engine.cpp:277] Engine: Receive new handshake message from message connection
I1102 19:08:51.609860 IO-0/EL  worker_manager.cpp:60] WorkerManager: FuncWorker of func_id 1, client_id 40 connected
I1102 19:08:51.609873 IO-0/EL  message_connection.cpp:269] FuncWorkerConnection[1-40]: Handshake done
I1102 19:08:51.610350 Server/E engine.cpp:674] Engine: New message connection
I1102 19:08:51.610372 IO-0/EL  engine.cpp:277] Engine: Receive new handshake message from message connection
I1102 19:08:51.610376 IO-0/EL  worker_manager.cpp:60] WorkerManager: FuncWorker of func_id 1, client_id 41 connected
I1102 19:08:51.610392 IO-0/EL  message_connection.cpp:269] FuncWorkerConnection[1-41]: Handshake done
I1102 19:08:51.610895 Server/E engine.cpp:674] Engine: New message connection
I1102 19:08:51.610922 IO-0/EL  engine.cpp:277] Engine: Receive new handshake message from message connection
I1102 19:08:51.610926 IO-0/EL  worker_manager.cpp:60] WorkerManager: FuncWorker of func_id 1, client_id 42 connected
I1102 19:08:51.610940 IO-0/EL  message_connection.cpp:269] FuncWorkerConnection[1-42]: Handshake done
I1102 19:08:51.611509 Server/E engine.cpp:674] Engine: New message connection
I1102 19:08:51.611535 IO-0/EL  engine.cpp:277] Engine: Receive new handshake message from message connection
I1102 19:08:51.611543 IO-0/EL  worker_manager.cpp:60] WorkerManager: FuncWorker of func_id 1, client_id 43 connected
I1102 19:08:51.611559 IO-0/EL  message_connection.cpp:269] FuncWorkerConnection[1-43]: Handshake done
I1102 19:08:51.611977 Server/E engine.cpp:674] Engine: New message connection
I1102 19:08:51.612004 IO-0/EL  engine.cpp:277] Engine: Receive new handshake message from message connection
I1102 19:08:51.612009 IO-0/EL  worker_manager.cpp:60] WorkerManager: FuncWorker of func_id 1, client_id 44 connected
I1102 19:08:51.612022 IO-0/EL  message_connection.cpp:269] FuncWorkerConnection[1-44]: Handshake done
I1102 19:08:51.613779 Server/E engine.cpp:674] Engine: New message connection
I1102 19:08:51.613818 IO-0/EL  engine.cpp:277] Engine: Receive new handshake message from message connection
I1102 19:08:51.613823 IO-0/EL  worker_manager.cpp:60] WorkerManager: FuncWorker of func_id 1, client_id 45 connected
I1102 19:08:51.613837 IO-0/EL  message_connection.cpp:269] FuncWorkerConnection[1-45]: Handshake done
I1102 19:08:51.614266 Server/E engine.cpp:674] Engine: New message connection
I1102 19:08:51.614287 IO-0/EL  engine.cpp:277] Engine: Receive new handshake message from message connection
I1102 19:08:51.614291 IO-0/EL  worker_manager.cpp:60] WorkerManager: FuncWorker of func_id 1, client_id 46 connected
I1102 19:08:51.614303 IO-0/EL  message_connection.cpp:269] FuncWorkerConnection[1-46]: Handshake done
I1102 19:08:51.614847 Server/E engine.cpp:674] Engine: New message connection
I1102 19:08:51.614881 IO-0/EL  engine.cpp:277] Engine: Receive new handshake message from message connection
I1102 19:08:51.614886 IO-0/EL  worker_manager.cpp:60] WorkerManager: FuncWorker of func_id 1, client_id 47 connected
I1102 19:08:51.614899 IO-0/EL  message_connection.cpp:269] FuncWorkerConnection[1-47]: Handshake done
I1102 19:08:51.615386 Server/E engine.cpp:674] Engine: New message connection
I1102 19:08:51.615410 IO-0/EL  engine.cpp:277] Engine: Receive new handshake message from message connection
I1102 19:08:51.615415 IO-0/EL  worker_manager.cpp:60] WorkerManager: FuncWorker of func_id 1, client_id 48 connected
I1102 19:08:51.615427 IO-0/EL  message_connection.cpp:269] FuncWorkerConnection[1-48]: Handshake done
I1102 19:08:51.615873 Server/E engine.cpp:674] Engine: New message connection
I1102 19:08:51.615906 IO-0/EL  engine.cpp:277] Engine: Receive new handshake message from message connection
I1102 19:08:51.615911 IO-0/EL  worker_manager.cpp:60] WorkerManager: FuncWorker of func_id 1, client_id 49 connected
I1102 19:08:51.615925 IO-0/EL  message_connection.cpp:269] FuncWorkerConnection[1-49]: Handshake done
I1102 19:08:51.616354 Server/E engine.cpp:674] Engine: New message connection
I1102 19:08:51.616397 IO-0/EL  engine.cpp:277] Engine: Receive new handshake message from message connection
I1102 19:08:51.616402 IO-0/EL  worker_manager.cpp:60] WorkerManager: FuncWorker of func_id 1, client_id 50 connected
I1102 19:08:51.616414 IO-0/EL  message_connection.cpp:269] FuncWorkerConnection[1-50]: Handshake done
I1102 19:08:51.616896 Server/E engine.cpp:674] Engine: New message connection
I1102 19:08:51.616936 IO-0/EL  engine.cpp:277] Engine: Receive new handshake message from message connection
I1102 19:08:51.616941 IO-0/EL  worker_manager.cpp:60] WorkerManager: FuncWorker of func_id 1, client_id 51 connected
I1102 19:08:51.616954 IO-0/EL  message_connection.cpp:269] FuncWorkerConnection[1-51]: Handshake done
I1102 19:08:51.617407 Server/E engine.cpp:674] Engine: New message connection
I1102 19:08:51.617433 IO-0/EL  engine.cpp:277] Engine: Receive new handshake message from message connection
I1102 19:08:51.617437 IO-0/EL  worker_manager.cpp:60] WorkerManager: FuncWorker of func_id 1, client_id 52 connected
I1102 19:08:51.617450 IO-0/EL  message_connection.cpp:269] FuncWorkerConnection[1-52]: Handshake done
I1102 19:08:51.617809 Server/E engine.cpp:674] Engine: New message connection
I1102 19:08:51.617842 IO-0/EL  engine.cpp:277] Engine: Receive new handshake message from message connection
I1102 19:08:51.617847 IO-0/EL  worker_manager.cpp:60] WorkerManager: FuncWorker of func_id 1, client_id 53 connected
I1102 19:08:51.617860 IO-0/EL  message_connection.cpp:269] FuncWorkerConnection[1-53]: Handshake done
I1102 19:08:51.618294 Server/E engine.cpp:674] Engine: New message connection
I1102 19:08:51.618318 IO-0/EL  engine.cpp:277] Engine: Receive new handshake message from message connection
I1102 19:08:51.618323 IO-0/EL  worker_manager.cpp:60] WorkerManager: FuncWorker of func_id 1, client_id 54 connected
I1102 19:08:51.618335 IO-0/EL  message_connection.cpp:269] FuncWorkerConnection[1-54]: Handshake done
I1102 19:08:51.618800 Server/E engine.cpp:674] Engine: New message connection
I1102 19:08:51.618835 IO-0/EL  engine.cpp:277] Engine: Receive new handshake message from message connection
I1102 19:08:51.618840 IO-0/EL  worker_manager.cpp:60] WorkerManager: FuncWorker of func_id 1, client_id 55 connected
I1102 19:08:51.618853 IO-0/EL  message_connection.cpp:269] FuncWorkerConnection[1-55]: Handshake done
I1102 19:08:51.619338 Server/E engine.cpp:674] Engine: New message connection
I1102 19:08:51.619369 IO-0/EL  engine.cpp:277] Engine: Receive new handshake message from message connection
I1102 19:08:51.619374 IO-0/EL  worker_manager.cpp:60] WorkerManager: FuncWorker of func_id 1, client_id 56 connected
I1102 19:08:51.619388 IO-0/EL  message_connection.cpp:269] FuncWorkerConnection[1-56]: Handshake done
I1102 19:08:51.620130 Server/E engine.cpp:674] Engine: New message connection
I1102 19:08:51.620171 IO-0/EL  engine.cpp:277] Engine: Receive new handshake message from message connection
I1102 19:08:51.620176 IO-0/EL  worker_manager.cpp:60] WorkerManager: FuncWorker of func_id 1, client_id 57 connected
I1102 19:08:51.620202 IO-0/EL  message_connection.cpp:269] FuncWorkerConnection[1-57]: Handshake done
I1102 19:08:51.620517 Server/E engine.cpp:674] Engine: New message connection
I1102 19:08:51.620544 IO-0/EL  engine.cpp:277] Engine: Receive new handshake message from message connection
I1102 19:08:51.620549 IO-0/EL  worker_manager.cpp:60] WorkerManager: FuncWorker of func_id 1, client_id 58 connected
I1102 19:08:51.620562 IO-0/EL  message_connection.cpp:269] FuncWorkerConnection[1-58]: Handshake done
I1102 19:08:51.621069 Server/E engine.cpp:674] Engine: New message connection
I1102 19:08:51.621103 IO-0/EL  engine.cpp:277] Engine: Receive new handshake message from message connection
I1102 19:08:51.621108 IO-0/EL  worker_manager.cpp:60] WorkerManager: FuncWorker of func_id 1, client_id 59 connected
I1102 19:08:51.621126 IO-0/EL  message_connection.cpp:269] FuncWorkerConnection[1-59]: Handshake done
I1102 19:08:51.621758 Server/E engine.cpp:674] Engine: New message connection
I1102 19:08:51.621804 IO-0/EL  engine.cpp:277] Engine: Receive new handshake message from message connection
I1102 19:08:51.621810 IO-0/EL  worker_manager.cpp:60] WorkerManager: FuncWorker of func_id 1, client_id 60 connected
I1102 19:08:51.621824 IO-0/EL  message_connection.cpp:269] FuncWorkerConnection[1-60]: Handshake done
I1102 19:08:51.622203 Server/E engine.cpp:674] Engine: New message connection
I1102 19:08:51.622229 IO-0/EL  engine.cpp:277] Engine: Receive new handshake message from message connection
I1102 19:08:51.622234 IO-0/EL  worker_manager.cpp:60] WorkerManager: FuncWorker of func_id 1, client_id 61 connected
I1102 19:08:51.622247 IO-0/EL  message_connection.cpp:269] FuncWorkerConnection[1-61]: Handshake done
I1102 19:08:51.622704 Server/E engine.cpp:674] Engine: New message connection
I1102 19:08:51.622742 IO-0/EL  engine.cpp:277] Engine: Receive new handshake message from message connection
I1102 19:08:51.622747 IO-0/EL  worker_manager.cpp:60] WorkerManager: FuncWorker of func_id 1, client_id 62 connected
I1102 19:08:51.622760 IO-0/EL  message_connection.cpp:269] FuncWorkerConnection[1-62]: Handshake done
I1102 19:08:51.623225 Server/E engine.cpp:674] Engine: New message connection
I1102 19:08:51.623264 IO-0/EL  engine.cpp:277] Engine: Receive new handshake message from message connection
I1102 19:08:51.623268 IO-0/EL  worker_manager.cpp:60] WorkerManager: FuncWorker of func_id 1, client_id 63 connected
I1102 19:08:51.623281 IO-0/EL  message_connection.cpp:269] FuncWorkerConnection[1-63]: Handshake done
I1102 19:08:51.623754 Server/E engine.cpp:674] Engine: New message connection
I1102 19:08:51.623794 IO-0/EL  engine.cpp:277] Engine: Receive new handshake message from message connection
I1102 19:08:51.623799 IO-0/EL  worker_manager.cpp:60] WorkerManager: FuncWorker of func_id 1, client_id 64 connected
I1102 19:08:51.623812 IO-0/EL  message_connection.cpp:269] FuncWorkerConnection[1-64]: Handshake done
I1102 19:08:51.624456 Server/E engine.cpp:674] Engine: New message connection
I1102 19:08:51.624502 IO-0/EL  engine.cpp:277] Engine: Receive new handshake message from message connection
I1102 19:08:51.624507 IO-0/EL  worker_manager.cpp:60] WorkerManager: FuncWorker of func_id 1, client_id 65 connected
I1102 19:08:51.624522 IO-0/EL  message_connection.cpp:269] FuncWorkerConnection[1-65]: Handshake done
I1102 19:08:51.625207 Server/E engine.cpp:674] Engine: New message connection
I1102 19:08:51.625248 IO-0/EL  engine.cpp:277] Engine: Receive new handshake message from message connection
I1102 19:08:51.625252 IO-0/EL  worker_manager.cpp:60] WorkerManager: FuncWorker of func_id 1, client_id 66 connected
I1102 19:08:51.625266 IO-0/EL  message_connection.cpp:269] FuncWorkerConnection[1-66]: Handshake done
I1102 19:08:51.625631 Server/E engine.cpp:674] Engine: New message connection
I1102 19:08:51.625670 IO-0/EL  engine.cpp:277] Engine: Receive new handshake message from message connection
I1102 19:08:51.625675 IO-0/EL  worker_manager.cpp:60] WorkerManager: FuncWorker of func_id 1, client_id 67 connected
I1102 19:08:51.625688 IO-0/EL  message_connection.cpp:269] FuncWorkerConnection[1-67]: Handshake done
I1102 19:08:51.626185 Server/E engine.cpp:674] Engine: New message connection
I1102 19:08:51.626243 IO-0/EL  engine.cpp:277] Engine: Receive new handshake message from message connection
I1102 19:08:51.626248 IO-0/EL  worker_manager.cpp:60] WorkerManager: FuncWorker of func_id 1, client_id 68 connected
I1102 19:08:51.626260 IO-0/EL  message_connection.cpp:269] FuncWorkerConnection[1-68]: Handshake done
I1102 19:08:51.626774 Server/E engine.cpp:674] Engine: New message connection
I1102 19:08:51.626813 IO-0/EL  engine.cpp:277] Engine: Receive new handshake message from message connection
I1102 19:08:51.626818 IO-0/EL  worker_manager.cpp:60] WorkerManager: FuncWorker of func_id 1, client_id 69 connected
I1102 19:08:51.626830 IO-0/EL  message_connection.cpp:269] FuncWorkerConnection[1-69]: Handshake done
I1102 19:08:51.627281 Server/E engine.cpp:674] Engine: New message connection
I1102 19:08:51.627326 IO-0/EL  engine.cpp:277] Engine: Receive new handshake message from message connection
I1102 19:08:51.627330 IO-0/EL  worker_manager.cpp:60] WorkerManager: FuncWorker of func_id 1, client_id 70 connected
I1102 19:08:51.627343 IO-0/EL  message_connection.cpp:269] FuncWorkerConnection[1-70]: Handshake done
I1102 19:08:51.627792 Server/E engine.cpp:674] Engine: New message connection
I1102 19:08:51.627822 IO-0/EL  engine.cpp:277] Engine: Receive new handshake message from message connection
I1102 19:08:51.627827 IO-0/EL  worker_manager.cpp:60] WorkerManager: FuncWorker of func_id 1, client_id 71 connected
I1102 19:08:51.627840 IO-0/EL  message_connection.cpp:269] FuncWorkerConnection[1-71]: Handshake done
I1102 19:08:51.628254 Server/E engine.cpp:674] Engine: New message connection
I1102 19:08:51.628277 IO-0/EL  engine.cpp:277] Engine: Receive new handshake message from message connection
I1102 19:08:51.628281 IO-0/EL  worker_manager.cpp:60] WorkerManager: FuncWorker of func_id 1, client_id 72 connected
I1102 19:08:51.628299 IO-0/EL  message_connection.cpp:269] FuncWorkerConnection[1-72]: Handshake done
I1102 19:08:51.628791 Server/E engine.cpp:674] Engine: New message connection
I1102 19:08:51.628818 IO-0/EL  engine.cpp:277] Engine: Receive new handshake message from message connection
I1102 19:08:51.628822 IO-0/EL  worker_manager.cpp:60] WorkerManager: FuncWorker of func_id 1, client_id 73 connected
I1102 19:08:51.628835 IO-0/EL  message_connection.cpp:269] FuncWorkerConnection[1-73]: Handshake done
I1102 19:08:51.629523 Server/E engine.cpp:674] Engine: New message connection
I1102 19:08:51.629571 IO-0/EL  engine.cpp:277] Engine: Receive new handshake message from message connection
I1102 19:08:51.629576 IO-0/EL  worker_manager.cpp:60] WorkerManager: FuncWorker of func_id 1, client_id 74 connected
I1102 19:08:51.629590 IO-0/EL  message_connection.cpp:269] FuncWorkerConnection[1-74]: Handshake done
I1102 19:08:51.629816 Server/E engine.cpp:674] Engine: New message connection
I1102 19:08:51.629845 IO-0/EL  engine.cpp:277] Engine: Receive new handshake message from message connection
I1102 19:08:51.629850 IO-0/EL  worker_manager.cpp:60] WorkerManager: FuncWorker of func_id 1, client_id 75 connected
I1102 19:08:51.629864 IO-0/EL  message_connection.cpp:269] FuncWorkerConnection[1-75]: Handshake done
I1102 19:08:51.630406 Server/E engine.cpp:674] Engine: New message connection
I1102 19:08:51.630432 IO-0/EL  engine.cpp:277] Engine: Receive new handshake message from message connection
I1102 19:08:51.630437 IO-0/EL  worker_manager.cpp:60] WorkerManager: FuncWorker of func_id 1, client_id 76 connected
I1102 19:08:51.630449 IO-0/EL  message_connection.cpp:269] FuncWorkerConnection[1-76]: Handshake done
I1102 19:08:51.630817 Server/E engine.cpp:674] Engine: New message connection
I1102 19:08:51.630848 IO-0/EL  engine.cpp:277] Engine: Receive new handshake message from message connection
I1102 19:08:51.630852 IO-0/EL  worker_manager.cpp:60] WorkerManager: FuncWorker of func_id 1, client_id 77 connected
I1102 19:08:51.630865 IO-0/EL  message_connection.cpp:269] FuncWorkerConnection[1-77]: Handshake done
I1102 19:08:51.631335 Server/E engine.cpp:674] Engine: New message connection
I1102 19:08:51.631419 IO-0/EL  engine.cpp:277] Engine: Receive new handshake message from message connection
I1102 19:08:51.631424 IO-0/EL  worker_manager.cpp:60] WorkerManager: FuncWorker of func_id 1, client_id 78 connected
I1102 19:08:51.631437 IO-0/EL  message_connection.cpp:269] FuncWorkerConnection[1-78]: Handshake done
I1102 19:08:51.648737 Server/E engine.cpp:674] Engine: New message connection
I1102 19:08:51.648779 Server/E engine.cpp:674] Engine: New message connection
I1102 19:08:51.648785 IO-0/EL  engine.cpp:277] Engine: Receive new handshake message from message connection
I1102 19:08:51.648790 IO-0/EL  worker_manager.cpp:60] WorkerManager: FuncWorker of func_id 1, client_id 79 connected
I1102 19:08:51.648795 Server/E engine.cpp:674] Engine: New message connection
I1102 19:08:51.648804 IO-0/EL  message_connection.cpp:269] FuncWorkerConnection[1-79]: Handshake done
I1102 19:08:51.648808 Server/E engine.cpp:674] Engine: New message connection
I1102 19:08:51.648826 Server/E engine.cpp:674] Engine: New message connection
I1102 19:08:51.648828 IO-0/EL  engine.cpp:277] Engine: Receive new handshake message from message connection
I1102 19:08:51.648833 IO-0/EL  worker_manager.cpp:60] WorkerManager: FuncWorker of func_id 1, client_id 80 connected
I1102 19:08:51.648840 Server/E engine.cpp:674] Engine: New message connection
I1102 19:08:51.648847 IO-0/EL  message_connection.cpp:269] FuncWorkerConnection[1-80]: Handshake done
I1102 19:08:51.648852 Server/E engine.cpp:674] Engine: New message connection
I1102 19:08:51.648862 IO-0/EL  engine.cpp:277] Engine: Receive new handshake message from message connection
I1102 19:08:51.648866 IO-0/EL  worker_manager.cpp:60] WorkerManager: FuncWorker of func_id 1, client_id 81 connected
I1102 19:08:51.648867 Server/E engine.cpp:674] Engine: New message connection
I1102 19:08:51.648879 IO-0/EL  message_connection.cpp:269] FuncWorkerConnection[1-81]: Handshake done
I1102 19:08:51.648883 Server/E engine.cpp:674] Engine: New message connection
I1102 19:08:51.648899 IO-0/EL  engine.cpp:277] Engine: Receive new handshake message from message connection
I1102 19:08:51.648903 IO-0/EL  worker_manager.cpp:60] WorkerManager: FuncWorker of func_id 1, client_id 82 connected
I1102 19:08:51.648898 Server/E engine.cpp:674] Engine: New message connection
I1102 19:08:51.648916 IO-0/EL  message_connection.cpp:269] FuncWorkerConnection[1-82]: Handshake done
I1102 19:08:51.648927 Server/E engine.cpp:674] Engine: New message connection
I1102 19:08:51.648931 IO-0/EL  engine.cpp:277] Engine: Receive new handshake message from message connection
I1102 19:08:51.648940 IO-0/EL  worker_manager.cpp:60] WorkerManager: FuncWorker of func_id 1, client_id 83 connected
I1102 19:08:51.648952 Server/E engine.cpp:674] Engine: New message connection
I1102 19:08:51.648953 IO-0/EL  message_connection.cpp:269] FuncWorkerConnection[1-83]: Handshake done
I1102 19:08:51.648983 Server/E engine.cpp:674] Engine: New message connection
I1102 19:08:51.648989 IO-0/EL  engine.cpp:277] Engine: Receive new handshake message from message connection
I1102 19:08:51.648995 IO-0/EL  worker_manager.cpp:60] WorkerManager: FuncWorker of func_id 1, client_id 84 connected
I1102 19:08:51.649005 Server/E engine.cpp:674] Engine: New message connection
I1102 19:08:51.649010 IO-0/EL  message_connection.cpp:269] FuncWorkerConnection[1-84]: Handshake done
I1102 19:08:51.649025 IO-0/EL  engine.cpp:277] Engine: Receive new handshake message from message connection
I1102 19:08:51.649026 Server/E engine.cpp:674] Engine: New message connection
I1102 19:08:51.649030 IO-0/EL  worker_manager.cpp:60] WorkerManager: FuncWorker of func_id 1, client_id 85 connected
I1102 19:08:51.649050 Server/E engine.cpp:674] Engine: New message connection
I1102 19:08:51.649057 IO-0/EL  message_connection.cpp:269] FuncWorkerConnection[1-85]: Handshake done
I1102 19:08:51.649069 Server/E engine.cpp:674] Engine: New message connection
I1102 19:08:51.649075 IO-0/EL  engine.cpp:277] Engine: Receive new handshake message from message connection
I1102 19:08:51.649080 IO-0/EL  worker_manager.cpp:60] WorkerManager: FuncWorker of func_id 1, client_id 86 connected
I1102 19:08:51.649091 Server/E engine.cpp:674] Engine: New message connection
I1102 19:08:51.649104 IO-0/EL  message_connection.cpp:269] FuncWorkerConnection[1-86]: Handshake done
I1102 19:08:51.649113 Server/E engine.cpp:674] Engine: New message connection
I1102 19:08:51.649122 IO-0/EL  engine.cpp:277] Engine: Receive new handshake message from message connection
I1102 19:08:51.649130 IO-0/EL  worker_manager.cpp:60] WorkerManager: FuncWorker of func_id 1, client_id 87 connected
I1102 19:08:51.649132 Server/E engine.cpp:674] Engine: New message connection
I1102 19:08:51.649147 IO-0/EL  message_connection.cpp:269] FuncWorkerConnection[1-87]: Handshake done
I1102 19:08:51.649153 Server/E engine.cpp:674] Engine: New message connection
I1102 19:08:51.649163 IO-0/EL  engine.cpp:277] Engine: Receive new handshake message from message connection
I1102 19:08:51.649168 IO-0/EL  worker_manager.cpp:60] WorkerManager: FuncWorker of func_id 1, client_id 88 connected
I1102 19:08:51.649175 Server/E engine.cpp:674] Engine: New message connection
I1102 19:08:51.649181 IO-0/EL  message_connection.cpp:269] FuncWorkerConnection[1-88]: Handshake done
I1102 19:08:51.649196 Server/E engine.cpp:674] Engine: New message connection
I1102 19:08:51.649201 IO-0/EL  engine.cpp:277] Engine: Receive new handshake message from message connection
I1102 19:08:51.649207 IO-0/EL  worker_manager.cpp:60] WorkerManager: FuncWorker of func_id 1, client_id 89 connected
I1102 19:08:51.649218 Server/E engine.cpp:674] Engine: New message connection
I1102 19:08:51.649220 IO-0/EL  message_connection.cpp:269] FuncWorkerConnection[1-89]: Handshake done
I1102 19:08:51.649244 Server/E engine.cpp:674] Engine: New message connection
I1102 19:08:51.649248 IO-0/EL  engine.cpp:277] Engine: Receive new handshake message from message connection
I1102 19:08:51.649263 IO-0/EL  worker_manager.cpp:60] WorkerManager: FuncWorker of func_id 1, client_id 90 connected
I1102 19:08:51.649265 Server/E engine.cpp:674] Engine: New message connection
I1102 19:08:51.649276 IO-0/EL  message_connection.cpp:269] FuncWorkerConnection[1-90]: Handshake done
I1102 19:08:51.649287 Server/E engine.cpp:674] Engine: New message connection
I1102 19:08:51.649298 IO-0/EL  engine.cpp:277] Engine: Receive new handshake message from message connection
I1102 19:08:51.649302 IO-0/EL  worker_manager.cpp:60] WorkerManager: FuncWorker of func_id 1, client_id 91 connected
I1102 19:08:51.649309 Server/E engine.cpp:674] Engine: New message connection
I1102 19:08:51.649320 IO-0/EL  message_connection.cpp:269] FuncWorkerConnection[1-91]: Handshake done
I1102 19:08:51.649328 Server/E engine.cpp:674] Engine: New message connection
I1102 19:08:51.649335 IO-0/EL  engine.cpp:277] Engine: Receive new handshake message from message connection
I1102 19:08:51.649339 IO-0/EL  worker_manager.cpp:60] WorkerManager: FuncWorker of func_id 1, client_id 92 connected
I1102 19:08:51.649350 Server/E engine.cpp:674] Engine: New message connection
I1102 19:08:51.649352 IO-0/EL  message_connection.cpp:269] FuncWorkerConnection[1-92]: Handshake done
I1102 19:08:51.649373 Server/E engine.cpp:674] Engine: New message connection
I1102 19:08:51.649382 IO-0/EL  engine.cpp:277] Engine: Receive new handshake message from message connection
I1102 19:08:51.649387 IO-0/EL  worker_manager.cpp:60] WorkerManager: FuncWorker of func_id 1, client_id 93 connected
I1102 19:08:51.649401 IO-0/EL  message_connection.cpp:269] FuncWorkerConnection[1-93]: Handshake done
I1102 19:08:51.649401 Server/E engine.cpp:674] Engine: New message connection
I1102 19:08:51.649415 IO-0/EL  engine.cpp:277] Engine: Receive new handshake message from message connection
I1102 19:08:51.649420 IO-0/EL  worker_manager.cpp:60] WorkerManager: FuncWorker of func_id 1, client_id 94 connected
I1102 19:08:51.649423 Server/E engine.cpp:674] Engine: New message connection
I1102 19:08:51.649436 IO-0/EL  message_connection.cpp:269] FuncWorkerConnection[1-94]: Handshake done
I1102 19:08:51.649446 Server/E engine.cpp:674] Engine: New message connection
I1102 19:08:51.649455 IO-0/EL  engine.cpp:277] Engine: Receive new handshake message from message connection
I1102 19:08:51.649478 IO-0/EL  worker_manager.cpp:60] WorkerManager: FuncWorker of func_id 1, client_id 95 connected
I1102 19:08:51.649492 IO-0/EL  message_connection.cpp:269] FuncWorkerConnection[1-95]: Handshake done
I1102 19:08:51.649493 Server/E engine.cpp:674] Engine: New message connection
I1102 19:08:51.649505 IO-0/EL  engine.cpp:277] Engine: Receive new handshake message from message connection
I1102 19:08:51.649510 IO-0/EL  worker_manager.cpp:60] WorkerManager: FuncWorker of func_id 1, client_id 96 connected
I1102 19:08:51.649516 Server/E engine.cpp:674] Engine: New message connection
I1102 19:08:51.649523 IO-0/EL  message_connection.cpp:269] FuncWorkerConnection[1-96]: Handshake done
I1102 19:08:51.649536 Server/E engine.cpp:674] Engine: New message connection
I1102 19:08:51.649544 IO-0/EL  engine.cpp:277] Engine: Receive new handshake message from message connection
I1102 19:08:51.649549 IO-0/EL  worker_manager.cpp:60] WorkerManager: FuncWorker of func_id 1, client_id 97 connected
I1102 19:08:51.649564 IO-0/EL  message_connection.cpp:269] FuncWorkerConnection[1-97]: Handshake done
I1102 19:08:51.649589 IO-0/EL  engine.cpp:277] Engine: Receive new handshake message from message connection
I1102 19:08:51.649595 IO-0/EL  worker_manager.cpp:60] WorkerManager: FuncWorker of func_id 1, client_id 98 connected
I1102 19:08:51.649615 IO-0/EL  message_connection.cpp:269] FuncWorkerConnection[1-98]: Handshake done
I1102 19:08:51.649644 IO-0/EL  engine.cpp:277] Engine: Receive new handshake message from message connection
I1102 19:08:51.649652 IO-0/EL  worker_manager.cpp:60] WorkerManager: FuncWorker of func_id 1, client_id 99 connected
I1102 19:08:51.649679 IO-0/EL  message_connection.cpp:269] FuncWorkerConnection[1-99]: Handshake done
I1102 19:08:51.649705 IO-0/EL  engine.cpp:277] Engine: Receive new handshake message from message connection
I1102 19:08:51.649719 IO-0/EL  worker_manager.cpp:60] WorkerManager: FuncWorker of func_id 1, client_id 100 connected
I1102 19:08:51.649748 IO-0/EL  message_connection.cpp:269] FuncWorkerConnection[1-100]: Handshake done
I1102 19:08:51.649783 IO-0/EL  engine.cpp:277] Engine: Receive new handshake message from message connection
I1102 19:08:51.649783 Server/E engine.cpp:674] Engine: New message connection
I1102 19:08:51.649790 IO-0/EL  worker_manager.cpp:60] WorkerManager: FuncWorker of func_id 1, client_id 101 connected
I1102 19:08:51.649862 IO-0/EL  message_connection.cpp:269] FuncWorkerConnection[1-101]: Handshake done
I1102 19:08:51.649895 IO-0/EL  engine.cpp:277] Engine: Receive new handshake message from message connection
I1102 19:08:51.649902 IO-0/EL  worker_manager.cpp:60] WorkerManager: FuncWorker of func_id 1, client_id 102 connected
I1102 19:08:51.649943 IO-0/EL  message_connection.cpp:269] FuncWorkerConnection[1-102]: Handshake done
I1102 19:08:51.649962 IO-0/EL  engine.cpp:277] Engine: Receive new handshake message from message connection
I1102 19:08:51.649968 IO-0/EL  worker_manager.cpp:60] WorkerManager: FuncWorker of func_id 1, client_id 103 connected
I1102 19:08:51.649990 IO-0/EL  message_connection.cpp:269] FuncWorkerConnection[1-103]: Handshake done
I1102 19:08:51.650019 IO-0/EL  engine.cpp:277] Engine: Receive new handshake message from message connection
I1102 19:08:51.650026 IO-0/EL  worker_manager.cpp:60] WorkerManager: FuncWorker of func_id 1, client_id 104 connected
I1102 19:08:51.650046 IO-0/EL  message_connection.cpp:269] FuncWorkerConnection[1-104]: Handshake done
I1102 19:08:51.650067 IO-0/EL  engine.cpp:277] Engine: Receive new handshake message from message connection
I1102 19:08:51.650072 IO-0/EL  worker_manager.cpp:60] WorkerManager: FuncWorker of func_id 1, client_id 105 connected
I1102 19:08:51.650090 IO-0/EL  message_connection.cpp:269] FuncWorkerConnection[1-105]: Handshake done
I1102 19:08:51.650115 IO-0/EL  engine.cpp:277] Engine: Receive new handshake message from message connection
I1102 19:08:51.650120 IO-0/EL  worker_manager.cpp:60] WorkerManager: FuncWorker of func_id 1, client_id 106 connected
I1102 19:08:51.650156 IO-0/EL  message_connection.cpp:269] FuncWorkerConnection[1-106]: Handshake done
I1102 19:08:51.650174 IO-0/EL  engine.cpp:277] Engine: Receive new handshake message from message connection
I1102 19:08:51.650180 IO-0/EL  worker_manager.cpp:60] WorkerManager: FuncWorker of func_id 1, client_id 107 connected
I1102 19:08:51.650200 IO-0/EL  message_connection.cpp:269] FuncWorkerConnection[1-107]: Handshake done
I1102 19:08:51.650224 IO-0/EL  engine.cpp:277] Engine: Receive new handshake message from message connection
I1102 19:08:51.650230 IO-0/EL  worker_manager.cpp:60] WorkerManager: FuncWorker of func_id 1, client_id 108 connected
I1102 19:08:51.650251 IO-0/EL  message_connection.cpp:269] FuncWorkerConnection[1-108]: Handshake done
I1102 19:08:51.650269 IO-0/EL  engine.cpp:277] Engine: Receive new handshake message from message connection
I1102 19:08:51.650274 IO-0/EL  worker_manager.cpp:60] WorkerManager: FuncWorker of func_id 1, client_id 109 connected
I1102 19:08:51.650291 IO-0/EL  message_connection.cpp:269] FuncWorkerConnection[1-109]: Handshake done
I1102 19:08:51.650288 Server/E engine.cpp:674] Engine: New message connection
I1102 19:08:51.650319 IO-0/EL  engine.cpp:277] Engine: Receive new handshake message from message connection
I1102 19:08:51.650325 IO-0/EL  worker_manager.cpp:60] WorkerManager: FuncWorker of func_id 1, client_id 110 connected
I1102 19:08:51.650343 IO-0/EL  message_connection.cpp:269] FuncWorkerConnection[1-110]: Handshake done
I1102 19:08:51.650372 IO-0/EL  engine.cpp:277] Engine: Receive new handshake message from message connection
I1102 19:08:51.650377 IO-0/EL  worker_manager.cpp:60] WorkerManager: FuncWorker of func_id 1, client_id 111 connected
I1102 19:08:51.650394 IO-0/EL  message_connection.cpp:269] FuncWorkerConnection[1-111]: Handshake done
I1102 19:08:51.650420 IO-0/EL  engine.cpp:277] Engine: Receive new handshake message from message connection
I1102 19:08:51.650426 IO-0/EL  worker_manager.cpp:60] WorkerManager: FuncWorker of func_id 1, client_id 112 connected
I1102 19:08:51.650444 IO-0/EL  message_connection.cpp:269] FuncWorkerConnection[1-112]: Handshake done
I1102 19:08:51.650463 IO-0/EL  engine.cpp:277] Engine: Receive new handshake message from message connection
I1102 19:08:51.650468 IO-0/EL  worker_manager.cpp:60] WorkerManager: FuncWorker of func_id 1, client_id 113 connected
I1102 19:08:51.650508 IO-0/EL  message_connection.cpp:269] FuncWorkerConnection[1-113]: Handshake done
I1102 19:08:51.650535 IO-0/EL  engine.cpp:277] Engine: Receive new handshake message from message connection
I1102 19:08:51.650540 IO-0/EL  worker_manager.cpp:60] WorkerManager: FuncWorker of func_id 1, client_id 114 connected
I1102 19:08:51.650559 IO-0/EL  message_connection.cpp:269] FuncWorkerConnection[1-114]: Handshake done
I1102 19:08:51.650579 IO-0/EL  engine.cpp:277] Engine: Receive new handshake message from message connection
I1102 19:08:51.650585 IO-0/EL  worker_manager.cpp:60] WorkerManager: FuncWorker of func_id 1, client_id 115 connected
I1102 19:08:51.650603 IO-0/EL  message_connection.cpp:269] FuncWorkerConnection[1-115]: Handshake done
I1102 19:08:51.650622 IO-0/EL  engine.cpp:277] Engine: Receive new handshake message from message connection
I1102 19:08:51.650628 IO-0/EL  worker_manager.cpp:60] WorkerManager: FuncWorker of func_id 1, client_id 116 connected
I1102 19:08:51.650644 IO-0/EL  message_connection.cpp:269] FuncWorkerConnection[1-116]: Handshake done
I1102 19:08:51.650669 IO-0/EL  engine.cpp:277] Engine: Receive new handshake message from message connection
I1102 19:08:51.650674 IO-0/EL  worker_manager.cpp:60] WorkerManager: FuncWorker of func_id 1, client_id 117 connected
I1102 19:08:51.650692 IO-0/EL  message_connection.cpp:269] FuncWorkerConnection[1-117]: Handshake done
I1102 19:08:51.651082 Server/E engine.cpp:674] Engine: New message connection
I1102 19:08:51.651130 IO-0/EL  engine.cpp:277] Engine: Receive new handshake message from message connection
I1102 19:08:51.651159 IO-0/EL  worker_manager.cpp:60] WorkerManager: FuncWorker of func_id 1, client_id 118 connected
I1102 19:08:51.651178 IO-0/EL  message_connection.cpp:269] FuncWorkerConnection[1-118]: Handshake done
I1102 19:08:51.651906 Server/E engine.cpp:674] Engine: New message connection
I1102 19:08:51.651962 IO-0/EL  engine.cpp:277] Engine: Receive new handshake message from message connection
I1102 19:08:51.651971 IO-0/EL  worker_manager.cpp:60] WorkerManager: FuncWorker of func_id 1, client_id 119 connected
I1102 19:08:51.651996 IO-0/EL  message_connection.cpp:269] FuncWorkerConnection[1-119]: Handshake done
I1102 19:08:51.663665 Server/E engine.cpp:674] Engine: New message connection
I1102 19:08:51.663721 IO-0/EL  engine.cpp:277] Engine: Receive new handshake message from message connection
I1102 19:08:51.663730 IO-0/EL  worker_manager.cpp:60] WorkerManager: FuncWorker of func_id 1, client_id 121 connected
I1102 19:08:51.663750 IO-0/EL  message_connection.cpp:269] FuncWorkerConnection[1-121]: Handshake done
I1102 19:08:51.663986 Server/E engine.cpp:674] Engine: New message connection
I1102 19:08:51.664023 IO-0/EL  engine.cpp:277] Engine: Receive new handshake message from message connection
I1102 19:08:51.664029 IO-0/EL  worker_manager.cpp:60] WorkerManager: FuncWorker of func_id 1, client_id 122 connected
I1102 19:08:51.664047 IO-0/EL  message_connection.cpp:269] FuncWorkerConnection[1-122]: Handshake done
I1102 19:08:51.664590 Server/E engine.cpp:674] Engine: New message connection
I1102 19:08:51.664623 Server/E engine.cpp:674] Engine: New message connection
I1102 19:08:51.664631 IO-0/EL  engine.cpp:277] Engine: Receive new handshake message from message connection
I1102 19:08:51.664637 IO-0/EL  worker_manager.cpp:60] WorkerManager: FuncWorker of func_id 1, client_id 120 connected
I1102 19:08:51.664661 IO-0/EL  message_connection.cpp:269] FuncWorkerConnection[1-120]: Handshake done
I1102 19:08:51.664678 IO-0/EL  engine.cpp:277] Engine: Receive new handshake message from message connection
I1102 19:08:51.664684 IO-0/EL  worker_manager.cpp:60] WorkerManager: FuncWorker of func_id 1, client_id 123 connected
I1102 19:08:51.664701 IO-0/EL  message_connection.cpp:269] FuncWorkerConnection[1-123]: Handshake done
I1102 19:08:51.664949 Server/E engine.cpp:674] Engine: New message connection
I1102 19:08:51.664992 IO-0/EL  engine.cpp:277] Engine: Receive new handshake message from message connection
I1102 19:08:51.664998 IO-0/EL  worker_manager.cpp:60] WorkerManager: FuncWorker of func_id 1, client_id 124 connected
I1102 19:08:51.665018 IO-0/EL  message_connection.cpp:269] FuncWorkerConnection[1-124]: Handshake done
I1102 19:08:51.665435 Server/E engine.cpp:674] Engine: New message connection
I1102 19:08:51.665474 IO-0/EL  engine.cpp:277] Engine: Receive new handshake message from message connection
I1102 19:08:51.665480 IO-0/EL  worker_manager.cpp:60] WorkerManager: FuncWorker of func_id 1, client_id 125 connected
I1102 19:08:51.665497 IO-0/EL  message_connection.cpp:269] FuncWorkerConnection[1-125]: Handshake done
I1102 19:08:51.665960 Server/E engine.cpp:674] Engine: New message connection
I1102 19:08:51.665995 IO-0/EL  engine.cpp:277] Engine: Receive new handshake message from message connection
I1102 19:08:51.666001 IO-0/EL  worker_manager.cpp:60] WorkerManager: FuncWorker of func_id 1, client_id 126 connected
I1102 19:08:51.666019 IO-0/EL  message_connection.cpp:269] FuncWorkerConnection[1-126]: Handshake done
I1102 19:08:51.666476 Server/E engine.cpp:674] Engine: New message connection
I1102 19:08:51.666498 IO-0/EL  engine.cpp:277] Engine: Receive new handshake message from message connection
I1102 19:08:51.666504 IO-0/EL  worker_manager.cpp:60] WorkerManager: FuncWorker of func_id 1, client_id 127 connected
I1102 19:08:51.666521 IO-0/EL  message_connection.cpp:269] FuncWorkerConnection[1-127]: Handshake done
I1102 19:08:51.667207 Server/E engine.cpp:674] Engine: New message connection
I1102 19:08:51.667239 IO-0/EL  engine.cpp:277] Engine: Receive new handshake message from message connection
I1102 19:08:51.667246 IO-0/EL  worker_manager.cpp:60] WorkerManager: FuncWorker of func_id 1, client_id 128 connected
I1102 19:08:51.667276 IO-0/EL  message_connection.cpp:269] FuncWorkerConnection[1-128]: Handshake done
I1102 19:08:54.481734 IO-0/EL  buffer_pool.h:25] BufferPool[IO-0_Write]: Allocate new buffer, current buffer count is 3
I1102 19:08:54.481757 IO-0/EL  buffer_pool.h:25] BufferPool[IO-0_Write]: Allocate new buffer, current buffer count is 4
I1102 19:08:55.479929 IO-0/EL  buffer_pool.h:25] BufferPool[IO-0_Write]: Allocate new buffer, current buffer count is 5
I1102 19:08:55.479955 IO-0/EL  buffer_pool.h:25] BufferPool[IO-0_Write]: Allocate new buffer, current buffer count is 6
I1102 19:08:55.479963 IO-0/EL  buffer_pool.h:25] BufferPool[IO-0_Write]: Allocate new buffer, current buffer count is 7
I1102 19:08:56.561974 IO-0/EL  buffer_pool.h:25] BufferPool[IO-0_Write]: Allocate new buffer, current buffer count is 8
I1102 19:08:56.561993 IO-0/EL  buffer_pool.h:25] BufferPool[IO-0_Write]: Allocate new buffer, current buffer count is 9
I1102 19:08:56.562001 IO-0/EL  buffer_pool.h:25] BufferPool[IO-0_Write]: Allocate new buffer, current buffer count is 10
I1102 19:08:58.725813 IO-0/EL  buffer_pool.h:25] BufferPool[IO-0_Write]: Allocate new buffer, current buffer count is 11
I1102 19:08:58.725832 IO-0/EL  buffer_pool.h:25] BufferPool[IO-0_Write]: Allocate new buffer, current buffer count is 12
I1102 19:08:58.725841 IO-0/EL  buffer_pool.h:25] BufferPool[IO-0_Write]: Allocate new buffer, current buffer count is 13
I1102 19:08:58.725854 IO-0/EL  buffer_pool.h:25] BufferPool[IO-0_Write]: Allocate new buffer, current buffer count is 14
I1102 19:08:58.725863 IO-0/EL  buffer_pool.h:25] BufferPool[IO-0_Write]: Allocate new buffer, current buffer count is 15
I1102 19:08:58.725875 IO-0/EL  buffer_pool.h:25] BufferPool[IO-0_Write]: Allocate new buffer, current buffer count is 16
I1102 19:08:58.725884 IO-0/EL  buffer_pool.h:25] BufferPool[IO-0_Write]: Allocate new buffer, current buffer count is 17
I1102 19:08:58.725894 IO-0/EL  buffer_pool.h:25] BufferPool[IO-0_Write]: Allocate new buffer, current buffer count is 18
I1102 19:08:58.725906 IO-0/EL  buffer_pool.h:25] BufferPool[IO-0_Write]: Allocate new buffer, current buffer count is 19
I1102 19:08:58.725916 IO-0/EL  buffer_pool.h:25] BufferPool[IO-0_Write]: Allocate new buffer, current buffer count is 20
I1102 19:08:58.725927 IO-0/EL  buffer_pool.h:25] BufferPool[IO-0_Write]: Allocate new buffer, current buffer count is 21
I1102 19:08:59.420202 Main     server_base.cpp:35] Server: Scheduled to stop
I1102 19:08:59.420379 Server/E server_base.cpp:109] Server: Start stopping process
I1102 19:08:59.420419 IO-0/EL  io_worker.cpp:206] IO-0: Start stopping process
I1102 19:08:59.420452 Server/E server_base.cpp:55] Server: Event loop finishes
