I1102 18:07:39.479792 Main     thread.cpp:100] Register main thread: tid=1370317
E1102 18:07:39.479930 Main     docker.cpp:59] Cannot find docker's cgroup in /proc/self/cgroup
I1102 18:07:39.483187 Launcher thread.cpp:40] Start thread: Launcher/EL
I1102 18:07:39.483241 Launcher thread.cpp:64] Does not find cpuset setting for IO threads (can be set by FAAS_IO_THREAD_CPUSET)
I1102 18:07:39.483247 Launcher thread.cpp:82] Does not find nice setting for IO threads (can be set by FAAS_IO_THREAD_NICE)
I1102 18:07:39.483251 Launcher launcher.cpp:96] Launcher: Event loop starts
I1102 18:07:39.483270 Launcher engine_connection.cpp:93] EngineConnection: Connected to engine, start writing handshake message
I1102 18:07:39.483526 Launcher buffer_pool.h:25] BufferPool[Launcher]: Allocate new buffer, current buffer count is 1
I1102 18:07:39.483552 Launcher func_config.cpp:135] Load configuration for function Noop[1]
I1102 18:07:39.483563 Launcher engine_connection.cpp:65] EngineConnection: Handshake done
W1102 18:07:39.495050 Launcher engine_connection.cpp:166] EngineConnection: nread=0, will do nothing
I1102 18:07:47.421956 Main     launcher.cpp:44] Launcher: Scheduled to stop
E1102 18:07:47.422253 Launcher launcher.cpp:72] Launcher: Connection to engine disconnected
I1102 18:07:47.422300 Launcher launcher.cpp:44] Launcher: Scheduled to stop
W1102 18:07:47.422665 Launcher launcher.cpp:87] Launcher: Function process 10 terminated
W1102 18:07:47.422677 Launcher launcher.cpp:87] Launcher: Function process 6 terminated
W1102 18:07:47.422919 Launcher launcher.cpp:87] Launcher: Function process 15 terminated
W1102 18:07:47.422930 Launcher launcher.cpp:87] Launcher: Function process 2 terminated
W1102 18:07:47.422935 Launcher launcher.cpp:87] Launcher: Function process 0 terminated
W1102 18:07:47.422940 Launcher launcher.cpp:87] Launcher: Function process 8 terminated
W1102 18:07:47.422944 Launcher launcher.cpp:87] Launcher: Function process 7 terminated
W1102 18:07:47.422949 Launcher launcher.cpp:87] Launcher: Function process 5 terminated
W1102 18:07:47.423038 Launcher launcher.cpp:87] Launcher: Function process 14 terminated
W1102 18:07:47.423045 Launcher launcher.cpp:87] Launcher: Function process 12 terminated
W1102 18:07:47.423219 Launcher launcher.cpp:87] Launcher: Function process 13 terminated
W1102 18:07:47.423226 Launcher launcher.cpp:87] Launcher: Function process 11 terminated
W1102 18:07:47.423231 Launcher launcher.cpp:87] Launcher: Function process 9 terminated
W1102 18:07:47.423236 Launcher launcher.cpp:87] Launcher: Function process 4 terminated
W1102 18:07:47.423240 Launcher launcher.cpp:87] Launcher: Function process 1 terminated
W1102 18:07:47.423281 Launcher launcher.cpp:87] Launcher: Function process 3 terminated
I1102 18:07:47.423287 Launcher launcher.cpp:101] Launcher: Event loop finishes
I1102 18:07:47.423338 Main     launcher.cpp:68] Launcher: Stopped
