$ /users/vj2267/nightcore/benchmarks/run_bench.sh --duration 5 --workers 1 --remote vj2267@sm110p-10s10615.wisc.cloudlab.us --remote_addr 10.10.1.2 --machnet --local_machnet_ip 10.10.1.1 --mode hyperlight --target_rps 90000

=== Nightcore Stress Test (hyperlight mode) ===
Mode: hyperlight
Function: Echo
Workers: 1
Duration: 5 seconds
Target RPS (global): 90000
Input size: 64 bytes
Inflight limit per connection: 1
Engine IO workers: 1
Gateway conns per worker: 1
Warmup: 0 seconds
Stress Client: Remote (vj2267@sm110p-10s10615.wisc.cloudlab.us)
Engine Connection Address: 10.10.1.2 (explicit)
Transport: Machnet
  Remote Machnet IP: 10.10.1.2
  Local Machnet IP: 10.10.1.1

Cleaning up any existing stress_client on remote...
Starting stress_client on remote host vj2267@sm110p-10s10615.wisc.cloudlab.us...
  Remote SSH process PID: 1385367
  Output will be saved to: /users/vj2267/nightcore/benchmarks/outputs/stress_client_remote.txt
Waiting for remote stress_client to start...
I1102 18:34:46.778672 Main     thread.cpp:100] Register main thread: tid=1145528
I1102 18:34:46.778745 Main     stress_client.cpp:179] Using Machnet transport on 10.10.1.2:10007
I1102 18:34:46.778750 Main     stress_client_machnet.cpp:37] Starting Machnet event-loop thread...
[Loop Thread 128951842240192] Machnet event-loop thread started
I1102 18:34:46.781992 Server/E thread.cpp:40] Start thread: Server/EL
I1102 18:34:46.782039 Server/E server_base.cpp:50] Server: Event loop starts
I1102 18:34:47.282072 Main     stress_client.cpp:43] === Nightcore Stress Test ===
I1102 18:34:47.282091 Main     stress_client.cpp:44] Function ID: 1
I1102 18:34:47.282094 Main     stress_client.cpp:45] Method ID: 0
I1102 18:34:47.282096 Main     stress_client.cpp:46] Input size: 64 bytes
I1102 18:34:47.282097 Main     stress_client.cpp:47] Global target RPS: 90000
I1102 18:34:47.282099 Main     stress_client.cpp:50] Inflight limit per connection: 1
I1102 18:34:47.282101 Main     stress_client.cpp:51] Warmup: 0s, Duration: 5s
I1102 18:34:47.282103 Main     stress_client.cpp:53] 
I1102 18:34:47.282104 Main     stress_client.cpp:54] ========================================
I1102 18:34:47.282106 Main     stress_client.cpp:57] Waiting for Engine to connect...
Checking for file descriptor...
Got a file descriptor!
Listening on Machnet 10.10.1.2:10007 for Engine connections[Loop Thread 128951842240192] Machnet listener created
Starting Engine (connecting to 10.10.1.2:10007)...
  Engine PID: 1385402
New Machnet connection created: 168427777:1024 -> 168427778:10007
[Receive Thread 128951842240192] Handshake: pinned send flow 168427778:10007 -> 168427777:1024
[Loop Thread 128951842240192] Now sending on flow 168427778:10007 -> 168427777:1024
I1102 18:34:51.385781 Main     stress_client.cpp:71] Engine connected with 1 connection(s)
I1102 18:34:51.385816 Main     stress_client.cpp:73] Global target RPS: 90000
I1102 18:34:51.385823 Main     stress_client.cpp:76] 
I1102 18:34:51.385827 Main     stress_client.cpp:79] Waiting 3 seconds for workers to initialize...
Starting Launcher with 1 workers...
All components started. Stress test will begin after warmup...

I1102 18:34:55.390324 Main     stress_common.cpp:30] [T+1s] Sent: 90923 | Completed: 45664 | Failed: 0 | Latencies: 45664
I1102 18:34:56.391714 Main     stress_common.cpp:30] [T+2s] Sent: 181856 | Completed: 103697 | Failed: 0 | Latencies: 103697
I1102 18:34:57.392763 Main     stress_common.cpp:30] [T+3s] Sent: 272769 | Completed: 165185 | Failed: 0 | Latencies: 165185
I1102 18:34:58.393911 Main     stress_common.cpp:30] [T+4s] Sent: 363677 | Completed: 234462 | Failed: 0 | Latencies: 234462
I1102 18:34:59.395319 Main     stress_common.cpp:30] [T+5s] Sent: 453855 | Completed: 305441 | Failed: 0 | Latencies: 305441
I1102 18:34:59.395357 Main     stress_client.cpp:116] 
I1102 18:34:59.395851 Main     stress_common.cpp:42] ========================================
I1102 18:34:59.395858 Main     stress_common.cpp:43] === Stress Test Results ===
I1102 18:34:59.395863 Main     stress_common.cpp:44] ========================================
I1102 18:34:59.395868 Main     stress_common.cpp:45] Transport:         Machnet
I1102 18:34:59.395874 Main     stress_common.cpp:46] Connections:       1
I1102 18:34:59.395880 Main     stress_common.cpp:47] Duration:          5.01 seconds
I1102 18:34:59.395905 Main     stress_common.cpp:48] Total Sent:        453855
I1102 18:34:59.395910 Main     stress_common.cpp:49] Total Completed:   305540 (67.32%)
I1102 18:34:59.395917 Main     stress_common.cpp:52] Total Failed:      0 (0.00%)
I1102 18:34:59.395923 Main     stress_common.cpp:55] 
I1102 18:34:59.395928 Main     stress_common.cpp:56] Throughput:        61038.6 rps
I1102 18:34:59.395934 Main     stress_common.cpp:57] 
I1102 18:34:59.413316 Main     stress_common.cpp:71] Latency (us):
I1102 18:34:59.413328 Main     stress_common.cpp:72]   Min:    375
I1102 18:34:59.413335 Main     stress_common.cpp:73]   p50:    1081450
I1102 18:34:59.413341 Main     stress_common.cpp:74]   p90:    1543935
I1102 18:34:59.413346 Main     stress_common.cpp:75]   p99:    1632860
I1102 18:34:59.413351 Main     stress_common.cpp:76]   p99.9:  1641171
I1102 18:34:59.413355 Main     stress_common.cpp:77]   Max:    1643072
I1102 18:34:59.413360 Main     stress_common.cpp:82] ========================================
I1102 18:34:59.413366 Main     server_base.cpp:35] Server: Scheduled to stop
I1102 18:34:59.413488 Server/E server_base.cpp:109] Server: Start stopping process
[Loop Thread 128951842240192] Machnet event-loop thread finished
I1102 18:34:59.413577 Server/E server_base.cpp:55] Server: Event loop finishes
I1102 18:34:59.413682 Main     server_base.cpp:46] Server: Stopped

Stress test completed. Shutting down...

Copying results from remote host...
Remote stress_client output:
I1102 18:34:46.778672 Main     thread.cpp:100] Register main thread: tid=1145528
I1102 18:34:46.778745 Main     stress_client.cpp:179] Using Machnet transport on 10.10.1.2:10007
I1102 18:34:46.778750 Main     stress_client_machnet.cpp:37] Starting Machnet event-loop thread...
[Loop Thread 128951842240192] Machnet event-loop thread started
I1102 18:34:46.781992 Server/E thread.cpp:40] Start thread: Server/EL
I1102 18:34:46.782039 Server/E server_base.cpp:50] Server: Event loop starts
I1102 18:34:47.282072 Main     stress_client.cpp:43] === Nightcore Stress Test ===
I1102 18:34:47.282091 Main     stress_client.cpp:44] Function ID: 1
I1102 18:34:47.282094 Main     stress_client.cpp:45] Method ID: 0
I1102 18:34:47.282096 Main     stress_client.cpp:46] Input size: 64 bytes
I1102 18:34:47.282097 Main     stress_client.cpp:47] Global target RPS: 90000
I1102 18:34:47.282099 Main     stress_client.cpp:50] Inflight limit per connection: 1
I1102 18:34:47.282101 Main     stress_client.cpp:51] Warmup: 0s, Duration: 5s
I1102 18:34:47.282103 Main     stress_client.cpp:53] 
I1102 18:34:47.282104 Main     stress_client.cpp:54] ========================================
I1102 18:34:47.282106 Main     stress_client.cpp:57] Waiting for Engine to connect...
Checking for file descriptor...
Got a file descriptor!
Listening on Machnet 10.10.1.2:10007 for Engine connections[Loop Thread 128951842240192] Machnet listener created
New Machnet connection created: 168427777:1024 -> 168427778:10007
[Receive Thread 128951842240192] Handshake: pinned send flow 168427778:10007 -> 168427777:1024
[Loop Thread 128951842240192] Now sending on flow 168427778:10007 -> 168427777:1024
I1102 18:34:51.385781 Main     stress_client.cpp:71] Engine connected with 1 connection(s)
I1102 18:34:51.385816 Main     stress_client.cpp:73] Global target RPS: 90000
I1102 18:34:51.385823 Main     stress_client.cpp:76] 
I1102 18:34:51.385827 Main     stress_client.cpp:79] Waiting 3 seconds for workers to initialize...
I1102 18:34:55.390324 Main     stress_common.cpp:30] [T+1s] Sent: 90923 | Completed: 45664 | Failed: 0 | Latencies: 45664
I1102 18:34:56.391714 Main     stress_common.cpp:30] [T+2s] Sent: 181856 | Completed: 103697 | Failed: 0 | Latencies: 103697
I1102 18:34:57.392763 Main     stress_common.cpp:30] [T+3s] Sent: 272769 | Completed: 165185 | Failed: 0 | Latencies: 165185
I1102 18:34:58.393911 Main     stress_common.cpp:30] [T+4s] Sent: 363677 | Completed: 234462 | Failed: 0 | Latencies: 234462
I1102 18:34:59.395319 Main     stress_common.cpp:30] [T+5s] Sent: 453855 | Completed: 305441 | Failed: 0 | Latencies: 305441
I1102 18:34:59.395357 Main     stress_client.cpp:116] 
I1102 18:34:59.395851 Main     stress_common.cpp:42] ========================================
I1102 18:34:59.395858 Main     stress_common.cpp:43] === Stress Test Results ===
I1102 18:34:59.395863 Main     stress_common.cpp:44] ========================================
I1102 18:34:59.395868 Main     stress_common.cpp:45] Transport:         Machnet
I1102 18:34:59.395874 Main     stress_common.cpp:46] Connections:       1
I1102 18:34:59.395880 Main     stress_common.cpp:47] Duration:          5.01 seconds
I1102 18:34:59.395905 Main     stress_common.cpp:48] Total Sent:        453855
I1102 18:34:59.395910 Main     stress_common.cpp:49] Total Completed:   305540 (67.32%)
I1102 18:34:59.395917 Main     stress_common.cpp:52] Total Failed:      0 (0.00%)
I1102 18:34:59.395923 Main     stress_common.cpp:55] 
I1102 18:34:59.395928 Main     stress_common.cpp:56] Throughput:        61038.6 rps
I1102 18:34:59.395934 Main     stress_common.cpp:57] 
I1102 18:34:59.413316 Main     stress_common.cpp:71] Latency (us):
I1102 18:34:59.413328 Main     stress_common.cpp:72]   Min:    375
I1102 18:34:59.413335 Main     stress_common.cpp:73]   p50:    1081450
I1102 18:34:59.413341 Main     stress_common.cpp:74]   p90:    1543935
I1102 18:34:59.413346 Main     stress_common.cpp:75]   p99:    1632860
I1102 18:34:59.413351 Main     stress_common.cpp:76]   p99.9:  1641171
I1102 18:34:59.413355 Main     stress_common.cpp:77]   Max:    1643072
I1102 18:34:59.413360 Main     stress_common.cpp:82] ========================================
I1102 18:34:59.413366 Main     server_base.cpp:35] Server: Scheduled to stop
I1102 18:34:59.413488 Server/E server_base.cpp:109] Server: Start stopping process
[Loop Thread 128951842240192] Machnet event-loop thread finished
I1102 18:34:59.413577 Server/E server_base.cpp:55] Server: Event loop finishes
I1102 18:34:59.413682 Main     server_base.cpp:46] Server: Stopped

Cleaning up any remaining remote stress_client processes...

Logs saved to:
  Engine:   /users/vj2267/nightcore/benchmarks/outputs/engine.log
  Launcher: /users/vj2267/nightcore/benchmarks/outputs/launcher.log
  Workers:  /users/vj2267/nightcore/benchmarks/outputs/Echo_worker_*.stdout
