I1102 18:13:17.531196 Main     thread.cpp:100] Register main thread: tid=1372023
E1102 18:13:17.531657 Main     docker.cpp:59] Cannot find docker's cgroup in /proc/self/cgroup
I1102 18:13:17.531725 Main     func_config.cpp:135] Load configuration for function Noop[1]
I1102 18:13:17.531737 Main     engine.cpp:109] Engine: Start 1 IO workers
I1102 18:13:17.534986 IO-0/EL  thread.cpp:40] Start thread: IO-0/EL
I1102 18:13:17.535034 IO-0/EL  io_worker.cpp:192] IO-0: Event loop starts
Checking for file descriptor...
Got a file descriptor!
I1102 18:13:19.354605 Main     engine.cpp:180] Engine: Created 1 Machnet connections to Gateway at 10.10.1.2:10007
I1102 18:13:19.354678 Main     engine.cpp:208] Engine: Listen on /dev/shm/faas_ipc/engine.sock for IPC connections
I1102 18:13:19.354836 Server/E thread.cpp:40] Start thread: Server/EL
I1102 18:13:19.354988 Server/E server_base.cpp:50] Server: Event loop starts
I1102 18:13:19.532832 Server/E engine.cpp:674] Engine: New message connection
I1102 18:13:19.536084 IO-0/EL  buffer_pool.h:25] BufferPool[IO-0_Read]: Allocate new buffer, current buffer count is 1
I1102 18:13:19.536119 IO-0/EL  engine.cpp:277] Engine: Receive new handshake message from message connection
I1102 18:13:19.536125 IO-0/EL  worker_manager.cpp:23] WorkerManager: Launcher of func_id 1 connected
I1102 18:13:19.536129 IO-0/EL  worker_manager.cpp:131] WorkerManager: Request new FuncWorker for func_id 1 with client_id 1
I1102 18:13:19.536149 IO-0/EL  worker_manager.cpp:131] WorkerManager: Request new FuncWorker for func_id 1 with client_id 2
I1102 18:13:19.536161 IO-0/EL  worker_manager.cpp:131] WorkerManager: Request new FuncWorker for func_id 1 with client_id 3
I1102 18:13:19.536171 IO-0/EL  worker_manager.cpp:131] WorkerManager: Request new FuncWorker for func_id 1 with client_id 4
I1102 18:13:19.536180 IO-0/EL  worker_manager.cpp:131] WorkerManager: Request new FuncWorker for func_id 1 with client_id 5
I1102 18:13:19.536188 IO-0/EL  worker_manager.cpp:131] WorkerManager: Request new FuncWorker for func_id 1 with client_id 6
I1102 18:13:19.536199 IO-0/EL  worker_manager.cpp:131] WorkerManager: Request new FuncWorker for func_id 1 with client_id 7
I1102 18:13:19.536209 IO-0/EL  worker_manager.cpp:131] WorkerManager: Request new FuncWorker for func_id 1 with client_id 8
I1102 18:13:19.536221 IO-0/EL  worker_manager.cpp:131] WorkerManager: Request new FuncWorker for func_id 1 with client_id 9
I1102 18:13:19.536230 IO-0/EL  worker_manager.cpp:131] WorkerManager: Request new FuncWorker for func_id 1 with client_id 10
I1102 18:13:19.536241 IO-0/EL  worker_manager.cpp:131] WorkerManager: Request new FuncWorker for func_id 1 with client_id 11
I1102 18:13:19.536251 IO-0/EL  worker_manager.cpp:131] WorkerManager: Request new FuncWorker for func_id 1 with client_id 12
I1102 18:13:19.536263 IO-0/EL  worker_manager.cpp:131] WorkerManager: Request new FuncWorker for func_id 1 with client_id 13
I1102 18:13:19.536272 IO-0/EL  worker_manager.cpp:131] WorkerManager: Request new FuncWorker for func_id 1 with client_id 14
I1102 18:13:19.536282 IO-0/EL  worker_manager.cpp:131] WorkerManager: Request new FuncWorker for func_id 1 with client_id 15
I1102 18:13:19.536292 IO-0/EL  worker_manager.cpp:131] WorkerManager: Request new FuncWorker for func_id 1 with client_id 16
I1102 18:13:19.536302 IO-0/EL  worker_manager.cpp:131] WorkerManager: Request new FuncWorker for func_id 1 with client_id 17
I1102 18:13:19.536322 IO-0/EL  worker_manager.cpp:131] WorkerManager: Request new FuncWorker for func_id 1 with client_id 18
I1102 18:13:19.536331 IO-0/EL  worker_manager.cpp:131] WorkerManager: Request new FuncWorker for func_id 1 with client_id 19
I1102 18:13:19.536343 IO-0/EL  worker_manager.cpp:131] WorkerManager: Request new FuncWorker for func_id 1 with client_id 20
I1102 18:13:19.536353 IO-0/EL  worker_manager.cpp:131] WorkerManager: Request new FuncWorker for func_id 1 with client_id 21
I1102 18:13:19.536363 IO-0/EL  worker_manager.cpp:131] WorkerManager: Request new FuncWorker for func_id 1 with client_id 22
I1102 18:13:19.536372 IO-0/EL  worker_manager.cpp:131] WorkerManager: Request new FuncWorker for func_id 1 with client_id 23
I1102 18:13:19.536399 IO-0/EL  worker_manager.cpp:131] WorkerManager: Request new FuncWorker for func_id 1 with client_id 24
I1102 18:13:19.536409 IO-0/EL  worker_manager.cpp:131] WorkerManager: Request new FuncWorker for func_id 1 with client_id 25
I1102 18:13:19.536418 IO-0/EL  worker_manager.cpp:131] WorkerManager: Request new FuncWorker for func_id 1 with client_id 26
I1102 18:13:19.536427 IO-0/EL  worker_manager.cpp:131] WorkerManager: Request new FuncWorker for func_id 1 with client_id 27
I1102 18:13:19.536441 IO-0/EL  worker_manager.cpp:131] WorkerManager: Request new FuncWorker for func_id 1 with client_id 28
I1102 18:13:19.536451 IO-0/EL  worker_manager.cpp:131] WorkerManager: Request new FuncWorker for func_id 1 with client_id 29
I1102 18:13:19.536461 IO-0/EL  worker_manager.cpp:131] WorkerManager: Request new FuncWorker for func_id 1 with client_id 30
I1102 18:13:19.536471 IO-0/EL  worker_manager.cpp:131] WorkerManager: Request new FuncWorker for func_id 1 with client_id 31
I1102 18:13:19.536481 IO-0/EL  worker_manager.cpp:131] WorkerManager: Request new FuncWorker for func_id 1 with client_id 32
I1102 18:13:19.536529 IO-0/EL  buffer_pool.h:25] BufferPool[IO-0_Write]: Allocate new buffer, current buffer count is 1
I1102 18:13:19.536559 IO-0/EL  message_connection.cpp:269] LauncherConnection[1]: Handshake done
I1102 18:13:19.540448 Server/E engine.cpp:674] Engine: New message connection
I1102 18:13:19.540509 IO-0/EL  engine.cpp:277] Engine: Receive new handshake message from message connection
I1102 18:13:19.540515 IO-0/EL  worker_manager.cpp:60] WorkerManager: FuncWorker of func_id 1, client_id 1 connected
I1102 18:13:19.540527 IO-0/EL  dispatcher.cpp:47] Dispatcher[1]: min_workers=32
I1102 18:13:19.540531 IO-0/EL  dispatcher.cpp:51] Dispatcher[1]: max_workers=32
I1102 18:13:19.540553 IO-0/EL  message_connection.cpp:269] FuncWorkerConnection[1-1]: Handshake done
I1102 18:13:19.541257 Server/E engine.cpp:674] Engine: New message connection
I1102 18:13:19.541283 IO-0/EL  engine.cpp:277] Engine: Receive new handshake message from message connection
I1102 18:13:19.541289 IO-0/EL  worker_manager.cpp:60] WorkerManager: FuncWorker of func_id 1, client_id 2 connected
I1102 18:13:19.541304 IO-0/EL  message_connection.cpp:269] FuncWorkerConnection[1-2]: Handshake done
I1102 18:13:19.543385 Server/E engine.cpp:674] Engine: New message connection
I1102 18:13:19.543437 IO-0/EL  engine.cpp:277] Engine: Receive new handshake message from message connection
I1102 18:13:19.543442 IO-0/EL  worker_manager.cpp:60] WorkerManager: FuncWorker of func_id 1, client_id 3 connected
I1102 18:13:19.543458 IO-0/EL  message_connection.cpp:269] FuncWorkerConnection[1-3]: Handshake done
I1102 18:13:19.543466 Server/E engine.cpp:674] Engine: New message connection
I1102 18:13:19.543506 IO-0/EL  engine.cpp:277] Engine: Receive new handshake message from message connection
I1102 18:13:19.543511 IO-0/EL  worker_manager.cpp:60] WorkerManager: FuncWorker of func_id 1, client_id 4 connected
I1102 18:13:19.543524 IO-0/EL  message_connection.cpp:269] FuncWorkerConnection[1-4]: Handshake done
I1102 18:13:19.544086 Server/E engine.cpp:674] Engine: New message connection
I1102 18:13:19.544111 IO-0/EL  engine.cpp:277] Engine: Receive new handshake message from message connection
I1102 18:13:19.544116 IO-0/EL  worker_manager.cpp:60] WorkerManager: FuncWorker of func_id 1, client_id 5 connected
I1102 18:13:19.544129 IO-0/EL  message_connection.cpp:269] FuncWorkerConnection[1-5]: Handshake done
I1102 18:13:19.545147 Server/E engine.cpp:674] Engine: New message connection
I1102 18:13:19.545187 IO-0/EL  engine.cpp:277] Engine: Receive new handshake message from message connection
I1102 18:13:19.545195 IO-0/EL  worker_manager.cpp:60] WorkerManager: FuncWorker of func_id 1, client_id 6 connected
I1102 18:13:19.545211 IO-0/EL  message_connection.cpp:269] FuncWorkerConnection[1-6]: Handshake done
I1102 18:13:19.545567 Server/E engine.cpp:674] Engine: New message connection
I1102 18:13:19.545619 IO-0/EL  engine.cpp:277] Engine: Receive new handshake message from message connection
I1102 18:13:19.545623 IO-0/EL  worker_manager.cpp:60] WorkerManager: FuncWorker of func_id 1, client_id 7 connected
I1102 18:13:19.545636 IO-0/EL  message_connection.cpp:269] FuncWorkerConnection[1-7]: Handshake done
I1102 18:13:19.546991 Server/E engine.cpp:674] Engine: New message connection
I1102 18:13:19.547034 IO-0/EL  engine.cpp:277] Engine: Receive new handshake message from message connection
I1102 18:13:19.547039 IO-0/EL  worker_manager.cpp:60] WorkerManager: FuncWorker of func_id 1, client_id 8 connected
I1102 18:13:19.547053 IO-0/EL  message_connection.cpp:269] FuncWorkerConnection[1-8]: Handshake done
I1102 18:13:19.547385 Server/E engine.cpp:674] Engine: New message connection
I1102 18:13:19.547421 IO-0/EL  engine.cpp:277] Engine: Receive new handshake message from message connection
I1102 18:13:19.547426 IO-0/EL  worker_manager.cpp:60] WorkerManager: FuncWorker of func_id 1, client_id 9 connected
I1102 18:13:19.547438 IO-0/EL  message_connection.cpp:269] FuncWorkerConnection[1-9]: Handshake done
I1102 18:13:19.548032 Server/E engine.cpp:674] Engine: New message connection
I1102 18:13:19.548070 IO-0/EL  engine.cpp:277] Engine: Receive new handshake message from message connection
I1102 18:13:19.548075 IO-0/EL  worker_manager.cpp:60] WorkerManager: FuncWorker of func_id 1, client_id 10 connected
I1102 18:13:19.548088 IO-0/EL  message_connection.cpp:269] FuncWorkerConnection[1-10]: Handshake done
I1102 18:13:19.549351 Server/E engine.cpp:674] Engine: New message connection
I1102 18:13:19.549394 IO-0/EL  engine.cpp:277] Engine: Receive new handshake message from message connection
I1102 18:13:19.549399 IO-0/EL  worker_manager.cpp:60] WorkerManager: FuncWorker of func_id 1, client_id 11 connected
I1102 18:13:19.549412 IO-0/EL  message_connection.cpp:269] FuncWorkerConnection[1-11]: Handshake done
I1102 18:13:19.549502 Server/E engine.cpp:674] Engine: New message connection
I1102 18:13:19.549535 IO-0/EL  engine.cpp:277] Engine: Receive new handshake message from message connection
I1102 18:13:19.549539 IO-0/EL  worker_manager.cpp:60] WorkerManager: FuncWorker of func_id 1, client_id 12 connected
I1102 18:13:19.549552 IO-0/EL  message_connection.cpp:269] FuncWorkerConnection[1-12]: Handshake done
I1102 18:13:19.549701 Server/E engine.cpp:674] Engine: New message connection
I1102 18:13:19.549734 IO-0/EL  engine.cpp:277] Engine: Receive new handshake message from message connection
I1102 18:13:19.549740 IO-0/EL  worker_manager.cpp:60] WorkerManager: FuncWorker of func_id 1, client_id 13 connected
I1102 18:13:19.549753 IO-0/EL  message_connection.cpp:269] FuncWorkerConnection[1-13]: Handshake done
I1102 18:13:19.550163 Server/E engine.cpp:674] Engine: New message connection
I1102 18:13:19.550197 IO-0/EL  engine.cpp:277] Engine: Receive new handshake message from message connection
I1102 18:13:19.550202 IO-0/EL  worker_manager.cpp:60] WorkerManager: FuncWorker of func_id 1, client_id 14 connected
I1102 18:13:19.550225 IO-0/EL  message_connection.cpp:269] FuncWorkerConnection[1-14]: Handshake done
I1102 18:13:19.550721 Server/E engine.cpp:674] Engine: New message connection
I1102 18:13:19.550762 IO-0/EL  engine.cpp:277] Engine: Receive new handshake message from message connection
I1102 18:13:19.550767 IO-0/EL  worker_manager.cpp:60] WorkerManager: FuncWorker of func_id 1, client_id 15 connected
I1102 18:13:19.550781 IO-0/EL  message_connection.cpp:269] FuncWorkerConnection[1-15]: Handshake done
I1102 18:13:19.551551 Server/E engine.cpp:674] Engine: New message connection
I1102 18:13:19.551600 IO-0/EL  engine.cpp:277] Engine: Receive new handshake message from message connection
I1102 18:13:19.551605 IO-0/EL  worker_manager.cpp:60] WorkerManager: FuncWorker of func_id 1, client_id 17 connected
I1102 18:13:19.551619 IO-0/EL  message_connection.cpp:269] FuncWorkerConnection[1-17]: Handshake done
I1102 18:13:19.551940 Server/E engine.cpp:674] Engine: New message connection
I1102 18:13:19.551981 IO-0/EL  engine.cpp:277] Engine: Receive new handshake message from message connection
I1102 18:13:19.551995 IO-0/EL  worker_manager.cpp:60] WorkerManager: FuncWorker of func_id 1, client_id 18 connected
I1102 18:13:19.552017 IO-0/EL  message_connection.cpp:269] FuncWorkerConnection[1-18]: Handshake done
I1102 18:13:19.552277 Server/E engine.cpp:674] Engine: New message connection
I1102 18:13:19.552312 IO-0/EL  engine.cpp:277] Engine: Receive new handshake message from message connection
I1102 18:13:19.552317 IO-0/EL  worker_manager.cpp:60] WorkerManager: FuncWorker of func_id 1, client_id 16 connected
I1102 18:13:19.552330 IO-0/EL  message_connection.cpp:269] FuncWorkerConnection[1-16]: Handshake done
I1102 18:13:19.552677 Server/E engine.cpp:674] Engine: New message connection
I1102 18:13:19.552720 IO-0/EL  engine.cpp:277] Engine: Receive new handshake message from message connection
I1102 18:13:19.552726 IO-0/EL  worker_manager.cpp:60] WorkerManager: FuncWorker of func_id 1, client_id 19 connected
I1102 18:13:19.552739 IO-0/EL  message_connection.cpp:269] FuncWorkerConnection[1-19]: Handshake done
I1102 18:13:19.552872 Server/E engine.cpp:674] Engine: New message connection
I1102 18:13:19.552902 IO-0/EL  engine.cpp:277] Engine: Receive new handshake message from message connection
I1102 18:13:19.552907 IO-0/EL  worker_manager.cpp:60] WorkerManager: FuncWorker of func_id 1, client_id 20 connected
I1102 18:13:19.552919 IO-0/EL  message_connection.cpp:269] FuncWorkerConnection[1-20]: Handshake done
I1102 18:13:19.553224 Server/E engine.cpp:674] Engine: New message connection
I1102 18:13:19.553268 IO-0/EL  engine.cpp:277] Engine: Receive new handshake message from message connection
I1102 18:13:19.553272 IO-0/EL  worker_manager.cpp:60] WorkerManager: FuncWorker of func_id 1, client_id 21 connected
I1102 18:13:19.553285 IO-0/EL  message_connection.cpp:269] FuncWorkerConnection[1-21]: Handshake done
I1102 18:13:19.554490 Server/E engine.cpp:674] Engine: New message connection
I1102 18:13:19.554537 IO-0/EL  engine.cpp:277] Engine: Receive new handshake message from message connection
I1102 18:13:19.554541 IO-0/EL  worker_manager.cpp:60] WorkerManager: FuncWorker of func_id 1, client_id 23 connected
I1102 18:13:19.554554 IO-0/EL  message_connection.cpp:269] FuncWorkerConnection[1-23]: Handshake done
I1102 18:13:19.554766 Server/E engine.cpp:674] Engine: New message connection
I1102 18:13:19.554806 IO-0/EL  engine.cpp:277] Engine: Receive new handshake message from message connection
I1102 18:13:19.554811 IO-0/EL  worker_manager.cpp:60] WorkerManager: FuncWorker of func_id 1, client_id 24 connected
I1102 18:13:19.554825 IO-0/EL  message_connection.cpp:269] FuncWorkerConnection[1-24]: Handshake done
I1102 18:13:19.555274 Server/E engine.cpp:674] Engine: New message connection
I1102 18:13:19.555305 IO-0/EL  engine.cpp:277] Engine: Receive new handshake message from message connection
I1102 18:13:19.555310 IO-0/EL  worker_manager.cpp:60] WorkerManager: FuncWorker of func_id 1, client_id 25 connected
I1102 18:13:19.555322 IO-0/EL  message_connection.cpp:269] FuncWorkerConnection[1-25]: Handshake done
I1102 18:13:19.555600 Server/E engine.cpp:674] Engine: New message connection
I1102 18:13:19.555630 IO-0/EL  engine.cpp:277] Engine: Receive new handshake message from message connection
I1102 18:13:19.555634 IO-0/EL  worker_manager.cpp:60] WorkerManager: FuncWorker of func_id 1, client_id 26 connected
I1102 18:13:19.555648 IO-0/EL  message_connection.cpp:269] FuncWorkerConnection[1-26]: Handshake done
I1102 18:13:19.556038 Server/E engine.cpp:674] Engine: New message connection
I1102 18:13:19.556060 IO-0/EL  engine.cpp:277] Engine: Receive new handshake message from message connection
I1102 18:13:19.556065 IO-0/EL  worker_manager.cpp:60] WorkerManager: FuncWorker of func_id 1, client_id 22 connected
I1102 18:13:19.556076 Server/E engine.cpp:674] Engine: New message connection
I1102 18:13:19.556078 IO-0/EL  message_connection.cpp:269] FuncWorkerConnection[1-22]: Handshake done
I1102 18:13:19.556101 IO-0/EL  engine.cpp:277] Engine: Receive new handshake message from message connection
I1102 18:13:19.556112 IO-0/EL  worker_manager.cpp:60] WorkerManager: FuncWorker of func_id 1, client_id 27 connected
I1102 18:13:19.556125 IO-0/EL  message_connection.cpp:269] FuncWorkerConnection[1-27]: Handshake done
I1102 18:13:19.556482 Server/E engine.cpp:674] Engine: New message connection
I1102 18:13:19.556513 IO-0/EL  engine.cpp:277] Engine: Receive new handshake message from message connection
I1102 18:13:19.556517 IO-0/EL  worker_manager.cpp:60] WorkerManager: FuncWorker of func_id 1, client_id 28 connected
I1102 18:13:19.556531 IO-0/EL  message_connection.cpp:269] FuncWorkerConnection[1-28]: Handshake done
I1102 18:13:19.556947 Server/E engine.cpp:674] Engine: New message connection
I1102 18:13:19.556970 IO-0/EL  engine.cpp:277] Engine: Receive new handshake message from message connection
I1102 18:13:19.556974 IO-0/EL  worker_manager.cpp:60] WorkerManager: FuncWorker of func_id 1, client_id 29 connected
I1102 18:13:19.556991 Server/E engine.cpp:674] Engine: New message connection
I1102 18:13:19.556995 IO-0/EL  message_connection.cpp:269] FuncWorkerConnection[1-29]: Handshake done
I1102 18:13:19.557016 IO-0/EL  engine.cpp:277] Engine: Receive new handshake message from message connection
I1102 18:13:19.557020 IO-0/EL  worker_manager.cpp:60] WorkerManager: FuncWorker of func_id 1, client_id 30 connected
I1102 18:13:19.557034 IO-0/EL  message_connection.cpp:269] FuncWorkerConnection[1-30]: Handshake done
I1102 18:13:19.557718 Server/E engine.cpp:674] Engine: New message connection
I1102 18:13:19.557741 IO-0/EL  engine.cpp:277] Engine: Receive new handshake message from message connection
I1102 18:13:19.557746 IO-0/EL  worker_manager.cpp:60] WorkerManager: FuncWorker of func_id 1, client_id 31 connected
I1102 18:13:19.557759 IO-0/EL  message_connection.cpp:269] FuncWorkerConnection[1-31]: Handshake done
I1102 18:13:19.558148 Server/E engine.cpp:674] Engine: New message connection
I1102 18:13:19.558175 IO-0/EL  engine.cpp:277] Engine: Receive new handshake message from message connection
I1102 18:13:19.558180 IO-0/EL  worker_manager.cpp:60] WorkerManager: FuncWorker of func_id 1, client_id 32 connected
I1102 18:13:19.558194 IO-0/EL  message_connection.cpp:269] FuncWorkerConnection[1-32]: Handshake done
I1102 18:13:22.360967 IO-0/EL  buffer_pool.h:25] BufferPool[IO-0_Write]: Allocate new buffer, current buffer count is 2
I1102 18:13:22.361003 IO-0/EL  buffer_pool.h:25] BufferPool[IO-0_Write]: Allocate new buffer, current buffer count is 3
I1102 18:13:22.361022 IO-0/EL  buffer_pool.h:25] BufferPool[IO-0_Write]: Allocate new buffer, current buffer count is 4
I1102 18:13:22.361033 IO-0/EL  buffer_pool.h:25] BufferPool[IO-0_Write]: Allocate new buffer, current buffer count is 5
I1102 18:13:22.361048 IO-0/EL  buffer_pool.h:25] BufferPool[IO-0_Write]: Allocate new buffer, current buffer count is 6
I1102 18:13:22.361059 IO-0/EL  buffer_pool.h:25] BufferPool[IO-0_Write]: Allocate new buffer, current buffer count is 7
I1102 18:13:22.361073 IO-0/EL  buffer_pool.h:25] BufferPool[IO-0_Write]: Allocate new buffer, current buffer count is 8
I1102 18:13:22.361086 IO-0/EL  buffer_pool.h:25] BufferPool[IO-0_Write]: Allocate new buffer, current buffer count is 9
I1102 18:13:22.361100 IO-0/EL  buffer_pool.h:25] BufferPool[IO-0_Write]: Allocate new buffer, current buffer count is 10
I1102 18:13:22.361110 IO-0/EL  buffer_pool.h:25] BufferPool[IO-0_Write]: Allocate new buffer, current buffer count is 11
I1102 18:13:22.361128 IO-0/EL  buffer_pool.h:25] BufferPool[IO-0_Write]: Allocate new buffer, current buffer count is 12
I1102 18:13:23.672376 IO-0/EL  buffer_pool.h:25] BufferPool[IO-0_Write]: Allocate new buffer, current buffer count is 13
I1102 18:13:23.672406 IO-0/EL  buffer_pool.h:25] BufferPool[IO-0_Write]: Allocate new buffer, current buffer count is 14
I1102 18:13:23.672422 IO-0/EL  buffer_pool.h:25] BufferPool[IO-0_Write]: Allocate new buffer, current buffer count is 15
I1102 18:13:23.672433 IO-0/EL  buffer_pool.h:25] BufferPool[IO-0_Write]: Allocate new buffer, current buffer count is 16
I1102 18:13:23.672446 IO-0/EL  buffer_pool.h:25] BufferPool[IO-0_Write]: Allocate new buffer, current buffer count is 17
I1102 18:13:23.672466 IO-0/EL  buffer_pool.h:25] BufferPool[IO-0_Write]: Allocate new buffer, current buffer count is 18
I1102 18:13:23.672475 IO-0/EL  buffer_pool.h:25] BufferPool[IO-0_Write]: Allocate new buffer, current buffer count is 19
I1102 18:13:23.672491 IO-0/EL  buffer_pool.h:25] BufferPool[IO-0_Write]: Allocate new buffer, current buffer count is 20
I1102 18:13:23.672501 IO-0/EL  buffer_pool.h:25] BufferPool[IO-0_Write]: Allocate new buffer, current buffer count is 21
I1102 18:13:23.672515 IO-0/EL  buffer_pool.h:25] BufferPool[IO-0_Write]: Allocate new buffer, current buffer count is 22
I1102 18:13:23.672526 IO-0/EL  buffer_pool.h:25] BufferPool[IO-0_Write]: Allocate new buffer, current buffer count is 23
I1102 18:13:24.984461 IO-0/EL  buffer_pool.h:25] BufferPool[IO-0_Write]: Allocate new buffer, current buffer count is 24
I1102 18:13:24.984486 IO-0/EL  buffer_pool.h:25] BufferPool[IO-0_Write]: Allocate new buffer, current buffer count is 25
I1102 18:13:24.984500 IO-0/EL  buffer_pool.h:25] BufferPool[IO-0_Write]: Allocate new buffer, current buffer count is 26
I1102 18:13:24.984509 IO-0/EL  buffer_pool.h:25] BufferPool[IO-0_Write]: Allocate new buffer, current buffer count is 27
I1102 18:13:24.984523 IO-0/EL  buffer_pool.h:25] BufferPool[IO-0_Write]: Allocate new buffer, current buffer count is 28
I1102 18:13:24.984538 IO-0/EL  buffer_pool.h:25] BufferPool[IO-0_Write]: Allocate new buffer, current buffer count is 29
I1102 18:13:24.984548 IO-0/EL  buffer_pool.h:25] BufferPool[IO-0_Write]: Allocate new buffer, current buffer count is 30
I1102 18:13:24.984563 IO-0/EL  buffer_pool.h:25] BufferPool[IO-0_Write]: Allocate new buffer, current buffer count is 31
I1102 18:13:24.984572 IO-0/EL  buffer_pool.h:25] BufferPool[IO-0_Write]: Allocate new buffer, current buffer count is 32
I1102 18:13:24.984599 IO-0/EL  buffer_pool.h:25] BufferPool[IO-0_Write]: Allocate new buffer, current buffer count is 33
I1102 18:13:24.984609 IO-0/EL  buffer_pool.h:25] BufferPool[IO-0_Write]: Allocate new buffer, current buffer count is 34
I1102 18:13:24.984619 IO-0/EL  buffer_pool.h:25] BufferPool[IO-0_Write]: Allocate new buffer, current buffer count is 35
I1102 18:13:24.984629 IO-0/EL  buffer_pool.h:25] BufferPool[IO-0_Write]: Allocate new buffer, current buffer count is 36
I1102 18:13:24.984639 IO-0/EL  buffer_pool.h:25] BufferPool[IO-0_Write]: Allocate new buffer, current buffer count is 37
I1102 18:13:27.393032 Main     server_base.cpp:35] Server: Scheduled to stop
I1102 18:13:27.393138 Server/E server_base.cpp:109] Server: Start stopping process
I1102 18:13:27.393193 IO-0/EL  io_worker.cpp:206] IO-0: Start stopping process
I1102 18:13:27.393253 Server/E server_base.cpp:55] Server: Event loop finishes
