$ /users/vj2267/nightcore/benchmarks/run_bench.sh --duration 5 --workers 32 --remote vj2267@sm110p-10s10615.wisc.cloudlab.us --remote_addr 10.10.1.2 --machnet --local_machnet_ip 10.10.1.1 --mode noop --target_rps 300000

=== Nightcore Stress Test (noop mode) ===
Mode: noop
Function: Noop
Workers: 32
Duration: 5 seconds
Target RPS (global): 300000
Input size: 64 bytes
Inflight limit per connection: 1
Engine IO workers: 1
Gateway conns per worker: 1
Warmup: 0 seconds
Stress Client: Remote (vj2267@sm110p-10s10615.wisc.cloudlab.us)
Engine Connection Address: 10.10.1.2 (explicit)
Transport: Machnet
  Remote Machnet IP: 10.10.1.2
  Local Machnet IP: 10.10.1.1

Cleaning up any existing stress_client on remote...
Starting stress_client on remote host vj2267@sm110p-10s10615.wisc.cloudlab.us...
  Remote SSH process PID: 1373279
  Output will be saved to: /users/vj2267/nightcore/benchmarks/outputs/stress_client_remote.txt
Waiting for remote stress_client to start...
I1102 18:16:55.862639 Main     thread.cpp:100] Register main thread: tid=1132399
I1102 18:16:55.862712 Main     stress_client.cpp:179] Using Machnet transport on 10.10.1.2:10007
I1102 18:16:55.862717 Main     stress_client_machnet.cpp:37] Starting Machnet event-loop thread...
[Loop Thread 137633734850240] Machnet event-loop thread started
I1102 18:16:55.865928 Server/E thread.cpp:40] Start thread: Server/EL
I1102 18:16:55.865971 Server/E server_base.cpp:50] Server: Event loop starts
I1102 18:16:56.366038 Main     stress_client.cpp:43] === Nightcore Stress Test ===
I1102 18:16:56.366075 Main     stress_client.cpp:44] Function ID: 1
I1102 18:16:56.366083 Main     stress_client.cpp:45] Method ID: 0
I1102 18:16:56.366088 Main     stress_client.cpp:46] Input size: 64 bytes
I1102 18:16:56.366092 Main     stress_client.cpp:47] Global target RPS: 300000
I1102 18:16:56.366098 Main     stress_client.cpp:50] Inflight limit per connection: 1
I1102 18:16:56.366102 Main     stress_client.cpp:51] Warmup: 0s, Duration: 5s
I1102 18:16:56.366108 Main     stress_client.cpp:53] 
I1102 18:16:56.366112 Main     stress_client.cpp:54] ========================================
I1102 18:16:56.366136 Main     stress_client.cpp:57] Waiting for Engine to connect...
Checking for file descriptor...
Got a file descriptor!
Listening on Machnet 10.10.1.2:10007 for Engine connections[Loop Thread 137633734850240] Machnet listener created
Starting Engine (connecting to 10.10.1.2:10007)...
  Engine PID: 1373288
New Machnet connection created: 168427777:1024 -> 168427778:10007
[Receive Thread 137633734850240] Handshake: pinned send flow 168427778:10007 -> 168427777:1024
[Loop Thread 137633734850240] Now sending on flow 168427778:10007 -> 168427777:1024
I1102 18:17:00.370141 Main     stress_client.cpp:71] Engine connected with 1 connection(s)
I1102 18:17:00.370175 Main     stress_client.cpp:73] Global target RPS: 300000
I1102 18:17:00.370182 Main     stress_client.cpp:76] 
I1102 18:17:00.370187 Main     stress_client.cpp:79] Waiting 3 seconds for workers to initialize...
Starting Launcher with 32 workers...
All components started. Stress test will begin after warmup...

I1102 18:17:04.385323 Main     stress_common.cpp:30] [T+1s] Sent: 333147 | Completed: 196660 | Failed: 0 | Latencies: 196660
I1102 18:17:05.389829 Main     stress_common.cpp:30] [T+2s] Sent: 666535 | Completed: 373155 | Failed: 0 | Latencies: 373155
I1102 18:17:06.392462 Main     stress_common.cpp:30] [T+3s] Sent: 999770 | Completed: 543545 | Failed: 0 | Latencies: 543545
I1102 18:17:07.395450 Main     stress_common.cpp:30] [T+4s] Sent: 1333026 | Completed: 710388 | Failed: 0 | Latencies: 710388
I1102 18:17:08.398812 Main     stress_common.cpp:30] [T+5s] Sent: 1657836 | Completed: 879680 | Failed: 0 | Latencies: 879680
I1102 18:17:08.398854 Main     stress_client.cpp:116] 
I1102 18:17:08.400391 Main     stress_common.cpp:42] ========================================
I1102 18:17:08.400401 Main     stress_common.cpp:43] === Stress Test Results ===
I1102 18:17:08.400408 Main     stress_common.cpp:44] ========================================
I1102 18:17:08.400413 Main     stress_common.cpp:45] Transport:         Machnet
I1102 18:17:08.400419 Main     stress_common.cpp:46] Connections:       1
I1102 18:17:08.400425 Main     stress_common.cpp:47] Duration:          5.02 seconds
I1102 18:17:08.400452 Main     stress_common.cpp:48] Total Sent:        1657836
I1102 18:17:08.400458 Main     stress_common.cpp:49] Total Completed:   879681 (53.06%)
I1102 18:17:08.400464 Main     stress_common.cpp:52] Total Failed:      0 (0.00%)
I1102 18:17:08.400471 Main     stress_common.cpp:55] 
I1102 18:17:08.400476 Main     stress_common.cpp:56] Throughput:        175386.8 rps
I1102 18:17:08.400483 Main     stress_common.cpp:57] 
I1102 18:17:08.460178 Main     stress_common.cpp:71] Latency (us):
I1102 18:17:08.460189 Main     stress_common.cpp:72]   Min:    787
I1102 18:17:08.460193 Main     stress_common.cpp:73]   p50:    1061220
I1102 18:17:08.460197 Main     stress_common.cpp:74]   p90:    2109728
I1102 18:17:08.460201 Main     stress_common.cpp:75]   p99:    2353578
I1102 18:17:08.460204 Main     stress_common.cpp:76]   p99.9:  2365223
I1102 18:17:08.460207 Main     stress_common.cpp:77]   Max:    2366012
I1102 18:17:08.460210 Main     stress_common.cpp:82] ========================================
I1102 18:17:08.460213 Main     server_base.cpp:35] Server: Scheduled to stop
I1102 18:17:08.460344 Server/E server_base.cpp:109] Server: Start stopping process
[Loop Thread 137633734850240] Machnet event-loop thread finished
I1102 18:17:08.460471 Server/E server_base.cpp:55] Server: Event loop finishes
I1102 18:17:08.460584 Main     server_base.cpp:46] Server: Stopped

Stress test completed. Shutting down...

Copying results from remote host...
Remote stress_client output:
I1102 18:16:55.862639 Main     thread.cpp:100] Register main thread: tid=1132399
I1102 18:16:55.862712 Main     stress_client.cpp:179] Using Machnet transport on 10.10.1.2:10007
I1102 18:16:55.862717 Main     stress_client_machnet.cpp:37] Starting Machnet event-loop thread...
[Loop Thread 137633734850240] Machnet event-loop thread started
I1102 18:16:55.865928 Server/E thread.cpp:40] Start thread: Server/EL
I1102 18:16:55.865971 Server/E server_base.cpp:50] Server: Event loop starts
I1102 18:16:56.366038 Main     stress_client.cpp:43] === Nightcore Stress Test ===
I1102 18:16:56.366075 Main     stress_client.cpp:44] Function ID: 1
I1102 18:16:56.366083 Main     stress_client.cpp:45] Method ID: 0
I1102 18:16:56.366088 Main     stress_client.cpp:46] Input size: 64 bytes
I1102 18:16:56.366092 Main     stress_client.cpp:47] Global target RPS: 300000
I1102 18:16:56.366098 Main     stress_client.cpp:50] Inflight limit per connection: 1
I1102 18:16:56.366102 Main     stress_client.cpp:51] Warmup: 0s, Duration: 5s
I1102 18:16:56.366108 Main     stress_client.cpp:53] 
I1102 18:16:56.366112 Main     stress_client.cpp:54] ========================================
I1102 18:16:56.366136 Main     stress_client.cpp:57] Waiting for Engine to connect...
Checking for file descriptor...
Got a file descriptor!
Listening on Machnet 10.10.1.2:10007 for Engine connections[Loop Thread 137633734850240] Machnet listener created
New Machnet connection created: 168427777:1024 -> 168427778:10007
[Receive Thread 137633734850240] Handshake: pinned send flow 168427778:10007 -> 168427777:1024
[Loop Thread 137633734850240] Now sending on flow 168427778:10007 -> 168427777:1024
I1102 18:17:00.370141 Main     stress_client.cpp:71] Engine connected with 1 connection(s)
I1102 18:17:00.370175 Main     stress_client.cpp:73] Global target RPS: 300000
I1102 18:17:00.370182 Main     stress_client.cpp:76] 
I1102 18:17:00.370187 Main     stress_client.cpp:79] Waiting 3 seconds for workers to initialize...
I1102 18:17:04.385323 Main     stress_common.cpp:30] [T+1s] Sent: 333147 | Completed: 196660 | Failed: 0 | Latencies: 196660
I1102 18:17:05.389829 Main     stress_common.cpp:30] [T+2s] Sent: 666535 | Completed: 373155 | Failed: 0 | Latencies: 373155
I1102 18:17:06.392462 Main     stress_common.cpp:30] [T+3s] Sent: 999770 | Completed: 543545 | Failed: 0 | Latencies: 543545
I1102 18:17:07.395450 Main     stress_common.cpp:30] [T+4s] Sent: 1333026 | Completed: 710388 | Failed: 0 | Latencies: 710388
I1102 18:17:08.398812 Main     stress_common.cpp:30] [T+5s] Sent: 1657836 | Completed: 879680 | Failed: 0 | Latencies: 879680
I1102 18:17:08.398854 Main     stress_client.cpp:116] 
I1102 18:17:08.400391 Main     stress_common.cpp:42] ========================================
I1102 18:17:08.400401 Main     stress_common.cpp:43] === Stress Test Results ===
I1102 18:17:08.400408 Main     stress_common.cpp:44] ========================================
I1102 18:17:08.400413 Main     stress_common.cpp:45] Transport:         Machnet
I1102 18:17:08.400419 Main     stress_common.cpp:46] Connections:       1
I1102 18:17:08.400425 Main     stress_common.cpp:47] Duration:          5.02 seconds
I1102 18:17:08.400452 Main     stress_common.cpp:48] Total Sent:        1657836
I1102 18:17:08.400458 Main     stress_common.cpp:49] Total Completed:   879681 (53.06%)
I1102 18:17:08.400464 Main     stress_common.cpp:52] Total Failed:      0 (0.00%)
I1102 18:17:08.400471 Main     stress_common.cpp:55] 
I1102 18:17:08.400476 Main     stress_common.cpp:56] Throughput:        175386.8 rps
I1102 18:17:08.400483 Main     stress_common.cpp:57] 
I1102 18:17:08.460178 Main     stress_common.cpp:71] Latency (us):
I1102 18:17:08.460189 Main     stress_common.cpp:72]   Min:    787
I1102 18:17:08.460193 Main     stress_common.cpp:73]   p50:    1061220
I1102 18:17:08.460197 Main     stress_common.cpp:74]   p90:    2109728
I1102 18:17:08.460201 Main     stress_common.cpp:75]   p99:    2353578
I1102 18:17:08.460204 Main     stress_common.cpp:76]   p99.9:  2365223
I1102 18:17:08.460207 Main     stress_common.cpp:77]   Max:    2366012
I1102 18:17:08.460210 Main     stress_common.cpp:82] ========================================
I1102 18:17:08.460213 Main     server_base.cpp:35] Server: Scheduled to stop
I1102 18:17:08.460344 Server/E server_base.cpp:109] Server: Start stopping process
[Loop Thread 137633734850240] Machnet event-loop thread finished
I1102 18:17:08.460471 Server/E server_base.cpp:55] Server: Event loop finishes
I1102 18:17:08.460584 Main     server_base.cpp:46] Server: Stopped

Cleaning up any remaining remote stress_client processes...

Logs saved to:
  Engine:   /users/vj2267/nightcore/benchmarks/outputs/engine.log
  Launcher: /users/vj2267/nightcore/benchmarks/outputs/launcher.log
  Workers:  /users/vj2267/nightcore/benchmarks/outputs/Noop_worker_*.stdout
