I1102 18:16:58.559378 Main     thread.cpp:100] Register main thread: tid=1373288
E1102 18:16:58.559858 Main     docker.cpp:59] Cannot find docker's cgroup in /proc/self/cgroup
I1102 18:16:58.559912 Main     func_config.cpp:135] Load configuration for function Noop[1]
I1102 18:16:58.559923 Main     engine.cpp:109] Engine: Start 1 IO workers
I1102 18:16:58.563187 IO-0/EL  thread.cpp:40] Start thread: IO-0/EL
I1102 18:16:58.563236 IO-0/EL  io_worker.cpp:192] IO-0: Event loop starts
Checking for file descriptor...
Got a file descriptor!
I1102 18:17:00.355283 Main     engine.cpp:180] Engine: Created 1 Machnet connections to Gateway at 10.10.1.2:10007
I1102 18:17:00.355405 Main     engine.cpp:208] Engine: Listen on /dev/shm/faas_ipc/engine.sock for IPC connections
I1102 18:17:00.355661 Server/E thread.cpp:40] Start thread: Server/EL
I1102 18:17:00.355807 Server/E server_base.cpp:50] Server: Event loop starts
I1102 18:17:00.561576 Server/E engine.cpp:674] Engine: New message connection
I1102 18:17:00.564884 IO-0/EL  buffer_pool.h:25] BufferPool[IO-0_Read]: Allocate new buffer, current buffer count is 1
I1102 18:17:00.564920 IO-0/EL  engine.cpp:277] Engine: Receive new handshake message from message connection
I1102 18:17:00.564926 IO-0/EL  worker_manager.cpp:23] WorkerManager: Launcher of func_id 1 connected
I1102 18:17:00.564930 IO-0/EL  worker_manager.cpp:131] WorkerManager: Request new FuncWorker for func_id 1 with client_id 1
I1102 18:17:00.564952 IO-0/EL  worker_manager.cpp:131] WorkerManager: Request new FuncWorker for func_id 1 with client_id 2
I1102 18:17:00.564964 IO-0/EL  worker_manager.cpp:131] WorkerManager: Request new FuncWorker for func_id 1 with client_id 3
I1102 18:17:00.564974 IO-0/EL  worker_manager.cpp:131] WorkerManager: Request new FuncWorker for func_id 1 with client_id 4
I1102 18:17:00.564983 IO-0/EL  worker_manager.cpp:131] WorkerManager: Request new FuncWorker for func_id 1 with client_id 5
I1102 18:17:00.564992 IO-0/EL  worker_manager.cpp:131] WorkerManager: Request new FuncWorker for func_id 1 with client_id 6
I1102 18:17:00.565003 IO-0/EL  worker_manager.cpp:131] WorkerManager: Request new FuncWorker for func_id 1 with client_id 7
I1102 18:17:00.565012 IO-0/EL  worker_manager.cpp:131] WorkerManager: Request new FuncWorker for func_id 1 with client_id 8
I1102 18:17:00.565025 IO-0/EL  worker_manager.cpp:131] WorkerManager: Request new FuncWorker for func_id 1 with client_id 9
I1102 18:17:00.565034 IO-0/EL  worker_manager.cpp:131] WorkerManager: Request new FuncWorker for func_id 1 with client_id 10
I1102 18:17:00.565048 IO-0/EL  worker_manager.cpp:131] WorkerManager: Request new FuncWorker for func_id 1 with client_id 11
I1102 18:17:00.565058 IO-0/EL  worker_manager.cpp:131] WorkerManager: Request new FuncWorker for func_id 1 with client_id 12
I1102 18:17:00.565071 IO-0/EL  worker_manager.cpp:131] WorkerManager: Request new FuncWorker for func_id 1 with client_id 13
I1102 18:17:00.565081 IO-0/EL  worker_manager.cpp:131] WorkerManager: Request new FuncWorker for func_id 1 with client_id 14
I1102 18:17:00.565091 IO-0/EL  worker_manager.cpp:131] WorkerManager: Request new FuncWorker for func_id 1 with client_id 15
I1102 18:17:00.565101 IO-0/EL  worker_manager.cpp:131] WorkerManager: Request new FuncWorker for func_id 1 with client_id 16
I1102 18:17:00.565111 IO-0/EL  worker_manager.cpp:131] WorkerManager: Request new FuncWorker for func_id 1 with client_id 17
I1102 18:17:00.565131 IO-0/EL  worker_manager.cpp:131] WorkerManager: Request new FuncWorker for func_id 1 with client_id 18
I1102 18:17:00.565141 IO-0/EL  worker_manager.cpp:131] WorkerManager: Request new FuncWorker for func_id 1 with client_id 19
I1102 18:17:00.565152 IO-0/EL  worker_manager.cpp:131] WorkerManager: Request new FuncWorker for func_id 1 with client_id 20
I1102 18:17:00.565163 IO-0/EL  worker_manager.cpp:131] WorkerManager: Request new FuncWorker for func_id 1 with client_id 21
I1102 18:17:00.565173 IO-0/EL  worker_manager.cpp:131] WorkerManager: Request new FuncWorker for func_id 1 with client_id 22
I1102 18:17:00.565182 IO-0/EL  worker_manager.cpp:131] WorkerManager: Request new FuncWorker for func_id 1 with client_id 23
I1102 18:17:00.565208 IO-0/EL  worker_manager.cpp:131] WorkerManager: Request new FuncWorker for func_id 1 with client_id 24
I1102 18:17:00.565218 IO-0/EL  worker_manager.cpp:131] WorkerManager: Request new FuncWorker for func_id 1 with client_id 25
I1102 18:17:00.565227 IO-0/EL  worker_manager.cpp:131] WorkerManager: Request new FuncWorker for func_id 1 with client_id 26
I1102 18:17:00.565236 IO-0/EL  worker_manager.cpp:131] WorkerManager: Request new FuncWorker for func_id 1 with client_id 27
I1102 18:17:00.565248 IO-0/EL  worker_manager.cpp:131] WorkerManager: Request new FuncWorker for func_id 1 with client_id 28
I1102 18:17:00.565258 IO-0/EL  worker_manager.cpp:131] WorkerManager: Request new FuncWorker for func_id 1 with client_id 29
I1102 18:17:00.565267 IO-0/EL  worker_manager.cpp:131] WorkerManager: Request new FuncWorker for func_id 1 with client_id 30
I1102 18:17:00.565278 IO-0/EL  worker_manager.cpp:131] WorkerManager: Request new FuncWorker for func_id 1 with client_id 31
I1102 18:17:00.565287 IO-0/EL  worker_manager.cpp:131] WorkerManager: Request new FuncWorker for func_id 1 with client_id 32
I1102 18:17:00.565330 IO-0/EL  buffer_pool.h:25] BufferPool[IO-0_Write]: Allocate new buffer, current buffer count is 1
I1102 18:17:00.565360 IO-0/EL  message_connection.cpp:269] LauncherConnection[1]: Handshake done
I1102 18:17:00.569895 Server/E engine.cpp:674] Engine: New message connection
I1102 18:17:00.569924 IO-0/EL  engine.cpp:277] Engine: Receive new handshake message from message connection
I1102 18:17:00.569930 IO-0/EL  worker_manager.cpp:60] WorkerManager: FuncWorker of func_id 1, client_id 1 connected
I1102 18:17:00.569941 IO-0/EL  dispatcher.cpp:47] Dispatcher[1]: min_workers=32
I1102 18:17:00.569945 IO-0/EL  dispatcher.cpp:51] Dispatcher[1]: max_workers=32
I1102 18:17:00.569968 IO-0/EL  message_connection.cpp:269] FuncWorkerConnection[1-1]: Handshake done
I1102 18:17:00.570600 Server/E engine.cpp:674] Engine: New message connection
I1102 18:17:00.570621 IO-0/EL  engine.cpp:277] Engine: Receive new handshake message from message connection
I1102 18:17:00.570625 IO-0/EL  worker_manager.cpp:60] WorkerManager: FuncWorker of func_id 1, client_id 2 connected
I1102 18:17:00.570640 IO-0/EL  message_connection.cpp:269] FuncWorkerConnection[1-2]: Handshake done
I1102 18:17:00.571295 Server/E engine.cpp:674] Engine: New message connection
I1102 18:17:00.571320 IO-0/EL  engine.cpp:277] Engine: Receive new handshake message from message connection
I1102 18:17:00.571324 IO-0/EL  worker_manager.cpp:60] WorkerManager: FuncWorker of func_id 1, client_id 3 connected
I1102 18:17:00.571338 IO-0/EL  message_connection.cpp:269] FuncWorkerConnection[1-3]: Handshake done
I1102 18:17:00.573249 Server/E engine.cpp:674] Engine: New message connection
I1102 18:17:00.573272 IO-0/EL  engine.cpp:277] Engine: Receive new handshake message from message connection
I1102 18:17:00.573278 IO-0/EL  worker_manager.cpp:60] WorkerManager: FuncWorker of func_id 1, client_id 4 connected
I1102 18:17:00.573291 IO-0/EL  message_connection.cpp:269] FuncWorkerConnection[1-4]: Handshake done
I1102 18:17:00.573698 Server/E engine.cpp:674] Engine: New message connection
I1102 18:17:00.573721 IO-0/EL  engine.cpp:277] Engine: Receive new handshake message from message connection
I1102 18:17:00.573726 IO-0/EL  worker_manager.cpp:60] WorkerManager: FuncWorker of func_id 1, client_id 5 connected
I1102 18:17:00.573739 IO-0/EL  message_connection.cpp:269] FuncWorkerConnection[1-5]: Handshake done
I1102 18:17:00.574065 Server/E engine.cpp:674] Engine: New message connection
I1102 18:17:00.574092 IO-0/EL  engine.cpp:277] Engine: Receive new handshake message from message connection
I1102 18:17:00.574096 IO-0/EL  worker_manager.cpp:60] WorkerManager: FuncWorker of func_id 1, client_id 6 connected
I1102 18:17:00.574109 IO-0/EL  message_connection.cpp:269] FuncWorkerConnection[1-6]: Handshake done
I1102 18:17:00.575619 Server/E engine.cpp:674] Engine: New message connection
I1102 18:17:00.575674 IO-0/EL  engine.cpp:277] Engine: Receive new handshake message from message connection
I1102 18:17:00.575679 IO-0/EL  worker_manager.cpp:60] WorkerManager: FuncWorker of func_id 1, client_id 7 connected
I1102 18:17:00.575692 IO-0/EL  message_connection.cpp:269] FuncWorkerConnection[1-7]: Handshake done
I1102 18:17:00.575977 Server/E engine.cpp:674] Engine: New message connection
I1102 18:17:00.576002 IO-0/EL  engine.cpp:277] Engine: Receive new handshake message from message connection
I1102 18:17:00.576007 IO-0/EL  worker_manager.cpp:60] WorkerManager: FuncWorker of func_id 1, client_id 8 connected
I1102 18:17:00.576020 IO-0/EL  message_connection.cpp:269] FuncWorkerConnection[1-8]: Handshake done
I1102 18:17:00.577291 Server/E engine.cpp:674] Engine: New message connection
I1102 18:17:00.577335 IO-0/EL  engine.cpp:277] Engine: Receive new handshake message from message connection
I1102 18:17:00.577340 IO-0/EL  worker_manager.cpp:60] WorkerManager: FuncWorker of func_id 1, client_id 10 connected
I1102 18:17:00.577354 IO-0/EL  message_connection.cpp:269] FuncWorkerConnection[1-10]: Handshake done
I1102 18:17:00.577853 Server/E engine.cpp:674] Engine: New message connection
I1102 18:17:00.577884 IO-0/EL  engine.cpp:277] Engine: Receive new handshake message from message connection
I1102 18:17:00.577889 IO-0/EL  worker_manager.cpp:60] WorkerManager: FuncWorker of func_id 1, client_id 9 connected
I1102 18:17:00.577902 IO-0/EL  message_connection.cpp:269] FuncWorkerConnection[1-9]: Handshake done
I1102 18:17:00.578470 Server/E engine.cpp:674] Engine: New message connection
I1102 18:17:00.578507 IO-0/EL  engine.cpp:277] Engine: Receive new handshake message from message connection
I1102 18:17:00.578512 IO-0/EL  worker_manager.cpp:60] WorkerManager: FuncWorker of func_id 1, client_id 12 connected
I1102 18:17:00.578524 IO-0/EL  message_connection.cpp:269] FuncWorkerConnection[1-12]: Handshake done
I1102 18:17:00.578922 Server/E engine.cpp:674] Engine: New message connection
I1102 18:17:00.578958 IO-0/EL  engine.cpp:277] Engine: Receive new handshake message from message connection
I1102 18:17:00.578964 IO-0/EL  worker_manager.cpp:60] WorkerManager: FuncWorker of func_id 1, client_id 11 connected
I1102 18:17:00.578976 IO-0/EL  message_connection.cpp:269] FuncWorkerConnection[1-11]: Handshake done
I1102 18:17:00.579134 Server/E engine.cpp:674] Engine: New message connection
I1102 18:17:00.579161 IO-0/EL  engine.cpp:277] Engine: Receive new handshake message from message connection
I1102 18:17:00.579165 IO-0/EL  worker_manager.cpp:60] WorkerManager: FuncWorker of func_id 1, client_id 13 connected
I1102 18:17:00.579177 IO-0/EL  message_connection.cpp:269] FuncWorkerConnection[1-13]: Handshake done
I1102 18:17:00.579554 Server/E engine.cpp:674] Engine: New message connection
I1102 18:17:00.579585 IO-0/EL  engine.cpp:277] Engine: Receive new handshake message from message connection
I1102 18:17:00.579589 IO-0/EL  worker_manager.cpp:60] WorkerManager: FuncWorker of func_id 1, client_id 14 connected
I1102 18:17:00.579607 IO-0/EL  message_connection.cpp:269] FuncWorkerConnection[1-14]: Handshake done
I1102 18:17:00.581008 Server/E engine.cpp:674] Engine: New message connection
I1102 18:17:00.581041 IO-0/EL  engine.cpp:277] Engine: Receive new handshake message from message connection
I1102 18:17:00.581046 IO-0/EL  worker_manager.cpp:60] WorkerManager: FuncWorker of func_id 1, client_id 15 connected
I1102 18:17:00.581061 IO-0/EL  message_connection.cpp:269] FuncWorkerConnection[1-15]: Handshake done
I1102 18:17:00.581080 Server/E engine.cpp:674] Engine: New message connection
I1102 18:17:00.581106 IO-0/EL  engine.cpp:277] Engine: Receive new handshake message from message connection
I1102 18:17:00.581111 IO-0/EL  worker_manager.cpp:60] WorkerManager: FuncWorker of func_id 1, client_id 17 connected
I1102 18:17:00.581124 IO-0/EL  message_connection.cpp:269] FuncWorkerConnection[1-17]: Handshake done
I1102 18:17:00.581160 Server/E engine.cpp:674] Engine: New message connection
I1102 18:17:00.581185 IO-0/EL  engine.cpp:277] Engine: Receive new handshake message from message connection
I1102 18:17:00.581197 IO-0/EL  worker_manager.cpp:60] WorkerManager: FuncWorker of func_id 1, client_id 16 connected
I1102 18:17:00.581214 IO-0/EL  message_connection.cpp:269] FuncWorkerConnection[1-16]: Handshake done
I1102 18:17:00.581527 Server/E engine.cpp:674] Engine: New message connection
I1102 18:17:00.581555 IO-0/EL  engine.cpp:277] Engine: Receive new handshake message from message connection
I1102 18:17:00.581560 IO-0/EL  worker_manager.cpp:60] WorkerManager: FuncWorker of func_id 1, client_id 18 connected
I1102 18:17:00.581573 IO-0/EL  message_connection.cpp:269] FuncWorkerConnection[1-18]: Handshake done
I1102 18:17:00.581931 Server/E engine.cpp:674] Engine: New message connection
I1102 18:17:00.581962 IO-0/EL  engine.cpp:277] Engine: Receive new handshake message from message connection
I1102 18:17:00.581967 IO-0/EL  worker_manager.cpp:60] WorkerManager: FuncWorker of func_id 1, client_id 19 connected
I1102 18:17:00.581980 IO-0/EL  message_connection.cpp:269] FuncWorkerConnection[1-19]: Handshake done
I1102 18:17:00.582400 Server/E engine.cpp:674] Engine: New message connection
I1102 18:17:00.582428 IO-0/EL  engine.cpp:277] Engine: Receive new handshake message from message connection
I1102 18:17:00.582432 IO-0/EL  worker_manager.cpp:60] WorkerManager: FuncWorker of func_id 1, client_id 20 connected
I1102 18:17:00.582445 IO-0/EL  message_connection.cpp:269] FuncWorkerConnection[1-20]: Handshake done
I1102 18:17:00.582997 Server/E engine.cpp:674] Engine: New message connection
I1102 18:17:00.583031 IO-0/EL  engine.cpp:277] Engine: Receive new handshake message from message connection
I1102 18:17:00.583036 IO-0/EL  worker_manager.cpp:60] WorkerManager: FuncWorker of func_id 1, client_id 21 connected
I1102 18:17:00.583049 IO-0/EL  message_connection.cpp:269] FuncWorkerConnection[1-21]: Handshake done
I1102 18:17:00.583332 Server/E engine.cpp:674] Engine: New message connection
I1102 18:17:00.583360 IO-0/EL  engine.cpp:277] Engine: Receive new handshake message from message connection
I1102 18:17:00.583364 IO-0/EL  worker_manager.cpp:60] WorkerManager: FuncWorker of func_id 1, client_id 22 connected
I1102 18:17:00.583377 IO-0/EL  message_connection.cpp:269] FuncWorkerConnection[1-22]: Handshake done
I1102 18:17:00.583839 Server/E engine.cpp:674] Engine: New message connection
I1102 18:17:00.583873 IO-0/EL  engine.cpp:277] Engine: Receive new handshake message from message connection
I1102 18:17:00.583877 IO-0/EL  worker_manager.cpp:60] WorkerManager: FuncWorker of func_id 1, client_id 23 connected
I1102 18:17:00.583892 IO-0/EL  message_connection.cpp:269] FuncWorkerConnection[1-23]: Handshake done
I1102 18:17:00.583934 Server/E engine.cpp:674] Engine: New message connection
I1102 18:17:00.583957 IO-0/EL  engine.cpp:277] Engine: Receive new handshake message from message connection
I1102 18:17:00.583961 IO-0/EL  worker_manager.cpp:60] WorkerManager: FuncWorker of func_id 1, client_id 24 connected
I1102 18:17:00.583974 IO-0/EL  message_connection.cpp:269] FuncWorkerConnection[1-24]: Handshake done
I1102 18:17:00.584685 Server/E engine.cpp:674] Engine: New message connection
I1102 18:17:00.584720 IO-0/EL  engine.cpp:277] Engine: Receive new handshake message from message connection
I1102 18:17:00.584726 IO-0/EL  worker_manager.cpp:60] WorkerManager: FuncWorker of func_id 1, client_id 25 connected
I1102 18:17:00.584739 IO-0/EL  message_connection.cpp:269] FuncWorkerConnection[1-25]: Handshake done
I1102 18:17:00.585167 Server/E engine.cpp:674] Engine: New message connection
I1102 18:17:00.585194 IO-0/EL  engine.cpp:277] Engine: Receive new handshake message from message connection
I1102 18:17:00.585198 IO-0/EL  worker_manager.cpp:60] WorkerManager: FuncWorker of func_id 1, client_id 26 connected
I1102 18:17:00.585212 IO-0/EL  message_connection.cpp:269] FuncWorkerConnection[1-26]: Handshake done
I1102 18:17:00.585578 Server/E engine.cpp:674] Engine: New message connection
I1102 18:17:00.585611 IO-0/EL  engine.cpp:277] Engine: Receive new handshake message from message connection
I1102 18:17:00.585621 IO-0/EL  worker_manager.cpp:60] WorkerManager: FuncWorker of func_id 1, client_id 27 connected
I1102 18:17:00.585634 IO-0/EL  message_connection.cpp:269] FuncWorkerConnection[1-27]: Handshake done
I1102 18:17:00.585990 Server/E engine.cpp:674] Engine: New message connection
I1102 18:17:00.586025 IO-0/EL  engine.cpp:277] Engine: Receive new handshake message from message connection
I1102 18:17:00.586030 IO-0/EL  worker_manager.cpp:60] WorkerManager: FuncWorker of func_id 1, client_id 28 connected
I1102 18:17:00.586043 IO-0/EL  message_connection.cpp:269] FuncWorkerConnection[1-28]: Handshake done
I1102 18:17:00.587335 Server/E engine.cpp:674] Engine: New message connection
I1102 18:17:00.587362 IO-0/EL  engine.cpp:277] Engine: Receive new handshake message from message connection
I1102 18:17:00.587366 IO-0/EL  worker_manager.cpp:60] WorkerManager: FuncWorker of func_id 1, client_id 30 connected
I1102 18:17:00.587384 IO-0/EL  message_connection.cpp:269] FuncWorkerConnection[1-30]: Handshake done
I1102 18:17:00.587779 Server/E engine.cpp:674] Engine: New message connection
I1102 18:17:00.587807 IO-0/EL  engine.cpp:277] Engine: Receive new handshake message from message connection
I1102 18:17:00.587812 IO-0/EL  worker_manager.cpp:60] WorkerManager: FuncWorker of func_id 1, client_id 29 connected
I1102 18:17:00.587825 IO-0/EL  message_connection.cpp:269] FuncWorkerConnection[1-29]: Handshake done
I1102 18:17:00.587830 Server/E engine.cpp:674] Engine: New message connection
I1102 18:17:00.587853 IO-0/EL  engine.cpp:277] Engine: Receive new handshake message from message connection
I1102 18:17:00.587857 IO-0/EL  worker_manager.cpp:60] WorkerManager: FuncWorker of func_id 1, client_id 31 connected
I1102 18:17:00.587870 IO-0/EL  message_connection.cpp:269] FuncWorkerConnection[1-31]: Handshake done
I1102 18:17:00.588224 Server/E engine.cpp:674] Engine: New message connection
I1102 18:17:00.588250 IO-0/EL  engine.cpp:277] Engine: Receive new handshake message from message connection
I1102 18:17:00.588255 IO-0/EL  worker_manager.cpp:60] WorkerManager: FuncWorker of func_id 1, client_id 32 connected
I1102 18:17:00.588268 IO-0/EL  message_connection.cpp:269] FuncWorkerConnection[1-32]: Handshake done
I1102 18:17:03.383180 IO-0/EL  buffer_pool.h:25] BufferPool[IO-0_Write]: Allocate new buffer, current buffer count is 2
I1102 18:17:03.383215 IO-0/EL  buffer_pool.h:25] BufferPool[IO-0_Write]: Allocate new buffer, current buffer count is 3
I1102 18:17:03.383230 IO-0/EL  buffer_pool.h:25] BufferPool[IO-0_Write]: Allocate new buffer, current buffer count is 4
I1102 18:17:03.383239 IO-0/EL  buffer_pool.h:25] BufferPool[IO-0_Write]: Allocate new buffer, current buffer count is 5
I1102 18:17:03.383251 IO-0/EL  buffer_pool.h:25] BufferPool[IO-0_Write]: Allocate new buffer, current buffer count is 6
I1102 18:17:03.383261 IO-0/EL  buffer_pool.h:25] BufferPool[IO-0_Write]: Allocate new buffer, current buffer count is 7
I1102 18:17:03.383271 IO-0/EL  buffer_pool.h:25] BufferPool[IO-0_Write]: Allocate new buffer, current buffer count is 8
I1102 18:17:03.383281 IO-0/EL  buffer_pool.h:25] BufferPool[IO-0_Write]: Allocate new buffer, current buffer count is 9
I1102 18:17:03.383292 IO-0/EL  buffer_pool.h:25] BufferPool[IO-0_Write]: Allocate new buffer, current buffer count is 10
I1102 18:17:03.383304 IO-0/EL  buffer_pool.h:25] BufferPool[IO-0_Write]: Allocate new buffer, current buffer count is 11
I1102 18:17:03.383319 IO-0/EL  buffer_pool.h:25] BufferPool[IO-0_Write]: Allocate new buffer, current buffer count is 12
I1102 18:17:03.383328 IO-0/EL  buffer_pool.h:25] BufferPool[IO-0_Write]: Allocate new buffer, current buffer count is 13
I1102 18:17:03.383340 IO-0/EL  buffer_pool.h:25] BufferPool[IO-0_Write]: Allocate new buffer, current buffer count is 14
I1102 18:17:03.383353 IO-0/EL  buffer_pool.h:25] BufferPool[IO-0_Write]: Allocate new buffer, current buffer count is 15
I1102 18:17:03.383367 IO-0/EL  buffer_pool.h:25] BufferPool[IO-0_Write]: Allocate new buffer, current buffer count is 16
I1102 18:17:03.383380 IO-0/EL  buffer_pool.h:25] BufferPool[IO-0_Write]: Allocate new buffer, current buffer count is 17
I1102 18:17:03.383404 IO-0/EL  buffer_pool.h:25] BufferPool[IO-0_Write]: Allocate new buffer, current buffer count is 18
I1102 18:17:03.383416 IO-0/EL  buffer_pool.h:25] BufferPool[IO-0_Write]: Allocate new buffer, current buffer count is 19
I1102 18:17:03.383430 IO-0/EL  buffer_pool.h:25] BufferPool[IO-0_Write]: Allocate new buffer, current buffer count is 20
I1102 18:17:03.383442 IO-0/EL  buffer_pool.h:25] BufferPool[IO-0_Write]: Allocate new buffer, current buffer count is 21
I1102 18:17:03.383454 IO-0/EL  buffer_pool.h:25] BufferPool[IO-0_Write]: Allocate new buffer, current buffer count is 22
I1102 18:17:03.383465 IO-0/EL  buffer_pool.h:25] BufferPool[IO-0_Write]: Allocate new buffer, current buffer count is 23
I1102 18:17:03.383475 IO-0/EL  buffer_pool.h:25] BufferPool[IO-0_Write]: Allocate new buffer, current buffer count is 24
I1102 18:17:03.383489 IO-0/EL  buffer_pool.h:25] BufferPool[IO-0_Write]: Allocate new buffer, current buffer count is 25
I1102 18:17:03.383501 IO-0/EL  buffer_pool.h:25] BufferPool[IO-0_Write]: Allocate new buffer, current buffer count is 26
I1102 18:17:03.383515 IO-0/EL  buffer_pool.h:25] BufferPool[IO-0_Write]: Allocate new buffer, current buffer count is 27
I1102 18:17:03.383525 IO-0/EL  buffer_pool.h:25] BufferPool[IO-0_Write]: Allocate new buffer, current buffer count is 28
I1102 18:17:03.383542 IO-0/EL  buffer_pool.h:25] BufferPool[IO-0_Write]: Allocate new buffer, current buffer count is 29
I1102 18:17:03.383553 IO-0/EL  buffer_pool.h:25] BufferPool[IO-0_Write]: Allocate new buffer, current buffer count is 30
I1102 18:17:03.383565 IO-0/EL  buffer_pool.h:25] BufferPool[IO-0_Write]: Allocate new buffer, current buffer count is 31
I1102 18:17:03.383577 IO-0/EL  buffer_pool.h:25] BufferPool[IO-0_Write]: Allocate new buffer, current buffer count is 32
I1102 18:17:03.383906 IO-0/EL  buffer_pool.h:25] BufferPool[IO-0_Write]: Allocate new buffer, current buffer count is 33
I1102 18:17:03.383922 IO-0/EL  buffer_pool.h:25] BufferPool[IO-0_Write]: Allocate new buffer, current buffer count is 34
I1102 18:17:03.383931 IO-0/EL  buffer_pool.h:25] BufferPool[IO-0_Write]: Allocate new buffer, current buffer count is 35
I1102 18:17:03.383940 IO-0/EL  buffer_pool.h:25] BufferPool[IO-0_Write]: Allocate new buffer, current buffer count is 36
I1102 18:17:03.383950 IO-0/EL  buffer_pool.h:25] BufferPool[IO-0_Write]: Allocate new buffer, current buffer count is 37
I1102 18:17:03.383960 IO-0/EL  buffer_pool.h:25] BufferPool[IO-0_Write]: Allocate new buffer, current buffer count is 38
I1102 18:17:03.383970 IO-0/EL  buffer_pool.h:25] BufferPool[IO-0_Write]: Allocate new buffer, current buffer count is 39
I1102 18:17:03.383979 IO-0/EL  buffer_pool.h:25] BufferPool[IO-0_Write]: Allocate new buffer, current buffer count is 40
I1102 18:17:03.383989 IO-0/EL  buffer_pool.h:25] BufferPool[IO-0_Write]: Allocate new buffer, current buffer count is 41
I1102 18:17:03.383999 IO-0/EL  buffer_pool.h:25] BufferPool[IO-0_Write]: Allocate new buffer, current buffer count is 42
I1102 18:17:03.384008 IO-0/EL  buffer_pool.h:25] BufferPool[IO-0_Write]: Allocate new buffer, current buffer count is 43
I1102 18:17:03.384018 IO-0/EL  buffer_pool.h:25] BufferPool[IO-0_Write]: Allocate new buffer, current buffer count is 44
I1102 18:17:03.384028 IO-0/EL  buffer_pool.h:25] BufferPool[IO-0_Write]: Allocate new buffer, current buffer count is 45
I1102 18:17:03.384038 IO-0/EL  buffer_pool.h:25] BufferPool[IO-0_Write]: Allocate new buffer, current buffer count is 46
I1102 18:17:03.384048 IO-0/EL  buffer_pool.h:25] BufferPool[IO-0_Write]: Allocate new buffer, current buffer count is 47
I1102 18:17:03.384059 IO-0/EL  buffer_pool.h:25] BufferPool[IO-0_Write]: Allocate new buffer, current buffer count is 48
I1102 18:17:03.384071 IO-0/EL  buffer_pool.h:25] BufferPool[IO-0_Write]: Allocate new buffer, current buffer count is 49
I1102 18:17:03.384081 IO-0/EL  buffer_pool.h:25] BufferPool[IO-0_Write]: Allocate new buffer, current buffer count is 50
I1102 18:17:03.384098 IO-0/EL  buffer_pool.h:25] BufferPool[IO-0_Write]: Allocate new buffer, current buffer count is 51
I1102 18:17:03.384107 IO-0/EL  buffer_pool.h:25] BufferPool[IO-0_Write]: Allocate new buffer, current buffer count is 52
I1102 18:17:03.384116 IO-0/EL  buffer_pool.h:25] BufferPool[IO-0_Write]: Allocate new buffer, current buffer count is 53
I1102 18:17:03.384125 IO-0/EL  buffer_pool.h:25] BufferPool[IO-0_Write]: Allocate new buffer, current buffer count is 54
I1102 18:17:03.384135 IO-0/EL  buffer_pool.h:25] BufferPool[IO-0_Write]: Allocate new buffer, current buffer count is 55
I1102 18:17:03.384144 IO-0/EL  buffer_pool.h:25] BufferPool[IO-0_Write]: Allocate new buffer, current buffer count is 56
I1102 18:17:03.384154 IO-0/EL  buffer_pool.h:25] BufferPool[IO-0_Write]: Allocate new buffer, current buffer count is 57
I1102 18:17:03.384163 IO-0/EL  buffer_pool.h:25] BufferPool[IO-0_Write]: Allocate new buffer, current buffer count is 58
I1102 18:17:03.384172 IO-0/EL  buffer_pool.h:25] BufferPool[IO-0_Write]: Allocate new buffer, current buffer count is 59
I1102 18:17:03.384180 IO-0/EL  buffer_pool.h:25] BufferPool[IO-0_Write]: Allocate new buffer, current buffer count is 60
I1102 18:17:03.384190 IO-0/EL  buffer_pool.h:25] BufferPool[IO-0_Write]: Allocate new buffer, current buffer count is 61
I1102 18:17:03.384199 IO-0/EL  buffer_pool.h:25] BufferPool[IO-0_Write]: Allocate new buffer, current buffer count is 62
I1102 18:17:03.384210 IO-0/EL  buffer_pool.h:25] BufferPool[IO-0_Write]: Allocate new buffer, current buffer count is 63
I1102 18:17:03.384220 IO-0/EL  buffer_pool.h:25] BufferPool[IO-0_Write]: Allocate new buffer, current buffer count is 64
I1102 18:17:08.467536 Main     server_base.cpp:35] Server: Scheduled to stop
I1102 18:17:08.467613 Server/E server_base.cpp:109] Server: Start stopping process
I1102 18:17:08.467765 Server/E server_base.cpp:55] Server: Event loop finishes
I1102 18:17:08.467845 IO-0/EL  io_worker.cpp:206] IO-0: Start stopping process
