I1102 18:45:37.877946 Main     thread.cpp:100] Register main thread: tid=1387972
E1102 18:45:37.878079 Main     docker.cpp:59] Cannot find docker's cgroup in /proc/self/cgroup
I1102 18:45:37.881319 Launcher thread.cpp:40] Start thread: Launcher/EL
I1102 18:45:37.881370 Launcher thread.cpp:64] Does not find cpuset setting for IO threads (can be set by FAAS_IO_THREAD_CPUSET)
I1102 18:45:37.881376 Launcher thread.cpp:82] Does not find nice setting for IO threads (can be set by FAAS_IO_THREAD_NICE)
I1102 18:45:37.881380 Launcher launcher.cpp:96] Launcher: Event loop starts
I1102 18:45:37.881399 Launcher engine_connection.cpp:93] EngineConnection: Connected to engine, start writing handshake message
I1102 18:45:37.881528 Launcher buffer_pool.h:25] BufferPool[Launcher]: Allocate new buffer, current buffer count is 1
I1102 18:45:37.881561 Launcher func_config.cpp:135] Load configuration for function Echo[1]
I1102 18:45:37.881571 Launcher engine_connection.cpp:65] EngineConnection: Handshake done
W1102 18:45:37.885264 Launcher engine_connection.cpp:166] EngineConnection: nread=0, will do nothing
I1102 18:45:45.460191 Main     launcher.cpp:44] Launcher: Scheduled to stop
E1102 18:45:45.460402 Launcher launcher.cpp:72] Launcher: Connection to engine disconnected
I1102 18:45:45.460427 Launcher launcher.cpp:44] Launcher: Scheduled to stop
W1102 18:45:45.480923 Launcher launcher.cpp:87] Launcher: Function process 0 terminated
W1102 18:45:45.489076 Launcher launcher.cpp:87] Launcher: Function process 3 terminated
W1102 18:45:45.489094 Launcher launcher.cpp:87] Launcher: Function process 1 terminated
W1102 18:45:45.489267 Launcher launcher.cpp:87] Launcher: Function process 2 terminated
I1102 18:45:45.489278 Launcher launcher.cpp:101] Launcher: Event loop finishes
I1102 18:45:45.489340 Main     launcher.cpp:68] Launcher: Stopped
