I1102 18:14:08.507040 Main     thread.cpp:100] Register main thread: tid=1372311
E1102 18:14:08.507495 Main     docker.cpp:59] Cannot find docker's cgroup in /proc/self/cgroup
I1102 18:14:08.507547 Main     func_config.cpp:135] Load configuration for function Noop[1]
I1102 18:14:08.507558 Main     engine.cpp:109] Engine: Start 1 IO workers
I1102 18:14:08.510839 IO-0/EL  thread.cpp:40] Start thread: IO-0/EL
I1102 18:14:08.510886 IO-0/EL  io_worker.cpp:192] IO-0: Event loop starts
Checking for file descriptor...
Got a file descriptor!
I1102 18:14:10.354639 Main     engine.cpp:180] Engine: Created 1 Machnet connections to Gateway at 10.10.1.2:10007
I1102 18:14:10.354774 Main     engine.cpp:208] Engine: Listen on /dev/shm/faas_ipc/engine.sock for IPC connections
I1102 18:14:10.355055 Server/E thread.cpp:40] Start thread: Server/EL
I1102 18:14:10.355199 Server/E server_base.cpp:50] Server: Event loop starts
I1102 18:14:10.511358 Server/E engine.cpp:674] Engine: New message connection
I1102 18:14:10.514680 IO-0/EL  buffer_pool.h:25] BufferPool[IO-0_Read]: Allocate new buffer, current buffer count is 1
I1102 18:14:10.514717 IO-0/EL  engine.cpp:277] Engine: Receive new handshake message from message connection
I1102 18:14:10.514724 IO-0/EL  worker_manager.cpp:23] WorkerManager: Launcher of func_id 1 connected
I1102 18:14:10.514728 IO-0/EL  worker_manager.cpp:131] WorkerManager: Request new FuncWorker for func_id 1 with client_id 1
I1102 18:14:10.514748 IO-0/EL  worker_manager.cpp:131] WorkerManager: Request new FuncWorker for func_id 1 with client_id 2
I1102 18:14:10.514763 IO-0/EL  worker_manager.cpp:131] WorkerManager: Request new FuncWorker for func_id 1 with client_id 3
I1102 18:14:10.514773 IO-0/EL  worker_manager.cpp:131] WorkerManager: Request new FuncWorker for func_id 1 with client_id 4
I1102 18:14:10.514782 IO-0/EL  worker_manager.cpp:131] WorkerManager: Request new FuncWorker for func_id 1 with client_id 5
I1102 18:14:10.514791 IO-0/EL  worker_manager.cpp:131] WorkerManager: Request new FuncWorker for func_id 1 with client_id 6
I1102 18:14:10.514802 IO-0/EL  worker_manager.cpp:131] WorkerManager: Request new FuncWorker for func_id 1 with client_id 7
I1102 18:14:10.514811 IO-0/EL  worker_manager.cpp:131] WorkerManager: Request new FuncWorker for func_id 1 with client_id 8
I1102 18:14:10.514824 IO-0/EL  worker_manager.cpp:131] WorkerManager: Request new FuncWorker for func_id 1 with client_id 9
I1102 18:14:10.514833 IO-0/EL  worker_manager.cpp:131] WorkerManager: Request new FuncWorker for func_id 1 with client_id 10
I1102 18:14:10.514844 IO-0/EL  worker_manager.cpp:131] WorkerManager: Request new FuncWorker for func_id 1 with client_id 11
I1102 18:14:10.514854 IO-0/EL  worker_manager.cpp:131] WorkerManager: Request new FuncWorker for func_id 1 with client_id 12
I1102 18:14:10.514867 IO-0/EL  worker_manager.cpp:131] WorkerManager: Request new FuncWorker for func_id 1 with client_id 13
I1102 18:14:10.514877 IO-0/EL  worker_manager.cpp:131] WorkerManager: Request new FuncWorker for func_id 1 with client_id 14
I1102 18:14:10.514886 IO-0/EL  worker_manager.cpp:131] WorkerManager: Request new FuncWorker for func_id 1 with client_id 15
I1102 18:14:10.514897 IO-0/EL  worker_manager.cpp:131] WorkerManager: Request new FuncWorker for func_id 1 with client_id 16
I1102 18:14:10.514906 IO-0/EL  worker_manager.cpp:131] WorkerManager: Request new FuncWorker for func_id 1 with client_id 17
I1102 18:14:10.514925 IO-0/EL  worker_manager.cpp:131] WorkerManager: Request new FuncWorker for func_id 1 with client_id 18
I1102 18:14:10.514934 IO-0/EL  worker_manager.cpp:131] WorkerManager: Request new FuncWorker for func_id 1 with client_id 19
I1102 18:14:10.514946 IO-0/EL  worker_manager.cpp:131] WorkerManager: Request new FuncWorker for func_id 1 with client_id 20
I1102 18:14:10.514957 IO-0/EL  worker_manager.cpp:131] WorkerManager: Request new FuncWorker for func_id 1 with client_id 21
I1102 18:14:10.514967 IO-0/EL  worker_manager.cpp:131] WorkerManager: Request new FuncWorker for func_id 1 with client_id 22
I1102 18:14:10.514976 IO-0/EL  worker_manager.cpp:131] WorkerManager: Request new FuncWorker for func_id 1 with client_id 23
I1102 18:14:10.515002 IO-0/EL  worker_manager.cpp:131] WorkerManager: Request new FuncWorker for func_id 1 with client_id 24
I1102 18:14:10.515012 IO-0/EL  worker_manager.cpp:131] WorkerManager: Request new FuncWorker for func_id 1 with client_id 25
I1102 18:14:10.515022 IO-0/EL  worker_manager.cpp:131] WorkerManager: Request new FuncWorker for func_id 1 with client_id 26
I1102 18:14:10.515031 IO-0/EL  worker_manager.cpp:131] WorkerManager: Request new FuncWorker for func_id 1 with client_id 27
I1102 18:14:10.515044 IO-0/EL  worker_manager.cpp:131] WorkerManager: Request new FuncWorker for func_id 1 with client_id 28
I1102 18:14:10.515053 IO-0/EL  worker_manager.cpp:131] WorkerManager: Request new FuncWorker for func_id 1 with client_id 29
I1102 18:14:10.515063 IO-0/EL  worker_manager.cpp:131] WorkerManager: Request new FuncWorker for func_id 1 with client_id 30
I1102 18:14:10.515074 IO-0/EL  worker_manager.cpp:131] WorkerManager: Request new FuncWorker for func_id 1 with client_id 31
I1102 18:14:10.515083 IO-0/EL  worker_manager.cpp:131] WorkerManager: Request new FuncWorker for func_id 1 with client_id 32
I1102 18:14:10.515132 IO-0/EL  buffer_pool.h:25] BufferPool[IO-0_Write]: Allocate new buffer, current buffer count is 1
I1102 18:14:10.515163 IO-0/EL  message_connection.cpp:269] LauncherConnection[1]: Handshake done
I1102 18:14:10.519076 Server/E engine.cpp:674] Engine: New message connection
I1102 18:14:10.519105 IO-0/EL  engine.cpp:277] Engine: Receive new handshake message from message connection
I1102 18:14:10.519111 IO-0/EL  worker_manager.cpp:60] WorkerManager: FuncWorker of func_id 1, client_id 1 connected
I1102 18:14:10.519122 IO-0/EL  dispatcher.cpp:47] Dispatcher[1]: min_workers=32
I1102 18:14:10.519126 IO-0/EL  dispatcher.cpp:51] Dispatcher[1]: max_workers=32
I1102 18:14:10.519150 IO-0/EL  message_connection.cpp:269] FuncWorkerConnection[1-1]: Handshake done
I1102 18:14:10.520651 Server/E engine.cpp:674] Engine: New message connection
I1102 18:14:10.520674 IO-0/EL  engine.cpp:277] Engine: Receive new handshake message from message connection
I1102 18:14:10.520679 IO-0/EL  worker_manager.cpp:60] WorkerManager: FuncWorker of func_id 1, client_id 2 connected
I1102 18:14:10.520695 IO-0/EL  message_connection.cpp:269] FuncWorkerConnection[1-2]: Handshake done
I1102 18:14:10.521023 Server/E engine.cpp:674] Engine: New message connection
I1102 18:14:10.521047 IO-0/EL  engine.cpp:277] Engine: Receive new handshake message from message connection
I1102 18:14:10.521052 IO-0/EL  worker_manager.cpp:60] WorkerManager: FuncWorker of func_id 1, client_id 3 connected
I1102 18:14:10.521065 IO-0/EL  message_connection.cpp:269] FuncWorkerConnection[1-3]: Handshake done
I1102 18:14:10.521429 Server/E engine.cpp:674] Engine: New message connection
I1102 18:14:10.521449 IO-0/EL  engine.cpp:277] Engine: Receive new handshake message from message connection
I1102 18:14:10.521454 IO-0/EL  worker_manager.cpp:60] WorkerManager: FuncWorker of func_id 1, client_id 4 connected
I1102 18:14:10.521467 IO-0/EL  message_connection.cpp:269] FuncWorkerConnection[1-4]: Handshake done
I1102 18:14:10.523766 Server/E engine.cpp:674] Engine: New message connection
I1102 18:14:10.523839 IO-0/EL  engine.cpp:277] Engine: Receive new handshake message from message connection
I1102 18:14:10.523845 IO-0/EL  worker_manager.cpp:60] WorkerManager: FuncWorker of func_id 1, client_id 5 connected
I1102 18:14:10.523860 IO-0/EL  message_connection.cpp:269] FuncWorkerConnection[1-5]: Handshake done
I1102 18:14:10.524737 Server/E engine.cpp:674] Engine: New message connection
I1102 18:14:10.524780 IO-0/EL  engine.cpp:277] Engine: Receive new handshake message from message connection
I1102 18:14:10.524786 IO-0/EL  worker_manager.cpp:60] WorkerManager: FuncWorker of func_id 1, client_id 6 connected
I1102 18:14:10.524799 IO-0/EL  message_connection.cpp:269] FuncWorkerConnection[1-6]: Handshake done
I1102 18:14:10.525147 Server/E engine.cpp:674] Engine: New message connection
I1102 18:14:10.525259 IO-0/EL  engine.cpp:277] Engine: Receive new handshake message from message connection
I1102 18:14:10.525264 IO-0/EL  worker_manager.cpp:60] WorkerManager: FuncWorker of func_id 1, client_id 7 connected
I1102 18:14:10.525277 IO-0/EL  message_connection.cpp:269] FuncWorkerConnection[1-7]: Handshake done
I1102 18:14:10.525923 Server/E engine.cpp:674] Engine: New message connection
I1102 18:14:10.525951 IO-0/EL  engine.cpp:277] Engine: Receive new handshake message from message connection
I1102 18:14:10.525956 IO-0/EL  worker_manager.cpp:60] WorkerManager: FuncWorker of func_id 1, client_id 8 connected
I1102 18:14:10.525957 Server/E engine.cpp:674] Engine: New message connection
I1102 18:14:10.525970 IO-0/EL  message_connection.cpp:269] FuncWorkerConnection[1-8]: Handshake done
I1102 18:14:10.525984 IO-0/EL  engine.cpp:277] Engine: Receive new handshake message from message connection
I1102 18:14:10.525988 IO-0/EL  worker_manager.cpp:60] WorkerManager: FuncWorker of func_id 1, client_id 9 connected
I1102 18:14:10.526002 IO-0/EL  message_connection.cpp:269] FuncWorkerConnection[1-9]: Handshake done
I1102 18:14:10.526267 Server/E engine.cpp:674] Engine: New message connection
I1102 18:14:10.526298 IO-0/EL  engine.cpp:277] Engine: Receive new handshake message from message connection
I1102 18:14:10.526303 IO-0/EL  worker_manager.cpp:60] WorkerManager: FuncWorker of func_id 1, client_id 10 connected
I1102 18:14:10.526316 IO-0/EL  message_connection.cpp:269] FuncWorkerConnection[1-10]: Handshake done
I1102 18:14:10.526982 Server/E engine.cpp:674] Engine: New message connection
I1102 18:14:10.527013 IO-0/EL  engine.cpp:277] Engine: Receive new handshake message from message connection
I1102 18:14:10.527017 IO-0/EL  worker_manager.cpp:60] WorkerManager: FuncWorker of func_id 1, client_id 11 connected
I1102 18:14:10.527030 IO-0/EL  message_connection.cpp:269] FuncWorkerConnection[1-11]: Handshake done
I1102 18:14:10.528821 Server/E engine.cpp:674] Engine: New message connection
I1102 18:14:10.528855 IO-0/EL  engine.cpp:277] Engine: Receive new handshake message from message connection
I1102 18:14:10.528860 IO-0/EL  worker_manager.cpp:60] WorkerManager: FuncWorker of func_id 1, client_id 13 connected
I1102 18:14:10.528873 IO-0/EL  message_connection.cpp:269] FuncWorkerConnection[1-13]: Handshake done
I1102 18:14:10.529429 Server/E engine.cpp:674] Engine: New message connection
I1102 18:14:10.529463 IO-0/EL  engine.cpp:277] Engine: Receive new handshake message from message connection
I1102 18:14:10.529468 IO-0/EL  worker_manager.cpp:60] WorkerManager: FuncWorker of func_id 1, client_id 12 connected
I1102 18:14:10.529481 IO-0/EL  message_connection.cpp:269] FuncWorkerConnection[1-12]: Handshake done
I1102 18:14:10.529870 Server/E engine.cpp:674] Engine: New message connection
I1102 18:14:10.529903 IO-0/EL  engine.cpp:277] Engine: Receive new handshake message from message connection
I1102 18:14:10.529908 IO-0/EL  worker_manager.cpp:60] WorkerManager: FuncWorker of func_id 1, client_id 15 connected
I1102 18:14:10.529929 IO-0/EL  message_connection.cpp:269] FuncWorkerConnection[1-15]: Handshake done
I1102 18:14:10.530170 Server/E engine.cpp:674] Engine: New message connection
I1102 18:14:10.530216 IO-0/EL  engine.cpp:277] Engine: Receive new handshake message from message connection
I1102 18:14:10.530221 IO-0/EL  worker_manager.cpp:60] WorkerManager: FuncWorker of func_id 1, client_id 14 connected
I1102 18:14:10.530235 IO-0/EL  message_connection.cpp:269] FuncWorkerConnection[1-14]: Handshake done
I1102 18:14:10.530918 Server/E engine.cpp:674] Engine: New message connection
I1102 18:14:10.530952 IO-0/EL  engine.cpp:277] Engine: Receive new handshake message from message connection
I1102 18:14:10.530957 IO-0/EL  worker_manager.cpp:60] WorkerManager: FuncWorker of func_id 1, client_id 17 connected
I1102 18:14:10.530971 IO-0/EL  message_connection.cpp:269] FuncWorkerConnection[1-17]: Handshake done
I1102 18:14:10.531422 Server/E engine.cpp:674] Engine: New message connection
I1102 18:14:10.531455 IO-0/EL  engine.cpp:277] Engine: Receive new handshake message from message connection
I1102 18:14:10.531469 IO-0/EL  worker_manager.cpp:60] WorkerManager: FuncWorker of func_id 1, client_id 18 connected
I1102 18:14:10.531490 IO-0/EL  message_connection.cpp:269] FuncWorkerConnection[1-18]: Handshake done
I1102 18:14:10.532418 Server/E engine.cpp:674] Engine: New message connection
I1102 18:14:10.532456 IO-0/EL  engine.cpp:277] Engine: Receive new handshake message from message connection
I1102 18:14:10.532461 IO-0/EL  worker_manager.cpp:60] WorkerManager: FuncWorker of func_id 1, client_id 16 connected
I1102 18:14:10.532474 IO-0/EL  message_connection.cpp:269] FuncWorkerConnection[1-16]: Handshake done
I1102 18:14:10.533126 Server/E engine.cpp:674] Engine: New message connection
I1102 18:14:10.533159 Server/E engine.cpp:674] Engine: New message connection
I1102 18:14:10.533163 IO-0/EL  engine.cpp:277] Engine: Receive new handshake message from message connection
I1102 18:14:10.533169 IO-0/EL  worker_manager.cpp:60] WorkerManager: FuncWorker of func_id 1, client_id 20 connected
I1102 18:14:10.533182 IO-0/EL  message_connection.cpp:269] FuncWorkerConnection[1-20]: Handshake done
I1102 18:14:10.533196 IO-0/EL  engine.cpp:277] Engine: Receive new handshake message from message connection
I1102 18:14:10.533200 IO-0/EL  worker_manager.cpp:60] WorkerManager: FuncWorker of func_id 1, client_id 19 connected
I1102 18:14:10.533213 IO-0/EL  message_connection.cpp:269] FuncWorkerConnection[1-19]: Handshake done
I1102 18:14:10.533518 Server/E engine.cpp:674] Engine: New message connection
I1102 18:14:10.533551 IO-0/EL  engine.cpp:277] Engine: Receive new handshake message from message connection
I1102 18:14:10.533556 IO-0/EL  worker_manager.cpp:60] WorkerManager: FuncWorker of func_id 1, client_id 21 connected
I1102 18:14:10.533569 IO-0/EL  message_connection.cpp:269] FuncWorkerConnection[1-21]: Handshake done
I1102 18:14:10.533989 Server/E engine.cpp:674] Engine: New message connection
I1102 18:14:10.534020 IO-0/EL  engine.cpp:277] Engine: Receive new handshake message from message connection
I1102 18:14:10.534024 IO-0/EL  worker_manager.cpp:60] WorkerManager: FuncWorker of func_id 1, client_id 22 connected
I1102 18:14:10.534037 IO-0/EL  message_connection.cpp:269] FuncWorkerConnection[1-22]: Handshake done
I1102 18:14:10.534402 Server/E engine.cpp:674] Engine: New message connection
I1102 18:14:10.534438 IO-0/EL  engine.cpp:277] Engine: Receive new handshake message from message connection
I1102 18:14:10.534443 IO-0/EL  worker_manager.cpp:60] WorkerManager: FuncWorker of func_id 1, client_id 23 connected
I1102 18:14:10.534455 IO-0/EL  message_connection.cpp:269] FuncWorkerConnection[1-23]: Handshake done
I1102 18:14:10.534845 Server/E engine.cpp:674] Engine: New message connection
I1102 18:14:10.534874 IO-0/EL  engine.cpp:277] Engine: Receive new handshake message from message connection
I1102 18:14:10.534878 IO-0/EL  worker_manager.cpp:60] WorkerManager: FuncWorker of func_id 1, client_id 24 connected
I1102 18:14:10.534891 IO-0/EL  message_connection.cpp:269] FuncWorkerConnection[1-24]: Handshake done
I1102 18:14:10.535282 Server/E engine.cpp:674] Engine: New message connection
I1102 18:14:10.535316 IO-0/EL  engine.cpp:277] Engine: Receive new handshake message from message connection
I1102 18:14:10.535321 IO-0/EL  worker_manager.cpp:60] WorkerManager: FuncWorker of func_id 1, client_id 25 connected
I1102 18:14:10.535334 IO-0/EL  message_connection.cpp:269] FuncWorkerConnection[1-25]: Handshake done
I1102 18:14:10.535805 Server/E engine.cpp:674] Engine: New message connection
I1102 18:14:10.535833 IO-0/EL  engine.cpp:277] Engine: Receive new handshake message from message connection
I1102 18:14:10.535837 IO-0/EL  worker_manager.cpp:60] WorkerManager: FuncWorker of func_id 1, client_id 26 connected
I1102 18:14:10.535851 IO-0/EL  message_connection.cpp:269] FuncWorkerConnection[1-26]: Handshake done
I1102 18:14:10.536209 Server/E engine.cpp:674] Engine: New message connection
I1102 18:14:10.536242 IO-0/EL  engine.cpp:277] Engine: Receive new handshake message from message connection
I1102 18:14:10.536253 IO-0/EL  worker_manager.cpp:60] WorkerManager: FuncWorker of func_id 1, client_id 27 connected
I1102 18:14:10.536266 IO-0/EL  message_connection.cpp:269] FuncWorkerConnection[1-27]: Handshake done
I1102 18:14:10.536658 Server/E engine.cpp:674] Engine: New message connection
I1102 18:14:10.536690 IO-0/EL  engine.cpp:277] Engine: Receive new handshake message from message connection
I1102 18:14:10.536695 IO-0/EL  worker_manager.cpp:60] WorkerManager: FuncWorker of func_id 1, client_id 28 connected
I1102 18:14:10.536713 IO-0/EL  message_connection.cpp:269] FuncWorkerConnection[1-28]: Handshake done
I1102 18:14:10.537084 Server/E engine.cpp:674] Engine: New message connection
I1102 18:14:10.537107 IO-0/EL  engine.cpp:277] Engine: Receive new handshake message from message connection
I1102 18:14:10.537112 IO-0/EL  worker_manager.cpp:60] WorkerManager: FuncWorker of func_id 1, client_id 29 connected
I1102 18:14:10.537134 IO-0/EL  message_connection.cpp:269] FuncWorkerConnection[1-29]: Handshake done
I1102 18:14:10.537533 Server/E engine.cpp:674] Engine: New message connection
I1102 18:14:10.537559 IO-0/EL  engine.cpp:277] Engine: Receive new handshake message from message connection
I1102 18:14:10.537564 IO-0/EL  worker_manager.cpp:60] WorkerManager: FuncWorker of func_id 1, client_id 30 connected
I1102 18:14:10.537577 IO-0/EL  message_connection.cpp:269] FuncWorkerConnection[1-30]: Handshake done
I1102 18:14:10.537956 Server/E engine.cpp:674] Engine: New message connection
I1102 18:14:10.537980 IO-0/EL  engine.cpp:277] Engine: Receive new handshake message from message connection
I1102 18:14:10.537985 IO-0/EL  worker_manager.cpp:60] WorkerManager: FuncWorker of func_id 1, client_id 31 connected
I1102 18:14:10.537997 IO-0/EL  message_connection.cpp:269] FuncWorkerConnection[1-31]: Handshake done
I1102 18:14:10.538404 Server/E engine.cpp:674] Engine: New message connection
I1102 18:14:10.538434 IO-0/EL  engine.cpp:277] Engine: Receive new handshake message from message connection
I1102 18:14:10.538438 IO-0/EL  worker_manager.cpp:60] WorkerManager: FuncWorker of func_id 1, client_id 32 connected
I1102 18:14:10.538451 IO-0/EL  message_connection.cpp:269] FuncWorkerConnection[1-32]: Handshake done
I1102 18:14:13.444872 IO-0/EL  buffer_pool.h:25] BufferPool[IO-0_Write]: Allocate new buffer, current buffer count is 2
I1102 18:14:13.444901 IO-0/EL  buffer_pool.h:25] BufferPool[IO-0_Write]: Allocate new buffer, current buffer count is 3
I1102 18:14:13.444918 IO-0/EL  buffer_pool.h:25] BufferPool[IO-0_Write]: Allocate new buffer, current buffer count is 4
I1102 18:14:13.444928 IO-0/EL  buffer_pool.h:25] BufferPool[IO-0_Write]: Allocate new buffer, current buffer count is 5
I1102 18:14:13.444942 IO-0/EL  buffer_pool.h:25] BufferPool[IO-0_Write]: Allocate new buffer, current buffer count is 6
I1102 18:14:13.444953 IO-0/EL  buffer_pool.h:25] BufferPool[IO-0_Write]: Allocate new buffer, current buffer count is 7
I1102 18:14:13.444965 IO-0/EL  buffer_pool.h:25] BufferPool[IO-0_Write]: Allocate new buffer, current buffer count is 8
I1102 18:14:13.444978 IO-0/EL  buffer_pool.h:25] BufferPool[IO-0_Write]: Allocate new buffer, current buffer count is 9
I1102 18:14:13.444993 IO-0/EL  buffer_pool.h:25] BufferPool[IO-0_Write]: Allocate new buffer, current buffer count is 10
I1102 18:14:13.445005 IO-0/EL  buffer_pool.h:25] BufferPool[IO-0_Write]: Allocate new buffer, current buffer count is 11
I1102 18:14:13.445019 IO-0/EL  buffer_pool.h:25] BufferPool[IO-0_Write]: Allocate new buffer, current buffer count is 12
I1102 18:14:13.445031 IO-0/EL  buffer_pool.h:25] BufferPool[IO-0_Write]: Allocate new buffer, current buffer count is 13
I1102 18:14:13.445045 IO-0/EL  buffer_pool.h:25] BufferPool[IO-0_Write]: Allocate new buffer, current buffer count is 14
I1102 18:14:13.445057 IO-0/EL  buffer_pool.h:25] BufferPool[IO-0_Write]: Allocate new buffer, current buffer count is 15
I1102 18:14:13.445072 IO-0/EL  buffer_pool.h:25] BufferPool[IO-0_Write]: Allocate new buffer, current buffer count is 16
I1102 18:14:13.445087 IO-0/EL  buffer_pool.h:25] BufferPool[IO-0_Write]: Allocate new buffer, current buffer count is 17
I1102 18:14:13.445114 IO-0/EL  buffer_pool.h:25] BufferPool[IO-0_Write]: Allocate new buffer, current buffer count is 18
I1102 18:14:13.445127 IO-0/EL  buffer_pool.h:25] BufferPool[IO-0_Write]: Allocate new buffer, current buffer count is 19
I1102 18:14:13.445144 IO-0/EL  buffer_pool.h:25] BufferPool[IO-0_Write]: Allocate new buffer, current buffer count is 20
I1102 18:14:13.445155 IO-0/EL  buffer_pool.h:25] BufferPool[IO-0_Write]: Allocate new buffer, current buffer count is 21
I1102 18:14:13.445171 IO-0/EL  buffer_pool.h:25] BufferPool[IO-0_Write]: Allocate new buffer, current buffer count is 22
I1102 18:14:13.445184 IO-0/EL  buffer_pool.h:25] BufferPool[IO-0_Write]: Allocate new buffer, current buffer count is 23
I1102 18:14:13.445196 IO-0/EL  buffer_pool.h:25] BufferPool[IO-0_Write]: Allocate new buffer, current buffer count is 24
I1102 18:14:13.445213 IO-0/EL  buffer_pool.h:25] BufferPool[IO-0_Write]: Allocate new buffer, current buffer count is 25
I1102 18:14:13.445226 IO-0/EL  buffer_pool.h:25] BufferPool[IO-0_Write]: Allocate new buffer, current buffer count is 26
I1102 18:14:13.445242 IO-0/EL  buffer_pool.h:25] BufferPool[IO-0_Write]: Allocate new buffer, current buffer count is 27
I1102 18:14:13.445254 IO-0/EL  buffer_pool.h:25] BufferPool[IO-0_Write]: Allocate new buffer, current buffer count is 28
I1102 18:14:13.445276 IO-0/EL  buffer_pool.h:25] BufferPool[IO-0_Write]: Allocate new buffer, current buffer count is 29
I1102 18:14:13.445288 IO-0/EL  buffer_pool.h:25] BufferPool[IO-0_Write]: Allocate new buffer, current buffer count is 30
I1102 18:14:13.445302 IO-0/EL  buffer_pool.h:25] BufferPool[IO-0_Write]: Allocate new buffer, current buffer count is 31
I1102 18:14:13.445317 IO-0/EL  buffer_pool.h:25] BufferPool[IO-0_Write]: Allocate new buffer, current buffer count is 32
I1102 18:14:13.445364 IO-0/EL  buffer_pool.h:25] BufferPool[IO-0_Write]: Allocate new buffer, current buffer count is 33
I1102 18:14:13.445379 IO-0/EL  buffer_pool.h:25] BufferPool[IO-0_Write]: Allocate new buffer, current buffer count is 34
I1102 18:14:13.445390 IO-0/EL  buffer_pool.h:25] BufferPool[IO-0_Write]: Allocate new buffer, current buffer count is 35
I1102 18:14:13.445401 IO-0/EL  buffer_pool.h:25] BufferPool[IO-0_Write]: Allocate new buffer, current buffer count is 36
I1102 18:14:13.445413 IO-0/EL  buffer_pool.h:25] BufferPool[IO-0_Write]: Allocate new buffer, current buffer count is 37
I1102 18:14:13.445423 IO-0/EL  buffer_pool.h:25] BufferPool[IO-0_Write]: Allocate new buffer, current buffer count is 38
I1102 18:14:13.445435 IO-0/EL  buffer_pool.h:25] BufferPool[IO-0_Write]: Allocate new buffer, current buffer count is 39
I1102 18:14:13.445446 IO-0/EL  buffer_pool.h:25] BufferPool[IO-0_Write]: Allocate new buffer, current buffer count is 40
I1102 18:14:13.445458 IO-0/EL  buffer_pool.h:25] BufferPool[IO-0_Write]: Allocate new buffer, current buffer count is 41
I1102 18:14:13.445472 IO-0/EL  buffer_pool.h:25] BufferPool[IO-0_Write]: Allocate new buffer, current buffer count is 42
I1102 18:14:13.445488 IO-0/EL  buffer_pool.h:25] BufferPool[IO-0_Write]: Allocate new buffer, current buffer count is 43
I1102 18:14:13.445498 IO-0/EL  buffer_pool.h:25] BufferPool[IO-0_Write]: Allocate new buffer, current buffer count is 44
I1102 18:14:13.445508 IO-0/EL  buffer_pool.h:25] BufferPool[IO-0_Write]: Allocate new buffer, current buffer count is 45
I1102 18:14:15.018744 IO-0/EL  buffer_pool.h:25] BufferPool[IO-0_Write]: Allocate new buffer, current buffer count is 46
I1102 18:14:15.018771 IO-0/EL  buffer_pool.h:25] BufferPool[IO-0_Write]: Allocate new buffer, current buffer count is 47
I1102 18:14:15.018782 IO-0/EL  buffer_pool.h:25] BufferPool[IO-0_Write]: Allocate new buffer, current buffer count is 48
I1102 18:14:15.018792 IO-0/EL  buffer_pool.h:25] BufferPool[IO-0_Write]: Allocate new buffer, current buffer count is 49
I1102 18:14:16.595024 IO-0/EL  buffer_pool.h:25] BufferPool[IO-0_Write]: Allocate new buffer, current buffer count is 50
I1102 18:14:16.595056 IO-0/EL  buffer_pool.h:25] BufferPool[IO-0_Write]: Allocate new buffer, current buffer count is 51
I1102 18:14:16.595066 IO-0/EL  buffer_pool.h:25] BufferPool[IO-0_Write]: Allocate new buffer, current buffer count is 52
I1102 18:14:16.595075 IO-0/EL  buffer_pool.h:25] BufferPool[IO-0_Write]: Allocate new buffer, current buffer count is 53
I1102 18:14:16.595084 IO-0/EL  buffer_pool.h:25] BufferPool[IO-0_Write]: Allocate new buffer, current buffer count is 54
I1102 18:14:16.595094 IO-0/EL  buffer_pool.h:25] BufferPool[IO-0_Write]: Allocate new buffer, current buffer count is 55
I1102 18:14:18.493387 Main     server_base.cpp:35] Server: Scheduled to stop
I1102 18:14:18.493568 IO-0/EL  message_connection.cpp:284] LauncherConnection[1]: Connection closed remotely
I1102 18:14:18.493551 Server/E server_base.cpp:109] Server: Start stopping process
I1102 18:14:18.493628 IO-0/EL  io_worker.cpp:206] IO-0: Start stopping process
I1102 18:14:18.493696 Server/E server_base.cpp:55] Server: Event loop finishes
