I1102 18:48:25.462100 Main     thread.cpp:100] Register main thread: tid=1388698
E1102 18:48:25.462385 Main     docker.cpp:59] Cannot find docker's cgroup in /proc/self/cgroup
I1102 18:48:25.462432 Main     func_config.cpp:135] Load configuration for function Echo[1]
I1102 18:48:25.462442 Main     engine.cpp:109] Engine: Start 1 IO workers
I1102 18:48:25.465719 IO-0/EL  thread.cpp:40] Start thread: IO-0/EL
I1102 18:48:25.465771 IO-0/EL  io_worker.cpp:192] IO-0: Event loop starts
Checking for file descriptor...
Got a file descriptor!
I1102 18:48:27.362609 Main     engine.cpp:180] Engine: Created 1 Machnet connections to Gateway at 10.10.1.2:10007
I1102 18:48:27.362748 Main     engine.cpp:208] Engine: Listen on /dev/shm/faas_ipc/engine.sock for IPC connections
I1102 18:48:27.363016 Server/E thread.cpp:40] Start thread: Server/EL
I1102 18:48:27.363074 Server/E server_base.cpp:50] Server: Event loop starts
I1102 18:48:27.464692 Server/E engine.cpp:674] Engine: New message connection
I1102 18:48:27.467892 IO-0/EL  buffer_pool.h:25] BufferPool[IO-0_Read]: Allocate new buffer, current buffer count is 1
I1102 18:48:27.467923 IO-0/EL  engine.cpp:277] Engine: Receive new handshake message from message connection
I1102 18:48:27.467928 IO-0/EL  worker_manager.cpp:23] WorkerManager: Launcher of func_id 1 connected
I1102 18:48:27.467932 IO-0/EL  worker_manager.cpp:131] WorkerManager: Request new FuncWorker for func_id 1 with client_id 1
I1102 18:48:27.467952 IO-0/EL  worker_manager.cpp:131] WorkerManager: Request new FuncWorker for func_id 1 with client_id 2
I1102 18:48:27.467964 IO-0/EL  worker_manager.cpp:131] WorkerManager: Request new FuncWorker for func_id 1 with client_id 3
I1102 18:48:27.467973 IO-0/EL  worker_manager.cpp:131] WorkerManager: Request new FuncWorker for func_id 1 with client_id 4
I1102 18:48:27.467982 IO-0/EL  worker_manager.cpp:131] WorkerManager: Request new FuncWorker for func_id 1 with client_id 5
I1102 18:48:27.467991 IO-0/EL  worker_manager.cpp:131] WorkerManager: Request new FuncWorker for func_id 1 with client_id 6
I1102 18:48:27.468002 IO-0/EL  worker_manager.cpp:131] WorkerManager: Request new FuncWorker for func_id 1 with client_id 7
I1102 18:48:27.468012 IO-0/EL  worker_manager.cpp:131] WorkerManager: Request new FuncWorker for func_id 1 with client_id 8
I1102 18:48:27.468047 IO-0/EL  buffer_pool.h:25] BufferPool[IO-0_Write]: Allocate new buffer, current buffer count is 1
I1102 18:48:27.468061 IO-0/EL  message_connection.cpp:269] LauncherConnection[1]: Handshake done
I1102 18:48:27.473376 Server/E engine.cpp:674] Engine: New message connection
I1102 18:48:27.473409 IO-0/EL  engine.cpp:277] Engine: Receive new handshake message from message connection
I1102 18:48:27.473415 IO-0/EL  worker_manager.cpp:60] WorkerManager: FuncWorker of func_id 1, client_id 2 connected
I1102 18:48:27.473426 IO-0/EL  dispatcher.cpp:47] Dispatcher[1]: min_workers=8
I1102 18:48:27.473428 Server/E engine.cpp:674] Engine: New message connection
I1102 18:48:27.473430 IO-0/EL  dispatcher.cpp:51] Dispatcher[1]: max_workers=8
I1102 18:48:27.473456 IO-0/EL  message_connection.cpp:269] FuncWorkerConnection[1-2]: Handshake done
I1102 18:48:27.473477 IO-0/EL  engine.cpp:277] Engine: Receive new handshake message from message connection
I1102 18:48:27.473482 IO-0/EL  worker_manager.cpp:60] WorkerManager: FuncWorker of func_id 1, client_id 1 connected
I1102 18:48:27.473496 IO-0/EL  message_connection.cpp:269] FuncWorkerConnection[1-1]: Handshake done
I1102 18:48:27.475648 Server/E engine.cpp:674] Engine: New message connection
I1102 18:48:27.475674 IO-0/EL  engine.cpp:277] Engine: Receive new handshake message from message connection
I1102 18:48:27.475680 IO-0/EL  worker_manager.cpp:60] WorkerManager: FuncWorker of func_id 1, client_id 5 connected
I1102 18:48:27.475694 IO-0/EL  message_connection.cpp:269] FuncWorkerConnection[1-5]: Handshake done
I1102 18:48:27.476163 Server/E engine.cpp:674] Engine: New message connection
I1102 18:48:27.476189 IO-0/EL  engine.cpp:277] Engine: Receive new handshake message from message connection
I1102 18:48:27.476194 IO-0/EL  worker_manager.cpp:60] WorkerManager: FuncWorker of func_id 1, client_id 3 connected
I1102 18:48:27.476223 IO-0/EL  message_connection.cpp:269] FuncWorkerConnection[1-3]: Handshake done
I1102 18:48:27.476569 Server/E engine.cpp:674] Engine: New message connection
I1102 18:48:27.476588 IO-0/EL  engine.cpp:277] Engine: Receive new handshake message from message connection
I1102 18:48:27.476593 IO-0/EL  worker_manager.cpp:60] WorkerManager: FuncWorker of func_id 1, client_id 4 connected
I1102 18:48:27.476606 IO-0/EL  message_connection.cpp:269] FuncWorkerConnection[1-4]: Handshake done
I1102 18:48:27.477201 Server/E engine.cpp:674] Engine: New message connection
I1102 18:48:27.477236 IO-0/EL  engine.cpp:277] Engine: Receive new handshake message from message connection
I1102 18:48:27.477241 IO-0/EL  worker_manager.cpp:60] WorkerManager: FuncWorker of func_id 1, client_id 6 connected
I1102 18:48:27.477254 IO-0/EL  message_connection.cpp:269] FuncWorkerConnection[1-6]: Handshake done
I1102 18:48:27.477596 Server/E engine.cpp:674] Engine: New message connection
I1102 18:48:27.477618 IO-0/EL  engine.cpp:277] Engine: Receive new handshake message from message connection
I1102 18:48:27.477623 IO-0/EL  worker_manager.cpp:60] WorkerManager: FuncWorker of func_id 1, client_id 7 connected
I1102 18:48:27.477636 IO-0/EL  message_connection.cpp:269] FuncWorkerConnection[1-7]: Handshake done
I1102 18:48:27.480183 Server/E engine.cpp:674] Engine: New message connection
I1102 18:48:27.480211 IO-0/EL  engine.cpp:277] Engine: Receive new handshake message from message connection
I1102 18:48:27.480216 IO-0/EL  worker_manager.cpp:60] WorkerManager: FuncWorker of func_id 1, client_id 8 connected
I1102 18:48:27.480229 IO-0/EL  message_connection.cpp:269] FuncWorkerConnection[1-8]: Handshake done
I1102 18:48:30.389779 IO-0/EL  buffer_pool.h:25] BufferPool[IO-0_Write]: Allocate new buffer, current buffer count is 2
I1102 18:48:30.389807 IO-0/EL  buffer_pool.h:25] BufferPool[IO-0_Write]: Allocate new buffer, current buffer count is 3
I1102 18:48:30.389817 IO-0/EL  buffer_pool.h:25] BufferPool[IO-0_Write]: Allocate new buffer, current buffer count is 4
I1102 18:48:30.389825 IO-0/EL  buffer_pool.h:25] BufferPool[IO-0_Write]: Allocate new buffer, current buffer count is 5
I1102 18:48:32.553108 IO-0/EL  buffer_pool.h:25] BufferPool[IO-0_Write]: Allocate new buffer, current buffer count is 6
I1102 18:48:32.553129 IO-0/EL  buffer_pool.h:25] BufferPool[IO-0_Write]: Allocate new buffer, current buffer count is 7
I1102 18:48:32.553139 IO-0/EL  buffer_pool.h:25] BufferPool[IO-0_Write]: Allocate new buffer, current buffer count is 8
I1102 18:48:32.553153 IO-0/EL  buffer_pool.h:25] BufferPool[IO-0_Write]: Allocate new buffer, current buffer count is 9
I1102 18:48:35.409812 Main     server_base.cpp:35] Server: Scheduled to stop
I1102 18:48:35.409940 IO-0/EL  message_connection.cpp:284] LauncherConnection[1]: Connection closed remotely
I1102 18:48:35.409939 Server/E server_base.cpp:109] Server: Start stopping process
I1102 18:48:35.410020 IO-0/EL  io_worker.cpp:206] IO-0: Start stopping process
