I1102 18:58:39.481551 Main     thread.cpp:100] Register main thread: tid=1391916
E1102 18:58:39.481690 Main     docker.cpp:59] Cannot find docker's cgroup in /proc/self/cgroup
I1102 18:58:39.484920 Launcher thread.cpp:40] Start thread: Launcher/EL
I1102 18:58:39.484968 Launcher thread.cpp:64] Does not find cpuset setting for IO threads (can be set by FAAS_IO_THREAD_CPUSET)
I1102 18:58:39.484974 Launcher thread.cpp:82] Does not find nice setting for IO threads (can be set by FAAS_IO_THREAD_NICE)
I1102 18:58:39.484978 Launcher launcher.cpp:96] Launcher: Event loop starts
I1102 18:58:39.484996 Launcher engine_connection.cpp:93] EngineConnection: Connected to engine, start writing handshake message
I1102 18:58:39.485424 Launcher buffer_pool.h:25] BufferPool[Launcher]: Allocate new buffer, current buffer count is 1
I1102 18:58:39.485456 Launcher func_config.cpp:135] Load configuration for function Echo[1]
I1102 18:58:39.485466 Launcher engine_connection.cpp:65] EngineConnection: Handshake done
W1102 18:58:39.505121 Launcher engine_connection.cpp:166] EngineConnection: nread=0, will do nothing
I1102 18:58:47.412757 Main     launcher.cpp:44] Launcher: Scheduled to stop
E1102 18:58:47.413162 Launcher launcher.cpp:72] Launcher: Connection to engine disconnected
I1102 18:58:47.413186 Launcher launcher.cpp:44] Launcher: Scheduled to stop
W1102 18:58:47.437994 Launcher launcher.cpp:87] Launcher: Function process 1 terminated
W1102 18:58:47.447097 Launcher launcher.cpp:87] Launcher: Function process 31 terminated
W1102 18:58:47.447130 Launcher launcher.cpp:87] Launcher: Function process 30 terminated
W1102 18:58:47.447138 Launcher launcher.cpp:87] Launcher: Function process 29 terminated
W1102 18:58:47.447144 Launcher launcher.cpp:87] Launcher: Function process 28 terminated
W1102 18:58:47.447149 Launcher launcher.cpp:87] Launcher: Function process 27 terminated
W1102 18:58:47.447155 Launcher launcher.cpp:87] Launcher: Function process 26 terminated
W1102 18:58:47.447161 Launcher launcher.cpp:87] Launcher: Function process 25 terminated
W1102 18:58:47.447167 Launcher launcher.cpp:87] Launcher: Function process 24 terminated
W1102 18:58:47.447173 Launcher launcher.cpp:87] Launcher: Function process 21 terminated
W1102 18:58:47.447179 Launcher launcher.cpp:87] Launcher: Function process 20 terminated
W1102 18:58:47.447185 Launcher launcher.cpp:87] Launcher: Function process 18 terminated
W1102 18:58:47.447191 Launcher launcher.cpp:87] Launcher: Function process 15 terminated
W1102 18:58:47.447197 Launcher launcher.cpp:87] Launcher: Function process 5 terminated
W1102 18:58:47.447204 Launcher launcher.cpp:87] Launcher: Function process 4 terminated
W1102 18:58:47.447847 Launcher launcher.cpp:87] Launcher: Function process 23 terminated
W1102 18:58:47.447859 Launcher launcher.cpp:87] Launcher: Function process 22 terminated
W1102 18:58:47.447865 Launcher launcher.cpp:87] Launcher: Function process 19 terminated
W1102 18:58:47.447871 Launcher launcher.cpp:87] Launcher: Function process 17 terminated
W1102 18:58:47.447877 Launcher launcher.cpp:87] Launcher: Function process 16 terminated
W1102 18:58:47.447883 Launcher launcher.cpp:87] Launcher: Function process 14 terminated
W1102 18:58:47.447889 Launcher launcher.cpp:87] Launcher: Function process 13 terminated
W1102 18:58:47.447895 Launcher launcher.cpp:87] Launcher: Function process 12 terminated
W1102 18:58:47.447900 Launcher launcher.cpp:87] Launcher: Function process 11 terminated
W1102 18:58:47.447906 Launcher launcher.cpp:87] Launcher: Function process 10 terminated
W1102 18:58:47.447912 Launcher launcher.cpp:87] Launcher: Function process 9 terminated
W1102 18:58:47.447918 Launcher launcher.cpp:87] Launcher: Function process 8 terminated
W1102 18:58:47.447923 Launcher launcher.cpp:87] Launcher: Function process 7 terminated
W1102 18:58:47.447929 Launcher launcher.cpp:87] Launcher: Function process 6 terminated
W1102 18:58:47.447935 Launcher launcher.cpp:87] Launcher: Function process 3 terminated
W1102 18:58:47.447941 Launcher launcher.cpp:87] Launcher: Function process 2 terminated
W1102 18:58:47.447970 Launcher launcher.cpp:87] Launcher: Function process 0 terminated
I1102 18:58:47.447977 Launcher launcher.cpp:101] Launcher: Event loop finishes
I1102 18:58:47.448046 Main     launcher.cpp:68] Launcher: Stopped
