I1102 18:05:21.510906 Main     thread.cpp:100] Register main thread: tid=1369763
E1102 18:05:21.511187 Main     docker.cpp:59] Cannot find docker's cgroup in /proc/self/cgroup
I1102 18:05:21.511239 Main     func_config.cpp:135] Load configuration for function Noop[1]
I1102 18:05:21.511250 Main     engine.cpp:109] Engine: Start 1 IO workers
I1102 18:05:21.514524 IO-0/EL  thread.cpp:40] Start thread: IO-0/EL
I1102 18:05:21.514573 IO-0/EL  io_worker.cpp:192] IO-0: Event loop starts
Checking for file descriptor...
Got a file descriptor!
I1102 18:05:23.352794 Main     engine.cpp:180] Engine: Created 1 Machnet connections to Gateway at 10.10.1.2:10007
I1102 18:05:23.352919 Main     engine.cpp:208] Engine: Listen on /dev/shm/faas_ipc/engine.sock for IPC connections
I1102 18:05:23.353196 Server/E thread.cpp:40] Start thread: Server/EL
I1102 18:05:23.353298 Server/E server_base.cpp:50] Server: Event loop starts
I1102 18:05:23.514440 Server/E engine.cpp:674] Engine: New message connection
I1102 18:05:23.517636 IO-0/EL  buffer_pool.h:25] BufferPool[IO-0_Read]: Allocate new buffer, current buffer count is 1
I1102 18:05:23.517668 IO-0/EL  engine.cpp:277] Engine: Receive new handshake message from message connection
I1102 18:05:23.517674 IO-0/EL  worker_manager.cpp:23] WorkerManager: Launcher of func_id 1 connected
I1102 18:05:23.517678 IO-0/EL  worker_manager.cpp:131] WorkerManager: Request new FuncWorker for func_id 1 with client_id 1
I1102 18:05:23.517697 IO-0/EL  worker_manager.cpp:131] WorkerManager: Request new FuncWorker for func_id 1 with client_id 2
I1102 18:05:23.517713 IO-0/EL  worker_manager.cpp:131] WorkerManager: Request new FuncWorker for func_id 1 with client_id 3
I1102 18:05:23.517723 IO-0/EL  worker_manager.cpp:131] WorkerManager: Request new FuncWorker for func_id 1 with client_id 4
I1102 18:05:23.517733 IO-0/EL  worker_manager.cpp:131] WorkerManager: Request new FuncWorker for func_id 1 with client_id 5
I1102 18:05:23.517742 IO-0/EL  worker_manager.cpp:131] WorkerManager: Request new FuncWorker for func_id 1 with client_id 6
I1102 18:05:23.517753 IO-0/EL  worker_manager.cpp:131] WorkerManager: Request new FuncWorker for func_id 1 with client_id 7
I1102 18:05:23.517762 IO-0/EL  worker_manager.cpp:131] WorkerManager: Request new FuncWorker for func_id 1 with client_id 8
I1102 18:05:23.517793 IO-0/EL  buffer_pool.h:25] BufferPool[IO-0_Write]: Allocate new buffer, current buffer count is 1
I1102 18:05:23.517810 IO-0/EL  message_connection.cpp:269] LauncherConnection[1]: Handshake done
I1102 18:05:23.521137 Server/E engine.cpp:674] Engine: New message connection
I1102 18:05:23.521169 IO-0/EL  engine.cpp:277] Engine: Receive new handshake message from message connection
I1102 18:05:23.521174 IO-0/EL  worker_manager.cpp:60] WorkerManager: FuncWorker of func_id 1, client_id 1 connected
I1102 18:05:23.521185 IO-0/EL  dispatcher.cpp:47] Dispatcher[1]: min_workers=8
I1102 18:05:23.521189 IO-0/EL  dispatcher.cpp:51] Dispatcher[1]: max_workers=8
I1102 18:05:23.521210 IO-0/EL  message_connection.cpp:269] FuncWorkerConnection[1-1]: Handshake done
I1102 18:05:23.522743 Server/E engine.cpp:674] Engine: New message connection
I1102 18:05:23.522770 IO-0/EL  engine.cpp:277] Engine: Receive new handshake message from message connection
I1102 18:05:23.522775 IO-0/EL  worker_manager.cpp:60] WorkerManager: FuncWorker of func_id 1, client_id 2 connected
I1102 18:05:23.522790 IO-0/EL  message_connection.cpp:269] FuncWorkerConnection[1-2]: Handshake done
I1102 18:05:23.523163 Server/E engine.cpp:674] Engine: New message connection
I1102 18:05:23.523184 IO-0/EL  engine.cpp:277] Engine: Receive new handshake message from message connection
I1102 18:05:23.523188 IO-0/EL  worker_manager.cpp:60] WorkerManager: FuncWorker of func_id 1, client_id 3 connected
I1102 18:05:23.523201 IO-0/EL  message_connection.cpp:269] FuncWorkerConnection[1-3]: Handshake done
I1102 18:05:23.523508 Server/E engine.cpp:674] Engine: New message connection
I1102 18:05:23.523532 IO-0/EL  engine.cpp:277] Engine: Receive new handshake message from message connection
I1102 18:05:23.523536 IO-0/EL  worker_manager.cpp:60] WorkerManager: FuncWorker of func_id 1, client_id 4 connected
I1102 18:05:23.523562 IO-0/EL  message_connection.cpp:269] FuncWorkerConnection[1-4]: Handshake done
I1102 18:05:23.525666 Server/E engine.cpp:674] Engine: New message connection
I1102 18:05:23.525690 IO-0/EL  engine.cpp:277] Engine: Receive new handshake message from message connection
I1102 18:05:23.525695 IO-0/EL  worker_manager.cpp:60] WorkerManager: FuncWorker of func_id 1, client_id 5 connected
I1102 18:05:23.525711 IO-0/EL  message_connection.cpp:269] FuncWorkerConnection[1-5]: Handshake done
I1102 18:05:23.526557 Server/E engine.cpp:674] Engine: New message connection
I1102 18:05:23.526589 IO-0/EL  engine.cpp:277] Engine: Receive new handshake message from message connection
I1102 18:05:23.526594 IO-0/EL  worker_manager.cpp:60] WorkerManager: FuncWorker of func_id 1, client_id 6 connected
I1102 18:05:23.526607 IO-0/EL  message_connection.cpp:269] FuncWorkerConnection[1-6]: Handshake done
I1102 18:05:23.526994 Server/E engine.cpp:674] Engine: New message connection
I1102 18:05:23.527017 IO-0/EL  engine.cpp:277] Engine: Receive new handshake message from message connection
I1102 18:05:23.527021 IO-0/EL  worker_manager.cpp:60] WorkerManager: FuncWorker of func_id 1, client_id 7 connected
I1102 18:05:23.527034 IO-0/EL  message_connection.cpp:269] FuncWorkerConnection[1-7]: Handshake done
I1102 18:05:23.527411 Server/E engine.cpp:674] Engine: New message connection
I1102 18:05:23.527435 IO-0/EL  engine.cpp:277] Engine: Receive new handshake message from message connection
I1102 18:05:23.527439 IO-0/EL  worker_manager.cpp:60] WorkerManager: FuncWorker of func_id 1, client_id 8 connected
I1102 18:05:23.527452 IO-0/EL  message_connection.cpp:269] FuncWorkerConnection[1-8]: Handshake done
I1102 18:05:26.418647 IO-0/EL  buffer_pool.h:25] BufferPool[IO-0_Write]: Allocate new buffer, current buffer count is 2
I1102 18:05:26.418671 IO-0/EL  buffer_pool.h:25] BufferPool[IO-0_Write]: Allocate new buffer, current buffer count is 3
I1102 18:05:26.418681 IO-0/EL  buffer_pool.h:25] BufferPool[IO-0_Write]: Allocate new buffer, current buffer count is 4
I1102 18:05:26.418692 IO-0/EL  buffer_pool.h:25] BufferPool[IO-0_Write]: Allocate new buffer, current buffer count is 5
I1102 18:05:26.418699 IO-0/EL  buffer_pool.h:25] BufferPool[IO-0_Write]: Allocate new buffer, current buffer count is 6
I1102 18:05:26.418713 IO-0/EL  buffer_pool.h:25] BufferPool[IO-0_Write]: Allocate new buffer, current buffer count is 7
I1102 18:05:26.418721 IO-0/EL  buffer_pool.h:25] BufferPool[IO-0_Write]: Allocate new buffer, current buffer count is 8
I1102 18:05:26.500655 IO-0/EL  buffer_pool.h:25] BufferPool[IO-0_Write]: Allocate new buffer, current buffer count is 9
I1102 18:05:26.500674 IO-0/EL  buffer_pool.h:25] BufferPool[IO-0_Write]: Allocate new buffer, current buffer count is 10
I1102 18:05:26.582658 IO-0/EL  buffer_pool.h:25] BufferPool[IO-0_Write]: Allocate new buffer, current buffer count is 11
I1102 18:05:26.582675 IO-0/EL  buffer_pool.h:25] BufferPool[IO-0_Write]: Allocate new buffer, current buffer count is 12
I1102 18:05:26.746685 IO-0/EL  buffer_pool.h:25] BufferPool[IO-0_Write]: Allocate new buffer, current buffer count is 13
I1102 18:05:31.511477 Main     server_base.cpp:35] Server: Scheduled to stop
I1102 18:05:31.511685 IO-0/EL  message_connection.cpp:284] LauncherConnection[1]: Connection closed remotely
I1102 18:05:31.511666 Server/E server_base.cpp:109] Server: Start stopping process
I1102 18:05:31.511748 IO-0/EL  io_worker.cpp:206] IO-0: Start stopping process
