I1102 18:05:23.514159 Main     thread.cpp:100] Register main thread: tid=1369767
E1102 18:05:23.514295 Main     docker.cpp:59] Cannot find docker's cgroup in /proc/self/cgroup
I1102 18:05:23.517540 Launcher thread.cpp:40] Start thread: Launcher/EL
I1102 18:05:23.517588 Launcher thread.cpp:64] Does not find cpuset setting for IO threads (can be set by FAAS_IO_THREAD_CPUSET)
I1102 18:05:23.517594 Launcher thread.cpp:82] Does not find nice setting for IO threads (can be set by FAAS_IO_THREAD_NICE)
I1102 18:05:23.517598 Launcher launcher.cpp:96] Launcher: Event loop starts
I1102 18:05:23.517618 Launcher engine_connection.cpp:93] EngineConnection: Connected to engine, start writing handshake message
I1102 18:05:23.517789 Launcher buffer_pool.h:25] BufferPool[Launcher]: Allocate new buffer, current buffer count is 1
I1102 18:05:23.517822 Launcher func_config.cpp:135] Load configuration for function Noop[1]
I1102 18:05:23.517832 Launcher engine_connection.cpp:65] EngineConnection: Handshake done
W1102 18:05:23.525117 Launcher engine_connection.cpp:166] EngineConnection: nread=0, will do nothing
I1102 18:05:31.511466 Main     launcher.cpp:44] Launcher: Scheduled to stop
E1102 18:05:31.511748 Launcher launcher.cpp:72] Launcher: Connection to engine disconnected
I1102 18:05:31.511797 Launcher launcher.cpp:44] Launcher: Scheduled to stop
W1102 18:05:31.512182 Launcher launcher.cpp:87] Launcher: Function process 5 terminated
W1102 18:05:31.512195 Launcher launcher.cpp:87] Launcher: Function process 1 terminated
W1102 18:05:31.512270 Launcher launcher.cpp:87] Launcher: Function process 7 terminated
W1102 18:05:31.512277 Launcher launcher.cpp:87] Launcher: Function process 0 terminated
W1102 18:05:31.512440 Launcher launcher.cpp:87] Launcher: Function process 6 terminated
W1102 18:05:31.512447 Launcher launcher.cpp:87] Launcher: Function process 4 terminated
W1102 18:05:31.512452 Launcher launcher.cpp:87] Launcher: Function process 3 terminated
W1102 18:05:31.512456 Launcher launcher.cpp:87] Launcher: Function process 2 terminated
I1102 18:05:31.512461 Launcher launcher.cpp:101] Launcher: Event loop finishes
I1102 18:05:31.512536 Main     launcher.cpp:68] Launcher: Stopped
