I1102 18:38:30.454633 Main     thread.cpp:100] Register main thread: tid=1386211
E1102 18:38:30.454888 Main     docker.cpp:59] Cannot find docker's cgroup in /proc/self/cgroup
I1102 18:38:30.454936 Main     func_config.cpp:135] Load configuration for function Echo[1]
I1102 18:38:30.454947 Main     engine.cpp:109] Engine: Start 1 IO workers
I1102 18:38:30.458186 IO-0/EL  thread.cpp:40] Start thread: IO-0/EL
I1102 18:38:30.458241 IO-0/EL  io_worker.cpp:192] IO-0: Event loop starts
Checking for file descriptor...
Got a file descriptor!
I1102 18:38:32.360407 Main     engine.cpp:180] Engine: Created 1 Machnet connections to Gateway at 10.10.1.2:10007
I1102 18:38:32.360521 Main     engine.cpp:208] Engine: Listen on /dev/shm/faas_ipc/engine.sock for IPC connections
I1102 18:38:32.360767 Server/E thread.cpp:40] Start thread: Server/EL
I1102 18:38:32.360891 Server/E server_base.cpp:50] Server: Event loop starts
I1102 18:38:32.458245 Server/E engine.cpp:674] Engine: New message connection
I1102 18:38:32.461550 IO-0/EL  buffer_pool.h:25] BufferPool[IO-0_Read]: Allocate new buffer, current buffer count is 1
I1102 18:38:32.461581 IO-0/EL  engine.cpp:277] Engine: Receive new handshake message from message connection
I1102 18:38:32.461586 IO-0/EL  worker_manager.cpp:23] WorkerManager: Launcher of func_id 1 connected
I1102 18:38:32.461591 IO-0/EL  worker_manager.cpp:131] WorkerManager: Request new FuncWorker for func_id 1 with client_id 1
I1102 18:38:32.461611 IO-0/EL  worker_manager.cpp:131] WorkerManager: Request new FuncWorker for func_id 1 with client_id 2
I1102 18:38:32.461637 IO-0/EL  buffer_pool.h:25] BufferPool[IO-0_Write]: Allocate new buffer, current buffer count is 1
I1102 18:38:32.461646 IO-0/EL  message_connection.cpp:269] LauncherConnection[1]: Handshake done
I1102 18:38:32.466524 Server/E engine.cpp:674] Engine: New message connection
I1102 18:38:32.466553 IO-0/EL  engine.cpp:277] Engine: Receive new handshake message from message connection
I1102 18:38:32.466558 IO-0/EL  worker_manager.cpp:60] WorkerManager: FuncWorker of func_id 1, client_id 1 connected
I1102 18:38:32.466573 IO-0/EL  dispatcher.cpp:47] Dispatcher[1]: min_workers=2
I1102 18:38:32.466577 IO-0/EL  dispatcher.cpp:51] Dispatcher[1]: max_workers=2
I1102 18:38:32.466598 IO-0/EL  message_connection.cpp:269] FuncWorkerConnection[1-1]: Handshake done
I1102 18:38:32.466885 Server/E engine.cpp:674] Engine: New message connection
I1102 18:38:32.466906 IO-0/EL  engine.cpp:277] Engine: Receive new handshake message from message connection
I1102 18:38:32.466911 IO-0/EL  worker_manager.cpp:60] WorkerManager: FuncWorker of func_id 1, client_id 2 connected
I1102 18:38:32.466924 IO-0/EL  message_connection.cpp:269] FuncWorkerConnection[1-2]: Handshake done
I1102 18:38:35.382846 IO-0/EL  buffer_pool.h:25] BufferPool[IO-0_Write]: Allocate new buffer, current buffer count is 2
I1102 18:38:40.408350 Main     server_base.cpp:35] Server: Scheduled to stop
I1102 18:38:40.408537 Server/E server_base.cpp:109] Server: Start stopping process
I1102 18:38:40.408572 IO-0/EL  message_connection.cpp:284] LauncherConnection[1]: Connection closed remotely
