I1102 18:04:30.532503 Main     thread.cpp:100] Register main thread: tid=1369535
E1102 18:04:30.532799 Main     docker.cpp:59] Cannot find docker's cgroup in /proc/self/cgroup
I1102 18:04:30.532857 Main     func_config.cpp:135] Load configuration for function Noop[1]
I1102 18:04:30.532867 Main     engine.cpp:109] Engine: Start 1 IO workers
I1102 18:04:30.536120 IO-0/EL  thread.cpp:40] Start thread: IO-0/EL
I1102 18:04:30.536168 IO-0/EL  io_worker.cpp:192] IO-0: Event loop starts
Checking for file descriptor...
Got a file descriptor!
I1102 18:04:32.352594 Main     engine.cpp:180] Engine: Created 1 Machnet connections to Gateway at 10.10.1.2:10007
I1102 18:04:32.352735 Main     engine.cpp:208] Engine: Listen on /dev/shm/faas_ipc/engine.sock for IPC connections
I1102 18:04:32.353035 Server/E thread.cpp:40] Start thread: Server/EL
I1102 18:04:32.353187 Server/E server_base.cpp:50] Server: Event loop starts
I1102 18:04:32.535366 Server/E engine.cpp:674] Engine: New message connection
I1102 18:04:32.538620 IO-0/EL  buffer_pool.h:25] BufferPool[IO-0_Read]: Allocate new buffer, current buffer count is 1
I1102 18:04:32.538647 IO-0/EL  engine.cpp:277] Engine: Receive new handshake message from message connection
I1102 18:04:32.538652 IO-0/EL  worker_manager.cpp:23] WorkerManager: Launcher of func_id 1 connected
I1102 18:04:32.538655 IO-0/EL  worker_manager.cpp:131] WorkerManager: Request new FuncWorker for func_id 1 with client_id 1
I1102 18:04:32.538672 IO-0/EL  worker_manager.cpp:131] WorkerManager: Request new FuncWorker for func_id 1 with client_id 2
I1102 18:04:32.538681 IO-0/EL  worker_manager.cpp:131] WorkerManager: Request new FuncWorker for func_id 1 with client_id 3
I1102 18:04:32.538688 IO-0/EL  worker_manager.cpp:131] WorkerManager: Request new FuncWorker for func_id 1 with client_id 4
I1102 18:04:32.538696 IO-0/EL  worker_manager.cpp:131] WorkerManager: Request new FuncWorker for func_id 1 with client_id 5
I1102 18:04:32.538703 IO-0/EL  worker_manager.cpp:131] WorkerManager: Request new FuncWorker for func_id 1 with client_id 6
I1102 18:04:32.538714 IO-0/EL  worker_manager.cpp:131] WorkerManager: Request new FuncWorker for func_id 1 with client_id 7
I1102 18:04:32.538723 IO-0/EL  worker_manager.cpp:131] WorkerManager: Request new FuncWorker for func_id 1 with client_id 8
I1102 18:04:32.538748 IO-0/EL  buffer_pool.h:25] BufferPool[IO-0_Write]: Allocate new buffer, current buffer count is 1
I1102 18:04:32.538761 IO-0/EL  message_connection.cpp:269] LauncherConnection[1]: Handshake done
I1102 18:04:32.543072 Server/E engine.cpp:674] Engine: New message connection
I1102 18:04:32.543113 IO-0/EL  engine.cpp:277] Engine: Receive new handshake message from message connection
I1102 18:04:32.543118 IO-0/EL  worker_manager.cpp:60] WorkerManager: FuncWorker of func_id 1, client_id 1 connected
I1102 18:04:32.543127 IO-0/EL  dispatcher.cpp:47] Dispatcher[1]: min_workers=8
I1102 18:04:32.543130 IO-0/EL  dispatcher.cpp:51] Dispatcher[1]: max_workers=8
I1102 18:04:32.543148 IO-0/EL  message_connection.cpp:269] FuncWorkerConnection[1-1]: Handshake done
I1102 18:04:32.543437 Server/E engine.cpp:674] Engine: New message connection
I1102 18:04:32.543460 IO-0/EL  engine.cpp:277] Engine: Receive new handshake message from message connection
I1102 18:04:32.543463 IO-0/EL  worker_manager.cpp:60] WorkerManager: FuncWorker of func_id 1, client_id 2 connected
I1102 18:04:32.543475 IO-0/EL  message_connection.cpp:269] FuncWorkerConnection[1-2]: Handshake done
I1102 18:04:32.545023 Server/E engine.cpp:674] Engine: New message connection
I1102 18:04:32.545046 IO-0/EL  engine.cpp:277] Engine: Receive new handshake message from message connection
I1102 18:04:32.545050 IO-0/EL  worker_manager.cpp:60] WorkerManager: FuncWorker of func_id 1, client_id 3 connected
I1102 18:04:32.545062 IO-0/EL  message_connection.cpp:269] FuncWorkerConnection[1-3]: Handshake done
I1102 18:04:32.545854 Server/E engine.cpp:674] Engine: New message connection
I1102 18:04:32.545878 IO-0/EL  engine.cpp:277] Engine: Receive new handshake message from message connection
I1102 18:04:32.545883 IO-0/EL  worker_manager.cpp:60] WorkerManager: FuncWorker of func_id 1, client_id 4 connected
I1102 18:04:32.545906 IO-0/EL  message_connection.cpp:269] FuncWorkerConnection[1-4]: Handshake done
I1102 18:04:32.546911 Server/E engine.cpp:674] Engine: New message connection
I1102 18:04:32.546933 IO-0/EL  engine.cpp:277] Engine: Receive new handshake message from message connection
I1102 18:04:32.546937 IO-0/EL  worker_manager.cpp:60] WorkerManager: FuncWorker of func_id 1, client_id 5 connected
I1102 18:04:32.546949 IO-0/EL  message_connection.cpp:269] FuncWorkerConnection[1-5]: Handshake done
I1102 18:04:32.547350 Server/E engine.cpp:674] Engine: New message connection
I1102 18:04:32.547378 IO-0/EL  engine.cpp:277] Engine: Receive new handshake message from message connection
I1102 18:04:32.547383 IO-0/EL  worker_manager.cpp:60] WorkerManager: FuncWorker of func_id 1, client_id 6 connected
I1102 18:04:32.547393 IO-0/EL  message_connection.cpp:269] FuncWorkerConnection[1-6]: Handshake done
I1102 18:04:32.549482 Server/E engine.cpp:674] Engine: New message connection
I1102 18:04:32.549504 IO-0/EL  engine.cpp:277] Engine: Receive new handshake message from message connection
I1102 18:04:32.549508 IO-0/EL  worker_manager.cpp:60] WorkerManager: FuncWorker of func_id 1, client_id 8 connected
I1102 18:04:32.549519 IO-0/EL  message_connection.cpp:269] FuncWorkerConnection[1-8]: Handshake done
I1102 18:04:32.550185 Server/E engine.cpp:674] Engine: New message connection
I1102 18:04:32.550209 IO-0/EL  engine.cpp:277] Engine: Receive new handshake message from message connection
I1102 18:04:32.550213 IO-0/EL  worker_manager.cpp:60] WorkerManager: FuncWorker of func_id 1, client_id 7 connected
I1102 18:04:32.550225 IO-0/EL  message_connection.cpp:269] FuncWorkerConnection[1-7]: Handshake done
I1102 18:04:35.432279 IO-0/EL  buffer_pool.h:25] BufferPool[IO-0_Write]: Allocate new buffer, current buffer count is 2
I1102 18:04:35.432309 IO-0/EL  buffer_pool.h:25] BufferPool[IO-0_Write]: Allocate new buffer, current buffer count is 3
I1102 18:04:35.432320 IO-0/EL  buffer_pool.h:25] BufferPool[IO-0_Write]: Allocate new buffer, current buffer count is 4
I1102 18:04:35.432331 IO-0/EL  buffer_pool.h:25] BufferPool[IO-0_Write]: Allocate new buffer, current buffer count is 5
I1102 18:04:35.432339 IO-0/EL  buffer_pool.h:25] BufferPool[IO-0_Write]: Allocate new buffer, current buffer count is 6
I1102 18:04:35.432350 IO-0/EL  buffer_pool.h:25] BufferPool[IO-0_Write]: Allocate new buffer, current buffer count is 7
I1102 18:04:35.432358 IO-0/EL  buffer_pool.h:25] BufferPool[IO-0_Write]: Allocate new buffer, current buffer count is 8
I1102 18:04:35.596188 IO-0/EL  buffer_pool.h:25] BufferPool[IO-0_Write]: Allocate new buffer, current buffer count is 9
I1102 18:04:36.087946 IO-0/EL  buffer_pool.h:25] BufferPool[IO-0_Write]: Allocate new buffer, current buffer count is 10
I1102 18:04:36.087966 IO-0/EL  buffer_pool.h:25] BufferPool[IO-0_Write]: Allocate new buffer, current buffer count is 11
I1102 18:04:36.087975 IO-0/EL  buffer_pool.h:25] BufferPool[IO-0_Write]: Allocate new buffer, current buffer count is 12
I1102 18:04:36.087984 IO-0/EL  buffer_pool.h:25] BufferPool[IO-0_Write]: Allocate new buffer, current buffer count is 13
I1102 18:04:40.491902 Main     server_base.cpp:35] Server: Scheduled to stop
I1102 18:04:40.492004 Server/E server_base.cpp:109] Server: Start stopping process
I1102 18:04:40.492051 IO-0/EL  message_connection.cpp:284] LauncherConnection[1]: Connection closed remotely
