I1102 18:09:04.460131 Main     thread.cpp:100] Register main thread: tid=1370705
E1102 18:09:04.460268 Main     docker.cpp:59] Cannot find docker's cgroup in /proc/self/cgroup
I1102 18:09:04.463518 Launcher thread.cpp:40] Start thread: Launcher/EL
I1102 18:09:04.463565 Launcher thread.cpp:64] Does not find cpuset setting for IO threads (can be set by FAAS_IO_THREAD_CPUSET)
I1102 18:09:04.463571 Launcher thread.cpp:82] Does not find nice setting for IO threads (can be set by FAAS_IO_THREAD_NICE)
I1102 18:09:04.463575 Launcher launcher.cpp:96] Launcher: Event loop starts
I1102 18:09:04.463594 Launcher engine_connection.cpp:93] EngineConnection: Connected to engine, start writing handshake message
I1102 18:09:04.463794 Launcher buffer_pool.h:25] BufferPool[Launcher]: Allocate new buffer, current buffer count is 1
I1102 18:09:04.463823 Launcher func_config.cpp:135] Load configuration for function Noop[1]
I1102 18:09:04.463833 Launcher engine_connection.cpp:65] EngineConnection: Handshake done
W1102 18:09:04.476768 Launcher engine_connection.cpp:166] EngineConnection: nread=0, will do nothing
I1102 18:09:12.425130 Main     launcher.cpp:44] Launcher: Scheduled to stop
E1102 18:09:12.425339 Launcher launcher.cpp:72] Launcher: Connection to engine disconnected
I1102 18:09:12.425380 Launcher launcher.cpp:44] Launcher: Scheduled to stop
W1102 18:09:12.425760 Launcher launcher.cpp:87] Launcher: Function process 11 terminated
W1102 18:09:12.426047 Launcher launcher.cpp:87] Launcher: Function process 8 terminated
W1102 18:09:12.426058 Launcher launcher.cpp:87] Launcher: Function process 6 terminated
W1102 18:09:12.426066 Launcher launcher.cpp:87] Launcher: Function process 5 terminated
W1102 18:09:12.426073 Launcher launcher.cpp:87] Launcher: Function process 0 terminated
W1102 18:09:12.426634 Launcher launcher.cpp:87] Launcher: Function process 13 terminated
W1102 18:09:12.426644 Launcher launcher.cpp:87] Launcher: Function process 10 terminated
W1102 18:09:12.426652 Launcher launcher.cpp:87] Launcher: Function process 9 terminated
W1102 18:09:12.426660 Launcher launcher.cpp:87] Launcher: Function process 7 terminated
W1102 18:09:12.426667 Launcher launcher.cpp:87] Launcher: Function process 3 terminated
W1102 18:09:12.426674 Launcher launcher.cpp:87] Launcher: Function process 15 terminated
W1102 18:09:12.426682 Launcher launcher.cpp:87] Launcher: Function process 14 terminated
W1102 18:09:12.426689 Launcher launcher.cpp:87] Launcher: Function process 12 terminated
W1102 18:09:12.426696 Launcher launcher.cpp:87] Launcher: Function process 4 terminated
W1102 18:09:12.426704 Launcher launcher.cpp:87] Launcher: Function process 2 terminated
W1102 18:09:12.426722 Launcher launcher.cpp:87] Launcher: Function process 1 terminated
I1102 18:09:12.426731 Launcher launcher.cpp:101] Launcher: Event loop finishes
I1102 18:09:12.426789 Main     launcher.cpp:68] Launcher: Stopped
