$ /users/vj2267/nightcore/benchmarks/run_bench.sh --duration 5 --workers 2 --remote vj2267@sm110p-10s10615.wisc.cloudlab.us --remote_addr 10.10.1.2 --machnet --local_machnet_ip 10.10.1.1 --mode hyperlight --target_rps 90000

=== Nightcore Stress Test (hyperlight mode) ===
Mode: hyperlight
Function: Echo
Workers: 2
Duration: 5 seconds
Target RPS (global): 90000
Input size: 64 bytes
Inflight limit per connection: 1
Engine IO workers: 1
Gateway conns per worker: 1
Warmup: 0 seconds
Stress Client: Remote (vj2267@sm110p-10s10615.wisc.cloudlab.us)
Engine Connection Address: 10.10.1.2 (explicit)
Transport: Machnet
  Remote Machnet IP: 10.10.1.2
  Local Machnet IP: 10.10.1.1

Cleaning up any existing stress_client on remote...
Starting stress_client on remote host vj2267@sm110p-10s10615.wisc.cloudlab.us...
  Remote SSH process PID: 1386557
  Output will be saved to: /users/vj2267/nightcore/benchmarks/outputs/stress_client_remote.txt
Waiting for remote stress_client to start...
I1102 18:39:53.098748 Main     thread.cpp:100] Register main thread: tid=1149318
I1102 18:39:53.098811 Main     stress_client.cpp:179] Using Machnet transport on 10.10.1.2:10007
I1102 18:39:53.098815 Main     stress_client_machnet.cpp:37] Starting Machnet event-loop thread...
[Loop Thread 134929629312704] Machnet event-loop thread started
I1102 18:39:53.101984 Server/E thread.cpp:40] Start thread: Server/EL
I1102 18:39:53.102019 Server/E server_base.cpp:50] Server: Event loop starts
Checking for file descriptor...
Got a file descriptor!
I1102 18:39:53.602097 Main     stress_client.cpp:43] === Nightcore Stress Test ===
I1102 18:39:53.602125 Main     stress_client.cpp:44] Function ID: 1
I1102 18:39:53.602129 Main     stress_client.cpp:45] Method ID: 0
I1102 18:39:53.602130 Main     stress_client.cpp:46] Input size: 64 bytes
I1102 18:39:53.602132 Main     stress_client.cpp:47] Global target RPS: 90000
I1102 18:39:53.602134 Main     stress_client.cpp:50] Inflight limit per connection: 1
I1102 18:39:53.602136 Main     stress_client.cpp:51] Warmup: 0s, Duration: 5s
I1102 18:39:53.602138 Main     stress_client.cpp:53] 
I1102 18:39:53.602139 Main     stress_client.cpp:54] ========================================
I1102 18:39:53.602141 Main     stress_client.cpp:57] Waiting for Engine to connect...
Listening on Machnet 10.10.1.2:10007 for Engine connections[Loop Thread 134929629312704] Machnet listener created
Starting Engine (connecting to 10.10.1.2:10007)...
  Engine PID: 1386565
New Machnet connection created: 168427777:1024 -> 168427778:10007
[Receive Thread 134929629312704] Handshake: pinned send flow 168427778:10007 -> 168427777:1024
[Loop Thread 134929629312704] Now sending on flow 168427778:10007 -> 168427777:1024
I1102 18:39:57.405761 Main     stress_client.cpp:71] Engine connected with 1 connection(s)
I1102 18:39:57.405795 Main     stress_client.cpp:73] Global target RPS: 90000
I1102 18:39:57.405802 Main     stress_client.cpp:76] 
I1102 18:39:57.405806 Main     stress_client.cpp:79] Waiting 3 seconds for workers to initialize...
Starting Launcher with 2 workers...
All components started. Stress test will begin after warmup...

I1102 18:40:01.411192 Main     stress_common.cpp:30] [T+1s] Sent: 90919 | Completed: 90917 | Failed: 0 | Latencies: 90917
I1102 18:40:02.413269 Main     stress_common.cpp:30] [T+2s] Sent: 181862 | Completed: 181860 | Failed: 0 | Latencies: 181860
I1102 18:40:03.414694 Main     stress_common.cpp:30] [T+3s] Sent: 272783 | Completed: 272781 | Failed: 0 | Latencies: 272781
I1102 18:40:04.416235 Main     stress_common.cpp:30] [T+4s] Sent: 363699 | Completed: 363697 | Failed: 0 | Latencies: 363697
I1102 18:40:05.417880 Main     stress_common.cpp:30] [T+5s] Sent: 453665 | Completed: 453665 | Failed: 0 | Latencies: 450000
I1102 18:40:05.417915 Main     stress_client.cpp:116] 
I1102 18:40:05.418599 Main     stress_common.cpp:42] ========================================
I1102 18:40:05.418609 Main     stress_common.cpp:43] === Stress Test Results ===
I1102 18:40:05.418616 Main     stress_common.cpp:44] ========================================
I1102 18:40:05.418622 Main     stress_common.cpp:45] Transport:         Machnet
I1102 18:40:05.418628 Main     stress_common.cpp:46] Connections:       1
I1102 18:40:05.418633 Main     stress_common.cpp:47] Duration:          5.01 seconds
I1102 18:40:05.418660 Main     stress_common.cpp:48] Total Sent:        453665
I1102 18:40:05.418665 Main     stress_common.cpp:49] Total Completed:   453665 (100.00%)
I1102 18:40:05.418671 Main     stress_common.cpp:52] Total Failed:      0 (0.00%)
I1102 18:40:05.418678 Main     stress_common.cpp:55] 
I1102 18:40:05.418682 Main     stress_common.cpp:56] Throughput:        90591.2 rps
I1102 18:40:05.418689 Main     stress_common.cpp:57] 
I1102 18:40:05.456981 Main     stress_common.cpp:71] Latency (us):
I1102 18:40:05.456995 Main     stress_common.cpp:72]   Min:    24
I1102 18:40:05.457002 Main     stress_common.cpp:73]   p50:    27
I1102 18:40:05.457007 Main     stress_common.cpp:74]   p90:    15278
I1102 18:40:05.457011 Main     stress_common.cpp:75]   p99:    40699
I1102 18:40:05.457015 Main     stress_common.cpp:76]   p99.9:  41066
I1102 18:40:05.457019 Main     stress_common.cpp:77]   Max:    41094
I1102 18:40:05.457024 Main     stress_common.cpp:82] ========================================
I1102 18:40:05.457028 Main     server_base.cpp:35] Server: Scheduled to stop
I1102 18:40:05.457050 Server/E server_base.cpp:109] Server: Start stopping process
[Loop Thread 134929629312704] Machnet event-loop thread finished
I1102 18:40:05.457215 Server/E server_base.cpp:55] Server: Event loop finishes
I1102 18:40:05.457324 Main     server_base.cpp:46] Server: Stopped

Stress test completed. Shutting down...

Copying results from remote host...
Remote stress_client output:
I1102 18:39:53.098748 Main     thread.cpp:100] Register main thread: tid=1149318
I1102 18:39:53.098811 Main     stress_client.cpp:179] Using Machnet transport on 10.10.1.2:10007
I1102 18:39:53.098815 Main     stress_client_machnet.cpp:37] Starting Machnet event-loop thread...
[Loop Thread 134929629312704] Machnet event-loop thread started
I1102 18:39:53.101984 Server/E thread.cpp:40] Start thread: Server/EL
I1102 18:39:53.102019 Server/E server_base.cpp:50] Server: Event loop starts
Checking for file descriptor...
Got a file descriptor!
I1102 18:39:53.602097 Main     stress_client.cpp:43] === Nightcore Stress Test ===
I1102 18:39:53.602125 Main     stress_client.cpp:44] Function ID: 1
I1102 18:39:53.602129 Main     stress_client.cpp:45] Method ID: 0
I1102 18:39:53.602130 Main     stress_client.cpp:46] Input size: 64 bytes
I1102 18:39:53.602132 Main     stress_client.cpp:47] Global target RPS: 90000
I1102 18:39:53.602134 Main     stress_client.cpp:50] Inflight limit per connection: 1
I1102 18:39:53.602136 Main     stress_client.cpp:51] Warmup: 0s, Duration: 5s
I1102 18:39:53.602138 Main     stress_client.cpp:53] 
I1102 18:39:53.602139 Main     stress_client.cpp:54] ========================================
I1102 18:39:53.602141 Main     stress_client.cpp:57] Waiting for Engine to connect...
Listening on Machnet 10.10.1.2:10007 for Engine connections[Loop Thread 134929629312704] Machnet listener created
New Machnet connection created: 168427777:1024 -> 168427778:10007
[Receive Thread 134929629312704] Handshake: pinned send flow 168427778:10007 -> 168427777:1024
[Loop Thread 134929629312704] Now sending on flow 168427778:10007 -> 168427777:1024
I1102 18:39:57.405761 Main     stress_client.cpp:71] Engine connected with 1 connection(s)
I1102 18:39:57.405795 Main     stress_client.cpp:73] Global target RPS: 90000
I1102 18:39:57.405802 Main     stress_client.cpp:76] 
I1102 18:39:57.405806 Main     stress_client.cpp:79] Waiting 3 seconds for workers to initialize...
I1102 18:40:01.411192 Main     stress_common.cpp:30] [T+1s] Sent: 90919 | Completed: 90917 | Failed: 0 | Latencies: 90917
I1102 18:40:02.413269 Main     stress_common.cpp:30] [T+2s] Sent: 181862 | Completed: 181860 | Failed: 0 | Latencies: 181860
I1102 18:40:03.414694 Main     stress_common.cpp:30] [T+3s] Sent: 272783 | Completed: 272781 | Failed: 0 | Latencies: 272781
I1102 18:40:04.416235 Main     stress_common.cpp:30] [T+4s] Sent: 363699 | Completed: 363697 | Failed: 0 | Latencies: 363697
I1102 18:40:05.417880 Main     stress_common.cpp:30] [T+5s] Sent: 453665 | Completed: 453665 | Failed: 0 | Latencies: 450000
I1102 18:40:05.417915 Main     stress_client.cpp:116] 
I1102 18:40:05.418599 Main     stress_common.cpp:42] ========================================
I1102 18:40:05.418609 Main     stress_common.cpp:43] === Stress Test Results ===
I1102 18:40:05.418616 Main     stress_common.cpp:44] ========================================
I1102 18:40:05.418622 Main     stress_common.cpp:45] Transport:         Machnet
I1102 18:40:05.418628 Main     stress_common.cpp:46] Connections:       1
I1102 18:40:05.418633 Main     stress_common.cpp:47] Duration:          5.01 seconds
I1102 18:40:05.418660 Main     stress_common.cpp:48] Total Sent:        453665
I1102 18:40:05.418665 Main     stress_common.cpp:49] Total Completed:   453665 (100.00%)
I1102 18:40:05.418671 Main     stress_common.cpp:52] Total Failed:      0 (0.00%)
I1102 18:40:05.418678 Main     stress_common.cpp:55] 
I1102 18:40:05.418682 Main     stress_common.cpp:56] Throughput:        90591.2 rps
I1102 18:40:05.418689 Main     stress_common.cpp:57] 
I1102 18:40:05.456981 Main     stress_common.cpp:71] Latency (us):
I1102 18:40:05.456995 Main     stress_common.cpp:72]   Min:    24
I1102 18:40:05.457002 Main     stress_common.cpp:73]   p50:    27
I1102 18:40:05.457007 Main     stress_common.cpp:74]   p90:    15278
I1102 18:40:05.457011 Main     stress_common.cpp:75]   p99:    40699
I1102 18:40:05.457015 Main     stress_common.cpp:76]   p99.9:  41066
I1102 18:40:05.457019 Main     stress_common.cpp:77]   Max:    41094
I1102 18:40:05.457024 Main     stress_common.cpp:82] ========================================
I1102 18:40:05.457028 Main     server_base.cpp:35] Server: Scheduled to stop
I1102 18:40:05.457050 Server/E server_base.cpp:109] Server: Start stopping process
[Loop Thread 134929629312704] Machnet event-loop thread finished
I1102 18:40:05.457215 Server/E server_base.cpp:55] Server: Event loop finishes
I1102 18:40:05.457324 Main     server_base.cpp:46] Server: Stopped

Cleaning up any remaining remote stress_client processes...

Logs saved to:
  Engine:   /users/vj2267/nightcore/benchmarks/outputs/engine.log
  Launcher: /users/vj2267/nightcore/benchmarks/outputs/launcher.log
  Workers:  /users/vj2267/nightcore/benchmarks/outputs/Echo_worker_*.stdout
